WARN: config section [inbucket] is deprecated. Please use [local_smtp] instead.
Starting database...
Initialising schema...
Seeding globals from roles.sql...
Skipping migration 20260510000000_create_spa_core_tables.sql.ORIGINAL.bak... (file name must match pattern "<timestamp>_name.sql")
Applying migration 20260509000000_create_spa_base_tables.sql...
Applying migration 20260511000000_initial_schema.sql...
Applying migration 20260512000000_fix_permissions.sql...
Applying migration 20260514000000_add_gender_baby.sql...
Applying migration 20260514000001_audit_logs.sql...
Applying migration 20260515000000_standardization_phase_1.sql...
Applying migration 20260515000001_dashboard_optimization.sql...
Applying migration 20260515010000_the_great_purge.sql...
Stopping containers...
ERROR: column "package_name" of relation "bookings" does not exist (SQLSTATE 42703)
At statement: 0
-- THE GREAT PURGE: FINAL BELLA SPA STANDARDIZATION
-- Applied on 2026-05-15 to remove all legacy RealEstate CRM entities

-- 0. Fix data first to allow NOT NULL constraints
DO $$ 
DECLARE
    default_pkg_id UUID;
BEGIN
    SELECT id INTO default_pkg_id FROM public.packages WHERE name = 'Dß╗ïch Vß╗Ñ Lß║╗ (Mß║╣)' LIMIT 1;
    
    UPDATE public.bookings 
    SET package_id = default_pkg_id, 
        package_name = 'Dß╗ïch Vß╗Ñ Lß║╗ (Mß║╣)',
        total_sessions = 1,
        full_price = 350000,
        status = 'booked'
    WHERE package_id IS NULL;
END $$
Try rerunning the command with --debug to troubleshoot the error.
