
> bella-spa-erp@0.1.0 test
> jest

FAIL src/__tests__/booking-conflict-customer-level.test.ts
  ΓùÅ Console

    console.log
      Γùç injected env (9) from .env.local // tip: Γîÿ suppress logs { quiet: true }

      at _log (node_modules/dotenv/lib/main.js:131:11)

    console.log
      [Jest Setup] SUPABASE_SERVICE_ROLE_KEY loaded: sb_secret_Dm... (41 chars)

      at Object.log (jest.setup.ts:10:9)

    console.error
      [createBooking] Rate-limiting evaluation failed, rejecting request for safety: Error: `headers` was called outside a request scope. Read more: https://nextjs.org/docs/messages/next-dynamic-api-wrong-context
          at throwForMissingRequestStore (D:\Antigravity\Projects\BELLA SPA ERP\node_modules\next\src\server\app-render\work-unit-async-storage.external.ts:415:9)
          at headers (D:\Antigravity\Projects\BELLA SPA ERP\node_modules\next\src\server\request\headers.ts:168:30)
          at headers (D:\Antigravity\Projects\BELLA SPA ERP\src\core\services\order\create-booking-helpers.ts:91:31)
          at processTicksAndRejections (node:internal/process/task_queues:104:5)
          at createBooking (D:\Antigravity\Projects\BELLA SPA ERP\src\core\services\order\create-booking-action.ts:170:27)
          at Object.<anonymous> (D:\Antigravity\Projects\BELLA SPA ERP\src\__tests__\booking-conflict-customer-level.test.ts:395:22)

      106 |       : { error: 'Bß║ín ─æ├ú thß╗▒c hiß╗çn qu├í nhiß╗üu y├¬u cß║ºu ─æß║╖t lß╗ïch. Vui l├▓ng thß╗¡ lß║íi sau ├¡t ph├║t.' };
      107 |   } catch (err) {
    > 108 |     console.error('[createBooking] Rate-limiting evaluation failed, rejecting request for safety:', err);
          |             ^
      109 |     return { error: 'Hß╗ç thß╗æng tß║ím thß╗¥i kh├┤ng khß║ú dß╗Ñng. Vui l├▓ng thß╗¡ lß║íi.' };
      110 |   }
      111 | }

      at error (src/core/services/order/create-booking-helpers.ts:108:13)
      at createBooking (src/core/services/order/create-booking-action.ts:170:27)
      at Object.<anonymous> (src/__tests__/booking-conflict-customer-level.test.ts:395:22)

    console.error
      [createBooking] Rate-limiting evaluation failed, rejecting request for safety: Error: `headers` was called outside a request scope. Read more: https://nextjs.org/docs/messages/next-dynamic-api-wrong-context
          at throwForMissingRequestStore (D:\Antigravity\Projects\BELLA SPA ERP\node_modules\next\src\server\app-render\work-unit-async-storage.external.ts:415:9)
          at headers (D:\Antigravity\Projects\BELLA SPA ERP\node_modules\next\src\server\request\headers.ts:168:30)
          at headers (D:\Antigravity\Projects\BELLA SPA ERP\src\core\services\order\create-booking-helpers.ts:91:31)
          at processTicksAndRejections (node:internal/process/task_queues:104:5)
          at createBooking (D:\Antigravity\Projects\BELLA SPA ERP\src\core\services\order\create-booking-action.ts:170:27)
          at Object.<anonymous> (D:\Antigravity\Projects\BELLA SPA ERP\src\__tests__\booking-conflict-customer-level.test.ts:431:22)

      106 |       : { error: 'Bß║ín ─æ├ú thß╗▒c hiß╗çn qu├í nhiß╗üu y├¬u cß║ºu ─æß║╖t lß╗ïch. Vui l├▓ng thß╗¡ lß║íi sau ├¡t ph├║t.' };
      107 |   } catch (err) {
    > 108 |     console.error('[createBooking] Rate-limiting evaluation failed, rejecting request for safety:', err);
          |             ^
      109 |     return { error: 'Hß╗ç thß╗æng tß║ím thß╗¥i kh├┤ng khß║ú dß╗Ñng. Vui l├▓ng thß╗¡ lß║íi.' };
      110 |   }
      111 | }

      at error (src/core/services/order/create-booking-helpers.ts:108:13)
      at createBooking (src/core/services/order/create-booking-action.ts:170:27)
      at Object.<anonymous> (src/__tests__/booking-conflict-customer-level.test.ts:431:22)

    console.error
      [createBooking] Rate-limiting evaluation failed, rejecting request for safety: Error: `headers` was called outside a request scope. Read more: https://nextjs.org/docs/messages/next-dynamic-api-wrong-context
          at throwForMissingRequestStore (D:\Antigravity\Projects\BELLA SPA ERP\node_modules\next\src\server\app-render\work-unit-async-storage.external.ts:415:9)
          at headers (D:\Antigravity\Projects\BELLA SPA ERP\node_modules\next\src\server\request\headers.ts:168:30)
          at headers (D:\Antigravity\Projects\BELLA SPA ERP\src\core\services\order\create-booking-helpers.ts:91:31)
          at processTicksAndRejections (node:internal/process/task_queues:104:5)
          at createBooking (D:\Antigravity\Projects\BELLA SPA ERP\src\core\services\order\create-booking-action.ts:170:27)
          at Object.<anonymous> (D:\Antigravity\Projects\BELLA SPA ERP\src\__tests__\booking-conflict-customer-level.test.ts:470:22)

      106 |       : { error: 'Bß║ín ─æ├ú thß╗▒c hiß╗çn qu├í nhiß╗üu y├¬u cß║ºu ─æß║╖t lß╗ïch. Vui l├▓ng thß╗¡ lß║íi sau ├¡t ph├║t.' };
      107 |   } catch (err) {
    > 108 |     console.error('[createBooking] Rate-limiting evaluation failed, rejecting request for safety:', err);
          |             ^
      109 |     return { error: 'Hß╗ç thß╗æng tß║ím thß╗¥i kh├┤ng khß║ú dß╗Ñng. Vui l├▓ng thß╗¡ lß║íi.' };
      110 |   }
      111 | }

      at error (src/core/services/order/create-booking-helpers.ts:108:13)
      at createBooking (src/core/services/order/create-booking-action.ts:170:27)
      at Object.<anonymous> (src/__tests__/booking-conflict-customer-level.test.ts:470:22)

  ΓùÅ Customer-Level Booking Conflict Detection ΓÇ║ submitOnlineBooking - Public Booking Page ΓÇ║ should block new booking if customer has deposit_pending booking

    expect(received).toContain(expected) // indexOf

    Expected substring: "─æang c├│ 1 g├│i ─æang thß╗▒c hiß╗çn"
    Received string:    "Khong tim thay tenant dat lich mac dinh Bella Spa Headquarter."

      224 |       expect(result.success).toBeUndefined();
      225 |       expect(result.error).toBeDefined();
    > 226 |       expect(result.error).toContain('─æang c├│ 1 g├│i ─æang thß╗▒c hiß╗çn');
          |                            ^
      227 |       expect(result.error).toContain('Massage Bß╗Ñng');
      228 |
      229 |       // Assert: No new booking created

      at Object.toContain (src/__tests__/booking-conflict-customer-level.test.ts:226:28)

  ΓùÅ Customer-Level Booking Conflict Detection ΓÇ║ submitOnlineBooking - Public Booking Page ΓÇ║ should block new booking if customer has in_progress booking

    expect(received).toContain(expected) // indexOf

    Expected substring: "─æang c├│ 1 g├│i ─æang thß╗▒c hiß╗çn"
    Received string:    "Khong tim thay tenant dat lich mac dinh Bella Spa Headquarter."

      263 |       });
      264 |
    > 265 |       expect(result.error).toContain('─æang c├│ 1 g├│i ─æang thß╗▒c hiß╗çn');
          |                            ^
      266 |       expect(result.error).toContain('G├│i VIP');
      267 |       expect(mockStore.bookings).toHaveLength(1);
      268 |     });

      at Object.toContain (src/__tests__/booking-conflict-customer-level.test.ts:265:28)

  ΓùÅ Customer-Level Booking Conflict Detection ΓÇ║ submitOnlineBooking - Public Booking Page ΓÇ║ should block if customer has multiple active bookings

    expect(received).toContain(expected) // indexOf

    Expected substring: "2 g├│i ─æang thß╗▒c hiß╗çn"
    Received string:    "Khong tim thay tenant dat lich mac dinh Bella Spa Headquarter."

      313 |       });
      314 |
    > 315 |       expect(result.error).toContain('2 g├│i ─æang thß╗▒c hiß╗çn');
          |                            ^
      316 |       expect(result.error).toContain('Package A');
      317 |       expect(result.error).toContain('Package B');
      318 |       expect(mockStore.bookings).toHaveLength(2);

      at Object.toContain (src/__tests__/booking-conflict-customer-level.test.ts:315:28)

  ΓùÅ Customer-Level Booking Conflict Detection ΓÇ║ createBooking - Admin Booking Modal ΓÇ║ should block if customer has in_progress booking

    expect(received).toContain(expected) // indexOf

    Expected substring: "─æang c├│ 1 g├│i ─æang thß╗▒c hiß╗çn"
    Received string:    "Hß╗ç thß╗æng tß║ím thß╗¥i kh├┤ng khß║ú dß╗Ñng. Vui l├▓ng thß╗¡ lß║íi."

      400 |
      401 |       expect(result.error).toBeDefined();
    > 402 |       expect(result.error).toContain('─æang c├│ 1 g├│i ─æang thß╗▒c hiß╗çn');
          |                            ^
      403 |       expect(result.error).toContain('Active Package');
      404 |     });
      405 |

      at Object.toContain (src/__tests__/booking-conflict-customer-level.test.ts:402:28)

  ΓùÅ Customer-Level Booking Conflict Detection ΓÇ║ createBooking - Admin Booking Modal ΓÇ║ should block if customer has scheduled booking

    expect(received).toContain(expected) // indexOf

    Expected substring: "─æang c├│"
    Received string:    "Hß╗ç thß╗æng tß║ím thß╗¥i kh├┤ng khß║ú dß╗Ñng. Vui l├▓ng thß╗¡ lß║íi."

      435 |       } as any);
      436 |
    > 437 |       expect(result.error).toContain('─æang c├│');
          |                            ^
      438 |       expect(result.error).toContain('Scheduled Package');
      439 |     });
      440 |

      at Object.toContain (src/__tests__/booking-conflict-customer-level.test.ts:437:28)

FAIL src/services/intelligence/customer/__tests__/service.test.ts
  ΓùÅ Console

    console.log
      Γùç injected env (9) from .env.local // tip: Γùê secrets for agents [www.dotenvx.com]

      at _log (node_modules/dotenv/lib/main.js:131:11)

    console.log
      [Jest Setup] SUPABASE_SERVICE_ROLE_KEY loaded: sb_secret_Dm... (41 chars)

      at Object.log (jest.setup.ts:10:9)

    console.error
      [CustomerIntelligence] Health check failed: Error: Redis write failed
          at Object.<anonymous> (D:\Antigravity\Projects\BELLA SPA ERP\src\services\intelligence\customer\__tests__\service.test.ts:363:38)
          at Promise.finally.completed (D:\Antigravity\Projects\BELLA SPA ERP\node_modules\jest-circus\build\jestAdapterInit.js:1561:28)
          at new Promise (<anonymous>)
          at callAsyncCircusFn (D:\Antigravity\Projects\BELLA SPA ERP\node_modules\jest-circus\build\jestAdapterInit.js:1501:10)
          at _callCircusTest (D:\Antigravity\Projects\BELLA SPA ERP\node_modules\jest-circus\build\jestAdapterInit.js:1011:40)
          at processTicksAndRejections (node:internal/process/task_queues:104:5)
          at _runTest (D:\Antigravity\Projects\BELLA SPA ERP\node_modules\jest-circus\build\jestAdapterInit.js:951:3)
          at D:\Antigravity\Projects\BELLA SPA ERP\node_modules\jest-circus\build\jestAdapterInit.js:853:7
          at _runTestsForDescribeBlock (D:\Antigravity\Projects\BELLA SPA ERP\node_modules\jest-circus\build\jestAdapterInit.js:866:11)
          at _runTestsForDescribeBlock (D:\Antigravity\Projects\BELLA SPA ERP\node_modules\jest-circus\build\jestAdapterInit.js:861:11)
          at _runTestsForDescribeBlock (D:\Antigravity\Projects\BELLA SPA ERP\node_modules\jest-circus\build\jestAdapterInit.js:861:11)
          at run (D:\Antigravity\Projects\BELLA SPA ERP\node_modules\jest-circus\build\jestAdapterInit.js:765:3)
          at runAndTransformResultsToJestFormat (D:\Antigravity\Projects\BELLA SPA ERP\node_modules\jest-circus\build\jestAdapterInit.js:1993:21)
          at jestAdapter (D:\Antigravity\Projects\BELLA SPA ERP\node_modules\jest-circus\build\runner.js:111:19)
          at runTestInternal (D:\Antigravity\Projects\BELLA SPA ERP\node_modules\jest-runner\build\testWorker.js:276:16)
          at runTest (D:\Antigravity\Projects\BELLA SPA ERP\node_modules\jest-runner\build\testWorker.js:344:7)
          at Object.worker (D:\Antigravity\Projects\BELLA SPA ERP\node_modules\jest-runner\build\testWorker.js:498:12)

      525 |       return true;
      526 |     } catch (error) {
    > 527 |       console.error('[CustomerIntelligence] Health check failed:', error);
          |               ^
      528 |       return false;
      529 |     }
      530 |   }

      at CustomerIntelligenceService.error [as healthCheck] (src/services/intelligence/customer/service.ts:527:15)
      at Object.<anonymous> (src/services/intelligence/customer/__tests__/service.test.ts:549:22)

    console.error
      [CustomerIntelligence] Health check failed: Error: Redis write failed
          at Object.<anonymous> (D:\Antigravity\Projects\BELLA SPA ERP\src\services\intelligence\customer\__tests__\service.test.ts:363:38)
          at Promise.finally.completed (D:\Antigravity\Projects\BELLA SPA ERP\node_modules\jest-circus\build\jestAdapterInit.js:1561:28)
          at new Promise (<anonymous>)
          at callAsyncCircusFn (D:\Antigravity\Projects\BELLA SPA ERP\node_modules\jest-circus\build\jestAdapterInit.js:1501:10)
          at _callCircusTest (D:\Antigravity\Projects\BELLA SPA ERP\node_modules\jest-circus\build\jestAdapterInit.js:1011:40)
          at processTicksAndRejections (node:internal/process/task_queues:104:5)
          at _runTest (D:\Antigravity\Projects\BELLA SPA ERP\node_modules\jest-circus\build\jestAdapterInit.js:951:3)
          at D:\Antigravity\Projects\BELLA SPA ERP\node_modules\jest-circus\build\jestAdapterInit.js:853:7
          at _runTestsForDescribeBlock (D:\Antigravity\Projects\BELLA SPA ERP\node_modules\jest-circus\build\jestAdapterInit.js:866:11)
          at _runTestsForDescribeBlock (D:\Antigravity\Projects\BELLA SPA ERP\node_modules\jest-circus\build\jestAdapterInit.js:861:11)
          at _runTestsForDescribeBlock (D:\Antigravity\Projects\BELLA SPA ERP\node_modules\jest-circus\build\jestAdapterInit.js:861:11)
          at run (D:\Antigravity\Projects\BELLA SPA ERP\node_modules\jest-circus\build\jestAdapterInit.js:765:3)
          at runAndTransformResultsToJestFormat (D:\Antigravity\Projects\BELLA SPA ERP\node_modules\jest-circus\build\jestAdapterInit.js:1993:21)
          at jestAdapter (D:\Antigravity\Projects\BELLA SPA ERP\node_modules\jest-circus\build\runner.js:111:19)
          at runTestInternal (D:\Antigravity\Projects\BELLA SPA ERP\node_modules\jest-runner\build\testWorker.js:276:16)
          at runTest (D:\Antigravity\Projects\BELLA SPA ERP\node_modules\jest-runner\build\testWorker.js:344:7)
          at Object.worker (D:\Antigravity\Projects\BELLA SPA ERP\node_modules\jest-runner\build\testWorker.js:498:12)

      525 |       return true;
      526 |     } catch (error) {
    > 527 |       console.error('[CustomerIntelligence] Health check failed:', error);
          |               ^
      528 |       return false;
      529 |     }
      530 |   }

      at CustomerIntelligenceService.error [as healthCheck] (src/services/intelligence/customer/service.ts:527:15)
      at Object.<anonymous> (src/services/intelligence/customer/__tests__/service.test.ts:560:22)

    console.error
      [CustomerIntelligence] Failed to clear cache: TypeError: this.cache.deleteByTag is not a function
          at CustomerIntelligenceService.deleteByTag [as clearCache] (D:\Antigravity\Projects\BELLA SPA ERP\src\services\intelligence\customer\service.ts:542:26)
          at Object.clearCache (D:\Antigravity\Projects\BELLA SPA ERP\src\services\intelligence\customer\__tests__\service.test.ts:575:21)
          at Promise.finally.completed (D:\Antigravity\Projects\BELLA SPA ERP\node_modules\jest-circus\build\jestAdapterInit.js:1561:28)
          at new Promise (<anonymous>)
          at callAsyncCircusFn (D:\Antigravity\Projects\BELLA SPA ERP\node_modules\jest-circus\build\jestAdapterInit.js:1501:10)
          at _callCircusTest (D:\Antigravity\Projects\BELLA SPA ERP\node_modules\jest-circus\build\jestAdapterInit.js:1011:40)
          at processTicksAndRejections (node:internal/process/task_queues:104:5)
          at _runTest (D:\Antigravity\Projects\BELLA SPA ERP\node_modules\jest-circus\build\jestAdapterInit.js:951:3)
          at D:\Antigravity\Projects\BELLA SPA ERP\node_modules\jest-circus\build\jestAdapterInit.js:853:7
          at _runTestsForDescribeBlock (D:\Antigravity\Projects\BELLA SPA ERP\node_modules\jest-circus\build\jestAdapterInit.js:866:11)
          at _runTestsForDescribeBlock (D:\Antigravity\Projects\BELLA SPA ERP\node_modules\jest-circus\build\jestAdapterInit.js:861:11)
          at _runTestsForDescribeBlock (D:\Antigravity\Projects\BELLA SPA ERP\node_modules\jest-circus\build\jestAdapterInit.js:861:11)
          at run (D:\Antigravity\Projects\BELLA SPA ERP\node_modules\jest-circus\build\jestAdapterInit.js:765:3)
          at runAndTransformResultsToJestFormat (D:\Antigravity\Projects\BELLA SPA ERP\node_modules\jest-circus\build\jestAdapterInit.js:1993:21)
          at jestAdapter (D:\Antigravity\Projects\BELLA SPA ERP\node_modules\jest-circus\build\runner.js:111:19)
          at runTestInternal (D:\Antigravity\Projects\BELLA SPA ERP\node_modules\jest-runner\build\testWorker.js:276:16)
          at runTest (D:\Antigravity\Projects\BELLA SPA ERP\node_modules\jest-runner\build\testWorker.js:344:7)
          at Object.worker (D:\Antigravity\Projects\BELLA SPA ERP\node_modules\jest-runner\build\testWorker.js:498:12)

      548 |       }
      549 |     } catch (error) {
    > 550 |       console.error('[CustomerIntelligence] Failed to clear cache:', error);
          |               ^
      551 |       throw new IntelligenceError(
      552 |         'Failed to clear customer intelligence cache',
      553 |         'CACHE_CLEAR_ERROR',

      at CustomerIntelligenceService.error [as clearCache] (src/services/intelligence/customer/service.ts:550:15)
      at Object.clearCache (src/services/intelligence/customer/__tests__/service.test.ts:575:21)

    console.error
      [CustomerIntelligence] Failed to clear cache: TypeError: this.cache.deletePattern is not a function
          at CustomerIntelligenceService.deletePattern [as clearCache] (D:\Antigravity\Projects\BELLA SPA ERP\src\services\intelligence\customer\service.ts:546:26)
          at Object.clearCache (D:\Antigravity\Projects\BELLA SPA ERP\src\services\intelligence\customer\__tests__\service.test.ts:583:21)
          at Promise.finally.completed (D:\Antigravity\Projects\BELLA SPA ERP\node_modules\jest-circus\build\jestAdapterInit.js:1561:28)
          at new Promise (<anonymous>)
          at callAsyncCircusFn (D:\Antigravity\Projects\BELLA SPA ERP\node_modules\jest-circus\build\jestAdapterInit.js:1501:10)
          at _callCircusTest (D:\Antigravity\Projects\BELLA SPA ERP\node_modules\jest-circus\build\jestAdapterInit.js:1011:40)
          at processTicksAndRejections (node:internal/process/task_queues:104:5)
          at _runTest (D:\Antigravity\Projects\BELLA SPA ERP\node_modules\jest-circus\build\jestAdapterInit.js:951:3)
          at D:\Antigravity\Projects\BELLA SPA ERP\node_modules\jest-circus\build\jestAdapterInit.js:853:7
          at _runTestsForDescribeBlock (D:\Antigravity\Projects\BELLA SPA ERP\node_modules\jest-circus\build\jestAdapterInit.js:866:11)
          at _runTestsForDescribeBlock (D:\Antigravity\Projects\BELLA SPA ERP\node_modules\jest-circus\build\jestAdapterInit.js:861:11)
          at _runTestsForDescribeBlock (D:\Antigravity\Projects\BELLA SPA ERP\node_modules\jest-circus\build\jestAdapterInit.js:861:11)
          at run (D:\Antigravity\Projects\BELLA SPA ERP\node_modules\jest-circus\build\jestAdapterInit.js:765:3)
          at runAndTransformResultsToJestFormat (D:\Antigravity\Projects\BELLA SPA ERP\node_modules\jest-circus\build\jestAdapterInit.js:1993:21)
          at jestAdapter (D:\Antigravity\Projects\BELLA SPA ERP\node_modules\jest-circus\build\runner.js:111:19)
          at runTestInternal (D:\Antigravity\Projects\BELLA SPA ERP\node_modules\jest-runner\build\testWorker.js:276:16)
          at runTest (D:\Antigravity\Projects\BELLA SPA ERP\node_modules\jest-runner\build\testWorker.js:344:7)
          at Object.worker (D:\Antigravity\Projects\BELLA SPA ERP\node_modules\jest-runner\build\testWorker.js:498:12)

      548 |       }
      549 |     } catch (error) {
    > 550 |       console.error('[CustomerIntelligence] Failed to clear cache:', error);
          |               ^
      551 |       throw new IntelligenceError(
      552 |         'Failed to clear customer intelligence cache',
      553 |         'CACHE_CLEAR_ERROR',

      at CustomerIntelligenceService.error [as clearCache] (src/services/intelligence/customer/service.ts:550:15)
      at Object.clearCache (src/services/intelligence/customer/__tests__/service.test.ts:583:21)

    console.error
      [CustomerIntelligence] Failed to clear cache: TypeError: this.cache.deletePattern is not a function
          at CustomerIntelligenceService.deletePattern [as clearCache] (D:\Antigravity\Projects\BELLA SPA ERP\src\services\intelligence\customer\service.ts:546:26)
          at Object.clearCache (D:\Antigravity\Projects\BELLA SPA ERP\src\services\intelligence\customer\__tests__\service.test.ts:591:28)
          at Promise.finally.completed (D:\Antigravity\Projects\BELLA SPA ERP\node_modules\jest-circus\build\jestAdapterInit.js:1561:28)
          at new Promise (<anonymous>)
          at callAsyncCircusFn (D:\Antigravity\Projects\BELLA SPA ERP\node_modules\jest-circus\build\jestAdapterInit.js:1501:10)
          at _callCircusTest (D:\Antigravity\Projects\BELLA SPA ERP\node_modules\jest-circus\build\jestAdapterInit.js:1011:40)
          at processTicksAndRejections (node:internal/process/task_queues:104:5)
          at _runTest (D:\Antigravity\Projects\BELLA SPA ERP\node_modules\jest-circus\build\jestAdapterInit.js:951:3)
          at D:\Antigravity\Projects\BELLA SPA ERP\node_modules\jest-circus\build\jestAdapterInit.js:853:7
          at _runTestsForDescribeBlock (D:\Antigravity\Projects\BELLA SPA ERP\node_modules\jest-circus\build\jestAdapterInit.js:866:11)
          at _runTestsForDescribeBlock (D:\Antigravity\Projects\BELLA SPA ERP\node_modules\jest-circus\build\jestAdapterInit.js:861:11)
          at _runTestsForDescribeBlock (D:\Antigravity\Projects\BELLA SPA ERP\node_modules\jest-circus\build\jestAdapterInit.js:861:11)
          at run (D:\Antigravity\Projects\BELLA SPA ERP\node_modules\jest-circus\build\jestAdapterInit.js:765:3)
          at runAndTransformResultsToJestFormat (D:\Antigravity\Projects\BELLA SPA ERP\node_modules\jest-circus\build\jestAdapterInit.js:1993:21)
          at jestAdapter (D:\Antigravity\Projects\BELLA SPA ERP\node_modules\jest-circus\build\runner.js:111:19)
          at runTestInternal (D:\Antigravity\Projects\BELLA SPA ERP\node_modules\jest-runner\build\testWorker.js:276:16)
          at runTest (D:\Antigravity\Projects\BELLA SPA ERP\node_modules\jest-runner\build\testWorker.js:344:7)
          at Object.worker (D:\Antigravity\Projects\BELLA SPA ERP\node_modules\jest-runner\build\testWorker.js:498:12)

      548 |       }
      549 |     } catch (error) {
    > 550 |       console.error('[CustomerIntelligence] Failed to clear cache:', error);
          |               ^
      551 |       throw new IntelligenceError(
      552 |         'Failed to clear customer intelligence cache',
      553 |         'CACHE_CLEAR_ERROR',

      at CustomerIntelligenceService.error [as clearCache] (src/services/intelligence/customer/service.ts:550:15)
      at Object.clearCache (src/services/intelligence/customer/__tests__/service.test.ts:591:28)

  ΓùÅ CustomerIntelligenceService ΓÇ║ getCustomerSegmentation ΓÇ║ should return cached data when cache hit

    expect(received).toEqual(expected) // deep equality

    Expected: [{"avgBookingAmount": 2083333, "avgSessionsPerBooking": 4, "churnRiskLevel": "Low Risk", "computedAt": "2026-07-16T07:58:09.224Z", "customerId": "123e4567-e89b-12d3-a456-426614174001", "customerLifetimeDays": 180, "customerName": "Nguyß╗àn Thß╗ï Lan", "customerPhone": "0901234567", "customerSince": "2025-01-15T00:00:00.000Z", "daysSinceLastBooking": 15, "frequencyScore": 4, "lastBookingDate": "2026-05-28T00:00:00.000Z", "monetaryScore": 4, "recencyScore": 4, "recommendedAction": "Reward & Retain", "retentionPriority": 5, "rfmScore": 4, "segment": "Champions", "tenantId": "123e4567-e89b-12d3-a456-426614174000", "totalBookings": 12, "totalRevenue": 25000000, "totalSessionsCompleted": 48}, {"avgBookingAmount": 1875000, "avgSessionsPerBooking": 3, "churnRiskLevel": "High Risk", "computedAt": "2026-07-16T07:58:09.224Z", "customerId": "123e4567-e89b-12d3-a456-426614174002", "customerLifetimeDays": 400, "customerName": "Trß║ºn Thß╗ï Mai", "customerPhone": "0902345678", "customerSince": "2024-06-10T00:00:00.000Z", "daysSinceLastBooking": 200, "frequencyScore": 3, "lastBookingDate": "2025-11-20T00:00:00.000Z", "monetaryScore": 3, "recencyScore": 1, "recommendedAction": "Re-engage Urgently", "retentionPriority": 2, "rfmScore": 2.33, "segment": "About To Sleep", "tenantId": "123e4567-e89b-12d3-a456-426614174000", "totalBookings": 8, "totalRevenue": 15000000, "totalSessionsCompleted": 24}]
    Received: "{\"data\":[{\"tenantId\":\"123e4567-e89b-12d3-a456-426614174000\",\"customerId\":\"123e4567-e89b-12d3-a456-426614174001\",\"customerName\":\"Nguyß╗àn Thß╗ï Lan\",\"customerPhone\":\"0901234567\",\"customerSince\":\"2025-01-15T00:00:00.000Z\",\"customerLifetimeDays\":180,\"daysSinceLastBooking\":15,\"totalBookings\":12,\"totalRevenue\":25000000,\"avgBookingAmount\":2083333,\"totalSessionsCompleted\":48,\"avgSessionsPerBooking\":4,\"lastBookingDate\":\"2026-05-28T00:00:00.000Z\",\"recencyScore\":4,\"frequencyScore\":4,\"monetaryScore\":4,\"rfmScore\":4,\"segment\":\"Champions\",\"retentionPriority\":5,\"churnRiskLevel\":\"Low Risk\",\"recommendedAction\":\"Reward & Retain\",\"computedAt\":\"2026-07-16T07:58:09.224Z\"},{\"tenantId\":\"123e4567-e89b-12d3-a456-426614174000\",\"customerId\":\"123e4567-e89b-12d3-a456-426614174002\",\"customerName\":\"Trß║ºn Thß╗ï Mai\",\"customerPhone\":\"0902345678\",\"customerSince\":\"2024-06-10T00:00:00.000Z\",\"customerLifetimeDays\":400,\"daysSinceLastBooking\":200,\"totalBookings\":8,\"totalRevenue\":15000000,\"avgBookingAmount\":1875000,\"totalSessionsCompleted\":24,\"avgSessionsPerBooking\":3,\"lastBookingDate\":\"2025-11-20T00:00:00.000Z\",\"recencyScore\":1,\"frequencyScore\":3,\"monetaryScore\":3,\"rfmScore\":2.33,\"segment\":\"About To Sleep\",\"retentionPriority\":2,\"churnRiskLevel\":\"High Risk\",\"recommendedAction\":\"Re-engage Urgently\",\"computedAt\":\"2026-07-16T07:58:09.224Z\"}],\"metadata\":{\"generatedAt\":\"2026-07-16T07:58:09.230Z\",\"cacheHit\":true,\"queryTimeMs\":0,\"dataSourcesUsed\":[\"redis\"]}}"

      312 |
      313 |       expect(result.metadata.cacheHit).toBe(true);
    > 314 |       expect(result.data).toEqual(mockSegmentData);
          |                           ^
      315 |       expect(mockCacheGet).toHaveBeenCalledTimes(1);
      316 |       expect(queries.getCustomerSegmentation).not.toHaveBeenCalled();
      317 |     });

      at Object.toEqual (src/services/intelligence/customer/__tests__/service.test.ts:314:27)

  ΓùÅ CustomerIntelligenceService ΓÇ║ getCustomerSegmentation ΓÇ║ should fetch from database on cache miss

    TypeError: _queries.getCustomerSegmentation.mockResolvedValue is not a function

      322 |
      323 |       // Setup query response
    > 324 |       (queries.getCustomerSegmentation as jest.Mock).mockResolvedValue(mockSegmentData);
          |                                                      ^
      325 |
      326 |       const result = await service.getCustomerSegmentation(TEST_TENANT_ID);
      327 |

      at Object.mockResolvedValue (src/services/intelligence/customer/__tests__/service.test.ts:324:54)

  ΓùÅ CustomerIntelligenceService ΓÇ║ getCustomerSegmentation ΓÇ║ should filter by segment when provided

    TypeError: _queries.getCustomerSegmentation.mockResolvedValue is not a function

      336 |       mockCacheGet.mockResolvedValue(null);
      337 |       const championsOnly = mockSegmentData.filter(c => c.segment === 'Champions');
    > 338 |       (queries.getCustomerSegmentation as jest.Mock).mockResolvedValue(championsOnly);
          |                                                      ^
      339 |
      340 |       const result = await service.getCustomerSegmentation(TEST_TENANT_ID, 'Champions');
      341 |

      at Object.mockResolvedValue (src/services/intelligence/customer/__tests__/service.test.ts:338:54)

  ΓùÅ CustomerIntelligenceService ΓÇ║ getCustomerSegmentation ΓÇ║ should handle database errors gracefully

    TypeError: _queries.getCustomerSegmentation.mockRejectedValue is not a function

      350 |     it('should handle database errors gracefully', async () => {
      351 |       mockCacheGet.mockResolvedValue(null);
    > 352 |       (queries.getCustomerSegmentation as jest.Mock).mockRejectedValue(
          |                                                      ^
      353 |         new Error('Database connection failed')
      354 |       );
      355 |

      at Object.mockRejectedValue (src/services/intelligence/customer/__tests__/service.test.ts:352:54)

  ΓùÅ CustomerIntelligenceService ΓÇ║ getCustomerSegmentation ΓÇ║ should handle cache write failures silently

    TypeError: _queries.getCustomerSegmentation.mockResolvedValue is not a function

      362 |       mockCacheGet.mockResolvedValue(null);
      363 |       mockCacheSet.mockRejectedValue(new Error('Redis write failed'));
    > 364 |       (queries.getCustomerSegmentation as jest.Mock).mockResolvedValue(mockSegmentData);
          |                                                      ^
      365 |
      366 |       // Should not throw despite cache write failure
      367 |       const result = await service.getCustomerSegmentation(TEST_TENANT_ID);

      at Object.mockResolvedValue (src/services/intelligence/customer/__tests__/service.test.ts:364:54)

  ΓùÅ CustomerIntelligenceService ΓÇ║ getCustomerLTV ΓÇ║ should return LTV data

    TypeError: _queries.getCustomerLTV.mockResolvedValue is not a function

      379 |     it('should return LTV data', async () => {
      380 |       mockCacheGet.mockResolvedValue(null);
    > 381 |       (queries.getCustomerLTV as jest.Mock).mockResolvedValue(mockLTVData);
          |                                             ^
      382 |
      383 |       const result = await service.getCustomerLTV(TEST_TENANT_ID);
      384 |

      at Object.mockResolvedValue (src/services/intelligence/customer/__tests__/service.test.ts:381:45)

  ΓùÅ CustomerIntelligenceService ΓÇ║ getCustomerLTV ΓÇ║ should filter by cohort month when provided

    TypeError: _queries.getCustomerLTV.mockResolvedValue is not a function

      389 |     it('should filter by cohort month when provided', async () => {
      390 |       mockCacheGet.mockResolvedValue(null);
    > 391 |       (queries.getCustomerLTV as jest.Mock).mockResolvedValue(mockLTVData);
          |                                             ^
      392 |
      393 |       const result = await service.getCustomerLTV(TEST_TENANT_ID, TEST_COHORT_MONTH);
      394 |

      at Object.mockResolvedValue (src/services/intelligence/customer/__tests__/service.test.ts:391:45)

  ΓùÅ CustomerIntelligenceService ΓÇ║ getCustomerLTV ΓÇ║ should filter by value tier when provided

    TypeError: _queries.getCustomerLTV.mockResolvedValue is not a function

      403 |     it('should filter by value tier when provided', async () => {
      404 |       mockCacheGet.mockResolvedValue(null);
    > 405 |       (queries.getCustomerLTV as jest.Mock).mockResolvedValue(mockLTVData);
          |                                             ^
      406 |
      407 |       const result = await service.getCustomerLTV(TEST_TENANT_ID, undefined, 'VIP');
      408 |

      at Object.mockResolvedValue (src/services/intelligence/customer/__tests__/service.test.ts:405:45)

  ΓùÅ CustomerIntelligenceService ΓÇ║ getCustomerLTV ΓÇ║ should return empty array when no data found

    TypeError: _queries.getCustomerLTV.mockResolvedValue is not a function

      417 |     it('should return empty array when no data found', async () => {
      418 |       mockCacheGet.mockResolvedValue(null);
    > 419 |       (queries.getCustomerLTV as jest.Mock).mockResolvedValue([]);
          |                                             ^
      420 |
      421 |       const result = await service.getCustomerLTV(TEST_TENANT_ID);
      422 |

      at Object.mockResolvedValue (src/services/intelligence/customer/__tests__/service.test.ts:419:45)

  ΓùÅ CustomerIntelligenceService ΓÇ║ getChurnRiskAnalysis ΓÇ║ should return churn risk data with correct scores

    TypeError: _queries.getChurnRiskAnalysis.mockResolvedValue is not a function

      433 |     it('should return churn risk data with correct scores', async () => {
      434 |       mockCacheGet.mockResolvedValue(null);
    > 435 |       (queries.getChurnRiskAnalysis as jest.Mock).mockResolvedValue(mockChurnRiskData);
          |                                                   ^
      436 |
      437 |       const result = await service.getChurnRiskAnalysis(TEST_TENANT_ID);
      438 |

      at Object.mockResolvedValue (src/services/intelligence/customer/__tests__/service.test.ts:435:51)

  ΓùÅ CustomerIntelligenceService ΓÇ║ getChurnRiskAnalysis ΓÇ║ should filter by risk level when provided

    TypeError: _queries.getChurnRiskAnalysis.mockResolvedValue is not a function

      445 |       mockCacheGet.mockResolvedValue(null);
      446 |       const highRiskOnly = mockChurnRiskData.filter(c => c.churnRiskLevel === 'High');
    > 447 |       (queries.getChurnRiskAnalysis as jest.Mock).mockResolvedValue(highRiskOnly);
          |                                                   ^
      448 |
      449 |       const result = await service.getChurnRiskAnalysis(TEST_TENANT_ID, 'High');
      450 |

      at Object.mockResolvedValue (src/services/intelligence/customer/__tests__/service.test.ts:447:51)

  ΓùÅ CustomerIntelligenceService ΓÇ║ getChurnRiskAnalysis ΓÇ║ should include recommended retention actions

    TypeError: _queries.getChurnRiskAnalysis.mockResolvedValue is not a function

      459 |     it('should include recommended retention actions', async () => {
      460 |       mockCacheGet.mockResolvedValue(null);
    > 461 |       (queries.getChurnRiskAnalysis as jest.Mock).mockResolvedValue(mockChurnRiskData);
          |                                                   ^
      462 |
      463 |       const result = await service.getChurnRiskAnalysis(TEST_TENANT_ID);
      464 |

      at Object.mockResolvedValue (src/services/intelligence/customer/__tests__/service.test.ts:461:51)

  ΓùÅ CustomerIntelligenceService ΓÇ║ getRFMAnalysis ΓÇ║ should be an alias for getCustomerSegmentation

    TypeError: _queries.getRFMAnalysis.mockResolvedValue is not a function

      476 |     it('should be an alias for getCustomerSegmentation', async () => {
      477 |       mockCacheGet.mockResolvedValue(null);
    > 478 |       (queries.getRFMAnalysis as jest.Mock).mockResolvedValue(mockSegmentData);
          |                                             ^
      479 |
      480 |       const result = await service.getRFMAnalysis(TEST_TENANT_ID);
      481 |

      at Object.mockResolvedValue (src/services/intelligence/customer/__tests__/service.test.ts:478:45)

  ΓùÅ CustomerIntelligenceService ΓÇ║ getSegmentDistribution ΓÇ║ should return aggregated segment metrics

    TypeError: _queries.getSegmentDistribution.mockResolvedValue is not a function

      492 |     it('should return aggregated segment metrics', async () => {
      493 |       mockCacheGet.mockResolvedValue(null);
    > 494 |       (queries.getSegmentDistribution as jest.Mock).mockResolvedValue(mockSegmentDistribution);
          |                                                     ^
      495 |
      496 |       const result = await service.getSegmentDistribution(TEST_TENANT_ID);
      497 |

      at Object.mockResolvedValue (src/services/intelligence/customer/__tests__/service.test.ts:494:53)

  ΓùÅ CustomerIntelligenceService ΓÇ║ getSegmentDistribution ΓÇ║ should handle empty segments

    TypeError: _queries.getSegmentDistribution.mockResolvedValue is not a function

      504 |     it('should handle empty segments', async () => {
      505 |       mockCacheGet.mockResolvedValue(null);
    > 506 |       (queries.getSegmentDistribution as jest.Mock).mockResolvedValue([]);
          |                                                     ^
      507 |
      508 |       const result = await service.getSegmentDistribution(TEST_TENANT_ID);
      509 |

      at Object.mockResolvedValue (src/services/intelligence/customer/__tests__/service.test.ts:506:53)

  ΓùÅ CustomerIntelligenceService ΓÇ║ getCohortAnalysis ΓÇ║ should return cohort retention data

    TypeError: _queries.getCohortAnalysis.mockResolvedValue is not a function

      519 |     it('should return cohort retention data', async () => {
      520 |       mockCacheGet.mockResolvedValue(null);
    > 521 |       (queries.getCohortAnalysis as jest.Mock).mockResolvedValue(mockCohortAnalysis);
          |                                                ^
      522 |
      523 |       const result = await service.getCohortAnalysis(TEST_TENANT_ID);
      524 |

      at Object.mockResolvedValue (src/services/intelligence/customer/__tests__/service.test.ts:521:48)

  ΓùÅ CustomerIntelligenceService ΓÇ║ getCohortAnalysis ΓÇ║ should respect limit parameter

    TypeError: _queries.getCohortAnalysis.mockResolvedValue is not a function

      531 |     it('should respect limit parameter', async () => {
      532 |       mockCacheGet.mockResolvedValue(null);
    > 533 |       (queries.getCohortAnalysis as jest.Mock).mockResolvedValue(mockCohortAnalysis);
          |                                                ^
      534 |
      535 |       const result = await service.getCohortAnalysis(TEST_TENANT_ID, 6);
      536 |

      at Object.mockResolvedValue (src/services/intelligence/customer/__tests__/service.test.ts:533:48)

  ΓùÅ CustomerIntelligenceService ΓÇ║ healthCheck ΓÇ║ should return healthy status when cache is accessible

    expect(received).toBe(expected) // Object.is equality

    Expected: true
    Received: undefined

      549 |       const result = await service.healthCheck();
      550 |
    > 551 |       expect(result.healthy).toBe(true);
          |                              ^
      552 |     });
      553 |
      554 |     it('should return unhealthy when cache fails', async () => {

      at Object.toBe (src/services/intelligence/customer/__tests__/service.test.ts:551:30)

  ΓùÅ CustomerIntelligenceService ΓÇ║ healthCheck ΓÇ║ should return unhealthy when cache fails

    expect(received).toBe(expected) // Object.is equality

    Expected: false
    Received: undefined

      560 |       const result = await service.healthCheck();
      561 |
    > 562 |       expect(result.healthy).toBe(false);
          |                              ^
      563 |       expect(result.error).toContain('Redis connection failed');
      564 |     });
      565 |   });

      at Object.toBe (src/services/intelligence/customer/__tests__/service.test.ts:562:30)

  ΓùÅ CustomerIntelligenceService ΓÇ║ clearCache ΓÇ║ should clear tenant-specific cache when tenantId provided

    IntelligenceError: Failed to clear customer intelligence cache

      549 |     } catch (error) {
      550 |       console.error('[CustomerIntelligence] Failed to clear cache:', error);
    > 551 |       throw new IntelligenceError(
          |             ^
      552 |         'Failed to clear customer intelligence cache',
      553 |         'CACHE_CLEAR_ERROR',
      554 |         error instanceof Error ? error : undefined

      at CustomerIntelligenceService.clearCache (src/services/intelligence/customer/service.ts:551:13)
      at Object.clearCache (src/services/intelligence/customer/__tests__/service.test.ts:575:21)

    Cause:
    TypeError: this.cache.deleteByTag is not a function

      540 |       if (tenantId) {
      541 |         // Clear cache for specific tenant
    > 542 |         await this.cache.deleteByTag(`tenant:${tenantId}`);
          |                          ^
      543 |         console.log(`[CustomerIntelligence] Cache cleared for tenant: ${tenantId}`);
      544 |       } else {
      545 |         // Clear all Customer cache

      at CustomerIntelligenceService.deleteByTag [as clearCache] (src/services/intelligence/customer/service.ts:542:26)
      at Object.clearCache (src/services/intelligence/customer/__tests__/service.test.ts:575:21)

  ΓùÅ CustomerIntelligenceService ΓÇ║ clearCache ΓÇ║ should clear all customer cache when no tenantId

    IntelligenceError: Failed to clear customer intelligence cache

      549 |     } catch (error) {
      550 |       console.error('[CustomerIntelligence] Failed to clear cache:', error);
    > 551 |       throw new IntelligenceError(
          |             ^
      552 |         'Failed to clear customer intelligence cache',
      553 |         'CACHE_CLEAR_ERROR',
      554 |         error instanceof Error ? error : undefined

      at CustomerIntelligenceService.clearCache (src/services/intelligence/customer/service.ts:551:13)
      at Object.clearCache (src/services/intelligence/customer/__tests__/service.test.ts:583:21)

    Cause:
    TypeError: this.cache.deletePattern is not a function

      544 |       } else {
      545 |         // Clear all Customer cache
    > 546 |         await this.cache.deletePattern(`${CACHE_KEY_PREFIX.CUSTOMER}:*`);
          |                          ^
      547 |         console.log('[CustomerIntelligence] Cache cleared successfully');
      548 |       }
      549 |     } catch (error) {

      at CustomerIntelligenceService.deletePattern [as clearCache] (src/services/intelligence/customer/service.ts:546:26)
      at Object.clearCache (src/services/intelligence/customer/__tests__/service.test.ts:583:21)

  ΓùÅ CustomerIntelligenceService ΓÇ║ clearCache ΓÇ║ should not throw on cache clear failure

    expect(received).resolves.not.toThrow()

    Received promise rejected instead of resolved
    Rejected to value: [IntelligenceError: Failed to clear customer intelligence cache]

      589 |       mockCacheDel.mockRejectedValue(new Error('Redis del failed'));
      590 |
    > 591 |       await expect(service.clearCache()).resolves.not.toThrow();
          |                   ^
      592 |     });
      593 |   });
      594 |

      at expect (node_modules/expect/build/index.js:2116:15)
      at Object.<anonymous> (src/services/intelligence/customer/__tests__/service.test.ts:591:19)

  ΓùÅ CustomerIntelligenceService ΓÇ║ edge cases ΓÇ║ should handle malformed cached data

    TypeError: _queries.getCustomerSegmentation.mockResolvedValue is not a function

      601 |       // Cache contains invalid JSON
      602 |       mockCacheGet.mockResolvedValue('invalid-json{{{');
    > 603 |       (queries.getCustomerSegmentation as jest.Mock).mockResolvedValue(mockSegmentData);
          |                                                      ^
      604 |
      605 |       const result = await service.getCustomerSegmentation(TEST_TENANT_ID);
      606 |

      at Object.mockResolvedValue (src/services/intelligence/customer/__tests__/service.test.ts:603:54)

  ΓùÅ CustomerIntelligenceService ΓÇ║ edge cases ΓÇ║ should include query timing in metadata

    TypeError: _queries.getCustomerSegmentation.mockResolvedValue is not a function

      612 |     it('should include query timing in metadata', async () => {
      613 |       mockCacheGet.mockResolvedValue(null);
    > 614 |       (queries.getCustomerSegmentation as jest.Mock).mockResolvedValue(mockSegmentData);
          |                                                      ^
      615 |
      616 |       const result = await service.getCustomerSegmentation(TEST_TENANT_ID);
      617 |

      at Object.mockResolvedValue (src/services/intelligence/customer/__tests__/service.test.ts:614:54)

  ΓùÅ CustomerIntelligenceService ΓÇ║ edge cases ΓÇ║ should handle RFM scores at boundaries

    TypeError: _queries.getCustomerSegmentation.mockResolvedValue is not a function

      630 |
      631 |       mockCacheGet.mockResolvedValue(null);
    > 632 |       (queries.getCustomerSegmentation as jest.Mock).mockResolvedValue(boundaryData);
          |                                                      ^
      633 |
      634 |       const result = await service.getCustomerSegmentation(TEST_TENANT_ID);
      635 |

      at Object.mockResolvedValue (src/services/intelligence/customer/__tests__/service.test.ts:632:54)

  ΓùÅ CustomerIntelligenceService ΓÇ║ edge cases ΓÇ║ should handle customers with no bookings

    TypeError: _queries.getCustomerSegmentation.mockResolvedValue is not a function

      648 |
      649 |       mockCacheGet.mockResolvedValue(null);
    > 650 |       (queries.getCustomerSegmentation as jest.Mock).mockResolvedValue(newCustomer);
          |                                                      ^
      651 |
      652 |       const result = await service.getCustomerSegmentation(TEST_TENANT_ID);
      653 |

      at Object.mockResolvedValue (src/services/intelligence/customer/__tests__/service.test.ts:650:54)

FAIL src/__tests__/e2e-accounting-vat-calculation.test.ts
  ΓùÅ Console

    console.log
      Γùç injected env (9) from .env.local // tip: Γîÿ custom filepath { path: '/custom/path/.env' }

      at _log (node_modules/dotenv/lib/main.js:131:11)

    console.log
      [Jest Setup] SUPABASE_SERVICE_ROLE_KEY loaded: sb_secret_Dm... (41 chars)

      at Object.log (jest.setup.ts:10:9)

    console.log
      Γ£à VAT Calculation {
        packagePrice: 5500000,
        vatRate: '10%',
        vatAmount: 500000,
        revenueExcludingVat: 5000000
      }

      at Object.log (src/__tests__/e2e-accounting-vat-calculation.test.ts:35:13)

  ΓùÅ E2E VAT Calculation (Tax Accounting Test) ΓÇ║ should calculate and record VAT from package price

    TypeError: Cannot read properties of null (reading 'amount')

      57 |     }).select('*').single();
      58 |
    > 59 |     expect(revenue!.amount).toBe(packagePrice);
         |                     ^
      60 |     expect(revenue!.vat_amount).toBe(vatAmount);
      61 |
      62 |     console.log('Γ£à Step 1: Revenue recorded with VAT', {

      at Object.amount (src/__tests__/e2e-accounting-vat-calculation.test.ts:59:21)

FAIL src/__tests__/e2e-partner-api-webhook-delivery.test.ts
  ΓùÅ Console

    console.log
      Γùç injected env (9) from .env.local // tip: Γîÿ override existing { override: true }

      at _log (node_modules/dotenv/lib/main.js:131:11)

    console.log
      [Jest Setup] SUPABASE_SERVICE_ROLE_KEY loaded: sb_secret_Dm... (41 chars)

      at Object.log (jest.setup.ts:10:9)

    console.log
      Γ£à Booking created, webhook should be queued

      at Object.log (src/__tests__/e2e-partner-api-webhook-delivery.test.ts:51:13)

  ΓùÅ E2E Partner Webhook Delivery ΓÇ║ should queue webhook delivery when booking status changes

    TypeError: Cannot read properties of null (reading 'id')

      57 |       .eq('tenant_id', testTenantId)
      58 |       .eq('event_type', 'booking.created')
    > 59 |       .eq('reference_id', booking!.id)
         |                                    ^
      60 |       .single();
      61 |
      62 |     if (webhookQueue) {

      at Object.id (src/__tests__/e2e-partner-api-webhook-delivery.test.ts:59:36)

FAIL src/__tests__/e2e-permission-branch-manager-scope.test.ts
  ΓùÅ Console

    console.log
      Γùç injected env (9) from .env.local // tip: Γîü auth for agents [www.vestauth.com]

      at _log (node_modules/dotenv/lib/main.js:131:11)

    console.log
      [Jest Setup] SUPABASE_SERVICE_ROLE_KEY loaded: sb_secret_Dm... (41 chars)

      at Object.log (jest.setup.ts:10:9)

  ΓùÅ E2E Branch Manager Scope (Permission Test) ΓÇ║ should restrict branch manager to their branch data only

    TypeError: Cannot read properties of null (reading 'id')

      31 |       tenant_id: testTenantId, name: 'Branch A', code: 'BRA', status: 'active',
      32 |     }).select('id').single();
    > 33 |     branchAId = branchA!.id;
         |                          ^
      34 |
      35 |     const { data: branchB } = await supabase.from('branches').insert({
      36 |       tenant_id: testTenantId, name: 'Branch B', code: 'BRB', status: 'active',

      at Object.id (src/__tests__/e2e-permission-branch-manager-scope.test.ts:33:26)

FAIL src/__tests__/e2e-negative-concurrent-completion.test.ts
  ΓùÅ Console

    console.log
      Γùç injected env (9) from .env.local // tip: Γîÿ enable debugging { debug: true }

      at _log (node_modules/dotenv/lib/main.js:131:11)

    console.log
      [Jest Setup] SUPABASE_SERVICE_ROLE_KEY loaded: sb_secret_Dm... (41 chars)

      at Object.log (jest.setup.ts:10:9)

  ΓùÅ E2E Concurrent Session Completion (Race Condition Test) ΓÇ║ should prevent double completion via optimistic locking

    TypeError: Cannot read properties of null (reading 'id')

      47 |       tenant_id: testTenantId,
      48 |     }).select('id').single();
    > 49 |     sessionId = session!.id;
         |                          ^
      50 |   });
      51 |
      52 |   it('should prevent double completion via optimistic locking', async () => {

      at Object.id (src/__tests__/e2e-negative-concurrent-completion.test.ts:49:26)

FAIL src/__tests__/e2e-negative-double-payment-race.test.ts
  ΓùÅ Console

    console.log
      Γùç injected env (9) from .env.local // tip: Γîÿ enable debugging { debug: true }

      at _log (node_modules/dotenv/lib/main.js:131:11)

    console.log
      [Jest Setup] SUPABASE_SERVICE_ROLE_KEY loaded: sb_secret_Dm... (41 chars)

      at Object.log (jest.setup.ts:10:9)

  ΓùÅ E2E Double Payment Race Condition ΓÇ║ should prevent duplicate payment via idempotency key

    TypeError: Cannot read properties of null (reading 'id')

      31 |       start_date: '2026-06-20', full_price: 5000000, status: 'deposit_pending',
      32 |     }).select('id').single();
    > 33 |     bookingId = booking!.id;
         |                          ^
      34 |   });
      35 |
      36 |   it('should prevent duplicate payment via idempotency key', async () => {

      at Object.id (src/__tests__/e2e-negative-double-payment-race.test.ts:33:26)

FAIL src/__tests__/e2e-permission-cross-tenant-leak.test.ts
  ΓùÅ Console

    console.log
      Γùç injected env (9) from .env.local // tip: Γîÿ custom filepath { path: '/custom/path/.env' }

      at _log (node_modules/dotenv/lib/main.js:131:11)

    console.log
      [Jest Setup] SUPABASE_SERVICE_ROLE_KEY loaded: sb_secret_Dm... (41 chars)

      at Object.log (jest.setup.ts:10:9)

  ΓùÅ E2E Cross-Tenant Leak (Security Test) ΓÇ║ should prevent Tenant A user from accessing Tenant B booking

    TypeError: Cannot read properties of null (reading 'id')

      36 |       start_date: '2026-06-01', full_price: 5000000, status: 'booked',
      37 |     }).select('id').single();
    > 38 |     bookingAId = bookingA!.id;
         |                            ^
      39 |
      40 |     const { data: bookingB } = await supabase.from('bookings').insert({
      41 |       tenant_id: tenantBId, booking_number: `TB-${Date.now()}`,

      at Object.id (src/__tests__/e2e-permission-cross-tenant-leak.test.ts:38:28)

FAIL src/__tests__/e2e-negative-orphaned-data.test.ts
  ΓùÅ Console

    console.log
      Γùç injected env (9) from .env.local // tip: Γîÿ suppress logs { quiet: true }

      at _log (node_modules/dotenv/lib/main.js:131:11)

    console.log
      [Jest Setup] SUPABASE_SERVICE_ROLE_KEY loaded: sb_secret_Dm... (41 chars)

      at Object.log (jest.setup.ts:10:9)

  ΓùÅ E2E Orphaned Data (Referential Integrity Test) ΓÇ║ should cascade delete session logs when booking is deleted

    TypeError: Cannot read properties of null (reading 'id')

      34 |       start_date: '2026-06-20', full_price: 5000000, status: 'booked',
      35 |     }).select('id').single();
    > 36 |     bookingId = booking!.id;
         |                          ^
      37 |
      38 |     await supabase.from('session_logs').insert([
      39 |       { booking_id: bookingId, session_number: 1, assigned_date: '2026-06-21', status: 'scheduled', tenant_id: testTenantId },

      at Object.id (src/__tests__/e2e-negative-orphaned-data.test.ts:36:26)

FAIL src/services/intelligence/operational/__tests__/service.test.ts
  ΓùÅ Console

    console.log
      Γùç injected env (9) from .env.local // tip: Γîÿ custom filepath { path: '/custom/path/.env' }

      at _log (node_modules/dotenv/lib/main.js:131:11)

    console.log
      [Jest Setup] SUPABASE_SERVICE_ROLE_KEY loaded: sb_secret_Dm... (41 chars)

      at Object.log (jest.setup.ts:10:9)

    console.error
      [OperationalIntelligence] Cache health check failed

      465 |
      466 |       if (!cached) {
    > 467 |         console.error('[OperationalIntelligence] Cache health check failed');
          |                 ^
      468 |         return false;
      469 |       }
      470 |

      at OperationalIntelligenceService.error [as healthCheck] (src/services/intelligence/operational/service.ts:467:17)
      at Object.<anonymous> (src/services/intelligence/operational/__tests__/service.test.ts:253:25)

    console.error
      [OperationalIntelligence] Health check failed: Error: Cache connection failed
          at Object.<anonymous> (D:\Antigravity\Projects\BELLA SPA ERP\src\services\intelligence\operational\__tests__\service.test.ts:259:39)
          at Promise.finally.completed (D:\Antigravity\Projects\BELLA SPA ERP\node_modules\jest-circus\build\jestAdapterInit.js:1561:28)
          at new Promise (<anonymous>)
          at callAsyncCircusFn (D:\Antigravity\Projects\BELLA SPA ERP\node_modules\jest-circus\build\jestAdapterInit.js:1501:10)
          at _callCircusTest (D:\Antigravity\Projects\BELLA SPA ERP\node_modules\jest-circus\build\jestAdapterInit.js:1011:40)
          at processTicksAndRejections (node:internal/process/task_queues:104:5)
          at _runTest (D:\Antigravity\Projects\BELLA SPA ERP\node_modules\jest-circus\build\jestAdapterInit.js:951:3)
          at D:\Antigravity\Projects\BELLA SPA ERP\node_modules\jest-circus\build\jestAdapterInit.js:853:7
          at _runTestsForDescribeBlock (D:\Antigravity\Projects\BELLA SPA ERP\node_modules\jest-circus\build\jestAdapterInit.js:866:11)
          at _runTestsForDescribeBlock (D:\Antigravity\Projects\BELLA SPA ERP\node_modules\jest-circus\build\jestAdapterInit.js:861:11)
          at _runTestsForDescribeBlock (D:\Antigravity\Projects\BELLA SPA ERP\node_modules\jest-circus\build\jestAdapterInit.js:861:11)
          at run (D:\Antigravity\Projects\BELLA SPA ERP\node_modules\jest-circus\build\jestAdapterInit.js:765:3)
          at runAndTransformResultsToJestFormat (D:\Antigravity\Projects\BELLA SPA ERP\node_modules\jest-circus\build\jestAdapterInit.js:1993:21)
          at jestAdapter (D:\Antigravity\Projects\BELLA SPA ERP\node_modules\jest-circus\build\runner.js:111:19)
          at runTestInternal (D:\Antigravity\Projects\BELLA SPA ERP\node_modules\jest-runner\build\testWorker.js:276:16)
          at runTest (D:\Antigravity\Projects\BELLA SPA ERP\node_modules\jest-runner\build\testWorker.js:344:7)
          at Object.worker (D:\Antigravity\Projects\BELLA SPA ERP\node_modules\jest-runner\build\testWorker.js:498:12)

      473 |       return true;
      474 |     } catch (error) {
    > 475 |       console.error('[OperationalIntelligence] Health check failed:', error);
          |               ^
      476 |       return false;
      477 |     }
      478 |   }

      at OperationalIntelligenceService.error [as healthCheck] (src/services/intelligence/operational/service.ts:475:15)
      at Object.<anonymous> (src/services/intelligence/operational/__tests__/service.test.ts:261:25)

    console.log
      [OperationalIntelligence] Cache cleared successfully

      at OperationalIntelligenceService.log [as clearCache] (src/services/intelligence/operational/service.ts:487:15)

    console.error
      [OperationalIntelligence] Failed to clear cache: Error: Cache clear failed
          at Object.<anonymous> (D:\Antigravity\Projects\BELLA SPA ERP\src\services\intelligence\operational\__tests__\service.test.ts:282:49)
          at Promise.finally.completed (D:\Antigravity\Projects\BELLA SPA ERP\node_modules\jest-circus\build\jestAdapterInit.js:1561:28)
          at new Promise (<anonymous>)
          at callAsyncCircusFn (D:\Antigravity\Projects\BELLA SPA ERP\node_modules\jest-circus\build\jestAdapterInit.js:1501:10)
          at _callCircusTest (D:\Antigravity\Projects\BELLA SPA ERP\node_modules\jest-circus\build\jestAdapterInit.js:1011:40)
          at processTicksAndRejections (node:internal/process/task_queues:104:5)
          at _runTest (D:\Antigravity\Projects\BELLA SPA ERP\node_modules\jest-circus\build\jestAdapterInit.js:951:3)
          at D:\Antigravity\Projects\BELLA SPA ERP\node_modules\jest-circus\build\jestAdapterInit.js:853:7
          at _runTestsForDescribeBlock (D:\Antigravity\Projects\BELLA SPA ERP\node_modules\jest-circus\build\jestAdapterInit.js:866:11)
          at _runTestsForDescribeBlock (D:\Antigravity\Projects\BELLA SPA ERP\node_modules\jest-circus\build\jestAdapterInit.js:861:11)
          at _runTestsForDescribeBlock (D:\Antigravity\Projects\BELLA SPA ERP\node_modules\jest-circus\build\jestAdapterInit.js:861:11)
          at run (D:\Antigravity\Projects\BELLA SPA ERP\node_modules\jest-circus\build\jestAdapterInit.js:765:3)
          at runAndTransformResultsToJestFormat (D:\Antigravity\Projects\BELLA SPA ERP\node_modules\jest-circus\build\jestAdapterInit.js:1993:21)
          at jestAdapter (D:\Antigravity\Projects\BELLA SPA ERP\node_modules\jest-circus\build\runner.js:111:19)
          at runTestInternal (D:\Antigravity\Projects\BELLA SPA ERP\node_modules\jest-runner\build\testWorker.js:276:16)
          at runTest (D:\Antigravity\Projects\BELLA SPA ERP\node_modules\jest-runner\build\testWorker.js:344:7)
          at Object.worker (D:\Antigravity\Projects\BELLA SPA ERP\node_modules\jest-runner\build\testWorker.js:498:12)

      487 |       console.log('[OperationalIntelligence] Cache cleared successfully');
      488 |     } catch (error) {
    > 489 |       console.error('[OperationalIntelligence] Failed to clear cache:', error);
          |               ^
      490 |       throw new IntelligenceError(
      491 |         'Failed to clear operational intelligence cache',
      492 |         'CACHE_CLEAR_ERROR',

      at OperationalIntelligenceService.error [as clearCache] (src/services/intelligence/operational/service.ts:489:15)
      at Object.<anonymous> (src/services/intelligence/operational/__tests__/service.test.ts:285:7)

  ΓùÅ OperationalIntelligenceService ΓÇ║ Cache Hit Scenarios ΓÇ║ should return cached data on cache hit for getKtvPerformance

    TypeError: Cannot use 'in' operator to search for 'period' in undefined

      116 |   }
      117 |
    > 118 |   if ('period' in range && range.period) {
          |       ^
      119 |     return periodToDateRange(range.period);
      120 |   }
      121 |

      at parseDateRange (src/services/intelligence/shared/helpers.ts:118:7)
      at OperationalIntelligenceService.getKtvPerformance (src/services/intelligence/operational/service.ts:83:39)
      at Object.getKtvPerformance (src/services/intelligence/operational/__tests__/service.test.ts:160:36)

  ΓùÅ OperationalIntelligenceService ΓÇ║ Cache Key Construction ΓÇ║ should build correct cache key for KTV performance queries

    TypeError: Cannot use 'in' operator to search for 'period' in undefined

      116 |   }
      117 |
    > 118 |   if ('period' in range && range.period) {
          |       ^
      119 |     return periodToDateRange(range.period);
      120 |   }
      121 |

      at parseDateRange (src/services/intelligence/shared/helpers.ts:118:7)
      at OperationalIntelligenceService.getKtvPerformance (src/services/intelligence/operational/service.ts:83:39)
      at Object.getKtvPerformance (src/services/intelligence/operational/__tests__/service.test.ts:206:21)

  ΓùÅ OperationalIntelligenceService ΓÇ║ Cache Error Resilience ΓÇ║ should handle cache read errors gracefully (log warning, continue)

    expect(jest.fn()).toHaveBeenCalled()

    Expected number of calls: >= 1
    Received number of calls:    0

      305 |
      306 |       // Verify cache was attempted
    > 307 |       expect(mockCache.get).toHaveBeenCalled();
          |                             ^
      308 |     });
      309 |   });
      310 | });

      at Object.toHaveBeenCalled (src/services/intelligence/operational/__tests__/service.test.ts:307:29)

FAIL src/__tests__/payment-business-rule-audit.test.ts
  ΓùÅ Console

    console.log
      Γùç injected env (9) from .env.local // tip: Γùê encrypted .env [www.dotenvx.com]

      at _log (node_modules/dotenv/lib/main.js:131:11)

    console.log
      [Jest Setup] SUPABASE_SERVICE_ROLE_KEY loaded: sb_secret_Dm... (41 chars)

      at Object.log (jest.setup.ts:10:9)

  ΓùÅ payment business rule audit ΓÇ║ keeps high-risk percent and integer inputs routed through shared numeric helpers

    expect(received).not.toMatch(expected)

    Expected pattern: not /parseInt\(/
    Received string:      "'use client';

    import VietQRPaymentModal from '@/components/features/VietQRPaymentModal';
    import { PremiumSelect } from '@/components/ui/PremiumSelect';
    import { useTenantModuleKey } from '@/hooks/useTenantModuleKey';
    import {
      calculateBookingPaymentState,
      calculatePaymentRequest,
      normalizeDiscountPercent,
      type PaymentRevenueLike,
    } from '@/lib/business-rules/payment';
    import { getTenantModulePresentationOrNeutral } from '@/lib/business-rules/tenant-module-presentation';
    import { formatMoneyInput, getLocalDateString, parseMoneyInput } from '@bella/shared';
    import { cn, formatNumberWithSeparator, parseIntegerInput } from '@/lib/utils';;
    import { createBooking,getBookingDetailsWithPayment,getDraftBooking,getPackages as getScopedPackages } from '@/core/services/order';
    import { getCustomers as getScopedCustomers } from '@/services/customer-actions';
    import { getUsers } from '@/services/user-actions';
    import type { Database } from '@/types/database.types';
    import { AnimatePresence,motion } from 'framer-motion';
    import {
    ArrowLeft,
    Calendar,
    CheckCircle2,
    ChevronRight,
    CreditCard,
    Loader2,
    Package,
    Phone,
    Plus,
    Search,
    Tag,
    User,
    X
    } from 'lucide-react';
    import { useEffect,useState } from 'react';
    import { toast } from 'sonner';

    type CustomerRow = Database['public']['Tables']['customers']['Row'];
    type PackageRow = Database['public']['Tables']['packages']['Row'];
    type UserRow = Database['public']['Tables']['users']['Row'];
    type TenantBankInfo = Pick<
      Database['public']['Tables']['tenants']['Row'],
      'qr_bank_code' | 'qr_account_number' | 'qr_account_name' | 'name'
    >;
    type DraftBooking = Awaited<ReturnType<typeof getDraftBooking>>;
    type BookingSubmitPayload = Parameters<typeof createBooking>[0];

    function getErrorMessage(error: unknown, fallback = 'Kh├┤ng r├╡ nguy├¬n nh├ón. Kiß╗âm tra console ─æß╗â biß║┐t th├¬m.') {
      return error instanceof Error ? error.message : fallback;
    }

    interface BookingModalProps {
      isOpen: boolean;
      onClose: () => void;
      onSuccess?: () => void;
      preselectedCustomer?: CustomerRow | null;
    }

    export function BookingModal({ isOpen, onClose, onSuccess, preselectedCustomer }: BookingModalProps) {
      const [step, setStep] = useState(1);
      const [mode, setMode] = useState<'search' | 'new'>('search');
      const [searchQuery, setSearchQuery] = useState('');
      const [customers, setCustomers] = useState<CustomerRow[]>([]);
      const [filteredCustomers, setFilteredCustomers] = useState<CustomerRow[]>([]);
      const [selectedCustomer, setSelectedCustomer] = useState<CustomerRow | null>(null);
      const [isLoading, setIsLoading] = useState(false);
      const [isSubmitting, setIsSubmitting] = useState(false);
      const { tenantModuleKey, refreshTenantModuleKey } = useTenantModuleKey();
      const customerLabels = getTenantModulePresentationOrNeutral(tenantModuleKey);

      // VietQR deposit states
      const [showQrModal, setShowQrModal] = useState(false);
      const [qrModalData, setQrModalData] = useState<{ bookingNumber: string; amount: number; tenantInfo: TenantBankInfo | null } | null>(null);

      const handleCloseQrModal = () => {
        setShowQrModal(false);
        if (onSuccess) {
          onSuccess();
        } else {
          onClose();
        }
      };

      const [newCustomer, setNewCustomer] = useState({
        name_mother: '',
        phone: '',
        address: '',
      });

      const [ktvs, setKtvs] = useState<Pick<UserRow, 'id' | 'full_name'>[]>([]);
      const [packages, setPackages] = useState<PackageRow[]>([]);
      const [draftBooking, setDraftBooking] = useState<DraftBooking>(null);
      const [discountPercent, setDiscountPercent] = useState<string>('');

      const [formData, setFormData] = useState({
        package_id: '',
        package_name: '',
        full_price: 0,
        deposit_amount: 0,
        total_sessions: 21,
        start_date: getLocalDateString(),
        preferred_time: '08:00',
        assigned_ktv_id: '',
      });

      async function fetchPackages() {
        try {
          const data = await getScopedPackages();
          setPackages(data || []);
        } catch (error) {
          console.error('Error fetching packages:', error);
          toast.error('Kh├┤ng thß╗â tß║úi g├│i dß╗ïch vß╗Ñ theo ph├ón hß╗ç');
        }
      }

      async function fetchKtvs() {
        try {
          const data = await getUsers();
          setKtvs(
            data
              .filter((user) => user.role === 'ktv' && user.status === 'active')
              .map((user) => ({ id: user.id, full_name: user.full_name }))
              .sort((a, b) => a.full_name.localeCompare(b.full_name))
          );
        } catch (error) {
          console.error('Error fetching KTVs:', error);
        }
      }

      async function fetchCustomers() {
        setIsLoading(true);
        try {
          const data = await getScopedCustomers();
          const activeCustomers = (data || [])
            .filter((customer) => customer.status === 'active')
            .sort((a, b) => (a.name_mother || '').localeCompare(b.name_mother || ''));
          setCustomers(activeCustomers);
          setFilteredCustomers(activeCustomers);
        } catch (error) {
          console.error('Error fetching customers:', error);
          toast.error('Kh├┤ng thß╗â tß║úi danh s├ích kh├ích h├áng');
        } finally {
          setIsLoading(false);
        }
      }

      useEffect(() => {
        if (isOpen) {
          if (preselectedCustomer) {
            setSelectedCustomer(preselectedCustomer);
            setStep(2);
            setMode('search');
          } else {
            setStep(1);
            setMode('search');
            setSelectedCustomer(null);
          }
          setSearchQuery('');
          setNewCustomer({ name_mother: '', phone: '', address: '' });
          setDiscountPercent('');
          void refreshTenantModuleKey();
          fetchCustomers();
          fetchKtvs();
          fetchPackages();
        }
      }, [isOpen, preselectedCustomer, refreshTenantModuleKey]);

      // Load draft booking when customer is selected
      useEffect(() => {
        if (selectedCustomer?.id) {
          const loadDraft = async () => {
            let draft: DraftBooking = null;
            try {
              draft = await getDraftBooking(selectedCustomer.id);
            } catch (error) {
              console.error('Error loading draft booking:', error);
              toast.error('Khong the tai booking nhap cua khach hang');
              setDraftBooking(null);
              return;
            }

            if (draft) {
              const draftPaymentState = calculateBookingPaymentState({
                fullPrice: draft.full_price || 0,
                discountPercent: draft.discount_percent || 0,
                depositAmount: draft.deposit_amount || 0,
                bookingStatus: draft.status,
                revenues: draft.revenue,
              });
              const draftDepositAmount = draftPaymentState.totalPaid;
              setDraftBooking(draft);
              // Pre-fill form data if draft exists
              setFormData(prev => ({
                ...prev,
                package_name: draft.package_name || '',
                full_price: draft.full_price || 0,
                deposit_amount: 0,
                total_sessions: draft.total_sessions || 21,
                start_date: draft.start_date || prev.start_date,
                preferred_time: draft.preferred_time || prev.preferred_time,
                assigned_ktv_id: draft.assigned_ktv_id || '',
              }));
              setDiscountPercent(draft.discount_percent ? String(draft.discount_percent) : '');
              
              if (draft.package_name) {
                toast.success(`─É├ú tß╗▒ ─æß╗Öng nß║íp th├┤ng tin g├│i \"${draft.package_name}\" v├á sß╗æ tiß╗ün cß╗ìc c┼⌐.`);
              } else if (draftDepositAmount > 0) {
                toast.info(`Kh├ích h├áng c├│ sß╗æ tiß╗ün cß╗ìc chß╗¥: ${formatNumberWithSeparator(draftDepositAmount)}─æ. Vui l├▓ng chß╗ìn g├│i dß╗ïch vß╗Ñ.`);
              }
            } else {
              setDraftBooking(null);
              // Clear if no draft (unless it was already set by user selection)
              if (step === 1) {
                setFormData({
                  package_id: '',
                  package_name: '',
                  full_price: 0,
                  deposit_amount: 0,
                  total_sessions: 21,
                  start_date: getLocalDateString(),
                  preferred_time: '08:00',
                  assigned_ktv_id: '',
                });
                setDiscountPercent('');
              }
            }
          };
          loadDraft();
        }
      }, [selectedCustomer, step]);


      useEffect(() => {
        if (searchQuery.trim() === '') {
          setFilteredCustomers(customers);
        } else {
          const query = searchQuery.toLowerCase();
          setFilteredCustomers(
            customers.filter(c => 
              c.name_mother?.toLowerCase().includes(query) || 
              c.phone?.includes(query)
            )
          );
        }
      }, [searchQuery, customers]);

      const handleSelectService = (pkg: PackageRow) => {
        const pkgPrice = Number(pkg.price || pkg.full_price || 0);

        setFormData({
          ...formData,
          package_id: pkg.id,
          package_name: pkg.name,
          full_price: pkgPrice,
          total_sessions: parseIntegerInput(pkg.total_sessions, { min: 1, max: 100, fallback: 10 })
        });
      };

      const handleDiscountChange = (e: React.ChangeEvent<HTMLInputElement>) => {
        const val = e.target.value.trim();
        if (val === '') {
          setDiscountPercent('');
          return;
        }

        const numericValue = Number(val);
        if (Number.isFinite(numericValue)) {
          setDiscountPercent(String(normalizeDiscountPercent(numericValue)));
        }
      };

      const handleSubmit = async () => {
        if (isSubmitting) return;

        const isCustomerSelected = mode === 'new' 
          ? (newCustomer.name_mother && newCustomer.phone)
          : selectedCustomer;

        if (!isCustomerSelected) {
          toast.error('Vui l├▓ng chß╗ìn kh├ích h├áng');
          return;
        }

        if (!formData.package_name) {
          toast.error('Vui l├▓ng chß╗ìn g├│i dß╗ïch vß╗Ñ');
          return;
        }

        setIsSubmitting(true);
        try {
          const payload: BookingSubmitPayload = {
            ...formData,
            discount_percent: normalizeDiscountPercent(discountPercent),
            customer_id: mode === 'new' ? 'new' : selectedCustomer?.id || '',
          };

          if (mode === 'new') {
            payload.newCustomer = {
              ...newCustomer,
              address: newCustomer.address || 'Ch╞░a cß║¡p nhß║¡t'
            };
          }

          // Create the booking (atomic customer + booking if mode === 'new')
          const result = await createBooking(payload);

          console.log('[BookingModal] createBooking result:', result);

          if (result?.error) {
            toast.error('Lß╗ùi tß║ío lß╗ïch hß║╣n: ' + result.error);
          } else {
            const booking = result?.data;
            if (booking && booking.status === 'deposit_pending' && Number(booking.deposit_amount || 0) > 0) {
              toast.success('Tß║ío lß╗ïch hß║╣n th├ánh c├┤ng! ─Éang tß║úi m├ú QR ─æß║╖t cß╗ìc...');
              try {
                const payDetails = await getBookingDetailsWithPayment(booking.id);
                if (payDetails.data) {
                  const paymentRequest = calculatePaymentRequest({
                    fullPrice: payDetails.data.full_price,
                    discountPercent: payDetails.data.discount_percent,
                    depositAmount: payDetails.data.deposit_amount,
                    bookingStatus: payDetails.data.status,
                    revenues: payDetails.data.revenue,
                    selectedTab: 'deposit',
                  });
                  if (paymentRequest.amountToPay > 0) {
                    setQrModalData({
                      bookingNumber: payDetails.data.booking_number,
                      amount: paymentRequest.amountToPay,
                      tenantInfo: payDetails.data.tenants || null
                    });
                    setShowQrModal(true);
                    return; // Dß╗½ng ß╗ƒ ─æ├óy ─æß╗â hiß╗ân thß╗ï modal QR, kh├┤ng ─æ├│ng BookingModal hay gß╗ìi onSuccess ngay lß║¡p tß╗⌐c
                  }
                }
              } catch (err) {
                console.error(\"Error loading deposit QR:\", err);
              }
            }

            toast.success('Tß║ío lß╗ïch hß║╣n th├ánh c├┤ng!');
            if (onSuccess) {
              await onSuccess();
            } else {
              onClose();
            }
          }
        } catch (error: unknown) {
          console.error('[BookingModal] Exception in handleSubmit:', error);
          toast.error('Lß╗ùi: ' + getErrorMessage(error));
        } finally {
          setIsSubmitting(false);
        }
      };

      const selectedDiscountPercent = normalizeDiscountPercent(discountPercent);
      const existingConfirmedPaidAmount = draftBooking
        ? calculateBookingPaymentState({
            fullPrice: draftBooking.full_price || 0,
            discountPercent: selectedDiscountPercent,
            depositAmount: draftBooking.deposit_amount || 0,
            bookingStatus: draftBooking.status,
            revenues: draftBooking.revenue,
          }).totalPaid
        : 0;
      const previewPaymentState = calculateBookingPaymentState({
        fullPrice: formData.full_price,
        discountPercent: selectedDiscountPercent,
        depositAmount: 0,
        bookingStatus: draftBooking?.status,
        revenues: [
          ...((draftBooking?.revenue || []) as PaymentRevenueLike[]),
          ...(formData.deposit_amount > 0
            ? [{ amount: formData.deposit_amount, status: 'confirmed', revenue_type: 'deposit' }]
            : []),
        ],
      });
      const previewDiscountAmount = Math.max(0, formData.full_price - previewPaymentState.priceAfterDiscount);

      if (!isOpen) return null;

      return (
        <>
          <AnimatePresence>
          <div className=\"fixed inset-0 z-[100] flex items-center justify-center p-4\">
            <motion.div 
              initial={{ opacity: 0 }}
              animate={{ opacity: 1 }}
              exit={{ opacity: 0 }}
              onClick={onClose}
              className=\"absolute inset-0 bg-[#1A0A0E]/70 backdrop-blur-sm\"
            />
            
            <motion.div 
              initial={{ scale: 0.9, opacity: 0, y: 20 }}
              animate={{ scale: 1, opacity: 1, y: 0 }}
              exit={{ scale: 0.9, opacity: 0, y: 20 }}
              className=\"relative w-full max-w-2xl bg-white rounded-[2.5rem] shadow-2xl overflow-hidden border border-white\"
            >
              {/* Header */}
              <div className=\"p-8 border-b border-slate-100 flex items-center justify-between bg-white\">
                <div className=\"flex items-center gap-4\">
                  {step === 2 && (
                    <button 
                      onClick={() => setStep(1)}
                      className=\"p-2 hover:bg-slate-50 rounded-xl transition-colors text-slate-400 hover:text-primary\"
                    >
                      <ArrowLeft className=\"w-5 h-5\" />
                    </button>
                  )}
                  <div>
                    <h2 className=\"text-2xl font-black text-slate-900 uppercase tracking-tight\">
                      {step === 1 ? 'Chß╗ìn kh├ích h├áng' : 'Th├┤ng tin lß╗ïch hß║╣n'}
                    </h2>
                    <p className=\"text-sm text-slate-500 font-bold\">B╞░ß╗¢c {step} / 2</p>
                  </div>
                </div>
                <button 
                  onClick={onClose}
                  className=\"p-3 hover:bg-rose-50 rounded-2xl transition-all text-slate-400 hover:text-rose-500 group\"
                >
                  <X className=\"w-6 h-6 group-hover:rotate-90 transition-transform\" />
                </button>
              </div>

              <div className=\"p-8 max-h-[70vh] overflow-y-auto\">
                {step === 1 ? (
                  <div className=\"space-y-6\">
                    {/* Mode Toggle */}
                    <div className=\"flex p-1.5 bg-slate-100 rounded-2xl\">
                      <button 
                        onClick={() => setMode('search')}
                        className={cn(
                          \"flex-1 py-3 rounded-xl font-black text-sm transition-all flex items-center justify-center gap-2\",
                          mode === 'search' ? \"bg-white text-primary shadow-sm\" : \"text-slate-500 hover:text-slate-700\"
                        )}
                      >
                        <Search className=\"w-4 h-4\" /> Kh├ích c┼⌐
                      </button>
                      <button 
                        onClick={() => setMode('new')}
                        className={cn(
                          \"flex-1 py-3 rounded-xl font-black text-sm transition-all flex items-center justify-center gap-2\",
                          mode === 'new' ? \"bg-white text-primary shadow-sm\" : \"text-slate-500 hover:text-slate-700\"
                        )}
                      >
                        <Plus className=\"w-4 h-4\" /> Kh├ích mß╗¢i
                      </button>
                    </div>

                    {mode === 'search' ? (
                      <>
                        {/* Search */}
                        <div className=\"relative group\">
                          <Search className=\"absolute left-4 top-1/2 -translate-y-1/2 text-slate-400 group-focus-within:text-primary transition-colors w-5 h-5\" />
                          <input 
                            type=\"text\" 
                            placeholder={`T├¼m theo ${customerLabels.primaryNameLabel.toLowerCase()} hoß║╖c sß╗æ ─æiß╗çn thoß║íi...`}
                            value={searchQuery}
                            onChange={(e) => setSearchQuery(e.target.value)}
                            className=\"w-full pl-12 pr-6 py-4 bg-slate-50 border border-slate-100 rounded-2xl focus:ring-4 focus:ring-primary/10 focus:border-primary outline-none transition-all font-bold\"
                            autoFocus
                          />
                        </div>

                        {/* Customer List */}
                        <div className=\"space-y-3\">
                          {isLoading ? (
                            <div className=\"py-20 text-center\">
                              <Loader2 className=\"w-10 h-10 text-primary animate-spin mx-auto mb-4\" />
                              <p className=\"text-slate-500 font-bold\">─Éang tß║úi danh s├ích...</p>
                            </div>
                          ) : filteredCustomers.length > 0 ? (
                            filteredCustomers.map((customer) => (
                              <button
                                key={customer.id}
                                onClick={() => {
                                  setSelectedCustomer(customer);
                                  setStep(2);
                                }}
                                className=\"w-full flex items-center justify-between p-5 rounded-[1.5rem] border border-slate-100 hover:border-primary hover:bg-primary/5 transition-all group text-left\"
                              >
                                <div className=\"flex items-center gap-4\">
                                  <div className=\"w-12 h-12 bg-slate-100 rounded-xl flex items-center justify-center text-slate-500 group-hover:bg-primary/20 group-hover:text-primary transition-colors\">
                                    <User className=\"w-6 h-6\" />
                                  </div>
                                  <div>
                                    <h4 className=\"font-black text-slate-900 group-hover:text-primary transition-colors\">{customer.name_mother}</h4>
                                    <p className=\"text-sm text-slate-500 font-bold flex items-center gap-2\">
                                      <Phone className=\"w-4 h-4\" /> {customer.phone}
                                    </p>
                                  </div>
                                </div>
                                <ChevronRight className=\"w-5 h-5 text-slate-300 group-hover:text-primary group-hover:translate-x-1 transition-all\" />
                              </button>
                            ))
                          ) : (
                            <div className=\"py-12 text-center bg-slate-50 rounded-3xl border border-dashed border-slate-200\">
                              <p className=\"text-slate-400 font-bold italic mb-4\">Kh├┤ng t├¼m thß║Ñy kh├ích h├áng</p>
                              <button 
                                onClick={() => setMode('new')}
                                className=\"px-6 py-3 bg-white border border-primary text-primary rounded-xl font-black hover:bg-primary hover:text-white transition-all flex items-center gap-2 mx-auto\"
                              >
                                <Plus className=\"w-5 h-5\" /> Th├¬m kh├ích h├áng mß╗¢i
                              </button>
                            </div>
                          )}
                        </div>
                      </>
                    ) : (
                      <div className=\"space-y-5 animate-in fade-in slide-in-from-bottom-2 duration-300\">
                        <div className=\"space-y-2\">
                          <label className=\"text-xs font-black text-slate-400 uppercase tracking-widest flex items-center gap-2\">
                            <User className=\"w-4 h-4\" /> {customerLabels.primaryNameLabel}
                          </label>
                          <input 
                            type=\"text\" 
                            placeholder={customerLabels.primaryNamePlaceholder}
                            value={newCustomer.name_mother}
                            onChange={(e) => setNewCustomer({...newCustomer, name_mother: e.target.value})}
                            className=\"w-full px-5 py-4 bg-slate-50 border border-slate-100 rounded-2xl focus:border-primary outline-none font-bold\"
                          />
                        </div>
                        <div className=\"space-y-2\">
                          <label className=\"text-xs font-black text-slate-400 uppercase tracking-widest flex items-center gap-2\">
                            <Phone className=\"w-4 h-4\" /> Sß╗æ ─æiß╗çn thoß║íi
                          </label>
                          <input 
                            type=\"text\" 
                            placeholder=\"Nhß║¡p sß╗æ ─æiß╗çn thoß║íi...\" 
                            value={newCustomer.phone}
                            onChange={(e) => setNewCustomer({...newCustomer, phone: e.target.value})}
                            className=\"w-full px-5 py-4 bg-slate-50 border border-slate-100 rounded-2xl focus:border-primary outline-none font-bold\"
                          />
                        </div>
                        <div className=\"space-y-2\">
                          <label className=\"text-xs font-black text-slate-400 uppercase tracking-widest flex items-center gap-2\">
                            <Search className=\"w-4 h-4\" /> ─Éß╗ïa chß╗ë
                          </label>
                          <input 
                            type=\"text\" 
                            placeholder=\"Nhß║¡p ─æß╗ïa chß╗ë...\" 
                            value={newCustomer.address}
                            onChange={(e) => setNewCustomer({...newCustomer, address: e.target.value})}
                            className=\"w-full px-5 py-4 bg-slate-50 border border-slate-100 rounded-2xl focus:border-primary outline-none font-bold\"
                          />
                        </div>
                      </div>
                    )}
                  </div>
                ) : (
                  <div className=\"space-y-8\">
                    {/* Selected Customer Summary */}
                    <div className=\"flex items-center gap-4 p-5 bg-primary/5 rounded-3xl border border-primary/10\">
                      <div className=\"w-12 h-12 bg-primary/20 rounded-xl flex items-center justify-center text-primary\">
                        <User className=\"w-6 h-6\" />
                      </div>
                      <div>
                        <h4 className=\"font-black text-slate-900\">
                          {mode === 'new' ? newCustomer.name_mother : selectedCustomer?.name_mother}
                        </h4>
                        <p className=\"text-sm text-slate-500 font-bold\">
                          {mode === 'new' ? newCustomer.phone : selectedCustomer?.phone}
                        </p>
                      </div>
                      {mode === 'new' && (
                        <span className=\"ml-auto bg-primary/10 text-primary text-[10px] px-2 py-1 rounded-full font-black uppercase\">Mß╗¢i</span>
                      )}
                    </div>

                    {/* Service Selection */}
                    <div className=\"space-y-4\">
                      <label className=\"text-xs font-black text-slate-400 uppercase tracking-widest flex items-center gap-2\">
                        <Package className=\"w-4 h-4\" /> Chß╗ìn g├│i dß╗ïch vß╗Ñ
                      </label>
                      <div className=\"grid grid-cols-1 md:grid-cols-2 gap-3\">
                        {packages.map((pkg) => (
                          <button
                            key={pkg.id}
                            onClick={() => handleSelectService(pkg)}
                            className={cn(
                              \"p-4 rounded-2xl border text-left transition-all relative group\",
                              formData.package_id === pkg.id 
                                ? \"border-primary bg-primary/5 shadow-lg shadow-primary/5\" 
                                : \"border-slate-100 hover:border-primary/50\"
                            )}
                          >
                            {(formData.package_id === pkg.id || formData.package_name === pkg.name) && (
                              <CheckCircle2 className=\"absolute top-3 right-3 w-5 h-5 text-primary\" />
                            )}
                            <h5 className=\"font-black text-slate-900 group-hover:text-primary transition-colors\">{pkg.name}</h5>
                            <p className=\"text-xs text-slate-500 font-bold mt-1\">{pkg.total_sessions} buß╗òi - {formatNumberWithSeparator(pkg.price || pkg.full_price || 0)}─æ</p>
                          </button>
                        ))}
                        {packages.length === 0 && !isLoading && (
                          <p className=\"col-span-2 text-center py-4 text-slate-400 italic font-bold\">
                            Ch╞░a c├│ dß╗» liß╗çu g├│i dß╗ïch vß╗Ñ trong hß╗ç thß╗æng.
                          </p>
                        )}
                      </div>
                    </div>

                    {/* KTV & Date Form */}
                    <div className=\"grid grid-cols-1 md:grid-cols-2 gap-6\">
                      <div className=\"space-y-2\">
                        <label className=\"text-xs font-black text-slate-400 uppercase tracking-widest flex items-center gap-2\">
                          <User className=\"w-4 h-4\" /> Kß╗╣ thuß║¡t vi├¬n phß╗Ñ tr├ích
                        </label>
                        <div className=\"relative\">
                          <PremiumSelect 
                            value={formData.assigned_ktv_id}
                            options={[
                              { value: '', label: 'Ch╞░a ph├ón c├┤ng' },
                              ...ktvs.map(k => ({ value: k.id, label: k.full_name }))
                            ]}
                            onChange={(val) => setFormData({...formData, assigned_ktv_id: val})}
                            className=\"w-full\"
                          />
                        </div>
                      </div>
                      <div className=\"space-y-2\">
                        <label className=\"text-xs font-black text-slate-400 uppercase tracking-widest flex items-center gap-2\">
                          <Calendar className=\"w-4 h-4\" /> Ng├áy bß║»t ─æß║ºu
                        </label>
                        <input 
                          type=\"date\" 
                          value={formData.start_date}
                          min={getLocalDateString()}
                          onChange={(e) => setFormData({...formData, start_date: e.target.value})}
                          className=\"w-full px-5 py-4 bg-slate-50 border border-slate-100 rounded-2xl focus:border-primary outline-none font-bold text-sm\"
                        />
                      </div>
                      <div className=\"space-y-2\">
                        <label className=\"text-xs font-black text-slate-400 uppercase tracking-widest flex items-center gap-2\">
                          <Calendar className=\"w-4 h-4\" /> Giß╗¥ l├ám mß║╖c ─æß╗ïnh
                        </label>
                        <input 
                          type=\"time\" 
                          value={formData.preferred_time}
                          onChange={(e) => setFormData({...formData, preferred_time: e.target.value})}
                          className=\"w-full px-5 py-4 bg-slate-50 border border-slate-100 rounded-2xl focus:border-primary outline-none font-bold text-sm\"
                        />
                      </div>
                    </div>

                    <div className=\"grid grid-cols-1 md:grid-cols-2 gap-6\">
                      <div className=\"space-y-2\">
                        <label className=\"text-xs font-black text-slate-400 uppercase tracking-widest flex items-center gap-2\">
                          <Package className=\"w-4 h-4\" /> Sß╗æ buß╗òi liß╗çu tr├¼nh
                        </label>
                        <div className=\"relative\">
                          <input 
                            type=\"number\" 
                            min=\"1\"
                            max=\"100\"
                            value={formData.total_sessions}
                            onChange={(e) => setFormData({...formData, total_sessions: parseIntegerInput(e.target.value, { min: 1, max: 100, fallback: 1 })})}
                            className=\"w-full px-5 py-4 bg-slate-50 border border-slate-100 rounded-2xl focus:border-primary outline-none font-bold text-sm\"
                          />
                        </div>
                      </div>

                    <div className=\"space-y-2\">
                      <label className=\"text-xs font-black text-slate-400 uppercase tracking-widest flex items-center gap-2\">
                        <CreditCard className=\"w-4 h-4\" /> Tiß╗ün ─æß║╖t cß╗ìc bß╗ò sung (VN─É) {existingConfirmedPaidAmount > 0 && <span className=\"text-primary normal-case\">(─É├ú cß╗ìc tr╞░ß╗¢c: {formatNumberWithSeparator(existingConfirmedPaidAmount)}─æ)</span>}
                      </label>
                      <div className=\"relative\">
                        <input 
                          type=\"text\" 
                          placeholder=\"0\"
                          value={formatMoneyInput(formData.deposit_amount)}
                          onChange={(e) => {
                            setFormData({...formData, deposit_amount: parseMoneyInput(e.target.value)});
                          }}
                          className=\"w-full pl-5 pr-12 py-4 bg-slate-50 border border-slate-100 rounded-2xl focus:border-primary outline-none font-bold\"
                        />
                        <span className=\"absolute right-5 top-1/2 -translate-y-1/2 text-slate-400 font-bold\">─æ</span>
                      </div>
                      </div>
                    </div>

                    <div className=\"space-y-2 mb-6\">
                      <label className=\"text-xs font-black text-slate-400 uppercase tracking-widest flex items-center gap-2\">
                        <Tag className=\"w-4 h-4\" /> ╞»u ─æ├úi giß║úm gi├í (%)
                      </label>
                      <div className=\"relative\">
                        <input 
                          type=\"number\" 
                          placeholder=\"0\"
                          min=\"0\"
                          max=\"100\"
                          value={discountPercent}
                          onChange={handleDiscountChange}
                          className=\"w-full pl-5 pr-12 py-4 bg-slate-50 border border-slate-100 rounded-2xl focus:border-primary outline-none font-bold\"
                        />
                        <span className=\"absolute right-5 top-1/2 -translate-y-1/2 text-slate-400 font-bold\">%</span>
                      </div>
                    </div>

                    {/* Pricing Summary */}
                    <div className=\"p-6 luxury-card-pink rounded-[2rem]\">
                      <div className=\"flex justify-between items-center mb-4 opacity-70\">
                        <span className=\"font-bold\">Tß╗òng tiß╗ün g├│i</span>
                        <span className=\"font-bold\">{formatNumberWithSeparator(formData.full_price)}─æ</span>
                      </div>
                      {selectedDiscountPercent > 0 && (
                        <div className=\"flex justify-between items-center mb-4 opacity-70\">
                          <span className=\"font-bold\">Khuyß║┐n m├úi giß║úm gi├í ({discountPercent}%)</span>
                          <span className=\"font-bold text-rose-300\">-{formatNumberWithSeparator(previewDiscountAmount)}─æ</span>
                        </div>
                      )}
                      <div className=\"flex justify-between items-center mb-4 opacity-70\">
                        <span className=\"font-bold\">Tiß╗ün ─æ├ú ─æß║╖t cß╗ìc (Tß╗òng)</span>
                        <span className=\"font-bold\">-{formatNumberWithSeparator(previewPaymentState.totalPaid)}─æ</span>
                      </div>
                      <div className=\"flex justify-between items-center pt-4 border-t border-white/10\">
                        <span className=\"font-bold\">Cß║ºn thanh to├ín th├¬m</span>
                        <span className=\"text-2xl font-bold text-primary\">
                          {formatNumberWithSeparator(previewPaymentState.remainingDebt)}─æ
                        </span>
                      </div>
                    </div>
                  </div>
                )}
              </div>

              {/* Footer */}
              <div className=\"p-8 border-t border-slate-100 bg-slate-50/50 flex gap-4\">
                <button 
                  onClick={onClose}
                  className=\"flex-1 px-8 py-4 bg-white border border-slate-200 text-slate-600 rounded-2xl font-black hover:bg-slate-50 transition-all uppercase tracking-widest active:scale-95\"
                >
                  Hß╗ºy
                </button>
                <button 
                  disabled={
                    (step === 1 && mode === 'search') || 
                    (step === 1 && mode === 'new' && (!newCustomer.name_mother || !newCustomer.phone)) ||
                    (step === 2 && (!formData.package_name || isSubmitting))
                  }
                  onClick={() => {
                    if (step === 1) setStep(2);
                    else handleSubmit();
                  }}
                  className={cn(
                    \"flex-1 px-8 py-4 bg-primary text-white rounded-2xl font-black transition-all shadow-xl shadow-primary/20 uppercase tracking-widest active:scale-95 flex items-center justify-center gap-3\",
                    ((step === 1 && mode === 'search') || 
                     (step === 1 && mode === 'new' && (!newCustomer.name_mother || !newCustomer.phone)) ||
                     (step === 2 && (!formData.package_name || isSubmitting))) && \"opacity-50 cursor-not-allowed grayscale\"
                  )}
                >
                  {isSubmitting ? (
                    <Loader2 className=\"w-5 h-5 animate-spin\" />
                  ) : step === 1 ? (
                    <ChevronRight className=\"w-5 h-5\" />
                  ) : (
                    <CheckCircle2 className=\"w-5 h-5\" />
                  )}
                  {isSubmitting ? '─Éang l╞░u...' : step === 1 ? 'Tiß║┐p tß╗Ñc' : 'X├íc nhß║¡n tß║ío'}
                </button>
              </div>
            </motion.div>
          </div>
        </AnimatePresence>

        {/* VietQR Payment Modal for Deposit */}
        {qrModalData && (
          <VietQRPaymentModal
            isOpen={showQrModal}
            onClose={handleCloseQrModal}
            bookingNumber={qrModalData.bookingNumber}
            amount={qrModalData.amount}
            tenantInfo={qrModalData.tenantInfo}
          />
        )}
      </>
      );
    }

    'use client';

    import { formatMoneyInput, parseMoneyInput } from '@bella/shared';
    import { cn, parseIntegerInput, parsePercentInput } from '@/lib/utils';;
    import {
      getTenantModulePresentationOrNeutral,
    } from '@/lib/business-rules/tenant-module-presentation';
    import type { TenantModuleKey } from '@/lib/business-rules/tenant-modules';
    import { geocodeAddress } from '@/services/customer-actions';
    import { motion } from 'framer-motion';
    import { AlertCircle, Camera, CheckCircle2, CreditCard as CreditCardIcon, DollarSign as DollarIcon, FileText, Image as ImageIcon, Loader2, PlusCircle, Sparkles, User } from 'lucide-react';
    import Image from 'next/image';
    import { useEffect, useMemo, useState } from 'react';
    import { toast } from 'sonner';
    import type { EditBookingData, EditCustomerData, ModalStateSetter, PaymentData } from '../types';

    export function EditCustomerModal({
      isOpen,
      onClose,
      onConfirm,
      isSubmitting,
      data,
      setData,
      tenantModuleKey,
    }: {
      isOpen: boolean;
      onClose: () => void;
      onConfirm: () => void;
      isSubmitting: boolean;
      data: EditCustomerData;
      setData: ModalStateSetter<EditCustomerData>;
      tenantModuleKey: TenantModuleKey | null;
    }) {
      const [isGeocoding, setIsGeocoding] = useState(false);
      const customerLabels = getTenantModulePresentationOrNeutral(tenantModuleKey);

      if (!isOpen) return null;

      const handleAutoGeocode = async () => {
        if (!data.address) {
          toast.error('Vui l├▓ng nhß║¡p ─æß╗ïa chß╗ë tr╞░ß╗¢c khi lß║Ñy tß╗ìa ─æß╗Ö');
          return;
        }
        setIsGeocoding(true);
        try {
          const coords = await geocodeAddress(data.address);
          if (coords) {
            setData({
              ...data,
              latitude: coords.latitude,
              longitude: coords.longitude
            });
            toast.success(`─É├ú t├¼m thß║Ñy tß╗ìa ─æß╗Ö: ${coords.latitude}, ${coords.longitude}`);
          } else {
            toast.error('Kh├┤ng t├¼m thß║Ñy tß╗ìa ─æß╗Ö cho ─æß╗ïa chß╗ë n├áy. Vui l├▓ng nhß║¡p thß╗º c├┤ng.');
          }
        } catch {
          toast.error('Lß╗ùi khi ─æß╗ïnh vß╗ï ─æß╗ïa chß╗ë');
        } finally {
          setIsGeocoding(false);
        }
      };

      return (
        <div className=\"fixed inset-0 z-[150] flex items-center justify-center p-4\">
          <motion.div
            initial={{ opacity: 0 }}
            animate={{ opacity: 1 }}
            exit={{ opacity: 0 }}
            onClick={onClose}
            className=\"absolute inset-0 bg-[#1A0A0E]/80 backdrop-blur-md\"
          />

          <motion.div
            initial={{ scale: 0.9, opacity: 0, y: 20 }}
            animate={{ scale: 1, opacity: 1, y: 0 }}
            className=\"relative w-full max-w-2xl bg-white rounded-[2.5rem] shadow-2xl overflow-hidden\"
          >
            <div className=\"p-8 border-b border-slate-100 flex items-center justify-between bg-slate-50/50\">
              <div className=\"flex items-center gap-4\">
                <div className=\"w-12 h-12 bg-rose-500 rounded-2xl flex items-center justify-center text-white shadow-lg shadow-rose-200 dark:shadow-none\">
                  <User className=\"w-6 h-6\" />
                </div>
                <div>
                  <h2 className=\"text-xl font-black text-slate-900 uppercase tracking-tight\">Cß║¡p nhß║¡t th├┤ng tin</h2>
                  <p className=\"text-xs text-slate-500 font-bold italic\">{customerLabels.editDescription}</p>
                </div>
              </div>
              <button onClick={onClose} className=\"p-3 hover:bg-rose-50 rounded-2xl text-slate-400 hover:text-rose-500 transition-all\">
                <PlusCircle className=\"w-6 h-6 rotate-45\" />
              </button>
            </div>

            <div className=\"p-8 space-y-6 max-h-[70vh] overflow-y-auto custom-scrollbar\">
              <div className=\"grid grid-cols-2 gap-6\">
                <div className=\"space-y-2\">
                  <label className=\"text-[10px] font-black text-slate-400 uppercase tracking-widest ml-1\">{customerLabels.primaryNameLabel}</label>
                  <input
                    type=\"text\"
                    value={data.name_mother}
                    onChange={(e) => setData({ ...data, name_mother: e.target.value })}
                    className=\"w-full px-6 py-4 bg-slate-50 border border-slate-100 rounded-2xl focus:border-primary outline-none font-bold text-slate-700\"
                  />
                </div>
                <div className=\"space-y-2\">
                  <label className=\"text-[10px] font-black text-slate-400 uppercase tracking-widest ml-1\">Sß╗æ ─æiß╗çn thoß║íi</label>
                  <input
                    type=\"text\"
                    value={data.phone}
                    onChange={(e) => setData({ ...data, phone: e.target.value })}
                    className=\"w-full px-6 py-4 bg-slate-50 border border-slate-100 rounded-2xl focus:border-primary outline-none font-bold text-slate-700\"
                  />
                </div>
                <div className=\"space-y-2\">
                  <label className=\"text-[10px] font-black text-slate-400 uppercase tracking-widest ml-1\">{customerLabels.secondaryNameLabel}</label>
                  <input
                    type=\"text\"
                    value={data.name_baby}
                    onChange={(e) => setData({ ...data, name_baby: e.target.value })}
                    className=\"w-full px-6 py-4 bg-slate-50 border border-slate-100 rounded-2xl focus:border-primary outline-none font-bold text-slate-700\"
                  />
                </div>
                <div className=\"space-y-2\">
                  <label className=\"text-[10px] font-black text-slate-400 uppercase tracking-widest ml-1\">{customerLabels.secondaryDateLabel}</label>
                  <input
                    type=\"date\"
                    value={data.dob_baby || data.dob_expected || ''}
                    onChange={(e) => setData({ ...data, dob_baby: e.target.value, dob_expected: e.target.value })}
                    className=\"w-full px-6 py-4 bg-slate-50 border border-slate-100 rounded-2xl focus:border-primary outline-none font-bold text-slate-700\"
                  />
                </div>
              </div>

              <div className=\"space-y-3\">
                <label className=\"text-[10px] font-black text-slate-400 uppercase tracking-widest ml-1\">{customerLabels.secondaryGenderLabel}</label>
                <div className=\"grid grid-cols-3 gap-4\">
                  {customerLabels.genderOptions.map(g => (
                    <button
                      key={g.id}
                      type=\"button\"
                      onClick={() => setData({ ...data, gender_baby: g.id })}
                      className={cn(
                        \"py-2.5 rounded-2xl font-black text-[10px] uppercase tracking-widest transition-all border\",
                        data.gender_baby === g.id
                          ? \"bg-primary text-white border-primary shadow-xl shadow-primary/20 scale-[1.02]\"
                          : \"bg-slate-50 text-slate-400 border-slate-100 hover:border-primary/30\"
                      )}
                    >
                      {g.label}
                    </button>
                  ))}
                </div>
              </div>

              <div className=\"space-y-2\">
                <div className=\"flex justify-between items-center\">
                  <label className=\"text-[10px] font-black text-slate-400 uppercase tracking-widest ml-1\">─Éß╗ïa chß╗ë</label>
                  <button
                    type=\"button\"
                    onClick={handleAutoGeocode}
                    disabled={isGeocoding}
                    className=\"text-[9px] font-black text-primary hover:text-rose-600 uppercase tracking-widest flex items-center gap-1 transition-colors disabled:opacity-50\"
                  >
                    {isGeocoding ? (
                      <>
                        <Loader2 className=\"w-3 h-3 animate-spin\" />
                        ─Éang t├¼m...
                      </>
                    ) : (
                      <>
                        <Sparkles className=\"w-3 h-3\" />
                        Tß╗▒ ─æß╗Öng lß║Ñy tß╗ìa ─æß╗Ö
                      </>
                    )}
                  </button>
                </div>
                <textarea
                  value={data.address}
                  onChange={(e) => setData({ ...data, address: e.target.value })}
                  className=\"w-full px-6 py-4 bg-slate-50 border border-slate-100 rounded-2xl focus:border-primary outline-none font-bold text-slate-700 h-20 resize-none\"
                />
              </div>

              <div className=\"grid grid-cols-2 gap-6\">
                <div className=\"space-y-2\">
                  <label className=\"text-[10px] font-black text-slate-400 uppercase tracking-widest ml-1\">{customerLabels.locationLatitudeLabel}</label>
                  <input
                    type=\"number\"
                    step=\"any\"
                    placeholder=\"V├¡ dß╗Ñ: 10.7756\"
                    value={data.latitude === null || data.latitude === undefined ? '' : data.latitude}
                    onChange={(e) => setData({ ...data, latitude: e.target.value ? parseFloat(e.target.value) : null })}
                    className=\"w-full px-6 py-4 bg-slate-50 border border-slate-100 rounded-2xl focus:border-primary outline-none font-bold text-slate-700\"
                  />
                </div>
                <div className=\"space-y-2\">
                  <label className=\"text-[10px] font-black text-slate-400 uppercase tracking-widest ml-1\">{customerLabels.locationLongitudeLabel}</label>
                  <input
                    type=\"number\"
                    step=\"any\"
                    placeholder=\"V├¡ dß╗Ñ: 106.7019\"
                    value={data.longitude === null || data.longitude === undefined ? '' : data.longitude}
                    onChange={(e) => setData({ ...data, longitude: e.target.value ? parseFloat(e.target.value) : null })}
                    className=\"w-full px-6 py-4 bg-slate-50 border border-slate-100 rounded-2xl focus:border-primary outline-none font-bold text-slate-700\"
                  />
                </div>
              </div>
            </div>

            <div className=\"p-8 bg-slate-50/50 border-t border-slate-100 flex gap-4\">
              <button onClick={onClose} className=\"flex-1 py-4 bg-white border border-slate-200 text-slate-600 rounded-2xl font-black uppercase tracking-widest text-xs hover:bg-slate-50 transition-all\">Hß╗ºy</button>
              <button
                disabled={isSubmitting}
                onClick={onConfirm}
                className=\"flex-1 py-4 bg-primary text-white rounded-2xl font-black uppercase tracking-widest text-xs shadow-xl shadow-primary/20 hover:scale-[1.02] active:scale-95 transition-all flex items-center justify-center gap-2\"
              >
                {isSubmitting ? <Loader2 className=\"w-4 h-4 animate-spin\" /> : <CheckCircle2 className=\"w-4 h-4\" />}
                L╞░u thay ─æß╗òi
              </button>
            </div>
          </motion.div>
        </div>
      );
    }

    export function BookingPaymentModal({
      isOpen,
      onClose,
      onConfirm,
      isSubmitting,
      data,
      setData,
      file,
      setFile,
      customerName,
    }: {
      isOpen: boolean;
      onClose: () => void;
      onConfirm: () => void;
      isSubmitting: boolean;
      data: PaymentData;
      setData: ModalStateSetter<PaymentData>;
      file: File | null;
      setFile: ModalStateSetter<File | null>;
      customerName: string;
    }) {
      const previewUrl = useMemo(() => (file ? URL.createObjectURL(file) : null), [file]);

      useEffect(() => {
        return () => {
          if (previewUrl) URL.revokeObjectURL(previewUrl);
        };
      }, [previewUrl]);

      if (!isOpen) return null;

      return (
        <div className=\"fixed inset-0 z-[150] flex items-center justify-center p-4\">
          <motion.div
            initial={{ opacity: 0 }}
            animate={{ opacity: 1 }}
            exit={{ opacity: 0 }}
            onClick={onClose}
            className=\"absolute inset-0 bg-[#1A0A0E]/80 backdrop-blur-md\"
          />

          <motion.div
            initial={{ scale: 0.9, opacity: 0, y: 20 }}
            animate={{ scale: 1, opacity: 1, y: 0 }}
            className=\"relative w-full max-w-lg bg-white rounded-[2.5rem] shadow-2xl overflow-hidden\"
          >
            <div className=\"p-8 border-b border-slate-100 flex items-center justify-between bg-slate-50/50\">
              <div>
                <h2 className=\"text-2xl font-black text-slate-900 uppercase tracking-tight\">X├íc nhß║¡n thanh to├ín</h2>
                <p className=\"text-sm font-bold text-primary flex items-center gap-2\">
                  <User className=\"w-4 h-4\" />
                  Kh├ích h├áng: {customerName}
                </p>
              </div>
              <button onClick={onClose} className=\"p-3 hover:bg-rose-50 rounded-2xl text-slate-400 hover:text-rose-500 transition-all\">
                <PlusCircle className=\"w-6 h-6 rotate-45\" />
              </button>
            </div>

            <div className=\"p-8 space-y-6 max-h-[60vh] overflow-y-auto custom-scrollbar\">
              <div className=\"space-y-2\">
                <label className=\"text-[10px] font-black text-slate-400 uppercase tracking-widest flex items-center gap-2\">
                  <DollarIcon className=\"w-3.5 h-3.5\" /> Sß╗æ tiß╗ün thanh to├ín
                </label>
                <div className=\"relative\">
                  <input
                    type=\"text\"
                    value={formatMoneyInput(data.amount)}
                    onChange={(e) => {
                      setData({ ...data, amount: parseMoneyInput(e.target.value) });
                    }}
                    className=\"w-full px-6 py-4 bg-slate-50 border border-slate-100 rounded-2xl focus:border-primary outline-none font-black text-lg text-primary\"
                  />
                  <span className=\"absolute right-6 top-1/2 -translate-y-1/2 font-black text-slate-300\">VN─É</span>
                </div>
              </div>

              <div className=\"space-y-2\">
                <label className=\"text-[10px] font-black text-slate-400 uppercase tracking-widest flex items-center gap-2\">
                  <CreditCardIcon className=\"w-3.5 h-3.5\" /> Ph╞░╞íng thß╗⌐c
                </label>
                <div className=\"grid grid-cols-2 gap-3\">
                  {[
                    { id: 'bank_transfer', label: 'Chuyß╗ân khoß║ún' },
                    { id: 'cash', label: 'Tiß╗ün mß║╖t' }
                  ].map(m => (
                    <button
                      key={m.id}
                      onClick={() => setData({ ...data, method: m.id })}
                      className={cn(
                        \"py-3 px-4 rounded-xl font-bold text-sm transition-all border\",
                        data.method === m.id
                          ? \"bg-primary text-white border-primary shadow-lg shadow-primary/20\"
                          : \"bg-slate-50 text-slate-500 border-slate-100 hover:border-primary/30\"
                      )}
                    >
                      {m.label}
                    </button>
                  ))}
                </div>
              </div>

              <div className=\"space-y-2\">
                <label className=\"text-[10px] font-black text-slate-400 uppercase tracking-widest flex items-center gap-2\">
                  <Camera className=\"w-3.5 h-3.5\" /> Minh chß╗⌐ng thanh to├ín (Bill)
                </label>

                <div className=\"relative group\">
                  {file ? (
                    <div className=\"relative w-full aspect-video rounded-2xl overflow-hidden border border-slate-200 group\">
                      {previewUrl && (
                        <Image
                          src={previewUrl}
                          alt=\"Preview\"
                          fill
                          sizes=\"(max-width: 768px) 100vw, 480px\"
                          className=\"object-cover\"
                          unoptimized
                        />
                      )}
                      <div className=\"absolute inset-0 bg-black/40 opacity-0 group-hover:opacity-100 transition-opacity flex items-center justify-center\">
                        <button
                          onClick={() => setFile(null)}
                          className=\"bg-white text-rose-500 p-2 rounded-xl font-black text-xs uppercase\"
                        >
                          Thay ─æß╗òi ß║únh
                        </button>
                      </div>
                    </div>
                  ) : (
                    <label className=\"w-full h-32 border-2 border-dashed border-slate-200 rounded-[2rem] flex flex-col items-center justify-center gap-2 cursor-pointer hover:bg-slate-50 hover:border-primary/30 transition-all\">
                      <div className=\"w-12 h-12 bg-rose-50 rounded-2xl flex items-center justify-center text-primary\">
                        <ImageIcon className=\"w-6 h-6\" />
                      </div>
                      <span className=\"text-xs font-black text-slate-400 uppercase tracking-widest\">Tß║úi l├¬n ß║únh Bill</span>
                      <input
                        type=\"file\"
                        accept=\"image/*\"
                        onChange={(e) => setFile(e.target.files?.[0] || null)}
                        className=\"hidden\"
                      />
                    </label>
                  )}
                </div>
                {!file && (
                  <div className=\"relative group mt-3\">
                    <ImageIcon className=\"absolute left-4 top-1/2 -translate-y-1/2 text-slate-300 w-5 h-5\" />
                    <input
                      type=\"text\"
                      placeholder=\"Hoß║╖c d├ín link ß║únh trß╗▒c tiß║┐p...\"
                      value={data.receipt_url}
                      onChange={(e) => setData({ ...data, receipt_url: e.target.value })}
                      className=\"w-full pl-12 pr-6 py-4 bg-slate-50 border border-slate-100 rounded-2xl focus:border-primary outline-none font-bold text-xs\"
                    />
                  </div>
                )}
              </div>

              <div className=\"space-y-2\">
                <label className=\"text-[10px] font-black text-slate-400 uppercase tracking-widest flex items-center gap-2\">
                  <FileText className=\"w-3.5 h-3.5\" /> Ghi ch├║
                </label>
                <textarea
                  placeholder=\"Nhß║¡p ghi ch├║ thanh to├ín...\"
                  value={data.notes}
                  onChange={(e) => setData({ ...data, notes: e.target.value })}
                  className=\"w-full px-6 py-4 bg-slate-50 border border-slate-100 rounded-2xl focus:border-primary outline-none font-bold text-sm h-24 resize-none\"
                />
              </div>

              <div className=\"space-y-3\">
                <label className=\"text-[10px] font-black text-slate-400 uppercase tracking-widest\">Ghi nhß║¡n t├ái ch├¡nh</label>
                <div
                  onClick={() => setData({ ...data, status: data.status === 'confirmed' ? 'pending' : 'confirmed' })}
                  className={cn(
                    \"flex items-center justify-between p-4 rounded-2xl border-2 cursor-pointer transition-all\",
                    data.status === 'confirmed'
                      ? \"bg-emerald-50 border-emerald-200 text-emerald-700\"
                      : \"bg-slate-50 border-transparent text-slate-500\"
                  )}
                >
                  <div className=\"flex items-center gap-2\">
                    {data.status === 'confirmed' ? <CheckCircle2 className=\"w-4 h-4\" /> : <AlertCircle className=\"w-4 h-4\" />}
                    <span className=\"text-[10px] font-black uppercase tracking-wider\">{data.status === 'confirmed' ? 'X├íc nhß║¡n ngay (V├áo b├ío c├ío)' : 'Chß╗¥ ph├¬ duyß╗çt'}</span>
                  </div>
                  <div className={cn(
                    \"w-10 h-5 rounded-full relative transition-all\",
                    data.status === 'confirmed' ? \"bg-emerald-500\" : \"bg-slate-300\"
                  )}>
                    <div className={cn(
                      \"absolute top-1 w-3 h-3 bg-white rounded-full transition-all\",
                      data.status === 'confirmed' ? \"left-6\" : \"left-1\"
                    )} />
                  </div>
                </div>
              </div>
            </div>

            <div className=\"p-8 bg-slate-50/50 border-t border-slate-100 flex gap-4\">
              <button onClick={onClose} className=\"flex-1 py-4 bg-white border border-slate-200 text-slate-600 rounded-2xl font-black uppercase tracking-widest text-xs hover:bg-slate-50 transition-all\">Hß╗ºy</button>
              <button
                disabled={isSubmitting || data.amount <= 0}
                onClick={onConfirm}
                className=\"flex-1 py-4 bg-primary text-white rounded-2xl font-black uppercase tracking-widest text-xs shadow-xl shadow-primary/20 hover:scale-[1.02] active:scale-95 transition-all flex items-center justify-center gap-2\"
              >
                {isSubmitting ? <Loader2 className=\"w-4 h-4 animate-spin\" /> : <CheckCircle2 className=\"w-4 h-4\" />}
                X├íc nhß║¡n thu tiß╗ün
              </button>
            </div>
          </motion.div>
        </div>
      );
    }

    export function EditBookingModal({
      isOpen,
      onClose,
      onConfirm,
      isSubmitting,
      data,
      setData,
    }: {
      isOpen: boolean;
      onClose: () => void;
      onConfirm: () => void;
      isSubmitting: boolean;
      data: EditBookingData;
      setData: ModalStateSetter<EditBookingData>;
    }) {
      if (!isOpen) return null;

      return (
        <div className=\"fixed inset-0 z-[150] flex items-center justify-center p-4\">
          <motion.div
            initial={{ opacity: 0 }}
            animate={{ opacity: 1 }}
            exit={{ opacity: 0 }}
            onClick={onClose}
            className=\"absolute inset-0 bg-[#1A0A0E]/80 backdrop-blur-md\"
          />

          <motion.div
            initial={{ scale: 0.9, opacity: 0, y: 20 }}
            animate={{ scale: 1, opacity: 1, y: 0 }}
            className=\"relative w-full max-w-2xl bg-white rounded-[2.5rem] shadow-2xl overflow-hidden\"
          >
            <div className=\"p-8 border-b border-slate-100 flex items-center justify-between bg-slate-50/50\">
              <div className=\"flex items-center gap-4\">
                <div className=\"w-12 h-12 bg-amber-500 rounded-2xl flex items-center justify-center text-white shadow-lg shadow-amber-200\">
                  <Sparkles className=\"w-6 h-6\" />
                </div>
                <div>
                  <h2 className=\"text-xl font-black text-slate-900 uppercase tracking-tight\">Sß╗¡a g├│i dß╗ïch vß╗Ñ</h2>
                  <p className=\"text-xs text-slate-500 font-bold italic\">─Éiß╗üu chß╗ënh chi tiß║┐t g├│i liß╗çu tr├¼nh cß╗ºa kh├ích</p>
                </div>
              </div>
              <button onClick={onClose} className=\"p-3 hover:bg-rose-50 rounded-2xl text-slate-400 hover:text-rose-500 transition-all\">
                <PlusCircle className=\"w-6 h-6 rotate-45\" />
              </button>
            </div>

            <div className=\"p-8 space-y-6 max-h-[70vh] overflow-y-auto custom-scrollbar\">
              <div className=\"space-y-2\">
                <label className=\"text-[10px] font-black text-slate-400 uppercase tracking-widest ml-1\">T├¬n g├│i dß╗ïch vß╗Ñ</label>
                <input
                  type=\"text\"
                  value={data.package_name}
                  onChange={(e) => setData({ ...data, package_name: e.target.value })}
                  className=\"w-full px-6 py-4 bg-slate-50 border border-slate-100 rounded-2xl focus:border-primary outline-none font-bold text-slate-700\"
                  placeholder=\"Nhß║¡p t├¬n g├│i dß╗ïch vß╗Ñ...\"
                />
              </div>

              <div className=\"grid grid-cols-2 gap-6\">
                <div className=\"space-y-2\">
                  <label className=\"text-[10px] font-black text-slate-400 uppercase tracking-widest ml-1\">Tß╗òng cß╗Öng (Gi├í gß╗æc)</label>
                  <div className=\"relative\">
                    <input
                      type=\"text\"
                      value={formatMoneyInput(data.full_price)}
                      onChange={(e) => {
                        setData({ ...data, full_price: parseMoneyInput(e.target.value) });
                      }}
                      className=\"w-full px-6 py-4 bg-slate-50 border border-slate-100 rounded-2xl focus:border-primary outline-none font-bold text-slate-700\"
                    />
                    <span className=\"absolute right-6 top-1/2 -translate-y-1/2 font-bold text-slate-400 text-xs\">VN─É</span>
                  </div>
                </div>

                <div className=\"space-y-2\">
                  <label className=\"text-[10px] font-black text-slate-400 uppercase tracking-widest ml-1\">Chiß║┐t khß║Ñu (%)</label>
                  <div className=\"relative\">
                    <input
                      type=\"number\"
                      min=\"0\"
                      max=\"100\"
                      value={data.discount_percent.toString()}
                      onChange={(e) => setData({ ...data, discount_percent: parsePercentInput(e.target.value) })}
                      className=\"w-full px-6 py-4 bg-slate-50 border border-slate-100 rounded-2xl focus:border-primary outline-none font-bold text-slate-700\"
                    />
                    <span className=\"absolute right-6 top-1/2 -translate-y-1/2 font-bold text-slate-400 text-xs\">%</span>
                  </div>
                </div>

                <div className=\"space-y-2\">
                  <label className=\"text-[10px] font-black text-slate-400 uppercase tracking-widest ml-1\">─É├ú thanh to├ín / Cß╗ìc</label>
                  <div className=\"relative\">
                    <input
                      type=\"text\"
                      value={formatMoneyInput(data.deposit_amount)}
                      onChange={(e) => {
                        setData({ ...data, deposit_amount: parseMoneyInput(e.target.value) });
                      }}
                      className=\"w-full px-6 py-4 bg-slate-50 border border-slate-100 rounded-2xl focus:border-primary outline-none font-bold text-slate-700\"
                    />
                    <span className=\"absolute right-6 top-1/2 -translate-y-1/2 font-bold text-slate-400 text-xs\">VN─É</span>
                  </div>
                </div>

                <div className=\"space-y-2\">
                  <label className=\"text-[10px] font-black text-slate-400 uppercase tracking-widest ml-1\">Tß╗òng sß╗æ buß╗òi</label>
                  <input
                    type=\"number\"
                    value={data.total_sessions.toString()}
                    onChange={(e) => setData({ ...data, total_sessions: parseIntegerInput(e.target.value, { min: 0, max: 100 }) })}
                    className=\"w-full px-6 py-4 bg-slate-50 border border-slate-100 rounded-2xl focus:border-primary outline-none font-bold text-slate-700\"
                  />
                </div>

                <div className=\"space-y-2\">
                  <label className=\"text-[10px] font-black text-slate-400 uppercase tracking-widest ml-1\">Buß╗òi ─æ├ú ho├án th├ánh</label>
                  <input
                    type=\"number\"
                    value={data.completed_sessions.toString()}
                    onChange={(e) => setData({ ...data, completed_sessions: parseIntegerInput(e.target.value, { min: 0, max: 100 }) })}
                    className=\"w-full px-6 py-4 bg-slate-50 border border-slate-100 rounded-2xl focus:border-primary outline-none font-bold text-slate-700\"
                  />
                </div>

                <div className=\"space-y-2\">
                  <label className=\"text-[10px] font-black text-slate-400 uppercase tracking-widest ml-1\">Giß╗¥ ch─âm s├│c mß║╖c ─æß╗ïnh</label>
                  <input
                    type=\"time\"
                    value={data.preferred_time}
                    onChange={(e) => setData({ ...data, preferred_time: e.target.value })}
                    className=\"w-full px-6 py-4 bg-slate-50 border border-slate-100 rounded-2xl focus:border-primary outline-none font-bold text-slate-700\"
                  />
                </div>

                <div className=\"space-y-2\">
                  <label className=\"text-[10px] font-black text-slate-400 uppercase tracking-widest ml-1\">Ng├áy bß║»t ─æß║ºu liß╗çu tr├¼nh</label>
                  <input
                    type=\"date\"
                    value={data.start_date}
                    onChange={(e) => setData({ ...data, start_date: e.target.value })}
                    className=\"w-full px-6 py-4 bg-slate-50 border border-slate-100 rounded-2xl focus:border-primary outline-none font-bold text-slate-700\"
                  />
                </div>

                <div className=\"space-y-2\">
                  <label className=\"text-[10px] font-black text-slate-400 uppercase tracking-widest ml-1\">Trß║íng th├íi g├│i</label>
                  <select
                    value={data.status}
                    onChange={(e) => setData({ ...data, status: e.target.value })}
                    className=\"w-full px-6 py-4 bg-slate-50 border border-slate-100 rounded-2xl focus:border-primary outline-none font-bold text-slate-700 appearance-none\"
                  >
                    <option value=\"in_progress\">─Éang thß╗▒c hiß╗çn</option>
                    <option value=\"completed\">─É├ú ho├án th├ánh</option>
                    <option value=\"cancelled\">─É├ú hß╗ºy</option>
                    <option value=\"deposit_pending\">Chß╗¥ ─æß║╖t cß╗ìc / Phiß║┐u cß╗ìc</option>
                  </select>
                </div>
              </div>
            </div>

            <div className=\"p-8 bg-slate-50/50 border-t border-slate-100 flex gap-4\">
              <button onClick={onClose} className=\"flex-1 py-4 bg-white border border-slate-200 text-slate-600 rounded-2xl font-black uppercase tracking-widest text-xs hover:bg-slate-50 transition-all\">Hß╗ºy</button>
              <button
                disabled={isSubmitting}
                onClick={onConfirm}
                className=\"flex-1 py-4 bg-amber-500 text-white rounded-2xl font-black uppercase tracking-widest text-xs shadow-xl shadow-amber-500/20 hover:scale-[1.02] active:scale-95 transition-all flex items-center justify-center gap-2\"
              >
                {isSubmitting ? <Loader2 className=\"w-4 h-4 animate-spin\" /> : <CheckCircle2 className=\"w-4 h-4\" />}
                L╞░u thay ─æß╗òi
              </button>
            </div>
          </motion.div>
        </div>
      );
    }

    'use client';

    import type { ReceiptData } from '@/components/common/PaymentReceiptTemplate';
    import { usePageRefresh } from '@/hooks/usePageRefresh';
    import { calculateBookingPaymentState, normalizeDiscountPercent } from '@/lib/business-rules/payment';
    import {
      getCustomerGenderPresentation,
      getTenantModulePresentationOrNeutral,
    } from '@/lib/business-rules/tenant-module-presentation';
    import {
      getDefaultTenantModuleKey,
      resolveTenantBrandIdentity,
      type ResolvedTenantBrandIdentity,
      type TenantModuleKey,
    } from '@/lib/business-rules/tenant-modules';
    import { createClient } from '@/lib/supabase-client';
    import { parseMoneyInput } from '@bella/shared';
    import { parseIntegerInput } from '@/lib/utils';;
    import { generateShareToken, getBookingsByCustomerId, recordRemainingPayment, reusePackage, updateBooking } from '@/core/services/order';
    import { getCustomerById, updateCustomer } from '@/services/customer-actions';
    import { getTenantSettings } from '@/services/tenant-actions';
    import { getCurrentUser, getUsers } from '@/services/user-actions';
    import { toPng } from 'html-to-image';
    import { useParams, useRouter, useSearchParams } from 'next/navigation';
    import { useCallback, useEffect, useMemo, useRef, useState } from 'react';
    import { toast } from 'sonner';
    import type { CustomerDetailBooking, CustomerDetailRecord, EditBookingData, EditCustomerData, KtvOption, PaymentData } from './types';

    function getErrorMessage(error: unknown, fallback = 'Lß╗ùi kh├┤ng x├íc ─æß╗ïnh') {
      return error instanceof Error ? error.message : fallback;
    }

    function toCustomerDetailRecord(
      data: Awaited<ReturnType<typeof getCustomerById>>,
      bookings: CustomerDetailBooking[],
      moduleKey: TenantModuleKey | null,
    ): CustomerDetailRecord | null {
      if (!data) return null;
      const labels = getTenantModulePresentationOrNeutral(moduleKey);
      const gender = getCustomerGenderPresentation(data.gender_baby, moduleKey);

      return {
        ...data,
        baby: {
          name: data.name_baby || labels.secondaryFallback,
          dob: data.dob_baby || data.dob_expected || 'Ch╞░a cß║¡p nhß║¡t',
          gender: gender.label,
        },
        sessions: (data as { sessions?: unknown[] }).sessions || [],
        allBookings: bookings || [],
      };
    }

    function pickDefaultBooking(bookings: CustomerDetailBooking[], targetBookingId: string | null) {
      if (targetBookingId) {
        const found = bookings.find((booking) => booking.id === targetBookingId);
        if (found) return found;
      }

      const priority = (status: string) => {
        if (status === 'active' || status === 'in_progress') return 0;
        if (status === 'booked') return 1;
        if (status === 'deposit_pending') return 2;
        if (status === 'completed') return 3;
        return 4;
      };

      return [...bookings].sort((a, b) => {
        const pA = priority(a.status || '');
        const pB = priority(b.status || '');

        if (pA !== pB) return pA - pB;
        return new Date(b.created_at || 0).getTime() - new Date(a.created_at || 0).getTime();
      })[0];
    }

    export function useCustomerDetailController() {
      const params = useParams();
      const router = useRouter();
      const searchParams = useSearchParams();
      const id = params.id as string;
      const targetBookingId = searchParams.get('bookingId');

      const [customer, setCustomer] = useState<CustomerDetailRecord | null>(null);
      const [loading, setLoading] = useState(true);         // Phase 1: critical data
      const [secondaryLoading, setSecondaryLoading] = useState(true); // Phase 2: KTVs, role
      const [isBookingModalOpen, setIsBookingModalOpen] = useState(false);
      const [activeBooking, setActiveBooking] = useState<CustomerDetailBooking | null>(null);
      const [ktvs, setKtvs] = useState<KtvOption[]>([]);
      const [isUpdatingKTV, setIsUpdatingKTV] = useState(false);
      const [isPaymentModalOpen, setIsPaymentModalOpen] = useState(false);
      const [isRecordingPayment, setIsRecordingPayment] = useState(false);
      const [paymentFile, setPaymentFile] = useState<File | null>(null);
      const [paymentData, setPaymentData] = useState<PaymentData>({
        amount: 0,
        method: 'bank_transfer',
        notes: '',
        receipt_url: '',
        status: 'confirmed',
      });
      const [userRole, setUserRole] = useState<'admin' | 'ktv'>('ktv');
      const [tenantModuleKey, setTenantModuleKey] = useState<TenantModuleKey | null>(null);
      const [tenantBrand, setTenantBrand] = useState<ResolvedTenantBrandIdentity | null>(null);
      const [isExportingQuotation, setIsExportingQuotation] = useState(false);
      const [isEditModalOpen, setIsEditModalOpen] = useState(false);
      const [isUpdatingCustomer, setIsUpdatingCustomer] = useState(false);
      const [editData, setEditData] = useState<EditCustomerData>({
        name_mother: '',
        phone: '',
        name_baby: '',
        dob_expected: '',
        dob_baby: '',
        address: '',
        notes: '',
        gender_baby: 'unknown',
        latitude: null,
        longitude: null,
      });
      const [isEditBookingModalOpen, setIsEditBookingModalOpen] = useState(false);
      const [isSavingBooking, setIsSavingBooking] = useState(false);
      const [editBookingData, setEditBookingData] = useState<EditBookingData>({
        package_name: '',
        full_price: 0,
        deposit_amount: 0,
        discount_percent: 0,
        total_sessions: 0,
        completed_sessions: 0,
        preferred_time: '08:00',
        start_date: '',
        status: 'in_progress',
      });
      const [isReusing, setIsReusing] = useState(false);
      const quotationRef = useRef<HTMLDivElement>(null);
      const customerBookingIdsRef = useRef<Set<string>>(new Set());
      const reloadTimerRef = useRef<ReturnType<typeof setTimeout> | null>(null);
      const activeBookingIdRef = useRef<string | null>(null); // Track user-selected booking
      
      // Wrapper to update both state and ref when user manually changes booking
      const setActiveBookingWithTracking = useCallback((booking: CustomerDetailBooking | null) => {
        console.log('[setActiveBooking] User selected:', booking?.id, booking?.package_name);
        setActiveBooking(booking);
        activeBookingIdRef.current = booking?.id || null;
      }, []);

      const loadData = useCallback(async (options?: { preserveSelection?: boolean }) => {
        if (!id) return;

        // ΓöÇΓöÇΓöÇ PHASE 1: Critical data ΓÇö customer profile + bookings ΓöÇΓöÇΓöÇΓöÇΓöÇΓöÇΓöÇΓöÇΓöÇΓöÇΓöÇΓöÇΓöÇΓöÇΓöÇΓöÇΓöÇΓöÇΓöÇ
        // Runs immediately and clears the full-page spinner as soon as possible.
        // Tenant settings are deferred to Phase 2 since they only affect
        // branding labels, not core booking data.
        try {
          const [data, bookings] = await Promise.all([
            getCustomerById(id),
            getBookingsByCustomerId(id) as Promise<CustomerDetailBooking[]>,
          ]);

          customerBookingIdsRef.current = new Set(bookings.map((booking) => booking.id));
          // Use a placeholder module key so the page renders immediately;
          // it will be updated once tenant settings arrive in Phase 2.
          const customerRecord = toCustomerDetailRecord(data, bookings, tenantModuleKey);

          if (customerRecord) {
            setCustomer(customerRecord);

            if (options?.preserveSelection && activeBookingIdRef.current) {
              const currentBookingStillExists = bookings.some(b => b.id === activeBookingIdRef.current);
              if (currentBookingStillExists) {
                const updatedActiveBooking = bookings.find(b => b.id === activeBookingIdRef.current) || null;
                setActiveBooking(updatedActiveBooking);
              } else {
                const defaultBooking = bookings.length > 0 ? pickDefaultBooking(bookings, targetBookingId) : null;
                setActiveBooking(defaultBooking);
                activeBookingIdRef.current = defaultBooking?.id || null;
              }
            } else {
              const defaultBooking = bookings.length > 0 ? pickDefaultBooking(bookings, targetBookingId) : null;
              setActiveBooking(defaultBooking);
              activeBookingIdRef.current = defaultBooking?.id || null;
            }
          }
        } catch (error) {
          console.error('Error loading customer:', error);
          toast.error('Lß╗ùi khi tß║úi dß╗» liß╗çu');
        } finally {
          // Phase 1 complete ΓÇö UI is now visible and interactive
          setLoading(false);
        }

        // ΓöÇΓöÇΓöÇ PHASE 2: Secondary data ΓÇö tenant branding, loaded silently ΓöÇΓöÇΓöÇΓöÇΓöÇΓöÇΓöÇΓöÇΓöÇΓöÇΓöÇΓöÇΓöÇ
        // Does NOT block UI. Runs after the page is already visible.
        try {
          const tenant = await getTenantSettings();
          const nextTenantModuleKey = getDefaultTenantModuleKey(tenant?.enabled_modules);
          setTenantModuleKey(nextTenantModuleKey);
          setTenantBrand(resolveTenantBrandIdentity({
            enabledModules: tenant?.enabled_modules,
            brandTheme: tenant?.brand_theme,
            logoUrl: tenant?.logo_url,
            tenantName: tenant?.name,
            surface: 'invoice',
          }));
          // Re-map customer record now that we have the correct module key
          setCustomer(prev => prev ? { ...prev } : prev);
        } catch (error) {
          console.error('[Phase 2] Error loading tenant settings:', error);
        } finally {
          setSecondaryLoading(false);
        }
      }, [id, targetBookingId, tenantModuleKey]);

      // Phase 2b: KTV list ΓÇö loaded in background after critical UI is visible
      const fetchKtvs = useCallback(async () => {
        try {
          const allUsers = await getUsers();
          const allKtvs = allUsers.filter((user) => user.role?.toLowerCase() === 'ktv');
          
          // Filter out KTVs already assigned to other active bookings
          if (customer?.allBookings) {
            const otherActiveBookings = customer.allBookings.filter((booking) => 
              booking.id !== activeBooking?.id && 
              (booking.status === 'in_progress' || booking.status === 'booked')
            );
            
            const assignedKtvIds = new Set(
              otherActiveBookings
                .map(b => b.assigned_ktv_id)
                .filter((id): id is string => Boolean(id))
            );
            
            if (assignedKtvIds.size > 0) {
              setKtvs(allKtvs.filter(ktv => !assignedKtvIds.has(ktv.id)));
            } else {
              setKtvs(allKtvs);
            }
          } else {
            setKtvs(allKtvs);
          }
        } catch (error) {
          console.error('Error fetching KTVs:', error);
        }
      }, [customer?.allBookings, activeBooking?.id]);

      const scheduleDataReload = useCallback(() => {
        if (reloadTimerRef.current) {
          clearTimeout(reloadTimerRef.current);
        }

        reloadTimerRef.current = setTimeout(() => {
          void loadData({ preserveSelection: true }); // Preserve selection during background reload
        }, 400);
      }, [loadData]);

      // Phase 2c: Current user role ΓÇö loaded in background, doesn't block initial render
      useEffect(() => {
        async function checkRole() {
          const user = await getCurrentUser();
          if (user?.role) {
            const role = user.role.toLowerCase();
            setUserRole(role === 'admin' ? 'admin' : 'ktv');
          }
        }

        void checkRole();
      }, []);

      useEffect(() => {
        // Phase 1 fires immediately; Phase 2 (KTV list) fires after a short delay
        // so it never competes with the critical customer+booking data request.
        void loadData();
        const secondaryTimer = setTimeout(() => {
          void fetchKtvs();
        }, 200); // 200ms head-start for critical data
        return () => clearTimeout(secondaryTimer);

        const supabase = createClient();
        const channel = supabase
          .channel(`customer-detail-${id}`)
          .on('postgres_changes', { event: '*', schema: 'public', table: 'bookings', filter: `customer_id=eq.${id}` }, () => {
            scheduleDataReload();
          })
          .on('postgres_changes', { event: '*', schema: 'public', table: 'session_logs' }, (payload) => {
            const record = (payload.new || payload.old || {}) as { booking_id?: string | null };

            if (!record.booking_id || customerBookingIdsRef.current.has(record.booking_id)) {
              scheduleDataReload();
            }
          })
          .subscribe();

        return () => {
          if (reloadTimerRef.current) {
            clearTimeout(reloadTimerRef.current);
          }
          void supabase.removeChannel(channel);
        };
        // eslint-disable-next-line react-hooks/exhaustive-deps
      }, [id]); // Only re-run when customer ID changes, not when callbacks change

      // Separate effect to refresh KTV list when active booking or customer bookings change
      useEffect(() => {
        if (customer) {
          void fetchKtvs();
        }
        // eslint-disable-next-line react-hooks/exhaustive-deps
      }, [activeBooking?.id, customer?.allBookings?.length]);

      const refreshPageData = useCallback(async () => {
        await Promise.all([loadData(), fetchKtvs()]);
      }, [fetchKtvs, loadData]);

      usePageRefresh(refreshPageData);

      const handleBack = useCallback(() => {
        router.back();
      }, [router]);

      const handleOpenSessions = useCallback(() => {
        if (!customer) return;
        router.push(`/dashboard/sessions?search=${encodeURIComponent(customer.name_mother)}`);
      }, [customer, router]);

      const handleOpenBookingSessions = useCallback(() => {
        if (!customer) return;
        router.push(`/dashboard/sessions?search=${encodeURIComponent(customer.name_mother)}&bookingId=${activeBooking?.id || ''}`);
      }, [activeBooking?.id, customer, router]);

      const handleOpenEditCustomer = useCallback(() => {
        if (!customer) return;

        setEditData({
          name_mother: customer.name_mother,
          phone: customer.phone,
          name_baby: customer.name_baby || '',
          dob_expected: customer.dob_expected || '',
          dob_baby: customer.dob_baby || '',
          address: customer.address || '',
          notes: customer.notes || '',
          gender_baby: customer.gender_baby || 'unknown',
          latitude: customer.latitude || null,
          longitude: customer.longitude || null,
        });
        setIsEditModalOpen(true);
      }, [customer]);

      const handleUpdateKTV = useCallback(async (ktvId: string) => {
        if (!activeBooking) return;

        setIsUpdatingKTV(true);
        try {
          const result = await updateBooking(activeBooking.id, { assigned_ktv_id: ktvId });
          if (result.error) throw new Error(result.error);
          toast.success('─É├ú cß║¡p nhß║¡t KTV phß╗Ñ tr├ích');
          await loadData();
        } catch (error: unknown) {
          toast.error('Lß╗ùi: ' + getErrorMessage(error));
        } finally {
          setIsUpdatingKTV(false);
        }
      }, [activeBooking, loadData]);

      const handleUpdateCustomer = useCallback(async () => {
        setIsUpdatingCustomer(true);
        try {
          const result = await updateCustomer(id, editData);
          if (result.error) throw new Error(result.error);

          if (result.warning) {
            toast.success('Cß║¡p nhß║¡t th├ánh c├┤ng c├íc th├┤ng tin kh├íc!');
            toast.warning(result.warning, { duration: 10000 });
          } else {
            toast.success('Cß║¡p nhß║¡t hß╗ô s╞í th├ánh c├┤ng!');
          }

          setIsEditModalOpen(false);
          await loadData();
        } catch (error: unknown) {
          toast.error('Lß╗ùi: ' + getErrorMessage(error));
        } finally {
          setIsUpdatingCustomer(false);
        }
      }, [editData, id, loadData]);

      const handleSaveBooking = useCallback(async () => {
        if (isSavingBooking) return;
        if (!activeBooking) return;

        setIsSavingBooking(true);
        try {
          const result = await updateBooking(activeBooking.id, {
            package_name: editBookingData.package_name || null,
            full_price: parseMoneyInput(editBookingData.full_price),
            deposit_amount: parseMoneyInput(editBookingData.deposit_amount),
            discount_percent: normalizeDiscountPercent(editBookingData.discount_percent),
            total_sessions: parseIntegerInput(editBookingData.total_sessions, { min: 0, max: 100 }),
            completed_sessions: parseIntegerInput(editBookingData.completed_sessions, { min: 0, max: 100 }),
            preferred_time: editBookingData.preferred_time || '08:00',
            start_date: editBookingData.start_date || null,
            status: editBookingData.status,
          });

          if (result.error) throw new Error(result.error);

          toast.success('Cß║¡p nhß║¡t g├│i dß╗ïch vß╗Ñ th├ánh c├┤ng!');
          setIsEditBookingModalOpen(false);
          await loadData();
        } catch (error: unknown) {
          toast.error('Lß╗ùi cß║¡p nhß║¡t g├│i: ' + getErrorMessage(error));
        } finally {
          setIsSavingBooking(false);
        }
      }, [activeBooking, editBookingData, isSavingBooking, loadData]);

      const handleReusePackage = useCallback(async (bookingId: string) => {
        if (isReusing) return;
        if (!bookingId || !customer) return;
        const confirmed = window.confirm(`Bß║ín c├│ chß║»c chß║»n muß╗æn t├íi sß╗¡ dß╗Ñng g├│i dß╗ïch vß╗Ñ nhanh cho kh├ích h├áng ${customer.name_mother}?`);
        if (!confirmed) return;

        setIsReusing(true);
        try {
          const result = await reusePackage(bookingId);
          if ('error' in result && result.error) {
            toast.error(result.error);
          } else if ('data' in result && result.data) {
            toast.success('─É├ú t├íi sß╗¡ dß╗Ñng g├│i dß╗ïch vß╗Ñ th├ánh c├┤ng!');
            await loadData();
          }
        } catch (error) {
          console.error('Reuse failed:', error);
          toast.error('C├│ lß╗ùi xß║úy ra khi xß╗¡ l├╜');
        } finally {
          setIsReusing(false);
        }
      }, [customer, isReusing, loadData]);

      const handleReuseActivePackage = useCallback(() => {
        if (!activeBooking) return;
        void handleReusePackage(activeBooking.id);
      }, [activeBooking, handleReusePackage]);

      const handleRecordPayment = useCallback(async () => {
        if (isRecordingPayment) return;
        if (!activeBooking) return;
        if (paymentData.amount <= 0) {
          toast.error('Vui l├▓ng nhß║¡p sß╗æ tiß╗ün hß╗úp lß╗ç');
          return;
        }

        setIsRecordingPayment(true);
        try {
          let finalReceiptUrl = paymentData.receipt_url;

          if (paymentFile) {
            const supabase = createClient();
            const fileExt = paymentFile.name.split('.').pop();
            const fileName = `${activeBooking.id}-${Date.now()}.${fileExt}`;
            const filePath = `receipts/${fileName}`;

            const { error: uploadError } = await supabase.storage.from('receipts').upload(filePath, paymentFile);

            if (uploadError) {
              console.error('Upload error:', uploadError);
              if (uploadError.message.includes('bucket not found')) {
                toast.error('Hß╗ç thß╗æng Storage ch╞░a ─æ╞░ß╗úc cß║Ñu h├¼nh. Vui l├▓ng tß║ío bucket \"receipts\".');
              }
            } else {
              const {
                data: { publicUrl },
              } = supabase.storage.from('receipts').getPublicUrl(filePath);
              finalReceiptUrl = publicUrl;
            }
          }

          const result = await recordRemainingPayment({
            booking_id: activeBooking.id,
            customer_id: id,
            amount: paymentData.amount,
            payment_method: paymentData.method,
            notes: paymentData.notes,
            receipt_url: finalReceiptUrl,
            status: paymentData.status,
          });

          if (result.error) throw new Error(result.error);

          toast.success('─É├ú ghi nhß║¡n thanh to├ín th├ánh c├┤ng!');
          await loadData();
          setIsPaymentModalOpen(false);
          setPaymentFile(null);
        } catch (error: unknown) {
          toast.error('Lß╗ùi: ' + getErrorMessage(error));
        } finally {
          setIsRecordingPayment(false);
        }
      }, [activeBooking, id, isRecordingPayment, loadData, paymentData, paymentFile]);

      const receiptData = useMemo<ReceiptData | null>(() => {
        if (!customer || !activeBooking || !tenantBrand) return null;
        const paymentState = calculateBookingPaymentState({
          fullPrice: activeBooking.full_price,
          discountPercent: activeBooking.discount_percent,
          depositAmount: activeBooking.deposit_amount,
          bookingStatus: activeBooking.status,
          revenues: activeBooking.revenue,
        });

        return {
          customerName: customer.name_mother || 'Ch╞░a cß║¡p nhß║¡t',
          phone: customer.phone || 'Ch╞░a cß║¡p nhß║¡t',
          address: customer.address || 'Ch╞░a cß║¡p nhß║¡t',
          serviceNote: `${activeBooking.package_name || activeBooking.packages?.name || 'G├│i dß╗ïch vß╗Ñ'} (Bß║»t ─æß║ºu g├│i tß╗½ ${activeBooking.start_date || 'Ch╞░a cß║¡p nhß║¡t'})`,
          brand: {
            displayName: tenantBrand.invoiceDisplayName || tenantBrand.displayName,
            logoUrl: tenantBrand.logoUrl,
            primaryColor: tenantBrand.primaryColor,
            accentColor: tenantBrand.accentColor,
            monogram: tenantBrand.monogram,
          },
          items: [
            {
              id: 1,
              name: activeBooking.package_name || activeBooking.packages?.name || 'G├│i dß╗ïch vß╗Ñ',
              sessions: activeBooking.total_sessions || 15,
              unitPrice: Math.round((activeBooking.full_price || 0) / Math.max(1, activeBooking.total_sessions || 15)),
              total: activeBooking.full_price || 0,
              discountNote: activeBooking.discount_percent ? `Giß║úm ${activeBooking.discount_percent}%` : 'Kh├┤ng c├│',
              prepaid: paymentState.totalPaid,
              finalPayment: paymentState.remainingDebt,
            },
          ],
          totalAmount: Math.round(paymentState.priceAfterDiscount),
          bankInfo: {
            ownerName: 'Cao Thß╗ï Th├║y V├ón',
            accountNumber: '8832041471',
            bankName: 'Ng├ón h├áng BIDV',
          },
        };
      }, [activeBooking, customer, tenantBrand]);

      const handleExportQuotation = useCallback(async () => {
        if (!quotationRef.current || !customer) return;

        setIsExportingQuotation(true);
        toast.loading('─Éang khß╗ƒi tß║ío ß║únh b├ío gi├í...', { id: 'quotation-export' });

        try {
          const dataUrl = await toPng(quotationRef.current, {
            quality: 1,
            pixelRatio: 2,
          });

          const link = document.createElement('a');
          link.download = `Bao_Gia_${(customer.name_mother || 'Khach').replace(/\\s+/g, '_')}.png`;
          link.href = dataUrl;
          link.click();

          toast.success('─É├ú xuß║Ñt ß║únh b├ío gi├í th├ánh c├┤ng!', { id: 'quotation-export' });
        } catch (error) {
          console.error('Failed to export image', error);
          toast.error('Lß╗ùi khi xuß║Ñt ß║únh. Vui l├▓ng thß╗¡ lß║íi!', { id: 'quotation-export' });
        } finally {
          setIsExportingQuotation(false);
        }
      }, [customer]);

      const handleBookingSuccess = useCallback(async () => {
        await loadData();
        setIsBookingModalOpen(false);
      }, [loadData]);

      const handlePayRemaining = useCallback((amount: number) => {
        if (isRecordingPayment) return;
        setPaymentData((prev) => ({
          ...prev,
          amount,
        }));
        setIsPaymentModalOpen(true);
      }, [isRecordingPayment]);

      const handleOpenZalo = useCallback(() => {
        if (!customer) return;
        const cleanPhone = customer.phone.replace(/[^\\d]/g, '');
        window.open(`https://zalo.me/${cleanPhone}`, '_blank');
      }, [customer]);

      const handleSharePortal = useCallback(async () => {
        if (!activeBooking) return;
        let token = activeBooking.share_token;

        if (!token) {
          toast.loading('─Éang khß╗ƒi tß║ío link...', { id: 'portal-link' });
          const result = await generateShareToken(activeBooking.id);
          if (result.error || !result.data) {
            toast.error('Lß╗ùi khß╗ƒi tß║ío link: ' + (result.error || 'Unknown error'), { id: 'portal-link' });
            return;
          }
          token = result.data.share_token;
          setActiveBooking({ ...activeBooking, share_token: token });
          toast.dismiss('portal-link');
        }

        const url = `${window.location.origin}/portal/${token}`;
        void navigator.clipboard.writeText(url);
        toast.success('─É├ú sao ch├⌐p link Cß╗òng th├┤ng tin kh├ích h├áng');
      }, [activeBooking]);

      const handleExportContract = useCallback(() => {
        toast.success('─Éang khß╗ƒi tß║ío tß╗çp hß╗úp ─æß╗ông...');
      }, []);

      const handleOpenEditBooking = useCallback(() => {
        if (!activeBooking) return;

        setEditBookingData({
          package_name: activeBooking.package_name || activeBooking.packages?.name || '',
          full_price: activeBooking.full_price || 0,
          deposit_amount: activeBooking.deposit_amount || 0,
          discount_percent: activeBooking.discount_percent || 0,
          total_sessions: activeBooking.total_sessions || 0,
          completed_sessions: activeBooking.completed_sessions || 0,
          preferred_time: activeBooking.preferred_time || '08:00',
          start_date: activeBooking.start_date || '',
          status: activeBooking.status || 'in_progress',
        });
        setIsEditBookingModalOpen(true);
      }, [activeBooking]);

      const isDepositOnly = Boolean(activeBooking && activeBooking.status === 'deposit_pending' && !activeBooking.package_id);
      const sortedSessions = useMemo(
        () => (activeBooking?.session_logs ? [...activeBooking.session_logs].sort((a, b) => (a.session_number || 0) - (b.session_number || 0)) : []),
        [activeBooking]
      );
      const nextSession = sortedSessions.find((session) => session.status === 'scheduled');
      const activePaymentState = activeBooking
        ? calculateBookingPaymentState({
            fullPrice: activeBooking.full_price,
            discountPercent: activeBooking.discount_percent,
            depositAmount: activeBooking.deposit_amount,
            bookingStatus: activeBooking.status,
            revenues: activeBooking.revenue,
          })
        : null;
      const activeDepositAmount = activePaymentState?.totalPaid || 0;
      const activeNetPrice = Math.round(activePaymentState?.priceAfterDiscount || 0);
      const isCompleted = Boolean(activeBooking && (activeBooking.completed_sessions || 0) >= (activeBooking.total_sessions || 15));

      return {
        activeBooking,
        activeDepositAmount,
        activeNetPrice,
        customer,
        editBookingData,
        editData,
        handleBack,
        handleBookingSuccess,
        handleExportContract,
        handleExportQuotation,
        handleOpenBookingSessions,
        handleOpenEditBooking,
        handleOpenEditCustomer,
        handleOpenSessions,
        handleOpenZalo,
        handlePayRemaining,
        handleRecordPayment,
        handleReuseActivePackage,
        handleSaveBooking,
        handleSharePortal,
        handleUpdateCustomer,
        handleUpdateKTV,
        isBookingModalOpen,
        isCompleted,
        isDepositOnly,
        isEditBookingModalOpen,
        isEditModalOpen,
        isExportingQuotation,
        isPaymentModalOpen,
        isRecordingPayment,
        isReusing,
        isSavingBooking,
        isUpdatingCustomer,
        isUpdatingKTV,
        ktvs,
        loading,
        nextSession,
        paymentData,
        paymentFile,
        quotationRef,
        receiptData,
        setActiveBooking: setActiveBookingWithTracking, // Export wrapper instead of direct setter
        setEditBookingData,
        setEditData,
        setIsBookingModalOpen,
        setIsEditBookingModalOpen,
        setIsEditModalOpen,
        setIsPaymentModalOpen,
        setPaymentData,
        setPaymentFile,
        sortedSessions,
        tenantModuleKey,
        userRole,
      };
    }

    'use client';
    // Version: 2.0.0 - Configuration-Driven Payroll System

    import { useState, useEffect } from 'react';
    import { toast } from 'sonner';
    import { Coins, Award, Calendar, Star, Save, Loader2, Target, TrendingUp, BarChart3 } from 'lucide-react';
    import { PremiumSelect } from '@/components/ui/PremiumSelect';
    import {
      loadKPIConfig,
      saveKPIConfig,
      loadAttendanceConfig,
      saveAttendanceConfig,
      loadRatingConfig,
      saveRatingConfig,
      loadCommissionConfig,
      saveCommissionConfig,
    } from '@/services/payroll-config-actions';
    import type { TenantGeneralSettings } from '@/types/domain';
    import type {
      KPIThresholdConfig,
      AttendanceConfig,
      RatingThresholdConfig,
    } from '@/types/payroll-config';

    interface SalaryConfigTabProps {
      generalSettings: TenantGeneralSettings;
      setGeneralSettings: (settings: TenantGeneralSettings) => void;
    }

    export default function SalaryConfigTab({
      generalSettings,
      setGeneralSettings,
    }: SalaryConfigTabProps) {
      // Loading states
      const [isLoading, setIsLoading] = useState(true);
      const [isSaving, setIsSaving] = useState(false);

      // KPI Config
      const [kpiEnabled, setKpiEnabled] = useState(false);
      const [kpiStrategy, setKpiStrategy] = useState<'threshold' | 'linear' | 'tier'>('threshold');
      const [kpiTarget, setKpiTarget] = useState(30);
      const [kpiBonus, setKpiBonus] = useState(1000000);
      // For linear strategy
      const [kpiRatePerSession, setKpiRatePerSession] = useState(50000);
      // For tier strategy
      const [kpiTiers, setKpiTiers] = useState<Array<{ min: number; max: number; bonus: number }>>([
        { min: 0, max: 29, bonus: 0 },
        { min: 30, max: 49, bonus: 1000000 },
        { min: 50, max: 999, bonus: 2000000 }
      ]);

      // Attendance Config
      const [attendanceEnabled, setAttendanceEnabled] = useState(true);
      const [attendanceStrategy, setAttendanceStrategy] = useState<'late_deduction' | 'absent_deduction' | 'combined'>('combined');
      const [latePenalty, setLatePenalty] = useState(50000);
      const [absentPenalty, setAbsentPenalty] = useState(200000);
      const [lateGracePeriod, setLateGracePeriod] = useState(15);

      // Rating Config
      const [ratingEnabled, setRatingEnabled] = useState(false);
      const [ratingStrategy, setRatingStrategy] = useState<'threshold' | 'linear' | 'tier'>('threshold');
      const [minRating, setMinRating] = useState(4.5);
      const [ratingBonus, setRatingBonus] = useState(50000);
      // For linear strategy
      const [ratingRatePerStar, setRatingRatePerStar] = useState(10000);
      // For tier strategy
      const [ratingTiers, setRatingTiers] = useState<Array<{ min: number; max: number; bonus: number }>>([
        { min: 4.0, max: 4.4, bonus: 30000 },
        { min: 4.5, max: 4.9, bonus: 50000 },
        { min: 5.0, max: 5.0, bonus: 100000 }
      ]);

      // Commission Config
      const [commissionEnabled, setCommissionEnabled] = useState(true);
      const [commissionStrategy, setCommissionStrategy] = useState<'fixed' | 'tier' | 'percentage' | 'service' | 'product_sales' | 'total_revenue'>('fixed');
      // For fixed strategy
      const [commissionRate, setCommissionRate] = useState(120000);
      const [commissionMinSessions, setCommissionMinSessions] = useState(0);
      // For tier strategy
      const [commissionTiers, setCommissionTiers] = useState<Array<{ min: number; max: number; rate: number }>>([
        { min: 0, max: 10, rate: 100000 },
        { min: 11, max: 20, rate: 120000 },
        { min: 21, max: 999, rate: 150000 }
      ]);
      // For percentage strategy
      const [commissionPercentage, setCommissionPercentage] = useState(15);
      const [commissionMinRevenue, setCommissionMinRevenue] = useState(0);
      // For service strategy
      const [commissionServiceRates, setCommissionServiceRates] = useState<Record<string, number>>({
        'massage': 150000,
        'facial': 100000,
        'waxing': 80000
      });
      // For product_sales strategy
      const [productSalesPercentage, setProductSalesPercentage] = useState(15);
      const [productSalesMinSales, setProductSalesMinSales] = useState(0);
      // For total_revenue strategy
      const [totalRevenuePercentage, setTotalRevenuePercentage] = useState(10);
      const [totalRevenueMinRevenue, setTotalRevenueMinRevenue] = useState(0);
      const [serviceWeight, setServiceWeight] = useState(1.0);
      const [productWeight, setProductWeight] = useState(1.0);

      // Legacy fallback: Load from generalSettings.salary_config if new config not available
      const [tenantId, setTenantId] = useState<string | null>(null);

      // Get tenantId from session/context
      useEffect(() => {
        async function fetchTenantId() {
          try {
            const { createClient } = await import('@/lib/supabase-client');
            const supabase = createClient();
            const { data: { user } } = await supabase.auth.getUser();
            
            if (user) {
              const { data: profile } = await supabase
                .from('users')
                .select('tenant_id')
                .eq('id', user.id)
                .single();
              
              if (profile?.tenant_id) {
                setTenantId(profile.tenant_id);
              }
            }
          } catch (error) {
            console.error('[SalaryConfigTab] Error fetching tenantId:', error);
          }
        }
        fetchTenantId();
      }, []);

      // Load configurations
      useEffect(() => {
        if (!tenantId) return;

        async function loadConfigs() {
          setIsLoading(true);
          try {
            // Load KPI
            const kpiResult = await loadKPIConfig(tenantId!);
            if (kpiResult.success && kpiResult.data) {
              setKpiEnabled(kpiResult.data.enabled);
              setKpiStrategy(kpiResult.data.strategy as any || 'threshold');
              const config = kpiResult.data.config as any;
              
              if (kpiResult.data.strategy === 'threshold') {
                setKpiTarget(config.target || 30);
                setKpiBonus(config.bonus || 1000000);
              } else if (kpiResult.data.strategy === 'linear') {
                setKpiRatePerSession(config.ratePerSession || 50000);
              } else if (kpiResult.data.strategy === 'tier') {
                setKpiTiers(config.tiers || kpiTiers);
              }
            } else {
              // Fallback to legacy generalSettings
              setKpiTarget(generalSettings.salary_config?.kpi_target_sessions || 30);
              setKpiBonus(generalSettings.salary_config?.kpi_bonus_amount || 1000000);
            }

            // Load Attendance
            const attendanceResult = await loadAttendanceConfig(tenantId!);
            if (attendanceResult.success && attendanceResult.data) {
              setAttendanceEnabled(attendanceResult.data.enabled);
              const config = attendanceResult.data.config as AttendanceConfig;
              setLatePenalty(config.latePenalty || 50000);
              setAbsentPenalty(config.absentPenalty || 200000);
              setLateGracePeriod(config.lateGracePeriod || 15);
            } else {
              // Fallback to legacy generalSettings
              setLatePenalty(generalSettings.salary_config?.penalty_late_per_day || 50000);
              setAbsentPenalty(generalSettings.salary_config?.penalty_absent_per_day || 200000);
            }

            // Load Rating
            const ratingResult = await loadRatingConfig(tenantId!);
            if (ratingResult.success && ratingResult.data) {
              setRatingEnabled(ratingResult.data.enabled);
              const config = ratingResult.data.config as RatingThresholdConfig;
              setMinRating(config.minRating || 4.5);
              setRatingBonus(config.bonus || 50000);
            } else {
              // Fallback to legacy generalSettings
              setRatingBonus(generalSettings.salary_config?.bonus_5_star || 50000);
            }

            // Load Commission
            const commissionResult = await loadCommissionConfig(tenantId!);
            if (commissionResult.success && commissionResult.data) {
              setCommissionEnabled(commissionResult.data.enabled);
              setCommissionStrategy(commissionResult.data.strategy as any || 'fixed');
              const config = commissionResult.data.config as any;
              
              if (commissionResult.data.strategy === 'fixed') {
                setCommissionRate(config.rate || 120000);
                setCommissionMinSessions(config.minSessions || 0);
              } else if (commissionResult.data.strategy === 'tier') {
                setCommissionTiers(config.tiers || commissionTiers);
              } else if (commissionResult.data.strategy === 'percentage') {
                setCommissionPercentage(config.percentage || 15);
                setCommissionMinRevenue(config.minRevenue || 0);
              } else if (commissionResult.data.strategy === 'service') {
                setCommissionServiceRates(config.rates || commissionServiceRates);
              } else if (commissionResult.data.strategy === 'product_sales') {
                setProductSalesPercentage(config.percentage || 15);
                setProductSalesMinSales(config.minSales || 0);
              } else if (commissionResult.data.strategy === 'total_revenue') {
                setTotalRevenuePercentage(config.percentage || 10);
                setTotalRevenueMinRevenue(config.minRevenue || 0);
                setServiceWeight(config.serviceWeight || 1.0);
                setProductWeight(config.productWeight || 1.0);
              }
            } else {
              // Default to fixed strategy if no config
              setCommissionEnabled(true);
              setCommissionRate(120000);
            }
          } catch (error) {
            console.error('[SalaryConfigTab] Error loading configs:', error);
            toast.error('Kh├┤ng thß╗â tß║úi cß║Ñu h├¼nh l╞░╞íng');
          } finally {
            setIsLoading(false);
          }
        }

        loadConfigs();
      }, [tenantId]); // Removed generalSettings.salary_config to prevent re-load after save

      // Save configurations
      const handleSave = async () => {
        if (!tenantId) {
          toast.error('Kh├┤ng t├¼m thß║Ñy tenant ID');
          return;
        }

        setIsSaving(true);
        try {
          // Save KPI
          let kpiConfig: any;
          if (kpiStrategy === 'threshold') {
            kpiConfig = { target: kpiTarget, bonus: kpiBonus, metric: 'sessions' };
          } else if (kpiStrategy === 'linear') {
            kpiConfig = { ratePerSession: kpiRatePerSession, metric: 'sessions' };
          } else if (kpiStrategy === 'tier') {
            kpiConfig = { tiers: kpiTiers, metric: 'sessions' };
          }
          
          const kpiResult = await saveKPIConfig(
            tenantId,
            kpiEnabled,
            kpiStrategy,
            kpiConfig
          );
          if (!kpiResult.success) {
            throw new Error(`KPI: ${kpiResult.error}`);
          }

          // Save Attendance
          const attendanceResult = await saveAttendanceConfig(
            tenantId,
            attendanceEnabled,
            attendanceStrategy,
            {
              latePenalty,
              absentPenalty,
              lateGracePeriod,
            }
          );
          if (!attendanceResult.success) {
            throw new Error(`Attendance: ${attendanceResult.error}`);
          }

          // Save Rating
          let ratingConfig: any;
          if (ratingStrategy === 'threshold') {
            ratingConfig = { minRating, bonus: ratingBonus };
          } else if (ratingStrategy === 'linear') {
            ratingConfig = { ratePerStar: ratingRatePerStar };
          } else if (ratingStrategy === 'tier') {
            ratingConfig = { tiers: ratingTiers };
          }
          
          const ratingResult = await saveRatingConfig(
            tenantId,
            ratingEnabled,
            ratingStrategy,
            ratingConfig
          );
          if (!ratingResult.success) {
            throw new Error(`Rating: ${ratingResult.error}`);
          }

          // Save Commission
          let commissionConfig: any;
          if (commissionStrategy === 'fixed') {
            commissionConfig = { rate: commissionRate, minSessions: commissionMinSessions };
          } else if (commissionStrategy === 'tier') {
            commissionConfig = { tiers: commissionTiers };
          } else if (commissionStrategy === 'percentage') {
            commissionConfig = { percentage: commissionPercentage, minRevenue: commissionMinRevenue };
          } else if (commissionStrategy === 'service') {
            commissionConfig = { rates: commissionServiceRates };
          } else if (commissionStrategy === 'product_sales') {
            commissionConfig = { percentage: productSalesPercentage, minSales: productSalesMinSales };
          } else if (commissionStrategy === 'total_revenue') {
            commissionConfig = { 
              percentage: totalRevenuePercentage, 
              minRevenue: totalRevenueMinRevenue,
              serviceWeight,
              productWeight
            };
          }
          
          const commissionResult = await saveCommissionConfig(
            tenantId,
            commissionEnabled,
            commissionStrategy,
            commissionConfig
          );
          if (!commissionResult.success) {
            throw new Error(`Commission: ${commissionResult.error}`);
          }

          // Also update legacy generalSettings for backward compatibility
          setGeneralSettings({
            ...generalSettings,
            salary_config: {
              ...generalSettings.salary_config,
              kpi_target_sessions: kpiTarget,
              kpi_bonus_amount: kpiBonus,
              penalty_late_per_day: latePenalty,
              penalty_absent_per_day: absentPenalty,
              bonus_5_star: ratingBonus,
              bonus_4_5_star: Math.round(ratingBonus * 0.6),
              bonus_4_star: Math.round(ratingBonus * 0.2),
            },
          });

          toast.success('─É├ú l╞░u cß║Ñu h├¼nh l╞░╞íng th├ánh c├┤ng!');
        } catch (error: any) {
          console.error('[SalaryConfigTab] Save error:', error);
          toast.error(error.message || 'Kh├┤ng thß╗â l╞░u cß║Ñu h├¼nh');
        } finally {
          setIsSaving(false);
        }
      };

      // Input helpers
      const parseIntegerInput = (value: string, { min = 0, max = 1000000000 } = {}) => {
        const num = parseInt(value.replace(/\\D/g, ''), 10);
        if (isNaN(num)) return min;
        return Math.min(Math.max(num, min), max);
      };

      const parseFloatInput = (value: string, { min = 0, max = 5, decimals = 1 } = {}) => {
        const num = parseFloat(value);
        if (isNaN(num)) return min;
        return Math.min(Math.max(Number(num.toFixed(decimals)), min), max);
      };

      if (isLoading && !tenantId) {
        return (
          <div className=\"flex items-center justify-center py-12\">
            <Loader2 className=\"w-8 h-8 animate-spin text-primary\" />
          </div>
        );
      }

      return (
        <div className=\"space-y-8\">
          {/* Header */}
          <div>
            <h2 className=\"text-2xl font-black text-slate-900 dark:text-[#EFE9E1] tracking-tight uppercase\">
              L╞░╞íng & Th╞░ß╗ƒng
            </h2>
            <p className=\"text-sm text-slate-500 dark:text-[#CDBCAB] mt-2 font-medium\">
              Cß║Ñu h├¼nh c├íc ch├¡nh s├ích t├¡nh l╞░╞íng, th╞░ß╗ƒng KPI, phß║ít kß╗╖ luß║¡t v├á th╞░ß╗ƒng chß║Ñt l╞░ß╗úng dß╗ïch vß╗Ñ.
            </p>
          </div>

          {/* KPI Bonus Section */}
          <section className=\"bg-white dark:bg-[#1C1B19] rounded-3xl border border-slate-100 dark:border-[#3E3A35] p-8 space-y-6\">
            <div className=\"flex items-center justify-between\">
              <div className=\"flex items-center gap-4\">
                <div className=\"w-12 h-12 bg-primary/10 dark:bg-[#5D1C34]/30 rounded-2xl flex items-center justify-center\">
                  <Award className=\"w-6 h-6 text-primary dark:text-[#A67D44]\" />
                </div>
                <div>
                  <h3 className=\"text-lg font-black text-slate-900 dark:text-[#EFE9E1] uppercase\">
                    Th╞░ß╗ƒng KPI
                  </h3>
                  <p className=\"text-xs text-slate-500 dark:text-[#CDBCAB] font-medium\">
                    ─Éß║ít mß╗Ñc ti├¬u ca l├ám viß╗çc ΓåÆ Nhß║¡n th╞░ß╗ƒng
                  </p>
                </div>
              </div>
              <label className=\"relative inline-flex items-center cursor-pointer\">
                <input
                  type=\"checkbox\"
                  checked={kpiEnabled}
                  onChange={(e) => setKpiEnabled(e.target.checked)}
                  className=\"sr-only peer\"
                />
                <div className=\"w-14 h-7 bg-slate-300 border border-slate-400/20 dark:bg-[#3E3A35] peer-focus:outline-none rounded-full peer peer-checked:after:translate-x-full peer-checked:after:border-white after:content-[''] after:absolute after:top-[2px] after:left-[2px] after:bg-white after:border-slate-300 dark:after:border-[#2E2B27] after:border after:rounded-full after:h-6 after:w-6 after:transition-all peer-checked:bg-primary dark:peer-checked:bg-[#A67D44]\"></div>
              </label>
            </div>

            {/* Strategy Selector */}
            <div>
              <PremiumSelect
                label=\"Chiß║┐n l╞░ß╗úc t├¡nh th╞░ß╗ƒng\"
                value={kpiStrategy}
                onChange={(value) => setKpiStrategy(value as any)}
                disabled={!kpiEnabled}
                options={[
                  { 
                    value: 'threshold', 
                    label: 'Ng╞░ß╗íng ─æ╞ín (─æß║ít X ca ΓåÆ nhß║¡n Y th╞░ß╗ƒng)',
                    icon: <Target className=\"w-4 h-4\" />
                  },
                  { 
                    value: 'linear', 
                    label: 'Tuyß║┐n t├¡nh (mß╗ùi ca th├¬m ΓåÆ +Z ─æß╗ông)',
                    icon: <TrendingUp className=\"w-4 h-4\" />
                  },
                  { 
                    value: 'tier', 
                    label: 'Bß║¡c thang (nhiß╗üu mß╗⌐c 20/30/40 ca)',
                    icon: <BarChart3 className=\"w-4 h-4\" />
                  }
                ]}
                placeholder=\"Chß╗ìn chiß║┐n l╞░ß╗úc...\"
              />
            </div>

            {/* Conditional forms based on strategy */}
            {kpiStrategy === 'threshold' && (
              <div className=\"grid grid-cols-1 md:grid-cols-2 gap-6\">
                <div>
                  <label className=\"text-xs font-black text-slate-600 dark:text-[#CDBCAB] uppercase tracking-wider mb-3 block\">
                    Mß╗Ñc ti├¬u (sß╗æ ca)
                  </label>
                  <input
                    type=\"number\"
                    value={kpiTarget}
                    onChange={(e) => setKpiTarget(parseIntegerInput(e.target.value, { min: 1, max: 500 }))}
                    disabled={!kpiEnabled}
                    className=\"w-full h-14 rounded-2xl border-2 border-slate-100 dark:border-[#3E3A35] bg-slate-50 dark:bg-[#11100F] px-5 text-base font-bold text-slate-900 dark:text-[#EFE9E1] focus:outline-none focus:border-primary dark:focus:border-[#A67D44] transition-colors disabled:opacity-50 disabled:cursor-not-allowed\"
                  />
                </div>
                <div>
                  <label className=\"text-xs font-black text-slate-600 dark:text-[#CDBCAB] uppercase tracking-wider mb-3 block\">
                    Th╞░ß╗ƒng (VN─É)
                  </label>
                  <input
                    type=\"number\"
                    value={kpiBonus}
                    onChange={(e) => setKpiBonus(parseIntegerInput(e.target.value, { min: 0 }))}
                    disabled={!kpiEnabled}
                    className=\"w-full h-14 rounded-2xl border-2 border-slate-100 dark:border-[#3E3A35] bg-slate-50 dark:bg-[#11100F] px-5 text-base font-bold text-slate-900 dark:text-[#EFE9E1] focus:outline-none focus:border-primary dark:focus:border-[#A67D44] transition-colors disabled:opacity-50 disabled:cursor-not-allowed\"
                  />
                </div>
              </div>
            )}

            {kpiStrategy === 'linear' && (
              <div>
                <label className=\"text-xs font-black text-slate-600 dark:text-[#CDBCAB] uppercase tracking-wider mb-3 block\">
                  Th╞░ß╗ƒng mß╗ùi ca (VN─É)
                </label>
                <input
                  type=\"number\"
                  value={kpiRatePerSession}
                  onChange={(e) => setKpiRatePerSession(parseIntegerInput(e.target.value, { min: 0 }))}
                  disabled={!kpiEnabled}
                  className=\"w-full h-14 rounded-2xl border-2 border-slate-100 dark:border-[#3E3A35] bg-slate-50 dark:bg-[#11100F] px-5 text-base font-bold text-slate-900 dark:text-[#EFE9E1] focus:outline-none focus:border-primary dark:focus:border-[#A67D44] transition-colors disabled:opacity-50 disabled:cursor-not-allowed\"
                  placeholder=\"V├¡ dß╗Ñ: 50000 (50k mß╗ùi ca)\"
                />
              </div>
            )}

            {kpiStrategy === 'tier' && (
              <div className=\"space-y-4\">
                <label className=\"text-xs font-black text-slate-600 dark:text-[#CDBCAB] uppercase tracking-wider mb-3 block\">
                  C├íc mß╗⌐c th╞░ß╗ƒng theo bß║¡c
                </label>
                {kpiTiers.map((tier, index) => (
                  <div key={index} className=\"grid grid-cols-4 gap-4 items-end\">
                    <div>
                      <label className=\"text-xs text-slate-500 dark:text-[#CDBCAB] mb-2 block\">Tß╗½ ca</label>
                      <input
                        type=\"number\"
                        value={tier.min}
                        onChange={(e) => {
                          const newTiers = [...kpiTiers];
                          newTiers[index].min = parseIntegerInput(e.target.value, { min: 0, max: 999 });
                          setKpiTiers(newTiers);
                        }}
                        disabled={!kpiEnabled}
                        className=\"w-full h-12 rounded-xl border-2 border-slate-100 dark:border-[#3E3A35] bg-slate-50 dark:bg-[#11100F] px-4 text-sm font-bold text-slate-900 dark:text-[#EFE9E1] focus:outline-none focus:border-primary dark:focus:border-[#A67D44] transition-colors disabled:opacity-50\"
                      />
                    </div>
                    <div>
                      <label className=\"text-xs text-slate-500 dark:text-[#CDBCAB] mb-2 block\">─Éß║┐n ca</label>
                      <input
                        type=\"number\"
                        value={tier.max}
                        onChange={(e) => {
                          const newTiers = [...kpiTiers];
                          newTiers[index].max = parseIntegerInput(e.target.value, { min: 0, max: 999 });
                          setKpiTiers(newTiers);
                        }}
                        disabled={!kpiEnabled}
                        className=\"w-full h-12 rounded-xl border-2 border-slate-100 dark:border-[#3E3A35] bg-slate-50 dark:bg-[#11100F] px-4 text-sm font-bold text-slate-900 dark:text-[#EFE9E1] focus:outline-none focus:border-primary dark:focus:border-[#A67D44] transition-colors disabled:opacity-50\"
                      />
                    </div>
                    <div>
                      <label className=\"text-xs text-slate-500 dark:text-[#CDBCAB] mb-2 block\">Th╞░ß╗ƒng (VN─É)</label>
                      <input
                        type=\"number\"
                        value={tier.bonus}
                        onChange={(e) => {
                          const newTiers = [...kpiTiers];
                          newTiers[index].bonus = parseIntegerInput(e.target.value, { min: 0 });
                          setKpiTiers(newTiers);
                        }}
                        disabled={!kpiEnabled}
                        className=\"w-full h-12 rounded-xl border-2 border-slate-100 dark:border-[#3E3A35] bg-slate-50 dark:bg-[#11100F] px-4 text-sm font-bold text-slate-900 dark:text-[#EFE9E1] focus:outline-none focus:border-primary dark:focus:border-[#A67D44] transition-colors disabled:opacity-50\"
                      />
                    </div>
                    <button
                      onClick={() => {
                        const newTiers = kpiTiers.filter((_, i) => i !== index);
                        setKpiTiers(newTiers);
                      }}
                      disabled={!kpiEnabled || kpiTiers.length <= 1}
                      className=\"h-12 px-4 rounded-xl bg-rose-50 dark:bg-[#5D1C34]/20 text-rose-600 dark:text-[#EFE9E1] font-bold hover:bg-rose-100 dark:hover:bg-[#5D1C34]/40 transition-colors disabled:opacity-30 disabled:cursor-not-allowed\"
                    >
                      X├│a
                    </button>
                  </div>
                ))}
                <button
                  onClick={() => {
                    const lastTier = kpiTiers[kpiTiers.length - 1];
                    const newMin = lastTier.max + 1;
                    setKpiTiers([...kpiTiers, { min: newMin, max: newMin + 9, bonus: 0 }]);
                  }}
                  disabled={!kpiEnabled}
                  className=\"w-full h-12 rounded-xl border-2 border-dashed border-slate-300 dark:border-[#3E3A35] text-slate-600 dark:text-[#CDBCAB] font-bold hover:border-primary dark:hover:border-[#A67D44] hover:text-primary dark:hover:text-[#A67D44] transition-colors disabled:opacity-50 disabled:cursor-not-allowed\"
                >
                  + Th├¬m mß╗⌐c th╞░ß╗ƒng
                </button>
              </div>
            )}

            {!kpiEnabled && (
              <div className=\"bg-slate-50 dark:bg-[#11100F] border border-slate-100 dark:border-[#3E3A35] rounded-xl px-4 py-3 text-xs text-slate-500 dark:text-[#CDBCAB] font-medium\">
                ΓÜá∩╕Å Th╞░ß╗ƒng KPI hiß╗çn ─æang <strong>tß║»t</strong>. KTV sß║╜ kh├┤ng nhß║¡n th╞░ß╗ƒng khi ─æß║ít mß╗Ñc ti├¬u.
              </div>
            )}
          </section>

          {/* Attendance Penalties Section */}
          <section className=\"bg-white dark:bg-[#1C1B19] rounded-3xl border border-slate-100 dark:border-[#3E3A35] p-8 space-y-6\">
            <div className=\"flex items-center justify-between\">
              <div className=\"flex items-center gap-4\">
                <div className=\"w-12 h-12 bg-rose-50 dark:bg-[#5D1C34]/30 rounded-2xl flex items-center justify-center\">
                  <Calendar className=\"w-6 h-6 text-rose-500 dark:text-[#A67D44]\" />
                </div>
                <div>
                  <h3 className=\"text-lg font-black text-slate-900 dark:text-[#EFE9E1] uppercase\">
                    Phß║ít Kß╗╖ Luß║¡t
                  </h3>
                  <p className=\"text-xs text-slate-500 dark:text-[#CDBCAB] font-medium\">
                    ─Éi trß╗à, Vß║»ng mß║╖t ΓåÆ Trß╗½ l╞░╞íng
                  </p>
                </div>
              </div>
              <label className=\"relative inline-flex items-center cursor-pointer\">
                <input
                  type=\"checkbox\"
                  checked={attendanceEnabled}
                  onChange={(e) => setAttendanceEnabled(e.target.checked)}
                  className=\"sr-only peer\"
                />
                <div className=\"w-14 h-7 bg-slate-300 border border-slate-400/20 dark:bg-[#3E3A35] peer-focus:outline-none rounded-full peer peer-checked:after:translate-x-full peer-checked:after:border-white after:content-[''] after:absolute after:top-[2px] after:left-[2px] after:bg-white after:border-slate-300 dark:after:border-[#2E2B27] after:border after:rounded-full after:h-6 after:w-6 after:transition-all peer-checked:bg-rose-500 dark:peer-checked:bg-[#5D1C34]\"></div>
              </label>
            </div>

            <div className=\"grid grid-cols-1 md:grid-cols-3 gap-6\">
              <div>
                <label className=\"text-xs font-black text-slate-600 dark:text-[#CDBCAB] uppercase tracking-wider mb-3 block\">
                  Phß║ít ─æi trß╗à (VN─É)
                </label>
                <input
                  type=\"number\"
                  value={latePenalty}
                  onChange={(e) => setLatePenalty(parseIntegerInput(e.target.value, { min: 0 }))}
                  disabled={!attendanceEnabled}
                  className=\"w-full h-14 rounded-2xl border-2 border-slate-100 dark:border-[#3E3A35] bg-slate-50 dark:bg-[#11100F] px-5 text-base font-bold text-slate-900 dark:text-[#EFE9E1] focus:outline-none focus:border-rose-500 dark:focus:border-[#5D1C34] transition-colors disabled:opacity-50 disabled:cursor-not-allowed\"
                />
              </div>
              <div>
                <label className=\"text-xs font-black text-slate-600 dark:text-[#CDBCAB] uppercase tracking-wider mb-3 block\">
                  Phß║ít vß║»ng (VN─É)
                </label>
                <input
                  type=\"number\"
                  value={absentPenalty}
                  onChange={(e) => setAbsentPenalty(parseIntegerInput(e.target.value, { min: 0 }))}
                  disabled={!attendanceEnabled}
                  className=\"w-full h-14 rounded-2xl border-2 border-slate-100 dark:border-[#3E3A35] bg-slate-50 dark:bg-[#11100F] px-5 text-base font-bold text-slate-900 dark:text-[#EFE9E1] focus:outline-none focus:border-rose-500 dark:focus:border-[#5D1C34] transition-colors disabled:opacity-50 disabled:cursor-not-allowed\"
                />
              </div>
              <div>
                <label className=\"text-xs font-black text-slate-600 dark:text-[#CDBCAB] uppercase tracking-wider mb-3 block\">
                  Dung sai (ph├║t)
                </label>
                <input
                  type=\"number\"
                  value={lateGracePeriod}
                  onChange={(e) => setLateGracePeriod(parseIntegerInput(e.target.value, { min: 0, max: 60 }))}
                  disabled={!attendanceEnabled}
                  className=\"w-full h-14 rounded-2xl border-2 border-slate-100 dark:border-[#3E3A35] bg-slate-50 dark:bg-[#11100F] px-5 text-base font-bold text-slate-900 dark:text-[#EFE9E1] focus:outline-none focus:border-rose-500 dark:focus:border-[#5D1C34] transition-colors disabled:opacity-50 disabled:cursor-not-allowed\"
                />
              </div>
            </div>

            {!attendanceEnabled && (
              <div className=\"bg-rose-50 dark:bg-[#5D1C34]/20 border border-rose-100 dark:border-[#5D1C34] rounded-xl px-4 py-3 text-xs text-rose-600 dark:text-[#EFE9E1] font-medium\">
                ΓÜá∩╕Å Phß║ít kß╗╖ luß║¡t hiß╗çn ─æang <strong>tß║»t</strong>. Hß╗ç thß╗æng sß║╜ kh├┤ng tß╗▒ ─æß╗Öng trß╗½ l╞░╞íng khi KTV ─æi trß╗à hoß║╖c vß║»ng mß║╖t.
              </div>
            )}
          </section>

          {/* Rating Bonus Section */}
          <section className=\"bg-white dark:bg-[#1C1B19] rounded-3xl border border-slate-100 dark:border-[#3E3A35] p-8 space-y-6\">
            <div className=\"flex items-center justify-between\">
              <div className=\"flex items-center gap-4\">
                <div className=\"w-12 h-12 bg-amber-50 dark:bg-[#A67D44]/20 rounded-2xl flex items-center justify-center\">
                  <Star className=\"w-6 h-6 text-amber-500 dark:text-[#A67D44]\" />
                </div>
                <div>
                  <h3 className=\"text-lg font-black text-slate-900 dark:text-[#EFE9E1] uppercase\">
                    Th╞░ß╗ƒng Chß║Ñt L╞░ß╗úng
                  </h3>
                  <p className=\"text-xs text-slate-500 dark:text-[#CDBCAB] font-medium\">
                    ─É├ính gi├í kh├ích h├áng cao ΓåÆ Nhß║¡n th╞░ß╗ƒng
                  </p>
                </div>
              </div>
              <label className=\"relative inline-flex items-center cursor-pointer\">
                <input
                  type=\"checkbox\"
                  checked={ratingEnabled}
                  onChange={(e) => setRatingEnabled(e.target.checked)}
                  className=\"sr-only peer\"
                />
                <div className=\"w-14 h-7 bg-slate-300 border border-slate-400/20 dark:bg-[#3E3A35] peer-focus:outline-none rounded-full peer peer-checked:after:translate-x-full peer-checked:after:border-white after:content-[''] after:absolute after:top-[2px] after:left-[2px] after:bg-white after:border-slate-300 dark:after:border-[#2E2B27] after:border after:rounded-full after:h-6 after:w-6 after:transition-all peer-checked:bg-amber-500 dark:peer-checked:bg-[#A67D44]\"></div>
              </label>
            </div>

            {/* Strategy Selector */}
            <div>
              <PremiumSelect
                label=\"Chiß║┐n l╞░ß╗úc t├¡nh th╞░ß╗ƒng\"
                value={ratingStrategy}
                onChange={(value) => setRatingStrategy(value as any)}
                disabled={!ratingEnabled}
                options={[
                  { 
                    value: 'threshold', 
                    label: 'Ng╞░ß╗íng ─æ╞ín (ΓëÑ X sao ΓåÆ nhß║¡n Y th╞░ß╗ƒng)',
                    icon: <Target className=\"w-4 h-4\" />
                  },
                  { 
                    value: 'linear', 
                    label: 'Tuyß║┐n t├¡nh (mß╗ùi 0.1 sao th├¬m ΓåÆ +Z ─æß╗ông)',
                    icon: <TrendingUp className=\"w-4 h-4\" />
                  },
                  { 
                    value: 'tier', 
                    label: 'Bß║¡c thang (4.0-4.4 / 4.5-4.9 / 5.0)',
                    icon: <BarChart3 className=\"w-4 h-4\" />
                  }
                ]}
                placeholder=\"Chß╗ìn chiß║┐n l╞░ß╗úc...\"
              />
            </div>

            {/* Conditional forms based on strategy */}
            {ratingStrategy === 'threshold' && (
              <div className=\"grid grid-cols-1 md:grid-cols-2 gap-6\">
                <div>
                  <label className=\"text-xs font-black text-slate-600 dark:text-[#CDBCAB] uppercase tracking-wider mb-3 block\">
                    ─É├ính gi├í tß╗æi thiß╗âu (Γ¡É)
                  </label>
                  <input
                    type=\"number\"
                    step=\"0.1\"
                    value={minRating}
                    onChange={(e) => setMinRating(parseFloatInput(e.target.value, { min: 0, max: 5 }))}
                    disabled={!ratingEnabled}
                    className=\"w-full h-14 rounded-2xl border-2 border-slate-100 dark:border-[#3E3A35] bg-slate-50 dark:bg-[#11100F] px-5 text-base font-bold text-slate-900 dark:text-[#EFE9E1] focus:outline-none focus:border-amber-500 dark:focus:border-[#A67D44] transition-colors disabled:opacity-50 disabled:cursor-not-allowed\"
                  />
                </div>
                <div>
                  <label className=\"text-xs font-black text-slate-600 dark:text-[#CDBCAB] uppercase tracking-wider mb-3 block\">
                    Th╞░ß╗ƒng (VN─É)
                  </label>
                  <input
                    type=\"number\"
                    value={ratingBonus}
                    onChange={(e) => setRatingBonus(parseIntegerInput(e.target.value, { min: 0 }))}
                    disabled={!ratingEnabled}
                    className=\"w-full h-14 rounded-2xl border-2 border-slate-100 dark:border-[#3E3A35] bg-slate-50 dark:bg-[#11100F] px-5 text-base font-bold text-slate-900 dark:text-[#EFE9E1] focus:outline-none focus:border-amber-500 dark:focus:border-[#A67D44] transition-colors disabled:opacity-50 disabled:cursor-not-allowed\"
                  />
                </div>
              </div>
            )}

            {ratingStrategy === 'linear' && (
              <div>
                <label className=\"text-xs font-black text-slate-600 dark:text-[#CDBCAB] uppercase tracking-wider mb-3 block\">
                  Th╞░ß╗ƒng mß╗ùi 0.1 sao (VN─É)
                </label>
                <input
                  type=\"number\"
                  value={ratingRatePerStar}
                  onChange={(e) => setRatingRatePerStar(parseIntegerInput(e.target.value, { min: 0 }))}
                  disabled={!ratingEnabled}
                  className=\"w-full h-14 rounded-2xl border-2 border-slate-100 dark:border-[#3E3A35] bg-slate-50 dark:bg-[#11100F] px-5 text-base font-bold text-slate-900 dark:text-[#EFE9E1] focus:outline-none focus:border-amber-500 dark:focus:border-[#A67D44] transition-colors disabled:opacity-50 disabled:cursor-not-allowed\"
                  placeholder=\"V├¡ dß╗Ñ: 10000 (10k mß╗ùi 0.1 sao)\"
                />
              </div>
            )}

            {ratingStrategy === 'tier' && (
              <div className=\"space-y-4\">
                <label className=\"text-xs font-black text-slate-600 dark:text-[#CDBCAB] uppercase tracking-wider mb-3 block\">
                  C├íc mß╗⌐c th╞░ß╗ƒng theo ─æ├ính gi├í
                </label>
                {ratingTiers.map((tier, index) => (
                  <div key={index} className=\"grid grid-cols-4 gap-4 items-end\">
                    <div>
                      <label className=\"text-xs text-slate-500 dark:text-[#CDBCAB] mb-2 block\">Tß╗½ (Γ¡É)</label>
                      <input
                        type=\"number\"
                        step=\"0.1\"
                        value={tier.min}
                        onChange={(e) => {
                          const newTiers = [...ratingTiers];
                          newTiers[index].min = parseFloatInput(e.target.value, { min: 0, max: 5 });
                          setRatingTiers(newTiers);
                        }}
                        disabled={!ratingEnabled}
                        className=\"w-full h-12 rounded-xl border-2 border-slate-100 dark:border-[#3E3A35] bg-slate-50 dark:bg-[#11100F] px-4 text-sm font-bold text-slate-900 dark:text-[#EFE9E1] focus:outline-none focus:border-amber-500 dark:focus:border-[#A67D44] transition-colors disabled:opacity-50\"
                      />
                    </div>
                    <div>
                      <label className=\"text-xs text-slate-500 dark:text-[#CDBCAB] mb-2 block\">─Éß║┐n (Γ¡É)</label>
                      <input
                        type=\"number\"
                        step=\"0.1\"
                        value={tier.max}
                        onChange={(e) => {
                          const newTiers = [...ratingTiers];
                          newTiers[index].max = parseFloatInput(e.target.value, { min: 0, max: 5 });
                          setRatingTiers(newTiers);
                        }}
                        disabled={!ratingEnabled}
                        className=\"w-full h-12 rounded-xl border-2 border-slate-100 dark:border-[#3E3A35] bg-slate-50 dark:bg-[#11100F] px-4 text-sm font-bold text-slate-900 dark:text-[#EFE9E1] focus:outline-none focus:border-amber-500 dark:focus:border-[#A67D44] transition-colors disabled:opacity-50\"
                      />
                    </div>
                    <div>
                      <label className=\"text-xs text-slate-500 dark:text-[#CDBCAB] mb-2 block\">Th╞░ß╗ƒng (VN─É)</label>
                      <input
                        type=\"number\"
                        value={tier.bonus}
                        onChange={(e) => {
                          const newTiers = [...ratingTiers];
                          newTiers[index].bonus = parseIntegerInput(e.target.value, { min: 0 });
                          setRatingTiers(newTiers);
                        }}
                        disabled={!ratingEnabled}
                        className=\"w-full h-12 rounded-xl border-2 border-slate-100 dark:border-[#3E3A35] bg-slate-50 dark:bg-[#11100F] px-4 text-sm font-bold text-slate-900 dark:text-[#EFE9E1] focus:outline-none focus:border-amber-500 dark:focus:border-[#A67D44] transition-colors disabled:opacity-50\"
                      />
                    </div>
                    <button
                      onClick={() => {
                        const newTiers = ratingTiers.filter((_, i) => i !== index);
                        setRatingTiers(newTiers);
                      }}
                      disabled={!ratingEnabled || ratingTiers.length <= 1}
                      className=\"h-12 px-4 rounded-xl bg-rose-50 dark:bg-[#5D1C34]/20 text-rose-600 dark:text-[#EFE9E1] font-bold hover:bg-rose-100 dark:hover:bg-[#5D1C34]/40 transition-colors disabled:opacity-30 disabled:cursor-not-allowed\"
                    >
                      X├│a
                    </button>
                  </div>
                ))}
                <button
                  onClick={() => {
                    const lastTier = ratingTiers[ratingTiers.length - 1];
                    const newMin = Math.min(lastTier.max + 0.1, 5);
                    setRatingTiers([...ratingTiers, { min: newMin, max: 5.0, bonus: 0 }]);
                  }}
                  disabled={!ratingEnabled}
                  className=\"w-full h-12 rounded-xl border-2 border-dashed border-slate-300 dark:border-[#3E3A35] text-slate-600 dark:text-[#CDBCAB] font-bold hover:border-amber-500 dark:hover:border-[#A67D44] hover:text-amber-500 dark:hover:text-[#A67D44] transition-colors disabled:opacity-50 disabled:cursor-not-allowed\"
                >
                  + Th├¬m mß╗⌐c ─æ├ính gi├í
                </button>
              </div>
            )}

            {!ratingEnabled && (
              <div className=\"bg-amber-50 dark:bg-[#A67D44]/20 border border-amber-100 dark:border-[#A67D44] rounded-xl px-4 py-3 text-xs text-amber-700 dark:text-[#EFE9E1] font-medium\">
                ΓÜá∩╕Å Th╞░ß╗ƒng chß║Ñt l╞░ß╗úng hiß╗çn ─æang <strong>tß║»t</strong>. KTV sß║╜ kh├┤ng nhß║¡n th╞░ß╗ƒng khi c├│ ─æ├ính gi├í cao.
              </div>
            )}
          </section>

          {/* Commission Section */}
          <section className=\"bg-white dark:bg-[#1C1B19] rounded-3xl border border-slate-100 dark:border-[#3E3A35] p-8 space-y-6\">
            <div className=\"flex items-center justify-between\">
              <div className=\"flex items-center gap-4\">
                <div className=\"w-12 h-12 bg-emerald-50 dark:bg-[#2E5D3E]/30 rounded-2xl flex items-center justify-center\">
                  <Coins className=\"w-6 h-6 text-emerald-600 dark:text-[#A67D44]\" />
                </div>
                <div>
                  <h3 className=\"text-lg font-black text-slate-900 dark:text-[#EFE9E1] uppercase\">
                    Hoa Hß╗ông Ca
                  </h3>
                  <p className=\"text-xs text-slate-500 dark:text-[#CDBCAB] font-medium\">
                    L├ám ca ΓåÆ Nhß║¡n hoa hß╗ông theo chiß║┐n l╞░ß╗úc
                  </p>
                </div>
              </div>
              <label className=\"relative inline-flex items-center cursor-pointer\">
                <input
                  type=\"checkbox\"
                  checked={commissionEnabled}
                  onChange={(e) => setCommissionEnabled(e.target.checked)}
                  className=\"sr-only peer\"
                />
                <div className=\"w-14 h-7 bg-slate-300 border border-slate-400/20 dark:bg-[#3E3A35] peer-focus:outline-none rounded-full peer peer-checked:after:translate-x-full peer-checked:after:border-white after:content-[''] after:absolute after:top-[2px] after:left-[2px] after:bg-white after:border-slate-300 dark:after:border-[#2E2B27] after:border after:rounded-full after:h-6 after:w-6 after:transition-all peer-checked:bg-emerald-600 dark:peer-checked:bg-[#2E5D3E]\"></div>
              </label>
            </div>

            {/* Strategy Selector */}
            <div>
              <PremiumSelect
                label=\"Chiß║┐n l╞░ß╗úc t├¡nh hoa hß╗ông\"
                value={commissionStrategy}
                onChange={(value) => setCommissionStrategy(value as any)}
                disabled={!commissionEnabled}
                options={[
                  { 
                    value: 'fixed', 
                    label: 'Cß╗æ ─æß╗ïnh (mß╗ùi ca cß╗æ ─æß╗ïnh X ─æß╗ông)',
                    icon: <Coins className=\"w-4 h-4\" />
                  },
                  { 
                    value: 'tier', 
                    label: 'Bß║¡c thang (0-10caΓåÆ100k, 11-20caΓåÆ120k)',
                    icon: <BarChart3 className=\"w-4 h-4\" />
                  },
                  { 
                    value: 'percentage', 
                    label: 'Phß║ºn tr─âm doanh thu (% gi├í trß╗ï booking)',
                    icon: <TrendingUp className=\"w-4 h-4\" />
                  },
                  { 
                    value: 'service', 
                    label: 'Theo dß╗ïch vß╗Ñ (massageΓåÆ150k, facialΓåÆ100k)',
                    icon: <Target className=\"w-4 h-4\" />
                  },
                  { 
                    value: 'product_sales', 
                    label: 'Phß║ºn tr─âm b├ín h├áng (% doanh sß╗æ mß╗╣ phß║⌐m)',
                    icon: <Coins className=\"w-4 h-4\" />
                  },
                  { 
                    value: 'total_revenue', 
                    label: 'Tß╗òng doanh thu (% dß╗ïch vß╗Ñ + b├ín h├áng)',
                    icon: <TrendingUp className=\"w-4 h-4\" />
                  }
                ]}
                placeholder=\"Chß╗ìn chiß║┐n l╞░ß╗úc...\"
              />
            </div>

            {/* Conditional forms based on strategy */}
            {commissionStrategy === 'fixed' && (
              <div className=\"grid grid-cols-1 md:grid-cols-2 gap-6\">
                <div>
                  <label className=\"text-xs font-black text-slate-600 dark:text-[#CDBCAB] uppercase tracking-wider mb-3 block\">
                    Hoa hß╗ông mß╗ùi ca (VN─É)
                  </label>
                  <input
                    type=\"number\"
                    value={commissionRate}
                    onChange={(e) => setCommissionRate(parseIntegerInput(e.target.value, { min: 0 }))}
                    disabled={!commissionEnabled}
                    className=\"w-full h-14 rounded-2xl border-2 border-slate-100 dark:border-[#3E3A35] bg-slate-50 dark:bg-[#11100F] px-5 text-base font-bold text-slate-900 dark:text-[#EFE9E1] focus:outline-none focus:border-emerald-600 dark:focus:border-[#2E5D3E] transition-colors disabled:opacity-50 disabled:cursor-not-allowed\"
                    placeholder=\"V├¡ dß╗Ñ: 120000\"
                  />
                </div>
                <div>
                  <label className=\"text-xs font-black text-slate-600 dark:text-[#CDBCAB] uppercase tracking-wider mb-3 block\">
                    Sß╗æ ca tß╗æi thiß╗âu (kh├┤ng bß║»t buß╗Öc)
                  </label>
                  <input
                    type=\"number\"
                    value={commissionMinSessions}
                    onChange={(e) => setCommissionMinSessions(parseIntegerInput(e.target.value, { min: 0, max: 100 }))}
                    disabled={!commissionEnabled}
                    className=\"w-full h-14 rounded-2xl border-2 border-slate-100 dark:border-[#3E3A35] bg-slate-50 dark:bg-[#11100F] px-5 text-base font-bold text-slate-900 dark:text-[#EFE9E1] focus:outline-none focus:border-emerald-600 dark:focus:border-[#2E5D3E] transition-colors disabled:opacity-50 disabled:cursor-not-allowed\"
                    placeholder=\"V├¡ dß╗Ñ: 0 (kh├┤ng giß╗¢i hß║ín)\"
                  />
                </div>
              </div>
            )}

            {commissionStrategy === 'tier' && (
              <div className=\"space-y-4\">
                <label className=\"text-xs font-black text-slate-600 dark:text-[#CDBCAB] uppercase tracking-wider mb-3 block\">
                  C├íc mß╗⌐c hoa hß╗ông theo sß╗æ ca
                </label>
                {commissionTiers.map((tier, index) => (
                  <div key={index} className=\"grid grid-cols-4 gap-4 items-end\">
                    <div>
                      <label className=\"text-xs text-slate-500 dark:text-[#CDBCAB] mb-2 block\">Tß╗½ ca</label>
                      <input
                        type=\"number\"
                        value={tier.min}
                        onChange={(e) => {
                          const newTiers = [...commissionTiers];
                          newTiers[index].min = parseIntegerInput(e.target.value, { min: 0, max: 999 });
                          setCommissionTiers(newTiers);
                        }}
                        disabled={!commissionEnabled}
                        className=\"w-full h-12 rounded-xl border-2 border-slate-100 dark:border-[#3E3A35] bg-slate-50 dark:bg-[#11100F] px-4 text-sm font-bold text-slate-900 dark:text-[#EFE9E1] focus:outline-none focus:border-emerald-600 dark:focus:border-[#2E5D3E] transition-colors disabled:opacity-50\"
                      />
                    </div>
                    <div>
                      <label className=\"text-xs text-slate-500 dark:text-[#CDBCAB] mb-2 block\">─Éß║┐n ca</label>
                      <input
                        type=\"number\"
                        value={tier.max}
                        onChange={(e) => {
                          const newTiers = [...commissionTiers];
                          newTiers[index].max = parseIntegerInput(e.target.value, { min: 0, max: 999 });
                          setCommissionTiers(newTiers);
                        }}
                        disabled={!commissionEnabled}
                        className=\"w-full h-12 rounded-xl border-2 border-slate-100 dark:border-[#3E3A35] bg-slate-50 dark:bg-[#11100F] px-4 text-sm font-bold text-slate-900 dark:text-[#EFE9E1] focus:outline-none focus:border-emerald-600 dark:focus:border-[#2E5D3E] transition-colors disabled:opacity-50\"
                      />
                    </div>
                    <div>
                      <label className=\"text-xs text-slate-500 dark:text-[#CDBCAB] mb-2 block\">Hoa hß╗ông (VN─É)</label>
                      <input
                        type=\"number\"
                        value={tier.rate}
                        onChange={(e) => {
                          const newTiers = [...commissionTiers];
                          newTiers[index].rate = parseIntegerInput(e.target.value, { min: 0 });
                          setCommissionTiers(newTiers);
                        }}
                        disabled={!commissionEnabled}
                        className=\"w-full h-12 rounded-xl border-2 border-slate-100 dark:border-[#3E3A35] bg-slate-50 dark:bg-[#11100F] px-4 text-sm font-bold text-slate-900 dark:text-[#EFE9E1] focus:outline-none focus:border-emerald-600 dark:focus:border-[#2E5D3E] transition-colors disabled:opacity-50\"
                      />
                    </div>
                    <button
                      onClick={() => {
                        const newTiers = commissionTiers.filter((_, i) => i !== index);
                        setCommissionTiers(newTiers);
                      }}
                      disabled={!commissionEnabled || commissionTiers.length <= 1}
                      className=\"h-12 px-4 rounded-xl bg-rose-50 dark:bg-[#5D1C34]/20 text-rose-600 dark:text-[#EFE9E1] font-bold hover:bg-rose-100 dark:hover:bg-[#5D1C34]/40 transition-colors disabled:opacity-30 disabled:cursor-not-allowed\"
                    >
                      X├│a
                    </button>
                  </div>
                ))}
                <button
                  onClick={() => {
                    const lastTier = commissionTiers[commissionTiers.length - 1];
                    const newMin = lastTier.max + 1;
                    setCommissionTiers([...commissionTiers, { min: newMin, max: newMin + 9, rate: 0 }]);
                  }}
                  disabled={!commissionEnabled}
                  className=\"w-full h-12 rounded-xl border-2 border-dashed border-slate-300 dark:border-[#3E3A35] text-slate-600 dark:text-[#CDBCAB] font-bold hover:border-emerald-600 dark:hover:border-[#2E5D3E] hover:text-emerald-600 dark:hover:text-[#A67D44] transition-colors disabled:opacity-50 disabled:cursor-not-allowed\"
                >
                  + Th├¬m mß╗⌐c hoa hß╗ông
                </button>
              </div>
            )}

            {commissionStrategy === 'percentage' && (
              <div className=\"grid grid-cols-1 md:grid-cols-2 gap-6\">
                <div>
                  <label className=\"text-xs font-black text-slate-600 dark:text-[#CDBCAB] uppercase tracking-wider mb-3 block\">
                    Phß║ºn tr─âm doanh thu (%)
                  </label>
                  <input
                    type=\"number\"
                    step=\"0.1\"
                    value={commissionPercentage}
                    onChange={(e) => setCommissionPercentage(parseFloatInput(e.target.value, { min: 0, max: 100, decimals: 1 }))}
                    disabled={!commissionEnabled}
                    className=\"w-full h-14 rounded-2xl border-2 border-slate-100 dark:border-[#3E3A35] bg-slate-50 dark:bg-[#11100F] px-5 text-base font-bold text-slate-900 dark:text-[#EFE9E1] focus:outline-none focus:border-emerald-600 dark:focus:border-[#2E5D3E] transition-colors disabled:opacity-50 disabled:cursor-not-allowed\"
                    placeholder=\"V├¡ dß╗Ñ: 15 (15% doanh thu)\"
                  />
                </div>
                <div>
                  <label className=\"text-xs font-black text-slate-600 dark:text-[#CDBCAB] uppercase tracking-wider mb-3 block\">
                    Doanh thu tß╗æi thiß╗âu (VN─É, kh├┤ng bß║»t buß╗Öc)
                  </label>
                  <input
                    type=\"number\"
                    value={commissionMinRevenue}
                    onChange={(e) => setCommissionMinRevenue(parseIntegerInput(e.target.value, { min: 0 }))}
                    disabled={!commissionEnabled}
                    className=\"w-full h-14 rounded-2xl border-2 border-slate-100 dark:border-[#3E3A35] bg-slate-50 dark:bg-[#11100F] px-5 text-base font-bold text-slate-900 dark:text-[#EFE9E1] focus:outline-none focus:border-emerald-600 dark:focus:border-[#2E5D3E] transition-colors disabled:opacity-50 disabled:cursor-not-allowed\"
                    placeholder=\"V├¡ dß╗Ñ: 0 (kh├┤ng giß╗¢i hß║ín)\"
                  />
                </div>
              </div>
            )}

            {commissionStrategy === 'service' && (
              <div className=\"space-y-4\">
                <label className=\"text-xs font-black text-slate-600 dark:text-[#CDBCAB] uppercase tracking-wider mb-3 block\">
                  Hoa hß╗ông theo loß║íi dß╗ïch vß╗Ñ
                </label>
                {Object.entries(commissionServiceRates).map(([serviceKey, rate]) => (
                  <div key={serviceKey} className=\"grid grid-cols-3 gap-4 items-end\">
                    <div className=\"col-span-1\">
                      <label className=\"text-xs text-slate-500 dark:text-[#CDBCAB] mb-2 block\">Loß║íi dß╗ïch vß╗Ñ</label>
                      <input
                        type=\"text\"
                        value={serviceKey}
                        onChange={(e) => {
                          const newRates = { ...commissionServiceRates };
                          delete newRates[serviceKey];
                          newRates[e.target.value] = rate;
                          setCommissionServiceRates(newRates);
                        }}
                        disabled={!commissionEnabled}
                        className=\"w-full h-12 rounded-xl border-2 border-slate-100 dark:border-[#3E3A35] bg-slate-50 dark:bg-[#11100F] px-4 text-sm font-bold text-slate-900 dark:text-[#EFE9E1] focus:outline-none focus:border-emerald-600 dark:focus:border-[#2E5D3E] transition-colors disabled:opacity-50\"
                        placeholder=\"massage, facial...\"
                      />
                    </div>
                    <div className=\"col-span-1\">
                      <label className=\"text-xs text-slate-500 dark:text-[#CDBCAB] mb-2 block\">Hoa hß╗ông (VN─É)</label>
                      <input
                        type=\"number\"
                        value={rate}
                        onChange={(e) => {
                          const newRates = { ...commissionServiceRates };
                          newRates[serviceKey] = parseIntegerInput(e.target.value, { min: 0 });
                          setCommissionServiceRates(newRates);
                        }}
                        disabled={!commissionEnabled}
                        className=\"w-full h-12 rounded-xl border-2 border-slate-100 dark:border-[#3E3A35] bg-slate-50 dark:bg-[#11100F] px-4 text-sm font-bold text-slate-900 dark:text-[#EFE9E1] focus:outline-none focus:border-emerald-600 dark:focus:border-[#2E5D3E] transition-colors disabled:opacity-50\"
                      />
                    </div>
                    <button
                      onClick={() => {
                        const newRates = { ...commissionServiceRates };
                        delete newRates[serviceKey];
                        setCommissionServiceRates(newRates);
                      }}
                      disabled={!commissionEnabled || Object.keys(commissionServiceRates).length <= 1}
                      className=\"h-12 px-4 rounded-xl bg-rose-50 dark:bg-[#5D1C34]/20 text-rose-600 dark:text-[#EFE9E1] font-bold hover:bg-rose-100 dark:hover:bg-[#5D1C34]/40 transition-colors disabled:opacity-30 disabled:cursor-not-allowed\"
                    >
                      X├│a
                    </button>
                  </div>
                ))}
                <button
                  onClick={() => {
                    const newKey = `service_${Object.keys(commissionServiceRates).length + 1}`;
                    setCommissionServiceRates({ ...commissionServiceRates, [newKey]: 100000 });
                  }}
                  disabled={!commissionEnabled}
                  className=\"w-full h-12 rounded-xl border-2 border-dashed border-slate-300 dark:border-[#3E3A35] text-slate-600 dark:text-[#CDBCAB] font-bold hover:border-emerald-600 dark:hover:border-[#2E5D3E] hover:text-emerald-600 dark:hover:text-[#A67D44] transition-colors disabled:opacity-50 disabled:cursor-not-allowed\"
                >
                  + Th├¬m dß╗ïch vß╗Ñ
                </button>
              </div>
            )}

            {commissionStrategy === 'product_sales' && (
              <div className=\"grid grid-cols-1 md:grid-cols-2 gap-6\">
                <div>
                  <label className=\"text-xs font-black text-slate-600 dark:text-[#CDBCAB] uppercase tracking-wider mb-3 block\">
                    Phß║ºn tr─âm doanh sß╗æ b├ín mß╗╣ phß║⌐m (%)
                  </label>
                  <input
                    type=\"number\"
                    step=\"0.1\"
                    value={productSalesPercentage}
                    onChange={(e) => setProductSalesPercentage(parseFloatInput(e.target.value, { min: 0, max: 100, decimals: 1 }))}
                    disabled={!commissionEnabled}
                    className=\"w-full h-14 rounded-2xl border-2 border-slate-100 dark:border-[#3E3A35] bg-slate-50 dark:bg-[#11100F] px-5 text-base font-bold text-slate-900 dark:text-[#EFE9E1] focus:outline-none focus:border-emerald-600 dark:focus:border-[#2E5D3E] transition-colors disabled:opacity-50 disabled:cursor-not-allowed\"
                    placeholder=\"V├¡ dß╗Ñ: 10 (10% doanh sß╗æ b├ín h├áng)\"
                  />
                </div>
                <div>
                  <label className=\"text-xs font-black text-slate-600 dark:text-[#CDBCAB] uppercase tracking-wider mb-3 block\">
                    Doanh sß╗æ tß╗æi thiß╗âu (VN─É, kh├┤ng bß║»t buß╗Öc)
                  </label>
                  <input
                    type=\"number\"
                    value={productSalesMinSales}
                    onChange={(e) => setProductSalesMinSales(parseIntegerInput(e.target.value, { min: 0 }))}
                    disabled={!commissionEnabled}
                    className=\"w-full h-14 rounded-2xl border-2 border-slate-100 dark:border-[#3E3A35] bg-slate-50 dark:bg-[#11100F] px-5 text-base font-bold text-slate-900 dark:text-[#EFE9E1] focus:outline-none focus:border-emerald-600 dark:focus:border-[#2E5D3E] transition-colors disabled:opacity-50 disabled:cursor-not-allowed\"
                    placeholder=\"V├¡ dß╗Ñ: 0 (kh├┤ng giß╗¢i hß║ín)\"
                  />
                </div>
              </div>
            )}

            {commissionStrategy === 'total_revenue' && (
              <div className=\"space-y-6\">
                <div className=\"grid grid-cols-1 md:grid-cols-2 gap-6\">
                  <div>
                    <label className=\"text-xs font-black text-slate-600 dark:text-[#CDBCAB] uppercase tracking-wider mb-3 block\">
                      Phß║ºn tr─âm tß╗òng doanh thu (%)
                    </label>
                    <input
                      type=\"number\"
                      step=\"0.1\"
                      value={totalRevenuePercentage}
                      onChange={(e) => setTotalRevenuePercentage(parseFloatInput(e.target.value, { min: 0, max: 100, decimals: 1 }))}
                      disabled={!commissionEnabled}
                      className=\"w-full h-14 rounded-2xl border-2 border-slate-100 dark:border-[#3E3A35] bg-slate-50 dark:bg-[#11100F] px-5 text-base font-bold text-slate-900 dark:text-[#EFE9E1] focus:outline-none focus:border-emerald-600 dark:focus:border-[#2E5D3E] transition-colors disabled:opacity-50 disabled:cursor-not-allowed\"
                      placeholder=\"V├¡ dß╗Ñ: 12 (12% tß╗òng doanh thu)\"
                    />
                  </div>
                  <div>
                    <label className=\"text-xs font-black text-slate-600 dark:text-[#CDBCAB] uppercase tracking-wider mb-3 block\">
                      Doanh thu tß╗æi thiß╗âu (VN─É, kh├┤ng bß║»t buß╗Öc)
                    </label>
                    <input
                      type=\"number\"
                      value={totalRevenueMinRevenue}
                      onChange={(e) => setTotalRevenueMinRevenue(parseIntegerInput(e.target.value, { min: 0 }))}
                      disabled={!commissionEnabled}
                      className=\"w-full h-14 rounded-2xl border-2 border-slate-100 dark:border-[#3E3A35] bg-slate-50 dark:bg-[#11100F] px-5 text-base font-bold text-slate-900 dark:text-[#EFE9E1] focus:outline-none focus:border-emerald-600 dark:focus:border-[#2E5D3E] transition-colors disabled:opacity-50 disabled:cursor-not-allowed\"
                      placeholder=\"V├¡ dß╗Ñ: 0 (kh├┤ng giß╗¢i hß║ín)\"
                    />
                  </div>
                </div>

                {/* Weight configuration (optional advanced feature) */}
                <div className=\"bg-blue-50 dark:bg-[#11100F] border-2 border-blue-100 dark:border-[#3E3A35] rounded-2xl p-5\">
                  <div className=\"flex items-start gap-3 mb-4\">
                    <div className=\"w-8 h-8 bg-blue-500 dark:bg-blue-600 rounded-xl flex items-center justify-center flex-shrink-0\">
                      <span className=\"text-white text-sm font-black\">≡ƒÆí</span>
                    </div>
                    <div>
                      <h4 className=\"text-sm font-black text-blue-800 dark:text-[#EFE9E1] mb-1\">T├╣y chß╗ënh trß╗ìng sß╗æ (n├óng cao)</h4>
                      <p className=\"text-xs text-blue-600 dark:text-[#CDBCAB] leading-relaxed\">
                        ─Éiß╗üu chß╗ënh trß╗ìng sß╗æ ─æß╗â ╞░u ti├¬n doanh thu dß╗ïch vß╗Ñ hoß║╖c b├ín h├áng. Mß║╖c ─æß╗ïnh: cß║ú hai ─æß╗ông ─æß╗üu (1.0).
                      </p>
                    </div>
                  </div>

                  <div className=\"grid grid-cols-1 md:grid-cols-2 gap-4\">
                    <div>
                      <label className=\"text-xs font-bold text-blue-700 dark:text-[#CDBCAB] mb-2 block\">
                        Trß╗ìng sß╗æ dß╗ïch vß╗Ñ
                      </label>
                      <input
                        type=\"number\"
                        step=\"0.1\"
                        value={serviceWeight}
                        onChange={(e) => setServiceWeight(parseFloatInput(e.target.value, { min: 0, max: 10, decimals: 1 }))}
                        disabled={!commissionEnabled}
                        className=\"w-full h-12 rounded-xl border-2 border-blue-200 dark:border-[#3E3A35] bg-white dark:bg-[#11100F] px-4 text-sm font-bold text-slate-900 dark:text-[#EFE9E1] focus:outline-none focus:border-blue-500 dark:focus:border-blue-600 transition-colors disabled:opacity-50\"
                        placeholder=\"1.0\"
                      />
                    </div>
                    <div>
                      <label className=\"text-xs font-bold text-blue-700 dark:text-[#CDBCAB] mb-2 block\">
                        Trß╗ìng sß╗æ b├ín h├áng
                      </label>
                      <input
                        type=\"number\"
                        step=\"0.1\"
                        value={productWeight}
                        onChange={(e) => setProductWeight(parseFloatInput(e.target.value, { min: 0, max: 10, decimals: 1 }))}
                        disabled={!commissionEnabled}
                        className=\"w-full h-12 rounded-xl border-2 border-blue-200 dark:border-[#3E3A35] bg-white dark:bg-[#11100F] px-4 text-sm font-bold text-slate-900 dark:text-[#EFE9E1] focus:outline-none focus:border-blue-500 dark:focus:border-blue-600 transition-colors disabled:opacity-50\"
                        placeholder=\"1.0\"
                      />
                    </div>
                  </div>
                </div>
              </div>
            )}

            {!commissionEnabled && (
              <div className=\"bg-emerald-50 dark:bg-[#2E5D3E]/20 border border-emerald-100 dark:border-[#2E5D3E] rounded-xl px-4 py-3 text-xs text-emerald-700 dark:text-[#EFE9E1] font-medium\">
                ΓÜá∩╕Å Hoa hß╗ông ca hiß╗çn ─æang <strong>tß║»t</strong>. KTV sß║╜ kh├┤ng nhß║¡n hoa hß╗ông khi l├ám ca.
              </div>
            )}
          </section>

          {/* Save Button (shown at bottom for convenience) */}
          <div className=\"flex justify-end\">
            <button
              onClick={handleSave}
              disabled={isSaving || !tenantId}
              className=\"flex items-center gap-3 bg-primary hover:bg-primary-hover text-white px-8 py-4 rounded-2xl font-black transition-all shadow-xl shadow-pink-200/50 dark:shadow-none active:scale-95 uppercase tracking-wider disabled:opacity-50 disabled:grayscale\"
            >
              {isSaving ? (
                <Loader2 className=\"w-5 h-5 animate-spin\" />
              ) : (
                <Save className=\"w-5 h-5\" />
              )}
              <span>{isSaving ? '─Éang l╞░u...' : 'L╞░u cß║Ñu h├¼nh'}</span>
            </button>
          </div>

          {/* Info Footer */}
          <div className=\"bg-blue-50 dark:bg-[#11100F] border border-blue-100 dark:border-[#3E3A35] rounded-2xl px-6 py-4\">
            <p className=\"text-xs text-blue-700 dark:text-[#CDBCAB] font-medium leading-relaxed\">
              ≡ƒÆí <strong>L╞░u ├╜:</strong> C├íc thay ─æß╗òi sß║╜ ├íp dß╗Ñng cho kß╗│ l╞░╞íng hiß╗çn tß║íi v├á c├íc kß╗│ tiß║┐p theo. 
              Bß║úng l╞░╞íng ─æ├ú chß╗æt (finalized) sß║╜ kh├┤ng bß╗ï ß║únh h╞░ß╗ƒng.
            </p>
          </div>
        </div>
      );
    }

    'use client';

    import type { FormEvent } from 'react';
    import type { TenantModuleKey } from '@/lib/business-rules/tenant-modules';
    import { parsePercentInput } from '@/lib/utils';
    import type { NewVoucherCampaign } from '../types';

    interface CrmVoucherModalProps {
      newVoucher: NewVoucherCampaign;
      onChange: (voucher: NewVoucherCampaign) => void;
      onClose: () => void;
      onSubmit: (event: FormEvent) => void;
      tenantModuleKey?: TenantModuleKey | null;
    }

    const BABYCARE_TARGET_OPTIONS = [
      'B├⌐ tr├▓n 1 tuß╗òi',
      'Mß║╣ bß║ºu sß║»p sinh',
      'Trß║╗ s╞í sinh',
      'Kh├ích h├áng c┼⌐ k├¡ch hoß║ít lß║íi',
    ];

    const BEAUTY_TARGET_OPTIONS = [
      'Kh├ích ch─âm s├│c da ─æß╗ïnh kß╗│',
      'Kh├ích liß╗çu tr├¼nh body',
      'Kh├ích c├┤ng nghß╗ç cao',
      'Kh├ích h├áng c┼⌐ k├¡ch hoß║ít lß║íi',
    ];

    const NEUTRAL_TARGET_OPTIONS = [
      'Kh├ích cß║ºn ch─âm s├│c lß║íi',
      'Kh├ích h├áng th├ón thiß║┐t',
      'Kh├ích quan t├óm dß╗ïch vß╗Ñ mß╗¢i',
      'Kh├ích h├áng c┼⌐ k├¡ch hoß║ít lß║íi',
    ];

    export function CrmVoucherModal({ newVoucher, onChange, onClose, onSubmit, tenantModuleKey }: CrmVoucherModalProps) {
      const voucherTargetOptions = tenantModuleKey === 'babycare'
        ? BABYCARE_TARGET_OPTIONS
        : tenantModuleKey === 'beauty_spa'
          ? BEAUTY_TARGET_OPTIONS
          : NEUTRAL_TARGET_OPTIONS;
      const codePlaceholder = tenantModuleKey === 'babycare' ? 'V├¡ dß╗Ñ: WELCOME_BABY_15' : 'V├¡ dß╗Ñ: SKINCARE_15';

      return (
        <div className=\"fixed inset-0 bg-slate-900/60 backdrop-blur-sm flex items-center justify-center z-50 animate-in fade-in duration-300\">
          <div className=\"bg-white p-8 rounded-[2.5rem] w-full max-w-md shadow-2xl border border-slate-100 animate-in zoom-in-95 duration-300\">
            <h3 className=\"text-xl font-black text-slate-800 uppercase tracking-tight mb-2\">Tß║ío chiß║┐n dß╗ïch voucher mß╗¢i</h3>
            <p className=\"text-xs text-slate-400 font-medium mb-6\">Tß║ío m├ú qu├á tß║╖ng k├¡ch th├¡ch mua h├áng cho kh├ích h├áng th├ón thiß║┐t</p>

            <form onSubmit={onSubmit} className=\"space-y-4\">
              <div className=\"space-y-1\">
                <label className=\"text-[11px] font-black text-slate-400 uppercase tracking-widest\">M├ú voucher</label>
                <input
                  type=\"text\"
                  placeholder={codePlaceholder}
                  required
                  value={newVoucher.code}
                  onChange={(event) => onChange({ ...newVoucher, code: event.target.value.toUpperCase() })}
                  className=\"w-full px-4 py-3 bg-slate-50 rounded-xl border border-slate-100 focus:outline-none focus:border-rose-100 text-sm font-semibold\"
                />
              </div>

              <div className=\"space-y-1\">
                <label className=\"text-[11px] font-black text-slate-400 uppercase tracking-widest\">Phß║ºn tr─âm giß║úm gi├í</label>
                <input
                  type=\"number\"
                  min={1}
                  max={100}
                  required
                  value={newVoucher.discount}
                  onChange={(event) => onChange({ ...newVoucher, discount: parsePercentInput(event.target.value, { min: 1, max: 100, fallback: 10 }) })}
                  className=\"w-full px-4 py-3 bg-slate-50 rounded-xl border border-slate-100 focus:outline-none focus:border-rose-100 text-sm font-semibold\"
                />
              </div>

              <div className=\"space-y-1\">
                <label className=\"text-[11px] font-black text-slate-400 uppercase tracking-widest\">Tß╗çp kh├ích h├áng mß╗Ñc ti├¬u</label>
                <select
                  value={newVoucher.target}
                  onChange={(event) => onChange({ ...newVoucher, target: event.target.value })}
                  className=\"w-full px-4 py-3 bg-slate-50 rounded-xl border border-slate-100 focus:outline-none focus:border-rose-100 text-sm font-semibold\"
                >
                  {voucherTargetOptions.map((option) => (
                    <option key={option} value={option}>{option}</option>
                  ))}
                </select>
              </div>

              <div className=\"pt-4 flex items-center gap-3\">
                <button type=\"button\" onClick={onClose} className=\"flex-1 py-3 bg-slate-100 hover:bg-slate-200 text-slate-600 font-black text-xs uppercase tracking-widest rounded-xl transition-all\">
                  Hß╗ºy bß╗Å
                </button>
                <button type=\"submit\" className=\"flex-1 py-3 bg-primary hover:bg-primary/95 text-white font-black text-xs uppercase tracking-widest rounded-xl transition-all\">
                  Tß║ío chiß║┐n dß╗ïch
                </button>
              </div>
            </form>
          </div>
        </div>
      );
    }

    'use client';

    import type { FormEvent } from 'react';
    import { useCallback, useEffect, useState } from 'react';
    import {
      buildVoucherPromotionPayload,
      normalizePromotionDiscountPercent,
    } from '@/lib/business-rules/promotion';
    import type { TenantModuleKey } from '@/lib/business-rules/tenant-modules';
    import { createPromotion, getPromotions } from '@/services/promotions-actions';
    import type { Database } from '@/types/database.types';
    import type { NewVoucherCampaign, VoucherCampaign } from '../types';

    const BABYCARE_DEFAULT_VOUCHER_TARGET = 'B├⌐ tr├▓n 1 tuß╗òi';
    const BEAUTY_DEFAULT_VOUCHER_TARGET = 'Kh├ích ch─âm s├│c da ─æß╗ïnh kß╗│';
    const NEUTRAL_DEFAULT_VOUCHER_TARGET = 'Kh├ích cß║ºn ch─âm s├│c lß║íi';

    const MODULE_DEFAULT_TARGETS = new Set([
      BABYCARE_DEFAULT_VOUCHER_TARGET,
      BEAUTY_DEFAULT_VOUCHER_TARGET,
      NEUTRAL_DEFAULT_VOUCHER_TARGET,
    ]);

    function getDefaultVoucherTarget(moduleKey: TenantModuleKey | null | undefined) {
      if (moduleKey === 'babycare') return BABYCARE_DEFAULT_VOUCHER_TARGET;
      if (moduleKey === 'beauty_spa') return BEAUTY_DEFAULT_VOUCHER_TARGET;
      return NEUTRAL_DEFAULT_VOUCHER_TARGET;
    }

    function createDefaultNewVoucher(moduleKey: TenantModuleKey | null | undefined): NewVoucherCampaign {
      return {
        code: '',
        discount: 10,
        target: getDefaultVoucherTarget(moduleKey),
        status: 'active',
      };
    }

    type PromotionRow = Database['public']['Tables']['promotions']['Row'];

    function getErrorMessage(error: unknown) {
      return error instanceof Error ? error.message : 'Lß╗ùi kh├┤ng x├íc ─æß╗ïnh';
    }

    function promotionToVoucher(promotion: PromotionRow): VoucherCampaign {
      return {
        id: promotion.id,
        code: promotion.discount_code || promotion.title,
        discount: normalizePromotionDiscountPercent(promotion.discount_percent) ?? 0,
        target: promotion.description,
        status: promotion.is_active ? 'active' : 'paused',
        usage: 0,
      };
    }

    export function useCrmVoucherCampaigns(tenantModuleKey?: TenantModuleKey | null) {
      const [vouchers, setVouchers] = useState<VoucherCampaign[]>([]);
      const [isLoadingVouchers, setIsLoadingVouchers] = useState(true);
      const [voucherError, setVoucherError] = useState<string | null>(null);
      const [isVoucherModalOpen, setIsVoucherModalOpen] = useState(false);
      const [newVoucher, setNewVoucher] = useState<NewVoucherCampaign>(() => createDefaultNewVoucher(tenantModuleKey));

      const loadVouchers = useCallback(async () => {
        setIsLoadingVouchers(true);
        setVoucherError(null);
        try {
          const promotions = await getPromotions();
          setVouchers((promotions as PromotionRow[]).map(promotionToVoucher));
        } catch (error) {
          console.error('[useCrmVoucherCampaigns] Failed to load promotions:', error);
          setVoucherError(`Kh├┤ng thß╗â tß║úi danh s├ích voucher: ${getErrorMessage(error)}`);
        } finally {
          setIsLoadingVouchers(false);
        }
      }, []);

      useEffect(() => {
        const timeoutId = window.setTimeout(() => {
          void loadVouchers();
        }, 0);

        return () => window.clearTimeout(timeoutId);
      }, [loadVouchers]);

      useEffect(() => {
        setNewVoucher((current) => {
          if (current.code.trim() || !MODULE_DEFAULT_TARGETS.has(current.target)) {
            return current;
          }

          return { ...current, target: getDefaultVoucherTarget(tenantModuleKey) };
        });
      }, [tenantModuleKey]);

      const openVoucherModal = useCallback(() => {
        setIsVoucherModalOpen(true);
      }, []);

      const closeVoucherModal = useCallback(() => {
        setIsVoucherModalOpen(false);
      }, []);

      const handleCreateVoucher = useCallback(async (event: FormEvent) => {
        event.preventDefault();
        if (!newVoucher.code.trim()) return;

        const promotionPayload = buildVoucherPromotionPayload(newVoucher);
        if (!promotionPayload.success) {
          setVoucherError(`Kh├┤ng thß╗â tß║ío voucher: ${promotionPayload.error}`);
          return;
        }

        const result = await createPromotion(promotionPayload.payload);
        if (!result.success) {
          setVoucherError(`Kh├┤ng thß╗â tß║ío voucher: ${result.error || 'Lß╗ùi kh├┤ng x├íc ─æß╗ïnh'}`);
          return;
        }

        setIsVoucherModalOpen(false);
        setNewVoucher(createDefaultNewVoucher(tenantModuleKey));
        await loadVouchers();
      }, [loadVouchers, newVoucher, tenantModuleKey]);

      return {
        vouchers,
        isLoadingVouchers,
        voucherError,
        isVoucherModalOpen,
        newVoucher,
        setNewVoucher,
        openVoucherModal,
        closeVoucherModal,
        loadVouchers,
        handleCreateVoucher,
      };
    }

    'use client';

    import { Calendar, Percent, Plus, RefreshCw, Tag } from 'lucide-react';
    import type { FormEvent } from 'react';
    import { normalizePromotionDiscountPercent } from '@/lib/business-rules/promotion';
    import type { PromotionFormState } from './types';

    interface PromotionFormProps {
      form: PromotionFormState;
      isSubmitting: boolean;
      onChange: (patch: Partial<PromotionFormState>) => void;
      onSubmit: (event: FormEvent) => void;
    }

    export function PromotionForm({
      form,
      isSubmitting,
      onChange,
      onSubmit,
    }: PromotionFormProps) {
      return (
        <div className=\"xl:col-span-1 glass-white border border-pink-50 p-6 rounded-[2rem] space-y-6 self-start\">
          <h3 className=\"text-lg font-black text-slate-800 flex items-center gap-2\">
            <Plus className=\"w-5 h-5 text-primary\" />
            Th├¬m ╞░u ─æ├úi mß╗¢i
          </h3>

          <form onSubmit={onSubmit} className=\"space-y-4\">
            <div className=\"space-y-1.5\">
              <label className=\"text-[10px] font-black text-slate-400 uppercase tracking-widest block\">
                Ti├¬u ─æß╗ü ch╞░╞íng tr├¼nh
              </label>
              <input
                type=\"text\"
                required
                value={form.title}
                onChange={(event) => onChange({ title: event.target.value })}
                placeholder=\"VD: Mß╗½ng ng├áy cß╗ºa mß║╣\"
                className=\"w-full px-5 py-3 bg-white/50 border border-pink-100 rounded-xl focus:ring-4 focus:ring-primary/10 focus:border-primary outline-none transition-all font-bold text-sm\"
              />
            </div>

            <div className=\"space-y-1.5\">
              <label className=\"text-[10px] font-black text-slate-400 uppercase tracking-widest block\">
                M├┤ tß║ú chi tiß║┐t
              </label>
              <textarea
                required
                value={form.description}
                onChange={(event) => onChange({ description: event.target.value })}
                placeholder=\"M├┤ tß║ú quyß╗ün lß╗úi v├á ─æiß╗üu kiß╗çn ├íp dß╗Ñng...\"
                rows={3}
                className=\"w-full px-5 py-3 bg-white/50 border border-pink-100 rounded-xl focus:ring-4 focus:ring-primary/10 focus:border-primary outline-none transition-all font-bold text-sm resize-none\"
              />
            </div>

            <div className=\"grid grid-cols-2 gap-4\">
              <div className=\"space-y-1.5\">
                <label className=\"text-[10px] font-black text-slate-400 uppercase tracking-widest flex items-center gap-1\">
                  <Tag className=\"w-3 h-3 text-slate-400\" />
                  M├ú ╞░u ─æ├úi
                </label>
                <input
                  type=\"text\"
                  value={form.discountCode}
                  onChange={(event) =>
                    onChange({ discountCode: event.target.value.toUpperCase().replace(/\\s+/g, '') })
                  }
                  placeholder=\"MOTHER50\"
                  className=\"w-full px-5 py-3 bg-white/50 border border-pink-100 rounded-xl focus:ring-4 focus:ring-primary/10 focus:border-primary outline-none transition-all font-black text-sm font-mono text-rose-500\"
                />
              </div>

              <div className=\"space-y-1.5\">
                <label className=\"text-[10px] font-black text-slate-400 uppercase tracking-widest flex items-center gap-1\">
                  <Percent className=\"w-3 h-3 text-slate-400\" />
                  % giß║úm gi├í
                </label>
                <input
                  type=\"number\"
                  min=\"0\"
                  max=\"100\"
                  value={form.discountPercent}
                  onChange={(event) => onChange({
                    discountPercent: event.target.value === ''
                      ? ''
                      : String(normalizePromotionDiscountPercent(event.target.value) ?? 0),
                  })}
                  placeholder=\"10\"
                  className=\"w-full px-5 py-3 bg-white/50 border border-pink-100 rounded-xl focus:ring-4 focus:ring-primary/10 focus:border-primary outline-none transition-all font-bold text-sm\"
                />
              </div>
            </div>

            <div className=\"grid grid-cols-1 gap-4\">
              <DateField
                label=\"Ng├áy bß║»t ─æß║ºu\"
                value={form.startDate}
                onChange={(value) => onChange({ startDate: value })}
              />
              <DateField
                label=\"Ng├áy kß║┐t th├║c\"
                value={form.endDate}
                onChange={(value) => onChange({ endDate: value })}
              />
            </div>

            <button
              type=\"submit\"
              disabled={isSubmitting}
              className=\"w-full bg-primary hover:bg-primary-hover text-white py-3.5 rounded-xl font-black text-xs uppercase tracking-widest transition-all active:scale-95 shadow-md disabled:opacity-50 disabled:grayscale flex items-center justify-center gap-2 mt-4\"
            >
              {isSubmitting ? <RefreshCw className=\"w-4 h-4 animate-spin\" /> : <Plus className=\"w-4 h-4\" />}
              <span>{isSubmitting ? '─Éang th├¬m...' : 'Tß║ío khuyß║┐n m├úi'}</span>
            </button>
          </form>
        </div>
      );
    }

    function DateField({
      label,
      value,
      onChange,
    }: {
      label: string;
      value: string;
      onChange: (value: string) => void;
    }) {
      return (
        <div className=\"space-y-1.5\">
          <label className=\"text-[10px] font-black text-slate-400 uppercase tracking-widest flex items-center gap-1\">
            <Calendar className=\"w-3 h-3 text-slate-400\" />
            {label}
          </label>
          <input
            type=\"date\"
            value={value}
            onChange={(event) => onChange(event.target.value)}
            className=\"w-full px-4 py-3 bg-white/50 border border-pink-100 rounded-xl focus:ring-4 focus:ring-primary/10 focus:border-primary outline-none transition-all font-bold text-sm\"
          />
        </div>
      );
    }

    'use client';

    import type { FormEvent } from 'react';
    import { useCallback, useEffect, useState } from 'react';
    import { toast } from 'sonner';
    import { buildPromotionPayload } from '@/lib/business-rules/promotion';
    import {
      createPromotion,
      deletePromotion,
      getPromotions,
      togglePromotionActive,
    } from '@/services/promotions-actions';
    import {
      EMPTY_PROMOTION_FORM,
      type Promotion,
      type PromotionFormState,
    } from './types';

    function getErrorMessage(error: unknown) {
      return error instanceof Error ? error.message : String(error);
    }

    export function usePromotionsSettings() {
      const [promotions, setPromotions] = useState<Promotion[]>([]);
      const [form, setForm] = useState<PromotionFormState>(EMPTY_PROMOTION_FORM);
      const [isLoading, setIsLoading] = useState(true);
      const [isSubmitting, setIsSubmitting] = useState(false);
      const [actionId, setActionId] = useState<string | null>(null);

      const loadPromotions = useCallback(async () => {
        setIsLoading(true);
        try {
          const data = await getPromotions();
          setPromotions(data as Promotion[]);
        } catch (error) {
          toast.error(`Kh├┤ng thß╗â tß║úi danh s├ích khuyß║┐n m├úi: ${getErrorMessage(error)}`);
        } finally {
          setIsLoading(false);
        }
      }, []);

      useEffect(() => {
        const timeoutId = window.setTimeout(() => {
          void loadPromotions();
        }, 0);

        return () => window.clearTimeout(timeoutId);
      }, [loadPromotions]);

      const updateForm = useCallback((patch: Partial<PromotionFormState>) => {
        setForm((currentForm) => ({ ...currentForm, ...patch }));
      }, []);

      const handleSubmit = useCallback(async (event: FormEvent) => {
        event.preventDefault();

        if (!form.title.trim() || !form.description.trim()) {
          toast.error('Vui l├▓ng nhß║¡p ─æß║ºy ─æß╗º ti├¬u ─æß╗ü v├á m├┤ tß║ú.');
          return;
        }

        setIsSubmitting(true);
        try {
          const promotionPayload = buildPromotionPayload({
            title: form.title.trim(),
            description: form.description.trim(),
            discount_code: form.discountCode.trim() || null,
            discount_percent: form.discountPercent,
            start_date: form.startDate || null,
            end_date: form.endDate || null,
            is_active: true,
          });

          if (!promotionPayload.success) {
            toast.error(promotionPayload.error);
            return;
          }

          const result = await createPromotion(promotionPayload.payload);

          if (!result.success) {
            toast.error(`Lß╗ùi khi th├¬m khuyß║┐n m├úi: ${result.error}`);
            return;
          }

          toast.success('─É├ú th├¬m ch╞░╞íng tr├¼nh khuyß║┐n m├úi th├ánh c├┤ng.');
          setForm(EMPTY_PROMOTION_FORM);
          await loadPromotions();
        } catch (error) {
          toast.error(`Lß╗ùi kh├┤ng mong muß╗æn: ${getErrorMessage(error)}`);
        } finally {
          setIsSubmitting(false);
        }
      }, [form, loadPromotions]);

      const handleToggleActive = useCallback(async (promotion: Promotion) => {
        const nextStatus = !promotion.is_active;
        setActionId(promotion.id);
        try {
          const result = await togglePromotionActive(promotion.id, nextStatus);
          if (!result.success) {
            toast.error(`Kh├┤ng thß╗â cß║¡p nhß║¡t trß║íng th├íi: ${result.error}`);
            return;
          }

          setPromotions((currentPromotions) =>
            currentPromotions.map((item) =>
              item.id === promotion.id ? { ...item, is_active: nextStatus } : item
            )
          );
          toast.success(nextStatus ? '─É├ú k├¡ch hoß║ít ch╞░╞íng tr├¼nh.' : '─É├ú tß║ím ng╞░ng ch╞░╞íng tr├¼nh.');
        } catch (error) {
          toast.error(`Lß╗ùi: ${getErrorMessage(error)}`);
        } finally {
          setActionId(null);
        }
      }, []);

      const handleDelete = useCallback(async (promotion: Promotion) => {
        if (!confirm('Bß║ín c├│ chß║»c chß║»n muß╗æn x├│a ch╞░╞íng tr├¼nh khuyß║┐n m├úi n├áy kh├┤ng?')) return;

        setActionId(promotion.id);
        try {
          const result = await deletePromotion(promotion.id);
          if (!result.success) {
            toast.error(`Lß╗ùi khi x├│a khuyß║┐n m├úi: ${result.error}`);
            return;
          }

          setPromotions((currentPromotions) =>
            currentPromotions.filter((item) => item.id !== promotion.id)
          );
          toast.success('─É├ú x├│a ch╞░╞íng tr├¼nh khuyß║┐n m├úi th├ánh c├┤ng.');
        } catch (error) {
          toast.error(`Lß╗ùi: ${getErrorMessage(error)}`);
        } finally {
          setActionId(null);
        }
      }, []);

      return {
        promotions,
        form,
        isLoading,
        isSubmitting,
        actionId,
        updateForm,
        handleSubmit,
        handleToggleActive,
        handleDelete,
      };
    }
    "

      173 |     expect(auditedNumericInputSources).toContain('parsePercentInput');
      174 |     expect(auditedNumericInputSources).toContain('parseIntegerInput');
    > 175 |     expect(auditedNumericInputSources).not.toMatch(/parseInt\(/);
          |                                            ^
      176 |     expect(auditedNumericInputSources).not.toMatch(/Number\([^\n]*\)\s*\|\|\s*0/);
      177 |   });
      178 |

      at Object.toMatch (src/__tests__/payment-business-rule-audit.test.ts:175:44)

FAIL src/services/decision-actions/__tests__/booking-decisions.test.ts
  ΓùÅ Console

    console.log
      Γùç injected env (9) from .env.local // tip: Γîÿ custom filepath { path: '/custom/path/.env' }

      at _log (node_modules/dotenv/lib/main.js:131:11)

    console.log
      [Jest Setup] SUPABASE_SERVICE_ROLE_KEY loaded: sb_secret_Dm... (41 chars)

      at Object.log (jest.setup.ts:10:9)

  ΓùÅ checkBookingConflicts ΓÇ║ should APPROVE when no conflicts exist

    TypeError: mockCreateClient.mockResolvedValue is not a function

      52 |     };
      53 |
    > 54 |     mockCreateClient.mockResolvedValue(mockSupabase as any);
         |                      ^
      55 |   });
      56 |
      57 |   // ΓöÇΓöÇΓöÇΓöÇΓöÇΓöÇΓöÇΓöÇΓöÇΓöÇΓöÇΓöÇΓöÇΓöÇΓöÇΓöÇΓöÇΓöÇΓöÇΓöÇΓöÇΓöÇΓöÇΓöÇΓöÇΓöÇΓöÇΓöÇΓöÇΓöÇΓöÇΓöÇΓöÇΓöÇΓöÇΓöÇΓöÇΓöÇΓöÇΓöÇΓöÇΓöÇΓöÇΓöÇΓöÇΓöÇΓöÇΓöÇΓöÇΓöÇΓöÇΓöÇΓöÇΓöÇΓöÇΓöÇΓöÇΓöÇΓöÇΓöÇΓöÇΓöÇΓöÇΓöÇΓöÇΓöÇΓöÇΓöÇΓöÇΓöÇΓöÇΓöÇΓöÇ

      at Object.mockResolvedValue (src/services/decision-actions/__tests__/booking-decisions.test.ts:54:22)

  ΓùÅ checkBookingConflicts ΓÇ║ should REJECT when KTV has conflicting booking

    TypeError: mockCreateClient.mockResolvedValue is not a function

      52 |     };
      53 |
    > 54 |     mockCreateClient.mockResolvedValue(mockSupabase as any);
         |                      ^
      55 |   });
      56 |
      57 |   // ΓöÇΓöÇΓöÇΓöÇΓöÇΓöÇΓöÇΓöÇΓöÇΓöÇΓöÇΓöÇΓöÇΓöÇΓöÇΓöÇΓöÇΓöÇΓöÇΓöÇΓöÇΓöÇΓöÇΓöÇΓöÇΓöÇΓöÇΓöÇΓöÇΓöÇΓöÇΓöÇΓöÇΓöÇΓöÇΓöÇΓöÇΓöÇΓöÇΓöÇΓöÇΓöÇΓöÇΓöÇΓöÇΓöÇΓöÇΓöÇΓöÇΓöÇΓöÇΓöÇΓöÇΓöÇΓöÇΓöÇΓöÇΓöÇΓöÇΓöÇΓöÇΓöÇΓöÇΓöÇΓöÇΓöÇΓöÇΓöÇΓöÇΓöÇΓöÇΓöÇΓöÇ

      at Object.mockResolvedValue (src/services/decision-actions/__tests__/booking-decisions.test.ts:54:22)

  ΓùÅ checkBookingConflicts ΓÇ║ should REJECT when room has conflicting booking

    TypeError: mockCreateClient.mockResolvedValue is not a function

      52 |     };
      53 |
    > 54 |     mockCreateClient.mockResolvedValue(mockSupabase as any);
         |                      ^
      55 |   });
      56 |
      57 |   // ΓöÇΓöÇΓöÇΓöÇΓöÇΓöÇΓöÇΓöÇΓöÇΓöÇΓöÇΓöÇΓöÇΓöÇΓöÇΓöÇΓöÇΓöÇΓöÇΓöÇΓöÇΓöÇΓöÇΓöÇΓöÇΓöÇΓöÇΓöÇΓöÇΓöÇΓöÇΓöÇΓöÇΓöÇΓöÇΓöÇΓöÇΓöÇΓöÇΓöÇΓöÇΓöÇΓöÇΓöÇΓöÇΓöÇΓöÇΓöÇΓöÇΓöÇΓöÇΓöÇΓöÇΓöÇΓöÇΓöÇΓöÇΓöÇΓöÇΓöÇΓöÇΓöÇΓöÇΓöÇΓöÇΓöÇΓöÇΓöÇΓöÇΓöÇΓöÇΓöÇΓöÇ

      at Object.mockResolvedValue (src/services/decision-actions/__tests__/booking-decisions.test.ts:54:22)

  ΓùÅ checkBookingConflicts ΓÇ║ should APPROVE_WITH_WARNING when KTV has >8 sessions

    TypeError: mockCreateClient.mockResolvedValue is not a function

      52 |     };
      53 |
    > 54 |     mockCreateClient.mockResolvedValue(mockSupabase as any);
         |                      ^
      55 |   });
      56 |
      57 |   // ΓöÇΓöÇΓöÇΓöÇΓöÇΓöÇΓöÇΓöÇΓöÇΓöÇΓöÇΓöÇΓöÇΓöÇΓöÇΓöÇΓöÇΓöÇΓöÇΓöÇΓöÇΓöÇΓöÇΓöÇΓöÇΓöÇΓöÇΓöÇΓöÇΓöÇΓöÇΓöÇΓöÇΓöÇΓöÇΓöÇΓöÇΓöÇΓöÇΓöÇΓöÇΓöÇΓöÇΓöÇΓöÇΓöÇΓöÇΓöÇΓöÇΓöÇΓöÇΓöÇΓöÇΓöÇΓöÇΓöÇΓöÇΓöÇΓöÇΓöÇΓöÇΓöÇΓöÇΓöÇΓöÇΓöÇΓöÇΓöÇΓöÇΓöÇΓöÇΓöÇΓöÇ

      at Object.mockResolvedValue (src/services/decision-actions/__tests__/booking-decisions.test.ts:54:22)

  ΓùÅ checkBookingConflicts ΓÇ║ should REJECT when KTV has ΓëÑ10 sessions

    TypeError: mockCreateClient.mockResolvedValue is not a function

      52 |     };
      53 |
    > 54 |     mockCreateClient.mockResolvedValue(mockSupabase as any);
         |                      ^
      55 |   });
      56 |
      57 |   // ΓöÇΓöÇΓöÇΓöÇΓöÇΓöÇΓöÇΓöÇΓöÇΓöÇΓöÇΓöÇΓöÇΓöÇΓöÇΓöÇΓöÇΓöÇΓöÇΓöÇΓöÇΓöÇΓöÇΓöÇΓöÇΓöÇΓöÇΓöÇΓöÇΓöÇΓöÇΓöÇΓöÇΓöÇΓöÇΓöÇΓöÇΓöÇΓöÇΓöÇΓöÇΓöÇΓöÇΓöÇΓöÇΓöÇΓöÇΓöÇΓöÇΓöÇΓöÇΓöÇΓöÇΓöÇΓöÇΓöÇΓöÇΓöÇΓöÇΓöÇΓöÇΓöÇΓöÇΓöÇΓöÇΓöÇΓöÇΓöÇΓöÇΓöÇΓöÇΓöÇΓöÇ

      at Object.mockResolvedValue (src/services/decision-actions/__tests__/booking-decisions.test.ts:54:22)

  ΓùÅ checkBookingConflicts ΓÇ║ should APPROVE when no KTV is assigned

    TypeError: mockCreateClient.mockResolvedValue is not a function

      52 |     };
      53 |
    > 54 |     mockCreateClient.mockResolvedValue(mockSupabase as any);
         |                      ^
      55 |   });
      56 |
      57 |   // ΓöÇΓöÇΓöÇΓöÇΓöÇΓöÇΓöÇΓöÇΓöÇΓöÇΓöÇΓöÇΓöÇΓöÇΓöÇΓöÇΓöÇΓöÇΓöÇΓöÇΓöÇΓöÇΓöÇΓöÇΓöÇΓöÇΓöÇΓöÇΓöÇΓöÇΓöÇΓöÇΓöÇΓöÇΓöÇΓöÇΓöÇΓöÇΓöÇΓöÇΓöÇΓöÇΓöÇΓöÇΓöÇΓöÇΓöÇΓöÇΓöÇΓöÇΓöÇΓöÇΓöÇΓöÇΓöÇΓöÇΓöÇΓöÇΓöÇΓöÇΓöÇΓöÇΓöÇΓöÇΓöÇΓöÇΓöÇΓöÇΓöÇΓöÇΓöÇΓöÇΓöÇ

      at Object.mockResolvedValue (src/services/decision-actions/__tests__/booking-decisions.test.ts:54:22)

  ΓùÅ checkBookingConflicts ΓÇ║ should APPROVE when no date is assigned

    TypeError: mockCreateClient.mockResolvedValue is not a function

      52 |     };
      53 |
    > 54 |     mockCreateClient.mockResolvedValue(mockSupabase as any);
         |                      ^
      55 |   });
      56 |
      57 |   // ΓöÇΓöÇΓöÇΓöÇΓöÇΓöÇΓöÇΓöÇΓöÇΓöÇΓöÇΓöÇΓöÇΓöÇΓöÇΓöÇΓöÇΓöÇΓöÇΓöÇΓöÇΓöÇΓöÇΓöÇΓöÇΓöÇΓöÇΓöÇΓöÇΓöÇΓöÇΓöÇΓöÇΓöÇΓöÇΓöÇΓöÇΓöÇΓöÇΓöÇΓöÇΓöÇΓöÇΓöÇΓöÇΓöÇΓöÇΓöÇΓöÇΓöÇΓöÇΓöÇΓöÇΓöÇΓöÇΓöÇΓöÇΓöÇΓöÇΓöÇΓöÇΓöÇΓöÇΓöÇΓöÇΓöÇΓöÇΓöÇΓöÇΓöÇΓöÇΓöÇΓöÇ

      at Object.mockResolvedValue (src/services/decision-actions/__tests__/booking-decisions.test.ts:54:22)

  ΓùÅ checkBookingConflicts ΓÇ║ should APPROVE (fail-open) when policy throws error

    TypeError: mockCreateClient.mockResolvedValue is not a function

      52 |     };
      53 |
    > 54 |     mockCreateClient.mockResolvedValue(mockSupabase as any);
         |                      ^
      55 |   });
      56 |
      57 |   // ΓöÇΓöÇΓöÇΓöÇΓöÇΓöÇΓöÇΓöÇΓöÇΓöÇΓöÇΓöÇΓöÇΓöÇΓöÇΓöÇΓöÇΓöÇΓöÇΓöÇΓöÇΓöÇΓöÇΓöÇΓöÇΓöÇΓöÇΓöÇΓöÇΓöÇΓöÇΓöÇΓöÇΓöÇΓöÇΓöÇΓöÇΓöÇΓöÇΓöÇΓöÇΓöÇΓöÇΓöÇΓöÇΓöÇΓöÇΓöÇΓöÇΓöÇΓöÇΓöÇΓöÇΓöÇΓöÇΓöÇΓöÇΓöÇΓöÇΓöÇΓöÇΓöÇΓöÇΓöÇΓöÇΓöÇΓöÇΓöÇΓöÇΓöÇΓöÇΓöÇΓöÇ

      at Object.mockResolvedValue (src/services/decision-actions/__tests__/booking-decisions.test.ts:54:22)

  ΓùÅ checkBookingConflicts ΓÇ║ should APPROVE when no tenant context exists

    TypeError: mockCreateClient.mockResolvedValue is not a function

      52 |     };
      53 |
    > 54 |     mockCreateClient.mockResolvedValue(mockSupabase as any);
         |                      ^
      55 |   });
      56 |
      57 |   // ΓöÇΓöÇΓöÇΓöÇΓöÇΓöÇΓöÇΓöÇΓöÇΓöÇΓöÇΓöÇΓöÇΓöÇΓöÇΓöÇΓöÇΓöÇΓöÇΓöÇΓöÇΓöÇΓöÇΓöÇΓöÇΓöÇΓöÇΓöÇΓöÇΓöÇΓöÇΓöÇΓöÇΓöÇΓöÇΓöÇΓöÇΓöÇΓöÇΓöÇΓöÇΓöÇΓöÇΓöÇΓöÇΓöÇΓöÇΓöÇΓöÇΓöÇΓöÇΓöÇΓöÇΓöÇΓöÇΓöÇΓöÇΓöÇΓöÇΓöÇΓöÇΓöÇΓöÇΓöÇΓöÇΓöÇΓöÇΓöÇΓöÇΓöÇΓöÇΓöÇΓöÇ

      at Object.mockResolvedValue (src/services/decision-actions/__tests__/booking-decisions.test.ts:54:22)

  ΓùÅ checkBookingConflicts ΓÇ║ should APPROVE when time slots are adjacent (no overlap)

    TypeError: mockCreateClient.mockResolvedValue is not a function

      52 |     };
      53 |
    > 54 |     mockCreateClient.mockResolvedValue(mockSupabase as any);
         |                      ^
      55 |   });
      56 |
      57 |   // ΓöÇΓöÇΓöÇΓöÇΓöÇΓöÇΓöÇΓöÇΓöÇΓöÇΓöÇΓöÇΓöÇΓöÇΓöÇΓöÇΓöÇΓöÇΓöÇΓöÇΓöÇΓöÇΓöÇΓöÇΓöÇΓöÇΓöÇΓöÇΓöÇΓöÇΓöÇΓöÇΓöÇΓöÇΓöÇΓöÇΓöÇΓöÇΓöÇΓöÇΓöÇΓöÇΓöÇΓöÇΓöÇΓöÇΓöÇΓöÇΓöÇΓöÇΓöÇΓöÇΓöÇΓöÇΓöÇΓöÇΓöÇΓöÇΓöÇΓöÇΓöÇΓöÇΓöÇΓöÇΓöÇΓöÇΓöÇΓöÇΓöÇΓöÇΓöÇΓöÇΓöÇ

      at Object.mockResolvedValue (src/services/decision-actions/__tests__/booking-decisions.test.ts:54:22)

FAIL src/__tests__/finance-intelligence-service.test.ts
  ΓùÅ Console

    console.log
      Γùç injected env (9) from .env.local // tip: Γùê secrets for agents [www.dotenvx.com]

      at _log (node_modules/dotenv/lib/main.js:131:11)

    console.log
      [Jest Setup] SUPABASE_SERVICE_ROLE_KEY loaded: sb_secret_Dm... (41 chars)

      at Object.log (jest.setup.ts:10:9)

    console.error
      [FinanceIntelligence.getMonthlyPnL] Error: Error: Database error
          at Object.<anonymous> (D:\Antigravity\Projects\BELLA SPA ERP\src\__tests__\finance-intelligence-service.test.ts:221:51)
          at Promise.finally.completed (D:\Antigravity\Projects\BELLA SPA ERP\node_modules\jest-circus\build\jestAdapterInit.js:1561:28)
          at new Promise (<anonymous>)
          at callAsyncCircusFn (D:\Antigravity\Projects\BELLA SPA ERP\node_modules\jest-circus\build\jestAdapterInit.js:1501:10)
          at _callCircusTest (D:\Antigravity\Projects\BELLA SPA ERP\node_modules\jest-circus\build\jestAdapterInit.js:1011:40)
          at processTicksAndRejections (node:internal/process/task_queues:104:5)
          at _runTest (D:\Antigravity\Projects\BELLA SPA ERP\node_modules\jest-circus\build\jestAdapterInit.js:951:3)
          at D:\Antigravity\Projects\BELLA SPA ERP\node_modules\jest-circus\build\jestAdapterInit.js:853:7
          at _runTestsForDescribeBlock (D:\Antigravity\Projects\BELLA SPA ERP\node_modules\jest-circus\build\jestAdapterInit.js:866:11)
          at _runTestsForDescribeBlock (D:\Antigravity\Projects\BELLA SPA ERP\node_modules\jest-circus\build\jestAdapterInit.js:861:11)
          at _runTestsForDescribeBlock (D:\Antigravity\Projects\BELLA SPA ERP\node_modules\jest-circus\build\jestAdapterInit.js:861:11)
          at run (D:\Antigravity\Projects\BELLA SPA ERP\node_modules\jest-circus\build\jestAdapterInit.js:765:3)
          at runAndTransformResultsToJestFormat (D:\Antigravity\Projects\BELLA SPA ERP\node_modules\jest-circus\build\jestAdapterInit.js:1993:21)
          at jestAdapter (D:\Antigravity\Projects\BELLA SPA ERP\node_modules\jest-circus\build\runner.js:111:19)
          at runTestInternal (D:\Antigravity\Projects\BELLA SPA ERP\node_modules\jest-runner\build\testWorker.js:276:16)
          at runTest (D:\Antigravity\Projects\BELLA SPA ERP\node_modules\jest-runner\build\testWorker.js:344:7)
          at Object.worker (D:\Antigravity\Projects\BELLA SPA ERP\node_modules\jest-runner\build\testWorker.js:498:12)

      778 |
      779 |     const message = error instanceof Error ? error.message : String(error);
    > 780 |     console.error(`[FinanceIntelligence.${method}] Error:`, error);
          |             ^
      781 |
      782 |     return new IntelligenceError(
      783 |       `Finance intelligence operation failed: ${message}`,

      at FinanceIntelligenceService.error [as handleError] (src/services/intelligence/finance/service.ts:780:13)
      at FinanceIntelligenceService.handleError [as getMonthlyPnL] (src/services/intelligence/finance/service.ts:148:18)
      at Object.<anonymous> (src/__tests__/finance-intelligence-service.test.ts:223:7)

    console.log
      [FinanceIntelligence] Cache cleared for tenant: test-tenant-123

      at FinanceIntelligenceService.log [as clearCache] (src/services/intelligence/finance/service.ts:754:17)

  ΓùÅ FinanceIntelligenceService ΓÇ║ getMonthlyPnL ΓÇ║ should return P&L data on first call (cache miss)

    expect(received).toEqual(expected) // deep equality

    - Expected  -  0
    + Received  + 10

      Object {
    +   "data": Object {
          "netProfit": 4000000,
          "profitMargin": 40,
          "totalExpenses": 6000000,
          "totalRevenue": 10000000,
    +   },
    +   "metadata": Object {
    +     "cacheHit": false,
    +     "dataSourcesUsed": Array [
    +       "mv_monthly_pnl",
    +     ],
    +     "generatedAt": 2026-07-16T07:58:10.666Z,
    +     "queryTimeMs": 2,
    +   },
      }

       97 |       const result = await service.getMonthlyPnL(tenantId, period);
       98 |       
    >  99 |       expect(result).toEqual(mockQueryResults.monthlyPnL);
          |                      ^
      100 |     });
      101 |
      102 |     it('should return cached data on second call (cache hit)', async () => {

      at Object.toEqual (src/__tests__/finance-intelligence-service.test.ts:99:22)

  ΓùÅ FinanceIntelligenceService ΓÇ║ getMonthlyPnL ΓÇ║ should return cached data on second call (cache hit)

    expect(jest.fn()).toHaveBeenCalledTimes(expected)

    Expected number of calls: 1
    Received number of calls: 0

      105 |       // First call - cache miss
      106 |       await service.getMonthlyPnL(tenantId, period);
    > 107 |       expect(queries.getMonthlyPnL).toHaveBeenCalledTimes(1);
          |                                     ^
      108 |
      109 |       // Second call - cache hit
      110 |       const result = await service.getMonthlyPnL(tenantId, period);

      at Object.toHaveBeenCalledTimes (src/__tests__/finance-intelligence-service.test.ts:107:37)

  ΓùÅ FinanceIntelligenceService ΓÇ║ getMonthlyPnL ΓÇ║ should handle different periods correctly

    expect(jest.fn()).toHaveBeenCalledTimes(expected)

    Expected number of calls: 2
    Received number of calls: 0

      118 |       
      119 |       const queries = require('@/services/intelligence/finance/queries');
    > 120 |       expect(queries.getMonthlyPnL).toHaveBeenCalledTimes(2);
          |                                     ^
      121 |     });
      122 |
      123 |     it('should handle custom date range', async () => {

      at Object.toHaveBeenCalledTimes (src/__tests__/finance-intelligence-service.test.ts:120:37)

  ΓùÅ FinanceIntelligenceService ΓÇ║ getMonthlyPnL ΓÇ║ should handle custom date range

    expect(jest.fn()).toHaveBeenCalledWith(...expected)

    Expected: "test-tenant-123", "custom", "2026-05-01", "2026-05-31"

    Number of calls: 0

      128 |       
      129 |       const queries = require('@/services/intelligence/finance/queries');
    > 130 |       expect(queries.getMonthlyPnL).toHaveBeenCalledWith(tenantId, 'custom', startDate, endDate);
          |                                     ^
      131 |     });
      132 |   });
      133 |

      at Object.toHaveBeenCalledWith (src/__tests__/finance-intelligence-service.test.ts:130:37)

  ΓùÅ FinanceIntelligenceService ΓÇ║ getCashFlowAnalysis ΓÇ║ should return cash flow data

    expect(received).toEqual(expected) // deep equality

    - Expected  -  0
    + Received  + 10

      Object {
    +   "data": Object {
          "cumulativeCash": 20000000,
          "netCashFlow": 4000000,
          "totalInflows": 10000000,
          "totalOutflows": 6000000,
    +   },
    +   "metadata": Object {
    +     "cacheHit": false,
    +     "dataSourcesUsed": Array [
    +       "mv_cash_flow",
    +     ],
    +     "generatedAt": 2026-07-16T07:58:10.690Z,
    +     "queryTimeMs": 0,
    +   },
      }

      139 |       const result = await service.getCashFlowAnalysis(tenantId, period);
      140 |       
    > 141 |       expect(result).toEqual(mockQueryResults.cashFlowAnalysis);
          |                      ^
      142 |       expect(result.totalInflows).toBe(10000000);
      143 |       expect(result.netCashFlow).toBe(4000000);
      144 |     });

      at Object.toEqual (src/__tests__/finance-intelligence-service.test.ts:141:22)

  ΓùÅ FinanceIntelligenceService ΓÇ║ getCashFlowAnalysis ΓÇ║ should cache results by tenant and period

    expect(jest.fn()).toHaveBeenCalledTimes(expected)

    Expected number of calls: 1
    Received number of calls: 0

      150 |       await service.getCashFlowAnalysis(tenantId, period);
      151 |       
    > 152 |       expect(queries.getCashFlowAnalysis).toHaveBeenCalledTimes(1);
          |                                           ^
      153 |     });
      154 |   });
      155 |

      at Object.toHaveBeenCalledTimes (src/__tests__/finance-intelligence-service.test.ts:152:43)

  ΓùÅ FinanceIntelligenceService ΓÇ║ getBudgetVariance ΓÇ║ should return budget variance data

    expect(received).toEqual(expected) // deep equality

    - Expected  -  0
    + Received  + 10

      Object {
    +   "data": Object {
          "totalActual": 9500000,
          "totalBudget": 10000000,
          "variance": -500000,
          "variancePercent": -5,
    +   },
    +   "metadata": Object {
    +     "cacheHit": false,
    +     "dataSourcesUsed": Array [
    +       "mv_budget_variance",
    +     ],
    +     "generatedAt": 2026-07-16T07:58:10.694Z,
    +     "queryTimeMs": 0,
    +   },
      }

      161 |       const result = await service.getBudgetVariance(tenantId, month);
      162 |       
    > 163 |       expect(result).toEqual(mockQueryResults.budgetVariance);
          |                      ^
      164 |       expect(result.variance).toBe(-500000);
      165 |       expect(result.variancePercent).toBe(-5);
      166 |     });

      at Object.toEqual (src/__tests__/finance-intelligence-service.test.ts:163:22)

  ΓùÅ FinanceIntelligenceService ΓÇ║ getBudgetVariance ΓÇ║ should cache results by tenant and month

    expect(jest.fn()).toHaveBeenCalledTimes(expected)

    Expected number of calls: 1
    Received number of calls: 0

      172 |       await service.getBudgetVariance(tenantId, month);
      173 |       
    > 174 |       expect(queries.getBudgetVariance).toHaveBeenCalledTimes(1);
          |                                         ^
      175 |     });
      176 |
      177 |     it('should handle different months separately', async () => {

      at Object.toHaveBeenCalledTimes (src/__tests__/finance-intelligence-service.test.ts:174:41)

  ΓùÅ FinanceIntelligenceService ΓÇ║ getBudgetVariance ΓÇ║ should handle different months separately

    expect(jest.fn()).toHaveBeenCalledTimes(expected)

    Expected number of calls: 2
    Received number of calls: 1

      181 |       await service.getBudgetVariance(tenantId, '2026-06');
      182 |       
    > 183 |       expect(queries.getBudgetVariance).toHaveBeenCalledTimes(2);
          |                                         ^
      184 |     });
      185 |   });
      186 |

      at Object.toHaveBeenCalledTimes (src/__tests__/finance-intelligence-service.test.ts:183:41)

  ΓùÅ FinanceIntelligenceService ΓÇ║ getCashFlowForecast ΓÇ║ should return forecast data with specified months

    expect(received).toHaveProperty(path)

    Expected path: "projections"
    Received path: []

    Received value: {"data": {"confidence": 85, "projections": []}, "metadata": {"cacheHit": false, "dataSourcesUsed": ["mv_cash_flow"], "generatedAt": 2026-07-16T07:58:10.698Z, "queryTimeMs": 0}}

      192 |       const result = await service.getCashFlowForecast(tenantId, forecastMonths);
      193 |       
    > 194 |       expect(result).toHaveProperty('projections');
          |                      ^
      195 |       expect(result).toHaveProperty('confidence');
      196 |       expect(result.confidence).toBe(85);
      197 |     });

      at Object.toHaveProperty (src/__tests__/finance-intelligence-service.test.ts:194:22)

  ΓùÅ FinanceIntelligenceService ΓÇ║ getCashFlowForecast ΓÇ║ should cache forecast results

    expect(jest.fn()).toHaveBeenCalledTimes(expected)

    Expected number of calls: 1
    Received number of calls: 0

      203 |       await service.getCashFlowForecast(tenantId, forecastMonths);
      204 |       
    > 205 |       expect(queries.getCashFlowForecast).toHaveBeenCalledTimes(1);
          |                                           ^
      206 |     });
      207 |
      208 |     it('should handle different forecast periods', async () => {

      at Object.toHaveBeenCalledTimes (src/__tests__/finance-intelligence-service.test.ts:205:43)

  ΓùÅ FinanceIntelligenceService ΓÇ║ Error Handling ΓÇ║ should handle cache write failures gracefully

    Configuration error:

    Could not locate module @/lib/redis mapped as:
    D:\Antigravity\Projects\BELLA SPA ERP\src\$1.

    Please check your configuration for these entries:
    {
      "moduleNameMapper": {
        "/^@\/(.*)$/": "D:\Antigravity\Projects\BELLA SPA ERP\src\$1"
      },
      "resolver": undefined
    }

      227 |
      228 |     it('should handle cache write failures gracefully', async () => {
    > 229 |       const redis = require('@/lib/redis');
          |                     ^
      230 |       redis.getCacheClient().setex.mockRejectedValueOnce(new Error('Redis error'));
      231 |
      232 |       // Should still return data even if cache write fails

      at createNoMappedModuleFoundError (node_modules/jest-resolve/build/index.js:1149:17)
      at Object.require (src/__tests__/finance-intelligence-service.test.ts:229:21)

  ΓùÅ FinanceIntelligenceService ΓÇ║ Health Check ΓÇ║ should return healthy status

    expect(received).toHaveProperty(path)

    Expected path: "status"
    Received path: []

    Received value: true

      261 |       const health = await service.healthCheck();
      262 |       
    > 263 |       expect(health).toHaveProperty('status');
          |                      ^
      264 |       expect(health.status).toBe('healthy');
      265 |       expect(health).toHaveProperty('timestamp');
      266 |       expect(health).toHaveProperty('service');

      at Object.toHaveProperty (src/__tests__/finance-intelligence-service.test.ts:263:22)

  ΓùÅ FinanceIntelligenceService ΓÇ║ Tenant Isolation ΓÇ║ should isolate cache by tenant ID

    expect(jest.fn()).toHaveBeenNthCalledWith(n, ...expected)

    n: 1
    Expected: "tenant-1", "current_month", undefined, undefined
    Received
    ->     1: "tenant-1", "current_month"
           2: "tenant-2", "current_month"

    Number of calls: 2

      278 |       // Should call queries twice (once per tenant)
      279 |       expect(queries.getMonthlyPnL).toHaveBeenCalledTimes(2);
    > 280 |       expect(queries.getMonthlyPnL).toHaveBeenNthCalledWith(1, 'tenant-1', 'current_month', undefined, undefined);
          |                                     ^
      281 |       expect(queries.getMonthlyPnL).toHaveBeenNthCalledWith(2, 'tenant-2', 'current_month', undefined, undefined);
      282 |     });
      283 |   });

      at Object.toHaveBeenNthCalledWith (src/__tests__/finance-intelligence-service.test.ts:280:37)

  ΓùÅ FinanceIntelligenceService ΓÇ║ Cache TTL ΓÇ║ should expire cache after TTL (3600 seconds)

    expect(jest.fn()).toHaveBeenCalledTimes(expected)

    Expected number of calls: 1
    Received number of calls: 0

      290 |       // First call
      291 |       await service.getMonthlyPnL(tenantId, 'current_month');
    > 292 |       expect(queries.getMonthlyPnL).toHaveBeenCalledTimes(1);
          |                                     ^
      293 |
      294 |       // Simulate cache expiry by manually clearing
      295 |       mockCache.clear();

      at Object.toHaveBeenCalledTimes (src/__tests__/finance-intelligence-service.test.ts:292:37)

  ΓùÅ FinanceIntelligenceService ΓÇ║ Data Transformation ΓÇ║ should return data in consistent format

    expect(received).toHaveProperty(path)

    Expected path: "totalRevenue"
    Received path: []

    Received value: {"data": {"netProfit": 4000000, "profitMargin": 40, "totalExpenses": 6000000, "totalRevenue": 10000000}, "metadata": {"cacheHit": false, "dataSourcesUsed": ["mv_monthly_pnl"], "generatedAt": 2026-07-16T07:58:10.727Z, "queryTimeMs": 0}}

      305 |       const result = await service.getMonthlyPnL('test-tenant', 'current_month');
      306 |       
    > 307 |       expect(result).toHaveProperty('totalRevenue');
          |                      ^
      308 |       expect(result).toHaveProperty('totalExpenses');
      309 |       expect(result).toHaveProperty('netProfit');
      310 |       expect(result).toHaveProperty('profitMargin');

      at Object.toHaveProperty (src/__tests__/finance-intelligence-service.test.ts:307:22)

  ΓùÅ FinanceIntelligenceService ΓÇ║ Data Transformation ΓÇ║ should handle null/undefined gracefully

    expect(received).toBeNull()

    Received: {"data": {"netProfit": 4000000, "profitMargin": 40, "totalExpenses": 6000000, "totalRevenue": 10000000}, "metadata": {"cacheHit": true, "dataSourcesUsed": ["cache"], "generatedAt": 2026-07-16T07:58:10.728Z, "queryTimeMs": 0}}

      319 |
      320 |       const result = await service.getMonthlyPnL('test-tenant', 'current_month');
    > 321 |       expect(result).toBeNull();
          |                      ^
      322 |     });
      323 |   });
      324 | });

      at Object.toBeNull (src/__tests__/finance-intelligence-service.test.ts:321:22)

FAIL src/__tests__/business-process/composition.test.ts
  ΓùÅ Console

    console.log
      Γùç injected env (9) from .env.local // tip: Γîÿ multiple files { path: ['.env.local', '.env'] }

      at _log (node_modules/dotenv/lib/main.js:131:11)

    console.log
      [Jest Setup] SUPABASE_SERVICE_ROLE_KEY loaded: sb_secret_Dm... (41 chars)

      at Object.log (jest.setup.ts:10:9)

  ΓùÅ Business Process Composition ΓÇ║ Process Metadata ΓÇ║ should include policy composition metadata

    expect(received).toContain(expected) // indexOf

    Expected value: "BaseSalaryProvider:base-salary-eligibility"
    Received array: ["BaseSalaryProvider:base-salary", "CompensationProvider:session-commission"]

      324 |       expect(result.metadata.policiesSucceeded).toBe(2);
      325 |       expect(result.metadata.policiesFailed).toBe(0);
    > 326 |       expect(result.metadata.policyComposition).toContain('BaseSalaryProvider:base-salary-eligibility');
          |                                                 ^
      327 |       expect(result.metadata.policyComposition).toContain('CompensationProvider:compensation-eligibility');
      328 |       expect(result.metadata.executionMode).toBe('parallel');
      329 |     });

      at Object.toContain (src/__tests__/business-process/composition.test.ts:326:49)

FAIL src/__tests__/e2e-payroll-mid-month-join.test.ts
  ΓùÅ Console

    console.log
      Γùç injected env (9) from .env.local // tip: Γîÿ custom filepath { path: '/custom/path/.env' }

      at _log (node_modules/dotenv/lib/main.js:131:11)

    console.log
      [Jest Setup] SUPABASE_SERVICE_ROLE_KEY loaded: sb_secret_Dm... (41 chars)

      at Object.log (jest.setup.ts:10:9)

  ΓùÅ E2E Mid-Month Join (Pro-Rata Salary Test) ΓÇ║ should calculate pro-rated salary for mid-month join

    TypeError: Cannot read properties of null (reading 'id')

      54 |       role: 'ktv', phone: '0900000021', base_salary: 6000000, join_date: joinDate,
      55 |     }).select('id').single();
    > 56 |     testKtvId = newKtv!.id;
         |                         ^
      57 |   });
      58 |
      59 |   afterAll(async () => {

      at Object.id (src/__tests__/e2e-payroll-mid-month-join.test.ts:56:25)

FAIL src/__tests__/e2e-accounting-inter-branch-clearing.test.ts
  ΓùÅ Console

    console.log
      Γùç injected env (9) from .env.local // tip: Γîü auth for agents [www.vestauth.com]

      at _log (node_modules/dotenv/lib/main.js:131:11)

    console.log
      [Jest Setup] SUPABASE_SERVICE_ROLE_KEY loaded: sb_secret_Dm... (41 chars)

      at Object.log (jest.setup.ts:10:9)

  ΓùÅ E2E Inter-Branch Clearing (Accounting Test) ΓÇ║ should create reciprocal clearing entries for inter-branch service

    TypeError: Cannot read properties of null (reading 'id')

      32 |       tenant_id: testTenantId, name: 'Branch A', code: 'BRA', status: 'active',
      33 |     }).select('id').single();
    > 34 |     branchAId = branchA!.id;
         |                          ^
      35 |
      36 |     const { data: branchB } = await supabase.from('branches').insert({
      37 |       tenant_id: testTenantId, name: 'Branch B', code: 'BRB', status: 'active',

      at Object.id (src/__tests__/e2e-accounting-inter-branch-clearing.test.ts:34:26)

FAIL src/modules/bookings/actions/__tests__/service-items-actions.test.ts
  ΓùÅ Console

    console.log
      Γùç injected env (9) from .env.local // tip: Γîÿ enable debugging { debug: true }

      at _log (node_modules/dotenv/lib/main.js:131:11)

    console.log
      [Jest Setup] SUPABASE_SERVICE_ROLE_KEY loaded: sb_secret_Dm... (41 chars)

      at Object.log (jest.setup.ts:10:9)

    console.log
      [createServerClient] Test environment detected - using service role client

      at log (src/lib/supabase-server.ts:23:13)

    console.log
      [createServerClient] Test environment detected - using service role client

      at log (src/lib/supabase-server.ts:23:13)

    console.log
      [createServerClient] Test environment detected - using service role client

      at log (src/lib/supabase-server.ts:23:13)

    console.error
      Error creating service item: {
        code: '22P02',
        details: null,
        hint: null,
        message: 'invalid input syntax for type uuid: "test-booking-1784188689830"'
      }

      134 |
      135 |     if (error) {
    > 136 |       console.error('Error creating service item:', error);
          |               ^
      137 |       return { success: false, error: error.message };
      138 |     }
      139 |

      at error (src/modules/bookings/actions/service-items-actions.ts:136:15)
      at Object.<anonymous> (src/modules/bookings/actions/__tests__/service-items-actions.test.ts:131:22)

    console.log
      [createServerClient] Test environment detected - using service role client

      at log (src/lib/supabase-server.ts:23:13)

    console.log
      [createServerClient] Test environment detected - using service role client

      at log (src/lib/supabase-server.ts:23:13)

    console.log
      [createServerClient] Test environment detected - using service role client

      at log (src/lib/supabase-server.ts:23:13)

    console.log
      [createServerClient] Test environment detected - using service role client

      at log (src/lib/supabase-server.ts:23:13)

    console.log
      [createServerClient] Test environment detected - using service role client

      at log (src/lib/supabase-server.ts:23:13)

    console.log
      [createServerClient] Test environment detected - using service role client

      at log (src/lib/supabase-server.ts:23:13)

    console.log
      [createServerClient] Test environment detected - using service role client

      at log (src/lib/supabase-server.ts:23:13)

    console.log
      [createServerClient] Test environment detected - using service role client

      at log (src/lib/supabase-server.ts:23:13)

    console.log
      [createServerClient] Test environment detected - using service role client

      at log (src/lib/supabase-server.ts:23:13)

    console.log
      [createServerClient] Test environment detected - using service role client

      at log (src/lib/supabase-server.ts:23:13)

  ΓùÅ Service Items Actions ΓÇ║ createServiceItem ΓÇ║ should create service item with FIXED commission type

    expect(received).toBe(expected) // Object.is equality

    Expected: true
    Received: false

      62 |
      63 |       // Assert: Operation succeeded
    > 64 |       expect(result.success).toBe(true);
         |                              ^
      65 |       expect(result.error).toBeUndefined();
      66 |
      67 |       // Assert: Data structure is correct

      at Object.toBe (src/modules/bookings/actions/__tests__/service-items-actions.test.ts:64:30)

  ΓùÅ Service Items Actions ΓÇ║ createServiceItem ΓÇ║ should create service item with PERCENTAGE commission type

    expect(received).toBe(expected) // Object.is equality

    Expected: true
    Received: false

      103 |       const result = await createServiceItem(input);
      104 |
    > 105 |       expect(result.success).toBe(true);
          |                              ^
      106 |
      107 |       // Assert: Commission calculation is correct (percentage type)
      108 |       // 300,000 * 15% = 45,000

      at Object.toBe (src/modules/bookings/actions/__tests__/service-items-actions.test.ts:105:30)

  ΓùÅ Service Items Actions ΓÇ║ createServiceItem ΓÇ║ should use DEFAULT commission when no override specified

    expect(received).toBe(expected) // Object.is equality

    Expected: true
    Received: false

      131 |       const result = await createServiceItem(input);
      132 |
    > 133 |       expect(result.success).toBe(true);
          |                              ^
      134 |
      135 |       // Assert: Should use tenant default commission (from migration: 150,000 fixed)
      136 |       // OR fallback to system default if tenant config not set

      at Object.toBe (src/modules/bookings/actions/__tests__/service-items-actions.test.ts:133:30)

  ΓùÅ Service Items Actions ΓÇ║ createServiceItem ΓÇ║ should calculate subtotal correctly with quantity > 1

    expect(received).toBe(expected) // Object.is equality

    Expected: true
    Received: false

      180 |       const result = await createServiceItem(input);
      181 |
    > 182 |       expect(result.success).toBe(true);
          |                              ^
      183 |
      184 |       // Assert: Subtotal = quantity * unit_price
      185 |       expect(result.data?.subtotal).toBe(450000); // 3 * 150,000

      at Object.toBe (src/modules/bookings/actions/__tests__/service-items-actions.test.ts:182:30)

  ΓùÅ Service Items Actions ΓÇ║ updateServiceItem ΓÇ║ should update service item and recalculate commission

    expect(received).toBe(expected) // Object.is equality

    Expected: true
    Received: false

      210 |
      211 |       const createResult = await createServiceItem(createInput);
    > 212 |       expect(createResult.success).toBe(true);
          |                                    ^
      213 |       
      214 |       const serviceItemId = createResult.data?.id!;
      215 |       createdServiceItemIds.push(serviceItemId);

      at Object.toBe (src/modules/bookings/actions/__tests__/service-items-actions.test.ts:212:36)

  ΓùÅ Service Items Actions ΓÇ║ updateServiceItem ΓÇ║ should update commission override and recalculate

    expect(received).toBe(expected) // Object.is equality

    Expected: true
    Received: false

      254 |       });
      255 |
    > 256 |       expect(updateResult.success).toBe(true);
          |                                    ^
      257 |
      258 |       // Assert: Commission recalculated
      259 |       expect(updateResult.data?.calculated_commission).toBe(60000); // 300,000 * 20%

      at Object.toBe (src/modules/bookings/actions/__tests__/service-items-actions.test.ts:256:36)

  ΓùÅ Service Items Actions ΓÇ║ deleteServiceItem ΓÇ║ should soft-delete service item (set status to cancelled)

    expect(received).toBe(expected) // Object.is equality

    Expected: true
    Received: false

      283 |       const deleteResult = await deleteServiceItem(serviceItemId, testTenantId);
      284 |
    > 285 |       expect(deleteResult.success).toBe(true);
          |                                    ^
      286 |
      287 |       // CRITICAL: Verify side-effect in database (AGENTS.md Rule #2)
      288 |       // In real test, query database to verify status = 'cancelled'

      at Object.toBe (src/modules/bookings/actions/__tests__/service-items-actions.test.ts:285:36)

FAIL src/__tests__/business-process/procurement-process.test.ts
  ΓùÅ Console

    console.log
      Γùç injected env (9) from .env.local // tip: Γîÿ custom filepath { path: '/custom/path/.env' }

      at _log (node_modules/dotenv/lib/main.js:131:11)

    console.log
      [Jest Setup] SUPABASE_SERVICE_ROLE_KEY loaded: sb_secret_Dm... (41 chars)

      at Object.log (jest.setup.ts:10:9)

  ΓùÅ Procurement Process (Minimal Demo) ΓÇ║ should approve small requisition automatically

    expect(received).toBe(expected) // Object.is equality

    Expected: true
    Received: false

      68 |
      69 |     expect(['success', 'partial_success']).toContain(result.status);
    > 70 |     expect(result.result.valid).toBe(true);
         |                                 ^
      71 |     expect(result.result.autoApproved).toBe(true);
      72 |     expect(result.result.status).toBe('approved');
      73 |     expect(result.totalExecutionTime).toBeLessThan(100);

      at Object.toBe (src/__tests__/business-process/procurement-process.test.ts:70:33)

  ΓùÅ Procurement Process (Minimal Demo) ΓÇ║ should require manager approval for medium requisition

    expect(received).toBe(expected) // Object.is equality

    Expected: true
    Received: false

      132 |
      133 |     expect(['success', 'partial_success']).toContain(result.status);
    > 134 |     expect(result.result.valid).toBe(true);
          |                                 ^
      135 |     expect(result.result.autoApproved).toBe(false);
      136 |     expect(result.result.requiredApprovers).toContain('Manager A');
      137 |     expect(result.result.status).toBe('pending_approval');

      at Object.toBe (src/__tests__/business-process/procurement-process.test.ts:134:33)

  ΓùÅ Procurement Process (Minimal Demo) ΓÇ║ should reject requisition with insufficient budget

    expect(received).toContain(expected) // indexOf

    Expected substring: "Insufficient budget"
    Received string:    "Amount 15,000,000─æ requires director approval"

      198 |     expect(result.result.valid).toBe(false);
      199 |     expect(result.result.status).toBe('rejected');
    > 200 |     expect(result.result.reason).toContain('Insufficient budget');
          |                                  ^
      201 |   });
      202 | });
      203 |

      at Object.toContain (src/__tests__/business-process/procurement-process.test.ts:200:34)

FAIL src/__tests__/business-process/universal-demo.test.ts
  ΓùÅ Console

    console.log
      Γùç injected env (9) from .env.local // tip: Γùê secrets for agents [www.dotenvx.com]

      at _log (node_modules/dotenv/lib/main.js:131:11)

    console.log
      [Jest Setup] SUPABASE_SERVICE_ROLE_KEY loaded: sb_secret_Dm... (41 chars)

      at Object.log (jest.setup.ts:10:9)

    console.log
      
      Γ£à PAYROLL PROCESS (HR Domain)

      at Object.log (src/__tests__/business-process/universal-demo.test.ts:71:15)

    console.log
         Employee: emp_001

      at Object.log (src/__tests__/business-process/universal-demo.test.ts:72:15)

    console.log
         Base Salary: 14,400,000─æ

      at Object.log (src/__tests__/business-process/universal-demo.test.ts:73:15)

    console.log
         Compensation: 3,414,000─æ

      at Object.log (src/__tests__/business-process/universal-demo.test.ts:74:15)

    console.log
         Total Salary: 17,814,000─æ

      at Object.log (src/__tests__/business-process/universal-demo.test.ts:75:15)

    console.log
         Execution Time: 2.20ms

      at Object.log (src/__tests__/business-process/universal-demo.test.ts:76:15)

    console.log
         Policies Used: 2

      at Object.log (src/__tests__/business-process/universal-demo.test.ts:77:15)

    console.log
      
      Γ£à BOOKING PROCESS (Hospitality Domain)

      at Object.log (src/__tests__/business-process/universal-demo.test.ts:135:15)

    console.log
         Customer: customer_vip

      at Object.log (src/__tests__/business-process/universal-demo.test.ts:136:15)

    console.log
         Eligible: true

      at Object.log (src/__tests__/business-process/universal-demo.test.ts:137:15)

    console.log
         Recommended Slot: 2026-06-30T14:00

      at Object.log (src/__tests__/business-process/universal-demo.test.ts:138:15)

    console.log
         Auto-Approved: true

      at Object.log (src/__tests__/business-process/universal-demo.test.ts:139:15)

    console.log
         Status: confirmed

      at Object.log (src/__tests__/business-process/universal-demo.test.ts:140:15)

    console.log
         Execution Time: 0.82ms

      at Object.log (src/__tests__/business-process/universal-demo.test.ts:141:15)

    console.log
         Policies Used: 3

      at Object.log (src/__tests__/business-process/universal-demo.test.ts:142:15)

    console.log
      
      ============================================================

      at Object.log (src/__tests__/business-process/universal-demo.test.ts:301:15)

    console.log
      ≡ƒÄ» PLATFORM CAPABILITY PROOF

      at Object.log (src/__tests__/business-process/universal-demo.test.ts:302:15)

    console.log
      ============================================================

      at Object.log (src/__tests__/business-process/universal-demo.test.ts:303:15)

    console.log
      
      ≡ƒôè PROCESS COMPARISON:

      at Object.log (src/__tests__/business-process/universal-demo.test.ts:305:15)

    console.log
      
        Payroll Process:

      at Object.log (src/__tests__/business-process/universal-demo.test.ts:306:15)

    console.log
          - Domain: HR/Finance

      at Object.log (src/__tests__/business-process/universal-demo.test.ts:307:15)

    console.log
          - Engine: BaseBusinessProcess

      at Object.log (src/__tests__/business-process/universal-demo.test.ts:308:15)

    console.log
          - Status: success

      at Object.log (src/__tests__/business-process/universal-demo.test.ts:309:15)

    console.log
          - Policies: BaseSalaryProvider:base-salary, CompensationProvider:session-commission

      at Object.log (src/__tests__/business-process/universal-demo.test.ts:310:15)

    console.log
          - Execution: 0.74ms

      at Object.log (src/__tests__/business-process/universal-demo.test.ts:311:15)

    console.log
      
        Booking Process:

      at Object.log (src/__tests__/business-process/universal-demo.test.ts:313:15)

    console.log
          - Domain: Hospitality

      at Object.log (src/__tests__/business-process/universal-demo.test.ts:314:15)

    console.log
          - Engine: BaseBusinessProcess

      at Object.log (src/__tests__/business-process/universal-demo.test.ts:315:15)

    console.log
          - Status: success

      at Object.log (src/__tests__/business-process/universal-demo.test.ts:316:15)

    console.log
          - Policies: EligibilityPolicy:booking-eligibility, RecommendationPolicy:booking-recommendation, ApprovalPolicy:booking-approval

      at Object.log (src/__tests__/business-process/universal-demo.test.ts:317:15)

    console.log
          - Execution: 0.26ms

      at Object.log (src/__tests__/business-process/universal-demo.test.ts:318:15)

    console.log
      
      ≡ƒÆí KEY INSIGHT:

      at Object.log (src/__tests__/business-process/universal-demo.test.ts:320:15)

    console.log
         Same Decision Engine ΓåÆ Different Policy Composition = Platform

      at Object.log (src/__tests__/business-process/universal-demo.test.ts:321:15)

    console.log
      
      ============================================================

      at Object.log (src/__tests__/business-process/universal-demo.test.ts:322:15)

    console.log
      
      ΓûêΓûêΓûêΓûêΓûêΓûêΓûêΓûêΓûêΓûêΓûêΓûêΓûêΓûêΓûêΓûêΓûêΓûêΓûêΓûêΓûêΓûêΓûêΓûêΓûêΓûêΓûêΓûêΓûêΓûêΓûêΓûêΓûêΓûêΓûêΓûêΓûêΓûêΓûêΓûêΓûêΓûêΓûêΓûêΓûêΓûêΓûêΓûêΓûêΓûêΓûêΓûêΓûêΓûêΓûêΓûêΓûêΓûêΓûêΓûêΓûêΓûêΓûêΓûêΓûêΓûêΓûêΓûêΓûêΓûê

      at Object.log (src/__tests__/business-process/universal-demo.test.ts:351:15)

    console.log
      Γûê                                                                    Γûê

      at Object.log (src/__tests__/business-process/universal-demo.test.ts:352:15)

    console.log
      Γûê  ≡ƒÄ¡ BELLA EIP - UNIVERSAL BUSINESS PROCESS PLATFORM DEMO  Γûê

      at Object.log (src/__tests__/business-process/universal-demo.test.ts:353:15)

    console.log
      Γûê                                                                    Γûê

      at Object.log (src/__tests__/business-process/universal-demo.test.ts:354:15)

    console.log
      ΓûêΓûêΓûêΓûêΓûêΓûêΓûêΓûêΓûêΓûêΓûêΓûêΓûêΓûêΓûêΓûêΓûêΓûêΓûêΓûêΓûêΓûêΓûêΓûêΓûêΓûêΓûêΓûêΓûêΓûêΓûêΓûêΓûêΓûêΓûêΓûêΓûêΓûêΓûêΓûêΓûêΓûêΓûêΓûêΓûêΓûêΓûêΓûêΓûêΓûêΓûêΓûêΓûêΓûêΓûêΓûêΓûêΓûêΓûêΓûêΓûêΓûêΓûêΓûêΓûêΓûêΓûêΓûêΓûêΓûê

      at Object.log (src/__tests__/business-process/universal-demo.test.ts:355:15)

    console.log
      
      ≡ƒôï DEMO SCENARIO:

      at Object.log (src/__tests__/business-process/universal-demo.test.ts:357:15)

    console.log
         We will run 2 completely different business processes:

      at Object.log (src/__tests__/business-process/universal-demo.test.ts:358:15)

    console.log
         1. Payroll (HR/Finance domain)

      at Object.log (src/__tests__/business-process/universal-demo.test.ts:359:15)

    console.log
         2. Booking (Hospitality domain)

      at Object.log (src/__tests__/business-process/universal-demo.test.ts:360:15)

    console.log
      
         Both will use the SAME Decision Engine.

      at Object.log (src/__tests__/business-process/universal-demo.test.ts:361:15)

    console.log
         This proves Bella EIP is a PLATFORM, not industry-specific software.

      at Object.log (src/__tests__/business-process/universal-demo.test.ts:362:15)

    console.log
      Γ£à Demo script ready for stakeholder presentation

      at Object.log (src/__tests__/business-process/universal-demo.test.ts:367:15)

    console.log
      ΓûêΓûêΓûêΓûêΓûêΓûêΓûêΓûêΓûêΓûêΓûêΓûêΓûêΓûêΓûêΓûêΓûêΓûêΓûêΓûêΓûêΓûêΓûêΓûêΓûêΓûêΓûêΓûêΓûêΓûêΓûêΓûêΓûêΓûêΓûêΓûêΓûêΓûêΓûêΓûêΓûêΓûêΓûêΓûêΓûêΓûêΓûêΓûêΓûêΓûêΓûêΓûêΓûêΓûêΓûêΓûêΓûêΓûêΓûêΓûêΓûêΓûêΓûêΓûêΓûêΓûêΓûêΓûêΓûêΓûê

      at Object.log (src/__tests__/business-process/universal-demo.test.ts:368:15)

  ΓùÅ Γ¡É Universal Business Process Demo ΓÇ║ Platform Capability Proof ΓÇ║ should process PROCUREMENT using policy composition

    expect(received).toBe(expected) // Object.is equality

    Expected: true
    Received: false

      206 |       // Assertions
      207 |       expect(['success', 'partial_success']).toContain(procurementResult.status);
    > 208 |       expect(procurementResult.result.valid).toBe(true);
          |                                              ^
      209 |       expect(procurementResult.result.requiredApprovers.length).toBeGreaterThan(0);
      210 |       expect(procurementResult.metadata.policyComposition.length).toBeGreaterThan(0);
      211 |       expect(procurementResult.totalExecutionTime).toBeLessThan(100);

      at Object.toBe (src/__tests__/business-process/universal-demo.test.ts:208:46)

  ΓùÅ Γ¡É Universal Business Process Demo ΓÇ║ Platform Capability Proof ΓÇ║ should prove SAME ENGINE runs DIFFERENT PROCESSES

    expect(received).toContain(expected) // indexOf

    Expected value: "BaseSalaryProvider:base-salary-eligibility"
    Received array: ["BaseSalaryProvider:base-salary", "CompensationProvider:session-commission"]

      338 |       const bookingPolicies = bookingResult.metadata.policyComposition;
      339 |       
    > 340 |       expect(payrollPolicies).toContain('BaseSalaryProvider:base-salary-eligibility');
          |                               ^
      341 |       expect(bookingPolicies).toContain('EligibilityPolicy:booking-eligibility');
      342 |       
      343 |       // NO OVERLAP = Different domains using same engine Γ£à

      at Object.toContain (src/__tests__/business-process/universal-demo.test.ts:340:31)

FAIL src/services/intelligence/executive/__tests__/queries.test.ts
  ΓùÅ Console

    console.log
      Γùç injected env (9) from .env.local // tip: Γùê encrypted .env [www.dotenvx.com]

      at _log (node_modules/dotenv/lib/main.js:131:11)

    console.log
      [Jest Setup] SUPABASE_SERVICE_ROLE_KEY loaded: sb_secret_Dm... (41 chars)

      at Object.log (jest.setup.ts:10:9)

    console.log
      [Intelligence] Revenue query - Tenant: 12345678-1234-4123-a123-123456789012, Range: 2026-06-01 ΓåÆ 2026-06-30

      at log (src/services/intelligence/executive/queries.ts:149:13)

    console.log
      [Intelligence] Found 0 revenue records

      at log (src/services/intelligence/executive/queries.ts:163:13)

    console.log
      [Intelligence] Confirmed: 0 records

      at log (src/services/intelligence/executive/queries.ts:170:13)

    console.log
      [Intelligence] Total revenue: 0

      at log (src/services/intelligence/executive/queries.ts:175:13)

  ΓùÅ Executive Intelligence Queries ΓÇ║ getMonthlyRevenueSummary ΓÇ║ should return revenue summary

    expect(received).toBe(expected) // Object.is equality

    Expected: 8000000
    Received: 0

      80 |       const result = await getMonthlyRevenueSummary(mockTenantId, mockDateRange);
      81 |
    > 82 |       expect(result.totalRevenue).toBe(8000000);
         |                                   ^
      83 |       expect(result.topRevenueSources.length).toBeGreaterThan(0);
      84 |     });
      85 |   });

      at Object.toBe (src/services/intelligence/executive/__tests__/queries.test.ts:82:35)

  ΓùÅ Executive Intelligence Queries ΓÇ║ getCustomerMetrics ΓÇ║ should return customer metrics

    expect(received).toBeGreaterThan(expected)

    Expected: > 0
    Received:   0

      129 |
      130 |       expect(result.period).toBe('2026-06-01');
    > 131 |       expect(result.averageBookingValue).toBeGreaterThan(0);
          |                                          ^
      132 |     });
      133 |   });
      134 |

      at Object.toBeGreaterThan (src/services/intelligence/executive/__tests__/queries.test.ts:131:42)

  ΓùÅ Executive Intelligence Queries ΓÇ║ getFinancialHealth ΓÇ║ should return financial health metrics

    expect(received).toBeGreaterThan(expected)

    Expected: > 0
    Received:   0

      151 |
      152 |       expect(result.period).toBe('2026-06-01');
    > 153 |       expect(result.profitMargin).toBeGreaterThan(0);
          |                                   ^
      154 |     });
      155 |   });
      156 |

      at Object.toBeGreaterThan (src/services/intelligence/executive/__tests__/queries.test.ts:153:35)

FAIL src/services/__tests__/discount-decision.service.test.ts
  ΓùÅ Console

    console.log
      Γùç injected env (9) from .env.local // tip: Γùê encrypted .env [www.dotenvx.com]

      at _log (node_modules/dotenv/lib/main.js:131:11)

    console.log
      [Jest Setup] SUPABASE_SERVICE_ROLE_KEY loaded: sb_secret_Dm... (41 chars)

      at Object.log (jest.setup.ts:10:9)

    console.error
      [CalculateTierDiscount] Failed to fetch rules: { message: 'Database connection failed' }

      136 |
      137 |     if (rulesError) {
    > 138 |       console.error('[CalculateTierDiscount] Failed to fetch rules:', rulesError);
          |               ^
      139 |       return {
      140 |         eligible: false,
      141 |         discountPercent: 0,

      at error (src/services/discount-decision.service.ts:138:15)
      at Object.<anonymous> (src/services/__tests__/discount-decision.service.test.ts:202:20)

    console.error
      [TrackDiscountUsage] Insert failed: { message: 'Insert failed' }

      547 |
      548 |     if (error) {
    > 549 |       console.error('[TrackDiscountUsage] Insert failed:', error);
          |               ^
      550 |       return { success: false, error: error.message };
      551 |     }
      552 |

      at error (src/services/discount-decision.service.ts:549:15)
      at Object.<anonymous> (src/services/__tests__/discount-decision.service.test.ts:582:20)

  ΓùÅ applyCampaignPromotion ΓÇ║ should apply referral campaign (50k VND fixed)

    expect(received).toBe(expected) // Object.is equality

    Expected: "Referral Bonus"
    Received: undefined

      297 |
      298 |     expect(result.eligible).toBe(true);
    > 299 |     expect(result.campaignName).toBe('Referral Bonus');
          |                                 ^
      300 |     expect(result.discountAmount).toBe(50000); // Fixed 50k
      301 |     expect(result.discountType).toBe('fixed_amount');
      302 |   });

      at Object.toBe (src/services/__tests__/discount-decision.service.test.ts:299:33)

  ΓùÅ applyCampaignPromotion ΓÇ║ should return not eligible when no active campaigns

    expect(received).toBe(expected) // Object.is equality

    Expected: false
    Received: true

      316 |     });
      317 |
    > 318 |     expect(result.eligible).toBe(false);
          |                             ^
      319 |     expect(result.reason).toContain('No active campaigns available');
      320 |   });
      321 |

      at Object.toBe (src/services/__tests__/discount-decision.service.test.ts:318:29)

  ΓùÅ applyCampaignPromotion ΓÇ║ should reject campaign when below minimum purchase

    expect(received).toBe(expected) // Object.is equality

    Expected: false
    Received: true

      339 |     });
      340 |
    > 341 |     expect(result.eligible).toBe(false);
          |                             ^
      342 |     expect(result.reason).toContain('No eligible campaigns');
      343 |   });
      344 |

      at Object.toBe (src/services/__tests__/discount-decision.service.test.ts:341:29)

  ΓùÅ applyCampaignPromotion ΓÇ║ should reject campaign when customer exceeded usage limit

    expect(received).toBe(expected) // Object.is equality

    Expected: false
    Received: true

      363 |     });
      364 |
    > 365 |     expect(result.eligible).toBe(false);
          |                             ^
      366 |     expect(result.reason).toContain('No eligible campaigns');
      367 |   });
      368 |

      at Object.toBe (src/services/__tests__/discount-decision.service.test.ts:365:29)

  ΓùÅ applyCampaignPromotion ΓÇ║ should select best campaign when multiple eligible

    expect(received).toBe(expected) // Object.is equality

    Expected: 20
    Received: 0

      391 |
      392 |     expect(result.eligible).toBe(true);
    > 393 |     expect(result.discountPercent).toBe(20); // Best campaign selected
          |                                    ^
      394 |   });
      395 |
      396 |   test('should handle database error gracefully', async () => {

      at Object.toBe (src/services/__tests__/discount-decision.service.test.ts:393:36)

  ΓùÅ applyCampaignPromotion ΓÇ║ should handle database error gracefully

    expect(received).toBe(expected) // Object.is equality

    Expected: false
    Received: true

      408 |     });
      409 |
    > 410 |     expect(result.eligible).toBe(false);
          |                             ^
      411 |     expect(result.reason).toContain('Failed to fetch campaigns');
      412 |   });
      413 | });

      at Object.toBe (src/services/__tests__/discount-decision.service.test.ts:410:29)

  ΓùÅ checkDiscountEligibility ΓÇ║ should handle database error gracefully

    expect(received).toBeGreaterThan(expected)

    Expected: > 0
    Received:   0

      500 |
      501 |     expect(result.eligible).toBe(false);
    > 502 |     expect(result.violations.length).toBeGreaterThan(0);
          |                                      ^
      503 |     expect(result.violations[0].rule).toBe('system_error');
      504 |   });
      505 | });

      at Object.toBeGreaterThan (src/services/__tests__/discount-decision.service.test.ts:502:38)

PASS src/__tests__/e2e-partner-api-create-booking.test.ts
  ΓùÅ Console

    console.log
      Γùç injected env (9) from .env.local // tip: Γîÿ multiple files { path: ['.env.local', '.env'] }

      at _log (node_modules/dotenv/lib/main.js:131:11)

    console.log
      [Jest Setup] SUPABASE_SERVICE_ROLE_KEY loaded: sb_secret_Dm... (41 chars)

      at Object.log (jest.setup.ts:10:9)

    console.log
      Γ£à Partner API key created

      at Object.log (src/__tests__/e2e-partner-api-create-booking.test.ts:43:13)

    console.log
      Γ£à Partner booking created via API { bookingId: '9a5f60ed-0b80-45f0-a3f1-d25f36cb28fa' }

      at Object.log (src/__tests__/e2e-partner-api-create-booking.test.ts:97:13)

    console.log
      
      ≡ƒÄë E2E PARTNER API CREATE BOOKING TEST: PASSED

      at Object.log (src/__tests__/e2e-partner-api-create-booking.test.ts:98:13)

PASS src/__tests__/integration/finance-intelligence-integration.test.ts
  ΓùÅ Console

    console.log
      Γùç injected env (9) from .env.local // tip: Γùê encrypted .env [www.dotenvx.com]

      at _log (node_modules/dotenv/lib/main.js:131:11)

    console.log
      [Jest Setup] SUPABASE_SERVICE_ROLE_KEY loaded: sb_secret_Dm... (41 chars)

      at Object.log (jest.setup.ts:10:9)

    console.log
      [createServerClient] Test environment detected - using service role client

      at log (src/lib/supabase-server.ts:23:13)

FAIL src/__tests__/e2e-accounting-manual-reversal.test.ts (6.584 s)
  ΓùÅ Console

    console.log
      Γùç injected env (9) from .env.local // tip: Γîÿ custom filepath { path: '/custom/path/.env' }

      at _log (node_modules/dotenv/lib/main.js:131:11)

    console.log
      [Jest Setup] SUPABASE_SERVICE_ROLE_KEY loaded: sb_secret_Dm... (41 chars)

      at Object.log (jest.setup.ts:10:9)

  ΓùÅ E2E Manual Journal Reversal ΓÇ║ should create reversing journal entry with opposite debits/credits

    TypeError: Cannot read properties of null (reading 'id')

      36 |
      37 |     await supabase.from('journal_lines').insert([
    > 38 |       { entry_id: originalEntry!.id, account_id: 'expense-account-id', debit_amount: 500000, credit_amount: 0 },
         |                                  ^
      39 |       { entry_id: originalEntry!.id, account_id: 'cash-account-id', debit_amount: 0, credit_amount: 500000 },
      40 |     ]);
      41 |

      at Object.id (src/__tests__/e2e-accounting-manual-reversal.test.ts:38:34)

PASS src/__tests__/e2e-payment-gateway-timeout.test.ts
  ΓùÅ Console

    console.log
      Γùç injected env (9) from .env.local // tip: Γîÿ multiple files { path: ['.env.local', '.env'] }

      at _log (node_modules/dotenv/lib/main.js:131:11)

    console.log
      [Jest Setup] SUPABASE_SERVICE_ROLE_KEY loaded: sb_secret_Dm... (41 chars)

      at Object.log (jest.setup.ts:10:9)

    console.log
      Γ£à Step 1: Booking created { bookingId: 'c334b2e2-b4d9-4ce6-a123-4103ef72769e' }

      at Object.log (src/__tests__/e2e-payment-gateway-timeout.test.ts:95:13)

    console.log
      ΓÅ│ Step 2: Customer paid via online gateway, webhook delayed...

      at Object.log (src/__tests__/e2e-payment-gateway-timeout.test.ts:98:13)

    console.log
      Γ£à Step 3: Admin manually recorded payment {
        revenueId: '5fc71a69-7870-4c90-af76-61b51cf88976',
        amount: 5000000,
        source: 'manual'
      }

      at Object.log (src/__tests__/e2e-payment-gateway-timeout.test.ts:113:13)

    console.log
      ΓÅ│ Step 4: Webhook arrives 10 minutes late...

      at Object.log (src/__tests__/e2e-payment-gateway-timeout.test.ts:120:13)

    console.log
      Γ£à Step 4a: Webhook payment blocked by unique constraint {
        error: 'duplicate key value violates unique constraint "idx_revenue_manual_payment_idempotency_key"',
        expectedError: 'duplicate key value violates unique constraint'
      }

      at Object.log (src/__tests__/e2e-payment-gateway-timeout.test.ts:135:15)

    console.log
      Γ£à Step 5: Only ONE revenue record exists {
        revenueCount: 1,
        revenueId: '5fc71a69-7870-4c90-af76-61b51cf88976',
        duplicatePrevented: true
      }

      at Object.log (src/__tests__/e2e-payment-gateway-timeout.test.ts:151:13)

    console.log
      Γ£à Step 6: Booking status unchanged { status: 'booked', totalPaid: 5000000 }

      at Object.log (src/__tests__/e2e-payment-gateway-timeout.test.ts:162:13)

    console.log
      
      ≡ƒÄë E2E PAYMENT GATEWAY TIMEOUT TEST: PASSED (Duplicate prevented by idempotency)

      at Object.log (src/__tests__/e2e-payment-gateway-timeout.test.ts:164:13)

PASS src/__tests__/e2e-payment-multi-method.test.ts
  ΓùÅ Console

    console.log
      Γùç injected env (9) from .env.local // tip: Γùê secrets for agents [www.dotenvx.com]

      at _log (node_modules/dotenv/lib/main.js:131:11)

    console.log
      [Jest Setup] SUPABASE_SERVICE_ROLE_KEY loaded: sb_secret_Dm... (41 chars)

      at Object.log (jest.setup.ts:10:9)

    console.log
      Γ£à Step 1: Booking created {
        bookingId: '24f83812-c320-45c9-9928-080e923697e7',
        fullPrice: 5000000
      }

      at Object.log (src/__tests__/e2e-payment-multi-method.test.ts:107:13)

    console.log
      Γ£à Step 2: Payment 1 (bank_transfer) { amount: 1000000, totalPaid: 1000000 }

      at Object.log (src/__tests__/e2e-payment-multi-method.test.ts:118:13)

    console.log
      Γ£à Step 3: Payment 2 (cash) { amount: 2000000, totalPaid: 3000000 }

      at Object.log (src/__tests__/e2e-payment-multi-method.test.ts:129:13)

    console.log
      Γ£à Step 4: Payment 3 (qr_code) { amount: 2000000, totalPaid: 5000000 }

      at Object.log (src/__tests__/e2e-payment-multi-method.test.ts:140:13)

    console.log
      Γ£à Step 5: All revenue records verified { totalRecords: 3, methods: [ 'bank_transfer', 'cash', 'VietQR' ] }

      at Object.log (src/__tests__/e2e-payment-multi-method.test.ts:153:13)

    console.log
      Γ£à Step 6: Total payment verified { totalPaid: 5000000, expectedTotal: 5000000 }

      at Object.log (src/__tests__/e2e-payment-multi-method.test.ts:162:13)

    console.log
      Γ£à Step 7: Booking fully paid { status: 'booked', totalPaid: 5000000 }

      at Object.log (src/__tests__/e2e-payment-multi-method.test.ts:169:13)

    console.log
      
      ≡ƒÄë E2E MULTI-PAYMENT METHOD TEST: ALL PASSED!

      at Object.log (src/__tests__/e2e-payment-multi-method.test.ts:171:13)

PASS src/__tests__/e2e-payment-split.test.ts
  ΓùÅ Console

    console.log
      Γùç injected env (9) from .env.local // tip: Γîÿ suppress logs { quiet: true }

      at _log (node_modules/dotenv/lib/main.js:131:11)

    console.log
      [Jest Setup] SUPABASE_SERVICE_ROLE_KEY loaded: sb_secret_Dm... (41 chars)

      at Object.log (jest.setup.ts:10:9)

    console.log
      Γ£à Step 1: Booking created {
        bookingId: '05dbd3b9-178f-47cf-a411-67bca1217106',
        fullPrice: 6000000
      }

      at Object.log (src/__tests__/e2e-payment-split.test.ts:94:13)

    console.log
      Γ£à Step 2: Mother paid 2M { payer: 'Mß║╣ Thanh', amount: 2000000 }

      at Object.log (src/__tests__/e2e-payment-split.test.ts:106:13)

    console.log
      Γ£à Step 3: Father paid 2M { payer: 'Bß╗æ H├╣ng', amount: 2000000 }

      at Object.log (src/__tests__/e2e-payment-split.test.ts:118:13)

    console.log
      Γ£à Step 4: Grandmother paid 2M { payer: 'B├á Ngoß║íi Lan', amount: 2000000 }

      at Object.log (src/__tests__/e2e-payment-split.test.ts:130:13)

    console.log
      Γ£à Step 5: All payments linked to same booking { bookingId: '05dbd3b9-178f-47cf-a411-67bca1217106', paymentCount: 3 }

      at Object.log (src/__tests__/e2e-payment-split.test.ts:137:13)

    console.log
      Γ£à Step 6: Payer info verified {
        payer1: 'Mß║╣ Thanh (Mother)',
        payer2: 'Bß╗æ H├╣ng (Father)',
        payer3: 'B├á Ngoß║íi Lan (Grandmother)'
      }

      at Object.log (src/__tests__/e2e-payment-split.test.ts:147:13)

    console.log
      Γ£à Step 7: Total payment verified { totalPaid: 6000000, expectedTotal: 6000000 }

      at Object.log (src/__tests__/e2e-payment-split.test.ts:157:13)

    console.log
      Γ£à Step 8: Booking fully paid by 3 family members { status: 'booked', totalPaid: 6000000 }

      at Object.log (src/__tests__/e2e-payment-split.test.ts:164:13)

    console.log
      
      ≡ƒÄë E2E SPLIT PAYMENT TEST: ALL PASSED!

      at Object.log (src/__tests__/e2e-payment-split.test.ts:166:13)

PASS src/__tests__/e2e-partner-api-rate-limit.test.ts
  ΓùÅ Console

    console.log
      Γùç injected env (9) from .env.local // tip: Γîÿ override existing { override: true }

      at _log (node_modules/dotenv/lib/main.js:131:11)

    console.log
      [Jest Setup] SUPABASE_SERVICE_ROLE_KEY loaded: sb_secret_Dm... (41 chars)

      at Object.log (jest.setup.ts:10:9)

    console.log
      Γ£à 10 requests logged (within limit)

      at Object.log (src/__tests__/e2e-partner-api-rate-limit.test.ts:64:13)

    console.log
      
      ≡ƒÄë E2E PARTNER API RATE LIMIT TEST: PASSED

      at Object.log (src/__tests__/e2e-partner-api-rate-limit.test.ts:80:13)

PASS src/__tests__/dual-mode-accounting.test.ts
  ΓùÅ Console

    console.log
      Γùç injected env (9) from .env.local // tip: Γîÿ suppress logs { quiet: true }

      at _log (node_modules/dotenv/lib/main.js:131:11)

    console.log
      [Jest Setup] SUPABASE_SERVICE_ROLE_KEY loaded: sb_secret_Dm... (41 chars)

      at Object.log (jest.setup.ts:10:9)

    console.error
      [recordTransactionActionResult] Error: Ghi nhß║¡n giao dß╗ïch Finance legacy bß╗ï chß║╖n v├¼ hß╗ç thß╗æng ─æang ß╗ƒ Professional Core. Vui l├▓ng ghi nhß║¡n qua ph├ón hß╗ç Accounting Ledger thay v├¼ sß╗¡a trß╗▒c tiß║┐p revenue/expenses legacy.
          at assertLegacyFinanceWriteAllowed (D:\Antigravity\Projects\BELLA SPA ERP\src\core\services\accounting\mode.ts:169:11)
          at processTicksAndRejections (node:internal/process/task_queues:104:5)
          at recordTransaction (D:\Antigravity\Projects\BELLA SPA ERP\src\core\services\finance\transaction-mutations.ts:398:3)
          at recordTransaction (D:\Antigravity\Projects\BELLA SPA ERP\src\core\services\finance\transactions.ts:250:5)
          at Object.<anonymous> (D:\Antigravity\Projects\BELLA SPA ERP\src\__tests__\dual-mode-accounting.test.ts:386:20)

      251 |     return { success: true };
      252 |   } catch (error) {
    > 253 |     console.error('[recordTransactionActionResult]', error);
          |             ^
      254 |     return {
      255 |       success: false,
      256 |       error: getErrorMessage(error, 'Kh├┤ng thß╗â ghi nhß║¡n giao dß╗ïch'),

      at error (src/core/services/finance/transactions.ts:253:13)
      at Object.<anonymous> (src/__tests__/dual-mode-accounting.test.ts:386:20)

    console.error
      [confirmTransactionActionResult] Error: X├íc nhß║¡n giao dß╗ïch Finance legacy bß╗ï chß║╖n v├¼ hß╗ç thß╗æng ─æang ß╗ƒ Professional Core. Vui l├▓ng ghi nhß║¡n qua ph├ón hß╗ç Accounting Ledger thay v├¼ sß╗¡a trß╗▒c tiß║┐p revenue/expenses legacy.
          at assertLegacyFinanceWriteAllowed (D:\Antigravity\Projects\BELLA SPA ERP\src\core\services\accounting\mode.ts:169:11)
          at processTicksAndRejections (node:internal/process/task_queues:104:5)
          at confirmTransaction (D:\Antigravity\Projects\BELLA SPA ERP\src\core\services\finance\transaction-mutations.ts:116:3)
          at confirmTransaction (D:\Antigravity\Projects\BELLA SPA ERP\src\core\services\finance\transactions.ts:154:5)
          at Object.<anonymous> (D:\Antigravity\Projects\BELLA SPA ERP\src\__tests__\dual-mode-accounting.test.ts:403:20)

      155 |     return { success: true };
      156 |   } catch (error) {
    > 157 |     console.error('[confirmTransactionActionResult]', error);
          |             ^
      158 |     return {
      159 |       success: false,
      160 |       error: getErrorMessage(error, 'Kh├┤ng thß╗â x├íc nhß║¡n giao dß╗ïch'),

      at error (src/core/services/finance/transactions.ts:157:13)
      at Object.<anonymous> (src/__tests__/dual-mode-accounting.test.ts:403:20)

    console.error
      [recordTransaction] failure: Error: Record expense transaction: accounting period is closed or unavailable: Accounting period is closed
          at assertOpenAccountingPeriod (D:\Antigravity\Projects\BELLA SPA ERP\src\core\services\accounting\period-guards.ts:58:11)
          at processTicksAndRejections (node:internal/process/task_queues:104:5)
          at recordTransaction (D:\Antigravity\Projects\BELLA SPA ERP\src\core\services\finance\transaction-mutations.ts:428:7)
          at recordTransaction (D:\Antigravity\Projects\BELLA SPA ERP\src\core\services\finance\transactions.ts:250:5)
          at Object.<anonymous> (D:\Antigravity\Projects\BELLA SPA ERP\src\__tests__\dual-mode-accounting.test.ts:422:20)

      575 |     }
      576 |   } catch (error: unknown) {
    > 577 |     console.error('[recordTransaction] failure:', error);
          |             ^
      578 |     throw new Error(error instanceof Error ? error.message : 'Lß╗ùi hß╗ç thß╗æng khi ghi nhß║¡n giao dß╗ïch');
      579 |   }
      580 | }

      at error (src/core/services/finance/transaction-mutations.ts:577:13)
      at recordTransaction (src/core/services/finance/transactions.ts:250:5)
      at Object.<anonymous> (src/__tests__/dual-mode-accounting.test.ts:422:20)

    console.error
      [recordTransactionActionResult] Error: Record expense transaction: accounting period is closed or unavailable: Accounting period is closed
          at recordTransaction (D:\Antigravity\Projects\BELLA SPA ERP\src\core\services\finance\transaction-mutations.ts:578:11)
          at processTicksAndRejections (node:internal/process/task_queues:104:5)
          at recordTransaction (D:\Antigravity\Projects\BELLA SPA ERP\src\core\services\finance\transactions.ts:250:5)
          at Object.<anonymous> (D:\Antigravity\Projects\BELLA SPA ERP\src\__tests__\dual-mode-accounting.test.ts:422:20)

      251 |     return { success: true };
      252 |   } catch (error) {
    > 253 |     console.error('[recordTransactionActionResult]', error);
          |             ^
      254 |     return {
      255 |       success: false,
      256 |       error: getErrorMessage(error, 'Kh├┤ng thß╗â ghi nhß║¡n giao dß╗ïch'),

      at error (src/core/services/finance/transactions.ts:253:13)
      at Object.<anonymous> (src/__tests__/dual-mode-accounting.test.ts:422:20)

FAIL src/app/api/rules/__tests__/rules-api.test.ts (8.585 s)
  ΓùÅ Console

    console.log
      Γùç injected env (9) from .env.local // tip: Γîÿ multiple files { path: ['.env.local', '.env'] }

      at _log (node_modules/dotenv/lib/main.js:131:11)

    console.log
      [Jest Setup] SUPABASE_SERVICE_ROLE_KEY loaded: sb_secret_Dm... (41 chars)

      at Object.log (jest.setup.ts:10:9)

  ΓùÅ Rule Management API ΓÇ║ POST /api/rules ΓÇ║ should create a new rule successfully

    Failed to create test user: duplicate key value violates unique constraint "users_email_key"

      60 |
      61 |     if (userError) {
    > 62 |       throw new Error(`Failed to create test user: ${userError.message}`);
         |             ^
      63 |     }
      64 |     testUserId = user.id;
      65 |   }, 30000); // Increase timeout to 30 seconds

      at Object.<anonymous> (src/app/api/rules/__tests__/rules-api.test.ts:62:13)

  ΓùÅ Rule Management API ΓÇ║ POST /api/rules ΓÇ║ should validate required fields

    Failed to create test user: duplicate key value violates unique constraint "users_email_key"

      60 |
      61 |     if (userError) {
    > 62 |       throw new Error(`Failed to create test user: ${userError.message}`);
         |             ^
      63 |     }
      64 |     testUserId = user.id;
      65 |   }, 30000); // Increase timeout to 30 seconds

      at Object.<anonymous> (src/app/api/rules/__tests__/rules-api.test.ts:62:13)

  ΓùÅ Rule Management API ΓÇ║ POST /api/rules ΓÇ║ should validate provider enum

    Failed to create test user: duplicate key value violates unique constraint "users_email_key"

      60 |
      61 |     if (userError) {
    > 62 |       throw new Error(`Failed to create test user: ${userError.message}`);
         |             ^
      63 |     }
      64 |     testUserId = user.id;
      65 |   }, 30000); // Increase timeout to 30 seconds

      at Object.<anonymous> (src/app/api/rules/__tests__/rules-api.test.ts:62:13)

  ΓùÅ Rule Management API ΓÇ║ GET /api/rules ΓÇ║ should list all rules for tenant

    Failed to create test user: duplicate key value violates unique constraint "users_email_key"

      60 |
      61 |     if (userError) {
    > 62 |       throw new Error(`Failed to create test user: ${userError.message}`);
         |             ^
      63 |     }
      64 |     testUserId = user.id;
      65 |   }, 30000); // Increase timeout to 30 seconds

      at Object.<anonymous> (src/app/api/rules/__tests__/rules-api.test.ts:62:13)

  ΓùÅ Rule Management API ΓÇ║ GET /api/rules ΓÇ║ should filter by provider

    Failed to create test user: duplicate key value violates unique constraint "users_email_key"

      60 |
      61 |     if (userError) {
    > 62 |       throw new Error(`Failed to create test user: ${userError.message}`);
         |             ^
      63 |     }
      64 |     testUserId = user.id;
      65 |   }, 30000); // Increase timeout to 30 seconds

      at Object.<anonymous> (src/app/api/rules/__tests__/rules-api.test.ts:62:13)

  ΓùÅ Rule Management API ΓÇ║ GET /api/rules ΓÇ║ should filter by status

    Failed to create test user: duplicate key value violates unique constraint "users_email_key"

      60 |
      61 |     if (userError) {
    > 62 |       throw new Error(`Failed to create test user: ${userError.message}`);
         |             ^
      63 |     }
      64 |     testUserId = user.id;
      65 |   }, 30000); // Increase timeout to 30 seconds

      at Object.<anonymous> (src/app/api/rules/__tests__/rules-api.test.ts:62:13)

  ΓùÅ Rule Management API ΓÇ║ GET /api/rules/[ruleId] ΓÇ║ should get rule by ID

    Failed to create test user: duplicate key value violates unique constraint "users_email_key"

      60 |
      61 |     if (userError) {
    > 62 |       throw new Error(`Failed to create test user: ${userError.message}`);
         |             ^
      63 |     }
      64 |     testUserId = user.id;
      65 |   }, 30000); // Increase timeout to 30 seconds

      at Object.<anonymous> (src/app/api/rules/__tests__/rules-api.test.ts:62:13)

  ΓùÅ Rule Management API ΓÇ║ GET /api/rules/[ruleId] ΓÇ║ should get rule with version history via RPC

    Failed to create test user: duplicate key value violates unique constraint "users_email_key"

      60 |
      61 |     if (userError) {
    > 62 |       throw new Error(`Failed to create test user: ${userError.message}`);
         |             ^
      63 |     }
      64 |     testUserId = user.id;
      65 |   }, 30000); // Increase timeout to 30 seconds

      at Object.<anonymous> (src/app/api/rules/__tests__/rules-api.test.ts:62:13)

  ΓùÅ Rule Management API ΓÇ║ GET /api/rules/[ruleId] ΓÇ║ should return 404 for non-existent rule

    Failed to create test user: duplicate key value violates unique constraint "users_email_key"

      60 |
      61 |     if (userError) {
    > 62 |       throw new Error(`Failed to create test user: ${userError.message}`);
         |             ^
      63 |     }
      64 |     testUserId = user.id;
      65 |   }, 30000); // Increase timeout to 30 seconds

      at Object.<anonymous> (src/app/api/rules/__tests__/rules-api.test.ts:62:13)

  ΓùÅ Rule Management API ΓÇ║ PATCH /api/rules/[ruleId] ΓÇ║ should update rule metadata (no version increment)

    Failed to create test user: duplicate key value violates unique constraint "users_email_key"

      60 |
      61 |     if (userError) {
    > 62 |       throw new Error(`Failed to create test user: ${userError.message}`);
         |             ^
      63 |     }
      64 |     testUserId = user.id;
      65 |   }, 30000); // Increase timeout to 30 seconds

      at Object.<anonymous> (src/app/api/rules/__tests__/rules-api.test.ts:62:13)

  ΓùÅ Rule Management API ΓÇ║ PATCH /api/rules/[ruleId] ΓÇ║ should increment version when conditions change

    Failed to create test user: duplicate key value violates unique constraint "users_email_key"

      60 |
      61 |     if (userError) {
    > 62 |       throw new Error(`Failed to create test user: ${userError.message}`);
         |             ^
      63 |     }
      64 |     testUserId = user.id;
      65 |   }, 30000); // Increase timeout to 30 seconds

      at Object.<anonymous> (src/app/api/rules/__tests__/rules-api.test.ts:62:13)

  ΓùÅ Rule Management API ΓÇ║ PATCH /api/rules/[ruleId] ΓÇ║ should create version snapshot when rule changes

    Failed to create test user: duplicate key value violates unique constraint "users_email_key"

      60 |
      61 |     if (userError) {
    > 62 |       throw new Error(`Failed to create test user: ${userError.message}`);
         |             ^
      63 |     }
      64 |     testUserId = user.id;
      65 |   }, 30000); // Increase timeout to 30 seconds

      at Object.<anonymous> (src/app/api/rules/__tests__/rules-api.test.ts:62:13)

  ΓùÅ Rule Management API ΓÇ║ POST /api/rules/[ruleId]/test ΓÇ║ should test rule and save result

    Failed to create test user: duplicate key value violates unique constraint "users_email_key"

      60 |
      61 |     if (userError) {
    > 62 |       throw new Error(`Failed to create test user: ${userError.message}`);
         |             ^
      63 |     }
      64 |     testUserId = user.id;
      65 |   }, 30000); // Increase timeout to 30 seconds

      at Object.<anonymous> (src/app/api/rules/__tests__/rules-api.test.ts:62:13)

  ΓùÅ Rule Management API ΓÇ║ POST /api/rules/[ruleId]/test ΓÇ║ should calculate test statistics via RPC

    Failed to create test user: duplicate key value violates unique constraint "users_email_key"

      60 |
      61 |     if (userError) {
    > 62 |       throw new Error(`Failed to create test user: ${userError.message}`);
         |             ^
      63 |     }
      64 |     testUserId = user.id;
      65 |   }, 30000); // Increase timeout to 30 seconds

      at Object.<anonymous> (src/app/api/rules/__tests__/rules-api.test.ts:62:13)

  ΓùÅ Rule Management API ΓÇ║ GET /api/rules/[ruleId]/versions ΓÇ║ should get version history

    Failed to create test user: duplicate key value violates unique constraint "users_email_key"

      60 |
      61 |     if (userError) {
    > 62 |       throw new Error(`Failed to create test user: ${userError.message}`);
         |             ^
      63 |     }
      64 |     testUserId = user.id;
      65 |   }, 30000); // Increase timeout to 30 seconds

      at Object.<anonymous> (src/app/api/rules/__tests__/rules-api.test.ts:62:13)

  ΓùÅ Rule Management API ΓÇ║ GET /api/rules/[ruleId]/versions ΓÇ║ should order versions descending

    Failed to create test user: duplicate key value violates unique constraint "users_email_key"

      60 |
      61 |     if (userError) {
    > 62 |       throw new Error(`Failed to create test user: ${userError.message}`);
         |             ^
      63 |     }
      64 |     testUserId = user.id;
      65 |   }, 30000); // Increase timeout to 30 seconds

      at Object.<anonymous> (src/app/api/rules/__tests__/rules-api.test.ts:62:13)

  ΓùÅ Rule Management API ΓÇ║ POST /api/rules/[ruleId]/rollback ΓÇ║ should rollback to previous version

    Failed to create test user: duplicate key value violates unique constraint "users_email_key"

      60 |
      61 |     if (userError) {
    > 62 |       throw new Error(`Failed to create test user: ${userError.message}`);
         |             ^
      63 |     }
      64 |     testUserId = user.id;
      65 |   }, 30000); // Increase timeout to 30 seconds

      at Object.<anonymous> (src/app/api/rules/__tests__/rules-api.test.ts:62:13)

  ΓùÅ Rule Management API ΓÇ║ POST /api/rules/[ruleId]/rollback ΓÇ║ should not rollback to invalid version

    Failed to create test user: duplicate key value violates unique constraint "users_email_key"

      60 |
      61 |     if (userError) {
    > 62 |       throw new Error(`Failed to create test user: ${userError.message}`);
         |             ^
      63 |     }
      64 |     testUserId = user.id;
      65 |   }, 30000); // Increase timeout to 30 seconds

      at Object.<anonymous> (src/app/api/rules/__tests__/rules-api.test.ts:62:13)

  ΓùÅ Rule Management API ΓÇ║ POST /api/rules/approvals ΓÇ║ should submit rule for approval

    Failed to create test user: duplicate key value violates unique constraint "users_email_key"

      60 |
      61 |     if (userError) {
    > 62 |       throw new Error(`Failed to create test user: ${userError.message}`);
         |             ^
      63 |     }
      64 |     testUserId = user.id;
      65 |   }, 30000); // Increase timeout to 30 seconds

      at Object.<anonymous> (src/app/api/rules/__tests__/rules-api.test.ts:62:13)

  ΓùÅ Rule Management API ΓÇ║ POST /api/rules/approvals ΓÇ║ should list pending approvals via RPC

    Failed to create test user: duplicate key value violates unique constraint "users_email_key"

      60 |
      61 |     if (userError) {
    > 62 |       throw new Error(`Failed to create test user: ${userError.message}`);
         |             ^
      63 |     }
      64 |     testUserId = user.id;
      65 |   }, 30000); // Increase timeout to 30 seconds

      at Object.<anonymous> (src/app/api/rules/__tests__/rules-api.test.ts:62:13)

  ΓùÅ Rule Management API ΓÇ║ DELETE /api/rules/[ruleId] ΓÇ║ should archive rule (soft delete)

    Failed to create test user: duplicate key value violates unique constraint "users_email_key"

      60 |
      61 |     if (userError) {
    > 62 |       throw new Error(`Failed to create test user: ${userError.message}`);
         |             ^
      63 |     }
      64 |     testUserId = user.id;
      65 |   }, 30000); // Increase timeout to 30 seconds

      at Object.<anonymous> (src/app/api/rules/__tests__/rules-api.test.ts:62:13)

  ΓùÅ Rule Management API ΓÇ║ DELETE /api/rules/[ruleId] ΓÇ║ should not appear in active rules list

    Failed to create test user: duplicate key value violates unique constraint "users_email_key"

      60 |
      61 |     if (userError) {
    > 62 |       throw new Error(`Failed to create test user: ${userError.message}`);
         |             ^
      63 |     }
      64 |     testUserId = user.id;
      65 |   }, 30000); // Increase timeout to 30 seconds

      at Object.<anonymous> (src/app/api/rules/__tests__/rules-api.test.ts:62:13)

  ΓùÅ Rule Management API ΓÇ║ Tenant Isolation ΓÇ║ should not access rules from other tenants

    Failed to create test user: duplicate key value violates unique constraint "users_email_key"

      60 |
      61 |     if (userError) {
    > 62 |       throw new Error(`Failed to create test user: ${userError.message}`);
         |             ^
      63 |     }
      64 |     testUserId = user.id;
      65 |   }, 30000); // Increase timeout to 30 seconds

      at Object.<anonymous> (src/app/api/rules/__tests__/rules-api.test.ts:62:13)

FAIL src/__tests__/e2e-refund-commission-clawback.test.ts (5.162 s)
  ΓùÅ Console

    console.log
      Γùç injected env (9) from .env.local // tip: Γîÿ override existing { override: true }

      at _log (node_modules/dotenv/lib/main.js:131:11)

    console.log
      [Jest Setup] SUPABASE_SERVICE_ROLE_KEY loaded: sb_secret_Dm... (41 chars)

      at Object.log (jest.setup.ts:10:9)

    console.log
      Γ£à Step 1: Booking created {
        bookingId: '49f16456-724c-411d-9525-3d8f95bb0b44',
        ktvCommission: 150000
      }

      at Object.log (src/__tests__/e2e-refund-commission-clawback.test.ts:113:13)

    console.log
      Γ£à Step 2: 3 sessions completed { commissionEarned: 450000 }

      at Object.log (src/__tests__/e2e-refund-commission-clawback.test.ts:138:13)

    console.log
      Γ£à Step 3: Refund issued { refundAmount: 3500000, remainingSessions: 7 }

      at Object.log (src/__tests__/e2e-refund-commission-clawback.test.ts:152:13)

  ΓùÅ E2E Refund with Commission Clawback (Edge Case Test) ΓÇ║ should NOT claw back commission for completed sessions when refund issued

    TypeError: Cannot read properties of null (reading 'session_bonus')

      156 |     
      157 |     expect(salaryAfterRefund).toBeDefined();
    > 158 |     expect(salaryAfterRefund!.session_bonus).toBe(450000); // Commission retained for 3 completed sessions
          |                               ^
      159 |     expect(salaryAfterRefund!.total_sessions).toBe(3);
      160 |
      161 |     console.log('Γ£à Step 4: Commission retained (NO clawback)', {

      at Object.session_bonus (src/__tests__/e2e-refund-commission-clawback.test.ts:158:31)

PASS src/services/intelligence/operational/__tests__/integration.test.ts
  ΓùÅ Console

    console.log
      Γùç injected env (9) from .env.local // tip: Γîü auth for agents [www.vestauth.com]

      at _log (node_modules/dotenv/lib/main.js:131:11)

    console.log
      [Jest Setup] SUPABASE_SERVICE_ROLE_KEY loaded: sb_secret_Dm... (41 chars)

      at Object.log (jest.setup.ts:10:9)

    console.log
      [Integration Tests] Running with Supabase: https://lvnvkpyxtuilhrabtlwv.supabase.co

      at Object.log (src/services/intelligence/operational/__tests__/integration.test.ts:85:15)

    console.log
      [Integration Tests] Test Tenant: 00000000-0000-0000-0000-000000000000

      at Object.log (src/services/intelligence/operational/__tests__/integration.test.ts:86:15)

    console.log
      [Integration Tests] Test KTV: 00000000-0000-0000-0000-000000000001

      at Object.log (src/services/intelligence/operational/__tests__/integration.test.ts:87:15)

    console.warn
      [Integration] No KTV performance data found for: 00000000-0000-0000-0000-000000000001

      135 |         });
      136 |       } else {
    > 137 |         console.warn('[Integration] No KTV performance data found for:', TEST_KTV_ID);
          |                 ^
      138 |       }
      139 |     }, 30000); // 30s timeout
      140 |

      at Object.warn (src/services/intelligence/operational/__tests__/integration.test.ts:137:17)

    console.log
      [Integration] week data points: 0

      at Object.log (src/services/intelligence/operational/__tests__/integration.test.ts:147:17)

    console.log
      [Integration] month data points: 0

      at Object.log (src/services/intelligence/operational/__tests__/integration.test.ts:147:17)

    console.log
      [Integration] quarter data points: 0

      at Object.log (src/services/intelligence/operational/__tests__/integration.test.ts:147:17)

    console.warn
      [Integration] No leaderboard data found for tenant: 00000000-0000-0000-0000-000000000000

      189 |         });
      190 |       } else {
    > 191 |         console.warn('[Integration] No leaderboard data found for tenant:', TEST_TENANT_ID);
          |                 ^
      192 |       }
      193 |     }, 30000);
      194 |

      at Object.warn (src/services/intelligence/operational/__tests__/integration.test.ts:191:17)

    console.warn
      [Integration] No inventory data found for tenant: 00000000-0000-0000-0000-000000000000

      235 |         });
      236 |       } else {
    > 237 |         console.warn('[Integration] No inventory data found for tenant:', TEST_TENANT_ID);
          |                 ^
      238 |       }
      239 |     }, 30000);
      240 |

      at Object.warn (src/services/intelligence/operational/__tests__/integration.test.ts:237:17)

    console.log
      [Integration] out_of_stock items: 0

      at Object.log (src/services/intelligence/operational/__tests__/integration.test.ts:254:17)

    console.log
      [Integration] low_stock items: 0

      at Object.log (src/services/intelligence/operational/__tests__/integration.test.ts:254:17)

    console.log
      [Integration] medium_stock items: 0

      at Object.log (src/services/intelligence/operational/__tests__/integration.test.ts:254:17)

    console.log
      [Integration] high_stock items: 0

      at Object.log (src/services/intelligence/operational/__tests__/integration.test.ts:254:17)

    console.warn
      [Integration] No session analytics found for tenant: 00000000-0000-0000-0000-000000000000

      287 |         });
      288 |       } else {
    > 289 |         console.warn('[Integration] No session analytics found for tenant:', TEST_TENANT_ID);
          |                 ^
      290 |       }
      291 |     }, 30000);
      292 |   });

      at Object.warn (src/services/intelligence/operational/__tests__/integration.test.ts:289:17)

    console.warn
      [Integration] No capacity data found for tenant: 00000000-0000-0000-0000-000000000000

      325 |         });
      326 |       } else {
    > 327 |         console.warn('[Integration] No capacity data found for tenant:', TEST_TENANT_ID);
          |                 ^
      328 |       }
      329 |     }, 30000);
      330 |   });

      at Object.warn (src/services/intelligence/operational/__tests__/integration.test.ts:327:17)

PASS src/lib/decision-engine/providers/booking/__tests__/auto-assignment-scoring.test.ts
  ΓùÅ Console

    console.log
      Γùç injected env (9) from .env.local // tip: Γùê secrets for agents [www.dotenvx.com]

      at _log (node_modules/dotenv/lib/main.js:131:11)

    console.log
      [Jest Setup] SUPABASE_SERVICE_ROLE_KEY loaded: sb_secret_Dm... (41 chars)

      at Object.log (jest.setup.ts:10:9)

PASS src/__tests__/e2e-refund-partial.test.ts (5.686 s)
  ΓùÅ Console

    console.log
      Γùç injected env (9) from .env.local // tip: Γîÿ enable debugging { debug: true }

      at _log (node_modules/dotenv/lib/main.js:131:11)

    console.log
      [Jest Setup] SUPABASE_SERVICE_ROLE_KEY loaded: sb_secret_Dm... (41 chars)

      at Object.log (jest.setup.ts:10:9)

    console.log
      Γ£à Step 1: Booking created {
        bookingId: '904500e2-5b93-4d25-9eba-1084fbf75ae3',
        totalPaid: 5000000,
        totalSessions: 10
      }

      at Object.log (src/__tests__/e2e-refund-partial.test.ts:117:13)

    console.log
      Γ£à Step 2: 5 sessions completed { completedSessions: 5, ktvCommissionEarned: 750000 }

      at Object.log (src/__tests__/e2e-refund-partial.test.ts:157:13)

    console.log
      Γ£à Step 3: Partial refund issued { refundAmount: 2500000, remainingSessions: 5 }

      at Object.log (src/__tests__/e2e-refund-partial.test.ts:175:13)

    console.log
      Γ£à Step 4: KTV commission retained { sessionsCompleted: 5, commissionRetained: 750000 }

      at Object.log (src/__tests__/e2e-refund-partial.test.ts:183:13)

    console.log
      Γ£à Step 5: Revenue totals verified { deposit: 5000000, refund: -2500000, netRevenue: 2500000 }

      at Object.log (src/__tests__/e2e-refund-partial.test.ts:190:13)

    console.log
      Γ£à Step 6: Booking status verified { status: 'completed', completedSessions: 5, totalSessions: 10 }

      at Object.log (src/__tests__/e2e-refund-partial.test.ts:198:13)

    console.log
      
      ≡ƒÄë E2E PARTIAL REFUND FLOW TEST: ALL PASSED!

      at Object.log (src/__tests__/e2e-refund-partial.test.ts:200:13)

PASS src/__tests__/e2e-payroll-reopen.test.ts
  ΓùÅ Console

    console.log
      Γùç injected env (9) from .env.local // tip: Γîÿ suppress logs { quiet: true }

      at _log (node_modules/dotenv/lib/main.js:131:11)

    console.log
      [Jest Setup] SUPABASE_SERVICE_ROLE_KEY loaded: sb_secret_Dm... (41 chars)

      at Object.log (jest.setup.ts:10:9)

    console.log
      Γ£à Step 1: Salary record created {
        salaryRecordId: '19791b5d-dbcc-445f-8adf-efecb927f568',
        month: '2026-05-01',
        totalSalary: 6950000,
        status: 'draft'
      }

      at Object.log (src/__tests__/e2e-payroll-reopen.test.ts:80:13)

    console.log
      Γ£à Step 2: Payroll closed { is_locked: true, status: 'approved' }

      at Object.log (src/__tests__/e2e-payroll-reopen.test.ts:94:13)

    console.log
      Γ£à Step 3: Locked salary protected from edits { attemptedChange: 7000000, actualValue: 6000000 }

      at Object.log (src/__tests__/e2e-payroll-reopen.test.ts:105:13)

    console.log
      Γ£à Step 4: Payroll reopened { is_locked: false, status: 'draft' }

      at Object.log (src/__tests__/e2e-payroll-reopen.test.ts:117:13)

    console.log
      Γ£à Step 5: Salary corrected { newBaseSalary: 6500000, newTotalSalary: 7450000 }

      at Object.log (src/__tests__/e2e-payroll-reopen.test.ts:130:13)

    console.log
      Γ£à Step 6: Payroll re-closed { is_locked: true, status: 'approved' }

      at Object.log (src/__tests__/e2e-payroll-reopen.test.ts:142:13)

    console.log
      Γ£à Step 7: Re-closed salary protected { attemptedChange: 8000000, actualValue: 6500000 }

      at Object.log (src/__tests__/e2e-payroll-reopen.test.ts:152:13)

    console.log
      
      ≡ƒÄë E2E PAYROLL REOPEN TEST: ALL PASSED!

      at Object.log (src/__tests__/e2e-payroll-reopen.test.ts:154:13)

PASS src/__tests__/e2e-salary-comprehensive.test.ts
  ΓùÅ Console

    console.log
      Γùç injected env (9) from .env.local // tip: Γîÿ multiple files { path: ['.env.local', '.env'] }

      at _log (node_modules/dotenv/lib/main.js:131:11)

    console.log
      [Jest Setup] SUPABASE_SERVICE_ROLE_KEY loaded: sb_secret_Dm... (41 chars)

      at Object.log (jest.setup.ts:10:9)

    console.log
      ≡ƒÜÇ Setting up E2E Salary Test Environment...

      at Object.log (src/__tests__/e2e-salary-comprehensive.test.ts:252:13)

    console.log
      Γ£à Created test tenant: 00000000-0000-0000-0000-000000000001

      at log (src/__tests__/helpers/salary-e2e-db-helper.ts:195:11)

    console.log
      Γ£à Created 3 test KTVs

      at log (src/__tests__/helpers/salary-e2e-db-helper.ts:217:11)

    console.log
      Γ£à Created 3 test packages

      at log (src/__tests__/helpers/salary-e2e-db-helper.ts:239:11)

    console.log
      Γ£à Created test customer: 00000000-0000-0000-0000-000000000201

      at log (src/__tests__/helpers/salary-e2e-db-helper.ts:265:11)

    console.log
      Γ£à Test environment ready

      at Object.log (src/__tests__/e2e-salary-comprehensive.test.ts:299:15)

    console.log
      ≡ƒº╣ Cleaning up E2E Salary Test Environment...

      at Object.log (src/__tests__/e2e-salary-comprehensive.test.ts:307:13)

    console.log
      ≡ƒº╣ Cleaning up test data...

      at log (src/__tests__/helpers/salary-e2e-db-helper.ts:124:11)

    console.warn
      Warning deleting salary_adjustments: operator does not exist: uuid ~~ unknown

      151 |       if (error && error.code !== 'PGRST116') {
      152 |         // PGRST116 = no rows found (OK)
    > 153 |         console.warn(`Warning deleting ${table}:`, error.message);
          |                 ^
      154 |       }
      155 |     }
      156 |

      at warn (src/__tests__/helpers/salary-e2e-db-helper.ts:153:17)
      at Object.<anonymous> (src/__tests__/e2e-salary-comprehensive.test.ts:308:5)

    console.warn
      Warning deleting salary_records: operator does not exist: uuid ~~ unknown

      151 |       if (error && error.code !== 'PGRST116') {
      152 |         // PGRST116 = no rows found (OK)
    > 153 |         console.warn(`Warning deleting ${table}:`, error.message);
          |                 ^
      154 |       }
      155 |     }
      156 |

      at warn (src/__tests__/helpers/salary-e2e-db-helper.ts:153:17)
      at Object.<anonymous> (src/__tests__/e2e-salary-comprehensive.test.ts:308:5)

    console.warn
      Warning deleting expenses: operator does not exist: uuid ~~ unknown

      151 |       if (error && error.code !== 'PGRST116') {
      152 |         // PGRST116 = no rows found (OK)
    > 153 |         console.warn(`Warning deleting ${table}:`, error.message);
          |                 ^
      154 |       }
      155 |     }
      156 |

      at warn (src/__tests__/helpers/salary-e2e-db-helper.ts:153:17)
      at Object.<anonymous> (src/__tests__/e2e-salary-comprehensive.test.ts:308:5)

    console.warn
      Warning deleting kpi_records: operator does not exist: uuid ~~ unknown

      151 |       if (error && error.code !== 'PGRST116') {
      152 |         // PGRST116 = no rows found (OK)
    > 153 |         console.warn(`Warning deleting ${table}:`, error.message);
          |                 ^
      154 |       }
      155 |     }
      156 |

      at warn (src/__tests__/helpers/salary-e2e-db-helper.ts:153:17)
      at Object.<anonymous> (src/__tests__/e2e-salary-comprehensive.test.ts:308:5)

    console.warn
      Warning deleting attendance: operator does not exist: uuid ~~ unknown

      151 |       if (error && error.code !== 'PGRST116') {
      152 |         // PGRST116 = no rows found (OK)
    > 153 |         console.warn(`Warning deleting ${table}:`, error.message);
          |                 ^
      154 |       }
      155 |     }
      156 |

      at warn (src/__tests__/helpers/salary-e2e-db-helper.ts:153:17)
      at Object.<anonymous> (src/__tests__/e2e-salary-comprehensive.test.ts:308:5)

    console.warn
      Warning deleting session_reviews: operator does not exist: uuid ~~ unknown

      151 |       if (error && error.code !== 'PGRST116') {
      152 |         // PGRST116 = no rows found (OK)
    > 153 |         console.warn(`Warning deleting ${table}:`, error.message);
          |                 ^
      154 |       }
      155 |     }
      156 |

      at warn (src/__tests__/helpers/salary-e2e-db-helper.ts:153:17)
      at Object.<anonymous> (src/__tests__/e2e-salary-comprehensive.test.ts:308:5)

    console.warn
      Warning deleting session_logs: operator does not exist: uuid ~~ unknown

      151 |       if (error && error.code !== 'PGRST116') {
      152 |         // PGRST116 = no rows found (OK)
    > 153 |         console.warn(`Warning deleting ${table}:`, error.message);
          |                 ^
      154 |       }
      155 |     }
      156 |

      at warn (src/__tests__/helpers/salary-e2e-db-helper.ts:153:17)
      at Object.<anonymous> (src/__tests__/e2e-salary-comprehensive.test.ts:308:5)

    console.warn
      Warning deleting bookings: operator does not exist: uuid ~~ unknown

      151 |       if (error && error.code !== 'PGRST116') {
      152 |         // PGRST116 = no rows found (OK)
    > 153 |         console.warn(`Warning deleting ${table}:`, error.message);
          |                 ^
      154 |       }
      155 |     }
      156 |

      at warn (src/__tests__/helpers/salary-e2e-db-helper.ts:153:17)
      at Object.<anonymous> (src/__tests__/e2e-salary-comprehensive.test.ts:308:5)

    console.warn
      Warning deleting packages: operator does not exist: uuid ~~ unknown

      151 |       if (error && error.code !== 'PGRST116') {
      152 |         // PGRST116 = no rows found (OK)
    > 153 |         console.warn(`Warning deleting ${table}:`, error.message);
          |                 ^
      154 |       }
      155 |     }
      156 |

      at warn (src/__tests__/helpers/salary-e2e-db-helper.ts:153:17)
      at Object.<anonymous> (src/__tests__/e2e-salary-comprehensive.test.ts:308:5)

    console.warn
      Warning deleting customers: operator does not exist: uuid ~~ unknown

      151 |       if (error && error.code !== 'PGRST116') {
      152 |         // PGRST116 = no rows found (OK)
    > 153 |         console.warn(`Warning deleting ${table}:`, error.message);
          |                 ^
      154 |       }
      155 |     }
      156 |

      at warn (src/__tests__/helpers/salary-e2e-db-helper.ts:153:17)
      at Object.<anonymous> (src/__tests__/e2e-salary-comprehensive.test.ts:308:5)

    console.warn
      Warning deleting users: operator does not exist: uuid ~~ unknown

      151 |       if (error && error.code !== 'PGRST116') {
      152 |         // PGRST116 = no rows found (OK)
    > 153 |         console.warn(`Warning deleting ${table}:`, error.message);
          |                 ^
      154 |       }
      155 |     }
      156 |

      at warn (src/__tests__/helpers/salary-e2e-db-helper.ts:153:17)
      at Object.<anonymous> (src/__tests__/e2e-salary-comprehensive.test.ts:308:5)

    console.warn
      Warning deleting tenants: operator does not exist: uuid ~~ unknown

      151 |       if (error && error.code !== 'PGRST116') {
      152 |         // PGRST116 = no rows found (OK)
    > 153 |         console.warn(`Warning deleting ${table}:`, error.message);
          |                 ^
      154 |       }
      155 |     }
      156 |

      at warn (src/__tests__/helpers/salary-e2e-db-helper.ts:153:17)
      at Object.<anonymous> (src/__tests__/e2e-salary-comprehensive.test.ts:308:5)

    console.log
      Γ£à Cleanup complete

      at log (src/__tests__/helpers/salary-e2e-db-helper.ts:157:13)

    console.log
      Γ£à Cleanup complete

      at Object.log (src/__tests__/e2e-salary-comprehensive.test.ts:309:13)

PASS src/services/intelligence/executive/__tests__/integration.test.ts (6.283 s)
  ΓùÅ Console

    console.log
      Γùç injected env (9) from .env.local // tip: Γîÿ multiple files { path: ['.env.local', '.env'] }

      at _log (node_modules/dotenv/lib/main.js:131:11)

    console.log
      [Jest Setup] SUPABASE_SERVICE_ROLE_KEY loaded: sb_secret_Dm... (41 chars)

      at Object.log (jest.setup.ts:10:9)

    console.log
      [Intelligence] Revenue query - Tenant: 00000000-0000-0000-0000-000000000000, Range: 2026-06-15 ΓåÆ 2026-07-16

      at log (src/services/intelligence/executive/queries.ts:149:13)

    console.log
      [Intelligence] Found 0 revenue records

      at log (src/services/intelligence/executive/queries.ts:163:13)

    console.log
      [Intelligence] Confirmed: 0 records

      at log (src/services/intelligence/executive/queries.ts:170:13)

    console.log
      [Intelligence] Total revenue: 0

      at log (src/services/intelligence/executive/queries.ts:175:13)

    console.log
        ΓÅ▒∩╕Å  Fresh query time: 952.96ms

      at Object.log (src/services/intelligence/executive/__tests__/integration.test.ts:100:15)

    console.info
      [ExecutiveIntelligence] Cache cleared successfully

      at ExecutiveIntelligenceService.info [as clearCache] (src/services/intelligence/executive/service.ts:397:15)

    console.log
      [Intelligence] Revenue query - Tenant: 00000000-0000-0000-0000-000000000000, Range: 2026-06-15 ΓåÆ 2026-07-16

      at log (src/services/intelligence/executive/queries.ts:149:13)

    console.log
      [Intelligence] Found 0 revenue records

      at log (src/services/intelligence/executive/queries.ts:163:13)

    console.log
      [Intelligence] Confirmed: 0 records

      at log (src/services/intelligence/executive/queries.ts:170:13)

    console.log
      [Intelligence] Total revenue: 0

      at log (src/services/intelligence/executive/queries.ts:175:13)

    console.log
        ΓÜí Cached query time: 0.11ms

      at Object.log (src/services/intelligence/executive/__tests__/integration.test.ts:121:15)

    console.info
      [ExecutiveIntelligence] Cache cleared successfully

      at ExecutiveIntelligenceService.info [as clearCache] (src/services/intelligence/executive/service.ts:397:15)

    console.log
      [Intelligence] Revenue query - Tenant: 00000000-0000-0000-0000-000000000000, Range: 2026-06-01 ΓåÆ 2026-06-15

      at log (src/services/intelligence/executive/queries.ts:149:13)

    console.log
      [Intelligence] Found 0 revenue records

      at log (src/services/intelligence/executive/queries.ts:163:13)

    console.log
      [Intelligence] Confirmed: 0 records

      at log (src/services/intelligence/executive/queries.ts:170:13)

    console.log
      [Intelligence] Total revenue: 0

      at log (src/services/intelligence/executive/queries.ts:175:13)

    console.info
      [ExecutiveIntelligence] Cache cleared successfully

      at ExecutiveIntelligenceService.info [as clearCache] (src/services/intelligence/executive/service.ts:397:15)

    console.log
      [Intelligence] Revenue query - Tenant: 00000000-0000-0000-0000-000000000000, Range: 2026-06-15 ΓåÆ 2026-07-16

      at log (src/services/intelligence/executive/queries.ts:149:13)

    console.log
      [Intelligence] Found 0 revenue records

      at log (src/services/intelligence/executive/queries.ts:163:13)

    console.log
      [Intelligence] Confirmed: 0 records

      at log (src/services/intelligence/executive/queries.ts:170:13)

    console.log
      [Intelligence] Total revenue: 0

      at log (src/services/intelligence/executive/queries.ts:175:13)

    console.info
      [ExecutiveIntelligence] Cache cleared successfully

      at ExecutiveIntelligenceService.info [as clearCache] (src/services/intelligence/executive/service.ts:397:15)

    console.log
      [Intelligence] Revenue query - Tenant: 00000000-0000-0000-0000-000000000000, Range: 2026-06-15 ΓåÆ 2026-07-16

      at log (src/services/intelligence/executive/queries.ts:149:13)

    console.log
      [Intelligence] Found 0 revenue records

      at log (src/services/intelligence/executive/queries.ts:163:13)

    console.log
      [Intelligence] Confirmed: 0 records

      at log (src/services/intelligence/executive/queries.ts:170:13)

    console.log
      [Intelligence] Total revenue: 0

      at log (src/services/intelligence/executive/queries.ts:175:13)

    console.info
      [ExecutiveIntelligence] Cache cleared successfully

      at ExecutiveIntelligenceService.info [as clearCache] (src/services/intelligence/executive/service.ts:397:15)

    console.log
      [Intelligence] Revenue query - Tenant: 00000000-0000-0000-0000-000000000000, Range: 2026-06-15 ΓåÆ 2026-07-16

      at log (src/services/intelligence/executive/queries.ts:149:13)

    console.log
      [Intelligence] Found 0 revenue records

      at log (src/services/intelligence/executive/queries.ts:163:13)

    console.log
      [Intelligence] Confirmed: 0 records

      at log (src/services/intelligence/executive/queries.ts:170:13)

    console.log
      [Intelligence] Total revenue: 0

      at log (src/services/intelligence/executive/queries.ts:175:13)

    console.log
      [Intelligence] Revenue query - Tenant: 00000000-0000-0000-0000-000000000000, Range: 2026-06-15 ΓåÆ 2026-07-16

      at log (src/services/intelligence/executive/queries.ts:149:13)

    console.log
      [Intelligence] Found 0 revenue records

      at log (src/services/intelligence/executive/queries.ts:163:13)

    console.log
      [Intelligence] Confirmed: 0 records

      at log (src/services/intelligence/executive/queries.ts:170:13)

    console.log
      [Intelligence] Total revenue: 0

      at log (src/services/intelligence/executive/queries.ts:175:13)

    console.info
      [ExecutiveIntelligence] Cache cleared successfully

      at ExecutiveIntelligenceService.info [as clearCache] (src/services/intelligence/executive/service.ts:397:15)

    console.log
      [Intelligence] Revenue query - Tenant: 00000000-0000-0000-0000-000000000000, Range: 2026-07-15 ΓåÆ 2026-07-16

      at log (src/services/intelligence/executive/queries.ts:149:13)

    console.log
      [Intelligence] Found 0 revenue records

      at log (src/services/intelligence/executive/queries.ts:163:13)

    console.log
      [Intelligence] Confirmed: 0 records

      at log (src/services/intelligence/executive/queries.ts:170:13)

    console.log
      [Intelligence] Total revenue: 0

      at log (src/services/intelligence/executive/queries.ts:175:13)

    console.info
      [ExecutiveIntelligence] Cache cleared successfully

      at ExecutiveIntelligenceService.info [as clearCache] (src/services/intelligence/executive/service.ts:397:15)

    console.log
      [Intelligence] Revenue query - Tenant: 00000000-0000-0000-0000-000000000000, Range: 2026-07-08 ΓåÆ 2026-07-16

      at log (src/services/intelligence/executive/queries.ts:149:13)

    console.log
      [Intelligence] Found 0 revenue records

      at log (src/services/intelligence/executive/queries.ts:163:13)

    console.log
      [Intelligence] Confirmed: 0 records

      at log (src/services/intelligence/executive/queries.ts:170:13)

    console.log
      [Intelligence] Total revenue: 0

      at log (src/services/intelligence/executive/queries.ts:175:13)

    console.info
      [ExecutiveIntelligence] Cache cleared successfully

      at ExecutiveIntelligenceService.info [as clearCache] (src/services/intelligence/executive/service.ts:397:15)

    console.log
      [Intelligence] Revenue query - Tenant: 00000000-0000-0000-0000-000000000000, Range: 2026-06-15 ΓåÆ 2026-07-16

      at log (src/services/intelligence/executive/queries.ts:149:13)

    console.log
      [Intelligence] Found 0 revenue records

      at log (src/services/intelligence/executive/queries.ts:163:13)

    console.log
      [Intelligence] Confirmed: 0 records

      at log (src/services/intelligence/executive/queries.ts:170:13)

    console.log
      [Intelligence] Total revenue: 0

      at log (src/services/intelligence/executive/queries.ts:175:13)

    console.info
      [ExecutiveIntelligence] Cache cleared successfully

      at ExecutiveIntelligenceService.info [as clearCache] (src/services/intelligence/executive/service.ts:397:15)

    console.log
      [Intelligence] Revenue query - Tenant: 00000000-0000-0000-0000-000000000000, Range: 2026-04-15 ΓåÆ 2026-07-16

      at log (src/services/intelligence/executive/queries.ts:149:13)

    console.log
      [Intelligence] Found 0 revenue records

      at log (src/services/intelligence/executive/queries.ts:163:13)

    console.log
      [Intelligence] Confirmed: 0 records

      at log (src/services/intelligence/executive/queries.ts:170:13)

    console.log
      [Intelligence] Total revenue: 0

      at log (src/services/intelligence/executive/queries.ts:175:13)

    console.info
      [ExecutiveIntelligence] Cache cleared successfully

      at ExecutiveIntelligenceService.info [as clearCache] (src/services/intelligence/executive/service.ts:397:15)

    console.log
      [Intelligence] Revenue query - Tenant: 00000000-0000-0000-0000-000000000000, Range: 2025-07-15 ΓåÆ 2026-07-16

      at log (src/services/intelligence/executive/queries.ts:149:13)

    console.log
      [Intelligence] Found 0 revenue records

      at log (src/services/intelligence/executive/queries.ts:163:13)

    console.log
      [Intelligence] Confirmed: 0 records

      at log (src/services/intelligence/executive/queries.ts:170:13)

    console.log
      [Intelligence] Total revenue: 0

      at log (src/services/intelligence/executive/queries.ts:175:13)

    console.info
      [ExecutiveIntelligence] Cache cleared successfully

      at ExecutiveIntelligenceService.info [as clearCache] (src/services/intelligence/executive/service.ts:397:15)

    console.log
      [Intelligence] Revenue query - Tenant: 00000000-0000-0000-0000-000000000000, Range: 2026-07-15 ΓåÆ 2026-07-16

      at log (src/services/intelligence/executive/queries.ts:149:13)

    console.log
      [Intelligence] Found 0 revenue records

      at log (src/services/intelligence/executive/queries.ts:163:13)

    console.log
      [Intelligence] Confirmed: 0 records

      at log (src/services/intelligence/executive/queries.ts:170:13)

    console.log
      [Intelligence] Total revenue: 0

      at log (src/services/intelligence/executive/queries.ts:175:13)

    console.log
      [Intelligence] Revenue query - Tenant: 00000000-0000-0000-0000-000000000000, Range: 2026-07-08 ΓåÆ 2026-07-16

      at log (src/services/intelligence/executive/queries.ts:149:13)

    console.log
      [Intelligence] Found 0 revenue records

      at log (src/services/intelligence/executive/queries.ts:163:13)

    console.log
      [Intelligence] Confirmed: 0 records

      at log (src/services/intelligence/executive/queries.ts:170:13)

    console.log
      [Intelligence] Total revenue: 0

      at log (src/services/intelligence/executive/queries.ts:175:13)

    console.log
      [Intelligence] Revenue query - Tenant: 00000000-0000-0000-0000-000000000000, Range: 2026-06-15 ΓåÆ 2026-07-16

      at log (src/services/intelligence/executive/queries.ts:149:13)

    console.log
      [Intelligence] Found 0 revenue records

      at log (src/services/intelligence/executive/queries.ts:163:13)

    console.log
      [Intelligence] Confirmed: 0 records

      at log (src/services/intelligence/executive/queries.ts:170:13)

    console.log
      [Intelligence] Total revenue: 0

      at log (src/services/intelligence/executive/queries.ts:175:13)

    console.info
      [ExecutiveIntelligence] Cache cleared successfully

      at ExecutiveIntelligenceService.info [as clearCache] (src/services/intelligence/executive/service.ts:397:15)

    console.log
      [Intelligence] Revenue query - Tenant: 00000000-0000-0000-0000-000000000000, Range: 2026-06-15 ΓåÆ 2026-07-16

      at log (src/services/intelligence/executive/queries.ts:149:13)
          at async Promise.all (index 0)

    console.log
      [Intelligence] Found 0 revenue records

      at log (src/services/intelligence/executive/queries.ts:163:13)
          at async Promise.all (index 0)

    console.log
      [Intelligence] Confirmed: 0 records

      at log (src/services/intelligence/executive/queries.ts:170:13)
          at async Promise.all (index 0)

    console.log
      [Intelligence] Total revenue: 0

      at log (src/services/intelligence/executive/queries.ts:175:13)
          at async Promise.all (index 0)

    console.log
        ≡ƒôè Total dashboard load time: 535.00ms

      at Object.log (src/services/intelligence/executive/__tests__/integration.test.ts:287:15)

    console.info
      [ExecutiveIntelligence] Cache cleared successfully

      at ExecutiveIntelligenceService.info [as clearCache] (src/services/intelligence/executive/service.ts:397:15)

    console.log
      [Intelligence] Revenue query - Tenant: 00000000-0000-0000-0000-000000000000, Range: 2026-06-15 ΓåÆ 2026-07-16

      at log (src/services/intelligence/executive/queries.ts:149:13)
          at async Promise.all (index 0)

    console.log
      [Intelligence] Found 0 revenue records

      at log (src/services/intelligence/executive/queries.ts:163:13)
          at async Promise.all (index 0)

    console.log
      [Intelligence] Confirmed: 0 records

      at log (src/services/intelligence/executive/queries.ts:170:13)
          at async Promise.all (index 0)

    console.log
      [Intelligence] Total revenue: 0

      at log (src/services/intelligence/executive/queries.ts:175:13)
          at async Promise.all (index 0)

    console.log
        ΓÜí Cached dashboard load time: 0.10ms

      at Object.log (src/services/intelligence/executive/__tests__/integration.test.ts:334:15)

    console.info
      [ExecutiveIntelligence] Cache cleared successfully

      at ExecutiveIntelligenceService.info [as clearCache] (src/services/intelligence/executive/service.ts:397:15)

    console.info
      [ExecutiveIntelligence] Cache cleared successfully

      at ExecutiveIntelligenceService.info [as clearCache] (src/services/intelligence/executive/service.ts:397:15)

    console.log
      [Intelligence] Revenue query - Tenant: 00000000-0000-0000-0000-000000000000, Range: 2026-06-15 ΓåÆ 2026-07-16

      at log (src/services/intelligence/executive/queries.ts:149:13)

    console.log
      [Intelligence] Found 0 revenue records

      at log (src/services/intelligence/executive/queries.ts:163:13)

    console.log
      [Intelligence] Confirmed: 0 records

      at log (src/services/intelligence/executive/queries.ts:170:13)

    console.log
      [Intelligence] Total revenue: 0

      at log (src/services/intelligence/executive/queries.ts:175:13)

    console.info
      [ExecutiveIntelligence] Cache cleared successfully

      at ExecutiveIntelligenceService.info [as clearCache] (src/services/intelligence/executive/service.ts:397:15)

    console.log
      [Intelligence] Revenue query - Tenant: 00000000-0000-0000-0000-000000000000, Range: 2026-06-15 ΓåÆ 2026-07-16

      at log (src/services/intelligence/executive/queries.ts:149:13)

    console.log
      [Intelligence] Found 0 revenue records

      at log (src/services/intelligence/executive/queries.ts:163:13)

    console.log
      [Intelligence] Confirmed: 0 records

      at log (src/services/intelligence/executive/queries.ts:170:13)

    console.log
      [Intelligence] Total revenue: 0

      at log (src/services/intelligence/executive/queries.ts:175:13)

    console.info
      [ExecutiveIntelligence] Cache cleared successfully

      at ExecutiveIntelligenceService.info [as clearCache] (src/services/intelligence/executive/service.ts:397:15)

    console.log
      [Intelligence] Revenue query - Tenant: 00000000-0000-0000-0000-000000000000, Range: 2026-06-15 ΓåÆ 2026-07-16

      at log (src/services/intelligence/executive/queries.ts:149:13)

    console.log
      [Intelligence] Found 0 revenue records

      at log (src/services/intelligence/executive/queries.ts:163:13)

    console.log
      [Intelligence] Confirmed: 0 records

      at log (src/services/intelligence/executive/queries.ts:170:13)

    console.log
      [Intelligence] Total revenue: 0

      at log (src/services/intelligence/executive/queries.ts:175:13)

    console.info
      [ExecutiveIntelligence] Cache cleared successfully

      at ExecutiveIntelligenceService.info [as clearCache] (src/services/intelligence/executive/service.ts:397:15)

    console.log
      [Intelligence] Revenue query - Tenant: 00000000-0000-0000-0000-000000000000, Range: 2026-06-15 ΓåÆ 2026-07-16

      at log (src/services/intelligence/executive/queries.ts:149:13)

    console.log
      [Intelligence] Found 0 revenue records

      at log (src/services/intelligence/executive/queries.ts:163:13)

    console.log
      [Intelligence] Confirmed: 0 records

      at log (src/services/intelligence/executive/queries.ts:170:13)

    console.log
      [Intelligence] Total revenue: 0

      at log (src/services/intelligence/executive/queries.ts:175:13)

    console.info
      [ExecutiveIntelligence] Cache cleared successfully

      at ExecutiveIntelligenceService.info [as clearCache] (src/services/intelligence/executive/service.ts:397:15)

    console.log
      [Intelligence] Revenue query - Tenant: 00000000-0000-0000-0000-000000000000, Range: 2026-06-15 ΓåÆ 2026-07-16

      at log (src/services/intelligence/executive/queries.ts:149:13)

    console.log
      [Intelligence] Found 0 revenue records

      at log (src/services/intelligence/executive/queries.ts:163:13)

    console.log
      [Intelligence] Confirmed: 0 records

      at log (src/services/intelligence/executive/queries.ts:170:13)

    console.log
      [Intelligence] Total revenue: 0

      at log (src/services/intelligence/executive/queries.ts:175:13)

    console.log
      
        ≡ƒôê Performance Benchmark Results:

      at Object.log (src/services/intelligence/executive/__tests__/integration.test.ts:373:15)

    console.log
           Fresh Query Avg:  169.95ms

      at Object.log (src/services/intelligence/executive/__tests__/integration.test.ts:374:15)

    console.log
           Cached Query Avg: 0.04ms

      at Object.log (src/services/intelligence/executive/__tests__/integration.test.ts:375:15)

    console.log
           Speedup:          4214.98x faster

      at Object.log (src/services/intelligence/executive/__tests__/integration.test.ts:376:15)

    console.info
      [ExecutiveIntelligence] Cache cleared successfully

      at ExecutiveIntelligenceService.info [as clearCache] (src/services/intelligence/executive/service.ts:397:15)

    console.info
      [ExecutiveIntelligence] Cache cleared successfully

      at ExecutiveIntelligenceService.info [as clearCache] (src/services/intelligence/executive/service.ts:397:15)

    console.log
      [Intelligence] Revenue query - Tenant: 00000000-0000-0000-0000-000000000000, Range: 2026-06-15 ΓåÆ 2026-07-16

      at log (src/services/intelligence/executive/queries.ts:149:13)

    console.log
      [Intelligence] Found 0 revenue records

      at log (src/services/intelligence/executive/queries.ts:163:13)

    console.log
      [Intelligence] Confirmed: 0 records

      at log (src/services/intelligence/executive/queries.ts:170:13)

    console.log
      [Intelligence] Total revenue: 0

      at log (src/services/intelligence/executive/queries.ts:175:13)

    console.log
      
        ≡ƒôè Cache Hit Rate: 95.0% (19/20)

      at Object.log (src/services/intelligence/executive/__tests__/integration.test.ts:402:15)

    console.info
      [ExecutiveIntelligence] Cache cleared successfully

      at ExecutiveIntelligenceService.info [as clearCache] (src/services/intelligence/executive/service.ts:397:15)

    console.info
      [ExecutiveIntelligence] Cache cleared successfully

      at ExecutiveIntelligenceService.info [as clearCache] (src/services/intelligence/executive/service.ts:397:15)

    console.info
      [ExecutiveIntelligence] Cache cleared successfully

      at ExecutiveIntelligenceService.info [as clearCache] (src/services/intelligence/executive/service.ts:397:15)

    console.log
      [Intelligence] Revenue query - Tenant: invalid-uuid, Range: 2026-06-15 ΓåÆ 2026-07-16

      at log (src/services/intelligence/executive/queries.ts:149:13)

    console.info
      [ExecutiveIntelligence] Cache cleared successfully

      at ExecutiveIntelligenceService.info [as clearCache] (src/services/intelligence/executive/service.ts:397:15)

    console.info
      [ExecutiveIntelligence] Cache cleared successfully

      at ExecutiveIntelligenceService.info [as clearCache] (src/services/intelligence/executive/service.ts:397:15)

PASS src/__tests__/finance-pnl-preflight.test.tsx
  ΓùÅ Console

    console.log
      Γùç injected env (9) from .env.local // tip: Γîÿ suppress logs { quiet: true }

      at _log (node_modules/dotenv/lib/main.js:131:11)

    console.log
      [Jest Setup] SUPABASE_SERVICE_ROLE_KEY loaded: sb_secret_Dm... (41 chars)

      at Object.log (jest.setup.ts:10:9)

    console.log
      [createServerClient] Test environment detected - using service role client

      at log (src/lib/supabase-server.ts:23:13)

    console.log
      [createServerClient] Test environment detected - using service role client

      at log (src/lib/supabase-server.ts:23:13)

    console.warn
      GoTrueClient@sb-lvnvkpyxtuilhrabtlwv-auth-token:1 (2.108.2) 2026-07-16T07:58:17.012Z Multiple GoTrueClient instances detected in the same browser context. It is not an error, but this should be avoided as it may produce undefined behavior when used concurrently under the same storage key.

      22 |   if (process.env.NODE_ENV === 'test') {
      23 |     console.log('[createServerClient] Test environment detected - using service role client');
    > 24 |     const client = createSupabaseClient<Database>(
         |                                        ^
      25 |       process.env.NEXT_PUBLIC_SUPABASE_URL!,
      26 |       process.env.SUPABASE_SERVICE_ROLE_KEY!,
      27 |       {

      at new GoTrueClient (node_modules/@supabase/auth-js/src/GoTrueClient.ts:400:15)
      at new SupabaseAuthClient (node_modules/@supabase/supabase-js/src/lib/SupabaseAuthClient.ts:6:5)
      at SupabaseClient._initSupabaseAuthClient (node_modules/@supabase/supabase-js/src/SupabaseClient.ts:603:12)
      at new SupabaseClient (node_modules/@supabase/supabase-js/src/SupabaseClient.ts:340:24)
      at createClient (node_modules/@supabase/supabase-js/src/index.ts:65:10)
      at src/lib/supabase-server.ts:24:40
      at node_modules/react/cjs/react.development.js:919:19
      at src/services/user-actions.ts:78:38
      at node_modules/react/cjs/react.development.js:919:19
      at getTenantSettings (src/services/tenant-actions.ts:119:43)
      at src/hooks/useTenantModuleKey.ts:18:22

    console.log
      [getCurrentUser] auth.getUser took 0ms

      at log (src/services/user-actions.ts:85:11)

    console.log
      [createServerClient] Test environment detected - using service role client

      at log (src/lib/supabase-server.ts:23:13)

    console.warn
      GoTrueClient@sb-lvnvkpyxtuilhrabtlwv-auth-token:2 (2.108.2) 2026-07-16T07:58:17.180Z Multiple GoTrueClient instances detected in the same browser context. It is not an error, but this should be avoided as it may produce undefined behavior when used concurrently under the same storage key.

      22 |   if (process.env.NODE_ENV === 'test') {
      23 |     console.log('[createServerClient] Test environment detected - using service role client');
    > 24 |     const client = createSupabaseClient<Database>(
         |                                        ^
      25 |       process.env.NEXT_PUBLIC_SUPABASE_URL!,
      26 |       process.env.SUPABASE_SERVICE_ROLE_KEY!,
      27 |       {

      at new GoTrueClient (node_modules/@supabase/auth-js/src/GoTrueClient.ts:400:15)
      at new SupabaseAuthClient (node_modules/@supabase/supabase-js/src/lib/SupabaseAuthClient.ts:6:5)
      at SupabaseClient._initSupabaseAuthClient (node_modules/@supabase/supabase-js/src/SupabaseClient.ts:603:12)
      at new SupabaseClient (node_modules/@supabase/supabase-js/src/SupabaseClient.ts:340:24)
      at createClient (node_modules/@supabase/supabase-js/src/index.ts:65:10)
      at src/lib/supabase-server.ts:24:40
      at node_modules/react/cjs/react.development.js:919:19
      at getTenantSettings (src/services/tenant-actions.ts:117:38)
      at getCachedTenantSettings (src/lib/dashboard-client-context.ts:87:44)
      at src/hooks/useTenantModuleKey.ts:18:51
      at refreshTenantModuleKey (src/hooks/useTenantModuleKey.ts:30:10)
      at Object.react_stack_bottom_frame (node_modules/react-dom/cjs/react-dom-client.development.js:25989:20)
      at runWithFiberInDEV (node_modules/react-dom/cjs/react-dom-client.development.js:874:13)
      at commitHookEffectListMount (node_modules/react-dom/cjs/react-dom-client.development.js:13249:29)
      at commitHookPassiveMountEffects (node_modules/react-dom/cjs/react-dom-client.development.js:13336:11)
      at commitPassiveMountOnFiber (node_modules/react-dom/cjs/react-dom-client.development.js:15484:13)
      at recursivelyTraversePassiveMountEffects (node_modules/react-dom/cjs/react-dom-client.development.js:15439:11)
      at commitPassiveMountOnFiber (node_modules/react-dom/cjs/react-dom-client.development.js:15519:11)
      at flushPassiveEffects (node_modules/react-dom/cjs/react-dom-client.development.js:18432:9)
      at node_modules/react-dom/cjs/react-dom-client.development.js:17923:15
      at flushActQueue (node_modules/react/cjs/react.development.js:590:34)
      at process.env.NODE_ENV.exports.act (node_modules/react/cjs/react.development.js:884:10)
      at node_modules/@testing-library/react/dist/act-compat.js:46:25
      at renderRoot (node_modules/@testing-library/react/dist/pure.js:189:26)
      at render (node_modules/@testing-library/react/dist/pure.js:291:10)
      at renderSummary (src/__tests__/finance-pnl-preflight.test.tsx:168:9)
      at Object.renderSummary (src/__tests__/finance-pnl-preflight.test.tsx:229:5)

    console.log
      [createServerClient] Test environment detected - using service role client

      at log (src/lib/supabase-server.ts:23:13)

    console.warn
      GoTrueClient@sb-lvnvkpyxtuilhrabtlwv-auth-token:3 (2.108.2) 2026-07-16T07:58:17.199Z Multiple GoTrueClient instances detected in the same browser context. It is not an error, but this should be avoided as it may produce undefined behavior when used concurrently under the same storage key.

      22 |   if (process.env.NODE_ENV === 'test') {
      23 |     console.log('[createServerClient] Test environment detected - using service role client');
    > 24 |     const client = createSupabaseClient<Database>(
         |                                        ^
      25 |       process.env.NEXT_PUBLIC_SUPABASE_URL!,
      26 |       process.env.SUPABASE_SERVICE_ROLE_KEY!,
      27 |       {

      at new GoTrueClient (node_modules/@supabase/auth-js/src/GoTrueClient.ts:400:15)
      at new SupabaseAuthClient (node_modules/@supabase/supabase-js/src/lib/SupabaseAuthClient.ts:6:5)
      at SupabaseClient._initSupabaseAuthClient (node_modules/@supabase/supabase-js/src/SupabaseClient.ts:603:12)
      at new SupabaseClient (node_modules/@supabase/supabase-js/src/SupabaseClient.ts:340:24)
      at createClient (node_modules/@supabase/supabase-js/src/index.ts:65:10)
      at src/lib/supabase-server.ts:24:40
      at node_modules/react/cjs/react.development.js:919:19
      at src/services/user-actions.ts:78:38
      at node_modules/react/cjs/react.development.js:919:19
      at getTenantSettings (src/services/tenant-actions.ts:119:43)
      at src/hooks/useTenantModuleKey.ts:18:22

    console.log
      [getCurrentUser] auth.getUser took 0ms

      at log (src/services/user-actions.ts:85:11)

    console.log
      [createServerClient] Test environment detected - using service role client

      at log (src/lib/supabase-server.ts:23:13)

    console.warn
      GoTrueClient@sb-lvnvkpyxtuilhrabtlwv-auth-token:4 (2.108.2) 2026-07-16T07:58:17.300Z Multiple GoTrueClient instances detected in the same browser context. It is not an error, but this should be avoided as it may produce undefined behavior when used concurrently under the same storage key.

      22 |   if (process.env.NODE_ENV === 'test') {
      23 |     console.log('[createServerClient] Test environment detected - using service role client');
    > 24 |     const client = createSupabaseClient<Database>(
         |                                        ^
      25 |       process.env.NEXT_PUBLIC_SUPABASE_URL!,
      26 |       process.env.SUPABASE_SERVICE_ROLE_KEY!,
      27 |       {

      at new GoTrueClient (node_modules/@supabase/auth-js/src/GoTrueClient.ts:400:15)
      at new SupabaseAuthClient (node_modules/@supabase/supabase-js/src/lib/SupabaseAuthClient.ts:6:5)
      at SupabaseClient._initSupabaseAuthClient (node_modules/@supabase/supabase-js/src/SupabaseClient.ts:603:12)
      at new SupabaseClient (node_modules/@supabase/supabase-js/src/SupabaseClient.ts:340:24)
      at createClient (node_modules/@supabase/supabase-js/src/index.ts:65:10)
      at src/lib/supabase-server.ts:24:40
      at node_modules/react/cjs/react.development.js:919:19
      at getTenantSettings (src/services/tenant-actions.ts:117:38)
      at getCachedTenantSettings (src/lib/dashboard-client-context.ts:87:44)
      at src/hooks/useTenantModuleKey.ts:18:51
      at refreshTenantModuleKey (src/hooks/useTenantModuleKey.ts:30:10)
      at Object.react_stack_bottom_frame (node_modules/react-dom/cjs/react-dom-client.development.js:25989:20)
      at runWithFiberInDEV (node_modules/react-dom/cjs/react-dom-client.development.js:874:13)
      at commitHookEffectListMount (node_modules/react-dom/cjs/react-dom-client.development.js:13249:29)
      at commitHookPassiveMountEffects (node_modules/react-dom/cjs/react-dom-client.development.js:13336:11)
      at commitPassiveMountOnFiber (node_modules/react-dom/cjs/react-dom-client.development.js:15484:13)
      at recursivelyTraversePassiveMountEffects (node_modules/react-dom/cjs/react-dom-client.development.js:15439:11)
      at commitPassiveMountOnFiber (node_modules/react-dom/cjs/react-dom-client.development.js:15519:11)
      at flushPassiveEffects (node_modules/react-dom/cjs/react-dom-client.development.js:18432:9)
      at node_modules/react-dom/cjs/react-dom-client.development.js:17923:15
      at flushActQueue (node_modules/react/cjs/react.development.js:590:34)
      at process.env.NODE_ENV.exports.act (node_modules/react/cjs/react.development.js:884:10)
      at node_modules/@testing-library/react/dist/act-compat.js:46:25
      at renderRoot (node_modules/@testing-library/react/dist/pure.js:189:26)
      at render (node_modules/@testing-library/react/dist/pure.js:291:10)
      at renderSummary (src/__tests__/finance-pnl-preflight.test.tsx:168:9)
      at Object.renderSummary (src/__tests__/finance-pnl-preflight.test.tsx:249:5)

    console.log
      [createServerClient] Test environment detected - using service role client

      at log (src/lib/supabase-server.ts:23:13)

    console.warn
      GoTrueClient@sb-lvnvkpyxtuilhrabtlwv-auth-token:5 (2.108.2) 2026-07-16T07:58:17.329Z Multiple GoTrueClient instances detected in the same browser context. It is not an error, but this should be avoided as it may produce undefined behavior when used concurrently under the same storage key.

      22 |   if (process.env.NODE_ENV === 'test') {
      23 |     console.log('[createServerClient] Test environment detected - using service role client');
    > 24 |     const client = createSupabaseClient<Database>(
         |                                        ^
      25 |       process.env.NEXT_PUBLIC_SUPABASE_URL!,
      26 |       process.env.SUPABASE_SERVICE_ROLE_KEY!,
      27 |       {

      at new GoTrueClient (node_modules/@supabase/auth-js/src/GoTrueClient.ts:400:15)
      at new SupabaseAuthClient (node_modules/@supabase/supabase-js/src/lib/SupabaseAuthClient.ts:6:5)
      at SupabaseClient._initSupabaseAuthClient (node_modules/@supabase/supabase-js/src/SupabaseClient.ts:603:12)
      at new SupabaseClient (node_modules/@supabase/supabase-js/src/SupabaseClient.ts:340:24)
      at createClient (node_modules/@supabase/supabase-js/src/index.ts:65:10)
      at src/lib/supabase-server.ts:24:40
      at node_modules/react/cjs/react.development.js:919:19
      at src/services/user-actions.ts:78:38
      at node_modules/react/cjs/react.development.js:919:19
      at getTenantSettings (src/services/tenant-actions.ts:119:43)
      at src/hooks/useTenantModuleKey.ts:18:22

    console.log
      [getCurrentUser] auth.getUser took 0ms

      at log (src/services/user-actions.ts:85:11)

PASS src/__tests__/industrial-cleaning-module-isolation.test.ts
  ΓùÅ Console

    console.log
      Γùç injected env (9) from .env.local // tip: Γîÿ enable debugging { debug: true }

      at _log (node_modules/dotenv/lib/main.js:131:11)

    console.log
      [Jest Setup] SUPABASE_SERVICE_ROLE_KEY loaded: sb_secret_Dm... (41 chars)

      at Object.log (jest.setup.ts:10:9)

    console.log
      ΓÜá∩╕Å  No industrial_cleaning packages in database yet - skipping

      at Object.log (src/__tests__/industrial-cleaning-module-isolation.test.ts:65:17)

    console.log
      ΓÜá∩╕Å  No industrial_cleaning packages in database yet - skipping

      at Object.log (src/__tests__/industrial-cleaning-module-isolation.test.ts:118:17)

    console.log
      ΓÜá∩╕Å  Vocabulary system not fully implemented yet (Step 3 was skipped)

      at Object.log (src/__tests__/industrial-cleaning-module-isolation.test.ts:142:17)

    console.log
      ΓÜá∩╕Å  Vocabulary system not fully implemented yet (Step 3 was skipped)

      at Object.log (src/__tests__/industrial-cleaning-module-isolation.test.ts:161:17)

    console.log
      ΓÜá∩╕Å  getTenantPrimaryBusinessModule not implemented - using fallback test

      at Object.log (src/__tests__/industrial-cleaning-module-isolation.test.ts:188:17)

    console.log
      ΓÜá∩╕Å  getTenantPrimaryBusinessModule not implemented - skipping

      at Object.log (src/__tests__/industrial-cleaning-module-isolation.test.ts:210:17)

    console.log
      ΓÜá∩╕Å  isPrimaryBusinessModuleEnabled not implemented - skipping

      at Object.log (src/__tests__/industrial-cleaning-module-isolation.test.ts:229:17)

    console.log
      ΓÜá∩╕Å  No packages in database yet - skipping RLS test

      at Object.log (src/__tests__/industrial-cleaning-module-isolation.test.ts:262:17)

PASS src/__tests__/e2e-partner-api-scope-restriction.test.ts
  ΓùÅ Console

    console.log
      Γùç injected env (9) from .env.local // tip: Γîÿ override existing { override: true }

      at _log (node_modules/dotenv/lib/main.js:131:11)

    console.log
      [Jest Setup] SUPABASE_SERVICE_ROLE_KEY loaded: sb_secret_Dm... (41 chars)

      at Object.log (jest.setup.ts:10:9)

    console.log
      Γ£à Partner lacks write permission, request blocked (403)

      at Object.log (src/__tests__/e2e-partner-api-scope-restriction.test.ts:58:15)

    console.log
      Γ£à Partner can read orders (allowed) { orderCount: 0 }

      at Object.log (src/__tests__/e2e-partner-api-scope-restriction.test.ts:68:13)

    console.log
      
      ≡ƒÄë E2E PARTNER API SCOPE RESTRICTION TEST: PASSED

      at Object.log (src/__tests__/e2e-partner-api-scope-restriction.test.ts:70:13)

PASS src/services/intelligence/__tests__/memory-cache.test.ts
  ΓùÅ Console

    console.log
      Γùç injected env (9) from .env.local // tip: Γùê secrets for agents [www.dotenvx.com]

      at _log (node_modules/dotenv/lib/main.js:131:11)

    console.log
      [Jest Setup] SUPABASE_SERVICE_ROLE_KEY loaded: sb_secret_Dm... (41 chars)

      at Object.log (jest.setup.ts:10:9)

PASS src/__tests__/user-actions.test.ts
  ΓùÅ Console

    console.log
      Γùç injected env (9) from .env.local // tip: Γîü auth for agents [www.vestauth.com]

      at _log (node_modules/dotenv/lib/main.js:131:11)

    console.log
      [Jest Setup] SUPABASE_SERVICE_ROLE_KEY loaded: sb_secret_Dm... (41 chars)

      at Object.log (jest.setup.ts:10:9)

    console.log
      [getCurrentUser] auth.getUser took 0ms

      at log (src/services/user-actions.ts:85:11)

    console.log
      [getCurrentUser] Redis cache check took 1ms

      at log (src/services/user-actions.ts:92:13)

    console.log
      [getCurrentUser] Cache MISS - fetching from DB

      at log (src/services/user-actions.ts:98:13)

    console.log
      [getCurrentUser] users table query took 0ms

      at log (src/services/user-actions.ts:163:11)

    console.log
      [getCurrentUser] tenant status query took 0ms

      at log (src/services/user-actions.ts:208:15)

    console.log
      [getCurrentUser] TOTAL TIME: 16ms

      at log (src/services/user-actions.ts:221:11)

    console.log
      [getCurrentUser] auth.getUser took 0ms

      at log (src/services/user-actions.ts:85:11)

    console.log
      [getCurrentUser] Redis cache check took 0ms

      at log (src/services/user-actions.ts:92:13)

    console.log
      [getCurrentUser] Cache MISS - fetching from DB

      at log (src/services/user-actions.ts:98:13)

    console.log
      [getCurrentUser] users table query took 0ms

      at log (src/services/user-actions.ts:163:11)

    console.log
      [getCurrentUser] tenant status query took 0ms

      at log (src/services/user-actions.ts:208:15)

    console.log
      [getCurrentUser] TOTAL TIME: 1ms

      at log (src/services/user-actions.ts:221:11)

    console.warn
      [createUser] env check { hasAdminKey: true, hasUrl: true }

      464 |   const serviceRoleKey = getSupabaseAdminKey();
      465 |   const supabaseUrl = getSupabaseAdminUrl();
    > 466 |   console.warn('[createUser] env check', {
          |           ^
      467 |     hasAdminKey: !!serviceRoleKey,
      468 |     hasUrl: !!supabaseUrl,
      469 |   });

      at warn (src/services/user-actions.ts:466:11)
      at Object.<anonymous> (src/__tests__/user-actions.test.ts:299:20)

    console.warn
      [createUser] auth.admin.createUser result {
        hasUser: true,
        authUserId: 'created-user-1',
        errorMessage: null,
        errorStatus: null
      }

      492 |   });
      493 |
    > 494 |   console.warn('[createUser] auth.admin.createUser result', {
          |           ^
      495 |     hasUser: !!adminData?.user?.id,
      496 |     authUserId: adminData?.user?.id ?? null,
      497 |     errorMessage: adminError?.message ?? null,

      at warn (src/services/user-actions.ts:494:11)
      at Object.<anonymous> (src/__tests__/user-actions.test.ts:299:20)

    console.log
      [getCurrentUser] auth.getUser took 0ms

      at log (src/services/user-actions.ts:85:11)

    console.log
      [getCurrentUser] Redis cache check took 0ms

      at log (src/services/user-actions.ts:92:13)

    console.log
      [getCurrentUser] Cache MISS - fetching from DB

      at log (src/services/user-actions.ts:98:13)

    console.log
      [getCurrentUser] users table query took 0ms

      at log (src/services/user-actions.ts:163:11)

    console.log
      [getCurrentUser] tenant status query took 0ms

      at log (src/services/user-actions.ts:208:15)

    console.log
      [getCurrentUser] TOTAL TIME: 1ms

      at log (src/services/user-actions.ts:221:11)

    console.warn
      [createUser] env check { hasAdminKey: true, hasUrl: true }

      464 |   const serviceRoleKey = getSupabaseAdminKey();
      465 |   const supabaseUrl = getSupabaseAdminUrl();
    > 466 |   console.warn('[createUser] env check', {
          |           ^
      467 |     hasAdminKey: !!serviceRoleKey,
      468 |     hasUrl: !!supabaseUrl,
      469 |   });

      at warn (src/services/user-actions.ts:466:11)
      at Object.<anonymous> (src/__tests__/user-actions.test.ts:337:20)

    console.warn
      [createUser] auth.admin.createUser result {
        hasUser: true,
        authUserId: 'created-user-1',
        errorMessage: null,
        errorStatus: null
      }

      492 |   });
      493 |
    > 494 |   console.warn('[createUser] auth.admin.createUser result', {
          |           ^
      495 |     hasUser: !!adminData?.user?.id,
      496 |     authUserId: adminData?.user?.id ?? null,
      497 |     errorMessage: adminError?.message ?? null,

      at warn (src/services/user-actions.ts:494:11)
      at Object.<anonymous> (src/__tests__/user-actions.test.ts:337:20)

    console.error
      [createUser] Profile insert failed: { message: 'profile insert failed' }

      534 |     // Rollback the auth user so we don't leave an orphan account hanging.
      535 |     const authRollbackError = await rollbackCreatedAuthUser(supabaseAdmin, authUserId);
    > 536 |     console.error('[createUser] Profile insert failed:', error);
          |             ^
      537 |     const rollbackNote = formatRollbackNotes([
      538 |       ['auth rollback', authRollbackError],
      539 |     ]);

      at error (src/services/user-actions.ts:536:13)
      at Object.<anonymous> (src/__tests__/user-actions.test.ts:337:20)

    console.log
      [getCurrentUser] auth.getUser took 0ms

      at log (src/services/user-actions.ts:85:11)

    console.log
      [getCurrentUser] Redis cache check took 0ms

      at log (src/services/user-actions.ts:92:13)

    console.log
      [getCurrentUser] Cache MISS - fetching from DB

      at log (src/services/user-actions.ts:98:13)

    console.log
      [getCurrentUser] users table query took 0ms

      at log (src/services/user-actions.ts:163:11)

    console.log
      [getCurrentUser] tenant status query took 0ms

      at log (src/services/user-actions.ts:208:15)

    console.log
      [getCurrentUser] TOTAL TIME: 1ms

      at log (src/services/user-actions.ts:221:11)

    console.warn
      [createUser] env check { hasAdminKey: true, hasUrl: true }

      464 |   const serviceRoleKey = getSupabaseAdminKey();
      465 |   const supabaseUrl = getSupabaseAdminUrl();
    > 466 |   console.warn('[createUser] env check', {
          |           ^
      467 |     hasAdminKey: !!serviceRoleKey,
      468 |     hasUrl: !!supabaseUrl,
      469 |   });

      at warn (src/services/user-actions.ts:466:11)
      at Object.<anonymous> (src/__tests__/user-actions.test.ts:352:20)

    console.warn
      [createUser] auth.admin.createUser result {
        hasUser: true,
        authUserId: 'created-user-1',
        errorMessage: null,
        errorStatus: null
      }

      492 |   });
      493 |
    > 494 |   console.warn('[createUser] auth.admin.createUser result', {
          |           ^
      495 |     hasUser: !!adminData?.user?.id,
      496 |     authUserId: adminData?.user?.id ?? null,
      497 |     errorMessage: adminError?.message ?? null,

      at warn (src/services/user-actions.ts:494:11)
      at Object.<anonymous> (src/__tests__/user-actions.test.ts:352:20)

    console.error
      [createUser] Profile insert failed: { message: 'profile insert failed' }

      534 |     // Rollback the auth user so we don't leave an orphan account hanging.
      535 |     const authRollbackError = await rollbackCreatedAuthUser(supabaseAdmin, authUserId);
    > 536 |     console.error('[createUser] Profile insert failed:', error);
          |             ^
      537 |     const rollbackNote = formatRollbackNotes([
      538 |       ['auth rollback', authRollbackError],
      539 |     ]);

      at error (src/services/user-actions.ts:536:13)
      at Object.<anonymous> (src/__tests__/user-actions.test.ts:352:20)

    console.log
      [getCurrentUser] auth.getUser took 0ms

      at log (src/services/user-actions.ts:85:11)

    console.log
      [getCurrentUser] Redis cache check took 0ms

      at log (src/services/user-actions.ts:92:13)

    console.log
      [getCurrentUser] Cache MISS - fetching from DB

      at log (src/services/user-actions.ts:98:13)

    console.log
      [getCurrentUser] users table query took 0ms

      at log (src/services/user-actions.ts:163:11)

    console.log
      [getCurrentUser] tenant status query took 0ms

      at log (src/services/user-actions.ts:208:15)

    console.log
      [getCurrentUser] TOTAL TIME: 1ms

      at log (src/services/user-actions.ts:221:11)

    console.warn
      [createUser] env check { hasAdminKey: true, hasUrl: true }

      464 |   const serviceRoleKey = getSupabaseAdminKey();
      465 |   const supabaseUrl = getSupabaseAdminUrl();
    > 466 |   console.warn('[createUser] env check', {
          |           ^
      467 |     hasAdminKey: !!serviceRoleKey,
      468 |     hasUrl: !!supabaseUrl,
      469 |   });

      at warn (src/services/user-actions.ts:466:11)
      at Object.<anonymous> (src/__tests__/user-actions.test.ts:377:20)

    console.warn
      [createUser] auth.admin.createUser result {
        hasUser: true,
        authUserId: 'created-user-1',
        errorMessage: null,
        errorStatus: null
      }

      492 |   });
      493 |
    > 494 |   console.warn('[createUser] auth.admin.createUser result', {
          |           ^
      495 |     hasUser: !!adminData?.user?.id,
      496 |     authUserId: adminData?.user?.id ?? null,
      497 |     errorMessage: adminError?.message ?? null,

      at warn (src/services/user-actions.ts:494:11)
      at Object.<anonymous> (src/__tests__/user-actions.test.ts:377:20)

    console.log
      [getCurrentUser] auth.getUser took 0ms

      at log (src/services/user-actions.ts:85:11)

    console.log
      [getCurrentUser] Redis cache check took 0ms

      at log (src/services/user-actions.ts:92:13)

    console.log
      [getCurrentUser] Cache MISS - fetching from DB

      at log (src/services/user-actions.ts:98:13)

    console.log
      [getCurrentUser] users table query took 0ms

      at log (src/services/user-actions.ts:163:11)

    console.log
      [getCurrentUser] tenant status query took 0ms

      at log (src/services/user-actions.ts:208:15)

    console.log
      [getCurrentUser] TOTAL TIME: 0ms

      at log (src/services/user-actions.ts:221:11)

    console.warn
      [createUser] env check { hasAdminKey: true, hasUrl: true }

      464 |   const serviceRoleKey = getSupabaseAdminKey();
      465 |   const supabaseUrl = getSupabaseAdminUrl();
    > 466 |   console.warn('[createUser] env check', {
          |           ^
      467 |     hasAdminKey: !!serviceRoleKey,
      468 |     hasUrl: !!supabaseUrl,
      469 |   });

      at warn (src/services/user-actions.ts:466:11)
      at Object.<anonymous> (src/__tests__/user-actions.test.ts:418:20)

    console.warn
      [createUser] auth.admin.createUser result {
        hasUser: true,
        authUserId: 'created-user-1',
        errorMessage: null,
        errorStatus: null
      }

      492 |   });
      493 |
    > 494 |   console.warn('[createUser] auth.admin.createUser result', {
          |           ^
      495 |     hasUser: !!adminData?.user?.id,
      496 |     authUserId: adminData?.user?.id ?? null,
      497 |     errorMessage: adminError?.message ?? null,

      at warn (src/services/user-actions.ts:494:11)
      at Object.<anonymous> (src/__tests__/user-actions.test.ts:418:20)

    console.log
      [getCurrentUser] auth.getUser took 0ms

      at log (src/services/user-actions.ts:85:11)

    console.log
      [getCurrentUser] Redis cache check took 0ms

      at log (src/services/user-actions.ts:92:13)

    console.log
      [getCurrentUser] Cache MISS - fetching from DB

      at log (src/services/user-actions.ts:98:13)

    console.log
      [getCurrentUser] users table query took 0ms

      at log (src/services/user-actions.ts:163:11)

    console.log
      [getCurrentUser] tenant status query took 0ms

      at log (src/services/user-actions.ts:208:15)

    console.log
      [getCurrentUser] TOTAL TIME: 1ms

      at log (src/services/user-actions.ts:221:11)

    console.log
      [deleteAuthUser] Successfully deleted user from auth.users: delete-user-1

      at log (src/lib/supabase-admin.ts:77:13)

    console.log
      [getCurrentUser] auth.getUser took 0ms

      at log (src/services/user-actions.ts:85:11)

    console.log
      [getCurrentUser] Redis cache check took 0ms

      at log (src/services/user-actions.ts:92:13)

    console.log
      [getCurrentUser] Cache MISS - fetching from DB

      at log (src/services/user-actions.ts:98:13)

    console.log
      [getCurrentUser] users table query took 0ms

      at log (src/services/user-actions.ts:163:11)

    console.log
      [getCurrentUser] tenant status query took 0ms

      at log (src/services/user-actions.ts:208:15)

    console.log
      [getCurrentUser] TOTAL TIME: 0ms

      at log (src/services/user-actions.ts:221:11)

    console.log
      [getCurrentUser] auth.getUser took 0ms

      at log (src/services/user-actions.ts:85:11)

    console.log
      [getCurrentUser] Redis cache check took 0ms

      at log (src/services/user-actions.ts:92:13)

    console.log
      [getCurrentUser] Cache MISS - fetching from DB

      at log (src/services/user-actions.ts:98:13)

    console.log
      [getCurrentUser] users table query took 0ms

      at log (src/services/user-actions.ts:163:11)

    console.log
      [getCurrentUser] tenant status query took 0ms

      at log (src/services/user-actions.ts:208:15)

    console.log
      [getCurrentUser] TOTAL TIME: 0ms

      at log (src/services/user-actions.ts:221:11)

    console.log
      [getCurrentUser] auth.getUser took 0ms

      at log (src/services/user-actions.ts:85:11)

    console.log
      [getCurrentUser] Redis cache check took 0ms

      at log (src/services/user-actions.ts:92:13)

    console.log
      [getCurrentUser] Cache MISS - fetching from DB

      at log (src/services/user-actions.ts:98:13)

    console.log
      [getCurrentUser] users table query took 0ms

      at log (src/services/user-actions.ts:163:11)

    console.log
      [getCurrentUser] tenant status query took 0ms

      at log (src/services/user-actions.ts:208:15)

    console.log
      [getCurrentUser] TOTAL TIME: 1ms

      at log (src/services/user-actions.ts:221:11)

    console.log
      [getCurrentUser] auth.getUser took 0ms

      at log (src/services/user-actions.ts:85:11)

    console.log
      [getCurrentUser] Redis cache check took 0ms

      at log (src/services/user-actions.ts:92:13)

    console.log
      [getCurrentUser] Cache MISS - fetching from DB

      at log (src/services/user-actions.ts:98:13)

    console.log
      [getCurrentUser] users table query took 0ms

      at log (src/services/user-actions.ts:163:11)

    console.log
      [getCurrentUser] tenant status query took 0ms

      at log (src/services/user-actions.ts:208:15)

    console.log
      [getCurrentUser] TOTAL TIME: 0ms

      at log (src/services/user-actions.ts:221:11)

    console.log
      [getCurrentUser] auth.getUser took 0ms

      at log (src/services/user-actions.ts:85:11)

    console.log
      [getCurrentUser] Redis cache check took 0ms

      at log (src/services/user-actions.ts:92:13)

    console.log
      [getCurrentUser] Cache MISS - fetching from DB

      at log (src/services/user-actions.ts:98:13)

    console.log
      [getCurrentUser] users table query took 0ms

      at log (src/services/user-actions.ts:163:11)

    console.log
      [getCurrentUser] tenant status query took 0ms

      at log (src/services/user-actions.ts:208:15)

    console.log
      [getCurrentUser] TOTAL TIME: 1ms

      at log (src/services/user-actions.ts:221:11)

    console.log
      [getCurrentUser] auth.getUser took 0ms

      at log (src/services/user-actions.ts:85:11)

    console.log
      [getCurrentUser] Redis cache check took 0ms

      at log (src/services/user-actions.ts:92:13)

    console.log
      [getCurrentUser] Cache MISS - fetching from DB

      at log (src/services/user-actions.ts:98:13)

    console.log
      [getCurrentUser] users table query took 0ms

      at log (src/services/user-actions.ts:163:11)

    console.log
      [getCurrentUser] tenant status query took 0ms

      at log (src/services/user-actions.ts:208:15)

    console.log
      [getCurrentUser] TOTAL TIME: 1ms

      at log (src/services/user-actions.ts:221:11)

    console.log
      [getCurrentUser] auth.getUser took 0ms

      at log (src/services/user-actions.ts:85:11)

    console.log
      [getCurrentUser] Redis cache check took 0ms

      at log (src/services/user-actions.ts:92:13)

    console.log
      [getCurrentUser] Cache MISS - fetching from DB

      at log (src/services/user-actions.ts:98:13)

    console.log
      [getCurrentUser] users table query took 0ms

      at log (src/services/user-actions.ts:163:11)

    console.log
      [getCurrentUser] tenant status query took 0ms

      at log (src/services/user-actions.ts:208:15)

    console.log
      [getCurrentUser] TOTAL TIME: 1ms

      at log (src/services/user-actions.ts:221:11)

    console.log
      [getCurrentUser] auth.getUser took 0ms

      at log (src/services/user-actions.ts:85:11)

    console.log
      [getCurrentUser] Redis cache check took 0ms

      at log (src/services/user-actions.ts:92:13)

    console.log
      [getCurrentUser] Cache MISS - fetching from DB

      at log (src/services/user-actions.ts:98:13)

    console.log
      [getCurrentUser] users table query took 0ms

      at log (src/services/user-actions.ts:163:11)

    console.log
      [getCurrentUser] tenant status query took 0ms

      at log (src/services/user-actions.ts:208:15)

    console.log
      [getCurrentUser] TOTAL TIME: 1ms

      at log (src/services/user-actions.ts:221:11)

    console.log
      [getCurrentUser] auth.getUser took 0ms

      at log (src/services/user-actions.ts:85:11)

    console.log
      [getCurrentUser] Redis cache check took 0ms

      at log (src/services/user-actions.ts:92:13)

    console.log
      [getCurrentUser] Cache MISS - fetching from DB

      at log (src/services/user-actions.ts:98:13)

    console.log
      [getCurrentUser] users table query took 0ms

      at log (src/services/user-actions.ts:163:11)

    console.log
      [getCurrentUser] tenant status query took 0ms

      at log (src/services/user-actions.ts:208:15)

    console.log
      [getCurrentUser] TOTAL TIME: 1ms

      at log (src/services/user-actions.ts:221:11)

PASS src/__tests__/rate-limit.middleware.test.ts
  ΓùÅ Console

    console.log
      Γùç injected env (9) from .env.local // tip: Γîü auth for agents [www.vestauth.com]

      at _log (node_modules/dotenv/lib/main.js:131:11)

    console.log
      [Jest Setup] SUPABASE_SERVICE_ROLE_KEY loaded: sb_secret_Dm... (41 chars)

      at Object.log (jest.setup.ts:10:9)

    console.log
      Γ£à Redis connected for rate limiting

      at log (src/lib/middleware/rate-limit.middleware.ts:355:13)

    console.log
      Γ£à Redis connected for rate limiting

      at log (src/lib/middleware/rate-limit.middleware.ts:355:13)

    console.log
      Γ£à Redis connected for rate limiting

      at log (src/lib/middleware/rate-limit.middleware.ts:355:13)

    console.log
      Γ£à Redis connected for rate limiting

      at log (src/lib/middleware/rate-limit.middleware.ts:355:13)

    console.warn
      Partner approaching rate limit: {
        partner_id: 'partner-rate-limit',
        tier: 'free',
        operation: 'read',
        consumed: '81.7%',
        remaining: 11,
        mode: 'normal',
        circuit_state: 'CLOSED'
      }

      728 |   
      729 |   if (consumedPercentage > 80 && consumedPercentage < 100) {
    > 730 |     console.warn('Partner approaching rate limit:', {
          |             ^
      731 |       partner_id: partner.partner_id,
      732 |       tier,
      733 |       operation,

      at warn (src/lib/middleware/rate-limit.middleware.ts:730:13)
      at Object.<anonymous> (src/__tests__/rate-limit.middleware.test.ts:188:9)

    console.warn
      ΓÜá∩╕Å APPROACHING LIMIT: {
        "type": "APPROACHING_LIMIT",
        "severity": "MEDIUM",
        "timestamp": "2026-07-16T07:58:17.120Z",
        "circuit_state": "CLOSED",
        "failure_count": 0,
        "success_count": 100,
        "partner_id": "partner-rate-limit",
        "partner_name": "Test Partner",
        "tier": "free",
        "limit": 60,
        "mode": "normal",
        "message": "ΓÜá∩╕Å Partner Test Partner at 80% rate limit (normal mode)",
        "remaining": 11,
        "consumed_percentage": "81.7%"
      }

      809 |       alert.remaining = result.remaining;
      810 |       alert.consumed_percentage = ((result.limit - result.remaining) / result.limit * 100).toFixed(1) + '%';
    > 811 |       console.warn('ΓÜá∩╕Å APPROACHING LIMIT:', JSON.stringify(alert, null, 2));
          |               ^
      812 |       
      813 |       // TODO: Notify partner
      814 |       // await sendPartnerEmailWarning(partner, alert);

      at warn (src/lib/middleware/rate-limit.middleware.ts:811:15)
      at sendRateLimitAlert (src/lib/middleware/rate-limit.middleware.ts:741:11)
      at Object.<anonymous> (src/__tests__/rate-limit.middleware.test.ts:188:9)

    console.warn
      Partner approaching rate limit: {
        partner_id: 'partner-rate-limit',
        tier: 'free',
        operation: 'read',
        consumed: '83.3%',
        remaining: 10,
        mode: 'normal',
        circuit_state: 'CLOSED'
      }

      728 |   
      729 |   if (consumedPercentage > 80 && consumedPercentage < 100) {
    > 730 |     console.warn('Partner approaching rate limit:', {
          |             ^
      731 |       partner_id: partner.partner_id,
      732 |       tier,
      733 |       operation,

      at warn (src/lib/middleware/rate-limit.middleware.ts:730:13)
      at Object.<anonymous> (src/__tests__/rate-limit.middleware.test.ts:188:9)

    console.warn
      ΓÜá∩╕Å APPROACHING LIMIT: {
        "type": "APPROACHING_LIMIT",
        "severity": "MEDIUM",
        "timestamp": "2026-07-16T07:58:17.120Z",
        "circuit_state": "CLOSED",
        "failure_count": 0,
        "success_count": 102,
        "partner_id": "partner-rate-limit",
        "partner_name": "Test Partner",
        "tier": "free",
        "limit": 60,
        "mode": "normal",
        "message": "ΓÜá∩╕Å Partner Test Partner at 80% rate limit (normal mode)",
        "remaining": 10,
        "consumed_percentage": "83.3%"
      }

      809 |       alert.remaining = result.remaining;
      810 |       alert.consumed_percentage = ((result.limit - result.remaining) / result.limit * 100).toFixed(1) + '%';
    > 811 |       console.warn('ΓÜá∩╕Å APPROACHING LIMIT:', JSON.stringify(alert, null, 2));
          |               ^
      812 |       
      813 |       // TODO: Notify partner
      814 |       // await sendPartnerEmailWarning(partner, alert);

      at warn (src/lib/middleware/rate-limit.middleware.ts:811:15)
      at sendRateLimitAlert (src/lib/middleware/rate-limit.middleware.ts:741:11)
      at Object.<anonymous> (src/__tests__/rate-limit.middleware.test.ts:188:9)

    console.warn
      Partner approaching rate limit: {
        partner_id: 'partner-rate-limit',
        tier: 'free',
        operation: 'read',
        consumed: '85.0%',
        remaining: 9,
        mode: 'normal',
        circuit_state: 'CLOSED'
      }

      728 |   
      729 |   if (consumedPercentage > 80 && consumedPercentage < 100) {
    > 730 |     console.warn('Partner approaching rate limit:', {
          |             ^
      731 |       partner_id: partner.partner_id,
      732 |       tier,
      733 |       operation,

      at warn (src/lib/middleware/rate-limit.middleware.ts:730:13)
      at Object.<anonymous> (src/__tests__/rate-limit.middleware.test.ts:188:9)

    console.warn
      ΓÜá∩╕Å APPROACHING LIMIT: {
        "type": "APPROACHING_LIMIT",
        "severity": "MEDIUM",
        "timestamp": "2026-07-16T07:58:17.120Z",
        "circuit_state": "CLOSED",
        "failure_count": 0,
        "success_count": 104,
        "partner_id": "partner-rate-limit",
        "partner_name": "Test Partner",
        "tier": "free",
        "limit": 60,
        "mode": "normal",
        "message": "ΓÜá∩╕Å Partner Test Partner at 80% rate limit (normal mode)",
        "remaining": 9,
        "consumed_percentage": "85.0%"
      }

      809 |       alert.remaining = result.remaining;
      810 |       alert.consumed_percentage = ((result.limit - result.remaining) / result.limit * 100).toFixed(1) + '%';
    > 811 |       console.warn('ΓÜá∩╕Å APPROACHING LIMIT:', JSON.stringify(alert, null, 2));
          |               ^
      812 |       
      813 |       // TODO: Notify partner
      814 |       // await sendPartnerEmailWarning(partner, alert);

      at warn (src/lib/middleware/rate-limit.middleware.ts:811:15)
      at sendRateLimitAlert (src/lib/middleware/rate-limit.middleware.ts:741:11)
      at Object.<anonymous> (src/__tests__/rate-limit.middleware.test.ts:188:9)

    console.warn
      Partner approaching rate limit: {
        partner_id: 'partner-rate-limit',
        tier: 'free',
        operation: 'read',
        consumed: '86.7%',
        remaining: 8,
        mode: 'normal',
        circuit_state: 'CLOSED'
      }

      728 |   
      729 |   if (consumedPercentage > 80 && consumedPercentage < 100) {
    > 730 |     console.warn('Partner approaching rate limit:', {
          |             ^
      731 |       partner_id: partner.partner_id,
      732 |       tier,
      733 |       operation,

      at warn (src/lib/middleware/rate-limit.middleware.ts:730:13)
      at Object.<anonymous> (src/__tests__/rate-limit.middleware.test.ts:188:9)

    console.warn
      ΓÜá∩╕Å APPROACHING LIMIT: {
        "type": "APPROACHING_LIMIT",
        "severity": "MEDIUM",
        "timestamp": "2026-07-16T07:58:17.121Z",
        "circuit_state": "CLOSED",
        "failure_count": 0,
        "success_count": 106,
        "partner_id": "partner-rate-limit",
        "partner_name": "Test Partner",
        "tier": "free",
        "limit": 60,
        "mode": "normal",
        "message": "ΓÜá∩╕Å Partner Test Partner at 80% rate limit (normal mode)",
        "remaining": 8,
        "consumed_percentage": "86.7%"
      }

      809 |       alert.remaining = result.remaining;
      810 |       alert.consumed_percentage = ((result.limit - result.remaining) / result.limit * 100).toFixed(1) + '%';
    > 811 |       console.warn('ΓÜá∩╕Å APPROACHING LIMIT:', JSON.stringify(alert, null, 2));
          |               ^
      812 |       
      813 |       // TODO: Notify partner
      814 |       // await sendPartnerEmailWarning(partner, alert);

      at warn (src/lib/middleware/rate-limit.middleware.ts:811:15)
      at sendRateLimitAlert (src/lib/middleware/rate-limit.middleware.ts:741:11)
      at Object.<anonymous> (src/__tests__/rate-limit.middleware.test.ts:188:9)

    console.warn
      Partner approaching rate limit: {
        partner_id: 'partner-rate-limit',
        tier: 'free',
        operation: 'read',
        consumed: '88.3%',
        remaining: 7,
        mode: 'normal',
        circuit_state: 'CLOSED'
      }

      728 |   
      729 |   if (consumedPercentage > 80 && consumedPercentage < 100) {
    > 730 |     console.warn('Partner approaching rate limit:', {
          |             ^
      731 |       partner_id: partner.partner_id,
      732 |       tier,
      733 |       operation,

      at warn (src/lib/middleware/rate-limit.middleware.ts:730:13)
      at Object.<anonymous> (src/__tests__/rate-limit.middleware.test.ts:188:9)

    console.warn
      ΓÜá∩╕Å APPROACHING LIMIT: {
        "type": "APPROACHING_LIMIT",
        "severity": "MEDIUM",
        "timestamp": "2026-07-16T07:58:17.121Z",
        "circuit_state": "CLOSED",
        "failure_count": 0,
        "success_count": 108,
        "partner_id": "partner-rate-limit",
        "partner_name": "Test Partner",
        "tier": "free",
        "limit": 60,
        "mode": "normal",
        "message": "ΓÜá∩╕Å Partner Test Partner at 80% rate limit (normal mode)",
        "remaining": 7,
        "consumed_percentage": "88.3%"
      }

      809 |       alert.remaining = result.remaining;
      810 |       alert.consumed_percentage = ((result.limit - result.remaining) / result.limit * 100).toFixed(1) + '%';
    > 811 |       console.warn('ΓÜá∩╕Å APPROACHING LIMIT:', JSON.stringify(alert, null, 2));
          |               ^
      812 |       
      813 |       // TODO: Notify partner
      814 |       // await sendPartnerEmailWarning(partner, alert);

      at warn (src/lib/middleware/rate-limit.middleware.ts:811:15)
      at sendRateLimitAlert (src/lib/middleware/rate-limit.middleware.ts:741:11)
      at Object.<anonymous> (src/__tests__/rate-limit.middleware.test.ts:188:9)

    console.warn
      Partner approaching rate limit: {
        partner_id: 'partner-rate-limit',
        tier: 'free',
        operation: 'read',
        consumed: '90.0%',
        remaining: 6,
        mode: 'normal',
        circuit_state: 'CLOSED'
      }

      728 |   
      729 |   if (consumedPercentage > 80 && consumedPercentage < 100) {
    > 730 |     console.warn('Partner approaching rate limit:', {
          |             ^
      731 |       partner_id: partner.partner_id,
      732 |       tier,
      733 |       operation,

      at warn (src/lib/middleware/rate-limit.middleware.ts:730:13)
      at Object.<anonymous> (src/__tests__/rate-limit.middleware.test.ts:188:9)

    console.warn
      ΓÜá∩╕Å APPROACHING LIMIT: {
        "type": "APPROACHING_LIMIT",
        "severity": "MEDIUM",
        "timestamp": "2026-07-16T07:58:17.122Z",
        "circuit_state": "CLOSED",
        "failure_count": 0,
        "success_count": 110,
        "partner_id": "partner-rate-limit",
        "partner_name": "Test Partner",
        "tier": "free",
        "limit": 60,
        "mode": "normal",
        "message": "ΓÜá∩╕Å Partner Test Partner at 80% rate limit (normal mode)",
        "remaining": 6,
        "consumed_percentage": "90.0%"
      }

      809 |       alert.remaining = result.remaining;
      810 |       alert.consumed_percentage = ((result.limit - result.remaining) / result.limit * 100).toFixed(1) + '%';
    > 811 |       console.warn('ΓÜá∩╕Å APPROACHING LIMIT:', JSON.stringify(alert, null, 2));
          |               ^
      812 |       
      813 |       // TODO: Notify partner
      814 |       // await sendPartnerEmailWarning(partner, alert);

      at warn (src/lib/middleware/rate-limit.middleware.ts:811:15)
      at sendRateLimitAlert (src/lib/middleware/rate-limit.middleware.ts:741:11)
      at Object.<anonymous> (src/__tests__/rate-limit.middleware.test.ts:188:9)

    console.warn
      Partner approaching rate limit: {
        partner_id: 'partner-rate-limit',
        tier: 'free',
        operation: 'read',
        consumed: '91.7%',
        remaining: 5,
        mode: 'normal',
        circuit_state: 'CLOSED'
      }

      728 |   
      729 |   if (consumedPercentage > 80 && consumedPercentage < 100) {
    > 730 |     console.warn('Partner approaching rate limit:', {
          |             ^
      731 |       partner_id: partner.partner_id,
      732 |       tier,
      733 |       operation,

      at warn (src/lib/middleware/rate-limit.middleware.ts:730:13)
      at Object.<anonymous> (src/__tests__/rate-limit.middleware.test.ts:188:9)

    console.warn
      ΓÜá∩╕Å APPROACHING LIMIT: {
        "type": "APPROACHING_LIMIT",
        "severity": "MEDIUM",
        "timestamp": "2026-07-16T07:58:17.122Z",
        "circuit_state": "CLOSED",
        "failure_count": 0,
        "success_count": 112,
        "partner_id": "partner-rate-limit",
        "partner_name": "Test Partner",
        "tier": "free",
        "limit": 60,
        "mode": "normal",
        "message": "ΓÜá∩╕Å Partner Test Partner at 80% rate limit (normal mode)",
        "remaining": 5,
        "consumed_percentage": "91.7%"
      }

      809 |       alert.remaining = result.remaining;
      810 |       alert.consumed_percentage = ((result.limit - result.remaining) / result.limit * 100).toFixed(1) + '%';
    > 811 |       console.warn('ΓÜá∩╕Å APPROACHING LIMIT:', JSON.stringify(alert, null, 2));
          |               ^
      812 |       
      813 |       // TODO: Notify partner
      814 |       // await sendPartnerEmailWarning(partner, alert);

      at warn (src/lib/middleware/rate-limit.middleware.ts:811:15)
      at sendRateLimitAlert (src/lib/middleware/rate-limit.middleware.ts:741:11)
      at Object.<anonymous> (src/__tests__/rate-limit.middleware.test.ts:188:9)

    console.warn
      Partner approaching rate limit: {
        partner_id: 'partner-rate-limit',
        tier: 'free',
        operation: 'read',
        consumed: '93.3%',
        remaining: 4,
        mode: 'normal',
        circuit_state: 'CLOSED'
      }

      728 |   
      729 |   if (consumedPercentage > 80 && consumedPercentage < 100) {
    > 730 |     console.warn('Partner approaching rate limit:', {
          |             ^
      731 |       partner_id: partner.partner_id,
      732 |       tier,
      733 |       operation,

      at warn (src/lib/middleware/rate-limit.middleware.ts:730:13)
      at Object.<anonymous> (src/__tests__/rate-limit.middleware.test.ts:188:9)

    console.warn
      ΓÜá∩╕Å APPROACHING LIMIT: {
        "type": "APPROACHING_LIMIT",
        "severity": "MEDIUM",
        "timestamp": "2026-07-16T07:58:17.122Z",
        "circuit_state": "CLOSED",
        "failure_count": 0,
        "success_count": 114,
        "partner_id": "partner-rate-limit",
        "partner_name": "Test Partner",
        "tier": "free",
        "limit": 60,
        "mode": "normal",
        "message": "ΓÜá∩╕Å Partner Test Partner at 80% rate limit (normal mode)",
        "remaining": 4,
        "consumed_percentage": "93.3%"
      }

      809 |       alert.remaining = result.remaining;
      810 |       alert.consumed_percentage = ((result.limit - result.remaining) / result.limit * 100).toFixed(1) + '%';
    > 811 |       console.warn('ΓÜá∩╕Å APPROACHING LIMIT:', JSON.stringify(alert, null, 2));
          |               ^
      812 |       
      813 |       // TODO: Notify partner
      814 |       // await sendPartnerEmailWarning(partner, alert);

      at warn (src/lib/middleware/rate-limit.middleware.ts:811:15)
      at sendRateLimitAlert (src/lib/middleware/rate-limit.middleware.ts:741:11)
      at Object.<anonymous> (src/__tests__/rate-limit.middleware.test.ts:188:9)

    console.warn
      Partner approaching rate limit: {
        partner_id: 'partner-rate-limit',
        tier: 'free',
        operation: 'read',
        consumed: '95.0%',
        remaining: 3,
        mode: 'normal',
        circuit_state: 'CLOSED'
      }

      728 |   
      729 |   if (consumedPercentage > 80 && consumedPercentage < 100) {
    > 730 |     console.warn('Partner approaching rate limit:', {
          |             ^
      731 |       partner_id: partner.partner_id,
      732 |       tier,
      733 |       operation,

      at warn (src/lib/middleware/rate-limit.middleware.ts:730:13)
      at Object.<anonymous> (src/__tests__/rate-limit.middleware.test.ts:188:9)

    console.warn
      ΓÜá∩╕Å APPROACHING LIMIT: {
        "type": "APPROACHING_LIMIT",
        "severity": "MEDIUM",
        "timestamp": "2026-07-16T07:58:17.123Z",
        "circuit_state": "CLOSED",
        "failure_count": 0,
        "success_count": 116,
        "partner_id": "partner-rate-limit",
        "partner_name": "Test Partner",
        "tier": "free",
        "limit": 60,
        "mode": "normal",
        "message": "ΓÜá∩╕Å Partner Test Partner at 80% rate limit (normal mode)",
        "remaining": 3,
        "consumed_percentage": "95.0%"
      }

      809 |       alert.remaining = result.remaining;
      810 |       alert.consumed_percentage = ((result.limit - result.remaining) / result.limit * 100).toFixed(1) + '%';
    > 811 |       console.warn('ΓÜá∩╕Å APPROACHING LIMIT:', JSON.stringify(alert, null, 2));
          |               ^
      812 |       
      813 |       // TODO: Notify partner
      814 |       // await sendPartnerEmailWarning(partner, alert);

      at warn (src/lib/middleware/rate-limit.middleware.ts:811:15)
      at sendRateLimitAlert (src/lib/middleware/rate-limit.middleware.ts:741:11)
      at Object.<anonymous> (src/__tests__/rate-limit.middleware.test.ts:188:9)

    console.warn
      Partner approaching rate limit: {
        partner_id: 'partner-rate-limit',
        tier: 'free',
        operation: 'read',
        consumed: '96.7%',
        remaining: 2,
        mode: 'normal',
        circuit_state: 'CLOSED'
      }

      728 |   
      729 |   if (consumedPercentage > 80 && consumedPercentage < 100) {
    > 730 |     console.warn('Partner approaching rate limit:', {
          |             ^
      731 |       partner_id: partner.partner_id,
      732 |       tier,
      733 |       operation,

      at warn (src/lib/middleware/rate-limit.middleware.ts:730:13)
      at Object.<anonymous> (src/__tests__/rate-limit.middleware.test.ts:188:9)

    console.warn
      ΓÜá∩╕Å APPROACHING LIMIT: {
        "type": "APPROACHING_LIMIT",
        "severity": "MEDIUM",
        "timestamp": "2026-07-16T07:58:17.123Z",
        "circuit_state": "CLOSED",
        "failure_count": 0,
        "success_count": 118,
        "partner_id": "partner-rate-limit",
        "partner_name": "Test Partner",
        "tier": "free",
        "limit": 60,
        "mode": "normal",
        "message": "ΓÜá∩╕Å Partner Test Partner at 80% rate limit (normal mode)",
        "remaining": 2,
        "consumed_percentage": "96.7%"
      }

      809 |       alert.remaining = result.remaining;
      810 |       alert.consumed_percentage = ((result.limit - result.remaining) / result.limit * 100).toFixed(1) + '%';
    > 811 |       console.warn('ΓÜá∩╕Å APPROACHING LIMIT:', JSON.stringify(alert, null, 2));
          |               ^
      812 |       
      813 |       // TODO: Notify partner
      814 |       // await sendPartnerEmailWarning(partner, alert);

      at warn (src/lib/middleware/rate-limit.middleware.ts:811:15)
      at sendRateLimitAlert (src/lib/middleware/rate-limit.middleware.ts:741:11)
      at Object.<anonymous> (src/__tests__/rate-limit.middleware.test.ts:188:9)

    console.warn
      Partner approaching rate limit: {
        partner_id: 'partner-rate-limit',
        tier: 'free',
        operation: 'read',
        consumed: '98.3%',
        remaining: 1,
        mode: 'normal',
        circuit_state: 'CLOSED'
      }

      728 |   
      729 |   if (consumedPercentage > 80 && consumedPercentage < 100) {
    > 730 |     console.warn('Partner approaching rate limit:', {
          |             ^
      731 |       partner_id: partner.partner_id,
      732 |       tier,
      733 |       operation,

      at warn (src/lib/middleware/rate-limit.middleware.ts:730:13)
      at Object.<anonymous> (src/__tests__/rate-limit.middleware.test.ts:188:9)

    console.warn
      ΓÜá∩╕Å APPROACHING LIMIT: {
        "type": "APPROACHING_LIMIT",
        "severity": "MEDIUM",
        "timestamp": "2026-07-16T07:58:17.124Z",
        "circuit_state": "CLOSED",
        "failure_count": 0,
        "success_count": 120,
        "partner_id": "partner-rate-limit",
        "partner_name": "Test Partner",
        "tier": "free",
        "limit": 60,
        "mode": "normal",
        "message": "ΓÜá∩╕Å Partner Test Partner at 80% rate limit (normal mode)",
        "remaining": 1,
        "consumed_percentage": "98.3%"
      }

      809 |       alert.remaining = result.remaining;
      810 |       alert.consumed_percentage = ((result.limit - result.remaining) / result.limit * 100).toFixed(1) + '%';
    > 811 |       console.warn('ΓÜá∩╕Å APPROACHING LIMIT:', JSON.stringify(alert, null, 2));
          |               ^
      812 |       
      813 |       // TODO: Notify partner
      814 |       // await sendPartnerEmailWarning(partner, alert);

      at warn (src/lib/middleware/rate-limit.middleware.ts:811:15)
      at sendRateLimitAlert (src/lib/middleware/rate-limit.middleware.ts:741:11)
      at Object.<anonymous> (src/__tests__/rate-limit.middleware.test.ts:188:9)

    console.warn
      Rate limit exceeded: {
        partner_id: 'partner-rate-limit',
        partner_name: 'Test Partner',
        tier: 'free',
        operation: 'read',
        limit: 60,
        mode: 'normal',
        circuit_state: 'CLOSED',
        reset: '2026-07-16T07:59:00.000Z'
      }

      692 |   if (!result.allowed) {
      693 |     // Log rate limit event for monitoring
    > 694 |     console.warn('Rate limit exceeded:', {
          |             ^
      695 |       partner_id: partner.partner_id,
      696 |       partner_name: partner.partner_name,
      697 |       tier,

      at warn (src/lib/middleware/rate-limit.middleware.ts:694:13)
      at Object.<anonymous> (src/__tests__/rate-limit.middleware.test.ts:192:7)

    console.error
      ≡ƒÜ½ LIMIT EXCEEDED: {
        "type": "LIMIT_EXCEEDED",
        "severity": "MEDIUM",
        "timestamp": "2026-07-16T07:58:17.124Z",
        "circuit_state": "CLOSED",
        "failure_count": 0,
        "success_count": 124,
        "partner_id": "partner-rate-limit",
        "partner_name": "Test Partner",
        "tier": "free",
        "limit": 60,
        "mode": "normal",
        "message": "≡ƒÜ½ Partner Test Partner exceeded rate limit (normal mode)",
        "reset": "2026-07-16T07:59:00.000Z",
        "retryAfter": 42
      }

      818 |       alert.reset = new Date(result.reset * 1000).toISOString();
      819 |       alert.retryAfter = result.retryAfter;
    > 820 |       console.error('≡ƒÜ½ LIMIT EXCEEDED:', JSON.stringify(alert, null, 2));
          |               ^
      821 |       
      822 |       // TODO: Notify partner and log security event
      823 |       // await sendPartnerEmailBlocked(partner, alert);

      at error (src/lib/middleware/rate-limit.middleware.ts:820:15)
      at sendRateLimitAlert (src/lib/middleware/rate-limit.middleware.ts:707:13)
      at Object.<anonymous> (src/__tests__/rate-limit.middleware.test.ts:192:7)

    console.log
      Γ£à Redis connected for rate limiting

      at log (src/lib/middleware/rate-limit.middleware.ts:355:13)

    console.warn
      Partner approaching rate limit: {
        partner_id: 'partner-retry',
        tier: 'free',
        operation: 'read',
        consumed: '81.7%',
        remaining: 11,
        mode: 'normal',
        circuit_state: 'CLOSED'
      }

      728 |   
      729 |   if (consumedPercentage > 80 && consumedPercentage < 100) {
    > 730 |     console.warn('Partner approaching rate limit:', {
          |             ^
      731 |       partner_id: partner.partner_id,
      732 |       tier,
      733 |       operation,

      at warn (src/lib/middleware/rate-limit.middleware.ts:730:13)
      at Object.<anonymous> (src/__tests__/rate-limit.middleware.test.ts:207:11)

    console.warn
      ΓÜá∩╕Å APPROACHING LIMIT: {
        "type": "APPROACHING_LIMIT",
        "severity": "MEDIUM",
        "timestamp": "2026-07-16T07:58:17.136Z",
        "circuit_state": "CLOSED",
        "failure_count": 0,
        "success_count": 100,
        "partner_id": "partner-retry",
        "partner_name": "Test Partner",
        "tier": "free",
        "limit": 60,
        "mode": "normal",
        "message": "ΓÜá∩╕Å Partner Test Partner at 80% rate limit (normal mode)",
        "remaining": 11,
        "consumed_percentage": "81.7%"
      }

      809 |       alert.remaining = result.remaining;
      810 |       alert.consumed_percentage = ((result.limit - result.remaining) / result.limit * 100).toFixed(1) + '%';
    > 811 |       console.warn('ΓÜá∩╕Å APPROACHING LIMIT:', JSON.stringify(alert, null, 2));
          |               ^
      812 |       
      813 |       // TODO: Notify partner
      814 |       // await sendPartnerEmailWarning(partner, alert);

      at warn (src/lib/middleware/rate-limit.middleware.ts:811:15)
      at sendRateLimitAlert (src/lib/middleware/rate-limit.middleware.ts:741:11)
      at Object.<anonymous> (src/__tests__/rate-limit.middleware.test.ts:207:11)

    console.warn
      Partner approaching rate limit: {
        partner_id: 'partner-retry',
        tier: 'free',
        operation: 'read',
        consumed: '83.3%',
        remaining: 10,
        mode: 'normal',
        circuit_state: 'CLOSED'
      }

      728 |   
      729 |   if (consumedPercentage > 80 && consumedPercentage < 100) {
    > 730 |     console.warn('Partner approaching rate limit:', {
          |             ^
      731 |       partner_id: partner.partner_id,
      732 |       tier,
      733 |       operation,

      at warn (src/lib/middleware/rate-limit.middleware.ts:730:13)
      at Object.<anonymous> (src/__tests__/rate-limit.middleware.test.ts:207:11)

    console.warn
      ΓÜá∩╕Å APPROACHING LIMIT: {
        "type": "APPROACHING_LIMIT",
        "severity": "MEDIUM",
        "timestamp": "2026-07-16T07:58:17.137Z",
        "circuit_state": "CLOSED",
        "failure_count": 0,
        "success_count": 102,
        "partner_id": "partner-retry",
        "partner_name": "Test Partner",
        "tier": "free",
        "limit": 60,
        "mode": "normal",
        "message": "ΓÜá∩╕Å Partner Test Partner at 80% rate limit (normal mode)",
        "remaining": 10,
        "consumed_percentage": "83.3%"
      }

      809 |       alert.remaining = result.remaining;
      810 |       alert.consumed_percentage = ((result.limit - result.remaining) / result.limit * 100).toFixed(1) + '%';
    > 811 |       console.warn('ΓÜá∩╕Å APPROACHING LIMIT:', JSON.stringify(alert, null, 2));
          |               ^
      812 |       
      813 |       // TODO: Notify partner
      814 |       // await sendPartnerEmailWarning(partner, alert);

      at warn (src/lib/middleware/rate-limit.middleware.ts:811:15)
      at sendRateLimitAlert (src/lib/middleware/rate-limit.middleware.ts:741:11)
      at Object.<anonymous> (src/__tests__/rate-limit.middleware.test.ts:207:11)

    console.warn
      Partner approaching rate limit: {
        partner_id: 'partner-retry',
        tier: 'free',
        operation: 'read',
        consumed: '85.0%',
        remaining: 9,
        mode: 'normal',
        circuit_state: 'CLOSED'
      }

      728 |   
      729 |   if (consumedPercentage > 80 && consumedPercentage < 100) {
    > 730 |     console.warn('Partner approaching rate limit:', {
          |             ^
      731 |       partner_id: partner.partner_id,
      732 |       tier,
      733 |       operation,

      at warn (src/lib/middleware/rate-limit.middleware.ts:730:13)
      at Object.<anonymous> (src/__tests__/rate-limit.middleware.test.ts:207:11)

    console.warn
      ΓÜá∩╕Å APPROACHING LIMIT: {
        "type": "APPROACHING_LIMIT",
        "severity": "MEDIUM",
        "timestamp": "2026-07-16T07:58:17.137Z",
        "circuit_state": "CLOSED",
        "failure_count": 0,
        "success_count": 104,
        "partner_id": "partner-retry",
        "partner_name": "Test Partner",
        "tier": "free",
        "limit": 60,
        "mode": "normal",
        "message": "ΓÜá∩╕Å Partner Test Partner at 80% rate limit (normal mode)",
        "remaining": 9,
        "consumed_percentage": "85.0%"
      }

      809 |       alert.remaining = result.remaining;
      810 |       alert.consumed_percentage = ((result.limit - result.remaining) / result.limit * 100).toFixed(1) + '%';
    > 811 |       console.warn('ΓÜá∩╕Å APPROACHING LIMIT:', JSON.stringify(alert, null, 2));
          |               ^
      812 |       
      813 |       // TODO: Notify partner
      814 |       // await sendPartnerEmailWarning(partner, alert);

      at warn (src/lib/middleware/rate-limit.middleware.ts:811:15)
      at sendRateLimitAlert (src/lib/middleware/rate-limit.middleware.ts:741:11)
      at Object.<anonymous> (src/__tests__/rate-limit.middleware.test.ts:207:11)

    console.warn
      Partner approaching rate limit: {
        partner_id: 'partner-retry',
        tier: 'free',
        operation: 'read',
        consumed: '86.7%',
        remaining: 8,
        mode: 'normal',
        circuit_state: 'CLOSED'
      }

      728 |   
      729 |   if (consumedPercentage > 80 && consumedPercentage < 100) {
    > 730 |     console.warn('Partner approaching rate limit:', {
          |             ^
      731 |       partner_id: partner.partner_id,
      732 |       tier,
      733 |       operation,

      at warn (src/lib/middleware/rate-limit.middleware.ts:730:13)
      at Object.<anonymous> (src/__tests__/rate-limit.middleware.test.ts:207:11)

    console.warn
      ΓÜá∩╕Å APPROACHING LIMIT: {
        "type": "APPROACHING_LIMIT",
        "severity": "MEDIUM",
        "timestamp": "2026-07-16T07:58:17.138Z",
        "circuit_state": "CLOSED",
        "failure_count": 0,
        "success_count": 106,
        "partner_id": "partner-retry",
        "partner_name": "Test Partner",
        "tier": "free",
        "limit": 60,
        "mode": "normal",
        "message": "ΓÜá∩╕Å Partner Test Partner at 80% rate limit (normal mode)",
        "remaining": 8,
        "consumed_percentage": "86.7%"
      }

      809 |       alert.remaining = result.remaining;
      810 |       alert.consumed_percentage = ((result.limit - result.remaining) / result.limit * 100).toFixed(1) + '%';
    > 811 |       console.warn('ΓÜá∩╕Å APPROACHING LIMIT:', JSON.stringify(alert, null, 2));
          |               ^
      812 |       
      813 |       // TODO: Notify partner
      814 |       // await sendPartnerEmailWarning(partner, alert);

      at warn (src/lib/middleware/rate-limit.middleware.ts:811:15)
      at sendRateLimitAlert (src/lib/middleware/rate-limit.middleware.ts:741:11)
      at Object.<anonymous> (src/__tests__/rate-limit.middleware.test.ts:207:11)

    console.warn
      Partner approaching rate limit: {
        partner_id: 'partner-retry',
        tier: 'free',
        operation: 'read',
        consumed: '88.3%',
        remaining: 7,
        mode: 'normal',
        circuit_state: 'CLOSED'
      }

      728 |   
      729 |   if (consumedPercentage > 80 && consumedPercentage < 100) {
    > 730 |     console.warn('Partner approaching rate limit:', {
          |             ^
      731 |       partner_id: partner.partner_id,
      732 |       tier,
      733 |       operation,

      at warn (src/lib/middleware/rate-limit.middleware.ts:730:13)
      at Object.<anonymous> (src/__tests__/rate-limit.middleware.test.ts:207:11)

    console.warn
      ΓÜá∩╕Å APPROACHING LIMIT: {
        "type": "APPROACHING_LIMIT",
        "severity": "MEDIUM",
        "timestamp": "2026-07-16T07:58:17.138Z",
        "circuit_state": "CLOSED",
        "failure_count": 0,
        "success_count": 108,
        "partner_id": "partner-retry",
        "partner_name": "Test Partner",
        "tier": "free",
        "limit": 60,
        "mode": "normal",
        "message": "ΓÜá∩╕Å Partner Test Partner at 80% rate limit (normal mode)",
        "remaining": 7,
        "consumed_percentage": "88.3%"
      }

      809 |       alert.remaining = result.remaining;
      810 |       alert.consumed_percentage = ((result.limit - result.remaining) / result.limit * 100).toFixed(1) + '%';
    > 811 |       console.warn('ΓÜá∩╕Å APPROACHING LIMIT:', JSON.stringify(alert, null, 2));
          |               ^
      812 |       
      813 |       // TODO: Notify partner
      814 |       // await sendPartnerEmailWarning(partner, alert);

      at warn (src/lib/middleware/rate-limit.middleware.ts:811:15)
      at sendRateLimitAlert (src/lib/middleware/rate-limit.middleware.ts:741:11)
      at Object.<anonymous> (src/__tests__/rate-limit.middleware.test.ts:207:11)

    console.warn
      Partner approaching rate limit: {
        partner_id: 'partner-retry',
        tier: 'free',
        operation: 'read',
        consumed: '90.0%',
        remaining: 6,
        mode: 'normal',
        circuit_state: 'CLOSED'
      }

      728 |   
      729 |   if (consumedPercentage > 80 && consumedPercentage < 100) {
    > 730 |     console.warn('Partner approaching rate limit:', {
          |             ^
      731 |       partner_id: partner.partner_id,
      732 |       tier,
      733 |       operation,

      at warn (src/lib/middleware/rate-limit.middleware.ts:730:13)
      at Object.<anonymous> (src/__tests__/rate-limit.middleware.test.ts:207:11)

    console.warn
      ΓÜá∩╕Å APPROACHING LIMIT: {
        "type": "APPROACHING_LIMIT",
        "severity": "MEDIUM",
        "timestamp": "2026-07-16T07:58:17.139Z",
        "circuit_state": "CLOSED",
        "failure_count": 0,
        "success_count": 110,
        "partner_id": "partner-retry",
        "partner_name": "Test Partner",
        "tier": "free",
        "limit": 60,
        "mode": "normal",
        "message": "ΓÜá∩╕Å Partner Test Partner at 80% rate limit (normal mode)",
        "remaining": 6,
        "consumed_percentage": "90.0%"
      }

      809 |       alert.remaining = result.remaining;
      810 |       alert.consumed_percentage = ((result.limit - result.remaining) / result.limit * 100).toFixed(1) + '%';
    > 811 |       console.warn('ΓÜá∩╕Å APPROACHING LIMIT:', JSON.stringify(alert, null, 2));
          |               ^
      812 |       
      813 |       // TODO: Notify partner
      814 |       // await sendPartnerEmailWarning(partner, alert);

      at warn (src/lib/middleware/rate-limit.middleware.ts:811:15)
      at sendRateLimitAlert (src/lib/middleware/rate-limit.middleware.ts:741:11)
      at Object.<anonymous> (src/__tests__/rate-limit.middleware.test.ts:207:11)

    console.warn
      Partner approaching rate limit: {
        partner_id: 'partner-retry',
        tier: 'free',
        operation: 'read',
        consumed: '91.7%',
        remaining: 5,
        mode: 'normal',
        circuit_state: 'CLOSED'
      }

      728 |   
      729 |   if (consumedPercentage > 80 && consumedPercentage < 100) {
    > 730 |     console.warn('Partner approaching rate limit:', {
          |             ^
      731 |       partner_id: partner.partner_id,
      732 |       tier,
      733 |       operation,

      at warn (src/lib/middleware/rate-limit.middleware.ts:730:13)
      at Object.<anonymous> (src/__tests__/rate-limit.middleware.test.ts:207:11)

    console.warn
      ΓÜá∩╕Å APPROACHING LIMIT: {
        "type": "APPROACHING_LIMIT",
        "severity": "MEDIUM",
        "timestamp": "2026-07-16T07:58:17.139Z",
        "circuit_state": "CLOSED",
        "failure_count": 0,
        "success_count": 112,
        "partner_id": "partner-retry",
        "partner_name": "Test Partner",
        "tier": "free",
        "limit": 60,
        "mode": "normal",
        "message": "ΓÜá∩╕Å Partner Test Partner at 80% rate limit (normal mode)",
        "remaining": 5,
        "consumed_percentage": "91.7%"
      }

      809 |       alert.remaining = result.remaining;
      810 |       alert.consumed_percentage = ((result.limit - result.remaining) / result.limit * 100).toFixed(1) + '%';
    > 811 |       console.warn('ΓÜá∩╕Å APPROACHING LIMIT:', JSON.stringify(alert, null, 2));
          |               ^
      812 |       
      813 |       // TODO: Notify partner
      814 |       // await sendPartnerEmailWarning(partner, alert);

      at warn (src/lib/middleware/rate-limit.middleware.ts:811:15)
      at sendRateLimitAlert (src/lib/middleware/rate-limit.middleware.ts:741:11)
      at Object.<anonymous> (src/__tests__/rate-limit.middleware.test.ts:207:11)

    console.warn
      Partner approaching rate limit: {
        partner_id: 'partner-retry',
        tier: 'free',
        operation: 'read',
        consumed: '93.3%',
        remaining: 4,
        mode: 'normal',
        circuit_state: 'CLOSED'
      }

      728 |   
      729 |   if (consumedPercentage > 80 && consumedPercentage < 100) {
    > 730 |     console.warn('Partner approaching rate limit:', {
          |             ^
      731 |       partner_id: partner.partner_id,
      732 |       tier,
      733 |       operation,

      at warn (src/lib/middleware/rate-limit.middleware.ts:730:13)
      at Object.<anonymous> (src/__tests__/rate-limit.middleware.test.ts:207:11)

    console.warn
      ΓÜá∩╕Å APPROACHING LIMIT: {
        "type": "APPROACHING_LIMIT",
        "severity": "MEDIUM",
        "timestamp": "2026-07-16T07:58:17.139Z",
        "circuit_state": "CLOSED",
        "failure_count": 0,
        "success_count": 114,
        "partner_id": "partner-retry",
        "partner_name": "Test Partner",
        "tier": "free",
        "limit": 60,
        "mode": "normal",
        "message": "ΓÜá∩╕Å Partner Test Partner at 80% rate limit (normal mode)",
        "remaining": 4,
        "consumed_percentage": "93.3%"
      }

      809 |       alert.remaining = result.remaining;
      810 |       alert.consumed_percentage = ((result.limit - result.remaining) / result.limit * 100).toFixed(1) + '%';
    > 811 |       console.warn('ΓÜá∩╕Å APPROACHING LIMIT:', JSON.stringify(alert, null, 2));
          |               ^
      812 |       
      813 |       // TODO: Notify partner
      814 |       // await sendPartnerEmailWarning(partner, alert);

      at warn (src/lib/middleware/rate-limit.middleware.ts:811:15)
      at sendRateLimitAlert (src/lib/middleware/rate-limit.middleware.ts:741:11)
      at Object.<anonymous> (src/__tests__/rate-limit.middleware.test.ts:207:11)

    console.warn
      Partner approaching rate limit: {
        partner_id: 'partner-retry',
        tier: 'free',
        operation: 'read',
        consumed: '95.0%',
        remaining: 3,
        mode: 'normal',
        circuit_state: 'CLOSED'
      }

      728 |   
      729 |   if (consumedPercentage > 80 && consumedPercentage < 100) {
    > 730 |     console.warn('Partner approaching rate limit:', {
          |             ^
      731 |       partner_id: partner.partner_id,
      732 |       tier,
      733 |       operation,

      at warn (src/lib/middleware/rate-limit.middleware.ts:730:13)
      at Object.<anonymous> (src/__tests__/rate-limit.middleware.test.ts:207:11)

    console.warn
      ΓÜá∩╕Å APPROACHING LIMIT: {
        "type": "APPROACHING_LIMIT",
        "severity": "MEDIUM",
        "timestamp": "2026-07-16T07:58:17.139Z",
        "circuit_state": "CLOSED",
        "failure_count": 0,
        "success_count": 116,
        "partner_id": "partner-retry",
        "partner_name": "Test Partner",
        "tier": "free",
        "limit": 60,
        "mode": "normal",
        "message": "ΓÜá∩╕Å Partner Test Partner at 80% rate limit (normal mode)",
        "remaining": 3,
        "consumed_percentage": "95.0%"
      }

      809 |       alert.remaining = result.remaining;
      810 |       alert.consumed_percentage = ((result.limit - result.remaining) / result.limit * 100).toFixed(1) + '%';
    > 811 |       console.warn('ΓÜá∩╕Å APPROACHING LIMIT:', JSON.stringify(alert, null, 2));
          |               ^
      812 |       
      813 |       // TODO: Notify partner
      814 |       // await sendPartnerEmailWarning(partner, alert);

      at warn (src/lib/middleware/rate-limit.middleware.ts:811:15)
      at sendRateLimitAlert (src/lib/middleware/rate-limit.middleware.ts:741:11)
      at Object.<anonymous> (src/__tests__/rate-limit.middleware.test.ts:207:11)

    console.warn
      Partner approaching rate limit: {
        partner_id: 'partner-retry',
        tier: 'free',
        operation: 'read',
        consumed: '96.7%',
        remaining: 2,
        mode: 'normal',
        circuit_state: 'CLOSED'
      }

      728 |   
      729 |   if (consumedPercentage > 80 && consumedPercentage < 100) {
    > 730 |     console.warn('Partner approaching rate limit:', {
          |             ^
      731 |       partner_id: partner.partner_id,
      732 |       tier,
      733 |       operation,

      at warn (src/lib/middleware/rate-limit.middleware.ts:730:13)
      at Object.<anonymous> (src/__tests__/rate-limit.middleware.test.ts:207:11)

    console.warn
      ΓÜá∩╕Å APPROACHING LIMIT: {
        "type": "APPROACHING_LIMIT",
        "severity": "MEDIUM",
        "timestamp": "2026-07-16T07:58:17.140Z",
        "circuit_state": "CLOSED",
        "failure_count": 0,
        "success_count": 118,
        "partner_id": "partner-retry",
        "partner_name": "Test Partner",
        "tier": "free",
        "limit": 60,
        "mode": "normal",
        "message": "ΓÜá∩╕Å Partner Test Partner at 80% rate limit (normal mode)",
        "remaining": 2,
        "consumed_percentage": "96.7%"
      }

      809 |       alert.remaining = result.remaining;
      810 |       alert.consumed_percentage = ((result.limit - result.remaining) / result.limit * 100).toFixed(1) + '%';
    > 811 |       console.warn('ΓÜá∩╕Å APPROACHING LIMIT:', JSON.stringify(alert, null, 2));
          |               ^
      812 |       
      813 |       // TODO: Notify partner
      814 |       // await sendPartnerEmailWarning(partner, alert);

      at warn (src/lib/middleware/rate-limit.middleware.ts:811:15)
      at sendRateLimitAlert (src/lib/middleware/rate-limit.middleware.ts:741:11)
      at Object.<anonymous> (src/__tests__/rate-limit.middleware.test.ts:207:11)

    console.warn
      Partner approaching rate limit: {
        partner_id: 'partner-retry',
        tier: 'free',
        operation: 'read',
        consumed: '98.3%',
        remaining: 1,
        mode: 'normal',
        circuit_state: 'CLOSED'
      }

      728 |   
      729 |   if (consumedPercentage > 80 && consumedPercentage < 100) {
    > 730 |     console.warn('Partner approaching rate limit:', {
          |             ^
      731 |       partner_id: partner.partner_id,
      732 |       tier,
      733 |       operation,

      at warn (src/lib/middleware/rate-limit.middleware.ts:730:13)
      at Object.<anonymous> (src/__tests__/rate-limit.middleware.test.ts:207:11)

    console.warn
      ΓÜá∩╕Å APPROACHING LIMIT: {
        "type": "APPROACHING_LIMIT",
        "severity": "MEDIUM",
        "timestamp": "2026-07-16T07:58:17.140Z",
        "circuit_state": "CLOSED",
        "failure_count": 0,
        "success_count": 120,
        "partner_id": "partner-retry",
        "partner_name": "Test Partner",
        "tier": "free",
        "limit": 60,
        "mode": "normal",
        "message": "ΓÜá∩╕Å Partner Test Partner at 80% rate limit (normal mode)",
        "remaining": 1,
        "consumed_percentage": "98.3%"
      }

      809 |       alert.remaining = result.remaining;
      810 |       alert.consumed_percentage = ((result.limit - result.remaining) / result.limit * 100).toFixed(1) + '%';
    > 811 |       console.warn('ΓÜá∩╕Å APPROACHING LIMIT:', JSON.stringify(alert, null, 2));
          |               ^
      812 |       
      813 |       // TODO: Notify partner
      814 |       // await sendPartnerEmailWarning(partner, alert);

      at warn (src/lib/middleware/rate-limit.middleware.ts:811:15)
      at sendRateLimitAlert (src/lib/middleware/rate-limit.middleware.ts:741:11)
      at Object.<anonymous> (src/__tests__/rate-limit.middleware.test.ts:207:11)

    console.warn
      Rate limit exceeded: {
        partner_id: 'partner-retry',
        partner_name: 'Test Partner',
        tier: 'free',
        operation: 'read',
        limit: 60,
        mode: 'normal',
        circuit_state: 'CLOSED',
        reset: '2026-07-16T07:59:00.000Z'
      }

      692 |   if (!result.allowed) {
      693 |     // Log rate limit event for monitoring
    > 694 |     console.warn('Rate limit exceeded:', {
          |             ^
      695 |       partner_id: partner.partner_id,
      696 |       partner_name: partner.partner_name,
      697 |       tier,

      at warn (src/lib/middleware/rate-limit.middleware.ts:694:13)
      at Object.<anonymous> (src/__tests__/rate-limit.middleware.test.ts:207:11)

    console.error
      ≡ƒÜ½ LIMIT EXCEEDED: {
        "type": "LIMIT_EXCEEDED",
        "severity": "MEDIUM",
        "timestamp": "2026-07-16T07:58:17.141Z",
        "circuit_state": "CLOSED",
        "failure_count": 0,
        "success_count": 124,
        "partner_id": "partner-retry",
        "partner_name": "Test Partner",
        "tier": "free",
        "limit": 60,
        "mode": "normal",
        "message": "≡ƒÜ½ Partner Test Partner exceeded rate limit (normal mode)",
        "reset": "2026-07-16T07:59:00.000Z",
        "retryAfter": 42
      }

      818 |       alert.reset = new Date(result.reset * 1000).toISOString();
      819 |       alert.retryAfter = result.retryAfter;
    > 820 |       console.error('≡ƒÜ½ LIMIT EXCEEDED:', JSON.stringify(alert, null, 2));
          |               ^
      821 |       
      822 |       // TODO: Notify partner and log security event
      823 |       // await sendPartnerEmailBlocked(partner, alert);

      at error (src/lib/middleware/rate-limit.middleware.ts:820:15)
      at sendRateLimitAlert (src/lib/middleware/rate-limit.middleware.ts:707:13)
      at Object.<anonymous> (src/__tests__/rate-limit.middleware.test.ts:207:11)

    console.log
      Γ£à Redis connected for rate limiting

      at log (src/lib/middleware/rate-limit.middleware.ts:355:13)

    console.warn
      Partner approaching rate limit: {
        partner_id: 'partner-reset',
        tier: 'free',
        operation: 'read',
        consumed: '81.7%',
        remaining: 11,
        mode: 'normal',
        circuit_state: 'CLOSED'
      }

      728 |   
      729 |   if (consumedPercentage > 80 && consumedPercentage < 100) {
    > 730 |     console.warn('Partner approaching rate limit:', {
          |             ^
      731 |       partner_id: partner.partner_id,
      732 |       tier,
      733 |       operation,

      at warn (src/lib/middleware/rate-limit.middleware.ts:730:13)
      at Object.<anonymous> (src/__tests__/rate-limit.middleware.test.ts:230:9)

    console.warn
      ΓÜá∩╕Å APPROACHING LIMIT: {
        "type": "APPROACHING_LIMIT",
        "severity": "MEDIUM",
        "timestamp": "2026-07-16T07:58:17.145Z",
        "circuit_state": "CLOSED",
        "failure_count": 0,
        "success_count": 100,
        "partner_id": "partner-reset",
        "partner_name": "Test Partner",
        "tier": "free",
        "limit": 60,
        "mode": "normal",
        "message": "ΓÜá∩╕Å Partner Test Partner at 80% rate limit (normal mode)",
        "remaining": 11,
        "consumed_percentage": "81.7%"
      }

      809 |       alert.remaining = result.remaining;
      810 |       alert.consumed_percentage = ((result.limit - result.remaining) / result.limit * 100).toFixed(1) + '%';
    > 811 |       console.warn('ΓÜá∩╕Å APPROACHING LIMIT:', JSON.stringify(alert, null, 2));
          |               ^
      812 |       
      813 |       // TODO: Notify partner
      814 |       // await sendPartnerEmailWarning(partner, alert);

      at warn (src/lib/middleware/rate-limit.middleware.ts:811:15)
      at sendRateLimitAlert (src/lib/middleware/rate-limit.middleware.ts:741:11)
      at Object.<anonymous> (src/__tests__/rate-limit.middleware.test.ts:230:9)

    console.warn
      Partner approaching rate limit: {
        partner_id: 'partner-reset',
        tier: 'free',
        operation: 'read',
        consumed: '83.3%',
        remaining: 10,
        mode: 'normal',
        circuit_state: 'CLOSED'
      }

      728 |   
      729 |   if (consumedPercentage > 80 && consumedPercentage < 100) {
    > 730 |     console.warn('Partner approaching rate limit:', {
          |             ^
      731 |       partner_id: partner.partner_id,
      732 |       tier,
      733 |       operation,

      at warn (src/lib/middleware/rate-limit.middleware.ts:730:13)
      at Object.<anonymous> (src/__tests__/rate-limit.middleware.test.ts:230:9)

    console.warn
      ΓÜá∩╕Å APPROACHING LIMIT: {
        "type": "APPROACHING_LIMIT",
        "severity": "MEDIUM",
        "timestamp": "2026-07-16T07:58:17.145Z",
        "circuit_state": "CLOSED",
        "failure_count": 0,
        "success_count": 102,
        "partner_id": "partner-reset",
        "partner_name": "Test Partner",
        "tier": "free",
        "limit": 60,
        "mode": "normal",
        "message": "ΓÜá∩╕Å Partner Test Partner at 80% rate limit (normal mode)",
        "remaining": 10,
        "consumed_percentage": "83.3%"
      }

      809 |       alert.remaining = result.remaining;
      810 |       alert.consumed_percentage = ((result.limit - result.remaining) / result.limit * 100).toFixed(1) + '%';
    > 811 |       console.warn('ΓÜá∩╕Å APPROACHING LIMIT:', JSON.stringify(alert, null, 2));
          |               ^
      812 |       
      813 |       // TODO: Notify partner
      814 |       // await sendPartnerEmailWarning(partner, alert);

      at warn (src/lib/middleware/rate-limit.middleware.ts:811:15)
      at sendRateLimitAlert (src/lib/middleware/rate-limit.middleware.ts:741:11)
      at Object.<anonymous> (src/__tests__/rate-limit.middleware.test.ts:230:9)

    console.warn
      Partner approaching rate limit: {
        partner_id: 'partner-reset',
        tier: 'free',
        operation: 'read',
        consumed: '85.0%',
        remaining: 9,
        mode: 'normal',
        circuit_state: 'CLOSED'
      }

      728 |   
      729 |   if (consumedPercentage > 80 && consumedPercentage < 100) {
    > 730 |     console.warn('Partner approaching rate limit:', {
          |             ^
      731 |       partner_id: partner.partner_id,
      732 |       tier,
      733 |       operation,

      at warn (src/lib/middleware/rate-limit.middleware.ts:730:13)
      at Object.<anonymous> (src/__tests__/rate-limit.middleware.test.ts:230:9)

    console.warn
      ΓÜá∩╕Å APPROACHING LIMIT: {
        "type": "APPROACHING_LIMIT",
        "severity": "MEDIUM",
        "timestamp": "2026-07-16T07:58:17.145Z",
        "circuit_state": "CLOSED",
        "failure_count": 0,
        "success_count": 104,
        "partner_id": "partner-reset",
        "partner_name": "Test Partner",
        "tier": "free",
        "limit": 60,
        "mode": "normal",
        "message": "ΓÜá∩╕Å Partner Test Partner at 80% rate limit (normal mode)",
        "remaining": 9,
        "consumed_percentage": "85.0%"
      }

      809 |       alert.remaining = result.remaining;
      810 |       alert.consumed_percentage = ((result.limit - result.remaining) / result.limit * 100).toFixed(1) + '%';
    > 811 |       console.warn('ΓÜá∩╕Å APPROACHING LIMIT:', JSON.stringify(alert, null, 2));
          |               ^
      812 |       
      813 |       // TODO: Notify partner
      814 |       // await sendPartnerEmailWarning(partner, alert);

      at warn (src/lib/middleware/rate-limit.middleware.ts:811:15)
      at sendRateLimitAlert (src/lib/middleware/rate-limit.middleware.ts:741:11)
      at Object.<anonymous> (src/__tests__/rate-limit.middleware.test.ts:230:9)

    console.warn
      Partner approaching rate limit: {
        partner_id: 'partner-reset',
        tier: 'free',
        operation: 'read',
        consumed: '86.7%',
        remaining: 8,
        mode: 'normal',
        circuit_state: 'CLOSED'
      }

      728 |   
      729 |   if (consumedPercentage > 80 && consumedPercentage < 100) {
    > 730 |     console.warn('Partner approaching rate limit:', {
          |             ^
      731 |       partner_id: partner.partner_id,
      732 |       tier,
      733 |       operation,

      at warn (src/lib/middleware/rate-limit.middleware.ts:730:13)
      at Object.<anonymous> (src/__tests__/rate-limit.middleware.test.ts:230:9)

    console.warn
      ΓÜá∩╕Å APPROACHING LIMIT: {
        "type": "APPROACHING_LIMIT",
        "severity": "MEDIUM",
        "timestamp": "2026-07-16T07:58:17.146Z",
        "circuit_state": "CLOSED",
        "failure_count": 0,
        "success_count": 106,
        "partner_id": "partner-reset",
        "partner_name": "Test Partner",
        "tier": "free",
        "limit": 60,
        "mode": "normal",
        "message": "ΓÜá∩╕Å Partner Test Partner at 80% rate limit (normal mode)",
        "remaining": 8,
        "consumed_percentage": "86.7%"
      }

      809 |       alert.remaining = result.remaining;
      810 |       alert.consumed_percentage = ((result.limit - result.remaining) / result.limit * 100).toFixed(1) + '%';
    > 811 |       console.warn('ΓÜá∩╕Å APPROACHING LIMIT:', JSON.stringify(alert, null, 2));
          |               ^
      812 |       
      813 |       // TODO: Notify partner
      814 |       // await sendPartnerEmailWarning(partner, alert);

      at warn (src/lib/middleware/rate-limit.middleware.ts:811:15)
      at sendRateLimitAlert (src/lib/middleware/rate-limit.middleware.ts:741:11)
      at Object.<anonymous> (src/__tests__/rate-limit.middleware.test.ts:230:9)

    console.warn
      Partner approaching rate limit: {
        partner_id: 'partner-reset',
        tier: 'free',
        operation: 'read',
        consumed: '88.3%',
        remaining: 7,
        mode: 'normal',
        circuit_state: 'CLOSED'
      }

      728 |   
      729 |   if (consumedPercentage > 80 && consumedPercentage < 100) {
    > 730 |     console.warn('Partner approaching rate limit:', {
          |             ^
      731 |       partner_id: partner.partner_id,
      732 |       tier,
      733 |       operation,

      at warn (src/lib/middleware/rate-limit.middleware.ts:730:13)
      at Object.<anonymous> (src/__tests__/rate-limit.middleware.test.ts:230:9)

    console.warn
      ΓÜá∩╕Å APPROACHING LIMIT: {
        "type": "APPROACHING_LIMIT",
        "severity": "MEDIUM",
        "timestamp": "2026-07-16T07:58:17.146Z",
        "circuit_state": "CLOSED",
        "failure_count": 0,
        "success_count": 108,
        "partner_id": "partner-reset",
        "partner_name": "Test Partner",
        "tier": "free",
        "limit": 60,
        "mode": "normal",
        "message": "ΓÜá∩╕Å Partner Test Partner at 80% rate limit (normal mode)",
        "remaining": 7,
        "consumed_percentage": "88.3%"
      }

      809 |       alert.remaining = result.remaining;
      810 |       alert.consumed_percentage = ((result.limit - result.remaining) / result.limit * 100).toFixed(1) + '%';
    > 811 |       console.warn('ΓÜá∩╕Å APPROACHING LIMIT:', JSON.stringify(alert, null, 2));
          |               ^
      812 |       
      813 |       // TODO: Notify partner
      814 |       // await sendPartnerEmailWarning(partner, alert);

      at warn (src/lib/middleware/rate-limit.middleware.ts:811:15)
      at sendRateLimitAlert (src/lib/middleware/rate-limit.middleware.ts:741:11)
      at Object.<anonymous> (src/__tests__/rate-limit.middleware.test.ts:230:9)

    console.warn
      Partner approaching rate limit: {
        partner_id: 'partner-reset',
        tier: 'free',
        operation: 'read',
        consumed: '90.0%',
        remaining: 6,
        mode: 'normal',
        circuit_state: 'CLOSED'
      }

      728 |   
      729 |   if (consumedPercentage > 80 && consumedPercentage < 100) {
    > 730 |     console.warn('Partner approaching rate limit:', {
          |             ^
      731 |       partner_id: partner.partner_id,
      732 |       tier,
      733 |       operation,

      at warn (src/lib/middleware/rate-limit.middleware.ts:730:13)
      at Object.<anonymous> (src/__tests__/rate-limit.middleware.test.ts:230:9)

    console.warn
      ΓÜá∩╕Å APPROACHING LIMIT: {
        "type": "APPROACHING_LIMIT",
        "severity": "MEDIUM",
        "timestamp": "2026-07-16T07:58:17.146Z",
        "circuit_state": "CLOSED",
        "failure_count": 0,
        "success_count": 110,
        "partner_id": "partner-reset",
        "partner_name": "Test Partner",
        "tier": "free",
        "limit": 60,
        "mode": "normal",
        "message": "ΓÜá∩╕Å Partner Test Partner at 80% rate limit (normal mode)",
        "remaining": 6,
        "consumed_percentage": "90.0%"
      }

      809 |       alert.remaining = result.remaining;
      810 |       alert.consumed_percentage = ((result.limit - result.remaining) / result.limit * 100).toFixed(1) + '%';
    > 811 |       console.warn('ΓÜá∩╕Å APPROACHING LIMIT:', JSON.stringify(alert, null, 2));
          |               ^
      812 |       
      813 |       // TODO: Notify partner
      814 |       // await sendPartnerEmailWarning(partner, alert);

      at warn (src/lib/middleware/rate-limit.middleware.ts:811:15)
      at sendRateLimitAlert (src/lib/middleware/rate-limit.middleware.ts:741:11)
      at Object.<anonymous> (src/__tests__/rate-limit.middleware.test.ts:230:9)

    console.warn
      Partner approaching rate limit: {
        partner_id: 'partner-reset',
        tier: 'free',
        operation: 'read',
        consumed: '91.7%',
        remaining: 5,
        mode: 'normal',
        circuit_state: 'CLOSED'
      }

      728 |   
      729 |   if (consumedPercentage > 80 && consumedPercentage < 100) {
    > 730 |     console.warn('Partner approaching rate limit:', {
          |             ^
      731 |       partner_id: partner.partner_id,
      732 |       tier,
      733 |       operation,

      at warn (src/lib/middleware/rate-limit.middleware.ts:730:13)
      at Object.<anonymous> (src/__tests__/rate-limit.middleware.test.ts:230:9)

    console.warn
      ΓÜá∩╕Å APPROACHING LIMIT: {
        "type": "APPROACHING_LIMIT",
        "severity": "MEDIUM",
        "timestamp": "2026-07-16T07:58:17.146Z",
        "circuit_state": "CLOSED",
        "failure_count": 0,
        "success_count": 112,
        "partner_id": "partner-reset",
        "partner_name": "Test Partner",
        "tier": "free",
        "limit": 60,
        "mode": "normal",
        "message": "ΓÜá∩╕Å Partner Test Partner at 80% rate limit (normal mode)",
        "remaining": 5,
        "consumed_percentage": "91.7%"
      }

      809 |       alert.remaining = result.remaining;
      810 |       alert.consumed_percentage = ((result.limit - result.remaining) / result.limit * 100).toFixed(1) + '%';
    > 811 |       console.warn('ΓÜá∩╕Å APPROACHING LIMIT:', JSON.stringify(alert, null, 2));
          |               ^
      812 |       
      813 |       // TODO: Notify partner
      814 |       // await sendPartnerEmailWarning(partner, alert);

      at warn (src/lib/middleware/rate-limit.middleware.ts:811:15)
      at sendRateLimitAlert (src/lib/middleware/rate-limit.middleware.ts:741:11)
      at Object.<anonymous> (src/__tests__/rate-limit.middleware.test.ts:230:9)

    console.warn
      Partner approaching rate limit: {
        partner_id: 'partner-reset',
        tier: 'free',
        operation: 'read',
        consumed: '93.3%',
        remaining: 4,
        mode: 'normal',
        circuit_state: 'CLOSED'
      }

      728 |   
      729 |   if (consumedPercentage > 80 && consumedPercentage < 100) {
    > 730 |     console.warn('Partner approaching rate limit:', {
          |             ^
      731 |       partner_id: partner.partner_id,
      732 |       tier,
      733 |       operation,

      at warn (src/lib/middleware/rate-limit.middleware.ts:730:13)
      at Object.<anonymous> (src/__tests__/rate-limit.middleware.test.ts:230:9)

    console.warn
      ΓÜá∩╕Å APPROACHING LIMIT: {
        "type": "APPROACHING_LIMIT",
        "severity": "MEDIUM",
        "timestamp": "2026-07-16T07:58:17.147Z",
        "circuit_state": "CLOSED",
        "failure_count": 0,
        "success_count": 114,
        "partner_id": "partner-reset",
        "partner_name": "Test Partner",
        "tier": "free",
        "limit": 60,
        "mode": "normal",
        "message": "ΓÜá∩╕Å Partner Test Partner at 80% rate limit (normal mode)",
        "remaining": 4,
        "consumed_percentage": "93.3%"
      }

      809 |       alert.remaining = result.remaining;
      810 |       alert.consumed_percentage = ((result.limit - result.remaining) / result.limit * 100).toFixed(1) + '%';
    > 811 |       console.warn('ΓÜá∩╕Å APPROACHING LIMIT:', JSON.stringify(alert, null, 2));
          |               ^
      812 |       
      813 |       // TODO: Notify partner
      814 |       // await sendPartnerEmailWarning(partner, alert);

      at warn (src/lib/middleware/rate-limit.middleware.ts:811:15)
      at sendRateLimitAlert (src/lib/middleware/rate-limit.middleware.ts:741:11)
      at Object.<anonymous> (src/__tests__/rate-limit.middleware.test.ts:230:9)

    console.warn
      Partner approaching rate limit: {
        partner_id: 'partner-reset',
        tier: 'free',
        operation: 'read',
        consumed: '95.0%',
        remaining: 3,
        mode: 'normal',
        circuit_state: 'CLOSED'
      }

      728 |   
      729 |   if (consumedPercentage > 80 && consumedPercentage < 100) {
    > 730 |     console.warn('Partner approaching rate limit:', {
          |             ^
      731 |       partner_id: partner.partner_id,
      732 |       tier,
      733 |       operation,

      at warn (src/lib/middleware/rate-limit.middleware.ts:730:13)
      at Object.<anonymous> (src/__tests__/rate-limit.middleware.test.ts:230:9)

    console.warn
      ΓÜá∩╕Å APPROACHING LIMIT: {
        "type": "APPROACHING_LIMIT",
        "severity": "MEDIUM",
        "timestamp": "2026-07-16T07:58:17.147Z",
        "circuit_state": "CLOSED",
        "failure_count": 0,
        "success_count": 116,
        "partner_id": "partner-reset",
        "partner_name": "Test Partner",
        "tier": "free",
        "limit": 60,
        "mode": "normal",
        "message": "ΓÜá∩╕Å Partner Test Partner at 80% rate limit (normal mode)",
        "remaining": 3,
        "consumed_percentage": "95.0%"
      }

      809 |       alert.remaining = result.remaining;
      810 |       alert.consumed_percentage = ((result.limit - result.remaining) / result.limit * 100).toFixed(1) + '%';
    > 811 |       console.warn('ΓÜá∩╕Å APPROACHING LIMIT:', JSON.stringify(alert, null, 2));
          |               ^
      812 |       
      813 |       // TODO: Notify partner
      814 |       // await sendPartnerEmailWarning(partner, alert);

      at warn (src/lib/middleware/rate-limit.middleware.ts:811:15)
      at sendRateLimitAlert (src/lib/middleware/rate-limit.middleware.ts:741:11)
      at Object.<anonymous> (src/__tests__/rate-limit.middleware.test.ts:230:9)

    console.warn
      Partner approaching rate limit: {
        partner_id: 'partner-reset',
        tier: 'free',
        operation: 'read',
        consumed: '96.7%',
        remaining: 2,
        mode: 'normal',
        circuit_state: 'CLOSED'
      }

      728 |   
      729 |   if (consumedPercentage > 80 && consumedPercentage < 100) {
    > 730 |     console.warn('Partner approaching rate limit:', {
          |             ^
      731 |       partner_id: partner.partner_id,
      732 |       tier,
      733 |       operation,

      at warn (src/lib/middleware/rate-limit.middleware.ts:730:13)
      at Object.<anonymous> (src/__tests__/rate-limit.middleware.test.ts:230:9)

    console.warn
      ΓÜá∩╕Å APPROACHING LIMIT: {
        "type": "APPROACHING_LIMIT",
        "severity": "MEDIUM",
        "timestamp": "2026-07-16T07:58:17.147Z",
        "circuit_state": "CLOSED",
        "failure_count": 0,
        "success_count": 118,
        "partner_id": "partner-reset",
        "partner_name": "Test Partner",
        "tier": "free",
        "limit": 60,
        "mode": "normal",
        "message": "ΓÜá∩╕Å Partner Test Partner at 80% rate limit (normal mode)",
        "remaining": 2,
        "consumed_percentage": "96.7%"
      }

      809 |       alert.remaining = result.remaining;
      810 |       alert.consumed_percentage = ((result.limit - result.remaining) / result.limit * 100).toFixed(1) + '%';
    > 811 |       console.warn('ΓÜá∩╕Å APPROACHING LIMIT:', JSON.stringify(alert, null, 2));
          |               ^
      812 |       
      813 |       // TODO: Notify partner
      814 |       // await sendPartnerEmailWarning(partner, alert);

      at warn (src/lib/middleware/rate-limit.middleware.ts:811:15)
      at sendRateLimitAlert (src/lib/middleware/rate-limit.middleware.ts:741:11)
      at Object.<anonymous> (src/__tests__/rate-limit.middleware.test.ts:230:9)

    console.warn
      Partner approaching rate limit: {
        partner_id: 'partner-reset',
        tier: 'free',
        operation: 'read',
        consumed: '98.3%',
        remaining: 1,
        mode: 'normal',
        circuit_state: 'CLOSED'
      }

      728 |   
      729 |   if (consumedPercentage > 80 && consumedPercentage < 100) {
    > 730 |     console.warn('Partner approaching rate limit:', {
          |             ^
      731 |       partner_id: partner.partner_id,
      732 |       tier,
      733 |       operation,

      at warn (src/lib/middleware/rate-limit.middleware.ts:730:13)
      at Object.<anonymous> (src/__tests__/rate-limit.middleware.test.ts:230:9)

    console.warn
      ΓÜá∩╕Å APPROACHING LIMIT: {
        "type": "APPROACHING_LIMIT",
        "severity": "MEDIUM",
        "timestamp": "2026-07-16T07:58:17.147Z",
        "circuit_state": "CLOSED",
        "failure_count": 0,
        "success_count": 120,
        "partner_id": "partner-reset",
        "partner_name": "Test Partner",
        "tier": "free",
        "limit": 60,
        "mode": "normal",
        "message": "ΓÜá∩╕Å Partner Test Partner at 80% rate limit (normal mode)",
        "remaining": 1,
        "consumed_percentage": "98.3%"
      }

      809 |       alert.remaining = result.remaining;
      810 |       alert.consumed_percentage = ((result.limit - result.remaining) / result.limit * 100).toFixed(1) + '%';
    > 811 |       console.warn('ΓÜá∩╕Å APPROACHING LIMIT:', JSON.stringify(alert, null, 2));
          |               ^
      812 |       
      813 |       // TODO: Notify partner
      814 |       // await sendPartnerEmailWarning(partner, alert);

      at warn (src/lib/middleware/rate-limit.middleware.ts:811:15)
      at sendRateLimitAlert (src/lib/middleware/rate-limit.middleware.ts:741:11)
      at Object.<anonymous> (src/__tests__/rate-limit.middleware.test.ts:230:9)

    console.warn
      Rate limit exceeded: {
        partner_id: 'partner-reset',
        partner_name: 'Test Partner',
        tier: 'free',
        operation: 'read',
        limit: 60,
        mode: 'normal',
        circuit_state: 'CLOSED',
        reset: '2026-07-16T07:59:00.000Z'
      }

      692 |   if (!result.allowed) {
      693 |     // Log rate limit event for monitoring
    > 694 |     console.warn('Rate limit exceeded:', {
          |             ^
      695 |       partner_id: partner.partner_id,
      696 |       partner_name: partner.partner_name,
      697 |       tier,

      at warn (src/lib/middleware/rate-limit.middleware.ts:694:13)
      at Object.<anonymous> (src/__tests__/rate-limit.middleware.test.ts:234:7)

    console.error
      ≡ƒÜ½ LIMIT EXCEEDED: {
        "type": "LIMIT_EXCEEDED",
        "severity": "MEDIUM",
        "timestamp": "2026-07-16T07:58:17.148Z",
        "circuit_state": "CLOSED",
        "failure_count": 0,
        "success_count": 124,
        "partner_id": "partner-reset",
        "partner_name": "Test Partner",
        "tier": "free",
        "limit": 60,
        "mode": "normal",
        "message": "≡ƒÜ½ Partner Test Partner exceeded rate limit (normal mode)",
        "reset": "2026-07-16T07:59:00.000Z",
        "retryAfter": 42
      }

      818 |       alert.reset = new Date(result.reset * 1000).toISOString();
      819 |       alert.retryAfter = result.retryAfter;
    > 820 |       console.error('≡ƒÜ½ LIMIT EXCEEDED:', JSON.stringify(alert, null, 2));
          |               ^
      821 |       
      822 |       // TODO: Notify partner and log security event
      823 |       // await sendPartnerEmailBlocked(partner, alert);

      at error (src/lib/middleware/rate-limit.middleware.ts:820:15)
      at sendRateLimitAlert (src/lib/middleware/rate-limit.middleware.ts:707:13)
      at Object.<anonymous> (src/__tests__/rate-limit.middleware.test.ts:234:7)

    console.log
      Γ£à Redis connected for rate limiting

      at log (src/lib/middleware/rate-limit.middleware.ts:355:13)

    console.log
      Γ£à Redis connected for rate limiting

      at log (src/lib/middleware/rate-limit.middleware.ts:355:13)

    console.log
      Γ£à Redis connected for rate limiting

      at log (src/lib/middleware/rate-limit.middleware.ts:355:13)

    console.error
      Redis rate limit check failed: Error: Redis unavailable
          at Object.<anonymous> (D:\Antigravity\Projects\BELLA SPA ERP\src\__tests__\rate-limit.middleware.test.ts:27:38)
          at D:\Antigravity\Projects\BELLA SPA ERP\node_modules\jest-mock\build\index.js:305:39
          at Object.<anonymous> (D:\Antigravity\Projects\BELLA SPA ERP\node_modules\jest-mock\build\index.js:312:13)
          at Object.mockConstructor [as incr] (D:\Antigravity\Projects\BELLA SPA ERP\node_modules\jest-mock\build\index.js:57:19)
          at incr (D:\Antigravity\Projects\BELLA SPA ERP\src\lib\middleware\rate-limit.middleware.ts:511:33)
          at processTicksAndRejections (node:internal/process/task_queues:104:5)
          at rateLimitMiddleware (D:\Antigravity\Projects\BELLA SPA ERP\src\lib\middleware\rate-limit.middleware.ts:666:24)
          at Object.<anonymous> (D:\Antigravity\Projects\BELLA SPA ERP\src\__tests__\rate-limit.middleware.test.ts:325:7)

      546 |     };
      547 |   } catch (error) {
    > 548 |     console.error('Redis rate limit check failed:', error);
          |             ^
      549 |     recordRedisFailure();
      550 |     
      551 |     // Fall back to emergency limiter

      at error (src/lib/middleware/rate-limit.middleware.ts:548:13)
      at rateLimitMiddleware (src/lib/middleware/rate-limit.middleware.ts:666:24)
      at Object.<anonymous> (src/__tests__/rate-limit.middleware.test.ts:325:7)

    console.warn
      ΓÜá∩╕Å Redis failure 1/3 { state: 'CLOSED', failureWindow: '60s' }

      209 |   circuitBreaker.successCount = 0; // Reset success counter on failure
      210 |   
    > 211 |   console.warn(`ΓÜá∩╕Å Redis failure ${circuitBreaker.failureCount}/${CIRCUIT_CONFIG.FAILURE_THRESHOLD}`, {
          |           ^
      212 |     state: circuitBreaker.state,
      213 |     failureWindow: CIRCUIT_CONFIG.FAILURE_WINDOW / 1000 + 's',
      214 |   });

      at warn (src/lib/middleware/rate-limit.middleware.ts:211:11)
      at recordRedisFailure (src/lib/middleware/rate-limit.middleware.ts:549:5)
      at rateLimitMiddleware (src/lib/middleware/rate-limit.middleware.ts:666:24)
      at Object.<anonymous> (src/__tests__/rate-limit.middleware.test.ts:325:7)

    console.error
      Redis rate limit check failed: Error: Redis unavailable
          at Object.<anonymous> (D:\Antigravity\Projects\BELLA SPA ERP\src\__tests__\rate-limit.middleware.test.ts:27:38)
          at D:\Antigravity\Projects\BELLA SPA ERP\node_modules\jest-mock\build\index.js:305:39
          at Object.<anonymous> (D:\Antigravity\Projects\BELLA SPA ERP\node_modules\jest-mock\build\index.js:312:13)
          at Object.mockConstructor [as incr] (D:\Antigravity\Projects\BELLA SPA ERP\node_modules\jest-mock\build\index.js:57:19)
          at incr (D:\Antigravity\Projects\BELLA SPA ERP\src\lib\middleware\rate-limit.middleware.ts:511:33)
          at processTicksAndRejections (node:internal/process/task_queues:104:5)
          at rateLimitMiddleware (D:\Antigravity\Projects\BELLA SPA ERP\src\lib\middleware\rate-limit.middleware.ts:669:21)
          at Object.<anonymous> (D:\Antigravity\Projects\BELLA SPA ERP\src\__tests__\rate-limit.middleware.test.ts:325:7)

      546 |     };
      547 |   } catch (error) {
    > 548 |     console.error('Redis rate limit check failed:', error);
          |             ^
      549 |     recordRedisFailure();
      550 |     
      551 |     // Fall back to emergency limiter

      at error (src/lib/middleware/rate-limit.middleware.ts:548:13)
      at rateLimitMiddleware (src/lib/middleware/rate-limit.middleware.ts:669:21)
      at Object.<anonymous> (src/__tests__/rate-limit.middleware.test.ts:325:7)

    console.warn
      ΓÜá∩╕Å Redis failure 1/3 { state: 'CLOSED', failureWindow: '60s' }

      209 |   circuitBreaker.successCount = 0; // Reset success counter on failure
      210 |   
    > 211 |   console.warn(`ΓÜá∩╕Å Redis failure ${circuitBreaker.failureCount}/${CIRCUIT_CONFIG.FAILURE_THRESHOLD}`, {
          |           ^
      212 |     state: circuitBreaker.state,
      213 |     failureWindow: CIRCUIT_CONFIG.FAILURE_WINDOW / 1000 + 's',
      214 |   });

      at warn (src/lib/middleware/rate-limit.middleware.ts:211:11)
      at recordRedisFailure (src/lib/middleware/rate-limit.middleware.ts:549:5)
      at rateLimitMiddleware (src/lib/middleware/rate-limit.middleware.ts:669:21)
      at Object.<anonymous> (src/__tests__/rate-limit.middleware.test.ts:325:7)

    console.log
      Γ£à Redis connected for rate limiting

      at log (src/lib/middleware/rate-limit.middleware.ts:355:13)

    console.error
      Redis rate limit check failed: Error: Redis unavailable
          at Object.<anonymous> (D:\Antigravity\Projects\BELLA SPA ERP\src\__tests__\rate-limit.middleware.test.ts:27:38)
          at D:\Antigravity\Projects\BELLA SPA ERP\node_modules\jest-mock\build\index.js:305:39
          at Object.<anonymous> (D:\Antigravity\Projects\BELLA SPA ERP\node_modules\jest-mock\build\index.js:312:13)
          at Object.mockConstructor [as incr] (D:\Antigravity\Projects\BELLA SPA ERP\node_modules\jest-mock\build\index.js:57:19)
          at incr (D:\Antigravity\Projects\BELLA SPA ERP\src\lib\middleware\rate-limit.middleware.ts:511:33)
          at processTicksAndRejections (node:internal/process/task_queues:104:5)
          at rateLimitMiddleware (D:\Antigravity\Projects\BELLA SPA ERP\src\lib\middleware\rate-limit.middleware.ts:666:24)
          at Object.<anonymous> (D:\Antigravity\Projects\BELLA SPA ERP\src\__tests__\rate-limit.middleware.test.ts:338:7)

      546 |     };
      547 |   } catch (error) {
    > 548 |     console.error('Redis rate limit check failed:', error);
          |             ^
      549 |     recordRedisFailure();
      550 |     
      551 |     // Fall back to emergency limiter

      at error (src/lib/middleware/rate-limit.middleware.ts:548:13)
      at rateLimitMiddleware (src/lib/middleware/rate-limit.middleware.ts:666:24)
      at Object.<anonymous> (src/__tests__/rate-limit.middleware.test.ts:338:7)

    console.error
      Redis rate limit check failed: Error: Redis unavailable
          at Object.<anonymous> (D:\Antigravity\Projects\BELLA SPA ERP\src\__tests__\rate-limit.middleware.test.ts:27:38)
          at D:\Antigravity\Projects\BELLA SPA ERP\node_modules\jest-mock\build\index.js:305:39
          at Object.<anonymous> (D:\Antigravity\Projects\BELLA SPA ERP\node_modules\jest-mock\build\index.js:312:13)
          at Object.mockConstructor [as incr] (D:\Antigravity\Projects\BELLA SPA ERP\node_modules\jest-mock\build\index.js:57:19)
          at incr (D:\Antigravity\Projects\BELLA SPA ERP\src\lib\middleware\rate-limit.middleware.ts:511:33)
          at processTicksAndRejections (node:internal/process/task_queues:104:5)
          at rateLimitMiddleware (D:\Antigravity\Projects\BELLA SPA ERP\src\lib\middleware\rate-limit.middleware.ts:669:21)
          at Object.<anonymous> (D:\Antigravity\Projects\BELLA SPA ERP\src\__tests__\rate-limit.middleware.test.ts:338:7)

      546 |     };
      547 |   } catch (error) {
    > 548 |     console.error('Redis rate limit check failed:', error);
          |             ^
      549 |     recordRedisFailure();
      550 |     
      551 |     // Fall back to emergency limiter

      at error (src/lib/middleware/rate-limit.middleware.ts:548:13)
      at rateLimitMiddleware (src/lib/middleware/rate-limit.middleware.ts:669:21)
      at Object.<anonymous> (src/__tests__/rate-limit.middleware.test.ts:338:7)

    console.warn
      ΓÜá∩╕Å REDIS_URL not configured, rate limiting will use degraded mode

      336 |   const redisUrl = process.env.REDIS_URL;
      337 |   if (!redisUrl) {
    > 338 |     console.warn('ΓÜá∩╕Å REDIS_URL not configured, rate limiting will use degraded mode');
          |             ^
      339 |     circuitBreaker.state = 'OPEN';
      340 |     redisStatus = 'disconnected';
      341 |     return null;

      at warn (src/lib/middleware/rate-limit.middleware.ts:338:13)
      at getRedisClient (src/lib/middleware/rate-limit.middleware.ts:468:23)
      at checkRateLimit (src/lib/middleware/rate-limit.middleware.ts:666:30)
      at Object.<anonymous> (src/__tests__/rate-limit.middleware.test.ts:356:7)

    console.log
      ≡ƒöä Circuit breaker ΓåÆ HALF_OPEN: Attempting reconnection

      at log (src/lib/middleware/rate-limit.middleware.ts:281:17)

    console.warn
      ΓÜá∩╕Å REDIS_URL not configured, rate limiting will use degraded mode

      336 |   const redisUrl = process.env.REDIS_URL;
      337 |   if (!redisUrl) {
    > 338 |     console.warn('ΓÜá∩╕Å REDIS_URL not configured, rate limiting will use degraded mode');
          |             ^
      339 |     circuitBreaker.state = 'OPEN';
      340 |     redisStatus = 'disconnected';
      341 |     return null;

      at warn (src/lib/middleware/rate-limit.middleware.ts:338:13)
      at getRedisClient (src/lib/middleware/rate-limit.middleware.ts:468:23)
      at checkRateLimit (src/lib/middleware/rate-limit.middleware.ts:669:27)
      at Object.<anonymous> (src/__tests__/rate-limit.middleware.test.ts:356:7)

    console.log
      Γ£à Redis connected for rate limiting

      at log (src/lib/middleware/rate-limit.middleware.ts:355:13)
          at async Promise.all (index 0)

    console.log
      Γ£à Redis connected for rate limiting

      at log (src/lib/middleware/rate-limit.middleware.ts:355:13)

    console.log
      Γ£à Redis connected for rate limiting

      at log (src/lib/middleware/rate-limit.middleware.ts:355:13)

    console.log
      Γ£à Redis connected for rate limiting

      at log (src/lib/middleware/rate-limit.middleware.ts:355:13)

    console.log
      Γ£à Redis connected for rate limiting

      at log (src/lib/middleware/rate-limit.middleware.ts:355:13)

    console.log
      Γ£à Redis connected for rate limiting

      at log (src/lib/middleware/rate-limit.middleware.ts:355:13)

PASS src/__tests__/e2e-permission-rls-bypass-rpc.test.ts
  ΓùÅ Console

    console.log
      Γùç injected env (9) from .env.local // tip: Γîÿ suppress logs { quiet: true }

      at _log (node_modules/dotenv/lib/main.js:131:11)

    console.log
      [Jest Setup] SUPABASE_SERVICE_ROLE_KEY loaded: sb_secret_Dm... (41 chars)

      at Object.log (jest.setup.ts:10:9)

    console.log
      Γ£à Test revenue created for both tenants

      at Object.log (src/__tests__/e2e-permission-rls-bypass-rpc.test.ts:45:13)

    console.log
      RPC error (expected if not implemented): column reference "month_year" is ambiguous

      at Object.log (src/__tests__/e2e-permission-rls-bypass-rpc.test.ts:56:15)

    console.log
      ΓÜá∩╕Å Skipping RPC test (function may not exist)

      at Object.log (src/__tests__/e2e-permission-rls-bypass-rpc.test.ts:57:15)

PASS src/__tests__/e2e-payroll-cross-month-session.test.ts
  ΓùÅ Console

    console.log
      Γùç injected env (9) from .env.local // tip: Γîÿ enable debugging { debug: true }

      at _log (node_modules/dotenv/lib/main.js:131:11)

    console.log
      [Jest Setup] SUPABASE_SERVICE_ROLE_KEY loaded: sb_secret_Dm... (41 chars)

      at Object.log (jest.setup.ts:10:9)

    console.log
      Γ£à Session completed May 31 ΓåÆ allocated to MAY payroll {
        completedDate: '2026-05-31',
        allocatedMonth: '2026-05-01',
        sessions: 1
      }

      at Object.log (src/__tests__/e2e-payroll-cross-month-session.test.ts:54:13)

    console.log
      Γ£à June payroll does NOT include May 31 session { juneSessions: 0 }

      at Object.log (src/__tests__/e2e-payroll-cross-month-session.test.ts:66:13)

    console.log
      
      ≡ƒÄë E2E CROSS-MONTH SESSION TEST: PASSED

      at Object.log (src/__tests__/e2e-payroll-cross-month-session.test.ts:68:13)

PASS src/__tests__/e2e-permission-ktv-scope.test.ts
  ΓùÅ Console

    console.log
      Γùç injected env (9) from .env.local // tip: Γîÿ override existing { override: true }

      at _log (node_modules/dotenv/lib/main.js:131:11)

    console.log
      [Jest Setup] SUPABASE_SERVICE_ROLE_KEY loaded: sb_secret_Dm... (41 chars)

      at Object.log (jest.setup.ts:10:9)

    console.log
      Γ£à Salary records created for both KTVs

      at Object.log (src/__tests__/e2e-permission-ktv-scope.test.ts:59:13)

    console.log
      Γ£à KTV A sees only own salary { totalSalary: 6300000 }

      at Object.log (src/__tests__/e2e-permission-ktv-scope.test.ts:72:13)

    console.log
      ΓÜá∩╕Å KTV A cannot see KTV B salary (RLS protected)

      at Object.log (src/__tests__/e2e-permission-ktv-scope.test.ts:82:13)

    console.log
      
      ≡ƒÄë E2E KTV SCOPE TEST: PASSED

      at Object.log (src/__tests__/e2e-permission-ktv-scope.test.ts:84:13)

PASS src/components/rules/__tests__/RuleConditionsBuilder.test.tsx
  ΓùÅ Console

    console.log
      Γùç injected env (9) from .env.local // tip: Γîÿ multiple files { path: ['.env.local', '.env'] }

      at _log (node_modules/dotenv/lib/main.js:131:11)

    console.log
      [Jest Setup] SUPABASE_SERVICE_ROLE_KEY loaded: sb_secret_Dm... (41 chars)

      at Object.log (jest.setup.ts:10:9)

PASS src/components/rules/__tests__/RuleActionsBuilder.test.tsx
  ΓùÅ Console

    console.log
      Γùç injected env (9) from .env.local // tip: Γùê encrypted .env [www.dotenvx.com]

      at _log (node_modules/dotenv/lib/main.js:131:11)

    console.log
      [Jest Setup] SUPABASE_SERVICE_ROLE_KEY loaded: sb_secret_Dm... (41 chars)

      at Object.log (jest.setup.ts:10:9)

PASS src/lib/decision-engine/providers/payroll/__tests__/payroll-provider.unit.test.ts
  ΓùÅ Console

    console.log
      Γùç injected env (9) from .env.local // tip: Γùê secrets for agents [www.dotenvx.com]

      at _log (node_modules/dotenv/lib/main.js:131:11)

    console.log
      [Jest Setup] SUPABASE_SERVICE_ROLE_KEY loaded: sb_secret_Dm... (41 chars)

      at Object.log (jest.setup.ts:10:9)

PASS src/lib/decision-engine/providers/booking/__tests__/capacity-management-provider.test.ts
  ΓùÅ Console

    console.log
      Γùç injected env (9) from .env.local // tip: Γîÿ enable debugging { debug: true }

      at _log (node_modules/dotenv/lib/main.js:131:11)

    console.log
      [Jest Setup] SUPABASE_SERVICE_ROLE_KEY loaded: sb_secret_Dm... (41 chars)

      at Object.log (jest.setup.ts:10:9)

PASS src/__tests__/e2e-payroll-salary-dispute.test.ts
  ΓùÅ Console

    console.log
      Γùç injected env (9) from .env.local // tip: Γîÿ custom filepath { path: '/custom/path/.env' }

      at _log (node_modules/dotenv/lib/main.js:131:11)

    console.log
      [Jest Setup] SUPABASE_SERVICE_ROLE_KEY loaded: sb_secret_Dm... (41 chars)

      at Object.log (jest.setup.ts:10:9)

    console.log
      Γ£à Step 1: Initial salary published { totalSalary: 6300000 }

      at Object.log (src/__tests__/e2e-payroll-salary-dispute.test.ts:47:13)

    console.log
      Γ£à Step 2: KTV disputes salary { reason: 'Missing 1 session' }

      at Object.log (src/__tests__/e2e-payroll-salary-dispute.test.ts:55:13)

    console.log
      Γ£à Step 3: Salary adjusted & republished { newTotalSalary: 6450000, sessions: 3 }

      at Object.log (src/__tests__/e2e-payroll-salary-dispute.test.ts:72:13)

    console.log
      Γ£à Step 4: KTV confirmed adjusted salary

      at Object.log (src/__tests__/e2e-payroll-salary-dispute.test.ts:80:13)

    console.log
      
      ≡ƒÄë E2E SALARY DISPUTE TEST: PASSED

      at Object.log (src/__tests__/e2e-payroll-salary-dispute.test.ts:82:13)

PASS src/lib/decision-engine/providers/booking/__tests__/auto-assignment-provider.test.ts
  ΓùÅ Console

    console.log
      Γùç injected env (9) from .env.local // tip: Γîü auth for agents [www.vestauth.com]

      at _log (node_modules/dotenv/lib/main.js:131:11)

    console.log
      [Jest Setup] SUPABASE_SERVICE_ROLE_KEY loaded: sb_secret_Dm... (41 chars)

      at Object.log (jest.setup.ts:10:9)

PASS src/lib/decision-engine/providers/inventory/__tests__/inventory-provider.unit.test.ts
  ΓùÅ Console

    console.log
      Γùç injected env (9) from .env.local // tip: Γùê secrets for agents [www.dotenvx.com]

      at _log (node_modules/dotenv/lib/main.js:131:11)

    console.log
      [Jest Setup] SUPABASE_SERVICE_ROLE_KEY loaded: sb_secret_Dm... (41 chars)

      at Object.log (jest.setup.ts:10:9)

    console.error
      [InventoryProvider] Evaluation error: {
        type: 'allocation',
        error: 'allocationRequest required for allocation decision',
        executionTime: '0.08ms'
      }

      212 |     } catch (error) {
      213 |       const executionTime = performance.now() - startTime;
    > 214 |       console.error('[InventoryProvider] Evaluation error:', {
          |               ^
      215 |         type: input.decisionType,
      216 |         error: error instanceof Error ? error.message : String(error),
      217 |         executionTime: `${executionTime.toFixed(2)}ms`,

      at InventoryProvider.error [as evaluate] (src/lib/decision-engine/providers/inventory/inventory-provider.ts:214:15)
      at Object.<anonymous> (src/lib/decision-engine/providers/inventory/__tests__/inventory-provider.unit.test.ts:589:23)

PASS src/lib/decision-engine/providers/booking/__tests__/waitlist-management-provider.test.ts
  ΓùÅ Console

    console.log
      Γùç injected env (9) from .env.local // tip: Γîÿ custom filepath { path: '/custom/path/.env' }

      at _log (node_modules/dotenv/lib/main.js:131:11)

    console.log
      [Jest Setup] SUPABASE_SERVICE_ROLE_KEY loaded: sb_secret_Dm... (41 chars)

      at Object.log (jest.setup.ts:10:9)

    console.error
      [WaitlistManagementProvider] Error adding to waitlist: tenantId is required

      137 |     } catch (error) {
      138 |       const errorMessage = error instanceof Error ? error.message : 'Unknown error';
    > 139 |       console.error('[WaitlistManagementProvider] Error adding to waitlist:', errorMessage);
          |               ^
      140 |
      141 |       return {
      142 |         success: false,

      at WaitlistManagementProvider.error [as addToWaitlist] (src/lib/decision-engine/providers/booking/waitlist-management-provider.ts:139:15)
      at Object.addToWaitlist (src/lib/decision-engine/providers/booking/__tests__/waitlist-management-provider.test.ts:568:37)

PASS src/lib/decision-engine/providers/booking/__tests__/conflict-detection-provider.test.ts
  ΓùÅ Console

    console.log
      Γùç injected env (9) from .env.local // tip: Γîÿ enable debugging { debug: true }

      at _log (node_modules/dotenv/lib/main.js:131:11)

    console.log
      [Jest Setup] SUPABASE_SERVICE_ROLE_KEY loaded: sb_secret_Dm... (41 chars)

      at Object.log (jest.setup.ts:10:9)

PASS src/lib/decision-engine/registry/__tests__/audit.test.ts
  ΓùÅ Console

    console.log
      Γùç injected env (9) from .env.local // tip: Γîÿ multiple files { path: ['.env.local', '.env'] }

      at _log (node_modules/dotenv/lib/main.js:131:11)

    console.log
      [Jest Setup] SUPABASE_SERVICE_ROLE_KEY loaded: sb_secret_Dm... (41 chars)

      at Object.log (jest.setup.ts:10:9)

    console.error
      Failed to write audit log: Error: Database error
          at Object.<anonymous> (D:\Antigravity\Projects\BELLA SPA ERP\src\lib\decision-engine\registry\__tests__\audit.test.ts:110:18)
          at Promise.finally.completed (D:\Antigravity\Projects\BELLA SPA ERP\node_modules\jest-circus\build\jestAdapterInit.js:1561:28)
          at new Promise (<anonymous>)
          at callAsyncCircusFn (D:\Antigravity\Projects\BELLA SPA ERP\node_modules\jest-circus\build\jestAdapterInit.js:1501:10)
          at _callCircusTest (D:\Antigravity\Projects\BELLA SPA ERP\node_modules\jest-circus\build\jestAdapterInit.js:1011:40)
          at processTicksAndRejections (node:internal/process/task_queues:104:5)
          at _runTest (D:\Antigravity\Projects\BELLA SPA ERP\node_modules\jest-circus\build\jestAdapterInit.js:951:3)
          at D:\Antigravity\Projects\BELLA SPA ERP\node_modules\jest-circus\build\jestAdapterInit.js:853:7
          at _runTestsForDescribeBlock (D:\Antigravity\Projects\BELLA SPA ERP\node_modules\jest-circus\build\jestAdapterInit.js:866:11)
          at _runTestsForDescribeBlock (D:\Antigravity\Projects\BELLA SPA ERP\node_modules\jest-circus\build\jestAdapterInit.js:861:11)
          at _runTestsForDescribeBlock (D:\Antigravity\Projects\BELLA SPA ERP\node_modules\jest-circus\build\jestAdapterInit.js:861:11)
          at run (D:\Antigravity\Projects\BELLA SPA ERP\node_modules\jest-circus\build\jestAdapterInit.js:765:3)
          at runAndTransformResultsToJestFormat (D:\Antigravity\Projects\BELLA SPA ERP\node_modules\jest-circus\build\jestAdapterInit.js:1993:21)
          at jestAdapter (D:\Antigravity\Projects\BELLA SPA ERP\node_modules\jest-circus\build\runner.js:111:19)
          at runTestInternal (D:\Antigravity\Projects\BELLA SPA ERP\node_modules\jest-runner\build\testWorker.js:276:16)
          at runTest (D:\Antigravity\Projects\BELLA SPA ERP\node_modules\jest-runner\build\testWorker.js:344:7)
          at Object.worker (D:\Antigravity\Projects\BELLA SPA ERP\node_modules\jest-runner\build\testWorker.js:498:12)

      71 |
      72 |   if (error) {
    > 73 |     console.error('Failed to write audit log:', error);
         |             ^
      74 |     throw error;
      75 |   }
      76 | }

      at error (src/lib/decision-engine/registry/audit.ts:73:13)
      at Object.<anonymous> (src/lib/decision-engine/registry/__tests__/audit.test.ts:114:7)

PASS src/__tests__/e2e-negative-over-commission.test.ts
  ΓùÅ Console

    console.log
      Γùç injected env (9) from .env.local // tip: Γîü auth for agents [www.vestauth.com]

      at _log (node_modules/dotenv/lib/main.js:131:11)

    console.log
      [Jest Setup] SUPABASE_SERVICE_ROLE_KEY loaded: sb_secret_Dm... (41 chars)

      at Object.log (jest.setup.ts:10:9)

    console.log
      Γ£à Commission calculation {
        packageRevenue: 5000000,
        commissionPerSession: 200000,
        completedSessions: 30,
        calculatedCommission: 6000000,
        cappedCommission: 5000000
      }

      at Object.log (src/__tests__/e2e-negative-over-commission.test.ts:47:13)

    console.log
      Γ£à Commission capped to prevent loss { commission: 5000000, revenue: 5000000, prevented_loss: 1000000 }

      at Object.log (src/__tests__/e2e-negative-over-commission.test.ts:67:13)

    console.log
      
      ≡ƒÄë E2E OVER-COMMISSION TEST: PASSED

      at Object.log (src/__tests__/e2e-negative-over-commission.test.ts:73:13)

PASS src/__tests__/business-health.test.ts
  ΓùÅ Console

    console.log
      Γùç injected env (9) from .env.local // tip: Γîÿ suppress logs { quiet: true }

      at _log (node_modules/dotenv/lib/main.js:131:11)

    console.log
      [Jest Setup] SUPABASE_SERVICE_ROLE_KEY loaded: sb_secret_Dm... (41 chars)

      at Object.log (jest.setup.ts:10:9)

PASS src/__tests__/salary.test.ts
  ΓùÅ Console

    console.log
      Γùç injected env (9) from .env.local // tip: Γîü auth for agents [www.vestauth.com]

      at _log (node_modules/dotenv/lib/main.js:131:11)

    console.log
      [Jest Setup] SUPABASE_SERVICE_ROLE_KEY loaded: sb_secret_Dm... (41 chars)

      at Object.log (jest.setup.ts:10:9)

FAIL src/__tests__/e2e-negative-pipeline.test.ts
  ΓùÅ Test suite failed to run

    ReferenceError: Cannot access 'getCurrentUser' before initialization

      18 |   from: SupabaseClient['from'];
      19 |   auth: {
    > 20 |     admin: {
         |         ^
      21 |       deleteUser: (id: string) => Promise<{ error: { message: string } | null }>;
      22 |     };
      23 |   };

      at Object.get getCurrentUser [as getCurrentUser] (src/services/user-actions.ts:20:9)
      at src/__tests__/e2e-negative-pipeline.test.ts:188:3
      at Object.<anonymous> (src/modules/hr-salary/actions/base-salary-actions.ts:31:22)
      at Object.<anonymous> (src/modules/hr-salary/actions/salary-recalculation-engine.ts:13:28)
      at Object.<anonymous> (src/services/user-actions.ts:42:36)
      at requireActual (src/__tests__/e2e-negative-pipeline.test.ts:187:23)
      at Object.<anonymous> (src/core/services/auth/guards.ts:22:22)
      at Object.<anonymous> (src/core/services/auth/index.ts:26:17)
      at Object.<anonymous> (src/services/package-actions.ts:31:15)
      at Object.<anonymous> (src/core/services/order/query-actions.ts:28:25)
      at Object.<anonymous> (src/core/services/order/lifecycle-actions.ts:55:23)
      at Object.<anonymous> (src/__tests__/e2e-negative-pipeline.test.ts:70:27)

PASS src/__tests__/complete-session-action.test.ts
  ΓùÅ Console

    console.log
      Γùç injected env (9) from .env.local // tip: Γîÿ multiple files { path: ['.env.local', '.env'] }

      at _log (node_modules/dotenv/lib/main.js:131:11)

    console.log
      [Jest Setup] SUPABASE_SERVICE_ROLE_KEY loaded: sb_secret_Dm... (41 chars)

      at Object.log (jest.setup.ts:10:9)

    console.error
      [completeSession] Failed to process session completion, rolling back status: engine failed

      129 |
      130 |   if (result.error) {
    > 131 |     console.error('[completeSession] Failed to process session completion, rolling back status:', result.error);
          |             ^
      132 |     // Rollback session status
      133 |     const { error: rollbackError } = await supabase.from('session_logs').update({
      134 |       status: existingLog?.status || 'scheduled',

      at error (src/core/services/order/complete-session-action.ts:131:13)
      at Object.<anonymous> (src/__tests__/complete-session-action.test.ts:159:20)

    console.error
      [completeSession] Failed to process session completion, rolling back status: engine failed

      129 |
      130 |   if (result.error) {
    > 131 |     console.error('[completeSession] Failed to process session completion, rolling back status:', result.error);
          |             ^
      132 |     // Rollback session status
      133 |     const { error: rollbackError } = await supabase.from('session_logs').update({
      134 |       status: existingLog?.status || 'scheduled',

      at error (src/core/services/order/complete-session-action.ts:131:13)
      at Object.<anonymous> (src/__tests__/complete-session-action.test.ts:235:20)

    console.error
      [completeSession] Failed to process session completion, rolling back status: engine failed

      129 |
      130 |   if (result.error) {
    > 131 |     console.error('[completeSession] Failed to process session completion, rolling back status:', result.error);
          |             ^
      132 |     // Rollback session status
      133 |     const { error: rollbackError } = await supabase.from('session_logs').update({
      134 |       status: existingLog?.status || 'scheduled',

      at error (src/core/services/order/complete-session-action.ts:131:13)
      at Object.<anonymous> (src/__tests__/complete-session-action.test.ts:250:20)

PASS src/__tests__/customer-actions.test.ts
  ΓùÅ Console

    console.log
      Γùç injected env (9) from .env.local // tip: Γùê secrets for agents [www.dotenvx.com]

      at _log (node_modules/dotenv/lib/main.js:131:11)

    console.log
      [Jest Setup] SUPABASE_SERVICE_ROLE_KEY loaded: sb_secret_Dm... (41 chars)

      at Object.log (jest.setup.ts:10:9)

PASS src/__tests__/transaction-safety.test.ts
  ΓùÅ Console

    console.log
      Γùç injected env (9) from .env.local // tip: Γîÿ multiple files { path: ['.env.local', '.env'] }

      at _log (node_modules/dotenv/lib/main.js:131:11)

    console.log
      [Jest Setup] SUPABASE_SERVICE_ROLE_KEY loaded: sb_secret_Dm... (41 chars)

      at Object.log (jest.setup.ts:10:9)

    console.log
      [createBooking] Level1 resolved tenant: tenant-a

      at log (src/core/services/order/create-booking-helpers.ts:190:15)

    console.log
      [createBooking] Final tenantId: tenant-a | user: null

      at log (src/core/services/order/create-booking-helpers.ts:224:11)

    console.error
      [calculateServerDiscount] Failed to fetch customer: { message: 'Row not found' }

      65 |
      66 |     if (customerError || !customer) {
    > 67 |       console.error('[calculateServerDiscount] Failed to fetch customer:', customerError);
         |               ^
      68 |       return 0; // Fallback: no discount
      69 |     }
      70 |

      at error (src/core/services/order/discount-integration.ts:67:15)
      at buildBookingPayload (src/core/services/order/create-booking-helpers.ts:293:32)
      at createBooking (src/core/services/order/create-booking-action.ts:253:26)
      at Object.<anonymous> (src/__tests__/transaction-safety.test.ts:295:20)

    console.log
      [buildBookingPayload] Discount: client=undefined%, server=0% (enforced)

      at log (src/core/services/order/create-booking-helpers.ts:301:13)

    console.log
      [invokeAdapterValidation] No adapter found for module '[object Object]', skipping validation

      at log (src/core/services/order/create-booking-helpers.ts:739:13)

    console.warn
      Error recording initial deposit revenue with standard client, trying with admin client fallback: { message: 'Forced DB Insert Error' }

      524 |
      525 |   if (revenueError) {
    > 526 |     console.warn('Error recording initial deposit revenue with standard client, trying with admin client fallback:', revenueError);
          |             ^
      527 |     const adminUrl = getSupabaseAdminUrl();
      528 |     const serviceRoleKey = getSupabaseAdminKey();
      529 |     if (adminUrl && serviceRoleKey) {

      at warn (src/core/services/order/create-booking-helpers.ts:526:13)
      at createBooking (src/core/services/order/create-booking-action.ts:280:25)
      at Object.<anonymous> (src/__tests__/transaction-safety.test.ts:295:20)

    console.error
      Error recording initial deposit revenue with admin client as well: { message: 'Forced DB Insert Error' }

      542 |
      543 |       if (adminRevenueError) {
    > 544 |         console.error('Error recording initial deposit revenue with admin client as well:', adminRevenueError);
          |                 ^
      545 |         revenueFailed = true;
      546 |       } else {
      547 |         console.log('Successfully recorded initial deposit revenue with admin client fallback');

      at error (src/core/services/order/create-booking-helpers.ts:544:17)
      at createBooking (src/core/services/order/create-booking-action.ts:280:25)
      at Object.<anonymous> (src/__tests__/transaction-safety.test.ts:295:20)

    console.log
      [createBooking] Level1 resolved tenant: tenant-a

      at log (src/core/services/order/create-booking-helpers.ts:190:15)

    console.log
      [createBooking] Final tenantId: tenant-a | user: null

      at log (src/core/services/order/create-booking-helpers.ts:224:11)

    console.error
      [calculateServerDiscount] Failed to fetch customer: { message: 'Row not found' }

      65 |
      66 |     if (customerError || !customer) {
    > 67 |       console.error('[calculateServerDiscount] Failed to fetch customer:', customerError);
         |               ^
      68 |       return 0; // Fallback: no discount
      69 |     }
      70 |

      at error (src/core/services/order/discount-integration.ts:67:15)
      at buildBookingPayload (src/core/services/order/create-booking-helpers.ts:293:32)
      at createBooking (src/core/services/order/create-booking-action.ts:253:26)
      at Object.<anonymous> (src/__tests__/transaction-safety.test.ts:321:20)

    console.log
      [buildBookingPayload] Discount: client=undefined%, server=0% (enforced)

      at log (src/core/services/order/create-booking-helpers.ts:301:13)

    console.log
      [invokeAdapterValidation] No adapter found for module '[object Object]', skipping validation

      at log (src/core/services/order/create-booking-helpers.ts:739:13)

    console.error
      Error recording remaining payment: BookingError: Kh├┤ng thß╗â ghi nhß║¡n giao dß╗ïch t├ái ch├¡nh: Audit write failed
          at recordRemainingPayment (D:\Antigravity\Projects\BELLA SPA ERP\src\core\services\order\payment-actions.ts:59:13)
          at processTicksAndRejections (node:internal/process/task_queues:104:5)
          at Object.<anonymous> (D:\Antigravity\Projects\BELLA SPA ERP\src\__tests__\transaction-safety.test.ts:416:20) {
        code: 'BOOKING_PAYMENT_RECORD_ERROR',
        details: { bookingId: 'mock-booking-id' }
      }

      67 |     return { success: true, data: rpcResult.data };
      68 |   } catch (error) {
    > 69 |     console.error('Error recording remaining payment:', error);
         |             ^
      70 |     return { error: getErrorMessage(error) };
      71 |   }
      72 | }

      at error (src/core/services/order/payment-actions.ts:69:13)
      at Object.<anonymous> (src/__tests__/transaction-safety.test.ts:416:20)

    console.log
      [submitOnlineBooking] Created new lead customer: mock-inserted-id

      at log (src/core/services/order/online-booking-action.ts:94:13)

    console.error
      [processSessionCompletion] Error updating salary record, rolling back...: Error: Row not found
          at syncKtvSalaryAfterCompletion (D:\Antigravity\Projects\BELLA SPA ERP\src\core\services\order\session-completion-helpers.ts:437:19)
          at processTicksAndRejections (node:internal/process/task_queues:104:5)
          at processSessionCompletion (D:\Antigravity\Projects\BELLA SPA ERP\src\core\services\order\session-completion-engine.ts:183:24)
          at completeSession (D:\Antigravity\Projects\BELLA SPA ERP\src\core\services\order\complete-session-action.ts:118:18)
          at Object.<anonymous> (D:\Antigravity\Projects\BELLA SPA ERP\src\__tests__\transaction-safety.test.ts:476:20)

      442 |   }
      443 |
    > 444 |   console.error('[processSessionCompletion] Error updating salary record, rolling back...:', salaryError);
          |           ^
      445 |   const rollbackResult = await rollbackCompletionSideEffects({
      446 |     supabase,
      447 |     sessionId,

      at error (src/core/services/order/session-completion-helpers.ts:444:11)
      at processSessionCompletion (src/core/services/order/session-completion-engine.ts:183:24)
      at completeSession (src/core/services/order/complete-session-action.ts:118:18)
      at Object.<anonymous> (src/__tests__/transaction-safety.test.ts:476:20)

    console.error
      [completeSession] Failed to process session completion, rolling back status: Kh├┤ng thß╗â ghi nhß║¡n l╞░╞íng cho KTV. ─É├ú ho├án t├íc ca l├ám: Row not found

      129 |
      130 |   if (result.error) {
    > 131 |     console.error('[completeSession] Failed to process session completion, rolling back status:', result.error);
          |             ^
      132 |     // Rollback session status
      133 |     const { error: rollbackError } = await supabase.from('session_logs').update({
      134 |       status: existingLog?.status || 'scheduled',

      at error (src/core/services/order/complete-session-action.ts:131:13)
      at Object.<anonymous> (src/__tests__/transaction-safety.test.ts:476:20)

PASS src/__tests__/finance.test.ts
  ΓùÅ Console

    console.log
      Γùç injected env (9) from .env.local // tip: Γîü auth for agents [www.vestauth.com]

      at _log (node_modules/dotenv/lib/main.js:131:11)

    console.log
      [Jest Setup] SUPABASE_SERVICE_ROLE_KEY loaded: sb_secret_Dm... (41 chars)

      at Object.log (jest.setup.ts:10:9)

PASS src/__tests__/create-booking-payment-status.test.ts
  ΓùÅ Console

    console.log
      Γùç injected env (9) from .env.local // tip: Γîÿ suppress logs { quiet: true }

      at _log (node_modules/dotenv/lib/main.js:131:11)

    console.log
      [Jest Setup] SUPABASE_SERVICE_ROLE_KEY loaded: sb_secret_Dm... (41 chars)

      at Object.log (jest.setup.ts:10:9)

    console.log
      [createServerClient] Test environment detected - using service role client

      at log (src/lib/supabase-server.ts:23:13)

    console.log
      [buildBookingPayload] Discount: client=25%, server=0% (enforced)

      at log (src/core/services/order/create-booking-helpers.ts:301:13)

    console.log
      [createServerClient] Test environment detected - using service role client

      at log (src/lib/supabase-server.ts:23:13)

    console.log
      [buildBookingPayload] Discount: client=25%, server=0% (enforced)

      at log (src/core/services/order/create-booking-helpers.ts:301:13)

PASS src/__tests__/e2e-salary-minimal.test.ts
  ΓùÅ Console

    console.log
      Γùç injected env (9) from .env.local // tip: Γîÿ override existing { override: true }

      at _log (node_modules/dotenv/lib/main.js:131:11)

    console.log
      [Jest Setup] SUPABASE_SERVICE_ROLE_KEY loaded: sb_secret_Dm... (41 chars)

      at Object.log (jest.setup.ts:10:9)

    console.log
      Γ£ô Environment configured for E2E tests

      at log (src/__tests__/helpers/salary-e2e-db-helper.ts:494:11)

    console.log
      ≡ƒÜÇ Setting up minimal salary test...

      at Object.log (src/__tests__/e2e-salary-minimal.test.ts:35:15)

    console.log
      Γ£à Created test tenant: 00000000-0000-0000-0000-000000000001

      at log (src/__tests__/helpers/salary-e2e-db-helper.ts:195:11)

    console.error
      Γ¥î Environment not configured: Error: Failed to create KTVs: invalid input syntax for type uuid: "e2e-salary-test-ktv-alpha"
          at createTestKTVs (D:\Antigravity\Projects\BELLA SPA ERP\src\__tests__\helpers\salary-e2e-db-helper.ts:214:11)
          at processTicksAndRejections (node:internal/process/task_queues:104:5)
          at Object.<anonymous> (D:\Antigravity\Projects\BELLA SPA ERP\src\__tests__\e2e-salary-minimal.test.ts:50:5)

      65 |     console.log('Γ£à Minimal test setup complete');
      66 |     } catch (error) {
    > 67 |       console.error('Γ¥î Environment not configured:', error);
         |               ^
      68 |       console.log('ΓÅ⌐ Skipping E2E tests - set SUPABASE_URL and SUPABASE_SERVICE_ROLE_KEY to run');
      69 |       envConfigured = false;
      70 |     }

      at Object.error (src/__tests__/e2e-salary-minimal.test.ts:67:15)

    console.log
      ΓÅ⌐ Skipping E2E tests - set SUPABASE_URL and SUPABASE_SERVICE_ROLE_KEY to run

      at Object.log (src/__tests__/e2e-salary-minimal.test.ts:68:15)

    console.log
      ΓÅ⌐ Skipping test - environment not configured

      at Object.log (src/__tests__/e2e-salary-minimal.test.ts:81:15)

PASS tests/security/api-gateway-security.test.ts
  ΓùÅ Console

    console.log
      Γùç injected env (9) from .env.local // tip: Γîÿ custom filepath { path: '/custom/path/.env' }

      at _log (node_modules/dotenv/lib/main.js:131:11)

    console.log
      [Jest Setup] SUPABASE_SERVICE_ROLE_KEY loaded: sb_secret_Dm... (41 chars)

      at Object.log (jest.setup.ts:10:9)

    console.warn
      [Scope Middleware] Access denied {
        partner_id: 'partner-123',
        required_scope: 'partner:admin',
        partner_scopes: [ 'order:read' ]
      }

      140 |   // Check if partner has the required scope
      141 |   if (!hasScope(partnerScopes, requiredScope)) {
    > 142 |     console.warn(
          |             ^
      143 |       '[Scope Middleware] Access denied',
      144 |       {
      145 |         partner_id: req.partner.partner_id,

      at warn (src/lib/middleware/scope.middleware.ts:142:13)
      at Object.<anonymous> (tests/security/api-gateway-security.test.ts:69:36)

PASS src/__tests__/concurrency.test.ts
  ΓùÅ Console

    console.log
      Γùç injected env (9) from .env.local // tip: Γîÿ custom filepath { path: '/custom/path/.env' }

      at _log (node_modules/dotenv/lib/main.js:131:11)

    console.log
      [Jest Setup] SUPABASE_SERVICE_ROLE_KEY loaded: sb_secret_Dm... (41 chars)

      at Object.log (jest.setup.ts:10:9)

    console.log
      [createBooking] Level1 resolved tenant: tenant-a

      at log (src/core/services/order/create-booking-helpers.ts:190:15)
          at async Promise.all (index 0)

    console.log
      [createBooking] Final tenantId: tenant-a | user: null

      at log (src/core/services/order/create-booking-helpers.ts:224:11)
          at async Promise.all (index 0)

    console.log
      [createBooking] Level1 resolved tenant: tenant-a

      at log (src/core/services/order/create-booking-helpers.ts:190:15)
          at async Promise.all (index 1)

    console.log
      [createBooking] Final tenantId: tenant-a | user: null

      at log (src/core/services/order/create-booking-helpers.ts:224:11)
          at async Promise.all (index 1)

    console.error
      [calculateServerDiscount] Failed to fetch customer: { message: 'Row not found' }

      65 |
      66 |     if (customerError || !customer) {
    > 67 |       console.error('[calculateServerDiscount] Failed to fetch customer:', customerError);
         |               ^
      68 |       return 0; // Fallback: no discount
      69 |     }
      70 |

      at error (src/core/services/order/discount-integration.ts:67:15)
      at buildBookingPayload (src/core/services/order/create-booking-helpers.ts:293:32)
      at createBooking (src/core/services/order/create-booking-action.ts:253:26)
          at async Promise.all (index 0)
      at Object.<anonymous> (src/__tests__/concurrency.test.ts:258:21)

    console.error
      [calculateServerDiscount] Failed to fetch customer: { message: 'Row not found' }

      65 |
      66 |     if (customerError || !customer) {
    > 67 |       console.error('[calculateServerDiscount] Failed to fetch customer:', customerError);
         |               ^
      68 |       return 0; // Fallback: no discount
      69 |     }
      70 |

      at error (src/core/services/order/discount-integration.ts:67:15)
      at buildBookingPayload (src/core/services/order/create-booking-helpers.ts:293:32)
      at createBooking (src/core/services/order/create-booking-action.ts:253:26)
          at async Promise.all (index 1)
      at Object.<anonymous> (src/__tests__/concurrency.test.ts:258:21)

    console.log
      [buildBookingPayload] Discount: client=undefined%, server=0% (enforced)

      at log (src/core/services/order/create-booking-helpers.ts:301:13)
          at async Promise.all (index 0)

    console.log
      [buildBookingPayload] Discount: client=undefined%, server=0% (enforced)

      at log (src/core/services/order/create-booking-helpers.ts:301:13)
          at async Promise.all (index 1)

    console.log
      [invokeAdapterValidation] No adapter found for module 'spa', skipping validation

      at log (src/core/services/order/create-booking-helpers.ts:739:13)
          at async Promise.all (index 0)

    console.log
      [invokeAdapterValidation] No adapter found for module 'spa', skipping validation

      at log (src/core/services/order/create-booking-helpers.ts:739:13)
          at async Promise.all (index 1)

    console.log
      [invokeAdapterOnCompletion] No adapter found for module 'spa', skipping completion callback

      at log (src/core/services/order/session-completion-helpers.ts:648:13)
          at async Promise.all (index 0)

    console.log
      [invokeAdapterOnCompletion] No adapter found for module 'spa', skipping completion callback

      at log (src/core/services/order/session-completion-helpers.ts:648:13)
          at async Promise.all (index 1)

PASS src/__tests__/edge-cases.test.ts
  ΓùÅ Console

    console.log
      Γùç injected env (9) from .env.local // tip: Γùê secrets for agents [www.dotenvx.com]

      at _log (node_modules/dotenv/lib/main.js:131:11)

    console.log
      [Jest Setup] SUPABASE_SERVICE_ROLE_KEY loaded: sb_secret_Dm... (41 chars)

      at Object.log (jest.setup.ts:10:9)

    console.log
      [PayrollConfigService] Cache MISS: tenant-a:commission, fetching from DB...

      at PayrollConfigService.log [as getProviderConfig] (src/services/payroll-config.service.ts:96:13)

    console.error
      [PayrollConfigService] Error loading config for tenant-a:commission: TypeError: supabase.from is not a function
          at PayrollConfigService.from [as getProviderConfig] (D:\Antigravity\Projects\BELLA SPA ERP\src\services\payroll-config.service.ts:102:10)
          at CommissionProvider.getProviderConfig [as evaluate] (D:\Antigravity\Projects\BELLA SPA ERP\src\services\providers\commission-provider.ts:227:46)
          at evaluate (D:\Antigravity\Projects\BELLA SPA ERP\src\modules\hr-salary\actions\salary-recalculation-engine.ts:410:57)
          at processTicksAndRejections (node:internal/process/task_queues:104:5)
          at publishSalaryRecord (D:\Antigravity\Projects\BELLA SPA ERP\src\modules\hr-salary\actions\admin-salary-actions.ts:428:17)
          at Object.<anonymous> (D:\Antigravity\Projects\BELLA SPA ERP\src\__tests__\edge-cases.test.ts:272:22)

      129 |       return config;
      130 |     } catch (error) {
    > 131 |       console.error(`[PayrollConfigService] Error loading config for ${cacheKey}:`, error);
          |               ^
      132 |       // Fallback to default on error
      133 |       return this.getDefaultConfig(providerKey);
      134 |     }

      at PayrollConfigService.error [as getProviderConfig] (src/services/payroll-config.service.ts:131:15)
      at CommissionProvider.getProviderConfig [as evaluate] (src/services/providers/commission-provider.ts:227:46)
      at evaluate (src/modules/hr-salary/actions/salary-recalculation-engine.ts:410:57)
      at publishSalaryRecord (src/modules/hr-salary/actions/admin-salary-actions.ts:428:17)
      at Object.<anonymous> (src/__tests__/edge-cases.test.ts:272:22)

    console.log
      [PHASE_2_ACTIVE] Commission - Using Provider Result: {
        ktvId: 'ktv-1',
        month: '2026-07-01',
        provider_commission: 0,
        old_logic_would_be: 0,
        strategy: undefined,
        sessions: 0,
        total_revenue: 0
      }

      at log (src/modules/hr-salary/actions/salary-recalculation-engine.ts:415:15)

    console.log
      [PayrollConfigService] Cache MISS: tenant-a:attendance, fetching from DB...

      at PayrollConfigService.log [as getProviderConfig] (src/services/payroll-config.service.ts:96:13)

    console.error
      [PayrollConfigService] Error loading config for tenant-a:attendance: TypeError: supabase.from is not a function
          at PayrollConfigService.from [as getProviderConfig] (D:\Antigravity\Projects\BELLA SPA ERP\src\services\payroll-config.service.ts:102:10)
          at AttendanceProvider.getProviderConfig [as evaluate] (D:\Antigravity\Projects\BELLA SPA ERP\src\services\providers\attendance-provider.ts:117:46)
          at evaluate (D:\Antigravity\Projects\BELLA SPA ERP\src\modules\hr-salary\actions\salary-recalculation-engine.ts:477:57)
          at processTicksAndRejections (node:internal/process/task_queues:104:5)
          at publishSalaryRecord (D:\Antigravity\Projects\BELLA SPA ERP\src\modules\hr-salary\actions\admin-salary-actions.ts:428:17)
          at Object.<anonymous> (D:\Antigravity\Projects\BELLA SPA ERP\src\__tests__\edge-cases.test.ts:272:22)

      129 |       return config;
      130 |     } catch (error) {
    > 131 |       console.error(`[PayrollConfigService] Error loading config for ${cacheKey}:`, error);
          |               ^
      132 |       // Fallback to default on error
      133 |       return this.getDefaultConfig(providerKey);
      134 |     }

      at PayrollConfigService.error [as getProviderConfig] (src/services/payroll-config.service.ts:131:15)
      at AttendanceProvider.getProviderConfig [as evaluate] (src/services/providers/attendance-provider.ts:117:46)
      at evaluate (src/modules/hr-salary/actions/salary-recalculation-engine.ts:477:57)
      at publishSalaryRecord (src/modules/hr-salary/actions/admin-salary-actions.ts:428:17)
      at Object.<anonymous> (src/__tests__/edge-cases.test.ts:272:22)

    console.log
      [PHASE_2_ACTIVE] Attendance - Using Provider Result: {
        ktvId: 'ktv-1',
        month: '2026-07-01',
        provider_deduction: 0,
        old_logic_would_be: 0,
        strategy: undefined,
        late_days: 0,
        absent_days: 0
      }

      at log (src/modules/hr-salary/actions/salary-recalculation-engine.ts:485:15)

    console.log
      [PayrollConfigService] Cache MISS: tenant-a:kpi, fetching from DB...

      at PayrollConfigService.log [as getProviderConfig] (src/services/payroll-config.service.ts:96:13)

    console.error
      [PayrollConfigService] Error loading config for tenant-a:kpi: TypeError: supabase.from is not a function
          at PayrollConfigService.from [as getProviderConfig] (D:\Antigravity\Projects\BELLA SPA ERP\src\services\payroll-config.service.ts:102:10)
          at KPIProvider.getProviderConfig [as evaluate] (D:\Antigravity\Projects\BELLA SPA ERP\src\services\providers\kpi-provider.ts:180:46)
          at evaluate (D:\Antigravity\Projects\BELLA SPA ERP\src\modules\hr-salary\actions\salary-recalculation-engine.ts:541:43)
          at processTicksAndRejections (node:internal/process/task_queues:104:5)
          at publishSalaryRecord (D:\Antigravity\Projects\BELLA SPA ERP\src\modules\hr-salary\actions\admin-salary-actions.ts:428:17)
          at Object.<anonymous> (D:\Antigravity\Projects\BELLA SPA ERP\src\__tests__\edge-cases.test.ts:272:22)

      129 |       return config;
      130 |     } catch (error) {
    > 131 |       console.error(`[PayrollConfigService] Error loading config for ${cacheKey}:`, error);
          |               ^
      132 |       // Fallback to default on error
      133 |       return this.getDefaultConfig(providerKey);
      134 |     }

      at PayrollConfigService.error [as getProviderConfig] (src/services/payroll-config.service.ts:131:15)
      at KPIProvider.getProviderConfig [as evaluate] (src/services/providers/kpi-provider.ts:180:46)
      at evaluate (src/modules/hr-salary/actions/salary-recalculation-engine.ts:541:43)
      at publishSalaryRecord (src/modules/hr-salary/actions/admin-salary-actions.ts:428:17)
      at Object.<anonymous> (src/__tests__/edge-cases.test.ts:272:22)

    console.log
      [PHASE_2_ACTIVE] KPI - Using Provider Result: {
        ktvId: 'ktv-1',
        month: '2026-07-01',
        provider_bonus: 0,
        old_logic_would_be: 0,
        strategy: undefined,
        sessions: 0
      }

      at log (src/modules/hr-salary/actions/salary-recalculation-engine.ts:546:15)

    console.log
      [PayrollConfigService] Cache MISS: tenant-a:rating, fetching from DB...

      at PayrollConfigService.log [as getProviderConfig] (src/services/payroll-config.service.ts:96:13)

    console.error
      [PayrollConfigService] Error loading config for tenant-a:rating: TypeError: supabase.from is not a function
          at PayrollConfigService.from [as getProviderConfig] (D:\Antigravity\Projects\BELLA SPA ERP\src\services\payroll-config.service.ts:102:10)
          at RatingProvider.getProviderConfig [as evaluate] (D:\Antigravity\Projects\BELLA SPA ERP\src\services\providers\rating-provider.ts:149:46)
          at evaluate (D:\Antigravity\Projects\BELLA SPA ERP\src\modules\hr-salary\actions\salary-recalculation-engine.ts:777:49)
          at processTicksAndRejections (node:internal/process/task_queues:104:5)
          at publishSalaryRecord (D:\Antigravity\Projects\BELLA SPA ERP\src\modules\hr-salary\actions\admin-salary-actions.ts:428:17)
          at Object.<anonymous> (D:\Antigravity\Projects\BELLA SPA ERP\src\__tests__\edge-cases.test.ts:272:22)

      129 |       return config;
      130 |     } catch (error) {
    > 131 |       console.error(`[PayrollConfigService] Error loading config for ${cacheKey}:`, error);
          |               ^
      132 |       // Fallback to default on error
      133 |       return this.getDefaultConfig(providerKey);
      134 |     }

      at PayrollConfigService.error [as getProviderConfig] (src/services/payroll-config.service.ts:131:15)
      at RatingProvider.getProviderConfig [as evaluate] (src/services/providers/rating-provider.ts:149:46)
      at evaluate (src/modules/hr-salary/actions/salary-recalculation-engine.ts:777:49)
      at publishSalaryRecord (src/modules/hr-salary/actions/admin-salary-actions.ts:428:17)
      at Object.<anonymous> (src/__tests__/edge-cases.test.ts:272:22)

    console.log
      [PHASE_2_ACTIVE] Rating - Using Provider Result: {
        ktvId: 'ktv-1',
        month: '2026-07-01',
        provider_bonus: 0,
        old_logic_would_be: 0,
        strategy: undefined,
        avg_rating: 5,
        sessions: 0
      }

      at log (src/modules/hr-salary/actions/salary-recalculation-engine.ts:782:15)

    console.log
      [PayrollConfigService] Cache MISS: tenant-a:commission, fetching from DB...

      at PayrollConfigService.log [as getProviderConfig] (src/services/payroll-config.service.ts:96:13)

    console.error
      [PayrollConfigService] Error loading config for tenant-a:commission: TypeError: supabase.from is not a function
          at PayrollConfigService.from [as getProviderConfig] (D:\Antigravity\Projects\BELLA SPA ERP\src\services\payroll-config.service.ts:102:10)
          at CommissionProvider.getProviderConfig [as evaluate] (D:\Antigravity\Projects\BELLA SPA ERP\src\services\providers\commission-provider.ts:227:46)
          at evaluate (D:\Antigravity\Projects\BELLA SPA ERP\src\modules\hr-salary\actions\salary-recalculation-engine.ts:410:57)
          at processTicksAndRejections (node:internal/process/task_queues:104:5)
          at syncKtvSalaryAfterCompletion (D:\Antigravity\Projects\BELLA SPA ERP\src\core\services\order\session-completion-helpers.ts:435:5)
          at processSessionCompletion (D:\Antigravity\Projects\BELLA SPA ERP\src\core\services\order\session-completion-engine.ts:183:24)
          at completeSession (D:\Antigravity\Projects\BELLA SPA ERP\src\core\services\order\complete-session-action.ts:118:18)
          at Object.<anonymous> (D:\Antigravity\Projects\BELLA SPA ERP\src\__tests__\edge-cases.test.ts:306:22)

      129 |       return config;
      130 |     } catch (error) {
    > 131 |       console.error(`[PayrollConfigService] Error loading config for ${cacheKey}:`, error);
          |               ^
      132 |       // Fallback to default on error
      133 |       return this.getDefaultConfig(providerKey);
      134 |     }

      at PayrollConfigService.error [as getProviderConfig] (src/services/payroll-config.service.ts:131:15)
      at CommissionProvider.getProviderConfig [as evaluate] (src/services/providers/commission-provider.ts:227:46)
      at evaluate (src/modules/hr-salary/actions/salary-recalculation-engine.ts:410:57)
      at syncKtvSalaryAfterCompletion (src/core/services/order/session-completion-helpers.ts:435:5)
      at processSessionCompletion (src/core/services/order/session-completion-engine.ts:183:24)
      at completeSession (src/core/services/order/complete-session-action.ts:118:18)
      at Object.<anonymous> (src/__tests__/edge-cases.test.ts:306:22)

    console.log
      [PHASE_2_ACTIVE] Commission - Using Provider Result: {
        ktvId: 'ktv-1',
        month: '2026-07-01',
        provider_commission: 0,
        old_logic_would_be: 0,
        strategy: undefined,
        sessions: 0,
        total_revenue: 0
      }

      at log (src/modules/hr-salary/actions/salary-recalculation-engine.ts:415:15)

    console.log
      [PayrollConfigService] Cache MISS: tenant-a:attendance, fetching from DB...

      at PayrollConfigService.log [as getProviderConfig] (src/services/payroll-config.service.ts:96:13)

    console.error
      [PayrollConfigService] Error loading config for tenant-a:attendance: TypeError: supabase.from is not a function
          at PayrollConfigService.from [as getProviderConfig] (D:\Antigravity\Projects\BELLA SPA ERP\src\services\payroll-config.service.ts:102:10)
          at AttendanceProvider.getProviderConfig [as evaluate] (D:\Antigravity\Projects\BELLA SPA ERP\src\services\providers\attendance-provider.ts:117:46)
          at evaluate (D:\Antigravity\Projects\BELLA SPA ERP\src\modules\hr-salary\actions\salary-recalculation-engine.ts:477:57)
          at processTicksAndRejections (node:internal/process/task_queues:104:5)
          at syncKtvSalaryAfterCompletion (D:\Antigravity\Projects\BELLA SPA ERP\src\core\services\order\session-completion-helpers.ts:435:5)
          at processSessionCompletion (D:\Antigravity\Projects\BELLA SPA ERP\src\core\services\order\session-completion-engine.ts:183:24)
          at completeSession (D:\Antigravity\Projects\BELLA SPA ERP\src\core\services\order\complete-session-action.ts:118:18)
          at Object.<anonymous> (D:\Antigravity\Projects\BELLA SPA ERP\src\__tests__\edge-cases.test.ts:306:22)

      129 |       return config;
      130 |     } catch (error) {
    > 131 |       console.error(`[PayrollConfigService] Error loading config for ${cacheKey}:`, error);
          |               ^
      132 |       // Fallback to default on error
      133 |       return this.getDefaultConfig(providerKey);
      134 |     }

      at PayrollConfigService.error [as getProviderConfig] (src/services/payroll-config.service.ts:131:15)
      at AttendanceProvider.getProviderConfig [as evaluate] (src/services/providers/attendance-provider.ts:117:46)
      at evaluate (src/modules/hr-salary/actions/salary-recalculation-engine.ts:477:57)
      at syncKtvSalaryAfterCompletion (src/core/services/order/session-completion-helpers.ts:435:5)
      at processSessionCompletion (src/core/services/order/session-completion-engine.ts:183:24)
      at completeSession (src/core/services/order/complete-session-action.ts:118:18)
      at Object.<anonymous> (src/__tests__/edge-cases.test.ts:306:22)

    console.log
      [PHASE_2_ACTIVE] Attendance - Using Provider Result: {
        ktvId: 'ktv-1',
        month: '2026-07-01',
        provider_deduction: 0,
        old_logic_would_be: 0,
        strategy: undefined,
        late_days: 0,
        absent_days: 0
      }

      at log (src/modules/hr-salary/actions/salary-recalculation-engine.ts:485:15)

    console.log
      [PayrollConfigService] Cache MISS: tenant-a:kpi, fetching from DB...

      at PayrollConfigService.log [as getProviderConfig] (src/services/payroll-config.service.ts:96:13)

    console.error
      [PayrollConfigService] Error loading config for tenant-a:kpi: TypeError: supabase.from is not a function
          at PayrollConfigService.from [as getProviderConfig] (D:\Antigravity\Projects\BELLA SPA ERP\src\services\payroll-config.service.ts:102:10)
          at KPIProvider.getProviderConfig [as evaluate] (D:\Antigravity\Projects\BELLA SPA ERP\src\services\providers\kpi-provider.ts:180:46)
          at evaluate (D:\Antigravity\Projects\BELLA SPA ERP\src\modules\hr-salary\actions\salary-recalculation-engine.ts:541:43)
          at processTicksAndRejections (node:internal/process/task_queues:104:5)
          at syncKtvSalaryAfterCompletion (D:\Antigravity\Projects\BELLA SPA ERP\src\core\services\order\session-completion-helpers.ts:435:5)
          at processSessionCompletion (D:\Antigravity\Projects\BELLA SPA ERP\src\core\services\order\session-completion-engine.ts:183:24)
          at completeSession (D:\Antigravity\Projects\BELLA SPA ERP\src\core\services\order\complete-session-action.ts:118:18)
          at Object.<anonymous> (D:\Antigravity\Projects\BELLA SPA ERP\src\__tests__\edge-cases.test.ts:306:22)

      129 |       return config;
      130 |     } catch (error) {
    > 131 |       console.error(`[PayrollConfigService] Error loading config for ${cacheKey}:`, error);
          |               ^
      132 |       // Fallback to default on error
      133 |       return this.getDefaultConfig(providerKey);
      134 |     }

      at PayrollConfigService.error [as getProviderConfig] (src/services/payroll-config.service.ts:131:15)
      at KPIProvider.getProviderConfig [as evaluate] (src/services/providers/kpi-provider.ts:180:46)
      at evaluate (src/modules/hr-salary/actions/salary-recalculation-engine.ts:541:43)
      at syncKtvSalaryAfterCompletion (src/core/services/order/session-completion-helpers.ts:435:5)
      at processSessionCompletion (src/core/services/order/session-completion-engine.ts:183:24)
      at completeSession (src/core/services/order/complete-session-action.ts:118:18)
      at Object.<anonymous> (src/__tests__/edge-cases.test.ts:306:22)

    console.log
      [PHASE_2_ACTIVE] KPI - Using Provider Result: {
        ktvId: 'ktv-1',
        month: '2026-07-01',
        provider_bonus: 0,
        old_logic_would_be: 0,
        strategy: undefined,
        sessions: 0
      }

      at log (src/modules/hr-salary/actions/salary-recalculation-engine.ts:546:15)

    console.log
      [PayrollConfigService] Cache MISS: tenant-a:rating, fetching from DB...

      at PayrollConfigService.log [as getProviderConfig] (src/services/payroll-config.service.ts:96:13)

    console.error
      [PayrollConfigService] Error loading config for tenant-a:rating: TypeError: supabase.from is not a function
          at PayrollConfigService.from [as getProviderConfig] (D:\Antigravity\Projects\BELLA SPA ERP\src\services\payroll-config.service.ts:102:10)
          at RatingProvider.getProviderConfig [as evaluate] (D:\Antigravity\Projects\BELLA SPA ERP\src\services\providers\rating-provider.ts:149:46)
          at evaluate (D:\Antigravity\Projects\BELLA SPA ERP\src\modules\hr-salary\actions\salary-recalculation-engine.ts:777:49)
          at processTicksAndRejections (node:internal/process/task_queues:104:5)
          at syncKtvSalaryAfterCompletion (D:\Antigravity\Projects\BELLA SPA ERP\src\core\services\order\session-completion-helpers.ts:435:5)
          at processSessionCompletion (D:\Antigravity\Projects\BELLA SPA ERP\src\core\services\order\session-completion-engine.ts:183:24)
          at completeSession (D:\Antigravity\Projects\BELLA SPA ERP\src\core\services\order\complete-session-action.ts:118:18)
          at Object.<anonymous> (D:\Antigravity\Projects\BELLA SPA ERP\src\__tests__\edge-cases.test.ts:306:22)

      129 |       return config;
      130 |     } catch (error) {
    > 131 |       console.error(`[PayrollConfigService] Error loading config for ${cacheKey}:`, error);
          |               ^
      132 |       // Fallback to default on error
      133 |       return this.getDefaultConfig(providerKey);
      134 |     }

      at PayrollConfigService.error [as getProviderConfig] (src/services/payroll-config.service.ts:131:15)
      at RatingProvider.getProviderConfig [as evaluate] (src/services/providers/rating-provider.ts:149:46)
      at evaluate (src/modules/hr-salary/actions/salary-recalculation-engine.ts:777:49)
      at syncKtvSalaryAfterCompletion (src/core/services/order/session-completion-helpers.ts:435:5)
      at processSessionCompletion (src/core/services/order/session-completion-engine.ts:183:24)
      at completeSession (src/core/services/order/complete-session-action.ts:118:18)
      at Object.<anonymous> (src/__tests__/edge-cases.test.ts:306:22)

    console.log
      [PHASE_2_ACTIVE] Rating - Using Provider Result: {
        ktvId: 'ktv-1',
        month: '2026-07-01',
        provider_bonus: 0,
        old_logic_would_be: 0,
        strategy: undefined,
        avg_rating: 5,
        sessions: 0
      }

      at log (src/modules/hr-salary/actions/salary-recalculation-engine.ts:782:15)

    console.log
      [invokeAdapterOnCompletion] No adapter found for module 'spa', skipping completion callback

      at log (src/core/services/order/session-completion-helpers.ts:648:13)

PASS src/__tests__/cash-flow.test.ts
  ΓùÅ Console

    console.log
      Γùç injected env (9) from .env.local // tip: Γîÿ suppress logs { quiet: true }

      at _log (node_modules/dotenv/lib/main.js:131:11)

    console.log
      [Jest Setup] SUPABASE_SERVICE_ROLE_KEY loaded: sb_secret_Dm... (41 chars)

      at Object.log (jest.setup.ts:10:9)

PASS src/__tests__/accounting-template-rules.test.ts
  ΓùÅ Console

    console.log
      Γùç injected env (9) from .env.local // tip: Γîÿ custom filepath { path: '/custom/path/.env' }

      at _log (node_modules/dotenv/lib/main.js:131:11)

    console.log
      [Jest Setup] SUPABASE_SERVICE_ROLE_KEY loaded: sb_secret_Dm... (41 chars)

      at Object.log (jest.setup.ts:10:9)

PASS src/__tests__/landing-data-hooks.test.tsx
  ΓùÅ Console

    console.log
      Γùç injected env (9) from .env.local // tip: Γîÿ suppress logs { quiet: true }

      at _log (node_modules/dotenv/lib/main.js:131:11)

    console.log
      [Jest Setup] SUPABASE_SERVICE_ROLE_KEY loaded: sb_secret_Dm... (41 chars)

      at Object.log (jest.setup.ts:10:9)

PASS src/__tests__/online-booking-package-scope.test.ts
  ΓùÅ Console

    console.log
      Γùç injected env (9) from .env.local // tip: Γîÿ custom filepath { path: '/custom/path/.env' }

      at _log (node_modules/dotenv/lib/main.js:131:11)

    console.log
      [Jest Setup] SUPABASE_SERVICE_ROLE_KEY loaded: sb_secret_Dm... (41 chars)

      at Object.log (jest.setup.ts:10:9)

PASS src/__tests__/booking-tenant-scope.test.ts
  ΓùÅ Console

    console.log
      Γùç injected env (9) from .env.local // tip: Γùê secrets for agents [www.dotenvx.com]

      at _log (node_modules/dotenv/lib/main.js:131:11)

    console.log
      [Jest Setup] SUPABASE_SERVICE_ROLE_KEY loaded: sb_secret_Dm... (41 chars)

      at Object.log (jest.setup.ts:10:9)

PASS src/components/bookings/__tests__/ServiceItemRow.test.tsx
  ΓùÅ Console

    console.log
      Γùç injected env (9) from .env.local // tip: Γîÿ custom filepath { path: '/custom/path/.env' }

      at _log (node_modules/dotenv/lib/main.js:131:11)

    console.log
      [Jest Setup] SUPABASE_SERVICE_ROLE_KEY loaded: sb_secret_Dm... (41 chars)

      at Object.log (jest.setup.ts:10:9)

PASS src/__tests__/validations.test.ts
  ΓùÅ Console

    console.log
      Γùç injected env (9) from .env.local // tip: Γîÿ override existing { override: true }

      at _log (node_modules/dotenv/lib/main.js:131:11)

    console.log
      [Jest Setup] SUPABASE_SERVICE_ROLE_KEY loaded: sb_secret_Dm... (41 chars)

      at Object.log (jest.setup.ts:10:9)

PASS src/__tests__/e2e-accounting-period-lock.test.ts
  ΓùÅ Console

    console.log
      Γùç injected env (9) from .env.local // tip: Γùê encrypted .env [www.dotenvx.com]

      at _log (node_modules/dotenv/lib/main.js:131:11)

    console.log
      [Jest Setup] SUPABASE_SERVICE_ROLE_KEY loaded: sb_secret_Dm... (41 chars)

      at Object.log (jest.setup.ts:10:9)

    console.log
      Γ£à Step 1: April 2026 locked

      at Object.log (src/__tests__/e2e-accounting-period-lock.test.ts:38:13)

    console.log
      Γ£à Step 2: Insert blocked by database constraint {
        error: 'new row for relation "journal_entries" violates check constraint "journal_entries_status_check"'
      }

      at Object.log (src/__tests__/e2e-accounting-period-lock.test.ts:55:15)

    console.log
      
      ≡ƒÄë E2E PERIOD LOCK TEST: PASSED

      at Object.log (src/__tests__/e2e-accounting-period-lock.test.ts:71:13)

PASS src/lib/workflow-engine/__tests__/workflow-engine.test.ts
  ΓùÅ Console

    console.log
      Γùç injected env (9) from .env.local // tip: Γîÿ suppress logs { quiet: true }

      at _log (node_modules/dotenv/lib/main.js:131:11)

    console.log
      [Jest Setup] SUPABASE_SERVICE_ROLE_KEY loaded: sb_secret_Dm... (41 chars)

      at Object.log (jest.setup.ts:10:9)

PASS src/__tests__/export-actions.test.ts
  ΓùÅ Console

    console.log
      Γùç injected env (9) from .env.local // tip: Γîÿ multiple files { path: ['.env.local', '.env'] }

      at _log (node_modules/dotenv/lib/main.js:131:11)

    console.log
      [Jest Setup] SUPABASE_SERVICE_ROLE_KEY loaded: sb_secret_Dm... (41 chars)

      at Object.log (jest.setup.ts:10:9)

PASS src/__tests__/accounting-outbox-replay-safety.test.ts
  ΓùÅ Console

    console.log
      Γùç injected env (9) from .env.local // tip: Γùê encrypted .env [www.dotenvx.com]

      at _log (node_modules/dotenv/lib/main.js:131:11)

    console.log
      [Jest Setup] SUPABASE_SERVICE_ROLE_KEY loaded: sb_secret_Dm... (41 chars)

      at Object.log (jest.setup.ts:10:9)

PASS src/__tests__/cross-module-integrity.test.ts
  ΓùÅ Console

    console.log
      Γùç injected env (9) from .env.local // tip: Γîÿ enable debugging { debug: true }

      at _log (node_modules/dotenv/lib/main.js:131:11)

    console.log
      [Jest Setup] SUPABASE_SERVICE_ROLE_KEY loaded: sb_secret_Dm... (41 chars)

      at Object.log (jest.setup.ts:10:9)

    console.log
      [createBooking] Level1 resolved tenant: tenant-a

      at log (src/core/services/order/create-booking-helpers.ts:190:15)

    console.log
      [createBooking] Final tenantId: tenant-a | user: null

      at log (src/core/services/order/create-booking-helpers.ts:224:11)

    console.log
      [PricingActions] Calculating price for G├│i Ch─âm S├│c Bß║ºu VIP (pkg-123)

      at log (src/core/services/order/pricing-actions.ts:92:11)

    console.warn
      [PricingActions] No adapter found for module babycare, using base price 5000000

       99 |
      100 |   if (!adapter) {
    > 101 |     console.warn(
          |             ^
      102 |       `[PricingActions] No adapter found for module ${moduleId}, using base price ${item.basePrice}`
      103 |     );
      104 |     return item.basePrice;

      at warn (src/core/services/order/pricing-actions.ts:101:13)
      at calculateOrderPrice (src/core/services/order/create-booking-helpers.ts:277:28)
      at createBooking (src/core/services/order/create-booking-action.ts:253:26)
      at Object.<anonymous> (src/__tests__/cross-module-integrity.test.ts:543:26)

    console.log
      [buildBookingPayload] Adapter pricing: 5000000 ΓåÆ 5000000

      at log (src/core/services/order/create-booking-helpers.ts:278:17)

    console.error
      [calculateServerDiscount] Failed to fetch customer: { message: 'Row not found' }

      65 |
      66 |     if (customerError || !customer) {
    > 67 |       console.error('[calculateServerDiscount] Failed to fetch customer:', customerError);
         |               ^
      68 |       return 0; // Fallback: no discount
      69 |     }
      70 |

      at error (src/core/services/order/discount-integration.ts:67:15)
      at buildBookingPayload (src/core/services/order/create-booking-helpers.ts:293:32)
      at createBooking (src/core/services/order/create-booking-action.ts:253:26)
      at Object.<anonymous> (src/__tests__/cross-module-integrity.test.ts:543:26)

    console.log
      [buildBookingPayload] Discount: client=undefined%, server=0% (enforced)

      at log (src/core/services/order/create-booking-helpers.ts:301:13)

    console.log
      [invokeAdapterValidation] No adapter found for module 'spa', skipping validation

      at log (src/core/services/order/create-booking-helpers.ts:739:13)

    console.log
      [invokeAdapterOnCompletion] No adapter found for module 'spa', skipping completion callback

      at log (src/core/services/order/session-completion-helpers.ts:648:13)

PASS src/__tests__/gps-geocode-attendance.test.ts
  ΓùÅ Console

    console.log
      Γùç injected env (9) from .env.local // tip: Γîÿ enable debugging { debug: true }

      at _log (node_modules/dotenv/lib/main.js:131:11)

    console.log
      [Jest Setup] SUPABASE_SERVICE_ROLE_KEY loaded: sb_secret_Dm... (41 chars)

      at Object.log (jest.setup.ts:10:9)

    console.log
      [startSession] Automatically assigned coordinates (10.5, 106.5) for customer cust-123 based on first KTV check-in.

      at log (src/services/ktv-actions.ts:516:17)

PASS src/__tests__/subscription.test.ts
  ΓùÅ Console

    console.log
      Γùç injected env (9) from .env.local // tip: Γîÿ multiple files { path: ['.env.local', '.env'] }

      at _log (node_modules/dotenv/lib/main.js:131:11)

    console.log
      [Jest Setup] SUPABASE_SERVICE_ROLE_KEY loaded: sb_secret_Dm... (41 chars)

      at Object.log (jest.setup.ts:10:9)

    console.warn
      [checkSubscriptionLimit] Tenant tenant-1 subscription expired on 2026-07-16T07:56:40.832Z

      131 |
      132 |   if (isSubscriptionExpired(tenant.subscription_expires_at)) {
    > 133 |     console.warn(`[checkSubscriptionLimit] Tenant ${tenantId} subscription expired on ${tenant.subscription_expires_at}`);
          |             ^
      134 |     const limits = buildQuotaSnapshot(tierName, 0, 0, 0);
      135 |     return { isBlocked: true, current: 0, max: 0, tier, isExpired: true, limits };
      136 |   }

      at warn (src/lib/subscription.ts:133:13)
      at Object.<anonymous> (src/__tests__/subscription.test.ts:235:19)

    console.log
      [Payment Webhook] Received request at: 2026-07-16T07:58:20.885Z

      at log (src/app/api/webhooks/payment/route.ts:320:11)

    console.warn
      [Payment Webhook] Unauthorized request.

      339 |
      340 |     if (!secureCompare(secret, providedSecret)) {
    > 341 |       console.warn("[Payment Webhook] Unauthorized request.");
          |               ^
      342 |       return NextResponse.json({ error: "Unauthorized" }, { status: 401 });
      343 |     }
      344 |

      at warn (src/app/api/webhooks/payment/route.ts:341:15)
      at Object.POST (src/__tests__/subscription.test.ts:648:30)

    console.log
      [Payment Webhook] Received request at: 2026-07-16T07:58:20.891Z

      at log (src/app/api/webhooks/payment/route.ts:320:11)

    console.log
      [Payment Webhook] Request body: {"transferAmount":200000,"content":"SUB INV-1002","code":"TX-MISSING-ENV"}

      at log (src/app/api/webhooks/payment/route.ts:346:13)

    console.log
      [Payment Webhook] Extracted transactions count: 1

      at log (src/app/api/webhooks/payment/route.ts:349:13)

    console.log
      [Payment Webhook] Processing Transaction ID: TX-MISSING-ENV, Amount: 200000, Desc: "SUB INV-1002"

      at log (src/app/api/webhooks/payment/route.ts:367:15)

    console.log
      [Payment Webhook] Match found! Subscription Invoice Number: "INV-1002"

      at log (src/app/api/webhooks/payment/route.ts:380:17)

    console.log
      [Payment Webhook] Successfully renewed subscription for invoice: INV-1002

      at log (src/app/api/webhooks/payment/route.ts:394:17)

    console.log
      [Payment Webhook] Received request at: 2026-07-16T07:58:20.896Z

      at log (src/app/api/webhooks/payment/route.ts:320:11)

    console.log
      [Payment Webhook] Request body: {"transferAmount":500000,"content":"SUB INV-9988","code":"TX12345","transactionDate":"2026-05-21 12:00:00"}

      at log (src/app/api/webhooks/payment/route.ts:346:13)

    console.log
      [Payment Webhook] Extracted transactions count: 1

      at log (src/app/api/webhooks/payment/route.ts:349:13)

    console.log
      [Payment Webhook] Processing Transaction ID: TX12345, Amount: 500000, Desc: "SUB INV-9988"

      at log (src/app/api/webhooks/payment/route.ts:367:15)

    console.log
      [Payment Webhook] Match found! Subscription Invoice Number: "INV-9988"

      at log (src/app/api/webhooks/payment/route.ts:380:17)

    console.log
      [Payment Webhook] Successfully renewed subscription for invoice: INV-9988

      at log (src/app/api/webhooks/payment/route.ts:394:17)

    console.log
      [Payment Webhook] Received request at: 2026-07-16T07:58:20.900Z

      at log (src/app/api/webhooks/payment/route.ts:320:11)

    console.log
      [Payment Webhook] Request body: {"transferAmount":300000,"content":"thanh toan gia han SUB-INV-12345 qua VietQR","code":"TX67890"}

      at log (src/app/api/webhooks/payment/route.ts:346:13)

    console.log
      [Payment Webhook] Extracted transactions count: 1

      at log (src/app/api/webhooks/payment/route.ts:349:13)

    console.log
      [Payment Webhook] Processing Transaction ID: TX67890, Amount: 300000, Desc: "thanh toan gia han SUB-INV-12345 qua VietQR"

      at log (src/app/api/webhooks/payment/route.ts:367:15)

    console.log
      [Payment Webhook] Match found! Subscription Invoice Number: "INV-12345"

      at log (src/app/api/webhooks/payment/route.ts:380:17)

    console.log
      [Payment Webhook] Successfully renewed subscription for invoice: INV-12345

      at log (src/app/api/webhooks/payment/route.ts:394:17)

    console.log
      [Payment Webhook] Received request at: 2026-07-16T07:58:20.903Z

      at log (src/app/api/webhooks/payment/route.ts:320:11)

    console.log
      [Payment Webhook] Request body: {"transferAmount":1000000,"content":"BELLA BK-1001","code":"TX-BELLA-1","transactionDate":"2026-05-21T12:00:00.000Z"}

      at log (src/app/api/webhooks/payment/route.ts:346:13)

    console.log
      [Payment Webhook] Extracted transactions count: 1

      at log (src/app/api/webhooks/payment/route.ts:349:13)

    console.log
      [Payment Webhook] Processing Transaction ID: TX-BELLA-1, Amount: 1000000, Desc: "BELLA BK-1001"

      at log (src/app/api/webhooks/payment/route.ts:367:15)

    console.log
      [Payment Webhook] Match found! Booking Number: "BK-1001"

      at log (src/app/api/webhooks/payment/route.ts:410:15)

    console.log
      [Payment Webhook] Updated Booking status from "deposit_pending" to "booked"

      at log (src/app/api/webhooks/payment/route.ts:508:17)

    console.log
      [Payment Webhook] Successfully inserted revenue ID: rev-1

      at log (src/app/api/webhooks/payment/route.ts:581:15)

    console.log
      [Payment Webhook] Received request at: 2026-07-16T07:58:20.912Z

      at log (src/app/api/webhooks/payment/route.ts:320:11)

    console.log
      [Payment Webhook] Request body: {"transferAmount":1000000,"content":"BELLA BK-1001","code":"TX-DUP-LOOKUP-FAIL","transactionDate":"2026-05-21T12:00:00.000Z"}

      at log (src/app/api/webhooks/payment/route.ts:346:13)

    console.log
      [Payment Webhook] Extracted transactions count: 1

      at log (src/app/api/webhooks/payment/route.ts:349:13)

    console.log
      [Payment Webhook] Processing Transaction ID: TX-DUP-LOOKUP-FAIL, Amount: 1000000, Desc: "BELLA BK-1001"

      at log (src/app/api/webhooks/payment/route.ts:367:15)

    console.log
      [Payment Webhook] Match found! Booking Number: "BK-1001"

      at log (src/app/api/webhooks/payment/route.ts:410:15)

    console.error
      [Payment Webhook] Failed to check duplicate transaction for "BK-1001": Failed to check duplicate transaction metadata: duplicate lookup unavailable

      432 |
      433 |       if (existingRevenueErr) {
    > 434 |         console.error('[Payment Webhook] Failed to check duplicate transaction for "%s":', bookingNumber, existingRevenueErr);
          |                 ^
      435 |         results.push({ transactionId, bookingNumber, status: "failed", reason: existingRevenueErr });
      436 |         continue;
      437 |       }

      at error (src/app/api/webhooks/payment/route.ts:434:17)
      at Object.<anonymous> (src/__tests__/subscription.test.ts:880:24)

    console.log
      [Payment Webhook] Received request at: 2026-07-16T07:58:20.918Z

      at log (src/app/api/webhooks/payment/route.ts:320:11)

    console.log
      [Payment Webhook] Request body: {"transferAmount":1000000,"content":"BELLA BK-1001","code":"TX-CLOSED-PERIOD","transactionDate":"2026-05-21T12:00:00.000Z"}

      at log (src/app/api/webhooks/payment/route.ts:346:13)

    console.log
      [Payment Webhook] Extracted transactions count: 1

      at log (src/app/api/webhooks/payment/route.ts:349:13)

    console.log
      [Payment Webhook] Processing Transaction ID: TX-CLOSED-PERIOD, Amount: 1000000, Desc: "BELLA BK-1001"

      at log (src/app/api/webhooks/payment/route.ts:367:15)

    console.log
      [Payment Webhook] Match found! Booking Number: "BK-1001"

      at log (src/app/api/webhooks/payment/route.ts:410:15)

    console.log
      [Payment Webhook] Received request at: 2026-07-16T07:58:20.923Z

      at log (src/app/api/webhooks/payment/route.ts:320:11)

    console.log
      [Payment Webhook] Request body: {"transferAmount":1000000,"content":"BELLA BK-1001","code":"TX-BELLA-ROLLBACK"}

      at log (src/app/api/webhooks/payment/route.ts:346:13)

    console.log
      [Payment Webhook] Extracted transactions count: 1

      at log (src/app/api/webhooks/payment/route.ts:349:13)

    console.log
      [Payment Webhook] Processing Transaction ID: TX-BELLA-ROLLBACK, Amount: 1000000, Desc: "BELLA BK-1001"

      at log (src/app/api/webhooks/payment/route.ts:367:15)

    console.log
      [Payment Webhook] Match found! Booking Number: "BK-1001"

      at log (src/app/api/webhooks/payment/route.ts:410:15)

    console.log
      [Payment Webhook] Updated Booking status from "deposit_pending" to "booked"

      at log (src/app/api/webhooks/payment/route.ts:508:17)

    console.log
      [Payment Webhook] Successfully inserted revenue ID: rev-rollback

      at log (src/app/api/webhooks/payment/route.ts:581:15)

    console.error
      [Payment Webhook] Failed to ensure revenue side effects for "rev-rollback": Failed to insert audit log: audit unavailable

      600 |       const ensureErr = await ensureWebhookRevenueSideEffects(supabase, booking, newRevenue, tx);
      601 |       if (ensureErr) {
    > 602 |         console.error('[Payment Webhook] Failed to ensure revenue side effects for "%s":', newRevenue.id, ensureErr);
          |                 ^
      603 |         await rollbackWebhookRevenue(ensureErr);
      604 |         continue;
      605 |       }

      at error (src/app/api/webhooks/payment/route.ts:602:17)
      at Object.<anonymous> (src/__tests__/subscription.test.ts:1020:24)

    console.log
      [Payment Webhook] Received request at: 2026-07-16T07:58:20.931Z

      at log (src/app/api/webhooks/payment/route.ts:320:11)

    console.log
      [Payment Webhook] Request body: {"transferAmount":1000000,"content":"BELLA BK-1001","code":"TX-REV-FAIL"}

      at log (src/app/api/webhooks/payment/route.ts:346:13)

    console.log
      [Payment Webhook] Extracted transactions count: 1

      at log (src/app/api/webhooks/payment/route.ts:349:13)

    console.log
      [Payment Webhook] Processing Transaction ID: TX-REV-FAIL, Amount: 1000000, Desc: "BELLA BK-1001"

      at log (src/app/api/webhooks/payment/route.ts:367:15)

    console.log
      [Payment Webhook] Match found! Booking Number: "BK-1001"

      at log (src/app/api/webhooks/payment/route.ts:410:15)

    console.log
      [Payment Webhook] Updated Booking status from "deposit_pending" to "booked"

      at log (src/app/api/webhooks/payment/route.ts:508:17)

    console.error
      [Payment Webhook] Failed to insert revenue for "BK-1001": { message: 'revenue unavailable' }

      571 |         }
      572 |
    > 573 |         console.error('[Payment Webhook] Failed to insert revenue for "%s":', bookingNumber, revErr);
          |                 ^
      574 |         const bookingRollbackFailure = await rollbackBookingStatus();
      575 |         pushFailedTransaction(
      576 |           "Failed to insert revenue record",

      at error (src/app/api/webhooks/payment/route.ts:573:17)
      at Object.<anonymous> (src/__tests__/subscription.test.ts:1092:24)

    console.log
      [Payment Webhook] Received request at: 2026-07-16T07:58:20.938Z

      at log (src/app/api/webhooks/payment/route.ts:320:11)

    console.log
      [Payment Webhook] Request body: {"transferAmount":1000000,"content":"BELLA BK-1001","code":"TX-REV-ROLLBACK-FAIL"}

      at log (src/app/api/webhooks/payment/route.ts:346:13)

    console.log
      [Payment Webhook] Extracted transactions count: 1

      at log (src/app/api/webhooks/payment/route.ts:349:13)

    console.log
      [Payment Webhook] Processing Transaction ID: TX-REV-ROLLBACK-FAIL, Amount: 1000000, Desc: "BELLA BK-1001"

      at log (src/app/api/webhooks/payment/route.ts:367:15)

    console.log
      [Payment Webhook] Match found! Booking Number: "BK-1001"

      at log (src/app/api/webhooks/payment/route.ts:410:15)

    console.log
      [Payment Webhook] Updated Booking status from "deposit_pending" to "booked"

      at log (src/app/api/webhooks/payment/route.ts:508:17)

    console.error
      [Payment Webhook] Failed to insert revenue for "BK-1001": { message: 'revenue unavailable' }

      571 |         }
      572 |
    > 573 |         console.error('[Payment Webhook] Failed to insert revenue for "%s":', bookingNumber, revErr);
          |                 ^
      574 |         const bookingRollbackFailure = await rollbackBookingStatus();
      575 |         pushFailedTransaction(
      576 |           "Failed to insert revenue record",

      at error (src/app/api/webhooks/payment/route.ts:573:17)
      at Object.<anonymous> (src/__tests__/subscription.test.ts:1166:24)

    console.log
      [Payment Webhook] Received request at: 2026-07-16T07:58:20.945Z

      at log (src/app/api/webhooks/payment/route.ts:320:11)

    console.log
      [Payment Webhook] Request body: {"transferAmount":1000000,"content":"BELLA BK-1001","code":"TX-OUTBOX-FAIL"}

      at log (src/app/api/webhooks/payment/route.ts:346:13)

    console.log
      [Payment Webhook] Extracted transactions count: 1

      at log (src/app/api/webhooks/payment/route.ts:349:13)

    console.log
      [Payment Webhook] Processing Transaction ID: TX-OUTBOX-FAIL, Amount: 1000000, Desc: "BELLA BK-1001"

      at log (src/app/api/webhooks/payment/route.ts:367:15)

    console.log
      [Payment Webhook] Match found! Booking Number: "BK-1001"

      at log (src/app/api/webhooks/payment/route.ts:410:15)

    console.log
      [Payment Webhook] Updated Booking status from "deposit_pending" to "booked"

      at log (src/app/api/webhooks/payment/route.ts:508:17)

    console.log
      [Payment Webhook] Successfully inserted revenue ID: rev-outbox-fail

      at log (src/app/api/webhooks/payment/route.ts:581:15)

    console.error
      [Payment Webhook] Failed to ensure revenue side effects for "rev-outbox-fail": Failed to enqueue accounting outbox

      600 |       const ensureErr = await ensureWebhookRevenueSideEffects(supabase, booking, newRevenue, tx);
      601 |       if (ensureErr) {
    > 602 |         console.error('[Payment Webhook] Failed to ensure revenue side effects for "%s":', newRevenue.id, ensureErr);
          |                 ^
      603 |         await rollbackWebhookRevenue(ensureErr);
      604 |         continue;
      605 |       }

      at error (src/app/api/webhooks/payment/route.ts:602:17)
      at Object.<anonymous> (src/__tests__/subscription.test.ts:1242:24)

    console.log
      [Payment Webhook] Received request at: 2026-07-16T07:58:20.952Z

      at log (src/app/api/webhooks/payment/route.ts:320:11)

    console.log
      [Payment Webhook] Request body: {"transferAmount":1000000,"content":"BELLA BK-1001","code":"TX-BOOKED-AUDIT-FAIL"}

      at log (src/app/api/webhooks/payment/route.ts:346:13)

    console.log
      [Payment Webhook] Extracted transactions count: 1

      at log (src/app/api/webhooks/payment/route.ts:349:13)

    console.log
      [Payment Webhook] Processing Transaction ID: TX-BOOKED-AUDIT-FAIL, Amount: 1000000, Desc: "BELLA BK-1001"

      at log (src/app/api/webhooks/payment/route.ts:367:15)

    console.log
      [Payment Webhook] Match found! Booking Number: "BK-1001"

      at log (src/app/api/webhooks/payment/route.ts:410:15)

    console.log
      [Payment Webhook] Successfully inserted revenue ID: rev-already-booked

      at log (src/app/api/webhooks/payment/route.ts:581:15)

    console.error
      [Payment Webhook] Failed to ensure revenue side effects for "rev-already-booked": Failed to insert audit log: audit unavailable

      600 |       const ensureErr = await ensureWebhookRevenueSideEffects(supabase, booking, newRevenue, tx);
      601 |       if (ensureErr) {
    > 602 |         console.error('[Payment Webhook] Failed to ensure revenue side effects for "%s":', newRevenue.id, ensureErr);
          |                 ^
      603 |         await rollbackWebhookRevenue(ensureErr);
      604 |         continue;
      605 |       }

      at error (src/app/api/webhooks/payment/route.ts:602:17)
      at Object.<anonymous> (src/__tests__/subscription.test.ts:1317:24)

PASS src/__tests__/public-booking-packages.test.ts
  ΓùÅ Console

    console.log
      Γùç injected env (9) from .env.local // tip: Γîÿ multiple files { path: ['.env.local', '.env'] }

      at _log (node_modules/dotenv/lib/main.js:131:11)

    console.log
      [Jest Setup] SUPABASE_SERVICE_ROLE_KEY loaded: sb_secret_Dm... (41 chars)

      at Object.log (jest.setup.ts:10:9)

PASS src/__tests__/finance.lockMonth.test.ts
  ΓùÅ Console

    console.log
      Γùç injected env (9) from .env.local // tip: Γîÿ override existing { override: true }

      at _log (node_modules/dotenv/lib/main.js:131:11)

    console.log
      [Jest Setup] SUPABASE_SERVICE_ROLE_KEY loaded: sb_secret_Dm... (41 chars)

      at Object.log (jest.setup.ts:10:9)

    console.error
      [lockMonth] RPC error: { message: 'DB timeout' }

      455 |
      456 |     if (error) {
    > 457 |       console.error('[lockMonth] RPC error:', error);
          |               ^
      458 |       return { success: false, error: 'Lß╗ùi kh├│a sß╗ò: ' + error.message };
      459 |     }
      460 |

      at error (src/core/services/finance/lock-month-action.ts:457:15)
      at Object.<anonymous> (src/__tests__/finance.lockMonth.test.ts:359:20)

    console.error
      [lockMonth] Side-effect error after lock RPC: Error: [lockMonth] Failed to retrieve tenant config for royalty calculations: tenant unavailable
          at syncFranchiseRoyalty (D:\Antigravity\Projects\BELLA SPA ERP\src\core\services\finance\lock-month-action.ts:211:11)
          at processTicksAndRejections (node:internal/process/task_queues:104:5)
          at lockMonth (D:\Antigravity\Projects\BELLA SPA ERP\src\core\services\finance\lock-month-action.ts:462:7)
          at Object.<anonymous> (D:\Antigravity\Projects\BELLA SPA ERP\src\__tests__\finance.lockMonth.test.ts:390:20)

      463 |       await syncInterBranchClearing(supabase, user.tenant_id, month, scope);
      464 |     } catch (sideEffectError) {
    > 465 |       console.error('[lockMonth] Side-effect error after lock RPC:', sideEffectError);
          |               ^
      466 |       const restoreFailures = await restorePreLockState(supabase, user.tenant_id, scope, snapshot);
      467 |       revalidatePath('/dashboard/finance');
      468 |       revalidatePath('/dashboard/accounting/health');

      at error (src/core/services/finance/lock-month-action.ts:465:15)
      at Object.<anonymous> (src/__tests__/finance.lockMonth.test.ts:390:20)

    console.error
      [lockMonth] Side-effect error after lock RPC: Error: [lockMonth] Failed to create royalty invoice: invoice insert failed
          at syncFranchiseRoyalty (D:\Antigravity\Projects\BELLA SPA ERP\src\core\services\finance\lock-month-action.ts:288:11)
          at processTicksAndRejections (node:internal/process/task_queues:104:5)
          at lockMonth (D:\Antigravity\Projects\BELLA SPA ERP\src\core\services\finance\lock-month-action.ts:462:7)
          at Object.<anonymous> (D:\Antigravity\Projects\BELLA SPA ERP\src\__tests__\finance.lockMonth.test.ts:402:20)

      463 |       await syncInterBranchClearing(supabase, user.tenant_id, month, scope);
      464 |     } catch (sideEffectError) {
    > 465 |       console.error('[lockMonth] Side-effect error after lock RPC:', sideEffectError);
          |               ^
      466 |       const restoreFailures = await restorePreLockState(supabase, user.tenant_id, scope, snapshot);
      467 |       revalidatePath('/dashboard/finance');
      468 |       revalidatePath('/dashboard/accounting/health');

      at error (src/core/services/finance/lock-month-action.ts:465:15)
      at Object.<anonymous> (src/__tests__/finance.lockMonth.test.ts:402:20)

    console.error
      [lockMonth] Side-effect error after lock RPC: Error: [lockMonth] Failed to create inter-branch clearing record: clearing insert failed
          at syncInterBranchClearing (D:\Antigravity\Projects\BELLA SPA ERP\src\core\services\finance\lock-month-action.ts:422:13)
          at processTicksAndRejections (node:internal/process/task_queues:104:5)
          at lockMonth (D:\Antigravity\Projects\BELLA SPA ERP\src\core\services\finance\lock-month-action.ts:463:7)
          at Object.<anonymous> (D:\Antigravity\Projects\BELLA SPA ERP\src\__tests__\finance.lockMonth.test.ts:432:20)

      463 |       await syncInterBranchClearing(supabase, user.tenant_id, month, scope);
      464 |     } catch (sideEffectError) {
    > 465 |       console.error('[lockMonth] Side-effect error after lock RPC:', sideEffectError);
          |               ^
      466 |       const restoreFailures = await restorePreLockState(supabase, user.tenant_id, scope, snapshot);
      467 |       revalidatePath('/dashboard/finance');
      468 |       revalidatePath('/dashboard/accounting/health');

      at error (src/core/services/finance/lock-month-action.ts:465:15)
      at Object.<anonymous> (src/__tests__/finance.lockMonth.test.ts:432:20)

    console.error
      [lockMonth] Side-effect error after lock RPC: Error: [lockMonth] Failed to create royalty invoice: invoice insert failed
          at syncFranchiseRoyalty (D:\Antigravity\Projects\BELLA SPA ERP\src\core\services\finance\lock-month-action.ts:288:11)
          at processTicksAndRejections (node:internal/process/task_queues:104:5)
          at lockMonth (D:\Antigravity\Projects\BELLA SPA ERP\src\core\services\finance\lock-month-action.ts:462:7)
          at Object.<anonymous> (D:\Antigravity\Projects\BELLA SPA ERP\src\__tests__\finance.lockMonth.test.ts:453:20)

      463 |       await syncInterBranchClearing(supabase, user.tenant_id, month, scope);
      464 |     } catch (sideEffectError) {
    > 465 |       console.error('[lockMonth] Side-effect error after lock RPC:', sideEffectError);
          |               ^
      466 |       const restoreFailures = await restorePreLockState(supabase, user.tenant_id, scope, snapshot);
      467 |       revalidatePath('/dashboard/finance');
      468 |       revalidatePath('/dashboard/accounting/health');

      at error (src/core/services/finance/lock-month-action.ts:465:15)
      at Object.<anonymous> (src/__tests__/finance.lockMonth.test.ts:453:20)

PASS src/__tests__/e2e-payroll-mid-month-leave.test.ts
  ΓùÅ Console

    console.log
      Γùç injected env (9) from .env.local // tip: Γîü auth for agents [www.vestauth.com]

      at _log (node_modules/dotenv/lib/main.js:131:11)

    console.log
      [Jest Setup] SUPABASE_SERVICE_ROLE_KEY loaded: sb_secret_Dm... (41 chars)

      at Object.log (jest.setup.ts:10:9)

    console.log
      Γ£à Salary reduced for leave { workingDays: 20, leaveDays: 6, proRatedBase: 4615385 }

      at Object.log (src/__tests__/e2e-payroll-mid-month-leave.test.ts:53:13)

    console.log
      
      ≡ƒÄë E2E MID-MONTH LEAVE TEST: PASSED

      at Object.log (src/__tests__/e2e-payroll-mid-month-leave.test.ts:54:13)

PASS src/__tests__/idempotency.test.ts
  ΓùÅ Console

    console.log
      Γùç injected env (9) from .env.local // tip: Γîü auth for agents [www.vestauth.com]

      at _log (node_modules/dotenv/lib/main.js:131:11)

    console.log
      [Jest Setup] SUPABASE_SERVICE_ROLE_KEY loaded: sb_secret_Dm... (41 chars)

      at Object.log (jest.setup.ts:10:9)

    console.log
      [createBooking] Level1 resolved tenant: tenant-a

      at log (src/core/services/order/create-booking-helpers.ts:190:15)

    console.log
      [createBooking] Final tenantId: tenant-a | user: null

      at log (src/core/services/order/create-booking-helpers.ts:224:11)

    console.error
      [calculateServerDiscount] Failed to fetch customer: { message: 'Row not found' }

      65 |
      66 |     if (customerError || !customer) {
    > 67 |       console.error('[calculateServerDiscount] Failed to fetch customer:', customerError);
         |               ^
      68 |       return 0; // Fallback: no discount
      69 |     }
      70 |

      at error (src/core/services/order/discount-integration.ts:67:15)
      at buildBookingPayload (src/core/services/order/create-booking-helpers.ts:293:32)
      at createBooking (src/core/services/order/create-booking-action.ts:253:26)
      at Object.<anonymous> (src/__tests__/idempotency.test.ts:229:20)

    console.log
      [buildBookingPayload] Discount: client=undefined%, server=0% (enforced)

      at log (src/core/services/order/create-booking-helpers.ts:301:13)

    console.log
      [invokeAdapterValidation] No adapter found for module 'spa', skipping validation

      at log (src/core/services/order/create-booking-helpers.ts:739:13)

PASS src/services/waitlist/__tests__/waitlist-service.test.ts
  ΓùÅ Console

    console.log
      Γùç injected env (9) from .env.local // tip: Γùê secrets for agents [www.dotenvx.com]

      at _log (node_modules/dotenv/lib/main.js:131:11)

    console.log
      [Jest Setup] SUPABASE_SERVICE_ROLE_KEY loaded: sb_secret_Dm... (41 chars)

      at Object.log (jest.setup.ts:10:9)

    console.error
      [waitlist-service] Error fetching customer: { message: 'Customer not found' }

      109 |
      110 |     if (customerError || !customer) {
    > 111 |       console.error('[waitlist-service] Error fetching customer:', customerError);
          |               ^
      112 |       return {
      113 |         success: false,
      114 |         error: 'Customer not found',

      at error (src/services/waitlist/waitlist-service.ts:111:15)
      at Object.<anonymous> (src/services/waitlist/__tests__/waitlist-service.test.ts:144:20)

    console.log
      [waitlist-service] Expired 1 entries for tenant tenant-bella-spa

      at log (src/services/waitlist/waitlist-service.ts:797:13)

    console.error
      [waitlist-service] Error checking duplicate: { message: 'Database connection failed' }

      85 |
      86 |     if (checkError) {
    > 87 |       console.error('[waitlist-service] Error checking duplicate:', checkError);
         |               ^
      88 |       return {
      89 |         success: false,
      90 |         error: 'Database error while checking duplicate',

      at error (src/services/waitlist/waitlist-service.ts:87:15)
      at Object.<anonymous> (src/services/waitlist/__tests__/waitlist-service.test.ts:315:20)

PASS src/__tests__/api-response.test.ts
  ΓùÅ Console

    console.log
      Γùç injected env (9) from .env.local // tip: Γîü auth for agents [www.vestauth.com]

      at _log (node_modules/dotenv/lib/main.js:131:11)

    console.log
      [Jest Setup] SUPABASE_SERVICE_ROLE_KEY loaded: sb_secret_Dm... (41 chars)

      at Object.log (jest.setup.ts:10:9)

    console.error
      Unknown error: Error: Something went wrong
          at Object.<anonymous> (D:\Antigravity\Projects\BELLA SPA ERP\src\__tests__\api-response.test.ts:576:19)
          at Promise.finally.completed (D:\Antigravity\Projects\BELLA SPA ERP\node_modules\jest-circus\build\jestAdapterInit.js:1561:28)
          at new Promise (<anonymous>)
          at callAsyncCircusFn (D:\Antigravity\Projects\BELLA SPA ERP\node_modules\jest-circus\build\jestAdapterInit.js:1501:10)
          at _callCircusTest (D:\Antigravity\Projects\BELLA SPA ERP\node_modules\jest-circus\build\jestAdapterInit.js:1011:40)
          at processTicksAndRejections (node:internal/process/task_queues:104:5)
          at _runTest (D:\Antigravity\Projects\BELLA SPA ERP\node_modules\jest-circus\build\jestAdapterInit.js:951:3)
          at D:\Antigravity\Projects\BELLA SPA ERP\node_modules\jest-circus\build\jestAdapterInit.js:853:7
          at _runTestsForDescribeBlock (D:\Antigravity\Projects\BELLA SPA ERP\node_modules\jest-circus\build\jestAdapterInit.js:866:11)
          at _runTestsForDescribeBlock (D:\Antigravity\Projects\BELLA SPA ERP\node_modules\jest-circus\build\jestAdapterInit.js:861:11)
          at _runTestsForDescribeBlock (D:\Antigravity\Projects\BELLA SPA ERP\node_modules\jest-circus\build\jestAdapterInit.js:861:11)
          at run (D:\Antigravity\Projects\BELLA SPA ERP\node_modules\jest-circus\build\jestAdapterInit.js:765:3)
          at runAndTransformResultsToJestFormat (D:\Antigravity\Projects\BELLA SPA ERP\node_modules\jest-circus\build\jestAdapterInit.js:1993:21)
          at jestAdapter (D:\Antigravity\Projects\BELLA SPA ERP\node_modules\jest-circus\build\runner.js:111:19)
          at runTestInternal (D:\Antigravity\Projects\BELLA SPA ERP\node_modules\jest-runner\build\testWorker.js:276:16)
          at runTest (D:\Antigravity\Projects\BELLA SPA ERP\node_modules\jest-runner\build\testWorker.js:344:7)
          at Object.worker (D:\Antigravity\Projects\BELLA SPA ERP\node_modules\jest-runner\build\testWorker.js:498:12)

      602 |   err: unknown
      603 | ): NextResponse<APIErrorResponse> {
    > 604 |   console.error('Unknown error:', err);
          |           ^
      605 |   
      606 |   if (err instanceof Error) {
      607 |     return internalError(req, err.message);

      at error (src/lib/api/response.ts:604:11)
      at Object.<anonymous> (src/__tests__/api-response.test.ts:578:40)

    console.error
      Internal server error: {
        message: 'Something went wrong',
        details: undefined,
        request_id: null,
        url: 'https://api.bella.vn/v1/orders',
        method: 'GET'
      }

      534 | ): NextResponse<APIErrorResponse> {
      535 |   // Log internal errors
    > 536 |   console.error('Internal server error:', {
          |           ^
      537 |     message,
      538 |     details,
      539 |     request_id: req.headers.get('x-request-id'),

      at error (src/lib/api/response.ts:536:11)
      at internalError (src/lib/api/response.ts:607:12)
      at Object.<anonymous> (src/__tests__/api-response.test.ts:578:40)

    console.error
      Unknown error: String error

      602 |   err: unknown
      603 | ): NextResponse<APIErrorResponse> {
    > 604 |   console.error('Unknown error:', err);
          |           ^
      605 |   
      606 |   if (err instanceof Error) {
      607 |     return internalError(req, err.message);

      at error (src/lib/api/response.ts:604:11)
      at Object.<anonymous> (src/__tests__/api-response.test.ts:590:40)

    console.error
      Internal server error: {
        message: 'An unexpected error occurred',
        details: undefined,
        request_id: null,
        url: 'https://api.bella.vn/v1/orders',
        method: 'GET'
      }

      534 | ): NextResponse<APIErrorResponse> {
      535 |   // Log internal errors
    > 536 |   console.error('Internal server error:', {
          |           ^
      537 |     message,
      538 |     details,
      539 |     request_id: req.headers.get('x-request-id'),

      at error (src/lib/api/response.ts:536:11)
      at internalError (src/lib/api/response.ts:610:10)
      at Object.<anonymous> (src/__tests__/api-response.test.ts:590:40)

PASS src/__tests__/inventory-actions.test.ts
  ΓùÅ Console

    console.log
      Γùç injected env (9) from .env.local // tip: Γùê encrypted .env [www.dotenvx.com]

      at _log (node_modules/dotenv/lib/main.js:131:11)

    console.log
      [Jest Setup] SUPABASE_SERVICE_ROLE_KEY loaded: sb_secret_Dm... (41 chars)

      at Object.log (jest.setup.ts:10:9)

PASS src/__tests__/query-salary-actions.test.ts
  ΓùÅ Console

    console.log
      Γùç injected env (9) from .env.local // tip: Γùê encrypted .env [www.dotenvx.com]

      at _log (node_modules/dotenv/lib/main.js:131:11)

    console.log
      [Jest Setup] SUPABASE_SERVICE_ROLE_KEY loaded: sb_secret_Dm... (41 chars)

      at Object.log (jest.setup.ts:10:9)

    console.error
      Error in getSalaryData: Error: [getSalaryData] users query failed: users query failed
          at getSalaryData (D:\Antigravity\Projects\BELLA SPA ERP\src\modules\hr-salary\actions\query-salary-actions.ts:242:13)
          at processTicksAndRejections (node:internal/process/task_queues:104:5)
          at Object.<anonymous> (D:\Antigravity\Projects\BELLA SPA ERP\src\__tests__\query-salary-actions.test.ts:301:5)

      509 |     return ktvSalaries;
      510 |   } catch (error) {
    > 511 |     console.error('Error in getSalaryData:', error);
          |             ^
      512 |     throw error instanceof Error ? error : new Error('getSalaryData failed');
      513 |   }
      514 | }

      at error (src/modules/hr-salary/actions/query-salary-actions.ts:511:13)
      at Object.<anonymous> (src/__tests__/query-salary-actions.test.ts:301:5)

    console.error
      Error in getSalaryData: Error: [getSalaryData] Missing tenantId for current user
          at getSalaryData (D:\Antigravity\Projects\BELLA SPA ERP\src\modules\hr-salary\actions\query-salary-actions.ts:183:13)
          at processTicksAndRejections (node:internal/process/task_queues:104:5)
          at Object.<anonymous> (D:\Antigravity\Projects\BELLA SPA ERP\src\__tests__\query-salary-actions.test.ts:308:5)

      509 |     return ktvSalaries;
      510 |   } catch (error) {
    > 511 |     console.error('Error in getSalaryData:', error);
          |             ^
      512 |     throw error instanceof Error ? error : new Error('getSalaryData failed');
      513 |   }
      514 | }

      at error (src/modules/hr-salary/actions/query-salary-actions.ts:511:13)
      at Object.<anonymous> (src/__tests__/query-salary-actions.test.ts:308:5)

    console.error
      Critical error in getKtvSessionMatrix: Error: getKtvSessionMatrix session_logs query failed: session query failed
          at getKtvSessionMatrix (D:\Antigravity\Projects\BELLA SPA ERP\src\modules\hr-salary\actions\query-salary-actions.ts:671:13)
          at processTicksAndRejections (node:internal/process/task_queues:104:5)
          at Object.<anonymous> (D:\Antigravity\Projects\BELLA SPA ERP\src\__tests__\query-salary-actions.test.ts:378:5)

      747 |     };
      748 |   } catch (error) {
    > 749 |     console.error('Critical error in getKtvSessionMatrix:', error);
          |             ^
      750 |     throw error instanceof Error ? error : new Error('getKtvSessionMatrix failed');
      751 |   }
      752 | }

      at error (src/modules/hr-salary/actions/query-salary-actions.ts:749:13)
      at Object.<anonymous> (src/__tests__/query-salary-actions.test.ts:378:5)

    console.error
      Critical error in getKtvSessionMatrix: Error: getKtvSessionMatrix packages query failed: packages query failed
          at getKtvSessionMatrix (D:\Antigravity\Projects\BELLA SPA ERP\src\modules\hr-salary\actions\query-salary-actions.ts:685:13)
          at processTicksAndRejections (node:internal/process/task_queues:104:5)
          at Object.<anonymous> (D:\Antigravity\Projects\BELLA SPA ERP\src\__tests__\query-salary-actions.test.ts:390:5)

      747 |     };
      748 |   } catch (error) {
    > 749 |     console.error('Critical error in getKtvSessionMatrix:', error);
          |             ^
      750 |     throw error instanceof Error ? error : new Error('getKtvSessionMatrix failed');
      751 |   }
      752 | }

      at error (src/modules/hr-salary/actions/query-salary-actions.ts:749:13)
      at Object.<anonymous> (src/__tests__/query-salary-actions.test.ts:390:5)

PASS src/services/intelligence/marketing/__tests__/connectors.test.ts
  ΓùÅ Console

    console.log
      Γùç injected env (9) from .env.local // tip: Γîÿ multiple files { path: ['.env.local', '.env'] }

      at _log (node_modules/dotenv/lib/main.js:131:11)

    console.log
      [Jest Setup] SUPABASE_SERVICE_ROLE_KEY loaded: sb_secret_Dm... (41 chars)

      at Object.log (jest.setup.ts:10:9)

    console.log
      [FacebookAdsConnector] Fetching insights from 2026-06-01 to 2026-06-07

      at FacebookAdsConnector.log [as fetchInsights] (src/services/intelligence/marketing/connectors/facebook-ads.ts:87:13)

    console.log
      [FacebookAdsConnector] Using mock data (credentials not configured)

      at FacebookAdsConnector.log [as fetchInsights] (src/services/intelligence/marketing/connectors/facebook-ads.ts:88:13)

    console.log
      [FacebookAdsConnector] Validating credentials (mock)

      at FacebookAdsConnector.log [as validateCredentials] (src/services/intelligence/marketing/connectors/facebook-ads.ts:169:13)

    console.log
      [FacebookAdsConnector] Fetching account info (mock)

      at FacebookAdsConnector.log [as getAccountInfo] (src/services/intelligence/marketing/connectors/facebook-ads.ts:189:13)

    console.log
      [FacebookAdsConnector] Fetching insights from 2026-06-01 to 2026-06-07

      at FacebookAdsConnector.log [as fetchInsights] (src/services/intelligence/marketing/connectors/facebook-ads.ts:87:13)

    console.log
      [FacebookAdsConnector] Using mock data (credentials not configured)

      at FacebookAdsConnector.log [as fetchInsights] (src/services/intelligence/marketing/connectors/facebook-ads.ts:88:13)

    console.log
      [FacebookAdsConnector] Fetching insights from 2026-06-01 to 2026-06-01

      at FacebookAdsConnector.log [as fetchInsights] (src/services/intelligence/marketing/connectors/facebook-ads.ts:87:13)

    console.log
      [FacebookAdsConnector] Using mock data (credentials not configured)

      at FacebookAdsConnector.log [as fetchInsights] (src/services/intelligence/marketing/connectors/facebook-ads.ts:88:13)

    console.log
      [ZaloOAConnector] Fetching OA insights from 2026-06-01 to 2026-06-07

      at ZaloOAConnector.log [as fetchOAInsights] (src/services/intelligence/marketing/connectors/zalo-oa.ts:127:13)

    console.log
      [ZaloOAConnector] Using mock data (credentials not configured)

      at ZaloOAConnector.log [as fetchOAInsights] (src/services/intelligence/marketing/connectors/zalo-oa.ts:128:13)

    console.log
      [ZaloOAConnector] Validating credentials (mock)

      at ZaloOAConnector.log [as validateCredentials] (src/services/intelligence/marketing/connectors/zalo-oa.ts:238:13)

    console.log
      [ZaloOAConnector] Fetching OA account info (mock)

      at ZaloOAConnector.log [as getAccountInfo] (src/services/intelligence/marketing/connectors/zalo-oa.ts:260:13)

    console.log
      [ZaloOAConnector] Fetching OA insights from 2026-06-01 to 2026-06-01

      at ZaloOAConnector.log [as fetchOAInsights] (src/services/intelligence/marketing/connectors/zalo-oa.ts:127:13)

    console.log
      [ZaloOAConnector] Using mock data (credentials not configured)

      at ZaloOAConnector.log [as fetchOAInsights] (src/services/intelligence/marketing/connectors/zalo-oa.ts:128:13)

    console.log
      [ZaloOAConnector] Fetching OA insights from 2026-06-01 to 2026-06-07

      at ZaloOAConnector.log [as fetchOAInsights] (src/services/intelligence/marketing/connectors/zalo-oa.ts:127:13)

    console.log
      [ZaloOAConnector] Using mock data (credentials not configured)

      at ZaloOAConnector.log [as fetchOAInsights] (src/services/intelligence/marketing/connectors/zalo-oa.ts:128:13)

    console.log
      [ZaloOAConnector] Fetching follower demographics (mock)

      at ZaloOAConnector.log [as getFollowerDemographics] (src/services/intelligence/marketing/connectors/zalo-oa.ts:288:13)

PASS src/__tests__/sandbox.middleware.test.ts
  ΓùÅ Console

    console.log
      Γùç injected env (9) from .env.local // tip: Γîü auth for agents [www.vestauth.com]

      at _log (node_modules/dotenv/lib/main.js:131:11)

    console.log
      [Jest Setup] SUPABASE_SERVICE_ROLE_KEY loaded: sb_secret_Dm... (41 chars)

      at Object.log (jest.setup.ts:10:9)

    console.log
      ≡ƒº¬ Sandbox request: {
        partner_id: undefined,
        partner_name: undefined,
        tenant_id: 'tenant-123',
        schema: 'sandbox',
        method: 'GET',
        url: 'https://api.bella.vn/v1/orders'
      }

      at log (src/lib/middleware/sandbox.middleware.ts:129:13)

    console.log
      ≡ƒº¬ Sandbox request: {
        partner_id: undefined,
        partner_name: undefined,
        tenant_id: undefined,
        schema: 'sandbox',
        method: 'GET',
        url: 'https://api.bella.vn/v1/orders'
      }

      at log (src/lib/middleware/sandbox.middleware.ts:129:13)

    console.log
      ≡ƒº¬ Sandbox request: {
        partner_id: undefined,
        partner_name: undefined,
        tenant_id: 'tenant-456',
        schema: 'sandbox',
        method: 'GET',
        url: 'https://api.bella.vn/v1/orders'
      }

      at log (src/lib/middleware/sandbox.middleware.ts:129:13)

PASS src/__tests__/ai-coo-agents.test.ts
  ΓùÅ Console

    console.log
      Γùç injected env (9) from .env.local // tip: Γùê encrypted .env [www.dotenvx.com]

      at _log (node_modules/dotenv/lib/main.js:131:11)

    console.log
      [Jest Setup] SUPABASE_SERVICE_ROLE_KEY loaded: sb_secret_Dm... (41 chars)

      at Object.log (jest.setup.ts:10:9)

    console.log
      [AI COO Orchestrator] Nhß║¡n y├¬u cß║ºu ph├ón t├¡ch tß║íi: 2026-07-16T07:58:21.475Z

      at log (src/app/api/v1/ai/coo-orchestrator/route.ts:24:11)

    console.log
      [AI COO Orchestrator] CEO Boss CEO gß╗¡i lß╗çnh: "B├ío c├ío tß╗ôn kho vß║¡t t╞░ v├á dß║ºu massage"

      at log (src/app/api/v1/ai/coo-orchestrator/route.ts:66:13)

    console.log
      [AI COO Service] ─Éß╗ïnh tuyß║┐n tß╗¢i: CPO Agent

      at log (src/services/ai/agents/cpo.ts:10:11)

    console.log
      [AI COO Service] ─É├ú ─æß╗ìc GEMINI_API_KEY th├ánh c├┤ng tß╗½ Database chi nh├ính: tenant-uuid-123

      at log (src/services/ai/orchestrator.ts:175:15)

    console.log
      [AI COO Service] Ph├ít hiß╗çn GEMINI_API_KEY. Tiß║┐n h├ánh gß╗ìi Gemini API cho ph├ón t├¡ch th├┤ng minh...

      at log (src/services/ai/orchestrator.ts:292:15)

    console.log
      [AI COO Service] Raw Gemini response (first 500 chars): {"executiveSummary":"Ph├ón t├¡ch kho vß║¡n: Ph├ít hiß╗çn 1 mß║╖t h├áng ─æang d╞░ß╗¢i mß╗⌐c tß╗æi thiß╗âu cß║ºn nhß║¡p kho khß║⌐n cß║Ñp.","anomaliesFound":["Mß║╖t h├áng Dß║ºu Massage Oliu (SKU: OIL-001) chß╗ë c├▓n tß╗ôn 2 chai"],"strategicRecommendations":["Thiß║┐t lß║¡p hß║ín mß╗⌐c nhß║¡p h├áng th├┤ng minh (Min-Max)"],"draftActions":[{"type":"inventory_restock","recipient":"Bß╗Ö phß║¡n Mua sß║»m / Kho vß║¡n","reason":"Mß║╖t h├áng Dß║ºu Massage Oliu chß║ím ng╞░ß╗íng tß╗ôn tß╗æi thiß╗âu","draftMessage":"Cß║únh b├ío nhß║¡p kho"}]}

      at log (src/services/ai/orchestrator.ts:367:19)

    console.log
      [AI COO Service] Raw Gemini response length: 454

      at log (src/services/ai/orchestrator.ts:368:19)

    console.log
      [AI COO Service] Gß╗ìi Gemini th├ánh c├┤ng v├á ph├ón t├¡ch sß╗æ liß╗çu th├ánh c├┤ng!

      at log (src/services/ai/orchestrator.ts:376:19)

    console.log
      [AI COO Orchestrator] Nhß║¡n y├¬u cß║ºu ph├ón t├¡ch tß║íi: 2026-07-16T07:58:21.498Z

      at log (src/app/api/v1/ai/coo-orchestrator/route.ts:24:11)

    console.log
      [AI COO Orchestrator] CEO Boss CEO gß╗¡i lß╗çnh: "Xem b├ío c├ío vß║¡t t╞░ tß╗ôn kho"

      at log (src/app/api/v1/ai/coo-orchestrator/route.ts:66:13)

    console.log
      [AI COO Service] ─Éß╗ïnh tuyß║┐n tß╗¢i: CPO Agent

      at log (src/services/ai/agents/cpo.ts:10:11)

    console.error
      [CPO Agent] Lß╗ùi khi truy vß║Ñn inventory_items: { message: 'Database connection timeout when accessing inventory' }

      17 |
      18 |   if (itemsError) {
    > 19 |     console.error("[CPO Agent] Lß╗ùi khi truy vß║Ñn inventory_items:", itemsError);
         |             ^
      20 |     throw itemsError;
      21 |   }
      22 |

      at error (src/services/ai/agents/cpo.ts:19:13)
      at runCOOOrchestrator (src/services/ai/orchestrator.ts:223:24)
      at src/app/api/v1/ai/coo-orchestrator/route.ts:69:29
      at src/core/middleware/tenantContext.ts:104:14
      at Object.<anonymous> (src/__tests__/ai-coo-agents.test.ts:268:17)

    console.error
      [AI COO Orchestrator] Lß╗ùi ngoß║íi lß╗ç nghi├¬m trß╗ìng: { message: 'Database connection timeout when accessing inventory' }

      82 |
      83 |   } catch (error: unknown) {
    > 84 |     console.error("[AI COO Orchestrator] Lß╗ùi ngoß║íi lß╗ç nghi├¬m trß╗ìng:", error);
         |             ^
      85 |     // Trß║ú vß╗ü lß╗ùi r├╡ r├áng ─æß╗â hß╗ç thß╗æng kiß╗âm thß╗¡ tß╗▒ ─æß╗Öng nhß║¡n diß╗çn lß║¡p tß╗⌐c
      86 |     return NextResponse.json(
      87 |       { error: "─É├ú xß║úy ra lß╗ùi nghi├¬m trß╗ìng trong qu├í tr├¼nh xß╗¡ l├╜ cß╗ºa AI Orchestrator.", details: getErrorMessage(error) },

      at error (src/app/api/v1/ai/coo-orchestrator/route.ts:84:13)
      at src/core/middleware/tenantContext.ts:104:14
      at Object.<anonymous> (src/__tests__/ai-coo-agents.test.ts:268:17)

    console.log
      [AI COO Orchestrator] Nhß║¡n y├¬u cß║ºu ph├ón t├¡ch tß║íi: 2026-07-16T07:58:21.503Z

      at log (src/app/api/v1/ai/coo-orchestrator/route.ts:24:11)

    console.log
      [AI COO Orchestrator] CEO Boss CEO gß╗¡i lß╗çnh: "Kiß╗âm tra ─æ├ính gi├í h├ái l├▓ng kh├ích h├áng v├á reviews"

      at log (src/app/api/v1/ai/coo-orchestrator/route.ts:66:13)

    console.log
      [AI COO Service] ─Éß╗ïnh tuyß║┐n tß╗¢i: CMO Agent

      at log (src/services/ai/agents/cmo.ts:75:11)

    console.log
      [AI COO Service] ─É├ú ─æß╗ìc GEMINI_API_KEY th├ánh c├┤ng tß╗½ Database chi nh├ính: tenant-uuid-123

      at log (src/services/ai/orchestrator.ts:175:15)

    console.log
      [AI COO Service] Ph├ít hiß╗çn GEMINI_API_KEY. Tiß║┐n h├ánh gß╗ìi Gemini API cho ph├ón t├¡ch th├┤ng minh...

      at log (src/services/ai/orchestrator.ts:292:15)

    console.log
      [AI COO Service] Raw Gemini response (first 500 chars): {"executiveSummary":"Ph├ón t├¡ch CSKH: CSAT trung b├¼nh ─æß║ít 4.0/5 sao. C├│ 1 phß║ún hß╗ôi ti├¬u cß╗▒c cß║ºn xin lß╗ùi kh├ích h├áng.","anomaliesFound":["Kh├ích h├áng Nguyß╗àn Thß╗ï Lan ─æ├ính gi├í KTV Hoa 3 sao"],"strategicRecommendations":["Li├¬n hß╗ç ngay lß║¡p tß╗⌐c vß╗¢i kh├ích h├áng ─æß╗â xin lß╗ùi"],"draftActions":[{"type":"customer_apology","recipient":"Nguyß╗àn Thß╗ï Lan","reason":"─É├ính gi├í 3 sao","draftMessage":"Th╞░ xin lß╗ùi"}]}

      at log (src/services/ai/orchestrator.ts:367:19)

    console.log
      [AI COO Service] Raw Gemini response length: 393

      at log (src/services/ai/orchestrator.ts:368:19)

    console.log
      [AI COO Service] Gß╗ìi Gemini th├ánh c├┤ng v├á ph├ón t├¡ch sß╗æ liß╗çu th├ánh c├┤ng!

      at log (src/services/ai/orchestrator.ts:376:19)

    console.log
      [AI COO Orchestrator] Nhß║¡n y├¬u cß║ºu ph├ón t├¡ch tß║íi: 2026-07-16T07:58:21.532Z

      at log (src/app/api/v1/ai/coo-orchestrator/route.ts:24:11)

    console.log
      [AI COO Orchestrator] CEO Boss CEO gß╗¡i lß╗çnh: "Kiß╗âm tra t├¼nh h├¼nh ch─âm s├│c kh├ích h├áng"

      at log (src/app/api/v1/ai/coo-orchestrator/route.ts:66:13)

    console.log
      [AI COO Service] ─Éß╗ïnh tuyß║┐n tß╗¢i: CMO Agent

      at log (src/services/ai/agents/cmo.ts:75:11)

    console.error
      [CMO Agent] Lß╗ùi khi truy vß║Ñn bookings: { message: 'Access denied to bookings table' }

      91 |
      92 |   if (bookingsError) {
    > 93 |     console.error("[CMO Agent] Lß╗ùi khi truy vß║Ñn bookings:", bookingsError);
         |             ^
      94 |     throw bookingsError;
      95 |   }
      96 |

      at error (src/services/ai/agents/cmo.ts:93:13)
      at runCOOOrchestrator (src/services/ai/orchestrator.ts:225:24)
      at src/app/api/v1/ai/coo-orchestrator/route.ts:69:29
      at src/core/middleware/tenantContext.ts:104:14
      at Object.<anonymous> (src/__tests__/ai-coo-agents.test.ts:471:17)

    console.error
      [AI COO Orchestrator] Lß╗ùi ngoß║íi lß╗ç nghi├¬m trß╗ìng: { message: 'Access denied to bookings table' }

      82 |
      83 |   } catch (error: unknown) {
    > 84 |     console.error("[AI COO Orchestrator] Lß╗ùi ngoß║íi lß╗ç nghi├¬m trß╗ìng:", error);
         |             ^
      85 |     // Trß║ú vß╗ü lß╗ùi r├╡ r├áng ─æß╗â hß╗ç thß╗æng kiß╗âm thß╗¡ tß╗▒ ─æß╗Öng nhß║¡n diß╗çn lß║¡p tß╗⌐c
      86 |     return NextResponse.json(
      87 |       { error: "─É├ú xß║úy ra lß╗ùi nghi├¬m trß╗ìng trong qu├í tr├¼nh xß╗¡ l├╜ cß╗ºa AI Orchestrator.", details: getErrorMessage(error) },

      at error (src/app/api/v1/ai/coo-orchestrator/route.ts:84:13)
      at src/core/middleware/tenantContext.ts:104:14
      at Object.<anonymous> (src/__tests__/ai-coo-agents.test.ts:471:17)

    console.log
      [AI COO Orchestrator] Nhß║¡n y├¬u cß║ºu ph├ón t├¡ch tß║íi: 2026-07-16T07:58:21.536Z

      at log (src/app/api/v1/ai/coo-orchestrator/route.ts:24:11)

    console.log
      [AI COO Orchestrator] CEO Boss CEO gß╗¡i lß╗çnh: "─æß╗æi so├ít nh╞░ß╗úng quyß╗ün v├á kiß╗âm tra royalty invoices"

      at log (src/app/api/v1/ai/coo-orchestrator/route.ts:66:13)

    console.log
      [AI COO Service] ─Éß╗ïnh tuyß║┐n tß╗¢i: Franchise Agent

      at log (src/services/ai/agents/franchise.ts:13:11)

    console.log
      [AI COO Service] ─É├ú ─æß╗ìc GEMINI_API_KEY th├ánh c├┤ng tß╗½ Database chi nh├ính: tenant-uuid-123

      at log (src/services/ai/orchestrator.ts:175:15)

    console.log
      [AI COO Service] Ph├ít hiß╗çn GEMINI_API_KEY. Tiß║┐n h├ánh gß╗ìi Gemini API cho ph├ón t├¡ch th├┤ng minh...

      at log (src/services/ai/orchestrator.ts:292:15)

    console.log
      [AI COO Service] Raw Gemini response (first 500 chars): {"executiveSummary":"Ph├ón t├¡ch Nh╞░ß╗úng quyß╗ün: Chi nh├ính Bella Spa H├á Nß╗Öi c├│ 1 h├│a ─æ╞ín nh╞░ß╗úng quyß╗ün ch╞░a thanh to├ín.","anomaliesFound":["H├│a ─æ╞ín nh╞░ß╗úng quyß╗ün INV-FR-001 ─æang ß╗ƒ trß║íng th├íi pending"],"strategicRecommendations":["Gß╗¡i nhß║»c nhß╗ƒ thanh to├ín h├│a ─æ╞ín nh╞░ß╗úng quyß╗ün"],"draftActions":[{"type":"royalty_payment_reminder","recipient":"Bella Spa H├á Nß╗Öi","reason":"Ch╞░a thanh to├ín INV-FR-001","draftMessage":"Nhß║»c nhß╗ƒ nß╗ú ph├¡"}]}

      at log (src/services/ai/orchestrator.ts:367:19)

    console.log
      [AI COO Service] Raw Gemini response length: 426

      at log (src/services/ai/orchestrator.ts:368:19)

    console.log
      [AI COO Service] Gß╗ìi Gemini th├ánh c├┤ng v├á ph├ón t├¡ch sß╗æ liß╗çu th├ánh c├┤ng!

      at log (src/services/ai/orchestrator.ts:376:19)

    console.error
      [extractTenantContext] Failed to fetch tenant: { message: 'Tenant data fetch failed' }

      200 |
      201 |     if (tenantError) {
    > 202 |       console.error('[extractTenantContext] Failed to fetch tenant:', tenantError);
          |               ^
      203 |       return {
      204 |         success: false,
      205 |         error: 'Failed to fetch tenant configuration',

      at error (src/core/middleware/tenantContext.ts:202:15)
      at src/core/middleware/tenantContext.ts:88:22
      at Object.<anonymous> (src/__tests__/ai-coo-agents.test.ts:594:17)

    console.error
      [withTenantContext] Failed to extract tenant context: Failed to fetch tenant configuration

      90 |       // If extraction failed, return error response
      91 |       if (!result.success) {
    > 92 |         console.error('[withTenantContext] Failed to extract tenant context:', result.error);
         |                 ^
      93 |         return NextResponse.json(
      94 |           { error: result.error },
      95 |           { status: result.statusCode }

      at error (src/core/middleware/tenantContext.ts:92:17)
      at Object.<anonymous> (src/__tests__/ai-coo-agents.test.ts:594:17)

PASS src/__tests__/api-key-middleware.test.ts
  ΓùÅ Console

    console.log
      Γùç injected env (9) from .env.local // tip: Γîÿ override existing { override: true }

      at _log (node_modules/dotenv/lib/main.js:131:11)

    console.log
      [Jest Setup] SUPABASE_SERVICE_ROLE_KEY loaded: sb_secret_Dm... (41 chars)

      at Object.log (jest.setup.ts:10:9)

    console.warn
      [SECURITY] Blocked request from unauthorized IP: 203.0.113.195 for partner: Partner A

      391 |
      392 |     if (whitelist.length > 0 && !whitelist.includes(clientIp)) {
    > 393 |       console.warn(
          |               ^
      394 |         '[SECURITY] Blocked request from unauthorized IP: %s for partner: %s',
      395 |         clientIp,
      396 |         partnerInfo.partner_name

      at warn (src/lib/middleware/api-key.middleware.ts:393:15)
      at Object.<anonymous> (src/__tests__/api-key-middleware.test.ts:176:24)

    console.warn
      [SECURITY] Blocked request from unauthorized IP: 203.0.113.195 for partner: Partner A

      391 |
      392 |     if (whitelist.length > 0 && !whitelist.includes(clientIp)) {
    > 393 |       console.warn(
          |               ^
      394 |         '[SECURITY] Blocked request from unauthorized IP: %s for partner: %s',
      395 |         clientIp,
      396 |         partnerInfo.partner_name

      at warn (src/lib/middleware/api-key.middleware.ts:393:15)
      at Object.<anonymous> (src/__tests__/api-key-middleware.test.ts:219:7)

    console.error
      [SECURITY ALERT] Tenant injection attempt detected {
        partner_id: 'test_partner_a',
        partner_tenant_id: 'tenant_a_uuid',
        provided_tenant_id: 'tenant_b_uuid',
        endpoint: '/api/v1/orders',
        ip_address: 'unknown'
      }

      451 |       const tenantId = (body as Record<string, unknown>).tenant_id;
      452 |       if (tenantId && tenantId !== partnerInfo.tenant_id) {
    > 453 |         console.error('[SECURITY ALERT] Tenant injection attempt detected', {
          |                 ^
      454 |           partner_id: partnerInfo.partner_id,
      455 |           partner_tenant_id: partnerInfo.tenant_id,
      456 |           provided_tenant_id: tenantId,

      at error (src/lib/middleware/api-key.middleware.ts:453:17)
      at Object.<anonymous> (src/__tests__/api-key-middleware.test.ts:286:24)

PASS src/__tests__/ai-agent.test.ts
  ΓùÅ Console

    console.log
      Γùç injected env (9) from .env.local // tip: Γîü auth for agents [www.vestauth.com]

      at _log (node_modules/dotenv/lib/main.js:131:11)

    console.log
      [Jest Setup] SUPABASE_SERVICE_ROLE_KEY loaded: sb_secret_Dm... (41 chars)

      at Object.log (jest.setup.ts:10:9)

    console.log
      [AI COO Orchestrator] Nhß║¡n y├¬u cß║ºu ph├ón t├¡ch tß║íi: 2026-07-16T07:58:21.593Z

      at log (src/app/api/v1/ai/coo-orchestrator/route.ts:24:11)

    console.log
      [AI COO Orchestrator] CEO Boss CEO gß╗¡i lß╗çnh: "Kiß╗âm tra vß║¡n h├ánh chung"

      at log (src/app/api/v1/ai/coo-orchestrator/route.ts:66:13)

    console.log
      [AI COO Service] ─É├ú ─æß╗ìc GEMINI_API_KEY th├ánh c├┤ng tß╗½ Database chi nh├ính: tenant-uuid-123

      at log (src/services/ai/orchestrator.ts:175:15)

    console.log
      [AI COO Service] Ph├ít hiß╗çn GEMINI_API_KEY. Tiß║┐n h├ánh gß╗ìi Gemini API cho ph├ón t├¡ch th├┤ng minh...

      at log (src/services/ai/orchestrator.ts:292:15)

    console.log
      [AI COO Service] Raw Gemini response (first 500 chars): {"executiveSummary":"B├ío c├ío t├│m tß║»t ph├ón t├¡ch chung.","anomaliesFound":[],"strategicRecommendations":["Khuyß║┐n nghß╗ï chung"],"draftActions":[]}

      at log (src/services/ai/orchestrator.ts:367:19)

    console.log
      [AI COO Service] Raw Gemini response length: 142

      at log (src/services/ai/orchestrator.ts:368:19)

    console.log
      [AI COO Service] Gß╗ìi Gemini th├ánh c├┤ng v├á ph├ón t├¡ch sß╗æ liß╗çu th├ánh c├┤ng!

      at log (src/services/ai/orchestrator.ts:376:19)

    console.log
      [AI COO Orchestrator] Nhß║¡n y├¬u cß║ºu ph├ón t├¡ch tß║íi: 2026-07-16T07:58:21.618Z

      at log (src/app/api/v1/ai/coo-orchestrator/route.ts:24:11)

    console.log
      [AI COO Orchestrator] CEO Boss CEO gß╗¡i lß╗çnh: "Kiß╗âm tra vß║¡n h├ánh chung"

      at log (src/app/api/v1/ai/coo-orchestrator/route.ts:66:13)

    console.log
      [AI COO Service] ─É├ú ─æß╗ìc GEMINI_API_KEY th├ánh c├┤ng tß╗½ Database chi nh├ính: tenant-uuid-123

      at log (src/services/ai/orchestrator.ts:175:15)

    console.log
      [AI COO Service] Ph├ít hiß╗çn GEMINI_API_KEY. Tiß║┐n h├ánh gß╗ìi Gemini API cho ph├ón t├¡ch th├┤ng minh...

      at log (src/services/ai/orchestrator.ts:292:15)

    console.log
      [AI COO Service] Raw Gemini response (first 500 chars): {"executiveSummary":"B├ío c├ío t├│m tß║»t ph├ón t├¡ch chung.","anomaliesFound":[],"strategicRecommendations":["Khuyß║┐n nghß╗ï chung"],"draftActions":[]}

      at log (src/services/ai/orchestrator.ts:367:19)

    console.log
      [AI COO Service] Raw Gemini response length: 142

      at log (src/services/ai/orchestrator.ts:368:19)

    console.log
      [AI COO Service] Gß╗ìi Gemini th├ánh c├┤ng v├á ph├ón t├¡ch sß╗æ liß╗çu th├ánh c├┤ng!

      at log (src/services/ai/orchestrator.ts:376:19)

    console.log
      [AI COO Orchestrator] Nhß║¡n y├¬u cß║ºu ph├ón t├¡ch tß║íi: 2026-07-16T07:58:21.623Z

      at log (src/app/api/v1/ai/coo-orchestrator/route.ts:24:11)

    console.warn
      [AI COO Orchestrator] Ng╞░ß╗¥i d├╣ng Staff KTV vß╗¢i vai tr├▓ ktv bß╗ï tß╗½ chß╗æi truy cß║¡p.

      52 |     // 4. Validate user has permission to use AI COO
      53 |     if (!canUseAiCopilotRole(userData.role)) {
    > 54 |       console.warn(`[AI COO Orchestrator] Ng╞░ß╗¥i d├╣ng ${userData.full_name} vß╗¢i vai tr├▓ ${userData.role} bß╗ï tß╗½ chß╗æi truy cß║¡p.`);
         |               ^
      55 |       return NextResponse.json({ error: "Quyß╗ün hß║ín kh├┤ng hß╗úp lß╗ç. Chß╗ë c├│ Tß╗òng gi├ím ─æß╗æc (Admin) v├á Kß║┐ to├ín tr╞░ß╗ƒng mß╗¢i c├│ quyß╗ün ─æiß╗üu phß╗æi AI COO." }, { status: 403 });
      56 |     }
      57 |

      at warn (src/app/api/v1/ai/coo-orchestrator/route.ts:54:15)
      at src/core/middleware/tenantContext.ts:104:14
      at Object.<anonymous> (src/__tests__/ai-agent.test.ts:190:17)

    console.log
      [AI COO Orchestrator] Nhß║¡n y├¬u cß║ºu ph├ón t├¡ch tß║íi: 2026-07-16T07:58:21.626Z

      at log (src/app/api/v1/ai/coo-orchestrator/route.ts:24:11)

    console.log
      [AI COO Orchestrator] CEO Boss CEO gß╗¡i lß╗çnh: "Ph├ón t├¡ch chß║Ñm c├┤ng v├á t├¡nh l╞░╞íng KTV th├íng n├áy"

      at log (src/app/api/v1/ai/coo-orchestrator/route.ts:66:13)

    console.log
      [AI COO Service] ─Éß╗ïnh tuyß║┐n tß╗¢i: CHRO Agent

      at log (src/services/ai/agents/chro.ts:34:11)

    console.log
      [AI COO Service] ─É├ú ─æß╗ìc GEMINI_API_KEY th├ánh c├┤ng tß╗½ Database chi nh├ính: tenant-uuid-123

      at log (src/services/ai/orchestrator.ts:175:15)

    console.log
      [AI COO Service] Ph├ít hiß╗çn GEMINI_API_KEY. Tiß║┐n h├ánh gß╗ìi Gemini API cho ph├ón t├¡ch th├┤ng minh...

      at log (src/services/ai/orchestrator.ts:292:15)

    console.log
      [AI COO Service] Raw Gemini response (first 500 chars): {"executiveSummary":"─É├ú ho├án tß║Ñt ph├ón t├¡ch 1 hß╗ô s╞í KTV cß╗ºa chi nh├ính. Ph├ít hiß╗çn 1 tr╞░ß╗¥ng hß╗úp cß║ºn l╞░u ├╜ kß╗╖ luß║¡t lao ─æß╗Öng hoß║╖c c├│ khß║Ñu trß╗½ vi phß║ím lß╗¢n.","anomaliesFound":[{"name":"KTV Hoa","gpsAnomaly":3,"totalSalary":8250000}],"strategicRecommendations":["Ban h├ánh quy chß║┐ thß║»t chß║╖t b├ín k├¡nh nhß║¡n ca tß║»m b├⌐ (< 5km) cho KTV chi nh├ính ─æß╗â tß╗æi ╞░u chi ph├¡ di chuyß╗ân."],"draftActions":[{"type":"attendance_warning","recipient":"KTV Hoa","reason":"Bß╗ï phß║ít vi phß║ím","draftMessage":"Cß║únh b├ío"}]}

      at log (src/services/ai/orchestrator.ts:367:19)

    console.log
      [AI COO Service] Raw Gemini response length: 485

      at log (src/services/ai/orchestrator.ts:368:19)

    console.log
      [AI COO Service] Gß╗ìi Gemini th├ánh c├┤ng v├á ph├ón t├¡ch sß╗æ liß╗çu th├ánh c├┤ng!

      at log (src/services/ai/orchestrator.ts:376:19)

    console.log
      [AI COO Orchestrator] Nhß║¡n y├¬u cß║ºu ph├ón t├¡ch tß║íi: 2026-07-16T07:58:21.636Z

      at log (src/app/api/v1/ai/coo-orchestrator/route.ts:24:11)

    console.log
      [AI COO Orchestrator] CEO Boss CEO gß╗¡i lß╗çnh: "Xuß║Ñt bß║úng c├ón ─æß╗æi ph├ít sinh"

      at log (src/app/api/v1/ai/coo-orchestrator/route.ts:66:13)

    console.log
      [AI COO Service] ─Éß╗ïnh tuyß║┐n tß╗¢i: CFO Agent

      at log (src/services/ai/agents/cfo.ts:22:11)

    console.log
      [AI COO Service] ─É├ú ─æß╗ìc GEMINI_API_KEY th├ánh c├┤ng tß╗½ Database chi nh├ính: tenant-uuid-123

      at log (src/services/ai/orchestrator.ts:175:15)

    console.log
      [AI COO Service] Ph├ít hiß╗çn GEMINI_API_KEY. Tiß║┐n h├ánh gß╗ìi Gemini API cho ph├ón t├¡ch th├┤ng minh...

      at log (src/services/ai/orchestrator.ts:292:15)

    console.log
      [AI COO Service] Raw Gemini response (first 500 chars): {"executiveSummary":"B├ío c├ío t├│m tß║»t: Bß║úng c├ón ─æß╗æi t├ái khoß║ún ph├ít sinh hoß║ít ─æß╗Öng b├¼nh th╞░ß╗¥ng.","anomaliesFound":[],"strategicRecommendations":["─Éß╗ïnh kß╗│ chß║íy ─æß╗æi so├ít quß╗╣ ─æß╗æi chiß║┐u vß╗¢i b├ío c├ío doanh thu ─æß╗â kiß╗âm tra sai lß╗çch quß╗╣ kß║┐ to├ín"],"draftActions":[]}

      at log (src/services/ai/orchestrator.ts:367:19)

    console.log
      [AI COO Service] Raw Gemini response length: 255

      at log (src/services/ai/orchestrator.ts:368:19)

    console.log
      [AI COO Service] Gß╗ìi Gemini th├ánh c├┤ng v├á ph├ón t├¡ch sß╗æ liß╗çu th├ánh c├┤ng!

      at log (src/services/ai/orchestrator.ts:376:19)

    console.log
      [AI COO Orchestrator] Nhß║¡n y├¬u cß║ºu ph├ón t├¡ch tß║íi: 2026-07-16T07:58:21.642Z

      at log (src/app/api/v1/ai/coo-orchestrator/route.ts:24:11)

    console.log
      [AI COO Orchestrator] CEO Boss CEO gß╗¡i lß╗çnh: "─Éß╗æi so├ít sß╗ò c├íi v├á sß╗ò quß╗╣"

      at log (src/app/api/v1/ai/coo-orchestrator/route.ts:66:13)

    console.log
      [AI COO Service] ─Éß╗ïnh tuyß║┐n tß╗¢i: CFO Agent

      at log (src/services/ai/agents/cfo.ts:22:11)

    console.log
      [AI COO Service] ─É├ú ─æß╗ìc GEMINI_API_KEY th├ánh c├┤ng tß╗½ Database chi nh├ính: tenant-uuid-123

      at log (src/services/ai/orchestrator.ts:175:15)

    console.log
      [AI COO Service] Ph├ít hiß╗çn GEMINI_API_KEY. Tiß║┐n h├ánh gß╗ìi Gemini API cho ph├ón t├¡ch th├┤ng minh...

      at log (src/services/ai/orchestrator.ts:292:15)

    console.log
      [AI COO Service] Raw Gemini response (first 500 chars): {"executiveSummary":"B├ío c├ío t├│m tß║»t: Bß║úng c├ón ─æß╗æi t├ái khoß║ún ph├ít sinh hoß║ít ─æß╗Öng b├¼nh th╞░ß╗¥ng.","anomaliesFound":[],"strategicRecommendations":["─Éß╗ïnh kß╗│ chß║íy ─æß╗æi so├ít quß╗╣ ─æß╗æi chiß║┐u vß╗¢i b├ío c├ío doanh thu ─æß╗â kiß╗âm tra sai lß╗çch quß╗╣ kß║┐ to├ín"],"draftActions":[]}

      at log (src/services/ai/orchestrator.ts:367:19)

    console.log
      [AI COO Service] Raw Gemini response length: 255

      at log (src/services/ai/orchestrator.ts:368:19)

    console.log
      [AI COO Service] Gß╗ìi Gemini th├ánh c├┤ng v├á ph├ón t├¡ch sß╗æ liß╗çu th├ánh c├┤ng!

      at log (src/services/ai/orchestrator.ts:376:19)

    console.log
      [AI COO Orchestrator] Nhß║¡n y├¬u cß║ºu ph├ón t├¡ch tß║íi: 2026-07-16T07:58:21.646Z

      at log (src/app/api/v1/ai/coo-orchestrator/route.ts:24:11)

    console.log
      [AI COO Orchestrator] CEO Boss CEO gß╗¡i lß╗çnh: "Xuß║Ñt bß║úng c├ón ─æß╗æi ph├ít sinh"

      at log (src/app/api/v1/ai/coo-orchestrator/route.ts:66:13)

    console.log
      [AI COO Service] ─Éß╗ïnh tuyß║┐n tß╗¢i: CFO Agent

      at log (src/services/ai/agents/cfo.ts:22:11)

    console.log
      [AI COO Service] ─É├ú ─æß╗ìc GEMINI_API_KEY th├ánh c├┤ng tß╗½ Database chi nh├ính: tenant-uuid-123

      at log (src/services/ai/orchestrator.ts:175:15)

    console.log
      [AI COO Service] Ph├ít hiß╗çn GEMINI_API_KEY. Tiß║┐n h├ánh gß╗ìi Gemini API cho ph├ón t├¡ch th├┤ng minh...

      at log (src/services/ai/orchestrator.ts:292:15)

    console.error
      [AI COO Service] Gß╗ìi Gemini API thß║Ñt bß║íi, HTTP status: 503

      378 |       } else {
      379 |         const errPayload = await response.json().catch(() => ({}));
    > 380 |         console.error("[AI COO Service] Gß╗ìi Gemini API thß║Ñt bß║íi, HTTP status:", response.status);
          |                 ^
      381 |         executiveSummary = `ΓÜá∩╕Å Gß╗ìi Gemini API thß║Ñt bß║íi (HTTP Status: ${response.status}). Phß║ún hß╗ôi lß╗ùi: ${JSON.stringify(errPayload)}`;
      382 |       }
      383 |     } catch (geminiErr: unknown) {

      at error (src/services/ai/orchestrator.ts:380:17)
      at src/app/api/v1/ai/coo-orchestrator/route.ts:69:29
      at src/core/middleware/tenantContext.ts:104:14
      at Object.<anonymous> (src/__tests__/ai-agent.test.ts:347:17)

    console.log
      [AI COO Orchestrator] Nhß║¡n y├¬u cß║ºu ph├ón t├¡ch tß║íi: 2026-07-16T07:58:21.662Z

      at log (src/app/api/v1/ai/coo-orchestrator/route.ts:24:11)

    console.log
      [AI COO Orchestrator] CEO Boss CEO gß╗¡i lß╗çnh: "Kiß╗âm tra chß║Ñm c├┤ng KTV"

      at log (src/app/api/v1/ai/coo-orchestrator/route.ts:66:13)

    console.log
      [AI COO Service] ─Éß╗ïnh tuyß║┐n tß╗¢i: CHRO Agent

      at log (src/services/ai/agents/chro.ts:34:11)

    console.error
      [CHRO Agent] Lß╗ùi khi gß╗ìi RPC get_ai_attendance_kpis: { message: 'Database connection timeout in get_ai_attendance_kpis' }

      39 |
      40 |   if (rpcError) {
    > 41 |     console.error("[CHRO Agent] Lß╗ùi khi gß╗ìi RPC get_ai_attendance_kpis:", rpcError);
         |             ^
      42 |     throw rpcError;
      43 |   }
      44 |

      at error (src/services/ai/agents/chro.ts:41:13)
      at runCOOOrchestrator (src/services/ai/orchestrator.ts:229:24)
      at src/app/api/v1/ai/coo-orchestrator/route.ts:69:29
      at src/core/middleware/tenantContext.ts:104:14
      at Object.<anonymous> (src/__tests__/ai-agent.test.ts:381:17)

    console.error
      [AI COO Orchestrator] Lß╗ùi ngoß║íi lß╗ç nghi├¬m trß╗ìng: { message: 'Database connection timeout in get_ai_attendance_kpis' }

      82 |
      83 |   } catch (error: unknown) {
    > 84 |     console.error("[AI COO Orchestrator] Lß╗ùi ngoß║íi lß╗ç nghi├¬m trß╗ìng:", error);
         |             ^
      85 |     // Trß║ú vß╗ü lß╗ùi r├╡ r├áng ─æß╗â hß╗ç thß╗æng kiß╗âm thß╗¡ tß╗▒ ─æß╗Öng nhß║¡n diß╗çn lß║¡p tß╗⌐c
      86 |     return NextResponse.json(
      87 |       { error: "─É├ú xß║úy ra lß╗ùi nghi├¬m trß╗ìng trong qu├í tr├¼nh xß╗¡ l├╜ cß╗ºa AI Orchestrator.", details: getErrorMessage(error) },

      at error (src/app/api/v1/ai/coo-orchestrator/route.ts:84:13)
      at src/core/middleware/tenantContext.ts:104:14
      at Object.<anonymous> (src/__tests__/ai-agent.test.ts:381:17)

    console.log
      [AI COO Orchestrator] Nhß║¡n y├¬u cß║ºu ph├ón t├¡ch tß║íi: 2026-07-16T07:58:21.665Z

      at log (src/app/api/v1/ai/coo-orchestrator/route.ts:24:11)

    console.log
      [AI COO Orchestrator] CEO Boss CEO gß╗¡i lß╗çnh: "Kiß╗âm tra vß║¡n h├ánh chung"

      at log (src/app/api/v1/ai/coo-orchestrator/route.ts:66:13)

    console.error
      [AI COO Service] Lß╗ùi ch├¿n nhß║¡t k├╜ AI log: { message: 'ai log insert failed' }

      255 |
      256 |   if (logError) {
    > 257 |     console.error("[AI COO Service] Lß╗ùi ch├¿n nhß║¡t k├╜ AI log:", logError);
          |             ^
      258 |     throw logError;
      259 |   }
      260 |

      at error (src/services/ai/orchestrator.ts:257:13)
      at src/app/api/v1/ai/coo-orchestrator/route.ts:69:29
      at src/core/middleware/tenantContext.ts:104:14
      at Object.<anonymous> (src/__tests__/ai-agent.test.ts:404:17)

    console.error
      [AI COO Orchestrator] Lß╗ùi ngoß║íi lß╗ç nghi├¬m trß╗ìng: { message: 'ai log insert failed' }

      82 |
      83 |   } catch (error: unknown) {
    > 84 |     console.error("[AI COO Orchestrator] Lß╗ùi ngoß║íi lß╗ç nghi├¬m trß╗ìng:", error);
         |             ^
      85 |     // Trß║ú vß╗ü lß╗ùi r├╡ r├áng ─æß╗â hß╗ç thß╗æng kiß╗âm thß╗¡ tß╗▒ ─æß╗Öng nhß║¡n diß╗çn lß║¡p tß╗⌐c
      86 |     return NextResponse.json(
      87 |       { error: "─É├ú xß║úy ra lß╗ùi nghi├¬m trß╗ìng trong qu├í tr├¼nh xß╗¡ l├╜ cß╗ºa AI Orchestrator.", details: getErrorMessage(error) },

      at error (src/app/api/v1/ai/coo-orchestrator/route.ts:84:13)
      at src/core/middleware/tenantContext.ts:104:14
      at Object.<anonymous> (src/__tests__/ai-agent.test.ts:404:17)

    console.log
      [AI Action Approval] Nhß║¡n y├¬u cß║ºu duyß╗çt h├ánh ─æß╗Öng nh├íp...

      at log (src/app/api/v1/ai/action-approval/route.ts:31:11)

    console.warn
      [AI Action Approval] Ng╞░ß╗¥i d├╣ng Staff KTV vß╗¢i vai tr├▓ ktv cß╗æ gß║»ng ph├¬ duyß╗çt.

      59 |     // 4. Validate user has permission to approve AI actions
      60 |     if (!canUseAiCopilotRole(userData.role)) {
    > 61 |       console.warn(`[AI Action Approval] Ng╞░ß╗¥i d├╣ng ${userData.full_name} vß╗¢i vai tr├▓ ${userData.role} cß╗æ gß║»ng ph├¬ duyß╗çt.`);
         |               ^
      62 |       return NextResponse.json({ error: "Quyß╗ün hß║ín kh├┤ng hß╗úp lß╗ç. Chß╗ë c├│ Admin/Super Admin/Kß║┐ to├ín tr╞░ß╗ƒng mß╗¢i c├│ quyß╗ün ph├¬ duyß╗çt h├ánh ─æß╗Öng cß╗ºa AI." }, { status: 403 });
      63 |     }
      64 |

      at warn (src/app/api/v1/ai/action-approval/route.ts:61:15)
      at src/core/middleware/tenantContext.ts:104:14
      at Object.<anonymous> (src/__tests__/ai-agent.test.ts:425:17)

    console.log
      [AI Action Approval] Nhß║¡n y├¬u cß║ºu duyß╗çt h├ánh ─æß╗Öng nh├íp...

      at log (src/app/api/v1/ai/action-approval/route.ts:31:11)

    console.log
      [AI Action Approval] Nhß║¡n y├¬u cß║ºu duyß╗çt h├ánh ─æß╗Öng nh├íp...

      at log (src/app/api/v1/ai/action-approval/route.ts:31:11)

    console.log
      [AI Action Approval] CEO Boss CEO ph├¬ duyß╗çt h├ánh ─æß╗Öng: "attendance_warning" cho "KTV Hoa"

      at log (src/app/api/v1/ai/action-approval/route.ts:73:13)

    console.error
      [AI Action Approval] Lß╗ùi khi tß║ío th├┤ng b├ío hß╗ç thß╗æng: { message: 'notification insert failed' }

      94 |
      95 |     if (notifError) {
    > 96 |       console.error("[AI Action Approval] Lß╗ùi khi tß║ío th├┤ng b├ío hß╗ç thß╗æng:", notifError);
         |               ^
      97 |       throw notifError; // Zero Silent DB Failures
      98 |     }
      99 |

      at error (src/app/api/v1/ai/action-approval/route.ts:96:15)
      at src/core/middleware/tenantContext.ts:104:14
      at Object.<anonymous> (src/__tests__/ai-agent.test.ts:493:17)

    console.error
      [AI Action Approval] Lß╗ùi ngoß║íi lß╗ç nghi├¬m trß╗ìng: { message: 'notification insert failed' }

      134 |
      135 |   } catch (error: unknown) {
    > 136 |     console.error("[AI Action Approval] Lß╗ùi ngoß║íi lß╗ç nghi├¬m trß╗ìng:", error);
          |             ^
      137 |     return NextResponse.json(
      138 |       { error: "─É├ú xß║úy ra lß╗ùi nghi├¬m trß╗ìng khi xß╗¡ l├╜ ph├¬ duyß╗çt h├ánh ─æß╗Öng.", details: getErrorMessage(error) },
      139 |       { status: 500 }

      at error (src/app/api/v1/ai/action-approval/route.ts:136:13)
      at src/core/middleware/tenantContext.ts:104:14
      at Object.<anonymous> (src/__tests__/ai-agent.test.ts:493:17)

    console.log
      [AI Action Approval] Nhß║¡n y├¬u cß║ºu duyß╗çt h├ánh ─æß╗Öng nh├íp...

      at log (src/app/api/v1/ai/action-approval/route.ts:31:11)

    console.log
      [AI Action Approval] CEO Boss CEO ph├¬ duyß╗çt h├ánh ─æß╗Öng: "attendance_warning" cho "KTV Hoa"

      at log (src/app/api/v1/ai/action-approval/route.ts:73:13)

    console.error
      [AI Action Approval] Lß╗ùi khi ghi audit log: { message: 'audit insert failed' }

      117 |
      118 |     if (logError) {
    > 119 |       console.error("[AI Action Approval] Lß╗ùi khi ghi audit log:", logError);
          |               ^
      120 |       const { error: rollbackError } = await supabase
      121 |         .from("app_notifications")
      122 |         .delete()

      at error (src/app/api/v1/ai/action-approval/route.ts:119:15)
      at src/core/middleware/tenantContext.ts:104:14
      at Object.<anonymous> (src/__tests__/ai-agent.test.ts:546:17)

    console.error
      [AI Action Approval] Lß╗ùi ngoß║íi lß╗ç nghi├¬m trß╗ìng: Error: audit insert failed
          at D:\Antigravity\Projects\BELLA SPA ERP\src\app\api\v1\ai\action-approval\route.ts:126:13
          at processTicksAndRejections (node:internal/process/task_queues:104:5)
          at D:\Antigravity\Projects\BELLA SPA ERP\src\core\middleware\tenantContext.ts:104:14
          at Object.<anonymous> (D:\Antigravity\Projects\BELLA SPA ERP\src\__tests__\ai-agent.test.ts:546:17)

      134 |
      135 |   } catch (error: unknown) {
    > 136 |     console.error("[AI Action Approval] Lß╗ùi ngoß║íi lß╗ç nghi├¬m trß╗ìng:", error);
          |             ^
      137 |     return NextResponse.json(
      138 |       { error: "─É├ú xß║úy ra lß╗ùi nghi├¬m trß╗ìng khi xß╗¡ l├╜ ph├¬ duyß╗çt h├ánh ─æß╗Öng.", details: getErrorMessage(error) },
      139 |       { status: 500 }

      at error (src/app/api/v1/ai/action-approval/route.ts:136:13)
      at src/core/middleware/tenantContext.ts:104:14
      at Object.<anonymous> (src/__tests__/ai-agent.test.ts:546:17)

    console.log
      [AI Action Approval] Nhß║¡n y├¬u cß║ºu duyß╗çt h├ánh ─æß╗Öng nh├íp...

      at log (src/app/api/v1/ai/action-approval/route.ts:31:11)

    console.log
      [AI Action Approval] CEO Boss CEO ph├¬ duyß╗çt h├ánh ─æß╗Öng: "attendance_warning" cho "KTV Hoa"

      at log (src/app/api/v1/ai/action-approval/route.ts:73:13)

    console.error
      [AI Action Approval] Lß╗ùi khi ghi audit log: { message: 'audit insert failed' }

      117 |
      118 |     if (logError) {
    > 119 |       console.error("[AI Action Approval] Lß╗ùi khi ghi audit log:", logError);
          |               ^
      120 |       const { error: rollbackError } = await supabase
      121 |         .from("app_notifications")
      122 |         .delete()

      at error (src/app/api/v1/ai/action-approval/route.ts:119:15)
      at src/core/middleware/tenantContext.ts:104:14
      at Object.<anonymous> (src/__tests__/ai-agent.test.ts:599:17)

    console.error
      [AI Action Approval] Lß╗ùi ngoß║íi lß╗ç nghi├¬m trß╗ìng: Error: audit insert failed; rollback failed: notification rollback failed
          at D:\Antigravity\Projects\BELLA SPA ERP\src\app\api\v1\ai\action-approval\route.ts:126:13
          at processTicksAndRejections (node:internal/process/task_queues:104:5)
          at D:\Antigravity\Projects\BELLA SPA ERP\src\core\middleware\tenantContext.ts:104:14
          at Object.<anonymous> (D:\Antigravity\Projects\BELLA SPA ERP\src\__tests__\ai-agent.test.ts:599:17)

      134 |
      135 |   } catch (error: unknown) {
    > 136 |     console.error("[AI Action Approval] Lß╗ùi ngoß║íi lß╗ç nghi├¬m trß╗ìng:", error);
          |             ^
      137 |     return NextResponse.json(
      138 |       { error: "─É├ú xß║úy ra lß╗ùi nghi├¬m trß╗ìng khi xß╗¡ l├╜ ph├¬ duyß╗çt h├ánh ─æß╗Öng.", details: getErrorMessage(error) },
      139 |       { status: 500 }

      at error (src/app/api/v1/ai/action-approval/route.ts:136:13)
      at src/core/middleware/tenantContext.ts:104:14
      at Object.<anonymous> (src/__tests__/ai-agent.test.ts:599:17)

    console.log
      [AI Action Approval] Nhß║¡n y├¬u cß║ºu duyß╗çt h├ánh ─æß╗Öng nh├íp...

      at log (src/app/api/v1/ai/action-approval/route.ts:31:11)

    console.log
      [AI Action Approval] CEO Boss CEO ph├¬ duyß╗çt h├ánh ─æß╗Öng: "attendance_warning" cho "KTV Hoa"

      at log (src/app/api/v1/ai/action-approval/route.ts:73:13)

PASS src/__tests__/scope.middleware.test.ts
  ΓùÅ Console

    console.log
      Γùç injected env (9) from .env.local // tip: Γîÿ override existing { override: true }

      at _log (node_modules/dotenv/lib/main.js:131:11)

    console.log
      [Jest Setup] SUPABASE_SERVICE_ROLE_KEY loaded: sb_secret_Dm... (41 chars)

      at Object.log (jest.setup.ts:10:9)

    console.warn
      [Scope Middleware] Access denied {
        partner_id: 'partner-123',
        required_scope: 'payment:write',
        partner_scopes: [ 'order:read' ]
      }

      140 |   // Check if partner has the required scope
      141 |   if (!hasScope(partnerScopes, requiredScope)) {
    > 142 |     console.warn(
          |             ^
      143 |       '[Scope Middleware] Access denied',
      144 |       {
      145 |         partner_id: req.partner.partner_id,

      at warn (src/lib/middleware/scope.middleware.ts:142:13)
      at Object.<anonymous> (src/__tests__/scope.middleware.test.ts:63:31)

    console.error
      [Scope Middleware] Partner context missing. Did you call apiKeyMiddleware first?

      123 |   // Check if partner context exists (should be set by apiKeyMiddleware)
      124 |   if (!req.partner) {
    > 125 |     console.error('[Scope Middleware] Partner context missing. Did you call apiKeyMiddleware first?');
          |             ^
      126 |     return NextResponse.json(
      127 |       {
      128 |         success: false,

      at error (src/lib/middleware/scope.middleware.ts:125:13)
      at Object.<anonymous> (src/__tests__/scope.middleware.test.ts:72:31)

    console.warn
      [Scope Middleware] Access denied (all scopes) {
        partner_id: 'partner-123',
        required_scopes: [ 'order:read', 'payment:read' ],
        partner_scopes: [ 'order:read', 'order:write' ]
      }

      233 |   
      234 |   if (!hasAllScopes(partnerScopes, requiredScopes)) {
    > 235 |     console.warn(
          |             ^
      236 |       '[Scope Middleware] Access denied (all scopes)',
      237 |       {
      238 |         partner_id: req.partner.partner_id,

      at warn (src/lib/middleware/scope.middleware.ts:235:13)
      at Object.<anonymous> (src/__tests__/scope.middleware.test.ts:96:35)

    console.warn
      [Scope Middleware] Access denied (all scopes) {
        partner_id: 'partner-123',
        required_scopes: [ 'payment:read', 'invoice:write' ],
        partner_scopes: [ 'order:read' ]
      }

      233 |   
      234 |   if (!hasAllScopes(partnerScopes, requiredScopes)) {
    > 235 |     console.warn(
          |             ^
      236 |       '[Scope Middleware] Access denied (all scopes)',
      237 |       {
      238 |         partner_id: req.partner.partner_id,

      at warn (src/lib/middleware/scope.middleware.ts:235:13)
      at Object.<anonymous> (src/__tests__/scope.middleware.test.ts:105:35)

    console.warn
      [Scope Middleware] Access denied (any scope) {
        partner_id: 'partner-123',
        required_scopes: [ 'payment:read', 'invoice:write' ],
        partner_scopes: [ 'order:read' ]
      }

      187 |   
      188 |   if (!hasAnyScope(partnerScopes, requiredScopes)) {
    > 189 |     console.warn(
          |             ^
      190 |       '[Scope Middleware] Access denied (any scope)',
      191 |       {
      192 |         partner_id: req.partner.partner_id,

      at warn (src/lib/middleware/scope.middleware.ts:189:13)
      at Object.<anonymous> (src/__tests__/scope.middleware.test.ts:148:34)

    console.warn
      [Scope Middleware] Access denied (any scope) {
        partner_id: 'partner-123',
        required_scopes: [],
        partner_scopes: [ 'order:read' ]
      }

      187 |   
      188 |   if (!hasAnyScope(partnerScopes, requiredScopes)) {
    > 189 |     console.warn(
          |             ^
      190 |       '[Scope Middleware] Access denied (any scope)',
      191 |       {
      192 |         partner_id: req.partner.partner_id,

      at warn (src/lib/middleware/scope.middleware.ts:189:13)
      at Object.<anonymous> (src/__tests__/scope.middleware.test.ts:157:34)

    console.warn
      [Scope Middleware] Access denied {
        partner_id: 'partner-123',
        required_scope: 'payment:read',
        partner_scopes: [ 'order:*' ]
      }

      140 |   // Check if partner has the required scope
      141 |   if (!hasScope(partnerScopes, requiredScope)) {
    > 142 |     console.warn(
          |             ^
      143 |       '[Scope Middleware] Access denied',
      144 |       {
      145 |         partner_id: req.partner.partner_id,

      at warn (src/lib/middleware/scope.middleware.ts:142:13)
      at Object.<anonymous> (src/__tests__/scope.middleware.test.ts:191:31)

    console.warn
      [Scope Middleware] Access denied {
        partner_id: 'partner-123',
        required_scope: 'invoice:read',
        partner_scopes: [ 'order:*', 'payment:*' ]
      }

      140 |   // Check if partner has the required scope
      141 |   if (!hasScope(partnerScopes, requiredScope)) {
    > 142 |     console.warn(
          |             ^
      143 |       '[Scope Middleware] Access denied',
      144 |       {
      145 |         partner_id: req.partner.partner_id,

      at warn (src/lib/middleware/scope.middleware.ts:142:13)
      at Object.<anonymous> (src/__tests__/scope.middleware.test.ts:207:24)

    console.warn
      [Scope Middleware] Access denied {
        partner_id: 'partner-123',
        required_scope: 'ORDER:READ',
        partner_scopes: [ 'order:read' ]
      }

      140 |   // Check if partner has the required scope
      141 |   if (!hasScope(partnerScopes, requiredScope)) {
    > 142 |     console.warn(
          |             ^
      143 |       '[Scope Middleware] Access denied',
      144 |       {
      145 |         partner_id: req.partner.partner_id,

      at warn (src/lib/middleware/scope.middleware.ts:142:13)
      at Object.<anonymous> (src/__tests__/scope.middleware.test.ts:236:31)

    console.warn
      [Scope Middleware] Access denied {
        partner_id: 'partner-123',
        required_scope: 'order:read',
        partner_scopes: []
      }

      140 |   // Check if partner has the required scope
      141 |   if (!hasScope(partnerScopes, requiredScope)) {
    > 142 |     console.warn(
          |             ^
      143 |       '[Scope Middleware] Access denied',
      144 |       {
      145 |         partner_id: req.partner.partner_id,

      at warn (src/lib/middleware/scope.middleware.ts:142:13)
      at Object.<anonymous> (src/__tests__/scope.middleware.test.ts:245:31)

PASS src/__tests__/ktv-salary-confirmation.test.ts
  ΓùÅ Console

    console.log
      Γùç injected env (9) from .env.local // tip: Γùê encrypted .env [www.dotenvx.com]

      at _log (node_modules/dotenv/lib/main.js:131:11)

    console.log
      [Jest Setup] SUPABASE_SERVICE_ROLE_KEY loaded: sb_secret_Dm... (41 chars)

      at Object.log (jest.setup.ts:10:9)

PASS src/__tests__/ktv-actions.test.ts
  ΓùÅ Console

    console.log
      Γùç injected env (9) from .env.local // tip: Γùê encrypted .env [www.dotenvx.com]

      at _log (node_modules/dotenv/lib/main.js:131:11)

    console.log
      [Jest Setup] SUPABASE_SERVICE_ROLE_KEY loaded: sb_secret_Dm... (41 chars)

      at Object.log (jest.setup.ts:10:9)

    console.log
      [getKTVActiveSessions] getCurrentUser took 0ms

      at log (src/services/ktv-actions.ts:128:11)

    console.log
      [getKTVActiveSessions] DB query took 1ms

      at log (src/services/ktv-actions.ts:159:11)

    console.log
      [getKTVUpcomingSessions] getCurrentUser took 0ms

      at log (src/services/ktv-actions.ts:195:11)

    console.log
      [getKTVUpcomingSessions] Original sessions query took 0ms

      at log (src/services/ktv-actions.ts:230:11)

    console.log
      [getKTVUpcomingSessions] Reassigned sessions query took 0ms

      at log (src/services/ktv-actions.ts:261:11)

    console.log
      [getKTVUpcomingSessions] getCurrentUser took 0ms

      at log (src/services/ktv-actions.ts:195:11)

    console.log
      [getKTVUpcomingSessions] Original sessions query took 0ms

      at log (src/services/ktv-actions.ts:230:11)

    console.log
      [getKTVUpcomingSessions] Reassigned sessions query took 0ms

      at log (src/services/ktv-actions.ts:261:11)

    console.log
      [getKTVUpcomingSessions] Merge & dedup took 0ms

      at log (src/services/ktv-actions.ts:278:11)

    console.log
      [getKTVUpcomingSessions] All sessions for bookings query took 0ms

      at log (src/services/ktv-actions.ts:314:11)

PASS src/__tests__/dashboard-actions.test.ts
  ΓùÅ Console

    console.log
      Γùç injected env (9) from .env.local // tip: Γîÿ custom filepath { path: '/custom/path/.env' }

      at _log (node_modules/dotenv/lib/main.js:131:11)

    console.log
      [Jest Setup] SUPABASE_SERVICE_ROLE_KEY loaded: sb_secret_Dm... (41 chars)

      at Object.log (jest.setup.ts:10:9)

PASS src/__tests__/accounting-engine.test.ts
  ΓùÅ Console

    console.log
      Γùç injected env (9) from .env.local // tip: Γîÿ enable debugging { debug: true }

      at _log (node_modules/dotenv/lib/main.js:131:11)

    console.log
      [Jest Setup] SUPABASE_SERVICE_ROLE_KEY loaded: sb_secret_Dm... (41 chars)

      at Object.log (jest.setup.ts:10:9)

PASS src/__tests__/accounting-health.test.ts
  ΓùÅ Console

    console.log
      Γùç injected env (9) from .env.local // tip: Γîÿ override existing { override: true }

      at _log (node_modules/dotenv/lib/main.js:131:11)

    console.log
      [Jest Setup] SUPABASE_SERVICE_ROLE_KEY loaded: sb_secret_Dm... (41 chars)

      at Object.log (jest.setup.ts:10:9)

PASS src/services/intelligence/__tests__/forecast/revenue-forecast.test.ts
  ΓùÅ Console

    console.log
      Γùç injected env (9) from .env.local // tip: Γùê secrets for agents [www.dotenvx.com]

      at _log (node_modules/dotenv/lib/main.js:131:11)

    console.log
      [Jest Setup] SUPABASE_SERVICE_ROLE_KEY loaded: sb_secret_Dm... (41 chars)

      at Object.log (jest.setup.ts:10:9)

PASS src/__tests__/inventory-transfer.test.ts
  ΓùÅ Console

    console.log
      Γùç injected env (9) from .env.local // tip: Γùê secrets for agents [www.dotenvx.com]

      at _log (node_modules/dotenv/lib/main.js:131:11)

    console.log
      [Jest Setup] SUPABASE_SERVICE_ROLE_KEY loaded: sb_secret_Dm... (41 chars)

      at Object.log (jest.setup.ts:10:9)

    console.log
      [Alert] ─É├ú gß╗¡i th├┤ng b├ío Email tß╗¢i chi nh├ính Bella Spa Branch A (undefined) vß╗ü vß║¡n ─æ╞ín VTP987654

      at log (src/services/inventory-transfer-actions.ts:558:15)

    console.log
      [Alert] ─É├ú gß╗¡i th├┤ng b├ío Zalo ZNS tß╗¢i chi nh├ính (Phone: undefined) vß╗ü lß╗çnh TRF-202605-1001

      at log (src/services/inventory-transfer-actions.ts:559:15)

    console.error
      [approveAndShipTransfer] update error: { message: 'order update failed' }

      514 |
      515 |     if (updateErr) {
    > 516 |       console.error('[approveAndShipTransfer] update error:', updateErr);
          |               ^
      517 |       const rollbackErr = await rollbackTransferInventoryMutations(supabase, shipmentMutations);
      518 |       return {
      519 |         success: false,

      at error (src/services/inventory-transfer-actions.ts:516:15)
      at Object.<anonymous> (src/__tests__/inventory-transfer.test.ts:546:22)

    console.error
      [confirmTransferReceipt] update error: { message: 'receipt status update failed' }

      729 |
      730 |     if (updateErr) {
    > 731 |       console.error('[confirmTransferReceipt] update error:', updateErr);
          |               ^
      732 |       const rollbackErr = await rollbackTransferInventoryMutations(supabase, receiptMutations);
      733 |       return {
      734 |         success: false,

      at error (src/services/inventory-transfer-actions.ts:731:15)
      at Object.<anonymous> (src/__tests__/inventory-transfer.test.ts:754:22)

PASS src/services/intelligence/hr/__tests__/service.test.ts
  ΓùÅ Console

    console.log
      Γùç injected env (9) from .env.local // tip: Γîÿ custom filepath { path: '/custom/path/.env' }

      at _log (node_modules/dotenv/lib/main.js:131:11)

    console.log
      [Jest Setup] SUPABASE_SERVICE_ROLE_KEY loaded: sb_secret_Dm... (41 chars)

      at Object.log (jest.setup.ts:10:9)

    console.error
      [HRIntelligence.getWorkforceAnalytics] Error: Error: Database connection failed
          at Object.<anonymous> (D:\Antigravity\Projects\BELLA SPA ERP\src\services\intelligence\hr\__tests__\service.test.ts:230:9)
          at Promise.finally.completed (D:\Antigravity\Projects\BELLA SPA ERP\node_modules\jest-circus\build\jestAdapterInit.js:1561:28)
          at new Promise (<anonymous>)
          at callAsyncCircusFn (D:\Antigravity\Projects\BELLA SPA ERP\node_modules\jest-circus\build\jestAdapterInit.js:1501:10)
          at _callCircusTest (D:\Antigravity\Projects\BELLA SPA ERP\node_modules\jest-circus\build\jestAdapterInit.js:1011:40)
          at processTicksAndRejections (node:internal/process/task_queues:104:5)
          at _runTest (D:\Antigravity\Projects\BELLA SPA ERP\node_modules\jest-circus\build\jestAdapterInit.js:951:3)
          at D:\Antigravity\Projects\BELLA SPA ERP\node_modules\jest-circus\build\jestAdapterInit.js:853:7
          at _runTestsForDescribeBlock (D:\Antigravity\Projects\BELLA SPA ERP\node_modules\jest-circus\build\jestAdapterInit.js:866:11)
          at _runTestsForDescribeBlock (D:\Antigravity\Projects\BELLA SPA ERP\node_modules\jest-circus\build\jestAdapterInit.js:861:11)
          at _runTestsForDescribeBlock (D:\Antigravity\Projects\BELLA SPA ERP\node_modules\jest-circus\build\jestAdapterInit.js:861:11)
          at run (D:\Antigravity\Projects\BELLA SPA ERP\node_modules\jest-circus\build\jestAdapterInit.js:765:3)
          at runAndTransformResultsToJestFormat (D:\Antigravity\Projects\BELLA SPA ERP\node_modules\jest-circus\build\jestAdapterInit.js:1993:21)
          at jestAdapter (D:\Antigravity\Projects\BELLA SPA ERP\node_modules\jest-circus\build\runner.js:111:19)
          at runTestInternal (D:\Antigravity\Projects\BELLA SPA ERP\node_modules\jest-runner\build\testWorker.js:276:16)
          at runTest (D:\Antigravity\Projects\BELLA SPA ERP\node_modules\jest-runner\build\testWorker.js:344:7)
          at Object.worker (D:\Antigravity\Projects\BELLA SPA ERP\node_modules\jest-runner\build\testWorker.js:498:12)

      810 |
      811 |     const message = error instanceof Error ? error.message : String(error);
    > 812 |     console.error(`[HRIntelligence.${method}] Error:`, error);
          |             ^
      813 |
      814 |     return new IntelligenceError(
      815 |       `HR intelligence operation failed: ${message}`,

      at HRIntelligenceService.error [as handleError] (src/services/intelligence/hr/service.ts:812:13)
      at HRIntelligenceService.handleError [as getWorkforceAnalytics] (src/services/intelligence/hr/service.ts:150:18)
      at Object.<anonymous> (src/services/intelligence/hr/__tests__/service.test.ts:233:7)

    console.warn
      [HRIntelligence.getWorkforceAnalytics] Cache write error (non-critical): Error: Redis write failed
          at Object.<anonymous> (D:\Antigravity\Projects\BELLA SPA ERP\src\services\intelligence\hr\__tests__\service.test.ts:240:38)
          at Promise.finally.completed (D:\Antigravity\Projects\BELLA SPA ERP\node_modules\jest-circus\build\jestAdapterInit.js:1561:28)
          at new Promise (<anonymous>)
          at callAsyncCircusFn (D:\Antigravity\Projects\BELLA SPA ERP\node_modules\jest-circus\build\jestAdapterInit.js:1501:10)
          at _callCircusTest (D:\Antigravity\Projects\BELLA SPA ERP\node_modules\jest-circus\build\jestAdapterInit.js:1011:40)
          at processTicksAndRejections (node:internal/process/task_queues:104:5)
          at _runTest (D:\Antigravity\Projects\BELLA SPA ERP\node_modules\jest-circus\build\jestAdapterInit.js:951:3)
          at D:\Antigravity\Projects\BELLA SPA ERP\node_modules\jest-circus\build\jestAdapterInit.js:853:7
          at _runTestsForDescribeBlock (D:\Antigravity\Projects\BELLA SPA ERP\node_modules\jest-circus\build\jestAdapterInit.js:866:11)
          at _runTestsForDescribeBlock (D:\Antigravity\Projects\BELLA SPA ERP\node_modules\jest-circus\build\jestAdapterInit.js:861:11)
          at _runTestsForDescribeBlock (D:\Antigravity\Projects\BELLA SPA ERP\node_modules\jest-circus\build\jestAdapterInit.js:861:11)
          at run (D:\Antigravity\Projects\BELLA SPA ERP\node_modules\jest-circus\build\jestAdapterInit.js:765:3)
          at runAndTransformResultsToJestFormat (D:\Antigravity\Projects\BELLA SPA ERP\node_modules\jest-circus\build\jestAdapterInit.js:1993:21)
          at jestAdapter (D:\Antigravity\Projects\BELLA SPA ERP\node_modules\jest-circus\build\runner.js:111:19)
          at runTestInternal (D:\Antigravity\Projects\BELLA SPA ERP\node_modules\jest-runner\build\testWorker.js:276:16)
          at runTest (D:\Antigravity\Projects\BELLA SPA ERP\node_modules\jest-runner\build\testWorker.js:344:7)
          at Object.worker (D:\Antigravity\Projects\BELLA SPA ERP\node_modules\jest-runner\build\testWorker.js:498:12)

      134 |         });
      135 |       } catch (cacheError) {
    > 136 |         console.warn('[HRIntelligence.getWorkforceAnalytics] Cache write error (non-critical):', cacheError);
          |                 ^
      137 |         // Continue - data is already fetched
      138 |       }
      139 |

      at HRIntelligenceService.warn [as getWorkforceAnalytics] (src/services/intelligence/hr/service.ts:136:17)
      at Object.<anonymous> (src/services/intelligence/hr/__tests__/service.test.ts:244:22)

    console.warn
      [HRIntelligence.getAttendanceReport] Cache write error (non-critical): Error: Redis write failed
          at Object.<anonymous> (D:\Antigravity\Projects\BELLA SPA ERP\src\services\intelligence\hr\__tests__\service.test.ts:240:38)
          at Promise.finally.completed (D:\Antigravity\Projects\BELLA SPA ERP\node_modules\jest-circus\build\jestAdapterInit.js:1561:28)
          at new Promise (<anonymous>)
          at callAsyncCircusFn (D:\Antigravity\Projects\BELLA SPA ERP\node_modules\jest-circus\build\jestAdapterInit.js:1501:10)
          at _callCircusTest (D:\Antigravity\Projects\BELLA SPA ERP\node_modules\jest-circus\build\jestAdapterInit.js:1011:40)
          at processTicksAndRejections (node:internal/process/task_queues:104:5)
          at _runTest (D:\Antigravity\Projects\BELLA SPA ERP\node_modules\jest-circus\build\jestAdapterInit.js:951:3)
          at D:\Antigravity\Projects\BELLA SPA ERP\node_modules\jest-circus\build\jestAdapterInit.js:853:7
          at _runTestsForDescribeBlock (D:\Antigravity\Projects\BELLA SPA ERP\node_modules\jest-circus\build\jestAdapterInit.js:866:11)
          at _runTestsForDescribeBlock (D:\Antigravity\Projects\BELLA SPA ERP\node_modules\jest-circus\build\jestAdapterInit.js:861:11)
          at _runTestsForDescribeBlock (D:\Antigravity\Projects\BELLA SPA ERP\node_modules\jest-circus\build\jestAdapterInit.js:861:11)
          at run (D:\Antigravity\Projects\BELLA SPA ERP\node_modules\jest-circus\build\jestAdapterInit.js:765:3)
          at runAndTransformResultsToJestFormat (D:\Antigravity\Projects\BELLA SPA ERP\node_modules\jest-circus\build\jestAdapterInit.js:1993:21)
          at jestAdapter (D:\Antigravity\Projects\BELLA SPA ERP\node_modules\jest-circus\build\runner.js:111:19)
          at runTestInternal (D:\Antigravity\Projects\BELLA SPA ERP\node_modules\jest-runner\build\testWorker.js:276:16)
          at runTest (D:\Antigravity\Projects\BELLA SPA ERP\node_modules\jest-runner\build\testWorker.js:344:7)
          at Object.worker (D:\Antigravity\Projects\BELLA SPA ERP\node_modules\jest-runner\build\testWorker.js:498:12)

      224 |         });
      225 |       } catch (cacheError) {
    > 226 |         console.warn('[HRIntelligence.getAttendanceReport] Cache write error (non-critical):', cacheError);
          |                 ^
      227 |         // Continue - data is already fetched
      228 |       }
      229 |

      at HRIntelligenceService.warn [as getAttendanceReport] (src/services/intelligence/hr/service.ts:226:17)
      at Object.<anonymous> (src/services/intelligence/hr/__tests__/service.test.ts:260:22)

    console.warn
      [HRIntelligence.getAttendanceReport] Cache write error (non-critical): Error: Redis write failed
          at Object.<anonymous> (D:\Antigravity\Projects\BELLA SPA ERP\src\services\intelligence\hr\__tests__\service.test.ts:240:38)
          at Promise.finally.completed (D:\Antigravity\Projects\BELLA SPA ERP\node_modules\jest-circus\build\jestAdapterInit.js:1561:28)
          at new Promise (<anonymous>)
          at callAsyncCircusFn (D:\Antigravity\Projects\BELLA SPA ERP\node_modules\jest-circus\build\jestAdapterInit.js:1501:10)
          at _callCircusTest (D:\Antigravity\Projects\BELLA SPA ERP\node_modules\jest-circus\build\jestAdapterInit.js:1011:40)
          at processTicksAndRejections (node:internal/process/task_queues:104:5)
          at _runTest (D:\Antigravity\Projects\BELLA SPA ERP\node_modules\jest-circus\build\jestAdapterInit.js:951:3)
          at D:\Antigravity\Projects\BELLA SPA ERP\node_modules\jest-circus\build\jestAdapterInit.js:853:7
          at _runTestsForDescribeBlock (D:\Antigravity\Projects\BELLA SPA ERP\node_modules\jest-circus\build\jestAdapterInit.js:866:11)
          at _runTestsForDescribeBlock (D:\Antigravity\Projects\BELLA SPA ERP\node_modules\jest-circus\build\jestAdapterInit.js:861:11)
          at _runTestsForDescribeBlock (D:\Antigravity\Projects\BELLA SPA ERP\node_modules\jest-circus\build\jestAdapterInit.js:861:11)
          at run (D:\Antigravity\Projects\BELLA SPA ERP\node_modules\jest-circus\build\jestAdapterInit.js:765:3)
          at runAndTransformResultsToJestFormat (D:\Antigravity\Projects\BELLA SPA ERP\node_modules\jest-circus\build\jestAdapterInit.js:1993:21)
          at jestAdapter (D:\Antigravity\Projects\BELLA SPA ERP\node_modules\jest-circus\build\runner.js:111:19)
          at runTestInternal (D:\Antigravity\Projects\BELLA SPA ERP\node_modules\jest-runner\build\testWorker.js:276:16)
          at runTest (D:\Antigravity\Projects\BELLA SPA ERP\node_modules\jest-runner\build\testWorker.js:344:7)
          at Object.worker (D:\Antigravity\Projects\BELLA SPA ERP\node_modules\jest-runner\build\testWorker.js:498:12)

      224 |         });
      225 |       } catch (cacheError) {
    > 226 |         console.warn('[HRIntelligence.getAttendanceReport] Cache write error (non-critical):', cacheError);
          |                 ^
      227 |         // Continue - data is already fetched
      228 |       }
      229 |

      at HRIntelligenceService.warn [as getAttendanceReport] (src/services/intelligence/hr/service.ts:226:17)
      at Object.<anonymous> (src/services/intelligence/hr/__tests__/service.test.ts:270:22)

    console.warn
      [HRIntelligence.getPayrollSummary] Cache write error (non-critical): Error: Redis write failed
          at Object.<anonymous> (D:\Antigravity\Projects\BELLA SPA ERP\src\services\intelligence\hr\__tests__\service.test.ts:240:38)
          at Promise.finally.completed (D:\Antigravity\Projects\BELLA SPA ERP\node_modules\jest-circus\build\jestAdapterInit.js:1561:28)
          at new Promise (<anonymous>)
          at callAsyncCircusFn (D:\Antigravity\Projects\BELLA SPA ERP\node_modules\jest-circus\build\jestAdapterInit.js:1501:10)
          at _callCircusTest (D:\Antigravity\Projects\BELLA SPA ERP\node_modules\jest-circus\build\jestAdapterInit.js:1011:40)
          at processTicksAndRejections (node:internal/process/task_queues:104:5)
          at _runTest (D:\Antigravity\Projects\BELLA SPA ERP\node_modules\jest-circus\build\jestAdapterInit.js:951:3)
          at D:\Antigravity\Projects\BELLA SPA ERP\node_modules\jest-circus\build\jestAdapterInit.js:853:7
          at _runTestsForDescribeBlock (D:\Antigravity\Projects\BELLA SPA ERP\node_modules\jest-circus\build\jestAdapterInit.js:866:11)
          at _runTestsForDescribeBlock (D:\Antigravity\Projects\BELLA SPA ERP\node_modules\jest-circus\build\jestAdapterInit.js:861:11)
          at _runTestsForDescribeBlock (D:\Antigravity\Projects\BELLA SPA ERP\node_modules\jest-circus\build\jestAdapterInit.js:861:11)
          at run (D:\Antigravity\Projects\BELLA SPA ERP\node_modules\jest-circus\build\jestAdapterInit.js:765:3)
          at runAndTransformResultsToJestFormat (D:\Antigravity\Projects\BELLA SPA ERP\node_modules\jest-circus\build\jestAdapterInit.js:1993:21)
          at jestAdapter (D:\Antigravity\Projects\BELLA SPA ERP\node_modules\jest-circus\build\runner.js:111:19)
          at runTestInternal (D:\Antigravity\Projects\BELLA SPA ERP\node_modules\jest-runner\build\testWorker.js:276:16)
          at runTest (D:\Antigravity\Projects\BELLA SPA ERP\node_modules\jest-runner\build\testWorker.js:344:7)
          at Object.worker (D:\Antigravity\Projects\BELLA SPA ERP\node_modules\jest-runner\build\testWorker.js:498:12)

      307 |         });
      308 |       } catch (cacheError) {
    > 309 |         console.warn('[HRIntelligence.getPayrollSummary] Cache write error (non-critical):', cacheError);
          |                 ^
      310 |         // Continue - data is already fetched
      311 |       }
      312 |

      at HRIntelligenceService.warn [as getPayrollSummary] (src/services/intelligence/hr/service.ts:309:17)
      at Object.<anonymous> (src/services/intelligence/hr/__tests__/service.test.ts:286:22)

    console.warn
      [HRIntelligence.getEmployeePerformance] Cache write error (non-critical): Error: Redis write failed
          at Object.<anonymous> (D:\Antigravity\Projects\BELLA SPA ERP\src\services\intelligence\hr\__tests__\service.test.ts:240:38)
          at Promise.finally.completed (D:\Antigravity\Projects\BELLA SPA ERP\node_modules\jest-circus\build\jestAdapterInit.js:1561:28)
          at new Promise (<anonymous>)
          at callAsyncCircusFn (D:\Antigravity\Projects\BELLA SPA ERP\node_modules\jest-circus\build\jestAdapterInit.js:1501:10)
          at _callCircusTest (D:\Antigravity\Projects\BELLA SPA ERP\node_modules\jest-circus\build\jestAdapterInit.js:1011:40)
          at processTicksAndRejections (node:internal/process/task_queues:104:5)
          at _runTest (D:\Antigravity\Projects\BELLA SPA ERP\node_modules\jest-circus\build\jestAdapterInit.js:951:3)
          at D:\Antigravity\Projects\BELLA SPA ERP\node_modules\jest-circus\build\jestAdapterInit.js:853:7
          at _runTestsForDescribeBlock (D:\Antigravity\Projects\BELLA SPA ERP\node_modules\jest-circus\build\jestAdapterInit.js:866:11)
          at _runTestsForDescribeBlock (D:\Antigravity\Projects\BELLA SPA ERP\node_modules\jest-circus\build\jestAdapterInit.js:861:11)
          at _runTestsForDescribeBlock (D:\Antigravity\Projects\BELLA SPA ERP\node_modules\jest-circus\build\jestAdapterInit.js:861:11)
          at run (D:\Antigravity\Projects\BELLA SPA ERP\node_modules\jest-circus\build\jestAdapterInit.js:765:3)
          at runAndTransformResultsToJestFormat (D:\Antigravity\Projects\BELLA SPA ERP\node_modules\jest-circus\build\jestAdapterInit.js:1993:21)
          at jestAdapter (D:\Antigravity\Projects\BELLA SPA ERP\node_modules\jest-circus\build\runner.js:111:19)
          at runTestInternal (D:\Antigravity\Projects\BELLA SPA ERP\node_modules\jest-runner\build\testWorker.js:276:16)
          at runTest (D:\Antigravity\Projects\BELLA SPA ERP\node_modules\jest-runner\build\testWorker.js:344:7)
          at Object.worker (D:\Antigravity\Projects\BELLA SPA ERP\node_modules\jest-runner\build\testWorker.js:498:12)

      397 |         });
      398 |       } catch (cacheError) {
    > 399 |         console.warn('[HRIntelligence.getEmployeePerformance] Cache write error (non-critical):', cacheError);
          |                 ^
      400 |         // Continue - data is already fetched
      401 |       }
      402 |

      at HRIntelligenceService.warn [as getEmployeePerformance] (src/services/intelligence/hr/service.ts:399:17)
      at Object.<anonymous> (src/services/intelligence/hr/__tests__/service.test.ts:302:22)

    console.error
      [HRIntelligence] Health check failed: Error: Redis connection failed
          at Object.<anonymous> (D:\Antigravity\Projects\BELLA SPA ERP\src\services\intelligence\hr\__tests__\service.test.ts:327:38)
          at Promise.finally.completed (D:\Antigravity\Projects\BELLA SPA ERP\node_modules\jest-circus\build\jestAdapterInit.js:1561:28)
          at new Promise (<anonymous>)
          at callAsyncCircusFn (D:\Antigravity\Projects\BELLA SPA ERP\node_modules\jest-circus\build\jestAdapterInit.js:1501:10)
          at _callCircusTest (D:\Antigravity\Projects\BELLA SPA ERP\node_modules\jest-circus\build\jestAdapterInit.js:1011:40)
          at processTicksAndRejections (node:internal/process/task_queues:104:5)
          at _runTest (D:\Antigravity\Projects\BELLA SPA ERP\node_modules\jest-circus\build\jestAdapterInit.js:951:3)
          at D:\Antigravity\Projects\BELLA SPA ERP\node_modules\jest-circus\build\jestAdapterInit.js:853:7
          at _runTestsForDescribeBlock (D:\Antigravity\Projects\BELLA SPA ERP\node_modules\jest-circus\build\jestAdapterInit.js:866:11)
          at _runTestsForDescribeBlock (D:\Antigravity\Projects\BELLA SPA ERP\node_modules\jest-circus\build\jestAdapterInit.js:861:11)
          at _runTestsForDescribeBlock (D:\Antigravity\Projects\BELLA SPA ERP\node_modules\jest-circus\build\jestAdapterInit.js:861:11)
          at run (D:\Antigravity\Projects\BELLA SPA ERP\node_modules\jest-circus\build\jestAdapterInit.js:765:3)
          at runAndTransformResultsToJestFormat (D:\Antigravity\Projects\BELLA SPA ERP\node_modules\jest-circus\build\jestAdapterInit.js:1993:21)
          at jestAdapter (D:\Antigravity\Projects\BELLA SPA ERP\node_modules\jest-circus\build\runner.js:111:19)
          at runTestInternal (D:\Antigravity\Projects\BELLA SPA ERP\node_modules\jest-runner\build\testWorker.js:276:16)
          at runTest (D:\Antigravity\Projects\BELLA SPA ERP\node_modules\jest-runner\build\testWorker.js:344:7)
          at Object.worker (D:\Antigravity\Projects\BELLA SPA ERP\node_modules\jest-runner\build\testWorker.js:498:12)

      768 |       return true;
      769 |     } catch (error) {
    > 770 |       console.error('[HRIntelligence] Health check failed:', error);
          |               ^
      771 |       return false;
      772 |     }
      773 |   }

      at HRIntelligenceService.error [as healthCheck] (src/services/intelligence/hr/service.ts:770:15)
      at Object.<anonymous> (src/services/intelligence/hr/__tests__/service.test.ts:329:22)

    console.log
      [HRIntelligence] Cache cleared for tenant: 123e4567-e89b-12d3-a456-426614174000

      at HRIntelligenceService.log [as clearCache] (src/services/intelligence/hr/service.ts:786:17)

    console.error
      [HRIntelligence] Failed to clear cache: Error: Redis deletePattern failed
          at Object.<anonymous> (D:\Antigravity\Projects\BELLA SPA ERP\src\services\intelligence\hr\__tests__\service.test.ts:349:48)
          at Promise.finally.completed (D:\Antigravity\Projects\BELLA SPA ERP\node_modules\jest-circus\build\jestAdapterInit.js:1561:28)
          at new Promise (<anonymous>)
          at callAsyncCircusFn (D:\Antigravity\Projects\BELLA SPA ERP\node_modules\jest-circus\build\jestAdapterInit.js:1501:10)
          at _callCircusTest (D:\Antigravity\Projects\BELLA SPA ERP\node_modules\jest-circus\build\jestAdapterInit.js:1011:40)
          at processTicksAndRejections (node:internal/process/task_queues:104:5)
          at _runTest (D:\Antigravity\Projects\BELLA SPA ERP\node_modules\jest-circus\build\jestAdapterInit.js:951:3)
          at D:\Antigravity\Projects\BELLA SPA ERP\node_modules\jest-circus\build\jestAdapterInit.js:853:7
          at _runTestsForDescribeBlock (D:\Antigravity\Projects\BELLA SPA ERP\node_modules\jest-circus\build\jestAdapterInit.js:866:11)
          at _runTestsForDescribeBlock (D:\Antigravity\Projects\BELLA SPA ERP\node_modules\jest-circus\build\jestAdapterInit.js:861:11)
          at _runTestsForDescribeBlock (D:\Antigravity\Projects\BELLA SPA ERP\node_modules\jest-circus\build\jestAdapterInit.js:861:11)
          at run (D:\Antigravity\Projects\BELLA SPA ERP\node_modules\jest-circus\build\jestAdapterInit.js:765:3)
          at runAndTransformResultsToJestFormat (D:\Antigravity\Projects\BELLA SPA ERP\node_modules\jest-circus\build\jestAdapterInit.js:1993:21)
          at jestAdapter (D:\Antigravity\Projects\BELLA SPA ERP\node_modules\jest-circus\build\runner.js:111:19)
          at runTestInternal (D:\Antigravity\Projects\BELLA SPA ERP\node_modules\jest-runner\build\testWorker.js:276:16)
          at runTest (D:\Antigravity\Projects\BELLA SPA ERP\node_modules\jest-runner\build\testWorker.js:344:7)
          at Object.worker (D:\Antigravity\Projects\BELLA SPA ERP\node_modules\jest-runner\build\testWorker.js:498:12)

      791 |       }
      792 |     } catch (error) {
    > 793 |       console.error('[HRIntelligence] Failed to clear cache:', error);
          |               ^
      794 |       throw new IntelligenceError(
      795 |         'Failed to clear HR intelligence cache',
      796 |         'CACHE_CLEAR_ERROR',

      at HRIntelligenceService.error [as clearCache] (src/services/intelligence/hr/service.ts:793:15)
      at Object.<anonymous> (src/services/intelligence/hr/__tests__/service.test.ts:351:7)

    console.warn
      [HRIntelligence.getWorkforceAnalytics] Cache read error, falling back to database: SyntaxError: Unexpected token i in JSON at position 0
          at Object.<anonymous> (D:\Antigravity\Projects\BELLA SPA ERP\src\services\intelligence\hr\__tests__\service.test.ts:362:38)
          at Promise.finally.completed (D:\Antigravity\Projects\BELLA SPA ERP\node_modules\jest-circus\build\jestAdapterInit.js:1561:28)
          at new Promise (<anonymous>)
          at callAsyncCircusFn (D:\Antigravity\Projects\BELLA SPA ERP\node_modules\jest-circus\build\jestAdapterInit.js:1501:10)
          at _callCircusTest (D:\Antigravity\Projects\BELLA SPA ERP\node_modules\jest-circus\build\jestAdapterInit.js:1011:40)
          at processTicksAndRejections (node:internal/process/task_queues:104:5)
          at _runTest (D:\Antigravity\Projects\BELLA SPA ERP\node_modules\jest-circus\build\jestAdapterInit.js:951:3)
          at D:\Antigravity\Projects\BELLA SPA ERP\node_modules\jest-circus\build\jestAdapterInit.js:853:7
          at _runTestsForDescribeBlock (D:\Antigravity\Projects\BELLA SPA ERP\node_modules\jest-circus\build\jestAdapterInit.js:866:11)
          at _runTestsForDescribeBlock (D:\Antigravity\Projects\BELLA SPA ERP\node_modules\jest-circus\build\jestAdapterInit.js:861:11)
          at _runTestsForDescribeBlock (D:\Antigravity\Projects\BELLA SPA ERP\node_modules\jest-circus\build\jestAdapterInit.js:861:11)
          at run (D:\Antigravity\Projects\BELLA SPA ERP\node_modules\jest-circus\build\jestAdapterInit.js:765:3)
          at runAndTransformResultsToJestFormat (D:\Antigravity\Projects\BELLA SPA ERP\node_modules\jest-circus\build\jestAdapterInit.js:1993:21)
          at jestAdapter (D:\Antigravity\Projects\BELLA SPA ERP\node_modules\jest-circus\build\runner.js:111:19)
          at runTestInternal (D:\Antigravity\Projects\BELLA SPA ERP\node_modules\jest-runner\build\testWorker.js:276:16)
          at runTest (D:\Antigravity\Projects\BELLA SPA ERP\node_modules\jest-runner\build\testWorker.js:344:7)
          at Object.worker (D:\Antigravity\Projects\BELLA SPA ERP\node_modules\jest-runner\build\testWorker.js:498:12)

      108 |         cached = await this.cache.get<WorkforceAnalytics>(cacheKey);
      109 |       } catch (cacheError) {
    > 110 |         console.warn('[HRIntelligence.getWorkforceAnalytics] Cache read error, falling back to database:', cacheError);
          |                 ^
      111 |         // Continue to database query
      112 |       }
      113 |

      at HRIntelligenceService.warn [as getWorkforceAnalytics] (src/services/intelligence/hr/service.ts:110:17)
      at Object.<anonymous> (src/services/intelligence/hr/__tests__/service.test.ts:365:22)

PASS src/lib/business-rules/__tests__/commission.test.ts
  ΓùÅ Console

    console.log
      Γùç injected env (9) from .env.local // tip: Γîÿ multiple files { path: ['.env.local', '.env'] }

      at _log (node_modules/dotenv/lib/main.js:131:11)

    console.log
      [Jest Setup] SUPABASE_SERVICE_ROLE_KEY loaded: sb_secret_Dm... (41 chars)

      at Object.log (jest.setup.ts:10:9)

PASS src/app/dashboard/sessions/components/__tests__/LeaveApprovalModal.simple.test.tsx
  ΓùÅ Console

    console.log
      Γùç injected env (9) from .env.local // tip: Γîÿ override existing { override: true }

      at _log (node_modules/dotenv/lib/main.js:131:11)

    console.log
      [Jest Setup] SUPABASE_SERVICE_ROLE_KEY loaded: sb_secret_Dm... (41 chars)

      at Object.log (jest.setup.ts:10:9)

PASS src/__tests__/brand-service-master.test.ts
  ΓùÅ Console

    console.log
      Γùç injected env (9) from .env.local // tip: Γùê encrypted .env [www.dotenvx.com]

      at _log (node_modules/dotenv/lib/main.js:131:11)

    console.log
      [Jest Setup] SUPABASE_SERVICE_ROLE_KEY loaded: sb_secret_Dm... (41 chars)

      at Object.log (jest.setup.ts:10:9)

    console.error
      Failed to check template distribution for tenant branch-1: { message: 'distribution lookup failed' }

      332 |
      333 |       if (existingPkgError) {
    > 334 |         console.error('Failed to check template distribution for tenant %s:', tenantId, existingPkgError);
          |                 ^
      335 |         results.push({ tenantId, success: false, error: existingPkgError.message });
      336 |         continue;
      337 |       }

      at error (src/services/brand-service-actions.ts:334:17)
      at Object.<anonymous> (src/__tests__/brand-service-master.test.ts:320:22)

PASS src/__tests__/api-tenant-context.test.ts
  ΓùÅ Console

    console.log
      Γùç injected env (9) from .env.local // tip: Γîÿ enable debugging { debug: true }

      at _log (node_modules/dotenv/lib/main.js:131:11)

    console.log
      [Jest Setup] SUPABASE_SERVICE_ROLE_KEY loaded: sb_secret_Dm... (41 chars)

      at Object.log (jest.setup.ts:10:9)

    console.error
      [GET /api/tenant/context] Authentication failed: null

      46 |
      47 |     if (authError || !user) {
    > 48 |       console.error('[GET /api/tenant/context] Authentication failed:', authError);
         |               ^
      49 |       return NextResponse.json(
      50 |         { error: 'Unauthorized: Please log in to access tenant configuration' },
      51 |         { status: 401 }

      at error (src/app/api/tenant/context/route.ts:48:15)
      at Object.<anonymous> (src/__tests__/api-tenant-context.test.ts:78:22)

    console.error
      [GET /api/tenant/context] User has no tenant assigned: user-123

      83 |
      84 |     if (!userProfile?.tenant_id) {
    > 85 |       console.error('[GET /api/tenant/context] User has no tenant assigned:', user.id);
         |               ^
      86 |       return NextResponse.json(
      87 |         { error: 'Forbidden: User has no tenant assigned. Please contact administrator.' },
      88 |         { status: 403 }

      at error (src/app/api/tenant/context/route.ts:85:15)
      at Object.<anonymous> (src/__tests__/api-tenant-context.test.ts:93:22)

    console.error
      [GET /api/tenant/context] Failed to fetch user profile: { message: 'Database error' }

      61 |
      62 |     if (userError) {
    > 63 |       console.error('[GET /api/tenant/context] Failed to fetch user profile:', userError);
         |               ^
      64 |       console.error('[GET /api/tenant/context] User ID:', user.id);
      65 |       console.error('[GET /api/tenant/context] Error details:', JSON.stringify(userError));
      66 |       

      at error (src/app/api/tenant/context/route.ts:63:15)
      at Object.<anonymous> (src/__tests__/api-tenant-context.test.ts:107:22)

    console.error
      [GET /api/tenant/context] User ID: user-123

      62 |     if (userError) {
      63 |       console.error('[GET /api/tenant/context] Failed to fetch user profile:', userError);
    > 64 |       console.error('[GET /api/tenant/context] User ID:', user.id);
         |               ^
      65 |       console.error('[GET /api/tenant/context] Error details:', JSON.stringify(userError));
      66 |       
      67 |       // If user record not found (PGRST116), provide more helpful error

      at error (src/app/api/tenant/context/route.ts:64:15)
      at Object.<anonymous> (src/__tests__/api-tenant-context.test.ts:107:22)

    console.error
      [GET /api/tenant/context] Error details: {"message":"Database error"}

      63 |       console.error('[GET /api/tenant/context] Failed to fetch user profile:', userError);
      64 |       console.error('[GET /api/tenant/context] User ID:', user.id);
    > 65 |       console.error('[GET /api/tenant/context] Error details:', JSON.stringify(userError));
         |               ^
      66 |       
      67 |       // If user record not found (PGRST116), provide more helpful error
      68 |       if (userError.code === 'PGRST116') {

      at error (src/app/api/tenant/context/route.ts:65:15)
      at Object.<anonymous> (src/__tests__/api-tenant-context.test.ts:107:22)

    console.error
      [GET /api/tenant/context] Failed to fetch tenant: { message: 'Database error' }

      100 |
      101 |     if (tenantError) {
    > 102 |       console.error('[GET /api/tenant/context] Failed to fetch tenant:', tenantError);
          |               ^
      103 |       return NextResponse.json(
      104 |         { error: 'Failed to fetch tenant configuration' },
      105 |         { status: 500 }

      at error (src/app/api/tenant/context/route.ts:102:15)
      at Object.<anonymous> (src/__tests__/api-tenant-context.test.ts:128:22)

    console.error
      [GET /api/tenant/context] Tenant not found: tenant-123

      108 |
      109 |     if (!tenant) {
    > 110 |       console.error('[GET /api/tenant/context] Tenant not found:', tenantId);
          |               ^
      111 |       return NextResponse.json(
      112 |         { error: 'Not Found: Tenant configuration not found' },
      113 |         { status: 404 }

      at error (src/app/api/tenant/context/route.ts:110:15)
      at Object.<anonymous> (src/__tests__/api-tenant-context.test.ts:149:22)

PASS src/__tests__/state-machine.test.ts
  ΓùÅ Console

    console.log
      Γùç injected env (9) from .env.local // tip: Γîÿ multiple files { path: ['.env.local', '.env'] }

      at _log (node_modules/dotenv/lib/main.js:131:11)

    console.log
      [Jest Setup] SUPABASE_SERVICE_ROLE_KEY loaded: sb_secret_Dm... (41 chars)

      at Object.log (jest.setup.ts:10:9)

PASS src/__tests__/validation.middleware.test.ts
  ΓùÅ Console

    console.log
      Γùç injected env (9) from .env.local // tip: Γîÿ enable debugging { debug: true }

      at _log (node_modules/dotenv/lib/main.js:131:11)

    console.log
      [Jest Setup] SUPABASE_SERVICE_ROLE_KEY loaded: sb_secret_Dm... (41 chars)

      at Object.log (jest.setup.ts:10:9)

PASS src/__tests__/crm-zalo-quota.test.ts
  ΓùÅ Console

    console.log
      Γùç injected env (9) from .env.local // tip: Γîÿ enable debugging { debug: true }

      at _log (node_modules/dotenv/lib/main.js:131:11)

    console.log
      [Jest Setup] SUPABASE_SERVICE_ROLE_KEY loaded: sb_secret_Dm... (41 chars)

      at Object.log (jest.setup.ts:10:9)

    console.error
      Error fetching birthday customers: { message: 'customers unavailable' }

      28 |
      29 |     if (error) {
    > 30 |       console.error('Error fetching birthday customers:', error);
         |               ^
      31 |       throw new Error(`Failed to fetch birthday customers: ${error.message}`);
      32 |     }
      33 |

      at error (src/services/crm/campaigns.ts:30:15)
      at Object.<anonymous> (src/__tests__/crm-zalo-quota.test.ts:136:5)

    console.error
      Error in getBirthdayCustomers: Error: Failed to fetch birthday customers: customers unavailable
          at getBirthdayCustomers (D:\Antigravity\Projects\BELLA SPA ERP\src\services\crm\campaigns.ts:31:13)
          at processTicksAndRejections (node:internal/process/task_queues:104:5)
          at Object.<anonymous> (D:\Antigravity\Projects\BELLA SPA ERP\src\__tests__\crm-zalo-quota.test.ts:136:5)

      63 |
      64 |   } catch (error) {
    > 65 |     console.error('Error in getBirthdayCustomers:', error);
         |             ^
      66 |     throw error instanceof Error
      67 |       ? error
      68 |       : new Error('Failed to fetch birthday customers');

      at error (src/services/crm/campaigns.ts:65:13)
      at Object.<anonymous> (src/__tests__/crm-zalo-quota.test.ts:136:5)

    console.error
      Error sending birthday greeting: Error: quota counter unavailable
          at D:\Antigravity\Projects\BELLA SPA ERP\src\__tests__\crm-zalo-quota.test.ts:144:13
          at D:\Antigravity\Projects\BELLA SPA ERP\node_modules\jest-mock\build\index.js:305:39
          at D:\Antigravity\Projects\BELLA SPA ERP\node_modules\jest-mock\build\index.js:312:13
          at mockConstructor (D:\Antigravity\Projects\BELLA SPA ERP\node_modules\jest-mock\build\index.js:102:19)
          at mockIncrementSmsCount (D:\Antigravity\Projects\BELLA SPA ERP\src\__tests__\crm-zalo-quota.test.ts:25:46)
          at incrementSmsCount (D:\Antigravity\Projects\BELLA SPA ERP\src\services\crm\campaigns.ts:141:11)
          at processTicksAndRejections (node:internal/process/task_queues:104:5)
          at Object.<anonymous> (D:\Antigravity\Projects\BELLA SPA ERP\src\__tests__\crm-zalo-quota.test.ts:158:20)

      203 |     return { success: true, message: logMessage };
      204 |   } catch (error: unknown) {
    > 205 |     console.error('Error sending birthday greeting:', error);
          |             ^
      206 |     return { error: error instanceof Error ? error.message : 'Lß╗ùi hß╗ç thß╗æng khi gß╗¡i lß╗¥i ch├║c.' };
      207 |   }
      208 | }

      at error (src/services/crm/campaigns.ts:205:13)
      at Object.<anonymous> (src/__tests__/crm-zalo-quota.test.ts:158:20)

    console.log
      Sending Zalo ZNS template message to 84909123456 using template tpl-birthday...

      at log (src/services/crm/zalo-messaging.ts:38:13)

    console.log
      Zalo ZNS successfully sent to 84909123456. Message ID: zns-1

      at log (src/services/crm/zalo-messaging.ts:59:13)

    console.error
      Error triggering Zalo reminder: Error: quota counter unavailable
          at D:\Antigravity\Projects\BELLA SPA ERP\src\__tests__\crm-zalo-quota.test.ts:201:13
          at D:\Antigravity\Projects\BELLA SPA ERP\node_modules\jest-mock\build\index.js:305:39
          at D:\Antigravity\Projects\BELLA SPA ERP\node_modules\jest-mock\build\index.js:312:13
          at mockConstructor (D:\Antigravity\Projects\BELLA SPA ERP\node_modules\jest-mock\build\index.js:102:19)
          at mockIncrementSmsCount (D:\Antigravity\Projects\BELLA SPA ERP\src\__tests__\crm-zalo-quota.test.ts:25:46)
          at incrementSmsCount (D:\Antigravity\Projects\BELLA SPA ERP\src\services\crm\zalo-messaging.ts:173:11)
          at processTicksAndRejections (node:internal/process/task_queues:104:5)
          at Object.<anonymous> (D:\Antigravity\Projects\BELLA SPA ERP\src\__tests__\crm-zalo-quota.test.ts:227:20)

      246 |     return { success: true, message: logMessage };
      247 |   } catch (error: unknown) {
    > 248 |     console.error('Error triggering Zalo reminder:', error);
          |             ^
      249 |     return { error: error instanceof Error ? error.message : 'Lß╗ùi hß╗ç thß╗æng khi gß╗¡i Zalo reminder.' };
      250 |   }
      251 | }

      at error (src/services/crm/zalo-messaging.ts:248:13)
      at Object.<anonymous> (src/__tests__/crm-zalo-quota.test.ts:227:20)

    console.log
      Sending Zalo ZNS template message to 84909123456 using template tpl-reminder...

      at log (src/services/crm/zalo-messaging.ts:38:13)

    console.log
      Zalo ZNS successfully sent to 84909123456. Message ID: zns-1

      at log (src/services/crm/zalo-messaging.ts:59:13)

PASS src/__tests__/form-validators.test.ts
  ΓùÅ Console

    console.log
      Γùç injected env (9) from .env.local // tip: Γùê secrets for agents [www.dotenvx.com]

      at _log (node_modules/dotenv/lib/main.js:131:11)

    console.log
      [Jest Setup] SUPABASE_SERVICE_ROLE_KEY loaded: sb_secret_Dm... (41 chars)

      at Object.log (jest.setup.ts:10:9)

PASS src/__tests__/period-closing.test.ts
  ΓùÅ Console

    console.log
      Γùç injected env (9) from .env.local // tip: Γîÿ enable debugging { debug: true }

      at _log (node_modules/dotenv/lib/main.js:131:11)

    console.log
      [Jest Setup] SUPABASE_SERVICE_ROLE_KEY loaded: sb_secret_Dm... (41 chars)

      at Object.log (jest.setup.ts:10:9)

PASS src/__tests__/session-completion-accounting.test.ts
  ΓùÅ Console

    console.log
      Γùç injected env (9) from .env.local // tip: Γîÿ suppress logs { quiet: true }

      at _log (node_modules/dotenv/lib/main.js:131:11)

    console.log
      [Jest Setup] SUPABASE_SERVICE_ROLE_KEY loaded: sb_secret_Dm... (41 chars)

      at Object.log (jest.setup.ts:10:9)

    console.error
      [processSessionCompletion] Error enqueuing accounting outbox event, rolling back... BookingError: Failed to enqueue SESSION_DONE accounting event
          at enqueueSessionDoneAccountingOutbox (D:\Antigravity\Projects\BELLA SPA ERP\src\core\services\order\session-completion-helpers.ts:581:13)
          at processTicksAndRejections (node:internal/process/task_queues:104:5)
          at Object.<anonymous> (D:\Antigravity\Projects\BELLA SPA ERP\src\__tests__\session-completion-accounting.test.ts:149:20) {
        code: 'BOOKING_ACCOUNTING_ENQUEUE_ERROR',
        details: { sessionLogId: 'session-1', bookingId: 'booking-1' }
      }

      585 |   } catch (outboxError) {
      586 |     const error = outboxError instanceof Error ? outboxError : new Error(String(outboxError));
    > 587 |     console.error('[processSessionCompletion] Error enqueuing accounting outbox event, rolling back...', error);
          |             ^
      588 |
      589 |     const rollbackResult = await rollbackCompletionSideEffects({
      590 |       supabase,

      at error (src/core/services/order/session-completion-helpers.ts:587:13)
      at Object.<anonymous> (src/__tests__/session-completion-accounting.test.ts:149:20)

    console.error
      [processSessionCompletion] Error enqueuing accounting outbox event, rolling back... BookingError: Failed to enqueue SESSION_DONE accounting event
          at enqueueSessionDoneAccountingOutbox (D:\Antigravity\Projects\BELLA SPA ERP\src\core\services\order\session-completion-helpers.ts:581:13)
          at processTicksAndRejections (node:internal/process/task_queues:104:5)
          at Object.<anonymous> (D:\Antigravity\Projects\BELLA SPA ERP\src\__tests__\session-completion-accounting.test.ts:203:20) {
        code: 'BOOKING_ACCOUNTING_ENQUEUE_ERROR',
        details: { sessionLogId: 'session-1', bookingId: 'booking-1' }
      }

      585 |   } catch (outboxError) {
      586 |     const error = outboxError instanceof Error ? outboxError : new Error(String(outboxError));
    > 587 |     console.error('[processSessionCompletion] Error enqueuing accounting outbox event, rolling back...', error);
          |             ^
      588 |
      589 |     const rollbackResult = await rollbackCompletionSideEffects({
      590 |       supabase,

      at error (src/core/services/order/session-completion-helpers.ts:587:13)
      at Object.<anonymous> (src/__tests__/session-completion-accounting.test.ts:203:20)

    console.error
      [invokeAdapterOnCompletion] Failed to construct tenant context: Kh├┤ng thß╗â tß║úi cß║Ñu h├¼nh chi nh├ính: Kh├┤ng t├¼m thß║Ñy

      629 |
      630 |   if ('error' in contextResult) {
    > 631 |     console.error('[invokeAdapterOnCompletion] Failed to construct tenant context:', contextResult.error);
          |             ^
      632 |     return { error: contextResult.error };
      633 |   }
      634 |

      at error (src/core/services/order/session-completion-helpers.ts:631:13)
      at processSessionCompletion (src/core/services/order/session-completion-engine.ts:238:25)
      at Object.<anonymous> (src/__tests__/session-completion-accounting.test.ts:463:20)

    console.error
      [processSessionCompletion] Adapter onBookingCompleted failed: Kh├┤ng thß╗â tß║úi cß║Ñu h├¼nh chi nh├ính: Kh├┤ng t├¼m thß║Ñy

      244 |   if ('error' in adapterResult) {
      245 |     // Log error but don't fail the completion (adapter side effects are non-critical)
    > 246 |     console.error('[processSessionCompletion] Adapter onBookingCompleted failed:', adapterResult.error);
          |             ^
      247 |   }
      248 |
      249 |   return { success: true };

      at error (src/core/services/order/session-completion-engine.ts:246:13)
      at Object.<anonymous> (src/__tests__/session-completion-accounting.test.ts:463:20)

PASS src/adapters/__tests__/commission-provider-adapter.test.ts
  ΓùÅ Console

    console.log
      Γùç injected env (9) from .env.local // tip: Γîÿ suppress logs { quiet: true }

      at _log (node_modules/dotenv/lib/main.js:131:11)

    console.log
      [Jest Setup] SUPABASE_SERVICE_ROLE_KEY loaded: sb_secret_Dm... (41 chars)

      at Object.log (jest.setup.ts:10:9)

PASS src/__tests__/inter-branch-clearing.test.ts
  ΓùÅ Console

    console.log
      Γùç injected env (9) from .env.local // tip: Γîÿ override existing { override: true }

      at _log (node_modules/dotenv/lib/main.js:131:11)

    console.log
      [Jest Setup] SUPABASE_SERVICE_ROLE_KEY loaded: sb_secret_Dm... (41 chars)

      at Object.log (jest.setup.ts:10:9)

    console.error
      [getInterBranchClearingRecords] error: { message: 'clearing query failed' }

      138 |     
      139 |     if (error) {
    > 140 |       console.error('[getInterBranchClearingRecords] error:', error);
          |               ^
      141 |       throw error;
      142 |     }
      143 |

      at error (src/services/clearing-actions.ts:140:15)
      at getInterBranchClearingRecordsResult (src/services/clearing-actions.ts:156:18)
      at Object.<anonymous> (src/__tests__/inter-branch-clearing.test.ts:203:22)

    console.error
      [getInterBranchClearingRecords] Exception: { message: 'clearing query failed' }

      144 |     return (data || []) as unknown as InterBranchClearingRecord[];
      145 |   } catch (e) {
    > 146 |     console.error('[getInterBranchClearingRecords] Exception:', e);
          |             ^
      147 |     throw e;
      148 |   }
      149 | }

      at error (src/services/clearing-actions.ts:146:13)
      at getInterBranchClearingRecordsResult (src/services/clearing-actions.ts:156:18)
      at Object.<anonymous> (src/__tests__/inter-branch-clearing.test.ts:203:22)

    console.error
      [getInterBranchClearingRecordsResult] Exception: { message: 'clearing query failed' }

      157 |     return { success: true, data };
      158 |   } catch (e) {
    > 159 |     console.error('[getInterBranchClearingRecordsResult] Exception:', e);
          |             ^
      160 |     return {
      161 |       success: false,
      162 |       data: [],

      at error (src/services/clearing-actions.ts:159:13)
      at Object.<anonymous> (src/__tests__/inter-branch-clearing.test.ts:203:22)

    console.error
      [clearInterBranchRecord] error: { message: 'guarded update failed' }

      232 |
      233 |     if (updateErr) {
    > 234 |       console.error('[clearInterBranchRecord] error:', updateErr);
          |               ^
      235 |       return { success: false, error: 'Lß╗ùi gß║ích nß╗ú ─æß╗æi so├ít: ' + getErrorMessage(updateErr) };
      236 |     }
      237 |

      at error (src/services/clearing-actions.ts:234:15)
      at Object.<anonymous> (src/__tests__/inter-branch-clearing.test.ts:349:22)

    console.error
      [clearInterBranchRecord] accounting outbox failure: kh├┤ng tß║ío ─æ╞░ß╗úc sß╗▒ kiß╗çn kß║┐ to├ín cho chi nh├ính nhß║¡n

      284 |       ].filter(Boolean);
      285 |
    > 286 |       console.error('[clearInterBranchRecord] accounting outbox failure:', failureDetails.join(' | '));
          |               ^
      287 |       return {
      288 |         success: false,
      289 |         error: `Kh├┤ng thß╗â tß║ío ─æß╗º b├║t to├ín kß║┐ to├ín b├╣ trß╗½. ${failureDetails.join(' | ')}`,

      at error (src/services/clearing-actions.ts:286:15)
      at Object.<anonymous> (src/__tests__/inter-branch-clearing.test.ts:386:22)

PASS src/__tests__/module-registry.test.ts
  ΓùÅ Console

    console.log
      Γùç injected env (9) from .env.local // tip: Γîÿ multiple files { path: ['.env.local', '.env'] }

      at _log (node_modules/dotenv/lib/main.js:131:11)

    console.log
      [Jest Setup] SUPABASE_SERVICE_ROLE_KEY loaded: sb_secret_Dm... (41 chars)

      at Object.log (jest.setup.ts:10:9)

PASS src/__tests__/business-rule-engines.test.ts
  ΓùÅ Console

    console.log
      Γùç injected env (9) from .env.local // tip: Γîÿ multiple files { path: ['.env.local', '.env'] }

      at _log (node_modules/dotenv/lib/main.js:131:11)

    console.log
      [Jest Setup] SUPABASE_SERVICE_ROLE_KEY loaded: sb_secret_Dm... (41 chars)

      at Object.log (jest.setup.ts:10:9)

PASS src/__tests__/policy-registry/auto-register.test.ts
  ΓùÅ Console

    console.log
      Γùç injected env (9) from .env.local // tip: Γîÿ enable debugging { debug: true }

      at _log (node_modules/dotenv/lib/main.js:131:11)

    console.log
      [Jest Setup] SUPABASE_SERVICE_ROLE_KEY loaded: sb_secret_Dm... (41 chars)

      at Object.log (jest.setup.ts:10:9)

    console.log
      [PolicyRegistry] Auto-registering existing policies...

      at log (src/lib/policy-registry/auto-register.ts:42:11)

    console.log
      [PolicyRegistry] Successfully registered 8 policies

      at log (src/lib/policy-registry/auto-register.ts:193:13)

    console.log
      [PolicyRegistry] Total policies: 8

      at log (src/lib/policy-registry/auto-register.ts:197:13)

    console.log
      [PolicyRegistry] By domain: { payroll: 2, booking: 3, procurement: 3 }

      at log (src/lib/policy-registry/auto-register.ts:198:13)

    console.log
      [PolicyRegistry] By category: {
        reward: 2,
        eligibility: 1,
        recommendation: 1,
        approval: 2,
        validation: 1,
        escalation: 1
      }

      at log (src/lib/policy-registry/auto-register.ts:199:13)

    console.log
      [PolicyRegistry] Auto-registering existing policies...

      at log (src/lib/policy-registry/auto-register.ts:42:11)

    console.log
      [PolicyRegistry] Successfully registered 8 policies

      at log (src/lib/policy-registry/auto-register.ts:193:13)

    console.log
      [PolicyRegistry] Total policies: 8

      at log (src/lib/policy-registry/auto-register.ts:197:13)

    console.log
      [PolicyRegistry] By domain: { payroll: 2, booking: 3, procurement: 3 }

      at log (src/lib/policy-registry/auto-register.ts:198:13)

    console.log
      [PolicyRegistry] By category: {
        reward: 2,
        eligibility: 1,
        recommendation: 1,
        approval: 2,
        validation: 1,
        escalation: 1
      }

      at log (src/lib/policy-registry/auto-register.ts:199:13)

    console.log
      [PolicyRegistry] Auto-registering existing policies...

      at log (src/lib/policy-registry/auto-register.ts:42:11)

    console.log
      [PolicyRegistry] Successfully registered 8 policies

      at log (src/lib/policy-registry/auto-register.ts:193:13)

    console.log
      [PolicyRegistry] Total policies: 8

      at log (src/lib/policy-registry/auto-register.ts:197:13)

    console.log
      [PolicyRegistry] By domain: { payroll: 2, booking: 3, procurement: 3 }

      at log (src/lib/policy-registry/auto-register.ts:198:13)

    console.log
      [PolicyRegistry] By category: {
        reward: 2,
        eligibility: 1,
        recommendation: 1,
        approval: 2,
        validation: 1,
        escalation: 1
      }

      at log (src/lib/policy-registry/auto-register.ts:199:13)

    console.log
      [PolicyRegistry] Auto-registering existing policies...

      at log (src/lib/policy-registry/auto-register.ts:42:11)

    console.log
      [PolicyRegistry] Successfully registered 8 policies

      at log (src/lib/policy-registry/auto-register.ts:193:13)

    console.log
      [PolicyRegistry] Total policies: 8

      at log (src/lib/policy-registry/auto-register.ts:197:13)

    console.log
      [PolicyRegistry] By domain: { payroll: 2, booking: 3, procurement: 3 }

      at log (src/lib/policy-registry/auto-register.ts:198:13)

    console.log
      [PolicyRegistry] By category: {
        reward: 2,
        eligibility: 1,
        recommendation: 1,
        approval: 2,
        validation: 1,
        escalation: 1
      }

      at log (src/lib/policy-registry/auto-register.ts:199:13)

    console.log
      [PolicyRegistry] Auto-registering existing policies...

      at log (src/lib/policy-registry/auto-register.ts:42:11)

    console.log
      [PolicyRegistry] Successfully registered 8 policies

      at log (src/lib/policy-registry/auto-register.ts:193:13)

    console.log
      [PolicyRegistry] Total policies: 8

      at log (src/lib/policy-registry/auto-register.ts:197:13)

    console.log
      [PolicyRegistry] By domain: { payroll: 2, booking: 3, procurement: 3 }

      at log (src/lib/policy-registry/auto-register.ts:198:13)

    console.log
      [PolicyRegistry] By category: {
        reward: 2,
        eligibility: 1,
        recommendation: 1,
        approval: 2,
        validation: 1,
        escalation: 1
      }

      at log (src/lib/policy-registry/auto-register.ts:199:13)

    console.log
      [PolicyRegistry] Auto-registering existing policies...

      at log (src/lib/policy-registry/auto-register.ts:42:11)

    console.log
      [PolicyRegistry] Successfully registered 8 policies

      at log (src/lib/policy-registry/auto-register.ts:193:13)

    console.log
      [PolicyRegistry] Total policies: 8

      at log (src/lib/policy-registry/auto-register.ts:197:13)

    console.log
      [PolicyRegistry] By domain: { payroll: 2, booking: 3, procurement: 3 }

      at log (src/lib/policy-registry/auto-register.ts:198:13)

    console.log
      [PolicyRegistry] By category: {
        reward: 2,
        eligibility: 1,
        recommendation: 1,
        approval: 2,
        validation: 1,
        escalation: 1
      }

      at log (src/lib/policy-registry/auto-register.ts:199:13)

    console.log
      [PolicyRegistry] Auto-registering existing policies...

      at log (src/lib/policy-registry/auto-register.ts:42:11)

    console.log
      [PolicyRegistry] Successfully registered 8 policies

      at log (src/lib/policy-registry/auto-register.ts:193:13)

    console.log
      [PolicyRegistry] Total policies: 8

      at log (src/lib/policy-registry/auto-register.ts:197:13)

    console.log
      [PolicyRegistry] By domain: { payroll: 2, booking: 3, procurement: 3 }

      at log (src/lib/policy-registry/auto-register.ts:198:13)

    console.log
      [PolicyRegistry] By category: {
        reward: 2,
        eligibility: 1,
        recommendation: 1,
        approval: 2,
        validation: 1,
        escalation: 1
      }

      at log (src/lib/policy-registry/auto-register.ts:199:13)

    console.log
      [PolicyRegistry] Auto-registering existing policies...

      at log (src/lib/policy-registry/auto-register.ts:42:11)

    console.log
      [PolicyRegistry] Successfully registered 8 policies

      at log (src/lib/policy-registry/auto-register.ts:193:13)

    console.log
      [PolicyRegistry] Total policies: 8

      at log (src/lib/policy-registry/auto-register.ts:197:13)

    console.log
      [PolicyRegistry] By domain: { payroll: 2, booking: 3, procurement: 3 }

      at log (src/lib/policy-registry/auto-register.ts:198:13)

    console.log
      [PolicyRegistry] By category: {
        reward: 2,
        eligibility: 1,
        recommendation: 1,
        approval: 2,
        validation: 1,
        escalation: 1
      }

      at log (src/lib/policy-registry/auto-register.ts:199:13)

    console.log
      [PolicyRegistry] Already initialized, skipping auto-registration

      at log (src/lib/policy-registry/auto-register.ts:218:13)

    console.log
      [PolicyRegistry] Auto-registering existing policies...

      at log (src/lib/policy-registry/auto-register.ts:42:11)

    console.log
      [PolicyRegistry] Successfully registered 8 policies

      at log (src/lib/policy-registry/auto-register.ts:193:13)

    console.log
      [PolicyRegistry] Total policies: 8

      at log (src/lib/policy-registry/auto-register.ts:197:13)

    console.log
      [PolicyRegistry] By domain: { payroll: 2, booking: 3, procurement: 3 }

      at log (src/lib/policy-registry/auto-register.ts:198:13)

    console.log
      [PolicyRegistry] By category: {
        reward: 2,
        eligibility: 1,
        recommendation: 1,
        approval: 2,
        validation: 1,
        escalation: 1
      }

      at log (src/lib/policy-registry/auto-register.ts:199:13)

    console.log
      [PolicyRegistry] Auto-registering existing policies...

      at log (src/lib/policy-registry/auto-register.ts:42:11)

    console.log
      [PolicyRegistry] Successfully registered 8 policies

      at log (src/lib/policy-registry/auto-register.ts:193:13)

    console.log
      [PolicyRegistry] Total policies: 8

      at log (src/lib/policy-registry/auto-register.ts:197:13)

    console.log
      [PolicyRegistry] By domain: { payroll: 2, booking: 3, procurement: 3 }

      at log (src/lib/policy-registry/auto-register.ts:198:13)

    console.log
      [PolicyRegistry] By category: {
        reward: 2,
        eligibility: 1,
        recommendation: 1,
        approval: 2,
        validation: 1,
        escalation: 1
      }

      at log (src/lib/policy-registry/auto-register.ts:199:13)

    console.log
      [PolicyRegistry] Auto-registering existing policies...

      at log (src/lib/policy-registry/auto-register.ts:42:11)

    console.log
      [PolicyRegistry] Successfully registered 8 policies

      at log (src/lib/policy-registry/auto-register.ts:193:13)

    console.log
      [PolicyRegistry] Total policies: 8

      at log (src/lib/policy-registry/auto-register.ts:197:13)

    console.log
      [PolicyRegistry] By domain: { payroll: 2, booking: 3, procurement: 3 }

      at log (src/lib/policy-registry/auto-register.ts:198:13)

    console.log
      [PolicyRegistry] By category: {
        reward: 2,
        eligibility: 1,
        recommendation: 1,
        approval: 2,
        validation: 1,
        escalation: 1
      }

      at log (src/lib/policy-registry/auto-register.ts:199:13)

    console.log
      [PolicyRegistry] Auto-registering existing policies...

      at log (src/lib/policy-registry/auto-register.ts:42:11)

    console.log
      [PolicyRegistry] Successfully registered 8 policies

      at log (src/lib/policy-registry/auto-register.ts:193:13)

    console.log
      [PolicyRegistry] Total policies: 8

      at log (src/lib/policy-registry/auto-register.ts:197:13)

    console.log
      [PolicyRegistry] By domain: { payroll: 2, booking: 3, procurement: 3 }

      at log (src/lib/policy-registry/auto-register.ts:198:13)

    console.log
      [PolicyRegistry] By category: {
        reward: 2,
        eligibility: 1,
        recommendation: 1,
        approval: 2,
        validation: 1,
        escalation: 1
      }

      at log (src/lib/policy-registry/auto-register.ts:199:13)

    console.log
      [PolicyRegistry] Auto-registering existing policies...

      at log (src/lib/policy-registry/auto-register.ts:42:11)

    console.log
      [PolicyRegistry] Successfully registered 8 policies

      at log (src/lib/policy-registry/auto-register.ts:193:13)

    console.log
      [PolicyRegistry] Total policies: 8

      at log (src/lib/policy-registry/auto-register.ts:197:13)

    console.log
      [PolicyRegistry] By domain: { payroll: 2, booking: 3, procurement: 3 }

      at log (src/lib/policy-registry/auto-register.ts:198:13)

    console.log
      [PolicyRegistry] By category: {
        reward: 2,
        eligibility: 1,
        recommendation: 1,
        approval: 2,
        validation: 1,
        escalation: 1
      }

      at log (src/lib/policy-registry/auto-register.ts:199:13)

    console.log
      [PolicyRegistry] Auto-registering existing policies...

      at log (src/lib/policy-registry/auto-register.ts:42:11)

    console.log
      [PolicyRegistry] Successfully registered 8 policies

      at log (src/lib/policy-registry/auto-register.ts:193:13)

    console.log
      [PolicyRegistry] Total policies: 8

      at log (src/lib/policy-registry/auto-register.ts:197:13)

    console.log
      [PolicyRegistry] By domain: { payroll: 2, booking: 3, procurement: 3 }

      at log (src/lib/policy-registry/auto-register.ts:198:13)

    console.log
      [PolicyRegistry] By category: {
        reward: 2,
        eligibility: 1,
        recommendation: 1,
        approval: 2,
        validation: 1,
        escalation: 1
      }

      at log (src/lib/policy-registry/auto-register.ts:199:13)

    console.log
      [PolicyRegistry] Auto-registering existing policies...

      at log (src/lib/policy-registry/auto-register.ts:42:11)

    console.log
      [PolicyRegistry] Successfully registered 8 policies

      at log (src/lib/policy-registry/auto-register.ts:193:13)

    console.log
      [PolicyRegistry] Total policies: 8

      at log (src/lib/policy-registry/auto-register.ts:197:13)

    console.log
      [PolicyRegistry] By domain: { payroll: 2, booking: 3, procurement: 3 }

      at log (src/lib/policy-registry/auto-register.ts:198:13)

    console.log
      [PolicyRegistry] By category: {
        reward: 2,
        eligibility: 1,
        recommendation: 1,
        approval: 2,
        validation: 1,
        escalation: 1
      }

      at log (src/lib/policy-registry/auto-register.ts:199:13)

PASS src/__tests__/e2e-pipeline.test.ts
  ΓùÅ Console

    console.log
      Γùç injected env (9) from .env.local // tip: Γîÿ enable debugging { debug: true }

      at _log (node_modules/dotenv/lib/main.js:131:11)

    console.log
      [Jest Setup] SUPABASE_SERVICE_ROLE_KEY loaded: sb_secret_Dm... (41 chars)

      at Object.log (jest.setup.ts:10:9)

    console.log
      [createBooking] Level1 resolved tenant: tenant-a

      at log (src/core/services/order/create-booking-helpers.ts:190:15)

    console.log
      [createBooking] Final tenantId: tenant-a | user: admin@bellaspa.vn

      at log (src/core/services/order/create-booking-helpers.ts:224:11)

    console.log
      [PricingActions] Calculating price for G├│i Ch─âm S├│c Bß║ºu VIP (pkg-123)

      at log (src/core/services/order/pricing-actions.ts:92:11)

    console.warn
      [PricingActions] No adapter found for module babycare, using base price 5000000

       99 |
      100 |   if (!adapter) {
    > 101 |     console.warn(
          |             ^
      102 |       `[PricingActions] No adapter found for module ${moduleId}, using base price ${item.basePrice}`
      103 |     );
      104 |     return item.basePrice;

      at warn (src/core/services/order/pricing-actions.ts:101:13)
      at calculateOrderPrice (src/core/services/order/create-booking-helpers.ts:277:28)
      at createBooking (src/core/services/order/create-booking-action.ts:253:26)
      at Object.<anonymous> (src/__tests__/e2e-pipeline.test.ts:533:26)

    console.log
      [buildBookingPayload] Adapter pricing: 5000000 ΓåÆ 5000000

      at log (src/core/services/order/create-booking-helpers.ts:278:17)

    console.error
      [calculateServerDiscount] Failed to fetch customer: { message: 'No rows found' }

      65 |
      66 |     if (customerError || !customer) {
    > 67 |       console.error('[calculateServerDiscount] Failed to fetch customer:', customerError);
         |               ^
      68 |       return 0; // Fallback: no discount
      69 |     }
      70 |

      at error (src/core/services/order/discount-integration.ts:67:15)
      at buildBookingPayload (src/core/services/order/create-booking-helpers.ts:293:32)
      at createBooking (src/core/services/order/create-booking-action.ts:253:26)
      at Object.<anonymous> (src/__tests__/e2e-pipeline.test.ts:533:26)

    console.log
      [buildBookingPayload] Discount: client=undefined%, server=0% (enforced)

      at log (src/core/services/order/create-booking-helpers.ts:301:13)

    console.log
      [invokeAdapterValidation] No adapter found for module 'spa', skipping validation

      at log (src/core/services/order/create-booking-helpers.ts:739:13)

    console.log
      [invokeAdapterOnCompletion] No adapter found for module 'spa', skipping completion callback

      at log (src/core/services/order/session-completion-helpers.ts:648:13)

    console.log
      [invokeAdapterOnCompletion] No adapter found for module 'spa', skipping completion callback

      at log (src/core/services/order/session-completion-helpers.ts:648:13)

PASS src/modules/bookings/actions/__tests__/session-log-actions.test.ts
  ΓùÅ Console

    console.log
      Γùç injected env (9) from .env.local // tip: Γùê encrypted .env [www.dotenvx.com]

      at _log (node_modules/dotenv/lib/main.js:131:11)

    console.log
      [Jest Setup] SUPABASE_SERVICE_ROLE_KEY loaded: sb_secret_Dm... (41 chars)

      at Object.log (jest.setup.ts:10:9)

    console.log
      [CreateBooking] Checking capacity... {
        bookingId: 'booking-123',
        ktvId: 'ktv-456',
        date: '2026-07-15',
        time: '14:00 - 15:30'
      }

      at log (src/modules/bookings/actions/session-log-actions.ts:264:15)

    console.log
      [CreateBooking] Capacity check passed { utilization: 37.5, bufferUsed: 0 }

      at log (src/modules/bookings/actions/session-log-actions.ts:320:15)

    console.log
      [CreateBooking] Checking conflicts... {
        bookingId: 'booking-123',
        customerId: 'customer-789',
        ktvId: 'ktv-456',
        date: '2026-07-15',
        time: '14:00 - 15:30'
      }

      at log (src/modules/bookings/actions/session-log-actions.ts:336:15)

    console.log
      [CreateBooking] Conflict check passed { executionTime: undefined }

      at log (src/modules/bookings/actions/session-log-actions.ts:423:15)

    console.log
      [CreateBooking] Success {
        sessionId: 'session-001',
        bookingId: 'booking-123',
        ktvId: 'ktv-456',
        autoAssigned: false,
        executionTimeMs: 11
      }

      at log (src/modules/bookings/actions/session-log-actions.ts:534:13)

    console.log
      [CreateBooking] Checking capacity... {
        bookingId: 'booking-123',
        ktvId: 'ktv-456',
        date: '2026-07-15',
        time: '14:00 - 15:30'
      }

      at log (src/modules/bookings/actions/session-log-actions.ts:264:15)

    console.log
      [CreateBooking] Capacity check failed { conflicts: 1, alternatives: 1 }

      at log (src/modules/bookings/actions/session-log-actions.ts:307:17)

    console.log
      [CreateBooking] Checking conflicts... {
        bookingId: 'booking-123',
        customerId: 'customer-789',
        ktvId: 'ktv-456',
        date: '2026-07-15',
        time: '14:00 - 15:30'
      }

      at log (src/modules/bookings/actions/session-log-actions.ts:336:15)

    console.log
      [CreateBooking] Conflict check passed { executionTime: undefined }

      at log (src/modules/bookings/actions/session-log-actions.ts:423:15)

    console.log
      [CreateBooking] Success {
        sessionId: 'session-001',
        bookingId: 'booking-123',
        ktvId: 'ktv-456',
        autoAssigned: false,
        executionTimeMs: 1
      }

      at log (src/modules/bookings/actions/session-log-actions.ts:534:13)

    console.log
      [CreateBooking] Auto-assigning KTV... {
        bookingId: 'booking-123',
        serviceType: 'Massage',
        customerTier: 'vip'
      }

      at log (src/modules/bookings/actions/session-log-actions.ts:430:15)

    console.log
      [CreateBooking] KTV auto-assigned {
        ktvId: 'ktv-auto-assigned',
        ktvName: 'Alice Nguyen',
        confidence: 0.85
      }

      at log (src/modules/bookings/actions/session-log-actions.ts:489:15)

    console.log
      [CreateBooking] Success {
        sessionId: 'session-001',
        bookingId: 'booking-123',
        ktvId: 'ktv-auto-assigned',
        autoAssigned: true,
        executionTimeMs: 1
      }

      at log (src/modules/bookings/actions/session-log-actions.ts:534:13)

    console.log
      [CreateBooking] Auto-assigning KTV... {
        bookingId: 'booking-123',
        serviceType: 'Massage',
        customerTier: 'vip'
      }

      at log (src/modules/bookings/actions/session-log-actions.ts:430:15)

    console.log
      [CreateBooking] Auto-assignment failed { reason: 'Kh├┤ng c├│ KTV n├áo khß║ú dß╗Ñng' }

      at log (src/modules/bookings/actions/session-log-actions.ts:471:17)

    console.log
      [CreateBooking] Checking capacity... {
        bookingId: 'booking-123',
        ktvId: 'ktv-456',
        date: '2026-07-15',
        time: '14:00 - 15:30'
      }

      at log (src/modules/bookings/actions/session-log-actions.ts:264:15)

    console.log
      [CreateBooking] Capacity check passed { utilization: 37.5, bufferUsed: 0 }

      at log (src/modules/bookings/actions/session-log-actions.ts:320:15)

    console.log
      [CreateBooking] Checking conflicts... {
        bookingId: 'booking-123',
        customerId: 'customer-789',
        ktvId: 'ktv-456',
        date: '2026-07-15',
        time: '14:00 - 15:30'
      }

      at log (src/modules/bookings/actions/session-log-actions.ts:336:15)

    console.log
      [CreateBooking] Conflict check passed { executionTime: undefined }

      at log (src/modules/bookings/actions/session-log-actions.ts:423:15)

    console.log
      [CreateBooking] Success {
        sessionId: 'session-001',
        bookingId: 'booking-123',
        ktvId: 'ktv-456',
        autoAssigned: false,
        executionTimeMs: 2
      }

      at log (src/modules/bookings/actions/session-log-actions.ts:534:13)

    console.log
      [CreateBooking] Checking capacity... {
        bookingId: 'booking-123',
        ktvId: 'ktv-456',
        date: '2026-07-15',
        time: '14:00 - 15:30'
      }

      at log (src/modules/bookings/actions/session-log-actions.ts:264:15)

    console.log
      [CreateBooking] Capacity check passed { utilization: 37.5, bufferUsed: 0 }

      at log (src/modules/bookings/actions/session-log-actions.ts:320:15)

    console.log
      [CreateBooking] Checking conflicts... {
        bookingId: 'booking-123',
        customerId: 'customer-789',
        ktvId: 'ktv-456',
        date: '2026-07-15',
        time: '14:00 - 15:30'
      }

      at log (src/modules/bookings/actions/session-log-actions.ts:336:15)

    console.log
      [CreateBooking] Conflict check passed { executionTime: undefined }

      at log (src/modules/bookings/actions/session-log-actions.ts:423:15)

    console.error
      [CreateBooking] Database insert failed Error: Database constraint violation
          at Object.<anonymous> (D:\Antigravity\Projects\BELLA SPA ERP\src\modules\bookings\actions\__tests__\session-log-actions.test.ts:502:18)
          at Promise.finally.completed (D:\Antigravity\Projects\BELLA SPA ERP\node_modules\jest-circus\build\jestAdapterInit.js:1561:28)
          at new Promise (<anonymous>)
          at callAsyncCircusFn (D:\Antigravity\Projects\BELLA SPA ERP\node_modules\jest-circus\build\jestAdapterInit.js:1501:10)
          at _callCircusTest (D:\Antigravity\Projects\BELLA SPA ERP\node_modules\jest-circus\build\jestAdapterInit.js:1011:40)
          at processTicksAndRejections (node:internal/process/task_queues:104:5)
          at _runTest (D:\Antigravity\Projects\BELLA SPA ERP\node_modules\jest-circus\build\jestAdapterInit.js:951:3)
          at D:\Antigravity\Projects\BELLA SPA ERP\node_modules\jest-circus\build\jestAdapterInit.js:853:7
          at _runTestsForDescribeBlock (D:\Antigravity\Projects\BELLA SPA ERP\node_modules\jest-circus\build\jestAdapterInit.js:866:11)
          at _runTestsForDescribeBlock (D:\Antigravity\Projects\BELLA SPA ERP\node_modules\jest-circus\build\jestAdapterInit.js:861:11)
          at _runTestsForDescribeBlock (D:\Antigravity\Projects\BELLA SPA ERP\node_modules\jest-circus\build\jestAdapterInit.js:861:11)
          at run (D:\Antigravity\Projects\BELLA SPA ERP\node_modules\jest-circus\build\jestAdapterInit.js:765:3)
          at runAndTransformResultsToJestFormat (D:\Antigravity\Projects\BELLA SPA ERP\node_modules\jest-circus\build\jestAdapterInit.js:1993:21)
          at jestAdapter (D:\Antigravity\Projects\BELLA SPA ERP\node_modules\jest-circus\build\runner.js:111:19)
          at runTestInternal (D:\Antigravity\Projects\BELLA SPA ERP\node_modules\jest-runner\build\testWorker.js:276:16)
          at runTest (D:\Antigravity\Projects\BELLA SPA ERP\node_modules\jest-runner\build\testWorker.js:344:7)
          at Object.worker (D:\Antigravity\Projects\BELLA SPA ERP\node_modules\jest-runner\build\testWorker.js:498:12)

      519 |
      520 |     if (createError || !sessionLog) {
    > 521 |       console.error('[CreateBooking] Database insert failed', createError);
          |               ^
      522 |       return {
      523 |         success: false,
      524 |         error: `Kh├┤ng thß╗â tß║ío session log: ${createError?.message || 'Unknown error'}`,

      at error (src/modules/bookings/actions/session-log-actions.ts:521:15)
      at createBookingWithValidation (src/modules/bookings/actions/session-log-actions.ts:209:12)
      at Object.<anonymous> (src/modules/bookings/actions/__tests__/session-log-actions.test.ts:518:22)

    console.error
      [DeleteSessionLog] Delete failed Error: Foreign key constraint
          at Object.<anonymous> (D:\Antigravity\Projects\BELLA SPA ERP\src\modules\bookings\actions\__tests__\session-log-actions.test.ts:607:16)
          at D:\Antigravity\Projects\BELLA SPA ERP\node_modules\jest-mock\build\index.js:305:39
          at Object.<anonymous> (D:\Antigravity\Projects\BELLA SPA ERP\node_modules\jest-mock\build\index.js:312:13)
          at Object.mockConstructor [as then] (D:\Antigravity\Projects\BELLA SPA ERP\node_modules\jest-mock\build\index.js:57:19)
          at processTicksAndRejections (node:internal/process/task_queues:104:5)
          at deleteSessionLog (D:\Antigravity\Projects\BELLA SPA ERP\src\modules\bookings\actions\session-log-actions.ts:857:36)
          at Object.<anonymous> (D:\Antigravity\Projects\BELLA SPA ERP\src\modules\bookings\actions\__tests__\session-log-actions.test.ts:610:22)

      862 |
      863 |     if (deleteError) {
    > 864 |       console.error('[DeleteSessionLog] Delete failed', deleteError);
          |               ^
      865 |       return { success: false, error: deleteError.message };
      866 |     }
      867 |

      at error (src/modules/bookings/actions/session-log-actions.ts:864:15)
      at Object.<anonymous> (src/modules/bookings/actions/__tests__/session-log-actions.test.ts:610:22)

PASS src/lib/decision-engine/providers/payroll/__tests__/payroll-provider.integration.test.ts
  ΓùÅ Console

    console.log
      Γùç injected env (9) from .env.local // tip: Γîÿ custom filepath { path: '/custom/path/.env' }

      at _log (node_modules/dotenv/lib/main.js:131:11)

    console.log
      [Jest Setup] SUPABASE_SERVICE_ROLE_KEY loaded: sb_secret_Dm... (41 chars)

      at Object.log (jest.setup.ts:10:9)

PASS src/services/intelligence/customer/__tests__/churn-risk.test.ts
  ΓùÅ Console

    console.log
      Γùç injected env (9) from .env.local // tip: Γîÿ override existing { override: true }

      at _log (node_modules/dotenv/lib/main.js:131:11)

    console.log
      [Jest Setup] SUPABASE_SERVICE_ROLE_KEY loaded: sb_secret_Dm... (41 chars)

      at Object.log (jest.setup.ts:10:9)

PASS src/__tests__/providers/compensation-provider.test.ts
  ΓùÅ Console

    console.log
      Γùç injected env (9) from .env.local // tip: Γîÿ custom filepath { path: '/custom/path/.env' }

      at _log (node_modules/dotenv/lib/main.js:131:11)

    console.log
      [Jest Setup] SUPABASE_SERVICE_ROLE_KEY loaded: sb_secret_Dm... (41 chars)

      at Object.log (jest.setup.ts:10:9)

PASS src/core/middleware/tenantContext.test.ts
  ΓùÅ Console

    console.log
      Γùç injected env (9) from .env.local // tip: Γîÿ custom filepath { path: '/custom/path/.env' }

      at _log (node_modules/dotenv/lib/main.js:131:11)

    console.log
      [Jest Setup] SUPABASE_SERVICE_ROLE_KEY loaded: sb_secret_Dm... (41 chars)

      at Object.log (jest.setup.ts:10:9)

    console.error
      [extractTenantContext] Authentication failed: { message: 'Not authenticated' }

      157 |
      158 |     if (authError || !user) {
    > 159 |       console.error('[extractTenantContext] Authentication failed:', authError);
          |               ^
      160 |       return {
      161 |         success: false,
      162 |         error: 'Unauthorized: Please log in to access this resource',

      at error (src/core/middleware/tenantContext.ts:159:15)
      at Object.<anonymous> (src/core/middleware/tenantContext.test.ts:196:22)

    console.error
      [extractTenantContext] User has no tenant assigned: user-no-tenant

      182 |
      183 |     if (!userProfile?.tenant_id) {
    > 184 |       console.error('[extractTenantContext] User has no tenant assigned:', user.id);
          |               ^
      185 |       return {
      186 |         success: false,
      187 |         error: 'Forbidden: User has no tenant assigned',

      at error (src/core/middleware/tenantContext.ts:184:15)
      at Object.<anonymous> (src/core/middleware/tenantContext.test.ts:225:22)

    console.error
      [extractTenantContext] Tenant not found: non-existent-tenant

      209 |
      210 |     if (!tenant) {
    > 211 |       console.error('[extractTenantContext] Tenant not found:', tenantId);
          |               ^
      212 |       return {
      213 |         success: false,
      214 |         error: 'Not Found: Tenant configuration not found',

      at error (src/core/middleware/tenantContext.ts:211:15)
      at Object.<anonymous> (src/core/middleware/tenantContext.test.ts:265:22)

    console.error
      [extractTenantContext] Failed to fetch user profile: { message: 'Database connection failed' }

      173 |
      174 |     if (userError) {
    > 175 |       console.error('[extractTenantContext] Failed to fetch user profile:', userError);
          |               ^
      176 |       return {
      177 |         success: false,
      178 |         error: 'Failed to fetch user profile',

      at error (src/core/middleware/tenantContext.ts:175:15)
      at Object.<anonymous> (src/core/middleware/tenantContext.test.ts:294:22)

    console.error
      [extractTenantContext] Authentication failed: { message: 'Not authenticated' }

      157 |
      158 |     if (authError || !user) {
    > 159 |       console.error('[extractTenantContext] Authentication failed:', authError);
          |               ^
      160 |       return {
      161 |         success: false,
      162 |         error: 'Unauthorized: Please log in to access this resource',

      at error (src/core/middleware/tenantContext.ts:159:15)
      at src/core/middleware/tenantContext.ts:88:22
      at Object.<anonymous> (src/core/middleware/tenantContext.test.ts:397:22)

    console.error
      [withTenantContext] Failed to extract tenant context: Unauthorized: Please log in to access this resource

      90 |       // If extraction failed, return error response
      91 |       if (!result.success) {
    > 92 |         console.error('[withTenantContext] Failed to extract tenant context:', result.error);
         |                 ^
      93 |         return NextResponse.json(
      94 |           { error: result.error },
      95 |           { status: result.statusCode }

      at error (src/core/middleware/tenantContext.ts:92:17)
      at Object.<anonymous> (src/core/middleware/tenantContext.test.ts:397:22)

    console.error
      [withTenantContext] Unexpected error: Error: Handler error
          at Object.<anonymous> (D:\Antigravity\Projects\BELLA SPA ERP\src\core\middleware\tenantContext.test.ts:445:7)
          at Promise.finally.completed (D:\Antigravity\Projects\BELLA SPA ERP\node_modules\jest-circus\build\jestAdapterInit.js:1561:28)
          at new Promise (<anonymous>)
          at callAsyncCircusFn (D:\Antigravity\Projects\BELLA SPA ERP\node_modules\jest-circus\build\jestAdapterInit.js:1501:10)
          at _callCircusTest (D:\Antigravity\Projects\BELLA SPA ERP\node_modules\jest-circus\build\jestAdapterInit.js:1011:40)
          at processTicksAndRejections (node:internal/process/task_queues:104:5)
          at _runTest (D:\Antigravity\Projects\BELLA SPA ERP\node_modules\jest-circus\build\jestAdapterInit.js:951:3)
          at D:\Antigravity\Projects\BELLA SPA ERP\node_modules\jest-circus\build\jestAdapterInit.js:853:7
          at _runTestsForDescribeBlock (D:\Antigravity\Projects\BELLA SPA ERP\node_modules\jest-circus\build\jestAdapterInit.js:866:11)
          at _runTestsForDescribeBlock (D:\Antigravity\Projects\BELLA SPA ERP\node_modules\jest-circus\build\jestAdapterInit.js:861:11)
          at run (D:\Antigravity\Projects\BELLA SPA ERP\node_modules\jest-circus\build\jestAdapterInit.js:765:3)
          at runAndTransformResultsToJestFormat (D:\Antigravity\Projects\BELLA SPA ERP\node_modules\jest-circus\build\jestAdapterInit.js:1993:21)
          at jestAdapter (D:\Antigravity\Projects\BELLA SPA ERP\node_modules\jest-circus\build\runner.js:111:19)
          at runTestInternal (D:\Antigravity\Projects\BELLA SPA ERP\node_modules\jest-runner\build\testWorker.js:276:16)
          at runTest (D:\Antigravity\Projects\BELLA SPA ERP\node_modules\jest-runner\build\testWorker.js:344:7)
          at Object.worker (D:\Antigravity\Projects\BELLA SPA ERP\node_modules\jest-runner\build\testWorker.js:498:12)

      104 |       return await handler(requestWithContext);
      105 |     } catch (error) {
    > 106 |       console.error('[withTenantContext] Unexpected error:', error);
          |               ^
      107 |       const errorMessage = error instanceof Error ? error.message : 'Unknown error';
      108 |       return NextResponse.json(
      109 |         { error: `Internal server error: ${errorMessage}` },

      at error (src/core/middleware/tenantContext.ts:106:15)
      at Object.<anonymous> (src/core/middleware/tenantContext.test.ts:455:22)

FAIL src/__tests__/rls-compliance.test.ts
  ΓùÅ Test suite failed to run

    ReferenceError: Cannot access 'getCurrentUser' before initialization

      18 |   from: SupabaseClient['from'];
      19 |   auth: {
    > 20 |     admin: {
         |         ^
      21 |       deleteUser: (id: string) => Promise<{ error: { message: string } | null }>;
      22 |     };
      23 |   };

      at Object.get getCurrentUser [as getCurrentUser] (src/services/user-actions.ts:20:9)
      at src/__tests__/rls-compliance.test.ts:54:3
      at Object.<anonymous> (src/modules/hr-salary/actions/base-salary-actions.ts:31:22)
      at Object.<anonymous> (src/modules/hr-salary/actions/salary-recalculation-engine.ts:13:28)
      at Object.<anonymous> (src/services/user-actions.ts:42:36)
      at requireActual (src/__tests__/rls-compliance.test.ts:53:25)
      at Object.<anonymous> (src/services/attendance-actions.ts:57:22)
      at Object.<anonymous> (src/__tests__/rls-compliance.test.ts:37:28)

PASS src/__tests__/attendance-actions.test.ts
  ΓùÅ Console

    console.log
      Γùç injected env (9) from .env.local // tip: Γîü auth for agents [www.vestauth.com]

      at _log (node_modules/dotenv/lib/main.js:131:11)

    console.log
      [Jest Setup] SUPABASE_SERVICE_ROLE_KEY loaded: sb_secret_Dm... (41 chars)

      at Object.log (jest.setup.ts:10:9)

PASS src/__tests__/package-actions.test.ts
  ΓùÅ Console

    console.log
      Γùç injected env (9) from .env.local // tip: Γùê secrets for agents [www.dotenvx.com]

      at _log (node_modules/dotenv/lib/main.js:131:11)

    console.log
      [Jest Setup] SUPABASE_SERVICE_ROLE_KEY loaded: sb_secret_Dm... (41 chars)

      at Object.log (jest.setup.ts:10:9)

PASS src/__tests__/session-read-actions.test.ts
  ΓùÅ Console

    console.log
      Γùç injected env (9) from .env.local // tip: Γîÿ suppress logs { quiet: true }

      at _log (node_modules/dotenv/lib/main.js:131:11)

    console.log
      [Jest Setup] SUPABASE_SERVICE_ROLE_KEY loaded: sb_secret_Dm... (41 chars)

      at Object.log (jest.setup.ts:10:9)

PASS src/__tests__/reconciliation.test.ts
  ΓùÅ Console

    console.log
      Γùç injected env (9) from .env.local // tip: Γîÿ suppress logs { quiet: true }

      at _log (node_modules/dotenv/lib/main.js:131:11)

    console.log
      [Jest Setup] SUPABASE_SERVICE_ROLE_KEY loaded: sb_secret_Dm... (41 chars)

      at Object.log (jest.setup.ts:10:9)

    console.error
      [getReconciliationReport] RPC error: {
        "message": "Function get_reconciliation_report does not exist"
      }

      579 |
      580 |   if (error) {
    > 581 |     console.error('[getReconciliationReport] RPC error:', JSON.stringify({
          |             ^
      582 |       message: error.message, code: error.code, details: error.details, hint: error.hint,
      583 |     }, null, 2));
      584 |     throw error; // Zero Silent Database Failures

      at error (src/core/services/accounting/reports.ts:581:13)
      at Object.<anonymous> (src/__tests__/reconciliation.test.ts:155:5)

PASS src/__tests__/franchise-royalty.test.ts
  ΓùÅ Console

    console.log
      Γùç injected env (9) from .env.local // tip: Γîÿ enable debugging { debug: true }

      at _log (node_modules/dotenv/lib/main.js:131:11)

    console.log
      [Jest Setup] SUPABASE_SERVICE_ROLE_KEY loaded: sb_secret_Dm... (41 chars)

      at Object.log (jest.setup.ts:10:9)

PASS src/services/intelligence/executive/__tests__/service.test.ts
  ΓùÅ Console

    console.log
      Γùç injected env (9) from .env.local // tip: Γîü auth for agents [www.vestauth.com]

      at _log (node_modules/dotenv/lib/main.js:131:11)

    console.log
      [Jest Setup] SUPABASE_SERVICE_ROLE_KEY loaded: sb_secret_Dm... (41 chars)

      at Object.log (jest.setup.ts:10:9)

    console.error
      [ExecutiveIntelligence] Health check failed: Error: Cache connection failed
          at Object.<anonymous> (D:\Antigravity\Projects\BELLA SPA ERP\src\services\intelligence\executive\__tests__\service.test.ts:338:39)
          at Promise.finally.completed (D:\Antigravity\Projects\BELLA SPA ERP\node_modules\jest-circus\build\jestAdapterInit.js:1561:28)
          at new Promise (<anonymous>)
          at callAsyncCircusFn (D:\Antigravity\Projects\BELLA SPA ERP\node_modules\jest-circus\build\jestAdapterInit.js:1501:10)
          at _callCircusTest (D:\Antigravity\Projects\BELLA SPA ERP\node_modules\jest-circus\build\jestAdapterInit.js:1011:40)
          at processTicksAndRejections (node:internal/process/task_queues:104:5)
          at _runTest (D:\Antigravity\Projects\BELLA SPA ERP\node_modules\jest-circus\build\jestAdapterInit.js:951:3)
          at D:\Antigravity\Projects\BELLA SPA ERP\node_modules\jest-circus\build\jestAdapterInit.js:853:7
          at _runTestsForDescribeBlock (D:\Antigravity\Projects\BELLA SPA ERP\node_modules\jest-circus\build\jestAdapterInit.js:866:11)
          at _runTestsForDescribeBlock (D:\Antigravity\Projects\BELLA SPA ERP\node_modules\jest-circus\build\jestAdapterInit.js:861:11)
          at _runTestsForDescribeBlock (D:\Antigravity\Projects\BELLA SPA ERP\node_modules\jest-circus\build\jestAdapterInit.js:861:11)
          at run (D:\Antigravity\Projects\BELLA SPA ERP\node_modules\jest-circus\build\jestAdapterInit.js:765:3)
          at runAndTransformResultsToJestFormat (D:\Antigravity\Projects\BELLA SPA ERP\node_modules\jest-circus\build\jestAdapterInit.js:1993:21)
          at jestAdapter (D:\Antigravity\Projects\BELLA SPA ERP\node_modules\jest-circus\build\runner.js:111:19)
          at runTestInternal (D:\Antigravity\Projects\BELLA SPA ERP\node_modules\jest-runner\build\testWorker.js:276:16)
          at runTest (D:\Antigravity\Projects\BELLA SPA ERP\node_modules\jest-runner\build\testWorker.js:344:7)
          at Object.worker (D:\Antigravity\Projects\BELLA SPA ERP\node_modules\jest-runner\build\testWorker.js:498:12)

      383 |       return result !== null;
      384 |     } catch (error) {
    > 385 |       console.error('[ExecutiveIntelligence] Health check failed:', error);
          |               ^
      386 |       return false;
      387 |     }
      388 |   }

      at ExecutiveIntelligenceService.error [as healthCheck] (src/services/intelligence/executive/service.ts:385:15)
      at Object.<anonymous> (src/services/intelligence/executive/__tests__/service.test.ts:340:22)

    console.info
      [ExecutiveIntelligence] Cache cleared successfully

      at ExecutiveIntelligenceService.info [as clearCache] (src/services/intelligence/executive/service.ts:397:15)

PASS src/__tests__/policy-registry/policy-registry.test.ts
  ΓùÅ Console

    console.log
      Γùç injected env (9) from .env.local // tip: Γîÿ suppress logs { quiet: true }

      at _log (node_modules/dotenv/lib/main.js:131:11)

    console.log
      [Jest Setup] SUPABASE_SERVICE_ROLE_KEY loaded: sb_secret_Dm... (41 chars)

      at Object.log (jest.setup.ts:10:9)

PASS src/__tests__/accounting-reports.test.ts
  ΓùÅ Console

    console.log
      Γùç injected env (9) from .env.local // tip: Γîü auth for agents [www.vestauth.com]

      at _log (node_modules/dotenv/lib/main.js:131:11)

    console.log
      [Jest Setup] SUPABASE_SERVICE_ROLE_KEY loaded: sb_secret_Dm... (41 chars)

      at Object.log (jest.setup.ts:10:9)

PASS src/core/services/order/pricing-actions.test.ts
  ΓùÅ Console

    console.log
      Γùç injected env (9) from .env.local // tip: Γîÿ override existing { override: true }

      at _log (node_modules/dotenv/lib/main.js:131:11)

    console.log
      [Jest Setup] SUPABASE_SERVICE_ROLE_KEY loaded: sb_secret_Dm... (41 chars)

      at Object.log (jest.setup.ts:10:9)

PASS src/__tests__/security/tenant-isolation.test.ts
  ΓùÅ Console

    console.log
      Γùç injected env (9) from .env.local // tip: Γùê encrypted .env [www.dotenvx.com]

      at _log (node_modules/dotenv/lib/main.js:131:11)

    console.log
      [Jest Setup] SUPABASE_SERVICE_ROLE_KEY loaded: sb_secret_Dm... (41 chars)

      at Object.log (jest.setup.ts:10:9)

PASS src/__tests__/utils.test.ts
  ΓùÅ Console

    console.log
      Γùç injected env (9) from .env.local // tip: Γîÿ custom filepath { path: '/custom/path/.env' }

      at _log (node_modules/dotenv/lib/main.js:131:11)

    console.log
      [Jest Setup] SUPABASE_SERVICE_ROLE_KEY loaded: sb_secret_Dm... (41 chars)

      at Object.log (jest.setup.ts:10:9)

PASS src/__tests__/security-hardening.test.ts
  ΓùÅ Console

    console.log
      Γùç injected env (9) from .env.local // tip: Γîÿ suppress logs { quiet: true }

      at _log (node_modules/dotenv/lib/main.js:131:11)

    console.log
      [Jest Setup] SUPABASE_SERVICE_ROLE_KEY loaded: sb_secret_Dm... (41 chars)

      at Object.log (jest.setup.ts:10:9)

FAIL src/__tests__/tenant-isolation-source-guards.test.ts
  ΓùÅ Console

    console.log
      Γùç injected env (9) from .env.local // tip: Γîÿ override existing { override: true }

      at _log (node_modules/dotenv/lib/main.js:131:11)

    console.log
      [Jest Setup] SUPABASE_SERVICE_ROLE_KEY loaded: sb_secret_Dm... (41 chars)

      at Object.log (jest.setup.ts:10:9)

  ΓùÅ dashboard tenant isolation source guards ΓÇ║ does not apply stale tenant brand cache during root first paint

    expect(received).toContain(expected) // indexOf

    Expected substring: "await applyDashboardTenantBrandRuntime(tenant)"
    Received string:    "'use client';┬╖
    import { useState, useEffect } from 'react';
    import { useRouter } from 'next/navigation';
    import {
      DashboardAuthLoadingShell,
      DashboardAuthorizedShell,
    } from '@/components/layout/DashboardLoadingShell';
    import { resolveTenantBrandIdentity } from '@/lib/business-rules/tenant-modules';
    import { getCachedCurrentUser, getCachedTenantSettings } from '@/lib/dashboard-client-context';┬╖
    const RUNTIME_BRAND_CACHE_KEY = 'bella.runtime.brand.v1';┬╖
    async function applyDashboardTenantBrandRuntime(
      tenantSettings?: Awaited<ReturnType<typeof getCachedTenantSettings>>,
    ) {
      const tenant = tenantSettings ?? await getCachedTenantSettings();
      if (!tenant || typeof document === 'undefined') return;┬╖
      const brand = resolveTenantBrandIdentity({
        enabledModules: tenant.enabled_modules,
        brandTheme: tenant.brand_theme,
        logoUrl: tenant.logo_url,
        tenantName: tenant.name,
        surface: 'app',
      });
      const root = document.documentElement;
      const themeMeta = document.querySelector('meta[name=\"theme-color\"]');┬╖
      root.dataset.tenantModule = brand.moduleKey;
      root.dataset.tenantBrandButton = brand.buttonStyle;
      root.dataset.tenantBrandMenu = brand.menuStyle;
      root.dataset.tenantBrandRadius = brand.radiusStyle;┬╖
      for (const token of ['--background', '--foreground', '--border', '--input']) {
        root.style.removeProperty(token);
      }┬╖
      root.style.setProperty('--primary', brand.primaryColor);
      root.style.setProperty('--primary-hover', brand.primaryHoverColor);
      root.style.setProperty('--accent', brand.accentColor);
      root.style.setProperty('--ring', brand.primaryColor);
      // Inject tenant heading font: 'serif' ΓåÆ Playfair Display, 'sans' ΓåÆ Geist
      root.style.setProperty(
        '--font-heading',
        brand.fontHeading === 'serif'
          ? 'var(--font-serif), Georgia, serif'
          : 'var(--font-sans), system-ui, sans-serif',
      );
      themeMeta?.setAttribute('content', brand.primaryColor);┬╖
      try {
        window.sessionStorage.setItem(
          RUNTIME_BRAND_CACHE_KEY,
          JSON.stringify({
            tenantId: tenant.id,
            ...brand,
          }),
        );
      } catch {
        // Runtime cache only prevents first-paint theme flashes.
      }
    }┬╖
    import { UserProvider } from '@/lib/user-context';┬╖
    export default function DashboardLayout({
      children,
    }: {
      children: React.ReactNode;
    }) {
      const router = useRouter();
      const [isAuthorized, setIsAuthorized] = useState<boolean | null>(null);
      const [isSuspended, setIsSuspended] = useState<boolean>(false);┬╖
      useEffect(() => {
        async function checkAuth() {
          try {
            // ΓöÇΓöÇ Warm-up: kick off tenant settings fetch in PARALLEL with auth check ΓöÇΓöÇ
            // By the time any child page mounts and calls getCachedTenantSettings(),
            // the value is already cached ΓÇö eliminating a cold round-trip for every page.
            const tenantWarmupPromise = getCachedTenantSettings().catch((e) => {
              console.warn('[DashboardLayout] Tenant settings warm-up failed (non-fatal):', e);
              return null;
            });┬╖
            const user = await getCachedCurrentUser();
            if (!user) {
              router.replace('/login');
              return;
            }
            if (user.isSuspended) {
              setIsSuspended(true);
              setIsAuthorized(false);
              return;
            }
            if (user.role?.toLowerCase() === 'ktv') {
              router.replace('/ktv/dashboard');
              return;
            }
            try {
              // Reuse the already-in-flight tenant settings promise (no extra fetch)
              const tenant = await tenantWarmupPromise;
              await applyDashboardTenantBrandRuntime(tenant ?? undefined);
            } catch (brandError) {
              console.error('[DashboardLayout] Brand runtime apply failed:', brandError);
            }
            setIsAuthorized(true);
          } catch (err) {
            console.error('[DashboardLayout] Auth check failed:', err);
            router.replace('/login');
          }
        }
        checkAuth();
      }, [router]);┬╖
      if (isSuspended) {
        return (
          <div className=\"flex h-screen w-screen flex-col items-center justify-center bg-background p-4 text-center\">
            <div className=\"max-w-md glass-pink rounded-3xl p-8 border-2 border-white shadow-2xl space-y-6\">
              <div className=\"w-16 h-16 bg-pink-100 rounded-full flex items-center justify-center mx-auto text-pink-600 animate-pulse\">
                <svg xmlns=\"http://www.w3.org/2000/svg\" fill=\"none\" viewBox=\"0 0 24 24\" strokeWidth={2} stroke=\"currentColor\" className=\"w-8 h-8\">
                  <path strokeLinecap=\"round\" strokeLinejoin=\"round\" d=\"M12 9v3.75m0-10.036A11.959 11.959 0 0 1 3.598 6 11.99 11.99 0 0 0 3 9.75c0 5.592 3.824 10.29 9 11.622 5.176-1.332 9-6.03 9-11.622 0-1.31-.21-2.57-.598-3.75h-.152c-3.196 0-6.1-1.249-8.25-3.286Zm0 13.036h.008v.008H12v-.008Z\" />
                </svg>
              </div>
              <h2 className=\"text-2xl font-black text-foreground uppercase tracking-wide\">Chi nh├ính tß║ím ng╞░ng</h2>
              <p className=\"text-muted-foreground font-medium\">
                T├ái khoß║ún Spa cß╗ºa bß║ín hiß╗çn ─æ├ú bß╗ï tß║ím ng╞░ng hoß║ít ─æß╗Öng bß╗ƒi tß╗òng bß╗Ö Bella Spa HQ. Vui l├▓ng li├¬n hß╗ç bß╗Ö phß║¡n hß╗ù trß╗ú kh├ích h├áng ─æß╗â biß║┐t th├¬m chi tiß║┐t.
              </p>
              <button
                onClick={() => {
                  document.cookie = 'mock_user_email=; path=/; expires=Thu, 01 Jan 1970 00:00:00 GMT; path=/';
                  // Logout from supabase auth too
                  import('@/lib/supabase-client').then(m => {
                    const s = m.getSupabase();
                    s.auth.signOut().then(() => {
                      window.location.href = '/login';
                    });
                  }).catch(() => {
                    window.location.href = '/login';
                  });
                }}
                className=\"w-full bg-primary hover:bg-primary-hover text-white font-bold py-4 rounded-xl shadow-lg transition-all active:scale-95 text-sm uppercase tracking-widest\"
              >
                ─É─âng xuß║Ñt
              </button>
            </div>
          </div>
        );
      }┬╖
      if (isAuthorized === null) {
        return <DashboardAuthLoadingShell />;
      }┬╖
      return (
        <UserProvider>
          <DashboardAuthorizedShell>
            {children}
          </DashboardAuthorizedShell>
        </UserProvider>
      );
    }┬╖
    "

      114 |     expect(rootLayoutSource).toContain('"--primary": "#334155"');
      115 |     expect(rootLayoutSource).not.toContain('sessionStorage.getItem("bella.runtime.brand.v1")');
    > 116 |     expect(dashboardLayoutSource).toContain('await applyDashboardTenantBrandRuntime(tenant)');
          |                                   ^
      117 |     expect(dashboardLayoutSource.indexOf('await applyDashboardTenantBrandRuntime(tenant)')).toBeLessThan(
      118 |       dashboardLayoutSource.indexOf('setIsAuthorized(true)'),
      119 |     );

      at Object.toContain (src/__tests__/tenant-isolation-source-guards.test.ts:116:35)

PASS src/__tests__/promotions.test.ts
  ΓùÅ Console

    console.log
      Γùç injected env (9) from .env.local // tip: Γîÿ override existing { override: true }

      at _log (node_modules/dotenv/lib/main.js:131:11)

    console.log
      [Jest Setup] SUPABASE_SERVICE_ROLE_KEY loaded: sb_secret_Dm... (41 chars)

      at Object.log (jest.setup.ts:10:9)

    console.error
      [getPromotions] Lß╗ùi lß║Ñy danh s├ích khuyß║┐n m├úi: { message: 'Database crash' }

      150 |
      151 |   if (error) {
    > 152 |     console.error('[getPromotions] Lß╗ùi lß║Ñy danh s├ích khuyß║┐n m├úi:', error);
          |             ^
      153 |     throw new Error(`Lß╗ùi truy vß║Ñn c╞í sß╗ƒ dß╗» liß╗çu: ${error.message}`);
      154 |   }
      155 |

      at error (src/services/promotions-actions.ts:152:13)
      at Object.<anonymous> (src/__tests__/promotions.test.ts:197:7)

    console.error
      [createPromotion] Lß╗ùi th├¬m khuyß║┐n m├úi: { message: 'Insert constraint violation' }

      199 |
      200 |   if (error) {
    > 201 |     console.error('[createPromotion] Lß╗ùi th├¬m khuyß║┐n m├úi:', error);
          |             ^
      202 |     return { success: false, error: error.message };
      203 |   }
      204 |

      at error (src/services/promotions-actions.ts:201:13)
      at Object.<anonymous> (src/__tests__/promotions.test.ts:309:19)

    console.error
      [togglePromotionActive] Lß╗ùi cß║¡p nhß║¡t trß║íng th├íi khuyß║┐n m├úi: { message: 'Update failed' }

      272 |
      273 |   if (error) {
    > 274 |     console.error('[togglePromotionActive] Lß╗ùi cß║¡p nhß║¡t trß║íng th├íi khuyß║┐n m├úi:', error);
          |             ^
      275 |     return { success: false, error: error.message };
      276 |   }
      277 |

      at error (src/services/promotions-actions.ts:274:13)
      at Object.<anonymous> (src/__tests__/promotions.test.ts:415:19)

    console.error
      [deletePromotion] Lß╗ùi x├│a khuyß║┐n m├úi: { message: 'Delete restricted' }

      339 |
      340 |   if (error) {
    > 341 |     console.error('[deletePromotion] Lß╗ùi x├│a khuyß║┐n m├úi:', error);
          |             ^
      342 |     return { success: false, error: error.message };
      343 |   }
      344 |

      at error (src/services/promotions-actions.ts:341:13)
      at Object.<anonymous> (src/__tests__/promotions.test.ts:488:19)

PASS src/__tests__/onboarding.test.ts
  ΓùÅ Console

    console.log
      Γùç injected env (9) from .env.local // tip: Γùê secrets for agents [www.dotenvx.com]

      at _log (node_modules/dotenv/lib/main.js:131:11)

    console.log
      [Jest Setup] SUPABASE_SERVICE_ROLE_KEY loaded: sb_secret_Dm... (41 chars)

      at Object.log (jest.setup.ts:10:9)

    console.log
      [registerNewTenant] Creating confirmed user via admin client to bypass email rate limits

      at log (src/services/onboarding-actions.ts:112:15)

    console.log
      [registerNewTenant] Creating confirmed user via admin client to bypass email rate limits

      at log (src/services/onboarding-actions.ts:112:15)

    console.log
      [registerNewTenant] Creating confirmed user via admin client to bypass email rate limits

      at log (src/services/onboarding-actions.ts:112:15)

    console.log
      [registerNewTenant] Creating confirmed user via admin client to bypass email rate limits

      at log (src/services/onboarding-actions.ts:112:15)

    console.error
      [registerNewTenant] Post-onboarding tenant setup update failed: Database constraint violation

      246 |
      247 |       if (updateError) {
    > 248 |         console.error('[registerNewTenant] Post-onboarding tenant setup update failed:', updateError.message);
          |                 ^
      249 |         const setupLabel = input.branchType === 'franchise'
      250 |           ? 'cß║Ñu h├¼nh nh╞░ß╗úng quyß╗ün'
      251 |           : 'module ng├ánh Beauty Spa';

      at error (src/services/onboarding-actions.ts:248:17)
      at Object.<anonymous> (src/__tests__/onboarding.test.ts:273:20)

    console.log
      [registerNewTenant] Creating confirmed user via admin client to bypass email rate limits

      at log (src/services/onboarding-actions.ts:112:15)

    console.error
      [registerNewTenant] Database onboarding RPC failed: onboard tenant failed

      206 |  
      207 |     if (rpcError) {
    > 208 |       console.error('[registerNewTenant] Database onboarding RPC failed:', rpcError.message);
          |               ^
      209 |       const authRollbackError = await rollbackCreatedAuthUser(supabaseAdminForAuthRollback, authUser.id);
      210 |       const rollbackNote = formatCleanupNote('auth cleanup', authRollbackError);
      211 |       return { success: false, error: `${rpcError.message}${rollbackNote}` };

      at error (src/services/onboarding-actions.ts:208:15)
      at Object.<anonymous> (src/__tests__/onboarding.test.ts:290:20)

    console.log
      [registerNewTenant] Creating confirmed user via admin client to bypass email rate limits

      at log (src/services/onboarding-actions.ts:112:15)

    console.error
      [registerNewTenant] Database onboarding RPC failed: onboard tenant failed

      206 |  
      207 |     if (rpcError) {
    > 208 |       console.error('[registerNewTenant] Database onboarding RPC failed:', rpcError.message);
          |               ^
      209 |       const authRollbackError = await rollbackCreatedAuthUser(supabaseAdminForAuthRollback, authUser.id);
      210 |       const rollbackNote = formatCleanupNote('auth cleanup', authRollbackError);
      211 |       return { success: false, error: `${rpcError.message}${rollbackNote}` };

      at error (src/services/onboarding-actions.ts:208:15)
      at Object.<anonymous> (src/__tests__/onboarding.test.ts:317:20)

    console.log
      [registerNewTenant] Creating confirmed user via admin client to bypass email rate limits

      at log (src/services/onboarding-actions.ts:112:15)

PASS src/__tests__/training-actions.test.ts
  ΓùÅ Console

    console.log
      Γùç injected env (9) from .env.local // tip: Γîÿ custom filepath { path: '/custom/path/.env' }

      at _log (node_modules/dotenv/lib/main.js:131:11)

    console.log
      [Jest Setup] SUPABASE_SERVICE_ROLE_KEY loaded: sb_secret_Dm... (41 chars)

      at Object.log (jest.setup.ts:10:9)

PASS src/services/intelligence/__tests__/multi-tier-cache.test.ts
  ΓùÅ Console

    console.log
      Γùç injected env (9) from .env.local // tip: Γîÿ suppress logs { quiet: true }

      at _log (node_modules/dotenv/lib/main.js:131:11)

    console.log
      [Jest Setup] SUPABASE_SERVICE_ROLE_KEY loaded: sb_secret_Dm... (41 chars)

      at Object.log (jest.setup.ts:10:9)

PASS src/__tests__/crm-stats.test.ts
  ΓùÅ Console

    console.log
      Γùç injected env (9) from .env.local // tip: Γîü auth for agents [www.vestauth.com]

      at _log (node_modules/dotenv/lib/main.js:131:11)

    console.log
      [Jest Setup] SUPABASE_SERVICE_ROLE_KEY loaded: sb_secret_Dm... (41 chars)

      at Object.log (jest.setup.ts:10:9)

    console.warn
      [getCRMStats] Missing tenantId for current user

      18 |   const tenantId = currentUser?.tenant_id;
      19 |   if (!tenantId) {
    > 20 |     console.warn('[getCRMStats] Missing tenantId for current user');
         |             ^
      21 |     return EMPTY_CRM_STATS;
      22 |   }
      23 |   const todayStr = getLocalDateString(new Date());

      at warn (src/services/crm/stats.ts:20:13)
      at Object.<anonymous> (src/__tests__/crm-stats.test.ts:146:5)

    console.warn
      [getUpcomingSessions] Missing tenantId for current user

      91 |   const tenantId = currentUser?.tenant_id;
      92 |   if (!tenantId) {
    > 93 |     console.warn('[getUpcomingSessions] Missing tenantId for current user');
         |             ^
      94 |     return [];
      95 |   }
      96 |   const todayStr = getLocalDateString(new Date());

      at warn (src/services/crm/stats.ts:93:13)
      at Object.<anonymous> (src/__tests__/crm-stats.test.ts:226:5)

PASS src/__tests__/integration/product-sales-flow.test.ts
  ΓùÅ Console

    console.log
      Γùç injected env (9) from .env.local // tip: Γùê encrypted .env [www.dotenvx.com]

      at _log (node_modules/dotenv/lib/main.js:131:11)

    console.log
      [Jest Setup] SUPABASE_SERVICE_ROLE_KEY loaded: sb_secret_Dm... (41 chars)

      at Object.log (jest.setup.ts:10:9)

PASS src/__tests__/hq-subscription-actions.test.ts
  ΓùÅ Console

    console.log
      Γùç injected env (9) from .env.local // tip: Γîÿ suppress logs { quiet: true }

      at _log (node_modules/dotenv/lib/main.js:131:11)

    console.log
      [Jest Setup] SUPABASE_SERVICE_ROLE_KEY loaded: sb_secret_Dm... (41 chars)

      at Object.log (jest.setup.ts:10:9)

PASS src/__tests__/crm-zalo-config.test.ts
  ΓùÅ Console

    console.log
      Γùç injected env (9) from .env.local // tip: Γîÿ custom filepath { path: '/custom/path/.env' }

      at _log (node_modules/dotenv/lib/main.js:131:11)

    console.log
      [Jest Setup] SUPABASE_SERVICE_ROLE_KEY loaded: sb_secret_Dm... (41 chars)

      at Object.log (jest.setup.ts:10:9)

    console.warn
      [getZaloZnsLogs] Kh├┤ng t├¼m thß║Ñy tenantId cho ng╞░ß╗¥i d├╣ng hiß╗çn tß║íi

      221 |
      222 |   if (!tenantId) {
    > 223 |     console.warn('[getZaloZnsLogs] Kh├┤ng t├¼m thß║Ñy tenantId cho ng╞░ß╗¥i d├╣ng hiß╗çn tß║íi');
          |             ^
      224 |     return [];
      225 |   }
      226 |

      at warn (src/services/crm/zalo-config.ts:223:13)
      at Object.<anonymous> (src/__tests__/crm-zalo-config.test.ts:370:5)

    console.log
      Zalo credential expired for tenant tenant-1. Refreshing...

      at log (src/services/crm/zalo-config.ts:165:11)

    console.log
      Zalo credential expired for tenant tenant-1. Refreshing...

      at log (src/services/crm/zalo-config.ts:165:11)

    console.log
      Zalo credential expired for tenant tenant-1. Refreshing...

      at log (src/services/crm/zalo-config.ts:165:11)

    console.log
      Zalo credential expired for tenant tenant-1. Refreshing...

      at log (src/services/crm/zalo-config.ts:165:11)

    console.log
      Successfully refreshed Zalo credential for tenant tenant-1. Expires at: 2026-06-03T02:00:00.000Z

      at log (src/services/crm/zalo-config.ts:213:11)

PASS src/__tests__/rate-limit.test.ts
  ΓùÅ Console

    console.log
      Γùç injected env (9) from .env.local // tip: Γîÿ enable debugging { debug: true }

      at _log (node_modules/dotenv/lib/main.js:131:11)

    console.log
      [Jest Setup] SUPABASE_SERVICE_ROLE_KEY loaded: sb_secret_Dm... (41 chars)

      at Object.log (jest.setup.ts:10:9)

    console.warn
      [rate-limit] Supabase RPC error, falling back to memory: db down

      78 |     if (error) {
      79 |       // DB unavailable: fall back to in-memory so we don't hard-block traffic.
    > 80 |       console.warn('[rate-limit] Supabase RPC error, falling back to memory:', error.message);
         |               ^
      81 |       return rateLimitMemory(identifier, capacity, refillRatePerSecond);
      82 |     }
      83 |

      at warn (src/lib/rate-limit.ts:80:15)
      at Object.<anonymous> (src/__tests__/rate-limit.test.ts:131:12)

    console.warn
      [rate-limit] Supabase RPC error, falling back to memory: db down

      78 |     if (error) {
      79 |       // DB unavailable: fall back to in-memory so we don't hard-block traffic.
    > 80 |       console.warn('[rate-limit] Supabase RPC error, falling back to memory:', error.message);
         |               ^
      81 |       return rateLimitMemory(identifier, capacity, refillRatePerSecond);
      82 |     }
      83 |

      at warn (src/lib/rate-limit.ts:80:15)
      at Object.<anonymous> (src/__tests__/rate-limit.test.ts:132:12)

    console.warn
      [rate-limit] Supabase RPC error, falling back to memory: db down

      78 |     if (error) {
      79 |       // DB unavailable: fall back to in-memory so we don't hard-block traffic.
    > 80 |       console.warn('[rate-limit] Supabase RPC error, falling back to memory:', error.message);
         |               ^
      81 |       return rateLimitMemory(identifier, capacity, refillRatePerSecond);
      82 |     }
      83 |

      at warn (src/lib/rate-limit.ts:80:15)
      at Object.<anonymous> (src/__tests__/rate-limit.test.ts:133:12)

PASS src/__tests__/providers/base-salary-provider.test.ts
  ΓùÅ Console

    console.log
      Γùç injected env (9) from .env.local // tip: Γîÿ override existing { override: true }

      at _log (node_modules/dotenv/lib/main.js:131:11)

    console.log
      [Jest Setup] SUPABASE_SERVICE_ROLE_KEY loaded: sb_secret_Dm... (41 chars)

      at Object.log (jest.setup.ts:10:9)

PASS src/__tests__/finance-reconciliation-actions.test.ts
  ΓùÅ Console

    console.log
      Γùç injected env (9) from .env.local // tip: Γîÿ multiple files { path: ['.env.local', '.env'] }

      at _log (node_modules/dotenv/lib/main.js:131:11)

    console.log
      [Jest Setup] SUPABASE_SERVICE_ROLE_KEY loaded: sb_secret_Dm... (41 chars)

      at Object.log (jest.setup.ts:10:9)

PASS src/lib/decision-engine/providers/discount/__tests__/discount-provider.test.ts
  ΓùÅ Console

    console.log
      Γùç injected env (9) from .env.local // tip: Γîÿ override existing { override: true }

      at _log (node_modules/dotenv/lib/main.js:131:11)

    console.log
      [Jest Setup] SUPABASE_SERVICE_ROLE_KEY loaded: sb_secret_Dm... (41 chars)

      at Object.log (jest.setup.ts:10:9)

PASS src/core/lib/errors.test.ts
  ΓùÅ Console

    console.log
      Γùç injected env (9) from .env.local // tip: Γùê secrets for agents [www.dotenvx.com]

      at _log (node_modules/dotenv/lib/main.js:131:11)

    console.log
      [Jest Setup] SUPABASE_SERVICE_ROLE_KEY loaded: sb_secret_Dm... (41 chars)

      at Object.log (jest.setup.ts:10:9)

PASS src/__tests__/consolidated-pnl.test.ts
  ΓùÅ Console

    console.log
      Γùç injected env (9) from .env.local // tip: Γîÿ override existing { override: true }

      at _log (node_modules/dotenv/lib/main.js:131:11)

    console.log
      [Jest Setup] SUPABASE_SERVICE_ROLE_KEY loaded: sb_secret_Dm... (41 chars)

      at Object.log (jest.setup.ts:10:9)

PASS src/__tests__/user-manuals.test.ts
  ΓùÅ Console

    console.log
      Γùç injected env (9) from .env.local // tip: Γîü auth for agents [www.vestauth.com]

      at _log (node_modules/dotenv/lib/main.js:131:11)

    console.log
      [Jest Setup] SUPABASE_SERVICE_ROLE_KEY loaded: sb_secret_Dm... (41 chars)

      at Object.log (jest.setup.ts:10:9)

PASS src/modules/bookings/actions/__tests__/ktv-suggestion-actions.test.ts
  ΓùÅ Console

    console.log
      Γùç injected env (9) from .env.local // tip: Γùê encrypted .env [www.dotenvx.com]

      at _log (node_modules/dotenv/lib/main.js:131:11)

    console.log
      [Jest Setup] SUPABASE_SERVICE_ROLE_KEY loaded: sb_secret_Dm... (41 chars)

      at Object.log (jest.setup.ts:10:9)

PASS src/__tests__/business-process/booking-process.test.ts
  ΓùÅ Console

    console.log
      Γùç injected env (9) from .env.local // tip: Γîÿ suppress logs { quiet: true }

      at _log (node_modules/dotenv/lib/main.js:131:11)

    console.log
      [Jest Setup] SUPABASE_SERVICE_ROLE_KEY loaded: sb_secret_Dm... (41 chars)

      at Object.log (jest.setup.ts:10:9)

PASS src/__tests__/beauty-spa-module-isolation.test.ts
  ΓùÅ Console

    console.log
      Γùç injected env (9) from .env.local // tip: Γùê secrets for agents [www.dotenvx.com]

      at _log (node_modules/dotenv/lib/main.js:131:11)

    console.log
      [Jest Setup] SUPABASE_SERVICE_ROLE_KEY loaded: sb_secret_Dm... (41 chars)

      at Object.log (jest.setup.ts:10:9)

PASS src/__tests__/decision-engine/booking-capacity.test.ts
  ΓùÅ Console

    console.log
      Γùç injected env (9) from .env.local // tip: Γùê secrets for agents [www.dotenvx.com]

      at _log (node_modules/dotenv/lib/main.js:131:11)

    console.log
      [Jest Setup] SUPABASE_SERVICE_ROLE_KEY loaded: sb_secret_Dm... (41 chars)

      at Object.log (jest.setup.ts:10:9)

PASS src/__tests__/policy-registry/plugin-demo.test.ts
  ΓùÅ Console

    console.log
      Γùç injected env (9) from .env.local // tip: Γîÿ override existing { override: true }

      at _log (node_modules/dotenv/lib/main.js:131:11)

    console.log
      [Jest Setup] SUPABASE_SERVICE_ROLE_KEY loaded: sb_secret_Dm... (41 chars)

      at Object.log (jest.setup.ts:10:9)

    console.log
      Γ£à New Hospital domain added WITHOUT touching core engine!

      at Object.log (src/__tests__/policy-registry/plugin-demo.test.ts:292:15)

    console.log
      Γ£à Hospital Admission Process executed successfully!

      at Object.log (src/__tests__/policy-registry/plugin-demo.test.ts:332:15)

    console.log
         Patient: {
        executedAt: '2026-07-16T07:58:24.388Z',
        policyVersion: '1.0.0',
        insuranceCovered: true
      }

      at Object.log (src/__tests__/policy-registry/plugin-demo.test.ts:333:15)

    console.log
      Γ£à New Retail domain added WITHOUT touching core engine!

      at Object.log (src/__tests__/policy-registry/plugin-demo.test.ts:366:15)

    console.log
      Γ£à Retail Checkout Process executed successfully!

      at Object.log (src/__tests__/policy-registry/plugin-demo.test.ts:407:15)

    console.log
         Original: 1200000

      at Object.log (src/__tests__/policy-registry/plugin-demo.test.ts:408:15)

    console.log
         Final: 970000

      at Object.log (src/__tests__/policy-registry/plugin-demo.test.ts:409:15)

    console.log
         Saved: 230000

      at Object.log (src/__tests__/policy-registry/plugin-demo.test.ts:410:15)

    console.log
      Γ£à Multiple domains coexist WITHOUT interference!

      at Object.log (src/__tests__/policy-registry/plugin-demo.test.ts:468:15)

    console.log
         Hospital policies: 1

      at Object.log (src/__tests__/policy-registry/plugin-demo.test.ts:469:15)

    console.log
         Retail policies: 1

      at Object.log (src/__tests__/policy-registry/plugin-demo.test.ts:470:15)

    console.log
         Total policies: 2

      at Object.log (src/__tests__/policy-registry/plugin-demo.test.ts:471:15)

    console.log
      
      ΓòÉΓòÉΓòÉΓòÉΓòÉΓòÉΓòÉΓòÉΓòÉΓòÉΓòÉΓòÉΓòÉΓòÉΓòÉΓòÉΓòÉΓòÉΓòÉΓòÉΓòÉΓòÉΓòÉΓòÉΓòÉΓòÉΓòÉΓòÉΓòÉΓòÉΓòÉΓòÉΓòÉΓòÉΓòÉΓòÉΓòÉΓòÉΓòÉΓòÉΓòÉΓòÉΓòÉΓòÉΓòÉΓòÉΓòÉΓòÉΓòÉΓòÉΓòÉΓòÉΓòÉΓòÉΓòÉΓòÉΓòÉΓòÉΓòÉΓòÉ

      at Object.log (src/__tests__/policy-registry/plugin-demo.test.ts:481:15)

    console.log
      PLATFORM CAPABILITY DEMONSTRATION

      at Object.log (src/__tests__/policy-registry/plugin-demo.test.ts:482:15)

    console.log
      ΓòÉΓòÉΓòÉΓòÉΓòÉΓòÉΓòÉΓòÉΓòÉΓòÉΓòÉΓòÉΓòÉΓòÉΓòÉΓòÉΓòÉΓòÉΓòÉΓòÉΓòÉΓòÉΓòÉΓòÉΓòÉΓòÉΓòÉΓòÉΓòÉΓòÉΓòÉΓòÉΓòÉΓòÉΓòÉΓòÉΓòÉΓòÉΓòÉΓòÉΓòÉΓòÉΓòÉΓòÉΓòÉΓòÉΓòÉΓòÉΓòÉΓòÉΓòÉΓòÉΓòÉΓòÉΓòÉΓòÉΓòÉΓòÉΓòÉΓòÉ

      at Object.log (src/__tests__/policy-registry/plugin-demo.test.ts:483:15)

    console.log
      
      Γ£à Decision Engine: UNCHANGED

      at Object.log (src/__tests__/policy-registry/plugin-demo.test.ts:514:15)

    console.log
      Γ£à Business Process Engine: UNCHANGED

      at Object.log (src/__tests__/policy-registry/plugin-demo.test.ts:515:15)

    console.log
      Γ£à Rule Engine: UNCHANGED

      at Object.log (src/__tests__/policy-registry/plugin-demo.test.ts:516:15)

    console.log
      Γ£à Hospital Domain: WORKING

      at Object.log (src/__tests__/policy-registry/plugin-demo.test.ts:517:15)

    console.log
      Γ£à Retail Domain: WORKING

      at Object.log (src/__tests__/policy-registry/plugin-demo.test.ts:518:15)

    console.log
      
      ≡ƒÆí THIS IS PLUGIN ARCHITECTURE

      at Object.log (src/__tests__/policy-registry/plugin-demo.test.ts:520:15)

    console.log
         ΓåÆ register() new policy

      at Object.log (src/__tests__/policy-registry/plugin-demo.test.ts:521:15)

    console.log
         ΓåÆ Engine executes it immediately

      at Object.log (src/__tests__/policy-registry/plugin-demo.test.ts:522:15)

    console.log
         ΓåÆ NO core modification needed

      at Object.log (src/__tests__/policy-registry/plugin-demo.test.ts:523:15)

    console.log
      
      ≡ƒôè Registry Statistics:

      at Object.log (src/__tests__/policy-registry/plugin-demo.test.ts:525:15)

    console.log
         Total Policies: 2

      at Object.log (src/__tests__/policy-registry/plugin-demo.test.ts:527:15)

    console.log
         Domains: hospital, retail

      at Object.log (src/__tests__/policy-registry/plugin-demo.test.ts:528:15)

    console.log
      =============================================================

      at Object.log (src/__tests__/policy-registry/plugin-demo.test.ts:529:15)

PASS src/lib/decision-engine/registry/__tests__/validation.test.ts
  ΓùÅ Console

    console.log
      Γùç injected env (9) from .env.local // tip: Γîÿ suppress logs { quiet: true }

      at _log (node_modules/dotenv/lib/main.js:131:11)

    console.log
      [Jest Setup] SUPABASE_SERVICE_ROLE_KEY loaded: sb_secret_Dm... (41 chars)

      at Object.log (jest.setup.ts:10:9)

PASS src/modules/spa/adapters/SpaModuleAdapter.test.ts
  ΓùÅ Console

    console.log
      Γùç injected env (9) from .env.local // tip: Γîÿ custom filepath { path: '/custom/path/.env' }

      at _log (node_modules/dotenv/lib/main.js:131:11)

    console.log
      [Jest Setup] SUPABASE_SERVICE_ROLE_KEY loaded: sb_secret_Dm... (41 chars)

      at Object.log (jest.setup.ts:10:9)

PASS src/__tests__/subscription-actions.test.ts
  ΓùÅ Console

    console.log
      Γùç injected env (9) from .env.local // tip: Γîÿ custom filepath { path: '/custom/path/.env' }

      at _log (node_modules/dotenv/lib/main.js:131:11)

    console.log
      [Jest Setup] SUPABASE_SERVICE_ROLE_KEY loaded: sb_secret_Dm... (41 chars)

      at Object.log (jest.setup.ts:10:9)

    console.log
      [simulateInvoicePayment] Tenant subscription after RPC: null

      at log (src/services/subscription-actions.ts:224:13)

PASS src/__tests__/finance-reconciliation-snapshot.test.ts
  ΓùÅ Console

    console.log
      Γùç injected env (9) from .env.local // tip: Γîÿ override existing { override: true }

      at _log (node_modules/dotenv/lib/main.js:131:11)

    console.log
      [Jest Setup] SUPABASE_SERVICE_ROLE_KEY loaded: sb_secret_Dm... (41 chars)

      at Object.log (jest.setup.ts:10:9)

PASS src/__tests__/system-monitor-actions.test.ts
  ΓùÅ Console

    console.log
      Γùç injected env (9) from .env.local // tip: Γîÿ override existing { override: true }

      at _log (node_modules/dotenv/lib/main.js:131:11)

    console.log
      [Jest Setup] SUPABASE_SERVICE_ROLE_KEY loaded: sb_secret_Dm... (41 chars)

      at Object.log (jest.setup.ts:10:9)

PASS src/__tests__/portal-chat.test.ts
  ΓùÅ Console

    console.log
      Γùç injected env (9) from .env.local // tip: Γîü auth for agents [www.vestauth.com]

      at _log (node_modules/dotenv/lib/main.js:131:11)

    console.log
      [Jest Setup] SUPABASE_SERVICE_ROLE_KEY loaded: sb_secret_Dm... (41 chars)

      at Object.log (jest.setup.ts:10:9)

    console.error
      [validateToken] Lß╗ùi truy vß║Ñn database: { message: 'Database connection failed' }

      39 |
      40 |   if (error) {
    > 41 |     console.error('[validateToken] Lß╗ùi truy vß║Ñn database:', error);
         |             ^
      42 |     throw new Error(`Lß╗ùi kß║┐t nß╗æi c╞í sß╗ƒ dß╗» liß╗çu khi x├íc thß╗▒c token: ${error.message}`);
      43 |   }
      44 |   if (!booking || !booking.customer_id || !booking.tenant_id) {

      at error (src/services/portal-chat-actions.ts:41:13)
      at getPortalChatMessages (src/services/portal-chat-actions.ts:59:28)
      at Object.<anonymous> (src/__tests__/portal-chat.test.ts:107:22)

    console.error
      [getPortalChatMessages] Lß╗ùi lß║Ñy tin nhß║»n: { message: 'Query timeout' }

      67 |
      68 |     if (error) {
    > 69 |       console.error('[getPortalChatMessages] Lß╗ùi lß║Ñy tin nhß║»n:', error);
         |               ^
      70 |       throw error; // Re-throw to propagate or handle in client (Zero Silent Database Failures)
      71 |     }
      72 |

      at error (src/services/portal-chat-actions.ts:69:15)
      at Object.<anonymous> (src/__tests__/portal-chat.test.ts:150:22)

    console.error
      [sendPortalChatMessage] Lß╗ùi gß╗¡i tin nhß║»n: { message: 'Unique constraint violation on chat_messages' }

      111 |
      112 |     if (error) {
    > 113 |       console.error('[sendPortalChatMessage] Lß╗ùi gß╗¡i tin nhß║»n:', error);
          |               ^
      114 |       throw error; // Propagate error (Zero Silent Database Failures)
      115 |     }
      116 |

      at error (src/services/portal-chat-actions.ts:113:15)
      at Object.<anonymous> (src/__tests__/portal-chat.test.ts:213:22)

    console.error
      [markPortalMessagesAsRead] Lß╗ùi ─æ├ính dß║Ñu ─æ├ú ─æß╗ìc: { message: 'Database write error' }

      144 |
      145 |     if (error) {
    > 146 |       console.error('[markPortalMessagesAsRead] Lß╗ùi ─æ├ính dß║Ñu ─æ├ú ─æß╗ìc:', error);
          |               ^
      147 |       throw error; // Propagate error (Zero Silent Database Failures)
      148 |     }
      149 |

      at error (src/services/portal-chat-actions.ts:146:15)
      at Object.<anonymous> (src/__tests__/portal-chat.test.ts:255:22)

PASS src/__tests__/chat-actions.test.ts
  ΓùÅ Console

    console.log
      Γùç injected env (9) from .env.local // tip: Γùê secrets for agents [www.dotenvx.com]

      at _log (node_modules/dotenv/lib/main.js:131:11)

    console.log
      [Jest Setup] SUPABASE_SERVICE_ROLE_KEY loaded: sb_secret_Dm... (41 chars)

      at Object.log (jest.setup.ts:10:9)

    console.error
      Error fetching latest chat previews: { message: 'preview query failed' }

      84 |
      85 |   if (error) {
    > 86 |     console.error('Error fetching latest chat previews:', error);
         |             ^
      87 |     throw error;
      88 |   }
      89 |

      at error (src/services/chat-actions.ts:86:13)
      at getChatCustomers (src/services/chat-actions.ts:113:28)
      at Object.<anonymous> (src/__tests__/chat-actions.test.ts:232:5)

    console.error
      Error marking messages as read: { message: 'update denied' }

      198 |
      199 |   if (error) {
    > 200 |     console.error('Error marking messages as read:', error);
          |             ^
      201 |     throw error;
      202 |   }
      203 | }

      at error (src/services/chat-actions.ts:200:13)
      at Object.<anonymous> (src/__tests__/chat-actions.test.ts:360:5)

PASS src/__tests__/helpers/mock-query-builder.test.ts
  ΓùÅ Console

    console.log
      Γùç injected env (9) from .env.local // tip: Γîü auth for agents [www.vestauth.com]

      at _log (node_modules/dotenv/lib/main.js:131:11)

    console.log
      [Jest Setup] SUPABASE_SERVICE_ROLE_KEY loaded: sb_secret_Dm... (41 chars)

      at Object.log (jest.setup.ts:10:9)

PASS src/services/intelligence/__tests__/helpers.test.ts
  ΓùÅ Console

    console.log
      Γùç injected env (9) from .env.local // tip: Γîü auth for agents [www.vestauth.com]

      at _log (node_modules/dotenv/lib/main.js:131:11)

    console.log
      [Jest Setup] SUPABASE_SERVICE_ROLE_KEY loaded: sb_secret_Dm... (41 chars)

      at Object.log (jest.setup.ts:10:9)

PASS src/__tests__/landing-data.test.ts
  ΓùÅ Console

    console.log
      Γùç injected env (9) from .env.local // tip: Γîÿ multiple files { path: ['.env.local', '.env'] }

      at _log (node_modules/dotenv/lib/main.js:131:11)

    console.log
      [Jest Setup] SUPABASE_SERVICE_ROLE_KEY loaded: sb_secret_Dm... (41 chars)

      at Object.log (jest.setup.ts:10:9)

PASS src/__tests__/supabase-rpc-smoke-check.test.ts
  ΓùÅ Console

    console.log
      Γùç injected env (9) from .env.local // tip: Γîÿ multiple files { path: ['.env.local', '.env'] }

      at _log (node_modules/dotenv/lib/main.js:131:11)

    console.log
      [Jest Setup] SUPABASE_SERVICE_ROLE_KEY loaded: sb_secret_Dm... (41 chars)

      at Object.log (jest.setup.ts:10:9)

PASS src/__tests__/hq-actions.test.ts
  ΓùÅ Console

    console.log
      Γùç injected env (9) from .env.local // tip: Γîÿ multiple files { path: ['.env.local', '.env'] }

      at _log (node_modules/dotenv/lib/main.js:131:11)

    console.log
      [Jest Setup] SUPABASE_SERVICE_ROLE_KEY loaded: sb_secret_Dm... (41 chars)

      at Object.log (jest.setup.ts:10:9)

PASS src/__tests__/partner-api-lifecycle.test.ts
  ΓùÅ Console

    console.log
      Γùç injected env (9) from .env.local // tip: Γîü auth for agents [www.vestauth.com]

      at _log (node_modules/dotenv/lib/main.js:131:11)

    console.log
      [Jest Setup] SUPABASE_SERVICE_ROLE_KEY loaded: sb_secret_Dm... (41 chars)

      at Object.log (jest.setup.ts:10:9)

PASS src/__tests__/scope-presets.test.ts
  ΓùÅ Console

    console.log
      Γùç injected env (9) from .env.local // tip: Γîÿ custom filepath { path: '/custom/path/.env' }

      at _log (node_modules/dotenv/lib/main.js:131:11)

    console.log
      [Jest Setup] SUPABASE_SERVICE_ROLE_KEY loaded: sb_secret_Dm... (41 chars)

      at Object.log (jest.setup.ts:10:9)

PASS src/__tests__/manual-payment-idempotency.test.ts
  ΓùÅ Console

    console.log
      Γùç injected env (9) from .env.local // tip: Γîÿ multiple files { path: ['.env.local', '.env'] }

      at _log (node_modules/dotenv/lib/main.js:131:11)

    console.log
      [Jest Setup] SUPABASE_SERVICE_ROLE_KEY loaded: sb_secret_Dm... (41 chars)

      at Object.log (jest.setup.ts:10:9)

PASS src/__tests__/sentry-instrumentation.test.ts
  ΓùÅ Console

    console.log
      Γùç injected env (9) from .env.local // tip: Γùê encrypted .env [www.dotenvx.com]

      at _log (node_modules/dotenv/lib/main.js:131:11)

    console.log
      [Jest Setup] SUPABASE_SERVICE_ROLE_KEY loaded: sb_secret_Dm... (41 chars)

      at Object.log (jest.setup.ts:10:9)

PASS src/lib/decision-engine/providers/inventory/__tests__/inventory-provider.integration.test.ts
  ΓùÅ Console

    console.log
      Γùç injected env (9) from .env.local // tip: Γîÿ suppress logs { quiet: true }

      at _log (node_modules/dotenv/lib/main.js:131:11)

    console.log
      [Jest Setup] SUPABASE_SERVICE_ROLE_KEY loaded: sb_secret_Dm... (41 chars)

      at Object.log (jest.setup.ts:10:9)

PASS src/__tests__/decision-engine/payroll-salary.test.ts
  ΓùÅ Console

    console.log
      Γùç injected env (9) from .env.local // tip: Γùê encrypted .env [www.dotenvx.com]

      at _log (node_modules/dotenv/lib/main.js:131:11)

    console.log
      [Jest Setup] SUPABASE_SERVICE_ROLE_KEY loaded: sb_secret_Dm... (41 chars)

      at Object.log (jest.setup.ts:10:9)

PASS src/__tests__/promotions-ui.test.ts
  ΓùÅ Console

    console.log
      Γùç injected env (9) from .env.local // tip: Γîÿ override existing { override: true }

      at _log (node_modules/dotenv/lib/main.js:131:11)

    console.log
      [Jest Setup] SUPABASE_SERVICE_ROLE_KEY loaded: sb_secret_Dm... (41 chars)

      at Object.log (jest.setup.ts:10:9)

PASS src/__tests__/platform-rule-engines.test.ts
  ΓùÅ Console

    console.log
      Γùç injected env (9) from .env.local // tip: Γîÿ custom filepath { path: '/custom/path/.env' }

      at _log (node_modules/dotenv/lib/main.js:131:11)

    console.log
      [Jest Setup] SUPABASE_SERVICE_ROLE_KEY loaded: sb_secret_Dm... (41 chars)

      at Object.log (jest.setup.ts:10:9)

PASS src/__tests__/notification-actions.test.ts
  ΓùÅ Console

    console.log
      Γùç injected env (9) from .env.local // tip: Γùê secrets for agents [www.dotenvx.com]

      at _log (node_modules/dotenv/lib/main.js:131:11)

    console.log
      [Jest Setup] SUPABASE_SERVICE_ROLE_KEY loaded: sb_secret_Dm... (41 chars)

      at Object.log (jest.setup.ts:10:9)

PASS src/lib/decision-engine/providers/commission/__tests__/commission-provider.unit.test.ts
  ΓùÅ Console

    console.log
      Γùç injected env (9) from .env.local // tip: Γîÿ enable debugging { debug: true }

      at _log (node_modules/dotenv/lib/main.js:131:11)

    console.log
      [Jest Setup] SUPABASE_SERVICE_ROLE_KEY loaded: sb_secret_Dm... (41 chars)

      at Object.log (jest.setup.ts:10:9)

PASS src/__tests__/service-package-rules.test.ts
  ΓùÅ Console

    console.log
      Γùç injected env (9) from .env.local // tip: Γùê encrypted .env [www.dotenvx.com]

      at _log (node_modules/dotenv/lib/main.js:131:11)

    console.log
      [Jest Setup] SUPABASE_SERVICE_ROLE_KEY loaded: sb_secret_Dm... (41 chars)

      at Object.log (jest.setup.ts:10:9)

PASS src/__tests__/salary-expense-idempotency.test.ts
  ΓùÅ Console

    console.log
      Γùç injected env (9) from .env.local // tip: Γùê secrets for agents [www.dotenvx.com]

      at _log (node_modules/dotenv/lib/main.js:131:11)

    console.log
      [Jest Setup] SUPABASE_SERVICE_ROLE_KEY loaded: sb_secret_Dm... (41 chars)

      at Object.log (jest.setup.ts:10:9)

PASS src/__tests__/providers/provider-contract.test.ts
  ΓùÅ Console

    console.log
      Γùç injected env (9) from .env.local // tip: Γùê secrets for agents [www.dotenvx.com]

      at _log (node_modules/dotenv/lib/main.js:131:11)

    console.log
      [Jest Setup] SUPABASE_SERVICE_ROLE_KEY loaded: sb_secret_Dm... (41 chars)

      at Object.log (jest.setup.ts:10:9)

PASS src/__tests__/crm-ui.test.ts
  ΓùÅ Console

    console.log
      Γùç injected env (9) from .env.local // tip: Γùê secrets for agents [www.dotenvx.com]

      at _log (node_modules/dotenv/lib/main.js:131:11)

    console.log
      [Jest Setup] SUPABASE_SERVICE_ROLE_KEY loaded: sb_secret_Dm... (41 chars)

      at Object.log (jest.setup.ts:10:9)

PASS src/__tests__/tenant-module-presentation.test.ts
  ΓùÅ Console

    console.log
      Γùç injected env (9) from .env.local // tip: Γîÿ multiple files { path: ['.env.local', '.env'] }

      at _log (node_modules/dotenv/lib/main.js:131:11)

    console.log
      [Jest Setup] SUPABASE_SERVICE_ROLE_KEY loaded: sb_secret_Dm... (41 chars)

      at Object.log (jest.setup.ts:10:9)

PASS src/__tests__/hq-audit-explorer.test.ts
  ΓùÅ Console

    console.log
      Γùç injected env (9) from .env.local // tip: Γîÿ enable debugging { debug: true }

      at _log (node_modules/dotenv/lib/main.js:131:11)

    console.log
      [Jest Setup] SUPABASE_SERVICE_ROLE_KEY loaded: sb_secret_Dm... (41 chars)

      at Object.log (jest.setup.ts:10:9)

PASS src/__tests__/supabase-env.test.ts
  ΓùÅ Console

    console.log
      Γùç injected env (9) from .env.local // tip: Γùê secrets for agents [www.dotenvx.com]

      at _log (node_modules/dotenv/lib/main.js:131:11)

    console.log
      [Jest Setup] SUPABASE_SERVICE_ROLE_KEY loaded: sb_secret_Dm... (41 chars)

      at Object.log (jest.setup.ts:10:9)

PASS src/__tests__/consolidated-pnl-service-role.test.ts
  ΓùÅ Console

    console.log
      Γùç injected env (9) from .env.local // tip: Γîÿ suppress logs { quiet: true }

      at _log (node_modules/dotenv/lib/main.js:131:11)

    console.log
      [Jest Setup] SUPABASE_SERVICE_ROLE_KEY loaded: sb_secret_Dm... (41 chars)

      at Object.log (jest.setup.ts:10:9)

PASS src/__tests__/booking.test.ts
  ΓùÅ Console

    console.log
      Γùç injected env (9) from .env.local // tip: Γùê secrets for agents [www.dotenvx.com]

      at _log (node_modules/dotenv/lib/main.js:131:11)

    console.log
      [Jest Setup] SUPABASE_SERVICE_ROLE_KEY loaded: sb_secret_Dm... (41 chars)

      at Object.log (jest.setup.ts:10:9)

PASS src/lib/decision-engine/__tests__/RuleReasoner.test.ts
  ΓùÅ Console

    console.log
      Γùç injected env (9) from .env.local // tip: Γùê encrypted .env [www.dotenvx.com]

      at _log (node_modules/dotenv/lib/main.js:131:11)

    console.log
      [Jest Setup] SUPABASE_SERVICE_ROLE_KEY loaded: sb_secret_Dm... (41 chars)

      at Object.log (jest.setup.ts:10:9)

PASS src/__tests__/log-redactor.test.ts
  ΓùÅ Console

    console.log
      Γùç injected env (9) from .env.local // tip: Γîÿ multiple files { path: ['.env.local', '.env'] }

      at _log (node_modules/dotenv/lib/main.js:131:11)

    console.log
      [Jest Setup] SUPABASE_SERVICE_ROLE_KEY loaded: sb_secret_Dm... (41 chars)

      at Object.log (jest.setup.ts:10:9)

PASS src/__tests__/booking-invoice-print-actions.test.ts
  ΓùÅ Console

    console.log
      Γùç injected env (9) from .env.local // tip: Γîÿ custom filepath { path: '/custom/path/.env' }

      at _log (node_modules/dotenv/lib/main.js:131:11)

    console.log
      [Jest Setup] SUPABASE_SERVICE_ROLE_KEY loaded: sb_secret_Dm... (41 chars)

      at Object.log (jest.setup.ts:10:9)

PASS src/lib/decision-engine/providers/commission/__tests__/commission-provider.performance.test.ts
  ΓùÅ Console

    console.log
      Γùç injected env (9) from .env.local // tip: Γîÿ suppress logs { quiet: true }

      at _log (node_modules/dotenv/lib/main.js:131:11)

    console.log
      [Jest Setup] SUPABASE_SERVICE_ROLE_KEY loaded: sb_secret_Dm... (41 chars)

      at Object.log (jest.setup.ts:10:9)

    console.log
      Single evaluation: 0.30ms

      at Object.log (src/lib/decision-engine/providers/commission/__tests__/commission-provider.performance.test.ts:59:13)

    console.log
      Bulk evaluation (100):

      at Object.log (src/lib/decision-engine/providers/commission/__tests__/commission-provider.performance.test.ts:98:13)

    console.log
        Total time: 3.10ms

      at Object.log (src/lib/decision-engine/providers/commission/__tests__/commission-provider.performance.test.ts:99:13)

    console.log
        Average time: 0.03ms

      at Object.log (src/lib/decision-engine/providers/commission/__tests__/commission-provider.performance.test.ts:100:13)

    console.log
        Throughput: 32263 evaluations/second

      at Object.log (src/lib/decision-engine/providers/commission/__tests__/commission-provider.performance.test.ts:101:13)

PASS src/__tests__/beauty-spa-phase2-schema.test.ts
  ΓùÅ Console

    console.log
      Γùç injected env (9) from .env.local // tip: Γîü auth for agents [www.vestauth.com]

      at _log (node_modules/dotenv/lib/main.js:131:11)

    console.log
      [Jest Setup] SUPABASE_SERVICE_ROLE_KEY loaded: sb_secret_Dm... (41 chars)

      at Object.log (jest.setup.ts:10:9)

PASS src/__tests__/ktv-rating.test.ts
  ΓùÅ Console

    console.log
      Γùç injected env (9) from .env.local // tip: Γîÿ custom filepath { path: '/custom/path/.env' }

      at _log (node_modules/dotenv/lib/main.js:131:11)

    console.log
      [Jest Setup] SUPABASE_SERVICE_ROLE_KEY loaded: sb_secret_Dm... (41 chars)

      at Object.log (jest.setup.ts:10:9)

PASS src/__tests__/accounting-outbox-helper.test.ts
  ΓùÅ Console

    console.log
      Γùç injected env (9) from .env.local // tip: Γîÿ enable debugging { debug: true }

      at _log (node_modules/dotenv/lib/main.js:131:11)

    console.log
      [Jest Setup] SUPABASE_SERVICE_ROLE_KEY loaded: sb_secret_Dm... (41 chars)

      at Object.log (jest.setup.ts:10:9)

    console.log
      [accounting-outbox] Enqueued/reused PACKAGE_SALE for REVENUE:revenue-1

      at log (src/lib/accounting-outbox.ts:166:13)

    console.error
      [accounting-outbox] Failed to enqueue PACKAGE_SALE for REVENUE:revenue-1: outbox unavailable

      155 |
      156 |     if (error) {
    > 157 |       console.error('%s Failed to enqueue %s for %s:%s:', logPrefix, params.eventType, params.referenceType, params.referenceId, error.message);
          |               ^
      158 |       return false;
      159 |     }
      160 |

      at error (src/lib/accounting-outbox.ts:157:15)
      at Object.<anonymous> (src/__tests__/accounting-outbox-helper.test.ts:41:5)

    console.error
      [accounting-outbox] Failed to enqueue PACKAGE_SALE for REVENUE:revenue-1: missing outbox id

      160 |
      161 |     if (!outboxId) {
    > 162 |       console.error(`${logPrefix} Failed to enqueue ${params.eventType} for ${params.referenceType}:${params.referenceId}: missing outbox id`);
          |               ^
      163 |       return false;
      164 |     }
      165 |

      at error (src/lib/accounting-outbox.ts:162:15)
      at Object.<anonymous> (src/__tests__/accounting-outbox-helper.test.ts:49:5)

    console.warn
      [accounting-outbox] Exception enqueuing PACKAGE_SALE:revenue-1: connection dropped

      168 |   } catch (err: unknown) {
      169 |     const msg = err instanceof Error ? err.message : String(err);
    > 170 |     console.warn('%s Exception enqueuing %s:%s:', logPrefix, params.eventType, params.referenceId, msg);
          |             ^
      171 |     return false;
      172 |   }
      173 | }

      at warn (src/lib/accounting-outbox.ts:170:13)
      at Object.<anonymous> (src/__tests__/accounting-outbox-helper.test.ts:57:5)

PASS src/__tests__/geo.test.ts
  ΓùÅ Console

    console.log
      Γùç injected env (9) from .env.local // tip: Γîÿ multiple files { path: ['.env.local', '.env'] }

      at _log (node_modules/dotenv/lib/main.js:131:11)

    console.log
      [Jest Setup] SUPABASE_SERVICE_ROLE_KEY loaded: sb_secret_Dm... (41 chars)

      at Object.log (jest.setup.ts:10:9)

PASS src/services/intelligence/__tests__/recommendation/service-recommendation.test.ts
  ΓùÅ Console

    console.log
      Γùç injected env (9) from .env.local // tip: Γùê secrets for agents [www.dotenvx.com]

      at _log (node_modules/dotenv/lib/main.js:131:11)

    console.log
      [Jest Setup] SUPABASE_SERVICE_ROLE_KEY loaded: sb_secret_Dm... (41 chars)

      at Object.log (jest.setup.ts:10:9)

PASS src/__tests__/zero-downtime-migrations.test.ts
  ΓùÅ Console

    console.log
      Γùç injected env (9) from .env.local // tip: Γîÿ override existing { override: true }

      at _log (node_modules/dotenv/lib/main.js:131:11)

    console.log
      [Jest Setup] SUPABASE_SERVICE_ROLE_KEY loaded: sb_secret_Dm... (41 chars)

      at Object.log (jest.setup.ts:10:9)

FAIL src/__tests__/supabase-migration-check.test.ts
  ΓùÅ Console

    console.log
      Γùç injected env (9) from .env.local // tip: Γîÿ multiple files { path: ['.env.local', '.env'] }

      at _log (node_modules/dotenv/lib/main.js:131:11)

    console.log
      [Jest Setup] SUPABASE_SERVICE_ROLE_KEY loaded: sb_secret_Dm... (41 chars)

      at Object.log (jest.setup.ts:10:9)

  ΓùÅ Supabase migration check script ΓÇ║ detects remote-only migration drift

    expect(received).toBe(expected) // Object.is equality

    Expected: false
    Received: true

      40 |     );
      41 |
    > 42 |     expect(state.isSynced).toBe(false);
         |                            ^
      43 |     expect(state.pendingLocal).toEqual([]);
      44 |     expect(state.remoteOnly).toEqual(['20260606104500']);
      45 |   });

      at Object.toBe (src/__tests__/supabase-migration-check.test.ts:42:28)

PASS src/__tests__/accounting-worker-cron-smoke.test.ts
  ΓùÅ Console

    console.log
      Γùç injected env (9) from .env.local // tip: Γîÿ custom filepath { path: '/custom/path/.env' }

      at _log (node_modules/dotenv/lib/main.js:131:11)

    console.log
      [Jest Setup] SUPABASE_SERVICE_ROLE_KEY loaded: sb_secret_Dm... (41 chars)

      at Object.log (jest.setup.ts:10:9)

PASS src/lib/decision-engine/providers/commission/__tests__/commission-provider.integration.test.ts
  ΓùÅ Console

    console.log
      Γùç injected env (9) from .env.local // tip: Γîÿ enable debugging { debug: true }

      at _log (node_modules/dotenv/lib/main.js:131:11)

    console.log
      [Jest Setup] SUPABASE_SERVICE_ROLE_KEY loaded: sb_secret_Dm... (41 chars)

      at Object.log (jest.setup.ts:10:9)

PASS src/__tests__/cfo-agent.test.ts
  ΓùÅ Console

    console.log
      Γùç injected env (9) from .env.local // tip: Γîü auth for agents [www.vestauth.com]

      at _log (node_modules/dotenv/lib/main.js:131:11)

    console.log
      [Jest Setup] SUPABASE_SERVICE_ROLE_KEY loaded: sb_secret_Dm... (41 chars)

      at Object.log (jest.setup.ts:10:9)

PASS src/__tests__/booking-resource-schedule-guard.test.ts
  ΓùÅ Console

    console.log
      Γùç injected env (9) from .env.local // tip: Γîü auth for agents [www.vestauth.com]

      at _log (node_modules/dotenv/lib/main.js:131:11)

    console.log
      [Jest Setup] SUPABASE_SERVICE_ROLE_KEY loaded: sb_secret_Dm... (41 chars)

      at Object.log (jest.setup.ts:10:9)

PASS src/__tests__/booking-resource-rules.test.ts
  ΓùÅ Console

    console.log
      Γùç injected env (9) from .env.local // tip: Γùê secrets for agents [www.dotenvx.com]

      at _log (node_modules/dotenv/lib/main.js:131:11)

    console.log
      [Jest Setup] SUPABASE_SERVICE_ROLE_KEY loaded: sb_secret_Dm... (41 chars)

      at Object.log (jest.setup.ts:10:9)

PASS src/__tests__/settings-billing-permissions.test.ts
  ΓùÅ Console

    console.log
      Γùç injected env (9) from .env.local // tip: Γîÿ multiple files { path: ['.env.local', '.env'] }

      at _log (node_modules/dotenv/lib/main.js:131:11)

    console.log
      [Jest Setup] SUPABASE_SERVICE_ROLE_KEY loaded: sb_secret_Dm... (41 chars)

      at Object.log (jest.setup.ts:10:9)

PASS src/__tests__/lib-promotions.test.ts
  ΓùÅ Console

    console.log
      Γùç injected env (9) from .env.local // tip: Γîü auth for agents [www.vestauth.com]

      at _log (node_modules/dotenv/lib/main.js:131:11)

    console.log
      [Jest Setup] SUPABASE_SERVICE_ROLE_KEY loaded: sb_secret_Dm... (41 chars)

      at Object.log (jest.setup.ts:10:9)

PASS src/__tests__/integration/service-commission-flow.test.ts
  ΓùÅ Console

    console.log
      Γùç injected env (9) from .env.local // tip: Γîÿ custom filepath { path: '/custom/path/.env' }

      at _log (node_modules/dotenv/lib/main.js:131:11)

    console.log
      [Jest Setup] SUPABASE_SERVICE_ROLE_KEY loaded: sb_secret_Dm... (41 chars)

      at Object.log (jest.setup.ts:10:9)

PASS src/__tests__/supabase-data-access-check.test.ts
  ΓùÅ Console

    console.log
      Γùç injected env (9) from .env.local // tip: Γîÿ enable debugging { debug: true }

      at _log (node_modules/dotenv/lib/main.js:131:11)

    console.log
      [Jest Setup] SUPABASE_SERVICE_ROLE_KEY loaded: sb_secret_Dm... (41 chars)

      at Object.log (jest.setup.ts:10:9)

PASS src/__tests__/subscription-quota-schema.test.ts
  ΓùÅ Console

    console.log
      Γùç injected env (9) from .env.local // tip: Γîÿ custom filepath { path: '/custom/path/.env' }

      at _log (node_modules/dotenv/lib/main.js:131:11)

    console.log
      [Jest Setup] SUPABASE_SERVICE_ROLE_KEY loaded: sb_secret_Dm... (41 chars)

      at Object.log (jest.setup.ts:10:9)

PASS src/__tests__/beauty-demo-tenant-script.test.ts
  ΓùÅ Console

    console.log
      Γùç injected env (9) from .env.local // tip: Γîÿ override existing { override: true }

      at _log (node_modules/dotenv/lib/main.js:131:11)

    console.log
      [Jest Setup] SUPABASE_SERVICE_ROLE_KEY loaded: sb_secret_Dm... (41 chars)

      at Object.log (jest.setup.ts:10:9)

PASS src/__tests__/portal-chat-utils.test.ts
  ΓùÅ Console

    console.log
      Γùç injected env (9) from .env.local // tip: Γîÿ enable debugging { debug: true }

      at _log (node_modules/dotenv/lib/main.js:131:11)

    console.log
      [Jest Setup] SUPABASE_SERVICE_ROLE_KEY loaded: sb_secret_Dm... (41 chars)

      at Object.log (jest.setup.ts:10:9)

PASS src/__tests__/accounting-outbox-idempotency.test.ts
  ΓùÅ Console

    console.log
      Γùç injected env (9) from .env.local // tip: Γîÿ override existing { override: true }

      at _log (node_modules/dotenv/lib/main.js:131:11)

    console.log
      [Jest Setup] SUPABASE_SERVICE_ROLE_KEY loaded: sb_secret_Dm... (41 chars)

      at Object.log (jest.setup.ts:10:9)

PASS src/__tests__/hq-ui-layout-guards.test.ts
  ΓùÅ Console

    console.log
      Γùç injected env (9) from .env.local // tip: Γîÿ override existing { override: true }

      at _log (node_modules/dotenv/lib/main.js:131:11)

    console.log
      [Jest Setup] SUPABASE_SERVICE_ROLE_KEY loaded: sb_secret_Dm... (41 chars)

      at Object.log (jest.setup.ts:10:9)

PASS src/__tests__/hq-subscription-ui.test.ts
  ΓùÅ Console

    console.log
      Γùç injected env (9) from .env.local // tip: Γîÿ suppress logs { quiet: true }

      at _log (node_modules/dotenv/lib/main.js:131:11)

    console.log
      [Jest Setup] SUPABASE_SERVICE_ROLE_KEY loaded: sb_secret_Dm... (41 chars)

      at Object.log (jest.setup.ts:10:9)

PASS src/__tests__/supabase-rpc-grants-check.test.ts
  ΓùÅ Console

    console.log
      Γùç injected env (9) from .env.local // tip: Γîÿ custom filepath { path: '/custom/path/.env' }

      at _log (node_modules/dotenv/lib/main.js:131:11)

    console.log
      [Jest Setup] SUPABASE_SERVICE_ROLE_KEY loaded: sb_secret_Dm... (41 chars)

      at Object.log (jest.setup.ts:10:9)

PASS src/__tests__/booking-package-module-scope.test.ts
  ΓùÅ Console

    console.log
      Γùç injected env (9) from .env.local // tip: Γùê encrypted .env [www.dotenvx.com]

      at _log (node_modules/dotenv/lib/main.js:131:11)

    console.log
      [Jest Setup] SUPABASE_SERVICE_ROLE_KEY loaded: sb_secret_Dm... (41 chars)

      at Object.log (jest.setup.ts:10:9)

PASS src/__tests__/public-promotions-ui.test.ts
  ΓùÅ Console

    console.log
      Γùç injected env (9) from .env.local // tip: Γùê secrets for agents [www.dotenvx.com]

      at _log (node_modules/dotenv/lib/main.js:131:11)

    console.log
      [Jest Setup] SUPABASE_SERVICE_ROLE_KEY loaded: sb_secret_Dm... (41 chars)

      at Object.log (jest.setup.ts:10:9)

PASS src/__tests__/customer-list-rules.test.ts
  ΓùÅ Console

    console.log
      Γùç injected env (9) from .env.local // tip: Γîü auth for agents [www.vestauth.com]

      at _log (node_modules/dotenv/lib/main.js:131:11)

    console.log
      [Jest Setup] SUPABASE_SERVICE_ROLE_KEY loaded: sb_secret_Dm... (41 chars)

      at Object.log (jest.setup.ts:10:9)

PASS src/__tests__/accounting-error-message.test.ts
  ΓùÅ Console

    console.log
      Γùç injected env (9) from .env.local // tip: Γîÿ multiple files { path: ['.env.local', '.env'] }

      at _log (node_modules/dotenv/lib/main.js:131:11)

    console.log
      [Jest Setup] SUPABASE_SERVICE_ROLE_KEY loaded: sb_secret_Dm... (41 chars)

      at Object.log (jest.setup.ts:10:9)

PASS src/lib/decision-engine/providers/commission/__tests__/commission-provider.edge.test.ts
  ΓùÅ Console

    console.log
      Γùç injected env (9) from .env.local // tip: Γîÿ enable debugging { debug: true }

      at _log (node_modules/dotenv/lib/main.js:131:11)

    console.log
      [Jest Setup] SUPABASE_SERVICE_ROLE_KEY loaded: sb_secret_Dm... (41 chars)

      at Object.log (jest.setup.ts:10:9)

PASS src/__tests__/accounting-ledger-boundary.test.ts
  ΓùÅ Console

    console.log
      Γùç injected env (9) from .env.local // tip: Γîü auth for agents [www.vestauth.com]

      at _log (node_modules/dotenv/lib/main.js:131:11)

    console.log
      [Jest Setup] SUPABASE_SERVICE_ROLE_KEY loaded: sb_secret_Dm... (41 chars)

      at Object.log (jest.setup.ts:10:9)

PASS src/__tests__/booking-resource-actions.test.ts
  ΓùÅ Console

    console.log
      Γùç injected env (9) from .env.local // tip: Γîÿ multiple files { path: ['.env.local', '.env'] }

      at _log (node_modules/dotenv/lib/main.js:131:11)

    console.log
      [Jest Setup] SUPABASE_SERVICE_ROLE_KEY loaded: sb_secret_Dm... (41 chars)

      at Object.log (jest.setup.ts:10:9)

PASS src/__tests__/salary-surface-parity.test.ts
  ΓùÅ Console

    console.log
      Γùç injected env (9) from .env.local // tip: Γùê encrypted .env [www.dotenvx.com]

      at _log (node_modules/dotenv/lib/main.js:131:11)

    console.log
      [Jest Setup] SUPABASE_SERVICE_ROLE_KEY loaded: sb_secret_Dm... (41 chars)

      at Object.log (jest.setup.ts:10:9)

    console.log
      [getSalaryReconciliationReport] BEFORE set_session_tenant - tenant_id: tenant-1

      at log (src/core/services/accounting/reports.ts:690:11)

    console.log
      [getSalaryReconciliationReport] AFTER set_session_tenant - error: null

      at log (src/core/services/accounting/reports.ts:696:11)

PASS src/__tests__/accounting-outbox.test.ts
  ΓùÅ Console

    console.log
      Γùç injected env (9) from .env.local // tip: Γùê encrypted .env [www.dotenvx.com]

      at _log (node_modules/dotenv/lib/main.js:131:11)

    console.log
      [Jest Setup] SUPABASE_SERVICE_ROLE_KEY loaded: sb_secret_Dm... (41 chars)

      at Object.log (jest.setup.ts:10:9)

    console.warn
      [Accounting Worker] Unauthorized trigger attempt.

      348 |   const authHeader = req.headers.get('Authorization');
      349 |   if (!authHeader || authHeader !== `Bearer ${secret}`) {
    > 350 |     console.warn('[Accounting Worker] Unauthorized trigger attempt.');
          |             ^
      351 |     return NextResponse.json(
      352 |       { success: false, error: 'Kh├┤ng ─æ╞░ß╗úc ph├⌐p truy cß║¡p (Unauthorized).' },
      353 |       { status: 401 }

      at warn (src/app/api/cron/accounting-worker/route.ts:350:13)
      at Object.<anonymous> (src/__tests__/accounting-outbox.test.ts:124:33)

    console.warn
      [Accounting Worker] Unauthorized trigger attempt.

      348 |   const authHeader = req.headers.get('Authorization');
      349 |   if (!authHeader || authHeader !== `Bearer ${secret}`) {
    > 350 |     console.warn('[Accounting Worker] Unauthorized trigger attempt.');
          |             ^
      351 |     return NextResponse.json(
      352 |       { success: false, error: 'Kh├┤ng ─æ╞░ß╗úc ph├⌐p truy cß║¡p (Unauthorized).' },
      353 |       { status: 401 }

      at warn (src/app/api/cron/accounting-worker/route.ts:350:13)
      at Object.<anonymous> (src/__tests__/accounting-outbox.test.ts:140:33)

    console.log
      [Accounting Worker] Started scanning outbox queue...

      at log (src/app/api/cron/accounting-worker/route.ts:357:11)

    console.log
      [Accounting Worker] No pending outbox events found.

      at log (src/app/api/cron/accounting-worker/route.ts:392:15)

    console.log
      [Accounting Worker] Started scanning outbox queue...

      at log (src/app/api/cron/accounting-worker/route.ts:357:11)

    console.error
      [Accounting Worker] Failed to claim outbox batch: { message: 'claim rpc unavailable' }

      368 |
      369 |     if (claimError) {
    > 370 |       console.error('[Accounting Worker] Failed to claim outbox batch:', claimError);
          |               ^
      371 |       const workerRunLogError = await safelyRecordWorkerRun(supabase, buildWorkerRunInsert({
      372 |         status: 'claim_failed',
      373 |         startedAt,

      at error (src/app/api/cron/accounting-worker/route.ts:370:15)
      at Object.<anonymous> (src/__tests__/accounting-outbox.test.ts:186:24)

    console.log
      [Accounting Worker] Started scanning outbox queue...

      at log (src/app/api/cron/accounting-worker/route.ts:357:11)

    console.log
      [Accounting Worker] No pending outbox events found.

      at log (src/app/api/cron/accounting-worker/route.ts:392:15)

    console.log
      [Accounting Worker] Started scanning outbox queue...

      at log (src/app/api/cron/accounting-worker/route.ts:357:11)

    console.error
      [Accounting Worker] Critical exception: Error: NEXT_PUBLIC_SUPABASE_URL or SUPABASE_URL and SUPABASE_SECRET_KEY or SUPABASE_SERVICE_ROLE_KEY must be set.
          at requireSupabaseAdminEnv (D:\Antigravity\Projects\BELLA SPA ERP\src\lib\supabase-admin-env.ts:28:11)
          at getAdminClient (D:\Antigravity\Projects\BELLA SPA ERP\src\app\api\cron\accounting-worker\route.ts:36:52)
          at getAdminClient (D:\Antigravity\Projects\BELLA SPA ERP\src\app\api\cron\accounting-worker\route.ts:362:16)
          at Object.<anonymous> (D:\Antigravity\Projects\BELLA SPA ERP\src\__tests__\accounting-outbox.test.ts:234:33)
          at Promise.finally.completed (D:\Antigravity\Projects\BELLA SPA ERP\node_modules\jest-circus\build\jestAdapterInit.js:1561:28)
          at new Promise (<anonymous>)
          at callAsyncCircusFn (D:\Antigravity\Projects\BELLA SPA ERP\node_modules\jest-circus\build\jestAdapterInit.js:1501:10)
          at _callCircusTest (D:\Antigravity\Projects\BELLA SPA ERP\node_modules\jest-circus\build\jestAdapterInit.js:1011:40)
          at processTicksAndRejections (node:internal/process/task_queues:104:5)
          at _runTest (D:\Antigravity\Projects\BELLA SPA ERP\node_modules\jest-circus\build\jestAdapterInit.js:951:3)
          at D:\Antigravity\Projects\BELLA SPA ERP\node_modules\jest-circus\build\jestAdapterInit.js:853:7
          at _runTestsForDescribeBlock (D:\Antigravity\Projects\BELLA SPA ERP\node_modules\jest-circus\build\jestAdapterInit.js:866:11)
          at _runTestsForDescribeBlock (D:\Antigravity\Projects\BELLA SPA ERP\node_modules\jest-circus\build\jestAdapterInit.js:861:11)
          at _runTestsForDescribeBlock (D:\Antigravity\Projects\BELLA SPA ERP\node_modules\jest-circus\build\jestAdapterInit.js:861:11)
          at run (D:\Antigravity\Projects\BELLA SPA ERP\node_modules\jest-circus\build\jestAdapterInit.js:765:3)
          at runAndTransformResultsToJestFormat (D:\Antigravity\Projects\BELLA SPA ERP\node_modules\jest-circus\build\jestAdapterInit.js:1993:21)
          at jestAdapter (D:\Antigravity\Projects\BELLA SPA ERP\node_modules\jest-circus\build\runner.js:111:19)
          at runTestInternal (D:\Antigravity\Projects\BELLA SPA ERP\node_modules\jest-runner\build\testWorker.js:276:16)
          at runTest (D:\Antigravity\Projects\BELLA SPA ERP\node_modules\jest-runner\build\testWorker.js:344:7)
          at Object.worker (D:\Antigravity\Projects\BELLA SPA ERP\node_modules\jest-runner\build\testWorker.js:498:12)

      713 |
      714 |   } catch (globalErr: unknown) {
    > 715 |     console.error('[Accounting Worker] Critical exception:', globalErr);
          |             ^
      716 |     const errorMessage = getErrorMessage(globalErr) || 'Lß╗ùi hß╗ç thß╗æng khi chß║íy worker.';
      717 |     const workerRunLogError = supabase
      718 |       ? await safelyRecordWorkerRun(supabase, buildWorkerRunInsert({

      at error (src/app/api/cron/accounting-worker/route.ts:715:13)
      at Object.<anonymous> (src/__tests__/accounting-outbox.test.ts:234:33)

    console.log
      [Accounting Worker] Started scanning outbox queue...

      at log (src/app/api/cron/accounting-worker/route.ts:357:11)

    console.log
      [Accounting Worker] Claimed 2 events for processing.

      at log (src/app/api/cron/accounting-worker/route.ts:409:13)

    console.log
      [Accounting Worker] Processing event outbox-id-1 | Type: PACKAGE_SALE | Tenant: tenant-uuid-1

      at log (src/app/api/cron/accounting-worker/route.ts:426:17)

    console.log
      [Accounting Worker] Event outbox-id-1 processed successfully. Entry: journal-entry-1

      at log (src/app/api/cron/accounting-worker/route.ts:612:19)

    console.log
      [Accounting Worker] Processing event outbox-id-2 | Type: SESSION_DONE | Tenant: tenant-uuid-1

      at log (src/app/api/cron/accounting-worker/route.ts:426:17)

    console.log
      [Accounting Worker] Event outbox-id-2 processed successfully. Entry: journal-entry-2

      at log (src/app/api/cron/accounting-worker/route.ts:612:19)

    console.log
      [Accounting Worker] Finished batch. Success: 2, Dead-lettered: 0, Failures: 0

      at log (src/app/api/cron/accounting-worker/route.ts:673:13)

    console.log
      [Accounting Worker] Started scanning outbox queue...

      at log (src/app/api/cron/accounting-worker/route.ts:357:11)

    console.log
      [Accounting Worker] Claimed 1 events for processing.

      at log (src/app/api/cron/accounting-worker/route.ts:409:13)

    console.log
      [Accounting Worker] Processing event outbox-stale-session | Type: SESSION_DONE | Tenant: tenant-uuid-1

      at log (src/app/api/cron/accounting-worker/route.ts:426:17)

    console.warn
      [Accounting Worker] Stale SESSION_DONE outbox: session ref-stale-session is scheduled, not completed.

      440 |             }
      441 |
    > 442 |             console.warn(`[Accounting Worker] ${staleReason}`);
          |                     ^
      443 |             deadLetterCount++;
      444 |             details.push({
      445 |               eventId: event.id,

      at warn (src/app/api/cron/accounting-worker/route.ts:442:21)
      at Object.<anonymous> (src/__tests__/accounting-outbox.test.ts:420:24)

    console.log
      [Accounting Worker] Finished batch. Success: 0, Dead-lettered: 1, Failures: 0

      at log (src/app/api/cron/accounting-worker/route.ts:673:13)

    console.log
      [Accounting Worker] Started scanning outbox queue...

      at log (src/app/api/cron/accounting-worker/route.ts:357:11)

    console.log
      [Accounting Worker] Claimed 1 events for processing.

      at log (src/app/api/cron/accounting-worker/route.ts:409:13)

    console.log
      [Accounting Worker] Processing event outbox-clearing-1 | Type: INTER_BRANCH_CLEARING | Tenant: branch-a-id

      at log (src/app/api/cron/accounting-worker/route.ts:426:17)

    console.log
      [Accounting Worker] Event outbox-clearing-1 processed successfully. Entry: journal-clearing-1

      at log (src/app/api/cron/accounting-worker/route.ts:612:19)

    console.log
      [Accounting Worker] Finished batch. Success: 1, Dead-lettered: 0, Failures: 0

      at log (src/app/api/cron/accounting-worker/route.ts:673:13)

    console.log
      [Accounting Worker] Started scanning outbox queue...

      at log (src/app/api/cron/accounting-worker/route.ts:357:11)

    console.log
      [Accounting Worker] Claimed 4 events for processing.

      at log (src/app/api/cron/accounting-worker/route.ts:409:13)

    console.log
      [Accounting Worker] Processing event outbox-id-3 | Type: EXPENSE_RECORDED | Tenant: tenant-uuid-1

      at log (src/app/api/cron/accounting-worker/route.ts:426:17)

    console.log
      [Accounting Worker] Event outbox-id-3 processed successfully. Entry: je-3

      at log (src/app/api/cron/accounting-worker/route.ts:612:19)

    console.log
      [Accounting Worker] Processing event outbox-id-4 | Type: SALARY_PAID | Tenant: tenant-uuid-1

      at log (src/app/api/cron/accounting-worker/route.ts:426:17)

    console.log
      [Accounting Worker] Event outbox-id-4 processed successfully. Entry: je-4

      at log (src/app/api/cron/accounting-worker/route.ts:612:19)

    console.log
      [Accounting Worker] Processing event outbox-id-5 | Type: INVENTORY_CONSUMED | Tenant: tenant-uuid-1

      at log (src/app/api/cron/accounting-worker/route.ts:426:17)

    console.log
      [Accounting Worker] Event outbox-id-5 processed successfully. Entry: je-5

      at log (src/app/api/cron/accounting-worker/route.ts:612:19)

    console.log
      [Accounting Worker] Processing event outbox-id-6 | Type: REFUND_ISSUED | Tenant: tenant-uuid-1

      at log (src/app/api/cron/accounting-worker/route.ts:426:17)

    console.log
      [Accounting Worker] Event outbox-id-6 processed successfully. Entry: je-6

      at log (src/app/api/cron/accounting-worker/route.ts:612:19)

    console.log
      [Accounting Worker] Finished batch. Success: 4, Dead-lettered: 0, Failures: 0

      at log (src/app/api/cron/accounting-worker/route.ts:673:13)

    console.log
      [Accounting Worker] Started scanning outbox queue...

      at log (src/app/api/cron/accounting-worker/route.ts:357:11)

    console.log
      [Accounting Worker] Claimed 1 events for processing.

      at log (src/app/api/cron/accounting-worker/route.ts:409:13)

    console.log
      [Accounting Worker] Processing event outbox-manual-1 | Type: MANUAL_ENTRY | Tenant: tenant-uuid-1

      at log (src/app/api/cron/accounting-worker/route.ts:426:17)

    console.log
      [Accounting Worker] Event outbox-manual-1 processed successfully. Entry: journal-manual-1

      at log (src/app/api/cron/accounting-worker/route.ts:612:19)

    console.log
      [Accounting Worker] Finished batch. Success: 1, Dead-lettered: 0, Failures: 0

      at log (src/app/api/cron/accounting-worker/route.ts:673:13)

    console.log
      [Accounting Worker] Started scanning outbox queue...

      at log (src/app/api/cron/accounting-worker/route.ts:357:11)

    console.log
      [Accounting Worker] Claimed 1 events for processing.

      at log (src/app/api/cron/accounting-worker/route.ts:409:13)

    console.log
      [Accounting Worker] Processing event outbox-fail-1 | Type: PACKAGE_SALE | Tenant: tenant-uuid-1

      at log (src/app/api/cron/accounting-worker/route.ts:426:17)

    console.error
      [Accounting Worker] Error processing event outbox-fail-1: Error: Mß║Ñt kß║┐t nß╗æi t├ái khoß║ún COA
          at Object.<anonymous> (D:\Antigravity\Projects\BELLA SPA ERP\src\__tests__\accounting-outbox.test.ts:652:88)
          at Promise.finally.completed (D:\Antigravity\Projects\BELLA SPA ERP\node_modules\jest-circus\build\jestAdapterInit.js:1561:28)
          at new Promise (<anonymous>)
          at callAsyncCircusFn (D:\Antigravity\Projects\BELLA SPA ERP\node_modules\jest-circus\build\jestAdapterInit.js:1501:10)
          at _callCircusTest (D:\Antigravity\Projects\BELLA SPA ERP\node_modules\jest-circus\build\jestAdapterInit.js:1011:40)
          at processTicksAndRejections (node:internal/process/task_queues:104:5)
          at _runTest (D:\Antigravity\Projects\BELLA SPA ERP\node_modules\jest-circus\build\jestAdapterInit.js:951:3)
          at D:\Antigravity\Projects\BELLA SPA ERP\node_modules\jest-circus\build\jestAdapterInit.js:853:7
          at _runTestsForDescribeBlock (D:\Antigravity\Projects\BELLA SPA ERP\node_modules\jest-circus\build\jestAdapterInit.js:866:11)
          at _runTestsForDescribeBlock (D:\Antigravity\Projects\BELLA SPA ERP\node_modules\jest-circus\build\jestAdapterInit.js:861:11)
          at _runTestsForDescribeBlock (D:\Antigravity\Projects\BELLA SPA ERP\node_modules\jest-circus\build\jestAdapterInit.js:861:11)
          at run (D:\Antigravity\Projects\BELLA SPA ERP\node_modules\jest-circus\build\jestAdapterInit.js:765:3)
          at runAndTransformResultsToJestFormat (D:\Antigravity\Projects\BELLA SPA ERP\node_modules\jest-circus\build\jestAdapterInit.js:1993:21)
          at jestAdapter (D:\Antigravity\Projects\BELLA SPA ERP\node_modules\jest-circus\build\runner.js:111:19)
          at runTestInternal (D:\Antigravity\Projects\BELLA SPA ERP\node_modules\jest-runner\build\testWorker.js:276:16)
          at runTest (D:\Antigravity\Projects\BELLA SPA ERP\node_modules\jest-runner\build\testWorker.js:344:7)
          at Object.worker (D:\Antigravity\Projects\BELLA SPA ERP\node_modules\jest-runner\build\testWorker.js:498:12)

      638 |
      639 |       } catch (err: unknown) {
    > 640 |         console.error('[Accounting Worker] Error processing event %s:', event.id, err);
          |                 ^
      641 |         failureCount++;
      642 |
      643 |         // Cß║¡p nhß║¡t trß║íng th├íi FAILED (exponential backoff)

      at error (src/app/api/cron/accounting-worker/route.ts:640:17)
      at Object.<anonymous> (src/__tests__/accounting-outbox.test.ts:662:24)

    console.log
      [Accounting Worker] Finished batch. Success: 0, Dead-lettered: 0, Failures: 1

      at log (src/app/api/cron/accounting-worker/route.ts:673:13)

    console.log
      [Accounting Worker] Started scanning outbox queue...

      at log (src/app/api/cron/accounting-worker/route.ts:357:11)

    console.log
      [Accounting Worker] Claimed 1 events for processing.

      at log (src/app/api/cron/accounting-worker/route.ts:409:13)

    console.log
      [Accounting Worker] Processing event outbox-invalid-payload-1 | Type: PACKAGE_SALE | Tenant: tenant-uuid-1

      at log (src/app/api/cron/accounting-worker/route.ts:426:17)

    console.error
      [Accounting Worker] Error processing event outbox-invalid-payload-1: Error: Invalid outbox payload: totalAmount must be a number.
          at readRequiredNumber (D:\Antigravity\Projects\BELLA SPA ERP\src\app\api\cron\accounting-worker\route.ts:153:9)
          at readRequiredNumber (D:\Antigravity\Projects\BELLA SPA ERP\src\app\api\cron\accounting-worker\route.ts:509:28)
          at processTicksAndRejections (node:internal/process/task_queues:104:5)
          at Object.<anonymous> (D:\Antigravity\Projects\BELLA SPA ERP\src\__tests__\accounting-outbox.test.ts:701:24)

      638 |
      639 |       } catch (err: unknown) {
    > 640 |         console.error('[Accounting Worker] Error processing event %s:', event.id, err);
          |                 ^
      641 |         failureCount++;
      642 |
      643 |         // Cß║¡p nhß║¡t trß║íng th├íi FAILED (exponential backoff)

      at error (src/app/api/cron/accounting-worker/route.ts:640:17)
      at Object.<anonymous> (src/__tests__/accounting-outbox.test.ts:701:24)

    console.log
      [Accounting Worker] Finished batch. Success: 0, Dead-lettered: 0, Failures: 1

      at log (src/app/api/cron/accounting-worker/route.ts:673:13)

    console.log
      [Accounting Worker] Started scanning outbox queue...

      at log (src/app/api/cron/accounting-worker/route.ts:357:11)

    console.log
      [Accounting Worker] Claimed 1 events for processing.

      at log (src/app/api/cron/accounting-worker/route.ts:409:13)

    console.log
      [Accounting Worker] Processing event outbox-critical-1 | Type: PACKAGE_SALE | Tenant: tenant-uuid-1

      at log (src/app/api/cron/accounting-worker/route.ts:426:17)

    console.error
      [Accounting Worker] Error processing event outbox-critical-1: Error: COA unavailable
          at Object.<anonymous> (D:\Antigravity\Projects\BELLA SPA ERP\src\__tests__\accounting-outbox.test.ts:735:88)
          at Promise.finally.completed (D:\Antigravity\Projects\BELLA SPA ERP\node_modules\jest-circus\build\jestAdapterInit.js:1561:28)
          at new Promise (<anonymous>)
          at callAsyncCircusFn (D:\Antigravity\Projects\BELLA SPA ERP\node_modules\jest-circus\build\jestAdapterInit.js:1501:10)
          at _callCircusTest (D:\Antigravity\Projects\BELLA SPA ERP\node_modules\jest-circus\build\jestAdapterInit.js:1011:40)
          at processTicksAndRejections (node:internal/process/task_queues:104:5)
          at _runTest (D:\Antigravity\Projects\BELLA SPA ERP\node_modules\jest-circus\build\jestAdapterInit.js:951:3)
          at D:\Antigravity\Projects\BELLA SPA ERP\node_modules\jest-circus\build\jestAdapterInit.js:853:7
          at _runTestsForDescribeBlock (D:\Antigravity\Projects\BELLA SPA ERP\node_modules\jest-circus\build\jestAdapterInit.js:866:11)
          at _runTestsForDescribeBlock (D:\Antigravity\Projects\BELLA SPA ERP\node_modules\jest-circus\build\jestAdapterInit.js:861:11)
          at _runTestsForDescribeBlock (D:\Antigravity\Projects\BELLA SPA ERP\node_modules\jest-circus\build\jestAdapterInit.js:861:11)
          at run (D:\Antigravity\Projects\BELLA SPA ERP\node_modules\jest-circus\build\jestAdapterInit.js:765:3)
          at runAndTransformResultsToJestFormat (D:\Antigravity\Projects\BELLA SPA ERP\node_modules\jest-circus\build\jestAdapterInit.js:1993:21)
          at jestAdapter (D:\Antigravity\Projects\BELLA SPA ERP\node_modules\jest-circus\build\runner.js:111:19)
          at runTestInternal (D:\Antigravity\Projects\BELLA SPA ERP\node_modules\jest-runner\build\testWorker.js:276:16)
          at runTest (D:\Antigravity\Projects\BELLA SPA ERP\node_modules\jest-runner\build\testWorker.js:344:7)
          at Object.worker (D:\Antigravity\Projects\BELLA SPA ERP\node_modules\jest-runner\build\testWorker.js:498:12)

      638 |
      639 |       } catch (err: unknown) {
    > 640 |         console.error('[Accounting Worker] Error processing event %s:', event.id, err);
          |                 ^
      641 |         failureCount++;
      642 |
      643 |         // Cß║¡p nhß║¡t trß║íng th├íi FAILED (exponential backoff)

      at error (src/app/api/cron/accounting-worker/route.ts:640:17)
      at Object.<anonymous> (src/__tests__/accounting-outbox.test.ts:745:24)

    console.error
      [Accounting Worker] Critical: Failed to mark outbox as failed for outbox-critical-1: { message: 'failed-state write unavailable' }

      649 |
      650 |         if (failErr) {
    > 651 |           console.error('[Accounting Worker] Critical: Failed to mark outbox as failed for %s:', event.id, failErr);
          |                   ^
      652 |           criticalFailureCount++;
      653 |           details.push({
      654 |             eventId: event.id,

      at error (src/app/api/cron/accounting-worker/route.ts:651:19)
      at Object.<anonymous> (src/__tests__/accounting-outbox.test.ts:745:24)

    console.log
      [Accounting Worker] Finished batch. Success: 0, Dead-lettered: 0, Failures: 1

      at log (src/app/api/cron/accounting-worker/route.ts:673:13)

    console.log
      [Accounting Worker] Started scanning outbox queue...

      at log (src/app/api/cron/accounting-worker/route.ts:357:11)

    console.log
      [Accounting Worker] Claimed 1 events for processing.

      at log (src/app/api/cron/accounting-worker/route.ts:409:13)

    console.log
      [Accounting Worker] Processing event outbox-manual-fail-1 | Type: MANUAL_ENTRY | Tenant: tenant-uuid-1

      at log (src/app/api/cron/accounting-worker/route.ts:426:17)

    console.error
      [Accounting Worker] Error processing event outbox-manual-fail-1: Error: journal insert failed
          at Object.<anonymous> (D:\Antigravity\Projects\BELLA SPA ERP\src\__tests__\accounting-outbox.test.ts:788:85)
          at Promise.finally.completed (D:\Antigravity\Projects\BELLA SPA ERP\node_modules\jest-circus\build\jestAdapterInit.js:1561:28)
          at new Promise (<anonymous>)
          at callAsyncCircusFn (D:\Antigravity\Projects\BELLA SPA ERP\node_modules\jest-circus\build\jestAdapterInit.js:1501:10)
          at _callCircusTest (D:\Antigravity\Projects\BELLA SPA ERP\node_modules\jest-circus\build\jestAdapterInit.js:1011:40)
          at processTicksAndRejections (node:internal/process/task_queues:104:5)
          at _runTest (D:\Antigravity\Projects\BELLA SPA ERP\node_modules\jest-circus\build\jestAdapterInit.js:951:3)
          at D:\Antigravity\Projects\BELLA SPA ERP\node_modules\jest-circus\build\jestAdapterInit.js:853:7
          at _runTestsForDescribeBlock (D:\Antigravity\Projects\BELLA SPA ERP\node_modules\jest-circus\build\jestAdapterInit.js:866:11)
          at _runTestsForDescribeBlock (D:\Antigravity\Projects\BELLA SPA ERP\node_modules\jest-circus\build\jestAdapterInit.js:861:11)
          at _runTestsForDescribeBlock (D:\Antigravity\Projects\BELLA SPA ERP\node_modules\jest-circus\build\jestAdapterInit.js:861:11)
          at run (D:\Antigravity\Projects\BELLA SPA ERP\node_modules\jest-circus\build\jestAdapterInit.js:765:3)
          at runAndTransformResultsToJestFormat (D:\Antigravity\Projects\BELLA SPA ERP\node_modules\jest-circus\build\jestAdapterInit.js:1993:21)
          at jestAdapter (D:\Antigravity\Projects\BELLA SPA ERP\node_modules\jest-circus\build\runner.js:111:19)
          at runTestInternal (D:\Antigravity\Projects\BELLA SPA ERP\node_modules\jest-runner\build\testWorker.js:276:16)
          at runTest (D:\Antigravity\Projects\BELLA SPA ERP\node_modules\jest-runner\build\testWorker.js:344:7)
          at Object.worker (D:\Antigravity\Projects\BELLA SPA ERP\node_modules\jest-runner\build\testWorker.js:498:12)

      638 |
      639 |       } catch (err: unknown) {
    > 640 |         console.error('[Accounting Worker] Error processing event %s:', event.id, err);
          |                 ^
      641 |         failureCount++;
      642 |
      643 |         // Cß║¡p nhß║¡t trß║íng th├íi FAILED (exponential backoff)

      at error (src/app/api/cron/accounting-worker/route.ts:640:17)
      at Object.<anonymous> (src/__tests__/accounting-outbox.test.ts:798:24)

    console.log
      [Accounting Worker] Finished batch. Success: 0, Dead-lettered: 0, Failures: 1

      at log (src/app/api/cron/accounting-worker/route.ts:673:13)

    console.log
      [Accounting Worker] Started scanning outbox queue...

      at log (src/app/api/cron/accounting-worker/route.ts:357:11)

    console.log
      [Accounting Worker] Claimed 1 events for processing.

      at log (src/app/api/cron/accounting-worker/route.ts:409:13)

    console.log
      [Accounting Worker] Processing event outbox-complete-fail-1 | Type: PACKAGE_SALE | Tenant: tenant-uuid-1

      at log (src/app/api/cron/accounting-worker/route.ts:426:17)

    console.error
      [Accounting Worker] Error processing event outbox-complete-fail-1: Error: Failed to mark outbox completed: completed-state write unavailable
          at GET (D:\Antigravity\Projects\BELLA SPA ERP\src\app\api\cron\accounting-worker\route.ts:610:19)
          at processTicksAndRejections (node:internal/process/task_queues:104:5)
          at Object.<anonymous> (D:\Antigravity\Projects\BELLA SPA ERP\src\__tests__\accounting-outbox.test.ts:848:24)

      638 |
      639 |       } catch (err: unknown) {
    > 640 |         console.error('[Accounting Worker] Error processing event %s:', event.id, err);
          |                 ^
      641 |         failureCount++;
      642 |
      643 |         // Cß║¡p nhß║¡t trß║íng th├íi FAILED (exponential backoff)

      at error (src/app/api/cron/accounting-worker/route.ts:640:17)
      at Object.<anonymous> (src/__tests__/accounting-outbox.test.ts:848:24)

    console.log
      [Accounting Worker] Finished batch. Success: 0, Dead-lettered: 0, Failures: 1

      at log (src/app/api/cron/accounting-worker/route.ts:673:13)

    console.log
      [Accounting Worker] Started scanning outbox queue...

      at log (src/app/api/cron/accounting-worker/route.ts:357:11)

    console.log
      [Accounting Worker] Claimed 1 events for processing.

      at log (src/app/api/cron/accounting-worker/route.ts:409:13)

    console.log
      [Accounting Worker] Processing event outbox-complete-fail-1 | Type: PACKAGE_SALE | Tenant: tenant-uuid-1

      at log (src/app/api/cron/accounting-worker/route.ts:426:17)

    console.error
      [Accounting Worker] Error processing event outbox-complete-fail-1: Error: Failed to mark outbox completed: completed-state write unavailable
          at GET (D:\Antigravity\Projects\BELLA SPA ERP\src\app\api\cron\accounting-worker\route.ts:610:19)
          at processTicksAndRejections (node:internal/process/task_queues:104:5)
          at Object.<anonymous> (D:\Antigravity\Projects\BELLA SPA ERP\src\__tests__\accounting-outbox.test.ts:939:29)

      638 |
      639 |       } catch (err: unknown) {
    > 640 |         console.error('[Accounting Worker] Error processing event %s:', event.id, err);
          |                 ^
      641 |         failureCount++;
      642 |
      643 |         // Cß║¡p nhß║¡t trß║íng th├íi FAILED (exponential backoff)

      at error (src/app/api/cron/accounting-worker/route.ts:640:17)
      at Object.<anonymous> (src/__tests__/accounting-outbox.test.ts:939:29)

    console.log
      [Accounting Worker] Finished batch. Success: 0, Dead-lettered: 0, Failures: 1

      at log (src/app/api/cron/accounting-worker/route.ts:673:13)

    console.log
      [Accounting Worker] Started scanning outbox queue...

      at log (src/app/api/cron/accounting-worker/route.ts:357:11)

    console.log
      [Accounting Worker] Claimed 1 events for processing.

      at log (src/app/api/cron/accounting-worker/route.ts:409:13)

    console.log
      [Accounting Worker] Processing event outbox-complete-fail-1 | Type: PACKAGE_SALE | Tenant: tenant-uuid-1

      at log (src/app/api/cron/accounting-worker/route.ts:426:17)

    console.log
      [Accounting Worker] Event outbox-complete-fail-1 completed from existing journal journal-complete-fail.

      at log (src/app/api/cron/accounting-worker/route.ts:491:19)

    console.log
      [Accounting Worker] Finished batch. Success: 1, Dead-lettered: 0, Failures: 0

      at log (src/app/api/cron/accounting-worker/route.ts:673:13)

    console.log
      [Accounting Worker] Started scanning outbox queue...

      at log (src/app/api/cron/accounting-worker/route.ts:357:11)

    console.log
      [Accounting Worker] Claimed 1 events for processing.

      at log (src/app/api/cron/accounting-worker/route.ts:409:13)

    console.log
      [Accounting Worker] Processing event outbox-existing-draft-1 | Type: PACKAGE_SALE | Tenant: tenant-uuid-1

      at log (src/app/api/cron/accounting-worker/route.ts:426:17)

    console.error
      [Accounting Worker] Error processing event outbox-existing-draft-1: Error: Existing active journal journal-draft-1 for PACKAGE_SALE:ref-existing-draft-1 is DRAFT, not POSTED.
          at GET (D:\Antigravity\Projects\BELLA SPA ERP\src\app\api\cron\accounting-worker\route.ts:481:19)
          at processTicksAndRejections (node:internal/process/task_queues:104:5)
          at Object.<anonymous> (D:\Antigravity\Projects\BELLA SPA ERP\src\__tests__\accounting-outbox.test.ts:1030:24)

      638 |
      639 |       } catch (err: unknown) {
    > 640 |         console.error('[Accounting Worker] Error processing event %s:', event.id, err);
          |                 ^
      641 |         failureCount++;
      642 |
      643 |         // Cß║¡p nhß║¡t trß║íng th├íi FAILED (exponential backoff)

      at error (src/app/api/cron/accounting-worker/route.ts:640:17)
      at Object.<anonymous> (src/__tests__/accounting-outbox.test.ts:1030:24)

    console.log
      [Accounting Worker] Finished batch. Success: 0, Dead-lettered: 0, Failures: 1

      at log (src/app/api/cron/accounting-worker/route.ts:673:13)

    console.log
      [Accounting Worker] Started scanning outbox queue...

      at log (src/app/api/cron/accounting-worker/route.ts:357:11)

    console.log
      [Accounting Worker] Claimed 2 events for processing.

      at log (src/app/api/cron/accounting-worker/route.ts:409:13)

    console.log
      [Accounting Worker] Processing event outbox-mixed-success | Type: PACKAGE_SALE | Tenant: tenant-uuid-1

      at log (src/app/api/cron/accounting-worker/route.ts:426:17)

    console.log
      [Accounting Worker] Event outbox-mixed-success processed successfully. Entry: journal-mixed-success

      at log (src/app/api/cron/accounting-worker/route.ts:612:19)

    console.log
      [Accounting Worker] Processing event outbox-mixed-failure | Type: SESSION_DONE | Tenant: tenant-uuid-1

      at log (src/app/api/cron/accounting-worker/route.ts:426:17)

    console.error
      [Accounting Worker] Error processing event outbox-mixed-failure: Error: session journal failed
          at Object.<anonymous> (D:\Antigravity\Projects\BELLA SPA ERP\src\__tests__\accounting-outbox.test.ts:1083:88)
          at Promise.finally.completed (D:\Antigravity\Projects\BELLA SPA ERP\node_modules\jest-circus\build\jestAdapterInit.js:1561:28)
          at new Promise (<anonymous>)
          at callAsyncCircusFn (D:\Antigravity\Projects\BELLA SPA ERP\node_modules\jest-circus\build\jestAdapterInit.js:1501:10)
          at _callCircusTest (D:\Antigravity\Projects\BELLA SPA ERP\node_modules\jest-circus\build\jestAdapterInit.js:1011:40)
          at processTicksAndRejections (node:internal/process/task_queues:104:5)
          at _runTest (D:\Antigravity\Projects\BELLA SPA ERP\node_modules\jest-circus\build\jestAdapterInit.js:951:3)
          at D:\Antigravity\Projects\BELLA SPA ERP\node_modules\jest-circus\build\jestAdapterInit.js:853:7
          at _runTestsForDescribeBlock (D:\Antigravity\Projects\BELLA SPA ERP\node_modules\jest-circus\build\jestAdapterInit.js:866:11)
          at _runTestsForDescribeBlock (D:\Antigravity\Projects\BELLA SPA ERP\node_modules\jest-circus\build\jestAdapterInit.js:861:11)
          at _runTestsForDescribeBlock (D:\Antigravity\Projects\BELLA SPA ERP\node_modules\jest-circus\build\jestAdapterInit.js:861:11)
          at run (D:\Antigravity\Projects\BELLA SPA ERP\node_modules\jest-circus\build\jestAdapterInit.js:765:3)
          at runAndTransformResultsToJestFormat (D:\Antigravity\Projects\BELLA SPA ERP\node_modules\jest-circus\build\jestAdapterInit.js:1993:21)
          at jestAdapter (D:\Antigravity\Projects\BELLA SPA ERP\node_modules\jest-circus\build\runner.js:111:19)
          at runTestInternal (D:\Antigravity\Projects\BELLA SPA ERP\node_modules\jest-runner\build\testWorker.js:276:16)
          at runTest (D:\Antigravity\Projects\BELLA SPA ERP\node_modules\jest-runner\build\testWorker.js:344:7)
          at Object.worker (D:\Antigravity\Projects\BELLA SPA ERP\node_modules\jest-runner\build\testWorker.js:498:12)

      638 |
      639 |       } catch (err: unknown) {
    > 640 |         console.error('[Accounting Worker] Error processing event %s:', event.id, err);
          |                 ^
      641 |         failureCount++;
      642 |
      643 |         // Cß║¡p nhß║¡t trß║íng th├íi FAILED (exponential backoff)

      at error (src/app/api/cron/accounting-worker/route.ts:640:17)
      at Object.<anonymous> (src/__tests__/accounting-outbox.test.ts:1093:24)

    console.log
      [Accounting Worker] Finished batch. Success: 1, Dead-lettered: 0, Failures: 1

      at log (src/app/api/cron/accounting-worker/route.ts:673:13)

PASS src/__tests__/business-rule-production-guard.test.ts
  ΓùÅ Console

    console.log
      Γùç injected env (9) from .env.local // tip: Γîÿ suppress logs { quiet: true }

      at _log (node_modules/dotenv/lib/main.js:131:11)

    console.log
      [Jest Setup] SUPABASE_SERVICE_ROLE_KEY loaded: sb_secret_Dm... (41 chars)

      at Object.log (jest.setup.ts:10:9)

PASS src/__tests__/kpi-calculator.test.ts
  ΓùÅ Console

    console.log
      Γùç injected env (9) from .env.local // tip: Γîÿ enable debugging { debug: true }

      at _log (node_modules/dotenv/lib/main.js:131:11)

    console.log
      [Jest Setup] SUPABASE_SERVICE_ROLE_KEY loaded: sb_secret_Dm... (41 chars)

      at Object.log (jest.setup.ts:10:9)

PASS src/__tests__/payment-webhook.test.ts
  ΓùÅ Console

    console.log
      Γùç injected env (9) from .env.local // tip: Γîÿ suppress logs { quiet: true }

      at _log (node_modules/dotenv/lib/main.js:131:11)

    console.log
      [Jest Setup] SUPABASE_SERVICE_ROLE_KEY loaded: sb_secret_Dm... (41 chars)

      at Object.log (jest.setup.ts:10:9)

    console.log
      [Payment Webhook] Received request at: 2026-07-16T07:58:26.991Z

      at log (src/app/api/webhooks/payment/route.ts:320:11)

    console.log
      [Payment Webhook] Request body: {"transferAmount":1000000,"content":"BELLA BK-100","code":"TX123","transactionDate":"2026-06-03T09:00:00.000Z"}

      at log (src/app/api/webhooks/payment/route.ts:346:13)

    console.log
      [Payment Webhook] Extracted transactions count: 1

      at log (src/app/api/webhooks/payment/route.ts:349:13)

    console.log
      [Payment Webhook] Processing Transaction ID: TX123, Amount: 1000000, Desc: "BELLA BK-100"

      at log (src/app/api/webhooks/payment/route.ts:367:15)

    console.log
      [Payment Webhook] Match found! Booking Number: "BK-100"

      at log (src/app/api/webhooks/payment/route.ts:410:15)

    console.log
      [Payment Webhook] Updated Booking status from "deposit_pending" to "booked"

      at log (src/app/api/webhooks/payment/route.ts:508:17)

    console.log
      [Payment Webhook] Successfully inserted revenue ID: revenue-1

      at log (src/app/api/webhooks/payment/route.ts:581:15)

    console.log
      [Payment Webhook] Received request at: 2026-07-16T07:58:27.001Z

      at log (src/app/api/webhooks/payment/route.ts:320:11)

    console.log
      [Payment Webhook] Request body: {"transferAmount":1000000,"content":"BELLA BK-100","code":"TX123","transactionDate":"2026-06-03T09:00:00.000Z"}

      at log (src/app/api/webhooks/payment/route.ts:346:13)

    console.log
      [Payment Webhook] Extracted transactions count: 1

      at log (src/app/api/webhooks/payment/route.ts:349:13)

    console.log
      [Payment Webhook] Processing Transaction ID: TX123, Amount: 1000000, Desc: "BELLA BK-100"

      at log (src/app/api/webhooks/payment/route.ts:367:15)

    console.log
      [Payment Webhook] Match found! Booking Number: "BK-100"

      at log (src/app/api/webhooks/payment/route.ts:410:15)

    console.log
      [Payment Webhook] Skip Transaction TX123: Transaction already processed (Revenue ID: revenue-existing)

      at log (src/app/api/webhooks/payment/route.ts:447:17)

    console.log
      [Payment Webhook] Received request at: 2026-07-16T07:58:27.006Z

      at log (src/app/api/webhooks/payment/route.ts:320:11)

    console.log
      [Payment Webhook] Request body: {"transferAmount":1000000,"content":"BELLA BK-100","code":"TX123","transactionDate":"2026-06-03T09:00:00.000Z"}

      at log (src/app/api/webhooks/payment/route.ts:346:13)

    console.log
      [Payment Webhook] Extracted transactions count: 1

      at log (src/app/api/webhooks/payment/route.ts:349:13)

    console.log
      [Payment Webhook] Processing Transaction ID: TX123, Amount: 1000000, Desc: "BELLA BK-100"

      at log (src/app/api/webhooks/payment/route.ts:367:15)

    console.log
      [Payment Webhook] Match found! Booking Number: "BK-100"

      at log (src/app/api/webhooks/payment/route.ts:410:15)

    console.error
      [Payment Webhook] Failed to ensure side effects for existing revenue "revenue-existing": Failed to enqueue accounting outbox

      440 |         const ensureErr = await ensureWebhookRevenueSideEffects(supabase, booking, existingRevenue, tx);
      441 |         if (ensureErr) {
    > 442 |           console.error('[Payment Webhook] Failed to ensure side effects for existing revenue "%s":', existingRevenue.id, ensureErr);
          |                   ^
      443 |           results.push({ transactionId, bookingNumber, status: "failed", revenueId: existingRevenue.id, reason: ensureErr });
      444 |           continue;
      445 |         }

      at error (src/app/api/webhooks/payment/route.ts:442:19)
      at Object.<anonymous> (src/__tests__/payment-webhook.test.ts:258:22)

    console.log
      [Payment Webhook] Received request at: 2026-07-16T07:58:27.010Z

      at log (src/app/api/webhooks/payment/route.ts:320:11)

    console.log
      [Payment Webhook] Request body: {"transferAmount":1000000,"content":"BELLA BK-100","code":"TX123","transactionDate":"2026-06-03T09:00:00.000Z"}

      at log (src/app/api/webhooks/payment/route.ts:346:13)

    console.log
      [Payment Webhook] Extracted transactions count: 1

      at log (src/app/api/webhooks/payment/route.ts:349:13)

    console.log
      [Payment Webhook] Processing Transaction ID: TX123, Amount: 1000000, Desc: "BELLA BK-100"

      at log (src/app/api/webhooks/payment/route.ts:367:15)

    console.log
      [Payment Webhook] Match found! Booking Number: "BK-100"

      at log (src/app/api/webhooks/payment/route.ts:410:15)

    console.log
      [Payment Webhook] Updated Booking status from "deposit_pending" to "booked"

      at log (src/app/api/webhooks/payment/route.ts:508:17)

    console.log
      [Payment Webhook] Received request at: 2026-07-16T07:58:27.015Z

      at log (src/app/api/webhooks/payment/route.ts:320:11)

    console.log
      [Payment Webhook] Request body: {"transferAmount":1000000,"content":"BELLA BK-100","code":"TX123","transactionDate":"2026-06-03T09:00:00.000Z"}

      at log (src/app/api/webhooks/payment/route.ts:346:13)

    console.log
      [Payment Webhook] Extracted transactions count: 1

      at log (src/app/api/webhooks/payment/route.ts:349:13)

    console.log
      [Payment Webhook] Processing Transaction ID: TX123, Amount: 1000000, Desc: "BELLA BK-100"

      at log (src/app/api/webhooks/payment/route.ts:367:15)

    console.log
      [Payment Webhook] Match found! Booking Number: "BK-100"

      at log (src/app/api/webhooks/payment/route.ts:410:15)

    console.log
      [Payment Webhook] Updated Booking status from "deposit_pending" to "booked"

      at log (src/app/api/webhooks/payment/route.ts:508:17)

    console.log
      [Payment Webhook] Successfully inserted revenue ID: revenue-1

      at log (src/app/api/webhooks/payment/route.ts:581:15)

    console.error
      [Payment Webhook] Failed to ensure revenue side effects for "revenue-1": Failed to insert audit log: audit insert failed

      600 |       const ensureErr = await ensureWebhookRevenueSideEffects(supabase, booking, newRevenue, tx);
      601 |       if (ensureErr) {
    > 602 |         console.error('[Payment Webhook] Failed to ensure revenue side effects for "%s":', newRevenue.id, ensureErr);
          |                 ^
      603 |         await rollbackWebhookRevenue(ensureErr);
      604 |         continue;
      605 |       }

      at error (src/app/api/webhooks/payment/route.ts:602:17)
      at Object.<anonymous> (src/__tests__/payment-webhook.test.ts:353:22)

    console.log
      [Payment Webhook] Received request at: 2026-07-16T07:58:27.020Z

      at log (src/app/api/webhooks/payment/route.ts:320:11)

    console.log
      [Payment Webhook] Request body: {"transferAmount":1000000,"content":"BELLA BK-100","code":"TX123","transactionDate":"2026-06-03T09:00:00.000Z"}

      at log (src/app/api/webhooks/payment/route.ts:346:13)

    console.log
      [Payment Webhook] Extracted transactions count: 1

      at log (src/app/api/webhooks/payment/route.ts:349:13)

    console.log
      [Payment Webhook] Processing Transaction ID: TX123, Amount: 1000000, Desc: "BELLA BK-100"

      at log (src/app/api/webhooks/payment/route.ts:367:15)

    console.log
      [Payment Webhook] Match found! Booking Number: "BK-100"

      at log (src/app/api/webhooks/payment/route.ts:410:15)

    console.log
      [Payment Webhook] Updated Booking status from "deposit_pending" to "booked"

      at log (src/app/api/webhooks/payment/route.ts:508:17)

    console.log
      [Payment Webhook] Successfully inserted revenue ID: revenue-1

      at log (src/app/api/webhooks/payment/route.ts:581:15)

    console.error
      [Payment Webhook] Failed to ensure revenue side effects for "revenue-1": Failed to enqueue accounting outbox

      600 |       const ensureErr = await ensureWebhookRevenueSideEffects(supabase, booking, newRevenue, tx);
      601 |       if (ensureErr) {
    > 602 |         console.error('[Payment Webhook] Failed to ensure revenue side effects for "%s":', newRevenue.id, ensureErr);
          |                 ^
      603 |         await rollbackWebhookRevenue(ensureErr);
      604 |         continue;
      605 |       }

      at error (src/app/api/webhooks/payment/route.ts:602:17)
      at Object.<anonymous> (src/__tests__/payment-webhook.test.ts:410:22)

PASS src/__tests__/salary-reconciliation.test.ts
  ΓùÅ Console

    console.log
      Γùç injected env (9) from .env.local // tip: Γîÿ multiple files { path: ['.env.local', '.env'] }

      at _log (node_modules/dotenv/lib/main.js:131:11)

    console.log
      [Jest Setup] SUPABASE_SERVICE_ROLE_KEY loaded: sb_secret_Dm... (41 chars)

      at Object.log (jest.setup.ts:10:9)

    console.log
      [getSalaryReconciliationReport] BEFORE set_session_tenant - tenant_id: tenant-uuid-1

      at log (src/core/services/accounting/reports.ts:690:11)

    console.log
      [getSalaryReconciliationReport] AFTER set_session_tenant - error: null

      at log (src/core/services/accounting/reports.ts:696:11)

    console.log
      [getSalaryReconciliationReport] BEFORE set_session_tenant - tenant_id: tenant-uuid-1

      at log (src/core/services/accounting/reports.ts:690:11)

    console.log
      [getSalaryReconciliationReport] AFTER set_session_tenant - error: null

      at log (src/core/services/accounting/reports.ts:696:11)

    console.log
      [getSalaryReconciliationReport] BEFORE set_session_tenant - tenant_id: tenant-uuid-1

      at log (src/core/services/accounting/reports.ts:690:11)

    console.log
      [getSalaryReconciliationReport] AFTER set_session_tenant - error: null

      at log (src/core/services/accounting/reports.ts:696:11)

    console.error
      [getSalaryReconciliationReport] RPC error: {
        "message": "Function does not exist"
      }

      707 |
      708 |   if (error) {
    > 709 |     console.error('[getSalaryReconciliationReport] RPC error:', JSON.stringify({
          |             ^
      710 |       message: error.message, code: error.code, details: error.details, hint: error.hint,
      711 |     }, null, 2));
      712 |     throw error; // Zero Silent Database Failures

      at error (src/core/services/accounting/reports.ts:709:13)
      at Object.<anonymous> (src/__tests__/salary-reconciliation.test.ts:142:5)

    console.log
      [getSalaryReconciliationReport] BEFORE set_session_tenant - tenant_id: tenant-uuid-1

      at log (src/core/services/accounting/reports.ts:690:11)

    console.log
      [getSalaryReconciliationReport] AFTER set_session_tenant - error: null

      at log (src/core/services/accounting/reports.ts:696:11)

    console.log
      [getSalaryReconciliationReport] BEFORE set_session_tenant - tenant_id: tenant-uuid-1

      at log (src/core/services/accounting/reports.ts:690:11)

    console.log
      [getSalaryReconciliationReport] AFTER set_session_tenant - error: null

      at log (src/core/services/accounting/reports.ts:696:11)

PASS src/__tests__/admin-salary-actions.test.ts
  ΓùÅ Console

    console.log
      Γùç injected env (9) from .env.local // tip: Γîÿ multiple files { path: ['.env.local', '.env'] }

      at _log (node_modules/dotenv/lib/main.js:131:11)

    console.log
      [Jest Setup] SUPABASE_SERVICE_ROLE_KEY loaded: sb_secret_Dm... (41 chars)

      at Object.log (jest.setup.ts:10:9)

    console.error
      Error in publishSalaryRecord: Error: publish recalc failed
          at Object.<anonymous> (D:\Antigravity\Projects\BELLA SPA ERP\src\__tests__\admin-salary-actions.test.ts:334:64)
          at Promise.finally.completed (D:\Antigravity\Projects\BELLA SPA ERP\node_modules\jest-circus\build\jestAdapterInit.js:1561:28)
          at new Promise (<anonymous>)
          at callAsyncCircusFn (D:\Antigravity\Projects\BELLA SPA ERP\node_modules\jest-circus\build\jestAdapterInit.js:1501:10)
          at _callCircusTest (D:\Antigravity\Projects\BELLA SPA ERP\node_modules\jest-circus\build\jestAdapterInit.js:1011:40)
          at processTicksAndRejections (node:internal/process/task_queues:104:5)
          at _runTest (D:\Antigravity\Projects\BELLA SPA ERP\node_modules\jest-circus\build\jestAdapterInit.js:951:3)
          at D:\Antigravity\Projects\BELLA SPA ERP\node_modules\jest-circus\build\jestAdapterInit.js:853:7
          at _runTestsForDescribeBlock (D:\Antigravity\Projects\BELLA SPA ERP\node_modules\jest-circus\build\jestAdapterInit.js:866:11)
          at _runTestsForDescribeBlock (D:\Antigravity\Projects\BELLA SPA ERP\node_modules\jest-circus\build\jestAdapterInit.js:861:11)
          at run (D:\Antigravity\Projects\BELLA SPA ERP\node_modules\jest-circus\build\jestAdapterInit.js:765:3)
          at runAndTransformResultsToJestFormat (D:\Antigravity\Projects\BELLA SPA ERP\node_modules\jest-circus\build\jestAdapterInit.js:1993:21)
          at jestAdapter (D:\Antigravity\Projects\BELLA SPA ERP\node_modules\jest-circus\build\runner.js:111:19)
          at runTestInternal (D:\Antigravity\Projects\BELLA SPA ERP\node_modules\jest-runner\build\testWorker.js:276:16)
          at runTest (D:\Antigravity\Projects\BELLA SPA ERP\node_modules\jest-runner\build\testWorker.js:344:7)
          at Object.worker (D:\Antigravity\Projects\BELLA SPA ERP\node_modules\jest-runner\build\testWorker.js:498:12)

      455 |   } catch (e: unknown) {
      456 |     const err = e as Error;
    > 457 |     console.error('Error in publishSalaryRecord:', err);
          |             ^
      458 |     return { success: false, error: err.message || 'Lß╗ùi kh├┤ng x├íc ─æß╗ïnh' };
      459 |   }
      460 | }

      at error (src/modules/hr-salary/actions/admin-salary-actions.ts:457:13)
      at Object.<anonymous> (src/__tests__/admin-salary-actions.test.ts:336:20)

    console.error
      updateSalaryConfig error: Error: recalc failed
          at Object.<anonymous> (D:\Antigravity\Projects\BELLA SPA ERP\src\__tests__\admin-salary-actions.test.ts:467:64)
          at Promise.finally.completed (D:\Antigravity\Projects\BELLA SPA ERP\node_modules\jest-circus\build\jestAdapterInit.js:1561:28)
          at new Promise (<anonymous>)
          at callAsyncCircusFn (D:\Antigravity\Projects\BELLA SPA ERP\node_modules\jest-circus\build\jestAdapterInit.js:1501:10)
          at _callCircusTest (D:\Antigravity\Projects\BELLA SPA ERP\node_modules\jest-circus\build\jestAdapterInit.js:1011:40)
          at processTicksAndRejections (node:internal/process/task_queues:104:5)
          at _runTest (D:\Antigravity\Projects\BELLA SPA ERP\node_modules\jest-circus\build\jestAdapterInit.js:951:3)
          at D:\Antigravity\Projects\BELLA SPA ERP\node_modules\jest-circus\build\jestAdapterInit.js:853:7
          at _runTestsForDescribeBlock (D:\Antigravity\Projects\BELLA SPA ERP\node_modules\jest-circus\build\jestAdapterInit.js:866:11)
          at _runTestsForDescribeBlock (D:\Antigravity\Projects\BELLA SPA ERP\node_modules\jest-circus\build\jestAdapterInit.js:861:11)
          at run (D:\Antigravity\Projects\BELLA SPA ERP\node_modules\jest-circus\build\jestAdapterInit.js:765:3)
          at runAndTransformResultsToJestFormat (D:\Antigravity\Projects\BELLA SPA ERP\node_modules\jest-circus\build\jestAdapterInit.js:1993:21)
          at jestAdapter (D:\Antigravity\Projects\BELLA SPA ERP\node_modules\jest-circus\build\runner.js:111:19)
          at runTestInternal (D:\Antigravity\Projects\BELLA SPA ERP\node_modules\jest-runner\build\testWorker.js:276:16)
          at runTest (D:\Antigravity\Projects\BELLA SPA ERP\node_modules\jest-runner\build\testWorker.js:344:7)
          at Object.worker (D:\Antigravity\Projects\BELLA SPA ERP\node_modules\jest-runner\build\testWorker.js:498:12)

      1348 |   } catch (err: unknown) {
      1349 |     const errorObj = err as Error;
    > 1350 |     console.error('updateSalaryConfig error:', errorObj);
           |             ^
      1351 |     return { success: false, error: errorObj.message || 'Lß╗ùi kh├┤ng x├íc ─æß╗ïnh' };
      1352 |   }
      1353 | }

      at error (src/modules/hr-salary/actions/admin-salary-actions.ts:1350:13)
      at Object.<anonymous> (src/__tests__/admin-salary-actions.test.ts:469:20)

    console.log
      Confirming sessions for KTV: ktv-1, Total: 12.5

      at log (src/modules/hr-salary/actions/admin-salary-actions.ts:1439:11)

    console.log
      Session confirmation successful

      at log (src/modules/hr-salary/actions/admin-salary-actions.ts:1474:13)

    console.log
      Confirming sessions for KTV: ktv-1, Total: 12.5

      at log (src/modules/hr-salary/actions/admin-salary-actions.ts:1439:11)

    console.log
      Confirming sessions for KTV: ktv-1, Total: 12.5

      at log (src/modules/hr-salary/actions/admin-salary-actions.ts:1439:11)

    console.log
      Confirming sessions for KTV: ktv-1, Total: 12.5

      at log (src/modules/hr-salary/actions/admin-salary-actions.ts:1439:11)

    console.error
      Error updating session_logs: { message: 'session update failed' }

      1450 |
      1451 |     if (sessionError) {
    > 1452 |       console.error('Error updating session_logs:', sessionError);
           |               ^
      1453 |       throw sessionError;
      1454 |     }
      1455 |

      at error (src/modules/hr-salary/actions/admin-salary-actions.ts:1452:15)
      at Object.<anonymous> (src/__tests__/admin-salary-actions.test.ts:739:20)

    console.error
      Failed to confirm sessions (exception): { message: 'session update failed' }

      1477 |   } catch (error: unknown) {
      1478 |     const err = error as Error;
    > 1479 |     console.error('Failed to confirm sessions (exception):', err);
           |             ^
      1480 |     return { success: false, error: err.message || 'Lß╗ùi kh├┤ng x├íc ─æß╗ïnh' };
      1481 |   }
      1482 | }

      at error (src/modules/hr-salary/actions/admin-salary-actions.ts:1479:13)
      at Object.<anonymous> (src/__tests__/admin-salary-actions.test.ts:739:20)

    console.error
      Error in publishSalaryRecord: Error: publish recalc failed
          at Object.<anonymous> (D:\Antigravity\Projects\BELLA SPA ERP\src\__tests__\admin-salary-actions.test.ts:1459:30)
          at Promise.finally.completed (D:\Antigravity\Projects\BELLA SPA ERP\node_modules\jest-circus\build\jestAdapterInit.js:1561:28)
          at new Promise (<anonymous>)
          at callAsyncCircusFn (D:\Antigravity\Projects\BELLA SPA ERP\node_modules\jest-circus\build\jestAdapterInit.js:1501:10)
          at _callCircusTest (D:\Antigravity\Projects\BELLA SPA ERP\node_modules\jest-circus\build\jestAdapterInit.js:1011:40)
          at processTicksAndRejections (node:internal/process/task_queues:104:5)
          at _runTest (D:\Antigravity\Projects\BELLA SPA ERP\node_modules\jest-circus\build\jestAdapterInit.js:951:3)
          at D:\Antigravity\Projects\BELLA SPA ERP\node_modules\jest-circus\build\jestAdapterInit.js:853:7
          at _runTestsForDescribeBlock (D:\Antigravity\Projects\BELLA SPA ERP\node_modules\jest-circus\build\jestAdapterInit.js:866:11)
          at _runTestsForDescribeBlock (D:\Antigravity\Projects\BELLA SPA ERP\node_modules\jest-circus\build\jestAdapterInit.js:861:11)
          at run (D:\Antigravity\Projects\BELLA SPA ERP\node_modules\jest-circus\build\jestAdapterInit.js:765:3)
          at runAndTransformResultsToJestFormat (D:\Antigravity\Projects\BELLA SPA ERP\node_modules\jest-circus\build\jestAdapterInit.js:1993:21)
          at jestAdapter (D:\Antigravity\Projects\BELLA SPA ERP\node_modules\jest-circus\build\runner.js:111:19)
          at runTestInternal (D:\Antigravity\Projects\BELLA SPA ERP\node_modules\jest-runner\build\testWorker.js:276:16)
          at runTest (D:\Antigravity\Projects\BELLA SPA ERP\node_modules\jest-runner\build\testWorker.js:344:7)
          at Object.worker (D:\Antigravity\Projects\BELLA SPA ERP\node_modules\jest-runner\build\testWorker.js:498:12)

      455 |   } catch (e: unknown) {
      456 |     const err = e as Error;
    > 457 |     console.error('Error in publishSalaryRecord:', err);
          |             ^
      458 |     return { success: false, error: err.message || 'Lß╗ùi kh├┤ng x├íc ─æß╗ïnh' };
      459 |   }
      460 | }

      at error (src/modules/hr-salary/actions/admin-salary-actions.ts:457:13)
      at publishAllSalaryRecords (src/modules/hr-salary/actions/admin-salary-actions.ts:539:19)
      at Object.<anonymous> (src/__tests__/admin-salary-actions.test.ts:1461:20)

PASS src/__tests__/ai-autopilot-cron.test.ts
  ΓùÅ Console

    console.log
      Γùç injected env (9) from .env.local // tip: Γùê secrets for agents [www.dotenvx.com]

      at _log (node_modules/dotenv/lib/main.js:131:11)

    console.log
      [Jest Setup] SUPABASE_SERVICE_ROLE_KEY loaded: sb_secret_Dm... (41 chars)

      at Object.log (jest.setup.ts:10:9)

    console.log
      [AI Autopilot Cron] Bß║»t ─æß║ºu qu├⌐t vß║¡n h├ánh tß╗▒ ─æß╗Öng h├áng ng├áy...

      at log (src/app/api/cron/ai-autopilot/route.ts:53:11)

    console.error
      [AI Autopilot Cron] Lß╗ùi xß╗¡ l├╜ tenant Bella A: Failed to fetch Telegram config: config db down

      184 |       } catch (innerErr: unknown) {
      185 |         appendTenantError(tenantErrors, tenant, innerErr);
    > 186 |         console.error('[AI Autopilot Cron] Lß╗ùi xß╗¡ l├╜ tenant %s:', tenant.name, getErrorMessage(innerErr));
          |                 ^
      187 |       }
      188 |     }
      189 |

      at error (src/app/api/cron/ai-autopilot/route.ts:186:17)
      at Object.<anonymous> (src/__tests__/ai-autopilot-cron.test.ts:142:22)

    console.log
      [AI Autopilot Cron] Ho├án th├ánh: {"success":false,"status":"partial_failure","date":"2026-07-16","tenants_checked":0,"alerts_sent":0,"alerts_failed":0,"tenant_errors":[{"tenant_id":"tenant-1","tenant_name":"Bella A","error":"Failed to fetch Telegram config: config db down"}]}

      at log (src/app/api/cron/ai-autopilot/route.ts:200:13)

    console.log
      [AI Autopilot Cron] Bß║»t ─æß║ºu qu├⌐t vß║¡n h├ánh tß╗▒ ─æß╗Öng h├áng ng├áy...

      at log (src/app/api/cron/ai-autopilot/route.ts:53:11)

    console.error
      [AI Autopilot Cron] Lß╗ùi xß╗¡ l├╜ tenant Bella A: Telegram delivery failed: telegram rate limited

      184 |       } catch (innerErr: unknown) {
      185 |         appendTenantError(tenantErrors, tenant, innerErr);
    > 186 |         console.error('[AI Autopilot Cron] Lß╗ùi xß╗¡ l├╜ tenant %s:', tenant.name, getErrorMessage(innerErr));
          |                 ^
      187 |       }
      188 |     }
      189 |

      at error (src/app/api/cron/ai-autopilot/route.ts:186:17)
      at Object.<anonymous> (src/__tests__/ai-autopilot-cron.test.ts:169:22)

    console.log
      [AI Autopilot Cron] Ho├án th├ánh: {"success":false,"status":"partial_failure","date":"2026-07-16","tenants_checked":1,"alerts_sent":0,"alerts_failed":1,"tenant_errors":[{"tenant_id":"tenant-1","tenant_name":"Bella A","error":"Telegram delivery failed: telegram rate limited"}]}

      at log (src/app/api/cron/ai-autopilot/route.ts:200:13)

    console.log
      [AI Autopilot Cron] Bß║»t ─æß║ºu qu├⌐t vß║¡n h├ánh tß╗▒ ─æß╗Öng h├áng ng├áy...

      at log (src/app/api/cron/ai-autopilot/route.ts:53:11)

    console.log
      [AI Autopilot Cron] Ho├án th├ánh: {"success":true,"status":"success","date":"2026-07-16","tenants_checked":1,"alerts_sent":1,"alerts_failed":0}

      at log (src/app/api/cron/ai-autopilot/route.ts:200:13)

    console.log
      [AI Autopilot Cron] Bß║»t ─æß║ºu qu├⌐t vß║¡n h├ánh tß╗▒ ─æß╗Öng h├áng ng├áy...

      at log (src/app/api/cron/ai-autopilot/route.ts:53:11)

    console.error
      [AI Autopilot Cron] Lß╗ùi xß╗¡ l├╜ tenant Bella A: Telegram delivery failed: bot blocked

      184 |       } catch (innerErr: unknown) {
      185 |         appendTenantError(tenantErrors, tenant, innerErr);
    > 186 |         console.error('[AI Autopilot Cron] Lß╗ùi xß╗¡ l├╜ tenant %s:', tenant.name, getErrorMessage(innerErr));
          |                 ^
      187 |       }
      188 |     }
      189 |

      at error (src/app/api/cron/ai-autopilot/route.ts:186:17)
      at Object.<anonymous> (src/__tests__/ai-autopilot-cron.test.ts:227:22)

    console.log
      [AI Autopilot Cron] Ho├án th├ánh: {"success":false,"status":"partial_failure","date":"2026-07-16","tenants_checked":2,"alerts_sent":1,"alerts_failed":1,"tenant_errors":[{"tenant_id":"tenant-1","tenant_name":"Bella A","error":"Telegram delivery failed: bot blocked"}]}

      at log (src/app/api/cron/ai-autopilot/route.ts:200:13)

PASS src/__tests__/salary-recalculation-lifecycle.test.ts
  ΓùÅ Console

    console.log
      Γùç injected env (9) from .env.local // tip: Γîÿ multiple files { path: ['.env.local', '.env'] }

      at _log (node_modules/dotenv/lib/main.js:131:11)

    console.log
      [Jest Setup] SUPABASE_SERVICE_ROLE_KEY loaded: sb_secret_Dm... (41 chars)

      at Object.log (jest.setup.ts:10:9)

    console.log
      [PayrollConfigService] Cache MISS: tenant-1:commission, fetching from DB...

      at PayrollConfigService.log [as getProviderConfig] (src/services/payroll-config.service.ts:96:13)

    console.error
      [PayrollConfigService] Error loading config for tenant-1:commission: TypeError: supabase.from is not a function
          at PayrollConfigService.from [as getProviderConfig] (D:\Antigravity\Projects\BELLA SPA ERP\src\services\payroll-config.service.ts:102:10)
          at CommissionProvider.getProviderConfig [as evaluate] (D:\Antigravity\Projects\BELLA SPA ERP\src\services\providers\commission-provider.ts:227:46)
          at evaluate (D:\Antigravity\Projects\BELLA SPA ERP\src\modules\hr-salary\actions\salary-recalculation-engine.ts:410:57)
          at processTicksAndRejections (node:internal/process/task_queues:104:5)
          at Object.<anonymous> (D:\Antigravity\Projects\BELLA SPA ERP\src\__tests__\salary-recalculation-lifecycle.test.ts:209:20)

      129 |       return config;
      130 |     } catch (error) {
    > 131 |       console.error(`[PayrollConfigService] Error loading config for ${cacheKey}:`, error);
          |               ^
      132 |       // Fallback to default on error
      133 |       return this.getDefaultConfig(providerKey);
      134 |     }

      at PayrollConfigService.error [as getProviderConfig] (src/services/payroll-config.service.ts:131:15)
      at CommissionProvider.getProviderConfig [as evaluate] (src/services/providers/commission-provider.ts:227:46)
      at evaluate (src/modules/hr-salary/actions/salary-recalculation-engine.ts:410:57)
      at Object.<anonymous> (src/__tests__/salary-recalculation-lifecycle.test.ts:209:20)

    console.log
      [PHASE_2_ACTIVE] Commission - Using Provider Result: {
        ktvId: 'ktv-1',
        month: '2026-06-01',
        provider_commission: 240000,
        old_logic_would_be: 600000,
        strategy: 'fixed',
        sessions: 4,
        total_revenue: 600000
      }

      at log (src/modules/hr-salary/actions/salary-recalculation-engine.ts:415:15)

    console.log
      [PayrollConfigService] Cache MISS: tenant-1:attendance, fetching from DB...

      at PayrollConfigService.log [as getProviderConfig] (src/services/payroll-config.service.ts:96:13)

    console.error
      [PayrollConfigService] Error loading config for tenant-1:attendance: TypeError: supabase.from is not a function
          at PayrollConfigService.from [as getProviderConfig] (D:\Antigravity\Projects\BELLA SPA ERP\src\services\payroll-config.service.ts:102:10)
          at AttendanceProvider.getProviderConfig [as evaluate] (D:\Antigravity\Projects\BELLA SPA ERP\src\services\providers\attendance-provider.ts:117:46)
          at evaluate (D:\Antigravity\Projects\BELLA SPA ERP\src\modules\hr-salary\actions\salary-recalculation-engine.ts:477:57)
          at processTicksAndRejections (node:internal/process/task_queues:104:5)
          at Object.<anonymous> (D:\Antigravity\Projects\BELLA SPA ERP\src\__tests__\salary-recalculation-lifecycle.test.ts:209:20)

      129 |       return config;
      130 |     } catch (error) {
    > 131 |       console.error(`[PayrollConfigService] Error loading config for ${cacheKey}:`, error);
          |               ^
      132 |       // Fallback to default on error
      133 |       return this.getDefaultConfig(providerKey);
      134 |     }

      at PayrollConfigService.error [as getProviderConfig] (src/services/payroll-config.service.ts:131:15)
      at AttendanceProvider.getProviderConfig [as evaluate] (src/services/providers/attendance-provider.ts:117:46)
      at evaluate (src/modules/hr-salary/actions/salary-recalculation-engine.ts:477:57)
      at Object.<anonymous> (src/__tests__/salary-recalculation-lifecycle.test.ts:209:20)

    console.log
      [PHASE_2_ACTIVE] Attendance - Using Provider Result: {
        ktvId: 'ktv-1',
        month: '2026-06-01',
        provider_deduction: 100000,
        old_logic_would_be: 100000,
        strategy: 'late_deduction',
        late_days: 2,
        absent_days: 0
      }

      at log (src/modules/hr-salary/actions/salary-recalculation-engine.ts:485:15)

    console.log
      [PayrollConfigService] Cache MISS: tenant-1:kpi, fetching from DB...

      at PayrollConfigService.log [as getProviderConfig] (src/services/payroll-config.service.ts:96:13)

    console.error
      [PayrollConfigService] Error loading config for tenant-1:kpi: TypeError: supabase.from is not a function
          at PayrollConfigService.from [as getProviderConfig] (D:\Antigravity\Projects\BELLA SPA ERP\src\services\payroll-config.service.ts:102:10)
          at KPIProvider.getProviderConfig [as evaluate] (D:\Antigravity\Projects\BELLA SPA ERP\src\services\providers\kpi-provider.ts:180:46)
          at evaluate (D:\Antigravity\Projects\BELLA SPA ERP\src\modules\hr-salary\actions\salary-recalculation-engine.ts:541:43)
          at processTicksAndRejections (node:internal/process/task_queues:104:5)
          at Object.<anonymous> (D:\Antigravity\Projects\BELLA SPA ERP\src\__tests__\salary-recalculation-lifecycle.test.ts:209:20)

      129 |       return config;
      130 |     } catch (error) {
    > 131 |       console.error(`[PayrollConfigService] Error loading config for ${cacheKey}:`, error);
          |               ^
      132 |       // Fallback to default on error
      133 |       return this.getDefaultConfig(providerKey);
      134 |     }

      at PayrollConfigService.error [as getProviderConfig] (src/services/payroll-config.service.ts:131:15)
      at KPIProvider.getProviderConfig [as evaluate] (src/services/providers/kpi-provider.ts:180:46)
      at evaluate (src/modules/hr-salary/actions/salary-recalculation-engine.ts:541:43)
      at Object.<anonymous> (src/__tests__/salary-recalculation-lifecycle.test.ts:209:20)

    console.log
      [PHASE_2_ACTIVE] KPI - Using Provider Result: {
        ktvId: 'ktv-1',
        month: '2026-06-01',
        provider_bonus: 0,
        old_logic_would_be: 999000,
        strategy: undefined,
        sessions: 4
      }

      at log (src/modules/hr-salary/actions/salary-recalculation-engine.ts:546:15)

    console.log
      [PayrollConfigService] Cache MISS: tenant-1:rating, fetching from DB...

      at PayrollConfigService.log [as getProviderConfig] (src/services/payroll-config.service.ts:96:13)

    console.error
      [PayrollConfigService] Error loading config for tenant-1:rating: TypeError: supabase.from is not a function
          at PayrollConfigService.from [as getProviderConfig] (D:\Antigravity\Projects\BELLA SPA ERP\src\services\payroll-config.service.ts:102:10)
          at RatingProvider.getProviderConfig [as evaluate] (D:\Antigravity\Projects\BELLA SPA ERP\src\services\providers\rating-provider.ts:149:46)
          at evaluate (D:\Antigravity\Projects\BELLA SPA ERP\src\modules\hr-salary\actions\salary-recalculation-engine.ts:777:49)
          at processTicksAndRejections (node:internal/process/task_queues:104:5)
          at Object.<anonymous> (D:\Antigravity\Projects\BELLA SPA ERP\src\__tests__\salary-recalculation-lifecycle.test.ts:209:20)

      129 |       return config;
      130 |     } catch (error) {
    > 131 |       console.error(`[PayrollConfigService] Error loading config for ${cacheKey}:`, error);
          |               ^
      132 |       // Fallback to default on error
      133 |       return this.getDefaultConfig(providerKey);
      134 |     }

      at PayrollConfigService.error [as getProviderConfig] (src/services/payroll-config.service.ts:131:15)
      at RatingProvider.getProviderConfig [as evaluate] (src/services/providers/rating-provider.ts:149:46)
      at evaluate (src/modules/hr-salary/actions/salary-recalculation-engine.ts:777:49)
      at Object.<anonymous> (src/__tests__/salary-recalculation-lifecycle.test.ts:209:20)

    console.log
      [PHASE_2_ACTIVE] Rating - Using Provider Result: {
        ktvId: 'ktv-1',
        month: '2026-06-01',
        provider_bonus: 0,
        old_logic_would_be: 200000,
        strategy: undefined,
        avg_rating: 5,
        sessions: 4
      }

      at log (src/modules/hr-salary/actions/salary-recalculation-engine.ts:782:15)

    console.log
      [PayrollConfigService] Cache MISS: tenant-1:commission, fetching from DB...

      at PayrollConfigService.log [as getProviderConfig] (src/services/payroll-config.service.ts:96:13)

    console.error
      [PayrollConfigService] Error loading config for tenant-1:commission: TypeError: supabase.from is not a function
          at PayrollConfigService.from [as getProviderConfig] (D:\Antigravity\Projects\BELLA SPA ERP\src\services\payroll-config.service.ts:102:10)
          at CommissionProvider.getProviderConfig [as evaluate] (D:\Antigravity\Projects\BELLA SPA ERP\src\services\providers\commission-provider.ts:227:46)
          at evaluate (D:\Antigravity\Projects\BELLA SPA ERP\src\modules\hr-salary\actions\salary-recalculation-engine.ts:410:57)
          at processTicksAndRejections (node:internal/process/task_queues:104:5)
          at Object.<anonymous> (D:\Antigravity\Projects\BELLA SPA ERP\src\__tests__\salary-recalculation-lifecycle.test.ts:234:20)

      129 |       return config;
      130 |     } catch (error) {
    > 131 |       console.error(`[PayrollConfigService] Error loading config for ${cacheKey}:`, error);
          |               ^
      132 |       // Fallback to default on error
      133 |       return this.getDefaultConfig(providerKey);
      134 |     }

      at PayrollConfigService.error [as getProviderConfig] (src/services/payroll-config.service.ts:131:15)
      at CommissionProvider.getProviderConfig [as evaluate] (src/services/providers/commission-provider.ts:227:46)
      at evaluate (src/modules/hr-salary/actions/salary-recalculation-engine.ts:410:57)
      at Object.<anonymous> (src/__tests__/salary-recalculation-lifecycle.test.ts:234:20)

    console.log
      [PHASE_2_ACTIVE] Commission - Using Provider Result: {
        ktvId: 'ktv-1',
        month: '2026-06-01',
        provider_commission: 240000,
        old_logic_would_be: 600000,
        strategy: 'fixed',
        sessions: 4,
        total_revenue: 600000
      }

      at log (src/modules/hr-salary/actions/salary-recalculation-engine.ts:415:15)

    console.log
      [PayrollConfigService] Cache MISS: tenant-1:attendance, fetching from DB...

      at PayrollConfigService.log [as getProviderConfig] (src/services/payroll-config.service.ts:96:13)

    console.error
      [PayrollConfigService] Error loading config for tenant-1:attendance: TypeError: supabase.from is not a function
          at PayrollConfigService.from [as getProviderConfig] (D:\Antigravity\Projects\BELLA SPA ERP\src\services\payroll-config.service.ts:102:10)
          at AttendanceProvider.getProviderConfig [as evaluate] (D:\Antigravity\Projects\BELLA SPA ERP\src\services\providers\attendance-provider.ts:117:46)
          at evaluate (D:\Antigravity\Projects\BELLA SPA ERP\src\modules\hr-salary\actions\salary-recalculation-engine.ts:477:57)
          at processTicksAndRejections (node:internal/process/task_queues:104:5)
          at Object.<anonymous> (D:\Antigravity\Projects\BELLA SPA ERP\src\__tests__\salary-recalculation-lifecycle.test.ts:234:20)

      129 |       return config;
      130 |     } catch (error) {
    > 131 |       console.error(`[PayrollConfigService] Error loading config for ${cacheKey}:`, error);
          |               ^
      132 |       // Fallback to default on error
      133 |       return this.getDefaultConfig(providerKey);
      134 |     }

      at PayrollConfigService.error [as getProviderConfig] (src/services/payroll-config.service.ts:131:15)
      at AttendanceProvider.getProviderConfig [as evaluate] (src/services/providers/attendance-provider.ts:117:46)
      at evaluate (src/modules/hr-salary/actions/salary-recalculation-engine.ts:477:57)
      at Object.<anonymous> (src/__tests__/salary-recalculation-lifecycle.test.ts:234:20)

    console.log
      [PHASE_2_ACTIVE] Attendance - Using Provider Result: {
        ktvId: 'ktv-1',
        month: '2026-06-01',
        provider_deduction: 100000,
        old_logic_would_be: 100000,
        strategy: 'late_deduction',
        late_days: 2,
        absent_days: 0
      }

      at log (src/modules/hr-salary/actions/salary-recalculation-engine.ts:485:15)

    console.log
      [PayrollConfigService] Cache MISS: tenant-1:kpi, fetching from DB...

      at PayrollConfigService.log [as getProviderConfig] (src/services/payroll-config.service.ts:96:13)

    console.error
      [PayrollConfigService] Error loading config for tenant-1:kpi: TypeError: supabase.from is not a function
          at PayrollConfigService.from [as getProviderConfig] (D:\Antigravity\Projects\BELLA SPA ERP\src\services\payroll-config.service.ts:102:10)
          at KPIProvider.getProviderConfig [as evaluate] (D:\Antigravity\Projects\BELLA SPA ERP\src\services\providers\kpi-provider.ts:180:46)
          at evaluate (D:\Antigravity\Projects\BELLA SPA ERP\src\modules\hr-salary\actions\salary-recalculation-engine.ts:541:43)
          at processTicksAndRejections (node:internal/process/task_queues:104:5)
          at Object.<anonymous> (D:\Antigravity\Projects\BELLA SPA ERP\src\__tests__\salary-recalculation-lifecycle.test.ts:234:20)

      129 |       return config;
      130 |     } catch (error) {
    > 131 |       console.error(`[PayrollConfigService] Error loading config for ${cacheKey}:`, error);
          |               ^
      132 |       // Fallback to default on error
      133 |       return this.getDefaultConfig(providerKey);
      134 |     }

      at PayrollConfigService.error [as getProviderConfig] (src/services/payroll-config.service.ts:131:15)
      at KPIProvider.getProviderConfig [as evaluate] (src/services/providers/kpi-provider.ts:180:46)
      at evaluate (src/modules/hr-salary/actions/salary-recalculation-engine.ts:541:43)
      at Object.<anonymous> (src/__tests__/salary-recalculation-lifecycle.test.ts:234:20)

    console.log
      [PHASE_2_ACTIVE] KPI - Using Provider Result: {
        ktvId: 'ktv-1',
        month: '2026-06-01',
        provider_bonus: 0,
        old_logic_would_be: 999000,
        strategy: undefined,
        sessions: 4
      }

      at log (src/modules/hr-salary/actions/salary-recalculation-engine.ts:546:15)

    console.log
      [PayrollConfigService] Cache MISS: tenant-1:rating, fetching from DB...

      at PayrollConfigService.log [as getProviderConfig] (src/services/payroll-config.service.ts:96:13)

    console.error
      [PayrollConfigService] Error loading config for tenant-1:rating: TypeError: supabase.from is not a function
          at PayrollConfigService.from [as getProviderConfig] (D:\Antigravity\Projects\BELLA SPA ERP\src\services\payroll-config.service.ts:102:10)
          at RatingProvider.getProviderConfig [as evaluate] (D:\Antigravity\Projects\BELLA SPA ERP\src\services\providers\rating-provider.ts:149:46)
          at evaluate (D:\Antigravity\Projects\BELLA SPA ERP\src\modules\hr-salary\actions\salary-recalculation-engine.ts:777:49)
          at processTicksAndRejections (node:internal/process/task_queues:104:5)
          at Object.<anonymous> (D:\Antigravity\Projects\BELLA SPA ERP\src\__tests__\salary-recalculation-lifecycle.test.ts:234:20)

      129 |       return config;
      130 |     } catch (error) {
    > 131 |       console.error(`[PayrollConfigService] Error loading config for ${cacheKey}:`, error);
          |               ^
      132 |       // Fallback to default on error
      133 |       return this.getDefaultConfig(providerKey);
      134 |     }

      at PayrollConfigService.error [as getProviderConfig] (src/services/payroll-config.service.ts:131:15)
      at RatingProvider.getProviderConfig [as evaluate] (src/services/providers/rating-provider.ts:149:46)
      at evaluate (src/modules/hr-salary/actions/salary-recalculation-engine.ts:777:49)
      at Object.<anonymous> (src/__tests__/salary-recalculation-lifecycle.test.ts:234:20)

    console.log
      [PHASE_2_ACTIVE] Rating - Using Provider Result: {
        ktvId: 'ktv-1',
        month: '2026-06-01',
        provider_bonus: 0,
        old_logic_would_be: 200000,
        strategy: undefined,
        avg_rating: 5,
        sessions: 4
      }

      at log (src/modules/hr-salary/actions/salary-recalculation-engine.ts:782:15)

    console.log
      [PayrollConfigService] Cache MISS: tenant-1:commission, fetching from DB...

      at PayrollConfigService.log [as getProviderConfig] (src/services/payroll-config.service.ts:96:13)

    console.error
      [PayrollConfigService] Error loading config for tenant-1:commission: TypeError: supabase.from is not a function
          at PayrollConfigService.from [as getProviderConfig] (D:\Antigravity\Projects\BELLA SPA ERP\src\services\payroll-config.service.ts:102:10)
          at CommissionProvider.getProviderConfig [as evaluate] (D:\Antigravity\Projects\BELLA SPA ERP\src\services\providers\commission-provider.ts:227:46)
          at evaluate (D:\Antigravity\Projects\BELLA SPA ERP\src\modules\hr-salary\actions\salary-recalculation-engine.ts:410:57)
          at processTicksAndRejections (node:internal/process/task_queues:104:5)
          at Object.<anonymous> (D:\Antigravity\Projects\BELLA SPA ERP\src\__tests__\salary-recalculation-lifecycle.test.ts:266:5)

      129 |       return config;
      130 |     } catch (error) {
    > 131 |       console.error(`[PayrollConfigService] Error loading config for ${cacheKey}:`, error);
          |               ^
      132 |       // Fallback to default on error
      133 |       return this.getDefaultConfig(providerKey);
      134 |     }

      at PayrollConfigService.error [as getProviderConfig] (src/services/payroll-config.service.ts:131:15)
      at CommissionProvider.getProviderConfig [as evaluate] (src/services/providers/commission-provider.ts:227:46)
      at evaluate (src/modules/hr-salary/actions/salary-recalculation-engine.ts:410:57)
      at Object.<anonymous> (src/__tests__/salary-recalculation-lifecycle.test.ts:266:5)

    console.log
      [PHASE_2_ACTIVE] Commission - Using Provider Result: {
        ktvId: 'ktv-1',
        month: '2026-06-01',
        provider_commission: 240000,
        old_logic_would_be: 600000,
        strategy: 'fixed',
        sessions: 4,
        total_revenue: 600000
      }

      at log (src/modules/hr-salary/actions/salary-recalculation-engine.ts:415:15)

    console.log
      [PayrollConfigService] Cache MISS: tenant-1:attendance, fetching from DB...

      at PayrollConfigService.log [as getProviderConfig] (src/services/payroll-config.service.ts:96:13)

    console.error
      [PayrollConfigService] Error loading config for tenant-1:attendance: TypeError: supabase.from is not a function
          at PayrollConfigService.from [as getProviderConfig] (D:\Antigravity\Projects\BELLA SPA ERP\src\services\payroll-config.service.ts:102:10)
          at AttendanceProvider.getProviderConfig [as evaluate] (D:\Antigravity\Projects\BELLA SPA ERP\src\services\providers\attendance-provider.ts:117:46)
          at evaluate (D:\Antigravity\Projects\BELLA SPA ERP\src\modules\hr-salary\actions\salary-recalculation-engine.ts:477:57)
          at processTicksAndRejections (node:internal/process/task_queues:104:5)
          at Object.<anonymous> (D:\Antigravity\Projects\BELLA SPA ERP\src\__tests__\salary-recalculation-lifecycle.test.ts:266:5)

      129 |       return config;
      130 |     } catch (error) {
    > 131 |       console.error(`[PayrollConfigService] Error loading config for ${cacheKey}:`, error);
          |               ^
      132 |       // Fallback to default on error
      133 |       return this.getDefaultConfig(providerKey);
      134 |     }

      at PayrollConfigService.error [as getProviderConfig] (src/services/payroll-config.service.ts:131:15)
      at AttendanceProvider.getProviderConfig [as evaluate] (src/services/providers/attendance-provider.ts:117:46)
      at evaluate (src/modules/hr-salary/actions/salary-recalculation-engine.ts:477:57)
      at Object.<anonymous> (src/__tests__/salary-recalculation-lifecycle.test.ts:266:5)

    console.log
      [PHASE_2_ACTIVE] Attendance - Using Provider Result: {
        ktvId: 'ktv-1',
        month: '2026-06-01',
        provider_deduction: 100000,
        old_logic_would_be: 100000,
        strategy: 'late_deduction',
        late_days: 2,
        absent_days: 0
      }

      at log (src/modules/hr-salary/actions/salary-recalculation-engine.ts:485:15)

    console.log
      [PayrollConfigService] Cache MISS: tenant-1:kpi, fetching from DB...

      at PayrollConfigService.log [as getProviderConfig] (src/services/payroll-config.service.ts:96:13)

    console.error
      [PayrollConfigService] Error loading config for tenant-1:kpi: TypeError: supabase.from is not a function
          at PayrollConfigService.from [as getProviderConfig] (D:\Antigravity\Projects\BELLA SPA ERP\src\services\payroll-config.service.ts:102:10)
          at KPIProvider.getProviderConfig [as evaluate] (D:\Antigravity\Projects\BELLA SPA ERP\src\services\providers\kpi-provider.ts:180:46)
          at evaluate (D:\Antigravity\Projects\BELLA SPA ERP\src\modules\hr-salary\actions\salary-recalculation-engine.ts:541:43)
          at processTicksAndRejections (node:internal/process/task_queues:104:5)
          at Object.<anonymous> (D:\Antigravity\Projects\BELLA SPA ERP\src\__tests__\salary-recalculation-lifecycle.test.ts:266:5)

      129 |       return config;
      130 |     } catch (error) {
    > 131 |       console.error(`[PayrollConfigService] Error loading config for ${cacheKey}:`, error);
          |               ^
      132 |       // Fallback to default on error
      133 |       return this.getDefaultConfig(providerKey);
      134 |     }

      at PayrollConfigService.error [as getProviderConfig] (src/services/payroll-config.service.ts:131:15)
      at KPIProvider.getProviderConfig [as evaluate] (src/services/providers/kpi-provider.ts:180:46)
      at evaluate (src/modules/hr-salary/actions/salary-recalculation-engine.ts:541:43)
      at Object.<anonymous> (src/__tests__/salary-recalculation-lifecycle.test.ts:266:5)

    console.log
      [PHASE_2_ACTIVE] KPI - Using Provider Result: {
        ktvId: 'ktv-1',
        month: '2026-06-01',
        provider_bonus: 0,
        old_logic_would_be: 999000,
        strategy: undefined,
        sessions: 4
      }

      at log (src/modules/hr-salary/actions/salary-recalculation-engine.ts:546:15)

    console.log
      [PayrollConfigService] Cache MISS: tenant-1:commission, fetching from DB...

      at PayrollConfigService.log [as getProviderConfig] (src/services/payroll-config.service.ts:96:13)

    console.error
      [PayrollConfigService] Error loading config for tenant-1:commission: TypeError: supabase.from is not a function
          at PayrollConfigService.from [as getProviderConfig] (D:\Antigravity\Projects\BELLA SPA ERP\src\services\payroll-config.service.ts:102:10)
          at CommissionProvider.getProviderConfig [as evaluate] (D:\Antigravity\Projects\BELLA SPA ERP\src\services\providers\commission-provider.ts:227:46)
          at evaluate (D:\Antigravity\Projects\BELLA SPA ERP\src\modules\hr-salary\actions\salary-recalculation-engine.ts:410:57)
          at processTicksAndRejections (node:internal/process/task_queues:104:5)
          at Object.<anonymous> (D:\Antigravity\Projects\BELLA SPA ERP\src\__tests__\salary-recalculation-lifecycle.test.ts:280:5)

      129 |       return config;
      130 |     } catch (error) {
    > 131 |       console.error(`[PayrollConfigService] Error loading config for ${cacheKey}:`, error);
          |               ^
      132 |       // Fallback to default on error
      133 |       return this.getDefaultConfig(providerKey);
      134 |     }

      at PayrollConfigService.error [as getProviderConfig] (src/services/payroll-config.service.ts:131:15)
      at CommissionProvider.getProviderConfig [as evaluate] (src/services/providers/commission-provider.ts:227:46)
      at evaluate (src/modules/hr-salary/actions/salary-recalculation-engine.ts:410:57)
      at Object.<anonymous> (src/__tests__/salary-recalculation-lifecycle.test.ts:280:5)

    console.log
      [PHASE_2_ACTIVE] Commission - Using Provider Result: {
        ktvId: 'ktv-1',
        month: '2026-06-01',
        provider_commission: 240000,
        old_logic_would_be: 600000,
        strategy: 'fixed',
        sessions: 4,
        total_revenue: 600000
      }

      at log (src/modules/hr-salary/actions/salary-recalculation-engine.ts:415:15)

    console.log
      [PayrollConfigService] Cache MISS: tenant-1:attendance, fetching from DB...

      at PayrollConfigService.log [as getProviderConfig] (src/services/payroll-config.service.ts:96:13)

    console.error
      [PayrollConfigService] Error loading config for tenant-1:attendance: TypeError: supabase.from is not a function
          at PayrollConfigService.from [as getProviderConfig] (D:\Antigravity\Projects\BELLA SPA ERP\src\services\payroll-config.service.ts:102:10)
          at AttendanceProvider.getProviderConfig [as evaluate] (D:\Antigravity\Projects\BELLA SPA ERP\src\services\providers\attendance-provider.ts:117:46)
          at evaluate (D:\Antigravity\Projects\BELLA SPA ERP\src\modules\hr-salary\actions\salary-recalculation-engine.ts:477:57)
          at processTicksAndRejections (node:internal/process/task_queues:104:5)
          at Object.<anonymous> (D:\Antigravity\Projects\BELLA SPA ERP\src\__tests__\salary-recalculation-lifecycle.test.ts:280:5)

      129 |       return config;
      130 |     } catch (error) {
    > 131 |       console.error(`[PayrollConfigService] Error loading config for ${cacheKey}:`, error);
          |               ^
      132 |       // Fallback to default on error
      133 |       return this.getDefaultConfig(providerKey);
      134 |     }

      at PayrollConfigService.error [as getProviderConfig] (src/services/payroll-config.service.ts:131:15)
      at AttendanceProvider.getProviderConfig [as evaluate] (src/services/providers/attendance-provider.ts:117:46)
      at evaluate (src/modules/hr-salary/actions/salary-recalculation-engine.ts:477:57)
      at Object.<anonymous> (src/__tests__/salary-recalculation-lifecycle.test.ts:280:5)

    console.log
      [PHASE_2_ACTIVE] Attendance - Using Provider Result: {
        ktvId: 'ktv-1',
        month: '2026-06-01',
        provider_deduction: 100000,
        old_logic_would_be: 100000,
        strategy: 'late_deduction',
        late_days: 2,
        absent_days: 0
      }

      at log (src/modules/hr-salary/actions/salary-recalculation-engine.ts:485:15)

    console.log
      [PayrollConfigService] Cache MISS: tenant-1:kpi, fetching from DB...

      at PayrollConfigService.log [as getProviderConfig] (src/services/payroll-config.service.ts:96:13)

    console.error
      [PayrollConfigService] Error loading config for tenant-1:kpi: TypeError: supabase.from is not a function
          at PayrollConfigService.from [as getProviderConfig] (D:\Antigravity\Projects\BELLA SPA ERP\src\services\payroll-config.service.ts:102:10)
          at KPIProvider.getProviderConfig [as evaluate] (D:\Antigravity\Projects\BELLA SPA ERP\src\services\providers\kpi-provider.ts:180:46)
          at evaluate (D:\Antigravity\Projects\BELLA SPA ERP\src\modules\hr-salary\actions\salary-recalculation-engine.ts:541:43)
          at processTicksAndRejections (node:internal/process/task_queues:104:5)
          at Object.<anonymous> (D:\Antigravity\Projects\BELLA SPA ERP\src\__tests__\salary-recalculation-lifecycle.test.ts:280:5)

      129 |       return config;
      130 |     } catch (error) {
    > 131 |       console.error(`[PayrollConfigService] Error loading config for ${cacheKey}:`, error);
          |               ^
      132 |       // Fallback to default on error
      133 |       return this.getDefaultConfig(providerKey);
      134 |     }

      at PayrollConfigService.error [as getProviderConfig] (src/services/payroll-config.service.ts:131:15)
      at KPIProvider.getProviderConfig [as evaluate] (src/services/providers/kpi-provider.ts:180:46)
      at evaluate (src/modules/hr-salary/actions/salary-recalculation-engine.ts:541:43)
      at Object.<anonymous> (src/__tests__/salary-recalculation-lifecycle.test.ts:280:5)

    console.log
      [PHASE_2_ACTIVE] KPI - Using Provider Result: {
        ktvId: 'ktv-1',
        month: '2026-06-01',
        provider_bonus: 0,
        old_logic_would_be: 999000,
        strategy: undefined,
        sessions: 4
      }

      at log (src/modules/hr-salary/actions/salary-recalculation-engine.ts:546:15)

PASS src/__tests__/tenant-actions.test.ts
  ΓùÅ Console

    console.log
      Γùç injected env (9) from .env.local // tip: Γîÿ multiple files { path: ['.env.local', '.env'] }

      at _log (node_modules/dotenv/lib/main.js:131:11)

    console.log
      [Jest Setup] SUPABASE_SERVICE_ROLE_KEY loaded: sb_secret_Dm... (41 chars)

      at Object.log (jest.setup.ts:10:9)

    console.log
      [getTenantSettings] getCurrentUser took 0ms

      at log (src/services/tenant-actions.ts:120:11)

    console.warn
      [getTenantSettings] Kh├┤ng c├│ tenantId cho ng╞░ß╗¥i d├╣ng hiß╗çn tß║íi

      123 |
      124 |   if (!tenantId) {
    > 125 |     console.warn('[getTenantSettings] Kh├┤ng c├│ tenantId cho ng╞░ß╗¥i d├╣ng hiß╗çn tß║íi');
          |             ^
      126 |     return null;
      127 |   }
      128 |

      at warn (src/services/tenant-actions.ts:125:13)
      at Object.<anonymous> (src/__tests__/tenant-actions.test.ts:194:5)

    console.log
      [getTenantSettings] getCurrentUser took 0ms

      at log (src/services/tenant-actions.ts:120:11)

    console.log
      [getTenantSettings] Redis cache check took 1ms

      at log (src/services/tenant-actions.ts:133:11)

    console.log
      [getTenantSettings] Cache MISS - fetching from DB

      at log (src/services/tenant-actions.ts:139:11)

    console.log
      [getTenantSettings] fetchTenantSnapshot took 0ms

      at log (src/services/tenant-actions.ts:143:11)

    console.log
      [getTenantSettings] TOTAL TIME: 2ms

      at log (src/services/tenant-actions.ts:152:11)

    console.log
      [getTenantSettings] getCurrentUser took 0ms

      at log (src/services/tenant-actions.ts:120:11)

    console.log
      [getTenantSettings] Redis cache check took 0ms

      at log (src/services/tenant-actions.ts:133:11)

    console.log
      [getTenantSettings] Cache MISS - fetching from DB

      at log (src/services/tenant-actions.ts:139:11)

    console.log
      [getTenantSettings] fetchTenantSnapshot took 0ms

      at log (src/services/tenant-actions.ts:143:11)

    console.log
      [getTenantSettings] getCurrentUser took 0ms

      at log (src/services/tenant-actions.ts:120:11)

    console.log
      [getTenantSettings] Redis cache check took 0ms

      at log (src/services/tenant-actions.ts:133:11)

    console.log
      [getTenantSettings] Cache MISS - fetching from DB

      at log (src/services/tenant-actions.ts:139:11)

    console.log
      [getTenantSettings] fetchTenantSnapshot took 0ms

      at log (src/services/tenant-actions.ts:143:11)

    console.log
      [getTenantSettings] TOTAL TIME: 2ms

      at log (src/services/tenant-actions.ts:152:11)

    console.log
      [getTenantSettings] getCurrentUser took 0ms

      at log (src/services/tenant-actions.ts:120:11)

    console.log
      [getTenantSettings] Redis cache check took 0ms

      at log (src/services/tenant-actions.ts:133:11)

    console.log
      [getTenantSettings] Cache MISS - fetching from DB

      at log (src/services/tenant-actions.ts:139:11)

    console.log
      [getTenantSettings] fetchTenantSnapshot took 0ms

      at log (src/services/tenant-actions.ts:143:11)

    console.error
      Error updating tenant settings: { message: 'update denied' }

      239 |
      240 |     if (error) {
    > 241 |       console.error('Error updating tenant settings:', error);
          |               ^
      242 |       return { success: false, error: error.message };
      243 |     }
      244 |

      at error (src/services/tenant-actions.ts:241:15)
      at Object.<anonymous> (src/__tests__/tenant-actions.test.ts:459:20)

PASS src/__tests__/portal-payment-utils.test.ts
  ΓùÅ Console

    console.log
      Γùç injected env (9) from .env.local // tip: Γùê secrets for agents [www.dotenvx.com]

      at _log (node_modules/dotenv/lib/main.js:131:11)

    console.log
      [Jest Setup] SUPABASE_SERVICE_ROLE_KEY loaded: sb_secret_Dm... (41 chars)

      at Object.log (jest.setup.ts:10:9)

PASS src/__tests__/finance-transaction-mutations.test.ts
  ΓùÅ Console

    console.log
      Γùç injected env (9) from .env.local // tip: Γîÿ enable debugging { debug: true }

      at _log (node_modules/dotenv/lib/main.js:131:11)

    console.log
      [Jest Setup] SUPABASE_SERVICE_ROLE_KEY loaded: sb_secret_Dm... (41 chars)

      at Object.log (jest.setup.ts:10:9)

PASS src/__tests__/test-upcoming-route.test.ts
  ΓùÅ Console

    console.log
      Γùç injected env (9) from .env.local // tip: Γîü auth for agents [www.vestauth.com]

      at _log (node_modules/dotenv/lib/main.js:131:11)

    console.log
      [Jest Setup] SUPABASE_SERVICE_ROLE_KEY loaded: sb_secret_Dm... (41 chars)

      at Object.log (jest.setup.ts:10:9)

PASS src/__tests__/salary-reconciliation-summary.test.ts
  ΓùÅ Console

    console.log
      Γùç injected env (9) from .env.local // tip: Γîü auth for agents [www.vestauth.com]

      at _log (node_modules/dotenv/lib/main.js:131:11)

    console.log
      [Jest Setup] SUPABASE_SERVICE_ROLE_KEY loaded: sb_secret_Dm... (41 chars)

      at Object.log (jest.setup.ts:10:9)

PASS src/__tests__/meta-ads-actions.test.ts
  ΓùÅ Console

    console.log
      Γùç injected env (9) from .env.local // tip: Γùê encrypted .env [www.dotenvx.com]

      at _log (node_modules/dotenv/lib/main.js:131:11)

    console.log
      [Jest Setup] SUPABASE_SERVICE_ROLE_KEY loaded: sb_secret_Dm... (41 chars)

      at Object.log (jest.setup.ts:10:9)

PASS src/__tests__/meta-ads-ui.test.ts
  ΓùÅ Console

    console.log
      Γùç injected env (9) from .env.local // tip: Γùê secrets for agents [www.dotenvx.com]

      at _log (node_modules/dotenv/lib/main.js:131:11)

    console.log
      [Jest Setup] SUPABASE_SERVICE_ROLE_KEY loaded: sb_secret_Dm... (41 chars)

      at Object.log (jest.setup.ts:10:9)

PASS src/__tests__/business-invariants-check.test.ts
  ΓùÅ Console

    console.log
      Γùç injected env (9) from .env.local // tip: Γîü auth for agents [www.vestauth.com]

      at _log (node_modules/dotenv/lib/main.js:131:11)

    console.log
      [Jest Setup] SUPABASE_SERVICE_ROLE_KEY loaded: sb_secret_Dm... (41 chars)

      at Object.log (jest.setup.ts:10:9)

PASS src/__tests__/auth-guards.test.ts
  ΓùÅ Console

    console.log
      Γùç injected env (9) from .env.local // tip: Γîü auth for agents [www.vestauth.com]

      at _log (node_modules/dotenv/lib/main.js:131:11)

    console.log
      [Jest Setup] SUPABASE_SERVICE_ROLE_KEY loaded: sb_secret_Dm... (41 chars)

      at Object.log (jest.setup.ts:10:9)

FAIL src/services/intelligence/__tests__/integration/forecast-api.test.ts (17.592 s)
  ΓùÅ Console

    console.log
      Γùç injected env (9) from .env.local // tip: Γîü auth for agents [www.vestauth.com]

      at _log (node_modules/dotenv/lib/main.js:131:11)

    console.log
      [Jest Setup] SUPABASE_SERVICE_ROLE_KEY loaded: sb_secret_Dm... (41 chars)

      at Object.log (jest.setup.ts:10:9)

    console.error
      Failed to save forecast results: {
        code: 'PGRST205',
        details: null,
        hint: "Perhaps you meant the table 'public.rule_test_results'",
        message: "Could not find the table 'public.forecast_results' in the schema cache"
      }

      477 |   
      478 |   if (error) {
    > 479 |     console.error('Failed to save forecast results:', error);
          |             ^
      480 |     // Non-critical error, don't throw
      481 |   }
      482 | }

      at error (src/services/intelligence/forecast/revenue-forecast.ts:479:13)
      at forecastRevenue (src/services/intelligence/forecast/revenue-forecast.ts:100:3)
      at ForecastService.getRevenueForecast (src/services/intelligence/forecast/service.ts:82:22)
      at GET (src/app/api/intelligence/forecast/revenue/route.ts:62:20)
      at src/services/intelligence/__tests__/integration/forecast-api.test.ts:75:12
      at Object.<anonymous> (src/services/intelligence/__tests__/integration/forecast-api.test.ts:133:24)

    console.error
      Failed to save forecast results: {
        code: 'PGRST205',
        details: null,
        hint: "Perhaps you meant the table 'public.rule_test_results'",
        message: "Could not find the table 'public.forecast_results' in the schema cache"
      }

      477 |   
      478 |   if (error) {
    > 479 |     console.error('Failed to save forecast results:', error);
          |             ^
      480 |     // Non-critical error, don't throw
      481 |   }
      482 | }

      at error (src/services/intelligence/forecast/revenue-forecast.ts:479:13)
      at forecastRevenue (src/services/intelligence/forecast/revenue-forecast.ts:100:3)
      at ForecastService.getRevenueForecast (src/services/intelligence/forecast/service.ts:82:22)
      at GET (src/app/api/intelligence/forecast/revenue/route.ts:62:20)
      at src/services/intelligence/__tests__/integration/forecast-api.test.ts:75:12
      at Object.<anonymous> (src/services/intelligence/__tests__/integration/forecast-api.test.ts:144:24)

    console.error
      Failed to save forecast results: {
        code: 'PGRST205',
        details: null,
        hint: "Perhaps you meant the table 'public.rule_test_results'",
        message: "Could not find the table 'public.forecast_results' in the schema cache"
      }

      477 |   
      478 |   if (error) {
    > 479 |     console.error('Failed to save forecast results:', error);
          |             ^
      480 |     // Non-critical error, don't throw
      481 |   }
      482 | }

      at error (src/services/intelligence/forecast/revenue-forecast.ts:479:13)
      at forecastRevenue (src/services/intelligence/forecast/revenue-forecast.ts:100:3)
      at ForecastService.getRevenueForecast (src/services/intelligence/forecast/service.ts:82:22)
      at GET (src/app/api/intelligence/forecast/revenue/route.ts:62:20)
      at src/services/intelligence/__tests__/integration/forecast-api.test.ts:75:12
      at Object.<anonymous> (src/services/intelligence/__tests__/integration/forecast-api.test.ts:167:25)

    console.error
      Failed to save forecast results: {
        code: 'PGRST205',
        details: null,
        hint: "Perhaps you meant the table 'public.rule_test_results'",
        message: "Could not find the table 'public.forecast_results' in the schema cache"
      }

      477 |   
      478 |   if (error) {
    > 479 |     console.error('Failed to save forecast results:', error);
          |             ^
      480 |     // Non-critical error, don't throw
      481 |   }
      482 | }

      at error (src/services/intelligence/forecast/revenue-forecast.ts:479:13)
      at forecastRevenue (src/services/intelligence/forecast/revenue-forecast.ts:100:3)
      at ForecastService.getRevenueForecast (src/services/intelligence/forecast/service.ts:82:22)
      at GET (src/app/api/intelligence/forecast/revenue/route.ts:62:20)
      at src/services/intelligence/__tests__/integration/forecast-api.test.ts:75:12
      at Object.<anonymous> (src/services/intelligence/__tests__/integration/forecast-api.test.ts:206:24)

    console.error
      Failed to save forecast results: {
        code: 'PGRST205',
        details: null,
        hint: "Perhaps you meant the table 'public.rule_test_results'",
        message: "Could not find the table 'public.forecast_results' in the schema cache"
      }

      477 |   
      478 |   if (error) {
    > 479 |     console.error('Failed to save forecast results:', error);
          |             ^
      480 |     // Non-critical error, don't throw
      481 |   }
      482 | }

      at error (src/services/intelligence/forecast/revenue-forecast.ts:479:13)
      at forecastRevenue (src/services/intelligence/forecast/revenue-forecast.ts:100:3)
      at ForecastService.getRevenueForecast (src/services/intelligence/forecast/service.ts:82:22)
      at GET (src/app/api/intelligence/forecast/revenue/route.ts:62:20)
      at src/services/intelligence/__tests__/integration/forecast-api.test.ts:75:12
          at async Promise.all (index 0)
      at Object.<anonymous> (src/services/intelligence/__tests__/integration/forecast-api.test.ts:219:25)

    console.error
      Failed to save forecast results: {
        code: 'PGRST205',
        details: null,
        hint: "Perhaps you meant the table 'public.rule_test_results'",
        message: "Could not find the table 'public.forecast_results' in the schema cache"
      }

      477 |   
      478 |   if (error) {
    > 479 |     console.error('Failed to save forecast results:', error);
          |             ^
      480 |     // Non-critical error, don't throw
      481 |   }
      482 | }

      at error (src/services/intelligence/forecast/revenue-forecast.ts:479:13)
      at forecastRevenue (src/services/intelligence/forecast/revenue-forecast.ts:100:3)
      at ForecastService.getRevenueForecast (src/services/intelligence/forecast/service.ts:82:22)
      at GET (src/app/api/intelligence/forecast/revenue/route.ts:62:20)
      at src/services/intelligence/__tests__/integration/forecast-api.test.ts:75:12
          at async Promise.all (index 21)
      at Object.<anonymous> (src/services/intelligence/__tests__/integration/forecast-api.test.ts:219:25)

    console.error
      Failed to save forecast results: {
        code: 'PGRST205',
        details: null,
        hint: "Perhaps you meant the table 'public.rule_test_results'",
        message: "Could not find the table 'public.forecast_results' in the schema cache"
      }

      477 |   
      478 |   if (error) {
    > 479 |     console.error('Failed to save forecast results:', error);
          |             ^
      480 |     // Non-critical error, don't throw
      481 |   }
      482 | }

      at error (src/services/intelligence/forecast/revenue-forecast.ts:479:13)
      at forecastRevenue (src/services/intelligence/forecast/revenue-forecast.ts:100:3)
      at ForecastService.getRevenueForecast (src/services/intelligence/forecast/service.ts:82:22)
      at GET (src/app/api/intelligence/forecast/revenue/route.ts:62:20)
      at src/services/intelligence/__tests__/integration/forecast-api.test.ts:75:12
          at async Promise.all (index 3)
      at Object.<anonymous> (src/services/intelligence/__tests__/integration/forecast-api.test.ts:219:25)

    console.error
      Failed to save forecast results: {
        code: 'PGRST205',
        details: null,
        hint: "Perhaps you meant the table 'public.rule_test_results'",
        message: "Could not find the table 'public.forecast_results' in the schema cache"
      }

      477 |   
      478 |   if (error) {
    > 479 |     console.error('Failed to save forecast results:', error);
          |             ^
      480 |     // Non-critical error, don't throw
      481 |   }
      482 | }

      at error (src/services/intelligence/forecast/revenue-forecast.ts:479:13)
      at forecastRevenue (src/services/intelligence/forecast/revenue-forecast.ts:100:3)
      at ForecastService.getRevenueForecast (src/services/intelligence/forecast/service.ts:82:22)
      at GET (src/app/api/intelligence/forecast/revenue/route.ts:62:20)
      at src/services/intelligence/__tests__/integration/forecast-api.test.ts:75:12
          at async Promise.all (index 49)
      at Object.<anonymous> (src/services/intelligence/__tests__/integration/forecast-api.test.ts:219:25)

    console.error
      Failed to save forecast results: {
        code: 'PGRST205',
        details: null,
        hint: "Perhaps you meant the table 'public.rule_test_results'",
        message: "Could not find the table 'public.forecast_results' in the schema cache"
      }

      477 |   
      478 |   if (error) {
    > 479 |     console.error('Failed to save forecast results:', error);
          |             ^
      480 |     // Non-critical error, don't throw
      481 |   }
      482 | }

      at error (src/services/intelligence/forecast/revenue-forecast.ts:479:13)
      at forecastRevenue (src/services/intelligence/forecast/revenue-forecast.ts:100:3)
      at ForecastService.getRevenueForecast (src/services/intelligence/forecast/service.ts:82:22)
      at GET (src/app/api/intelligence/forecast/revenue/route.ts:62:20)
      at src/services/intelligence/__tests__/integration/forecast-api.test.ts:75:12
          at async Promise.all (index 7)
      at Object.<anonymous> (src/services/intelligence/__tests__/integration/forecast-api.test.ts:219:25)

    console.error
      Failed to save forecast results: {
        code: 'PGRST205',
        details: null,
        hint: "Perhaps you meant the table 'public.rule_test_results'",
        message: "Could not find the table 'public.forecast_results' in the schema cache"
      }

      477 |   
      478 |   if (error) {
    > 479 |     console.error('Failed to save forecast results:', error);
          |             ^
      480 |     // Non-critical error, don't throw
      481 |   }
      482 | }

      at error (src/services/intelligence/forecast/revenue-forecast.ts:479:13)
      at forecastRevenue (src/services/intelligence/forecast/revenue-forecast.ts:100:3)
      at ForecastService.getRevenueForecast (src/services/intelligence/forecast/service.ts:82:22)
      at GET (src/app/api/intelligence/forecast/revenue/route.ts:62:20)
      at src/services/intelligence/__tests__/integration/forecast-api.test.ts:75:12
          at async Promise.all (index 10)
      at Object.<anonymous> (src/services/intelligence/__tests__/integration/forecast-api.test.ts:219:25)

    console.error
      Failed to save forecast results: {
        code: 'PGRST205',
        details: null,
        hint: "Perhaps you meant the table 'public.rule_test_results'",
        message: "Could not find the table 'public.forecast_results' in the schema cache"
      }

      477 |   
      478 |   if (error) {
    > 479 |     console.error('Failed to save forecast results:', error);
          |             ^
      480 |     // Non-critical error, don't throw
      481 |   }
      482 | }

      at error (src/services/intelligence/forecast/revenue-forecast.ts:479:13)
      at forecastRevenue (src/services/intelligence/forecast/revenue-forecast.ts:100:3)
      at ForecastService.getRevenueForecast (src/services/intelligence/forecast/service.ts:82:22)
      at GET (src/app/api/intelligence/forecast/revenue/route.ts:62:20)
      at src/services/intelligence/__tests__/integration/forecast-api.test.ts:75:12
          at async Promise.all (index 32)
      at Object.<anonymous> (src/services/intelligence/__tests__/integration/forecast-api.test.ts:219:25)

    console.error
      Failed to save forecast results: {
        code: 'PGRST205',
        details: null,
        hint: "Perhaps you meant the table 'public.rule_test_results'",
        message: "Could not find the table 'public.forecast_results' in the schema cache"
      }

      477 |   
      478 |   if (error) {
    > 479 |     console.error('Failed to save forecast results:', error);
          |             ^
      480 |     // Non-critical error, don't throw
      481 |   }
      482 | }

      at error (src/services/intelligence/forecast/revenue-forecast.ts:479:13)
      at forecastRevenue (src/services/intelligence/forecast/revenue-forecast.ts:100:3)
      at ForecastService.getRevenueForecast (src/services/intelligence/forecast/service.ts:82:22)
      at GET (src/app/api/intelligence/forecast/revenue/route.ts:62:20)
      at src/services/intelligence/__tests__/integration/forecast-api.test.ts:75:12
          at async Promise.all (index 30)
      at Object.<anonymous> (src/services/intelligence/__tests__/integration/forecast-api.test.ts:219:25)

    console.error
      Failed to save forecast results: {
        code: 'PGRST205',
        details: null,
        hint: "Perhaps you meant the table 'public.rule_test_results'",
        message: "Could not find the table 'public.forecast_results' in the schema cache"
      }

      477 |   
      478 |   if (error) {
    > 479 |     console.error('Failed to save forecast results:', error);
          |             ^
      480 |     // Non-critical error, don't throw
      481 |   }
      482 | }

      at error (src/services/intelligence/forecast/revenue-forecast.ts:479:13)
      at forecastRevenue (src/services/intelligence/forecast/revenue-forecast.ts:100:3)
      at ForecastService.getRevenueForecast (src/services/intelligence/forecast/service.ts:82:22)
      at GET (src/app/api/intelligence/forecast/revenue/route.ts:62:20)
      at src/services/intelligence/__tests__/integration/forecast-api.test.ts:75:12
          at async Promise.all (index 37)
      at Object.<anonymous> (src/services/intelligence/__tests__/integration/forecast-api.test.ts:219:25)

    console.error
      Failed to save forecast results: {
        code: 'PGRST205',
        details: null,
        hint: "Perhaps you meant the table 'public.rule_test_results'",
        message: "Could not find the table 'public.forecast_results' in the schema cache"
      }

      477 |   
      478 |   if (error) {
    > 479 |     console.error('Failed to save forecast results:', error);
          |             ^
      480 |     // Non-critical error, don't throw
      481 |   }
      482 | }

      at error (src/services/intelligence/forecast/revenue-forecast.ts:479:13)
      at forecastRevenue (src/services/intelligence/forecast/revenue-forecast.ts:100:3)
      at ForecastService.getRevenueForecast (src/services/intelligence/forecast/service.ts:82:22)
      at GET (src/app/api/intelligence/forecast/revenue/route.ts:62:20)
      at src/services/intelligence/__tests__/integration/forecast-api.test.ts:75:12
          at async Promise.all (index 46)
      at Object.<anonymous> (src/services/intelligence/__tests__/integration/forecast-api.test.ts:219:25)

    console.error
      Failed to save forecast results: {
        code: 'PGRST205',
        details: null,
        hint: "Perhaps you meant the table 'public.rule_test_results'",
        message: "Could not find the table 'public.forecast_results' in the schema cache"
      }

      477 |   
      478 |   if (error) {
    > 479 |     console.error('Failed to save forecast results:', error);
          |             ^
      480 |     // Non-critical error, don't throw
      481 |   }
      482 | }

      at error (src/services/intelligence/forecast/revenue-forecast.ts:479:13)
      at forecastRevenue (src/services/intelligence/forecast/revenue-forecast.ts:100:3)
      at ForecastService.getRevenueForecast (src/services/intelligence/forecast/service.ts:82:22)
      at GET (src/app/api/intelligence/forecast/revenue/route.ts:62:20)
      at src/services/intelligence/__tests__/integration/forecast-api.test.ts:75:12
          at async Promise.all (index 28)
      at Object.<anonymous> (src/services/intelligence/__tests__/integration/forecast-api.test.ts:219:25)

    console.error
      Failed to save forecast results: {
        code: 'PGRST205',
        details: null,
        hint: "Perhaps you meant the table 'public.rule_test_results'",
        message: "Could not find the table 'public.forecast_results' in the schema cache"
      }

      477 |   
      478 |   if (error) {
    > 479 |     console.error('Failed to save forecast results:', error);
          |             ^
      480 |     // Non-critical error, don't throw
      481 |   }
      482 | }

      at error (src/services/intelligence/forecast/revenue-forecast.ts:479:13)
      at forecastRevenue (src/services/intelligence/forecast/revenue-forecast.ts:100:3)
      at ForecastService.getRevenueForecast (src/services/intelligence/forecast/service.ts:82:22)
      at GET (src/app/api/intelligence/forecast/revenue/route.ts:62:20)
      at src/services/intelligence/__tests__/integration/forecast-api.test.ts:75:12
          at async Promise.all (index 12)
      at Object.<anonymous> (src/services/intelligence/__tests__/integration/forecast-api.test.ts:219:25)

    console.error
      Failed to save forecast results: {
        code: 'PGRST205',
        details: null,
        hint: "Perhaps you meant the table 'public.rule_test_results'",
        message: "Could not find the table 'public.forecast_results' in the schema cache"
      }

      477 |   
      478 |   if (error) {
    > 479 |     console.error('Failed to save forecast results:', error);
          |             ^
      480 |     // Non-critical error, don't throw
      481 |   }
      482 | }

      at error (src/services/intelligence/forecast/revenue-forecast.ts:479:13)
      at forecastRevenue (src/services/intelligence/forecast/revenue-forecast.ts:100:3)
      at ForecastService.getRevenueForecast (src/services/intelligence/forecast/service.ts:82:22)
      at GET (src/app/api/intelligence/forecast/revenue/route.ts:62:20)
      at src/services/intelligence/__tests__/integration/forecast-api.test.ts:75:12
          at async Promise.all (index 17)
      at Object.<anonymous> (src/services/intelligence/__tests__/integration/forecast-api.test.ts:219:25)

    console.error
      Failed to save forecast results: {
        code: 'PGRST205',
        details: null,
        hint: "Perhaps you meant the table 'public.rule_test_results'",
        message: "Could not find the table 'public.forecast_results' in the schema cache"
      }

      477 |   
      478 |   if (error) {
    > 479 |     console.error('Failed to save forecast results:', error);
          |             ^
      480 |     // Non-critical error, don't throw
      481 |   }
      482 | }

      at error (src/services/intelligence/forecast/revenue-forecast.ts:479:13)
      at forecastRevenue (src/services/intelligence/forecast/revenue-forecast.ts:100:3)
      at ForecastService.getRevenueForecast (src/services/intelligence/forecast/service.ts:82:22)
      at GET (src/app/api/intelligence/forecast/revenue/route.ts:62:20)
      at src/services/intelligence/__tests__/integration/forecast-api.test.ts:75:12
          at async Promise.all (index 44)
      at Object.<anonymous> (src/services/intelligence/__tests__/integration/forecast-api.test.ts:219:25)

    console.error
      Failed to save forecast results: {
        code: 'PGRST205',
        details: null,
        hint: "Perhaps you meant the table 'public.rule_test_results'",
        message: "Could not find the table 'public.forecast_results' in the schema cache"
      }

      477 |   
      478 |   if (error) {
    > 479 |     console.error('Failed to save forecast results:', error);
          |             ^
      480 |     // Non-critical error, don't throw
      481 |   }
      482 | }

      at error (src/services/intelligence/forecast/revenue-forecast.ts:479:13)
      at forecastRevenue (src/services/intelligence/forecast/revenue-forecast.ts:100:3)
      at ForecastService.getRevenueForecast (src/services/intelligence/forecast/service.ts:82:22)
      at GET (src/app/api/intelligence/forecast/revenue/route.ts:62:20)
      at src/services/intelligence/__tests__/integration/forecast-api.test.ts:75:12
          at async Promise.all (index 36)
      at Object.<anonymous> (src/services/intelligence/__tests__/integration/forecast-api.test.ts:219:25)

    console.error
      Failed to save forecast results: {
        code: 'PGRST205',
        details: null,
        hint: "Perhaps you meant the table 'public.rule_test_results'",
        message: "Could not find the table 'public.forecast_results' in the schema cache"
      }

      477 |   
      478 |   if (error) {
    > 479 |     console.error('Failed to save forecast results:', error);
          |             ^
      480 |     // Non-critical error, don't throw
      481 |   }
      482 | }

      at error (src/services/intelligence/forecast/revenue-forecast.ts:479:13)
      at forecastRevenue (src/services/intelligence/forecast/revenue-forecast.ts:100:3)
      at ForecastService.getRevenueForecast (src/services/intelligence/forecast/service.ts:82:22)
      at GET (src/app/api/intelligence/forecast/revenue/route.ts:62:20)
      at src/services/intelligence/__tests__/integration/forecast-api.test.ts:75:12
          at async Promise.all (index 43)
      at Object.<anonymous> (src/services/intelligence/__tests__/integration/forecast-api.test.ts:219:25)

    console.error
      Failed to save forecast results: {
        code: 'PGRST205',
        details: null,
        hint: "Perhaps you meant the table 'public.rule_test_results'",
        message: "Could not find the table 'public.forecast_results' in the schema cache"
      }

      477 |   
      478 |   if (error) {
    > 479 |     console.error('Failed to save forecast results:', error);
          |             ^
      480 |     // Non-critical error, don't throw
      481 |   }
      482 | }

      at error (src/services/intelligence/forecast/revenue-forecast.ts:479:13)
      at forecastRevenue (src/services/intelligence/forecast/revenue-forecast.ts:100:3)
      at ForecastService.getRevenueForecast (src/services/intelligence/forecast/service.ts:82:22)
      at GET (src/app/api/intelligence/forecast/revenue/route.ts:62:20)
      at src/services/intelligence/__tests__/integration/forecast-api.test.ts:75:12
          at async Promise.all (index 16)
      at Object.<anonymous> (src/services/intelligence/__tests__/integration/forecast-api.test.ts:219:25)

    console.error
      Failed to save forecast results: {
        code: 'PGRST205',
        details: null,
        hint: "Perhaps you meant the table 'public.rule_test_results'",
        message: "Could not find the table 'public.forecast_results' in the schema cache"
      }

      477 |   
      478 |   if (error) {
    > 479 |     console.error('Failed to save forecast results:', error);
          |             ^
      480 |     // Non-critical error, don't throw
      481 |   }
      482 | }

      at error (src/services/intelligence/forecast/revenue-forecast.ts:479:13)
      at forecastRevenue (src/services/intelligence/forecast/revenue-forecast.ts:100:3)
      at ForecastService.getRevenueForecast (src/services/intelligence/forecast/service.ts:82:22)
      at GET (src/app/api/intelligence/forecast/revenue/route.ts:62:20)
      at src/services/intelligence/__tests__/integration/forecast-api.test.ts:75:12
          at async Promise.all (index 13)
      at Object.<anonymous> (src/services/intelligence/__tests__/integration/forecast-api.test.ts:219:25)

    console.error
      Failed to save forecast results: {
        code: 'PGRST205',
        details: null,
        hint: "Perhaps you meant the table 'public.rule_test_results'",
        message: "Could not find the table 'public.forecast_results' in the schema cache"
      }

      477 |   
      478 |   if (error) {
    > 479 |     console.error('Failed to save forecast results:', error);
          |             ^
      480 |     // Non-critical error, don't throw
      481 |   }
      482 | }

      at error (src/services/intelligence/forecast/revenue-forecast.ts:479:13)
      at forecastRevenue (src/services/intelligence/forecast/revenue-forecast.ts:100:3)
      at ForecastService.getRevenueForecast (src/services/intelligence/forecast/service.ts:82:22)
      at GET (src/app/api/intelligence/forecast/revenue/route.ts:62:20)
      at src/services/intelligence/__tests__/integration/forecast-api.test.ts:75:12
          at async Promise.all (index 1)
      at Object.<anonymous> (src/services/intelligence/__tests__/integration/forecast-api.test.ts:219:25)

    console.error
      Failed to save forecast results: {
        code: 'PGRST205',
        details: null,
        hint: "Perhaps you meant the table 'public.rule_test_results'",
        message: "Could not find the table 'public.forecast_results' in the schema cache"
      }

      477 |   
      478 |   if (error) {
    > 479 |     console.error('Failed to save forecast results:', error);
          |             ^
      480 |     // Non-critical error, don't throw
      481 |   }
      482 | }

      at error (src/services/intelligence/forecast/revenue-forecast.ts:479:13)
      at forecastRevenue (src/services/intelligence/forecast/revenue-forecast.ts:100:3)
      at ForecastService.getRevenueForecast (src/services/intelligence/forecast/service.ts:82:22)
      at GET (src/app/api/intelligence/forecast/revenue/route.ts:62:20)
      at src/services/intelligence/__tests__/integration/forecast-api.test.ts:75:12
          at async Promise.all (index 24)
      at Object.<anonymous> (src/services/intelligence/__tests__/integration/forecast-api.test.ts:219:25)

    console.error
      Failed to save forecast results: {
        code: 'PGRST205',
        details: null,
        hint: "Perhaps you meant the table 'public.rule_test_results'",
        message: "Could not find the table 'public.forecast_results' in the schema cache"
      }

      477 |   
      478 |   if (error) {
    > 479 |     console.error('Failed to save forecast results:', error);
          |             ^
      480 |     // Non-critical error, don't throw
      481 |   }
      482 | }

      at error (src/services/intelligence/forecast/revenue-forecast.ts:479:13)
      at forecastRevenue (src/services/intelligence/forecast/revenue-forecast.ts:100:3)
      at ForecastService.getRevenueForecast (src/services/intelligence/forecast/service.ts:82:22)
      at GET (src/app/api/intelligence/forecast/revenue/route.ts:62:20)
      at src/services/intelligence/__tests__/integration/forecast-api.test.ts:75:12
          at async Promise.all (index 6)
      at Object.<anonymous> (src/services/intelligence/__tests__/integration/forecast-api.test.ts:219:25)

    console.error
      Failed to save forecast results: {
        code: 'PGRST205',
        details: null,
        hint: "Perhaps you meant the table 'public.rule_test_results'",
        message: "Could not find the table 'public.forecast_results' in the schema cache"
      }

      477 |   
      478 |   if (error) {
    > 479 |     console.error('Failed to save forecast results:', error);
          |             ^
      480 |     // Non-critical error, don't throw
      481 |   }
      482 | }

      at error (src/services/intelligence/forecast/revenue-forecast.ts:479:13)
      at forecastRevenue (src/services/intelligence/forecast/revenue-forecast.ts:100:3)
      at ForecastService.getRevenueForecast (src/services/intelligence/forecast/service.ts:82:22)
      at GET (src/app/api/intelligence/forecast/revenue/route.ts:62:20)
      at src/services/intelligence/__tests__/integration/forecast-api.test.ts:75:12
          at async Promise.all (index 47)
      at Object.<anonymous> (src/services/intelligence/__tests__/integration/forecast-api.test.ts:219:25)

    console.error
      Failed to save forecast results: {
        code: 'PGRST205',
        details: null,
        hint: "Perhaps you meant the table 'public.rule_test_results'",
        message: "Could not find the table 'public.forecast_results' in the schema cache"
      }

      477 |   
      478 |   if (error) {
    > 479 |     console.error('Failed to save forecast results:', error);
          |             ^
      480 |     // Non-critical error, don't throw
      481 |   }
      482 | }

      at error (src/services/intelligence/forecast/revenue-forecast.ts:479:13)
      at forecastRevenue (src/services/intelligence/forecast/revenue-forecast.ts:100:3)
      at ForecastService.getRevenueForecast (src/services/intelligence/forecast/service.ts:82:22)
      at GET (src/app/api/intelligence/forecast/revenue/route.ts:62:20)
      at src/services/intelligence/__tests__/integration/forecast-api.test.ts:75:12
          at async Promise.all (index 35)
      at Object.<anonymous> (src/services/intelligence/__tests__/integration/forecast-api.test.ts:219:25)

    console.error
      Failed to save forecast results: {
        code: 'PGRST205',
        details: null,
        hint: "Perhaps you meant the table 'public.rule_test_results'",
        message: "Could not find the table 'public.forecast_results' in the schema cache"
      }

      477 |   
      478 |   if (error) {
    > 479 |     console.error('Failed to save forecast results:', error);
          |             ^
      480 |     // Non-critical error, don't throw
      481 |   }
      482 | }

      at error (src/services/intelligence/forecast/revenue-forecast.ts:479:13)
      at forecastRevenue (src/services/intelligence/forecast/revenue-forecast.ts:100:3)
      at ForecastService.getRevenueForecast (src/services/intelligence/forecast/service.ts:82:22)
      at GET (src/app/api/intelligence/forecast/revenue/route.ts:62:20)
      at src/services/intelligence/__tests__/integration/forecast-api.test.ts:75:12
          at async Promise.all (index 39)
      at Object.<anonymous> (src/services/intelligence/__tests__/integration/forecast-api.test.ts:219:25)

    console.error
      Failed to save forecast results: {
        code: 'PGRST205',
        details: null,
        hint: "Perhaps you meant the table 'public.rule_test_results'",
        message: "Could not find the table 'public.forecast_results' in the schema cache"
      }

      477 |   
      478 |   if (error) {
    > 479 |     console.error('Failed to save forecast results:', error);
          |             ^
      480 |     // Non-critical error, don't throw
      481 |   }
      482 | }

      at error (src/services/intelligence/forecast/revenue-forecast.ts:479:13)
      at forecastRevenue (src/services/intelligence/forecast/revenue-forecast.ts:100:3)
      at ForecastService.getRevenueForecast (src/services/intelligence/forecast/service.ts:82:22)
      at GET (src/app/api/intelligence/forecast/revenue/route.ts:62:20)
      at src/services/intelligence/__tests__/integration/forecast-api.test.ts:75:12
          at async Promise.all (index 5)
      at Object.<anonymous> (src/services/intelligence/__tests__/integration/forecast-api.test.ts:219:25)

    console.error
      Failed to save forecast results: {
        code: 'PGRST205',
        details: null,
        hint: "Perhaps you meant the table 'public.rule_test_results'",
        message: "Could not find the table 'public.forecast_results' in the schema cache"
      }

      477 |   
      478 |   if (error) {
    > 479 |     console.error('Failed to save forecast results:', error);
          |             ^
      480 |     // Non-critical error, don't throw
      481 |   }
      482 | }

      at error (src/services/intelligence/forecast/revenue-forecast.ts:479:13)
      at forecastRevenue (src/services/intelligence/forecast/revenue-forecast.ts:100:3)
      at ForecastService.getRevenueForecast (src/services/intelligence/forecast/service.ts:82:22)
      at GET (src/app/api/intelligence/forecast/revenue/route.ts:62:20)
      at src/services/intelligence/__tests__/integration/forecast-api.test.ts:75:12
          at async Promise.all (index 31)
      at Object.<anonymous> (src/services/intelligence/__tests__/integration/forecast-api.test.ts:219:25)

    console.error
      Failed to save forecast results: {
        code: 'PGRST205',
        details: null,
        hint: "Perhaps you meant the table 'public.rule_test_results'",
        message: "Could not find the table 'public.forecast_results' in the schema cache"
      }

      477 |   
      478 |   if (error) {
    > 479 |     console.error('Failed to save forecast results:', error);
          |             ^
      480 |     // Non-critical error, don't throw
      481 |   }
      482 | }

      at error (src/services/intelligence/forecast/revenue-forecast.ts:479:13)
      at forecastRevenue (src/services/intelligence/forecast/revenue-forecast.ts:100:3)
      at ForecastService.getRevenueForecast (src/services/intelligence/forecast/service.ts:82:22)
      at GET (src/app/api/intelligence/forecast/revenue/route.ts:62:20)
      at src/services/intelligence/__tests__/integration/forecast-api.test.ts:75:12
          at async Promise.all (index 48)
      at Object.<anonymous> (src/services/intelligence/__tests__/integration/forecast-api.test.ts:219:25)

    console.error
      Failed to save forecast results: {
        code: 'PGRST205',
        details: null,
        hint: "Perhaps you meant the table 'public.rule_test_results'",
        message: "Could not find the table 'public.forecast_results' in the schema cache"
      }

      477 |   
      478 |   if (error) {
    > 479 |     console.error('Failed to save forecast results:', error);
          |             ^
      480 |     // Non-critical error, don't throw
      481 |   }
      482 | }

      at error (src/services/intelligence/forecast/revenue-forecast.ts:479:13)
      at forecastRevenue (src/services/intelligence/forecast/revenue-forecast.ts:100:3)
      at ForecastService.getRevenueForecast (src/services/intelligence/forecast/service.ts:82:22)
      at GET (src/app/api/intelligence/forecast/revenue/route.ts:62:20)
      at src/services/intelligence/__tests__/integration/forecast-api.test.ts:75:12
          at async Promise.all (index 4)
      at Object.<anonymous> (src/services/intelligence/__tests__/integration/forecast-api.test.ts:219:25)

    console.error
      Failed to save forecast results: {
        code: 'PGRST205',
        details: null,
        hint: "Perhaps you meant the table 'public.rule_test_results'",
        message: "Could not find the table 'public.forecast_results' in the schema cache"
      }

      477 |   
      478 |   if (error) {
    > 479 |     console.error('Failed to save forecast results:', error);
          |             ^
      480 |     // Non-critical error, don't throw
      481 |   }
      482 | }

      at error (src/services/intelligence/forecast/revenue-forecast.ts:479:13)
      at forecastRevenue (src/services/intelligence/forecast/revenue-forecast.ts:100:3)
      at ForecastService.getRevenueForecast (src/services/intelligence/forecast/service.ts:82:22)
      at GET (src/app/api/intelligence/forecast/revenue/route.ts:62:20)
      at src/services/intelligence/__tests__/integration/forecast-api.test.ts:75:12
          at async Promise.all (index 45)
      at Object.<anonymous> (src/services/intelligence/__tests__/integration/forecast-api.test.ts:219:25)

    console.error
      Failed to save forecast results: {
        code: 'PGRST205',
        details: null,
        hint: "Perhaps you meant the table 'public.rule_test_results'",
        message: "Could not find the table 'public.forecast_results' in the schema cache"
      }

      477 |   
      478 |   if (error) {
    > 479 |     console.error('Failed to save forecast results:', error);
          |             ^
      480 |     // Non-critical error, don't throw
      481 |   }
      482 | }

      at error (src/services/intelligence/forecast/revenue-forecast.ts:479:13)
      at forecastRevenue (src/services/intelligence/forecast/revenue-forecast.ts:100:3)
      at ForecastService.getRevenueForecast (src/services/intelligence/forecast/service.ts:82:22)
      at GET (src/app/api/intelligence/forecast/revenue/route.ts:62:20)
      at src/services/intelligence/__tests__/integration/forecast-api.test.ts:75:12
          at async Promise.all (index 19)
      at Object.<anonymous> (src/services/intelligence/__tests__/integration/forecast-api.test.ts:219:25)

    console.error
      Failed to save forecast results: {
        code: 'PGRST205',
        details: null,
        hint: "Perhaps you meant the table 'public.rule_test_results'",
        message: "Could not find the table 'public.forecast_results' in the schema cache"
      }

      477 |   
      478 |   if (error) {
    > 479 |     console.error('Failed to save forecast results:', error);
          |             ^
      480 |     // Non-critical error, don't throw
      481 |   }
      482 | }

      at error (src/services/intelligence/forecast/revenue-forecast.ts:479:13)
      at forecastRevenue (src/services/intelligence/forecast/revenue-forecast.ts:100:3)
      at ForecastService.getRevenueForecast (src/services/intelligence/forecast/service.ts:82:22)
      at GET (src/app/api/intelligence/forecast/revenue/route.ts:62:20)
      at src/services/intelligence/__tests__/integration/forecast-api.test.ts:75:12
          at async Promise.all (index 25)
      at Object.<anonymous> (src/services/intelligence/__tests__/integration/forecast-api.test.ts:219:25)

    console.error
      Failed to save forecast results: {
        code: 'PGRST205',
        details: null,
        hint: "Perhaps you meant the table 'public.rule_test_results'",
        message: "Could not find the table 'public.forecast_results' in the schema cache"
      }

      477 |   
      478 |   if (error) {
    > 479 |     console.error('Failed to save forecast results:', error);
          |             ^
      480 |     // Non-critical error, don't throw
      481 |   }
      482 | }

      at error (src/services/intelligence/forecast/revenue-forecast.ts:479:13)
      at forecastRevenue (src/services/intelligence/forecast/revenue-forecast.ts:100:3)
      at ForecastService.getRevenueForecast (src/services/intelligence/forecast/service.ts:82:22)
      at GET (src/app/api/intelligence/forecast/revenue/route.ts:62:20)
      at src/services/intelligence/__tests__/integration/forecast-api.test.ts:75:12
          at async Promise.all (index 26)
      at Object.<anonymous> (src/services/intelligence/__tests__/integration/forecast-api.test.ts:219:25)

    console.error
      Failed to save forecast results: {
        code: 'PGRST205',
        details: null,
        hint: "Perhaps you meant the table 'public.rule_test_results'",
        message: "Could not find the table 'public.forecast_results' in the schema cache"
      }

      477 |   
      478 |   if (error) {
    > 479 |     console.error('Failed to save forecast results:', error);
          |             ^
      480 |     // Non-critical error, don't throw
      481 |   }
      482 | }

      at error (src/services/intelligence/forecast/revenue-forecast.ts:479:13)
      at forecastRevenue (src/services/intelligence/forecast/revenue-forecast.ts:100:3)
      at ForecastService.getRevenueForecast (src/services/intelligence/forecast/service.ts:82:22)
      at GET (src/app/api/intelligence/forecast/revenue/route.ts:62:20)
      at src/services/intelligence/__tests__/integration/forecast-api.test.ts:75:12
          at async Promise.all (index 41)
      at Object.<anonymous> (src/services/intelligence/__tests__/integration/forecast-api.test.ts:219:25)

    console.error
      Failed to save forecast results: {
        code: 'PGRST205',
        details: null,
        hint: "Perhaps you meant the table 'public.rule_test_results'",
        message: "Could not find the table 'public.forecast_results' in the schema cache"
      }

      477 |   
      478 |   if (error) {
    > 479 |     console.error('Failed to save forecast results:', error);
          |             ^
      480 |     // Non-critical error, don't throw
      481 |   }
      482 | }

      at error (src/services/intelligence/forecast/revenue-forecast.ts:479:13)
      at forecastRevenue (src/services/intelligence/forecast/revenue-forecast.ts:100:3)
      at ForecastService.getRevenueForecast (src/services/intelligence/forecast/service.ts:82:22)
      at GET (src/app/api/intelligence/forecast/revenue/route.ts:62:20)
      at src/services/intelligence/__tests__/integration/forecast-api.test.ts:75:12
          at async Promise.all (index 2)
      at Object.<anonymous> (src/services/intelligence/__tests__/integration/forecast-api.test.ts:219:25)

    console.error
      Failed to save forecast results: {
        code: 'PGRST205',
        details: null,
        hint: "Perhaps you meant the table 'public.rule_test_results'",
        message: "Could not find the table 'public.forecast_results' in the schema cache"
      }

      477 |   
      478 |   if (error) {
    > 479 |     console.error('Failed to save forecast results:', error);
          |             ^
      480 |     // Non-critical error, don't throw
      481 |   }
      482 | }

      at error (src/services/intelligence/forecast/revenue-forecast.ts:479:13)
      at forecastRevenue (src/services/intelligence/forecast/revenue-forecast.ts:100:3)
      at ForecastService.getRevenueForecast (src/services/intelligence/forecast/service.ts:82:22)
      at GET (src/app/api/intelligence/forecast/revenue/route.ts:62:20)
      at src/services/intelligence/__tests__/integration/forecast-api.test.ts:75:12
          at async Promise.all (index 23)
      at Object.<anonymous> (src/services/intelligence/__tests__/integration/forecast-api.test.ts:219:25)

    console.error
      Failed to save forecast results: {
        code: 'PGRST205',
        details: null,
        hint: "Perhaps you meant the table 'public.rule_test_results'",
        message: "Could not find the table 'public.forecast_results' in the schema cache"
      }

      477 |   
      478 |   if (error) {
    > 479 |     console.error('Failed to save forecast results:', error);
          |             ^
      480 |     // Non-critical error, don't throw
      481 |   }
      482 | }

      at error (src/services/intelligence/forecast/revenue-forecast.ts:479:13)
      at forecastRevenue (src/services/intelligence/forecast/revenue-forecast.ts:100:3)
      at ForecastService.getRevenueForecast (src/services/intelligence/forecast/service.ts:82:22)
      at GET (src/app/api/intelligence/forecast/revenue/route.ts:62:20)
      at src/services/intelligence/__tests__/integration/forecast-api.test.ts:75:12
          at async Promise.all (index 8)
      at Object.<anonymous> (src/services/intelligence/__tests__/integration/forecast-api.test.ts:219:25)

    console.error
      Failed to save forecast results: {
        code: 'PGRST205',
        details: null,
        hint: "Perhaps you meant the table 'public.rule_test_results'",
        message: "Could not find the table 'public.forecast_results' in the schema cache"
      }

      477 |   
      478 |   if (error) {
    > 479 |     console.error('Failed to save forecast results:', error);
          |             ^
      480 |     // Non-critical error, don't throw
      481 |   }
      482 | }

      at error (src/services/intelligence/forecast/revenue-forecast.ts:479:13)
      at forecastRevenue (src/services/intelligence/forecast/revenue-forecast.ts:100:3)
      at ForecastService.getRevenueForecast (src/services/intelligence/forecast/service.ts:82:22)
      at GET (src/app/api/intelligence/forecast/revenue/route.ts:62:20)
      at src/services/intelligence/__tests__/integration/forecast-api.test.ts:75:12
          at async Promise.all (index 27)
      at Object.<anonymous> (src/services/intelligence/__tests__/integration/forecast-api.test.ts:219:25)

    console.error
      Failed to save forecast results: {
        code: 'PGRST205',
        details: null,
        hint: "Perhaps you meant the table 'public.rule_test_results'",
        message: "Could not find the table 'public.forecast_results' in the schema cache"
      }

      477 |   
      478 |   if (error) {
    > 479 |     console.error('Failed to save forecast results:', error);
          |             ^
      480 |     // Non-critical error, don't throw
      481 |   }
      482 | }

      at error (src/services/intelligence/forecast/revenue-forecast.ts:479:13)
      at forecastRevenue (src/services/intelligence/forecast/revenue-forecast.ts:100:3)
      at ForecastService.getRevenueForecast (src/services/intelligence/forecast/service.ts:82:22)
      at GET (src/app/api/intelligence/forecast/revenue/route.ts:62:20)
      at src/services/intelligence/__tests__/integration/forecast-api.test.ts:75:12
          at async Promise.all (index 40)
      at Object.<anonymous> (src/services/intelligence/__tests__/integration/forecast-api.test.ts:219:25)

    console.error
      Failed to save forecast results: {
        code: 'PGRST205',
        details: null,
        hint: "Perhaps you meant the table 'public.rule_test_results'",
        message: "Could not find the table 'public.forecast_results' in the schema cache"
      }

      477 |   
      478 |   if (error) {
    > 479 |     console.error('Failed to save forecast results:', error);
          |             ^
      480 |     // Non-critical error, don't throw
      481 |   }
      482 | }

      at error (src/services/intelligence/forecast/revenue-forecast.ts:479:13)
      at forecastRevenue (src/services/intelligence/forecast/revenue-forecast.ts:100:3)
      at ForecastService.getRevenueForecast (src/services/intelligence/forecast/service.ts:82:22)
      at GET (src/app/api/intelligence/forecast/revenue/route.ts:62:20)
      at src/services/intelligence/__tests__/integration/forecast-api.test.ts:75:12
          at async Promise.all (index 11)
      at Object.<anonymous> (src/services/intelligence/__tests__/integration/forecast-api.test.ts:219:25)

    console.error
      Failed to save forecast results: {
        code: 'PGRST205',
        details: null,
        hint: "Perhaps you meant the table 'public.rule_test_results'",
        message: "Could not find the table 'public.forecast_results' in the schema cache"
      }

      477 |   
      478 |   if (error) {
    > 479 |     console.error('Failed to save forecast results:', error);
          |             ^
      480 |     // Non-critical error, don't throw
      481 |   }
      482 | }

      at error (src/services/intelligence/forecast/revenue-forecast.ts:479:13)
      at forecastRevenue (src/services/intelligence/forecast/revenue-forecast.ts:100:3)
      at ForecastService.getRevenueForecast (src/services/intelligence/forecast/service.ts:82:22)
      at GET (src/app/api/intelligence/forecast/revenue/route.ts:62:20)
      at src/services/intelligence/__tests__/integration/forecast-api.test.ts:75:12
          at async Promise.all (index 33)
      at Object.<anonymous> (src/services/intelligence/__tests__/integration/forecast-api.test.ts:219:25)

    console.error
      Failed to save forecast results: {
        code: 'PGRST205',
        details: null,
        hint: "Perhaps you meant the table 'public.rule_test_results'",
        message: "Could not find the table 'public.forecast_results' in the schema cache"
      }

      477 |   
      478 |   if (error) {
    > 479 |     console.error('Failed to save forecast results:', error);
          |             ^
      480 |     // Non-critical error, don't throw
      481 |   }
      482 | }

      at error (src/services/intelligence/forecast/revenue-forecast.ts:479:13)
      at forecastRevenue (src/services/intelligence/forecast/revenue-forecast.ts:100:3)
      at ForecastService.getRevenueForecast (src/services/intelligence/forecast/service.ts:82:22)
      at GET (src/app/api/intelligence/forecast/revenue/route.ts:62:20)
      at src/services/intelligence/__tests__/integration/forecast-api.test.ts:75:12
          at async Promise.all (index 15)
      at Object.<anonymous> (src/services/intelligence/__tests__/integration/forecast-api.test.ts:219:25)

    console.error
      Failed to save forecast results: {
        code: 'PGRST205',
        details: null,
        hint: "Perhaps you meant the table 'public.rule_test_results'",
        message: "Could not find the table 'public.forecast_results' in the schema cache"
      }

      477 |   
      478 |   if (error) {
    > 479 |     console.error('Failed to save forecast results:', error);
          |             ^
      480 |     // Non-critical error, don't throw
      481 |   }
      482 | }

      at error (src/services/intelligence/forecast/revenue-forecast.ts:479:13)
      at forecastRevenue (src/services/intelligence/forecast/revenue-forecast.ts:100:3)
      at ForecastService.getRevenueForecast (src/services/intelligence/forecast/service.ts:82:22)
      at GET (src/app/api/intelligence/forecast/revenue/route.ts:62:20)
      at src/services/intelligence/__tests__/integration/forecast-api.test.ts:75:12
          at async Promise.all (index 20)
      at Object.<anonymous> (src/services/intelligence/__tests__/integration/forecast-api.test.ts:219:25)

    console.error
      Failed to save forecast results: {
        code: 'PGRST205',
        details: null,
        hint: "Perhaps you meant the table 'public.rule_test_results'",
        message: "Could not find the table 'public.forecast_results' in the schema cache"
      }

      477 |   
      478 |   if (error) {
    > 479 |     console.error('Failed to save forecast results:', error);
          |             ^
      480 |     // Non-critical error, don't throw
      481 |   }
      482 | }

      at error (src/services/intelligence/forecast/revenue-forecast.ts:479:13)
      at forecastRevenue (src/services/intelligence/forecast/revenue-forecast.ts:100:3)
      at ForecastService.getRevenueForecast (src/services/intelligence/forecast/service.ts:82:22)
      at GET (src/app/api/intelligence/forecast/revenue/route.ts:62:20)
      at src/services/intelligence/__tests__/integration/forecast-api.test.ts:75:12
          at async Promise.all (index 29)
      at Object.<anonymous> (src/services/intelligence/__tests__/integration/forecast-api.test.ts:219:25)

    console.error
      Failed to save forecast results: {
        code: 'PGRST205',
        details: null,
        hint: "Perhaps you meant the table 'public.rule_test_results'",
        message: "Could not find the table 'public.forecast_results' in the schema cache"
      }

      477 |   
      478 |   if (error) {
    > 479 |     console.error('Failed to save forecast results:', error);
          |             ^
      480 |     // Non-critical error, don't throw
      481 |   }
      482 | }

      at error (src/services/intelligence/forecast/revenue-forecast.ts:479:13)
      at forecastRevenue (src/services/intelligence/forecast/revenue-forecast.ts:100:3)
      at ForecastService.getRevenueForecast (src/services/intelligence/forecast/service.ts:82:22)
      at GET (src/app/api/intelligence/forecast/revenue/route.ts:62:20)
      at src/services/intelligence/__tests__/integration/forecast-api.test.ts:75:12
          at async Promise.all (index 9)
      at Object.<anonymous> (src/services/intelligence/__tests__/integration/forecast-api.test.ts:219:25)

    console.error
      Failed to save forecast results: {
        code: 'PGRST205',
        details: null,
        hint: "Perhaps you meant the table 'public.rule_test_results'",
        message: "Could not find the table 'public.forecast_results' in the schema cache"
      }

      477 |   
      478 |   if (error) {
    > 479 |     console.error('Failed to save forecast results:', error);
          |             ^
      480 |     // Non-critical error, don't throw
      481 |   }
      482 | }

      at error (src/services/intelligence/forecast/revenue-forecast.ts:479:13)
      at forecastRevenue (src/services/intelligence/forecast/revenue-forecast.ts:100:3)
      at ForecastService.getRevenueForecast (src/services/intelligence/forecast/service.ts:82:22)
      at GET (src/app/api/intelligence/forecast/revenue/route.ts:62:20)
      at src/services/intelligence/__tests__/integration/forecast-api.test.ts:75:12
          at async Promise.all (index 22)
      at Object.<anonymous> (src/services/intelligence/__tests__/integration/forecast-api.test.ts:219:25)

    console.error
      Failed to save forecast results: {
        code: 'PGRST205',
        details: null,
        hint: "Perhaps you meant the table 'public.rule_test_results'",
        message: "Could not find the table 'public.forecast_results' in the schema cache"
      }

      477 |   
      478 |   if (error) {
    > 479 |     console.error('Failed to save forecast results:', error);
          |             ^
      480 |     // Non-critical error, don't throw
      481 |   }
      482 | }

      at error (src/services/intelligence/forecast/revenue-forecast.ts:479:13)
      at forecastRevenue (src/services/intelligence/forecast/revenue-forecast.ts:100:3)
      at ForecastService.getRevenueForecast (src/services/intelligence/forecast/service.ts:82:22)
      at GET (src/app/api/intelligence/forecast/revenue/route.ts:62:20)
      at src/services/intelligence/__tests__/integration/forecast-api.test.ts:75:12
          at async Promise.all (index 38)
      at Object.<anonymous> (src/services/intelligence/__tests__/integration/forecast-api.test.ts:219:25)

    console.error
      Failed to save forecast results: {
        code: 'PGRST205',
        details: null,
        hint: "Perhaps you meant the table 'public.rule_test_results'",
        message: "Could not find the table 'public.forecast_results' in the schema cache"
      }

      477 |   
      478 |   if (error) {
    > 479 |     console.error('Failed to save forecast results:', error);
          |             ^
      480 |     // Non-critical error, don't throw
      481 |   }
      482 | }

      at error (src/services/intelligence/forecast/revenue-forecast.ts:479:13)
      at forecastRevenue (src/services/intelligence/forecast/revenue-forecast.ts:100:3)
      at ForecastService.getRevenueForecast (src/services/intelligence/forecast/service.ts:82:22)
      at GET (src/app/api/intelligence/forecast/revenue/route.ts:62:20)
      at src/services/intelligence/__tests__/integration/forecast-api.test.ts:75:12
          at async Promise.all (index 18)
      at Object.<anonymous> (src/services/intelligence/__tests__/integration/forecast-api.test.ts:219:25)

    console.error
      Failed to save forecast results: {
        code: 'PGRST205',
        details: null,
        hint: "Perhaps you meant the table 'public.rule_test_results'",
        message: "Could not find the table 'public.forecast_results' in the schema cache"
      }

      477 |   
      478 |   if (error) {
    > 479 |     console.error('Failed to save forecast results:', error);
          |             ^
      480 |     // Non-critical error, don't throw
      481 |   }
      482 | }

      at error (src/services/intelligence/forecast/revenue-forecast.ts:479:13)
      at forecastRevenue (src/services/intelligence/forecast/revenue-forecast.ts:100:3)
      at ForecastService.getRevenueForecast (src/services/intelligence/forecast/service.ts:82:22)
      at GET (src/app/api/intelligence/forecast/revenue/route.ts:62:20)
      at src/services/intelligence/__tests__/integration/forecast-api.test.ts:75:12
          at async Promise.all (index 34)
      at Object.<anonymous> (src/services/intelligence/__tests__/integration/forecast-api.test.ts:219:25)

    console.error
      Failed to save forecast results: {
        code: 'PGRST205',
        details: null,
        hint: "Perhaps you meant the table 'public.rule_test_results'",
        message: "Could not find the table 'public.forecast_results' in the schema cache"
      }

      477 |   
      478 |   if (error) {
    > 479 |     console.error('Failed to save forecast results:', error);
          |             ^
      480 |     // Non-critical error, don't throw
      481 |   }
      482 | }

      at error (src/services/intelligence/forecast/revenue-forecast.ts:479:13)
      at forecastRevenue (src/services/intelligence/forecast/revenue-forecast.ts:100:3)
      at ForecastService.getRevenueForecast (src/services/intelligence/forecast/service.ts:82:22)
      at GET (src/app/api/intelligence/forecast/revenue/route.ts:62:20)
      at src/services/intelligence/__tests__/integration/forecast-api.test.ts:75:12
          at async Promise.all (index 42)
      at Object.<anonymous> (src/services/intelligence/__tests__/integration/forecast-api.test.ts:219:25)

    console.error
      Failed to save forecast results: {
        code: 'PGRST205',
        details: null,
        hint: "Perhaps you meant the table 'public.rule_test_results'",
        message: "Could not find the table 'public.forecast_results' in the schema cache"
      }

      477 |   
      478 |   if (error) {
    > 479 |     console.error('Failed to save forecast results:', error);
          |             ^
      480 |     // Non-critical error, don't throw
      481 |   }
      482 | }

      at error (src/services/intelligence/forecast/revenue-forecast.ts:479:13)
      at forecastRevenue (src/services/intelligence/forecast/revenue-forecast.ts:100:3)
      at ForecastService.getRevenueForecast (src/services/intelligence/forecast/service.ts:82:22)
      at GET (src/app/api/intelligence/forecast/revenue/route.ts:62:20)
      at src/services/intelligence/__tests__/integration/forecast-api.test.ts:75:12
          at async Promise.all (index 14)
      at Object.<anonymous> (src/services/intelligence/__tests__/integration/forecast-api.test.ts:219:25)

    console.warn
      [Demand Forecast] RPC not available, falling back to base table query: {
        code: 'PGRST202',
        details: 'Searched for the function public.get_service_demand_history with parameters p_end_date, p_start_date, p_tenant_id or with a single unnamed json/jsonb parameter, but no matches were found in the schema cache.',
        hint: 'Perhaps you meant to call the function public.get_rule_with_history',
        message: 'Could not find the function public.get_service_demand_history(p_end_date, p_start_date, p_tenant_id) in the schema cache'
      }

      195 |     }
      196 |   } catch (rpcError) {
    > 197 |     console.warn('[Demand Forecast] RPC not available, falling back to base table query:', rpcError);
          |             ^
      198 |     // Fallback: Query base table
      199 |     if (itemType === 'service') {
      200 |       // Query session_logs

      at warn (src/services/intelligence/forecast/demand-forecast.ts:197:13)
      at forecastDemand (src/services/intelligence/forecast/demand-forecast.ts:60:26)
      at ForecastService.getDemandForecast (src/services/intelligence/forecast/service.ts:239:22)
      at GET (src/app/api/intelligence/forecast/demand/route.ts:66:20)
      at src/services/intelligence/__tests__/integration/forecast-api.test.ts:81:12
      at Object.<anonymous> (src/services/intelligence/__tests__/integration/forecast-api.test.ts:338:24)

    console.warn
      [Demand Forecast] RPC not available, falling back to base table query: {
        code: 'PGRST202',
        details: 'Searched for the function public.get_service_demand_history with parameters p_end_date, p_start_date, p_tenant_id or with a single unnamed json/jsonb parameter, but no matches were found in the schema cache.',
        hint: 'Perhaps you meant to call the function public.get_rule_with_history',
        message: 'Could not find the function public.get_service_demand_history(p_end_date, p_start_date, p_tenant_id) in the schema cache'
      }

      195 |     }
      196 |   } catch (rpcError) {
    > 197 |     console.warn('[Demand Forecast] RPC not available, falling back to base table query:', rpcError);
          |             ^
      198 |     // Fallback: Query base table
      199 |     if (itemType === 'service') {
      200 |       // Query session_logs

      at warn (src/services/intelligence/forecast/demand-forecast.ts:197:13)
      at forecastDemand (src/services/intelligence/forecast/demand-forecast.ts:60:26)
      at ForecastService.getDemandForecast (src/services/intelligence/forecast/service.ts:239:22)
      at GET (src/app/api/intelligence/forecast/demand/route.ts:66:20)
      at src/services/intelligence/__tests__/integration/forecast-api.test.ts:81:12
      at Object.<anonymous> (src/services/intelligence/__tests__/integration/forecast-api.test.ts:347:24)

    console.warn
      [Churn Forecast] mv_customer_segments not available, falling back to base tables: {
        code: 'PGRST205',
        details: null,
        hint: "Perhaps you meant the table 'public.customers'",
        message: "Could not find the table 'public.mv_customer_segments' in the schema cache"
      }

      169 |     }));
      170 |   } catch (viewError) {
    > 171 |     console.warn('[Churn Forecast] mv_customer_segments not available, falling back to base tables:', viewError);
          |             ^
      172 |     
      173 |     // Fallback: query customers and bookings tables
      174 |     const { data: customers, error: custError } = await supabase

      at warn (src/services/intelligence/forecast/churn-forecast.ts:171:13)
      at forecastChurn (src/services/intelligence/forecast/churn-forecast.ts:74:24)
      at ForecastService.getChurnForecast (src/services/intelligence/forecast/service.ts:160:22)
          at async Promise.all (index 1)
      at ForecastService.getAllForecasts (src/services/intelligence/forecast/service.ts:300:92)
      at GET (src/app/api/intelligence/forecast/all/route.ts:45:20)
      at src/services/intelligence/__tests__/integration/forecast-api.test.ts:84:12
      at Object.<anonymous> (src/services/intelligence/__tests__/integration/forecast-api.test.ts:374:24)

    console.warn
      [Demand Forecast] RPC not available, falling back to base table query: {
        code: 'PGRST202',
        details: 'Searched for the function public.get_package_demand_history with parameters p_end_date, p_start_date, p_tenant_id or with a single unnamed json/jsonb parameter, but no matches were found in the schema cache.',
        hint: 'Perhaps you meant to call the function public.get_rule_with_history',
        message: 'Could not find the function public.get_package_demand_history(p_end_date, p_start_date, p_tenant_id) in the schema cache'
      }

      195 |     }
      196 |   } catch (rpcError) {
    > 197 |     console.warn('[Demand Forecast] RPC not available, falling back to base table query:', rpcError);
          |             ^
      198 |     // Fallback: Query base table
      199 |     if (itemType === 'service') {
      200 |       // Query session_logs

      at warn (src/services/intelligence/forecast/demand-forecast.ts:197:13)
      at forecastDemand (src/services/intelligence/forecast/demand-forecast.ts:60:26)
      at ForecastService.getDemandForecast (src/services/intelligence/forecast/service.ts:239:22)
          at async Promise.all (index 3)
      at ForecastService.getAllForecasts (src/services/intelligence/forecast/service.ts:300:92)
      at GET (src/app/api/intelligence/forecast/all/route.ts:45:20)
      at src/services/intelligence/__tests__/integration/forecast-api.test.ts:84:12
      at Object.<anonymous> (src/services/intelligence/__tests__/integration/forecast-api.test.ts:374:24)

    console.warn
      [Demand Forecast] RPC not available, falling back to base table query: {
        code: 'PGRST202',
        details: 'Searched for the function public.get_service_demand_history with parameters p_end_date, p_start_date, p_tenant_id or with a single unnamed json/jsonb parameter, but no matches were found in the schema cache.',
        hint: 'Perhaps you meant to call the function public.get_rule_with_history',
        message: 'Could not find the function public.get_service_demand_history(p_end_date, p_start_date, p_tenant_id) in the schema cache'
      }

      195 |     }
      196 |   } catch (rpcError) {
    > 197 |     console.warn('[Demand Forecast] RPC not available, falling back to base table query:', rpcError);
          |             ^
      198 |     // Fallback: Query base table
      199 |     if (itemType === 'service') {
      200 |       // Query session_logs

      at warn (src/services/intelligence/forecast/demand-forecast.ts:197:13)
      at forecastDemand (src/services/intelligence/forecast/demand-forecast.ts:60:26)
      at ForecastService.getDemandForecast (src/services/intelligence/forecast/service.ts:239:22)
          at async Promise.all (index 2)
      at ForecastService.getAllForecasts (src/services/intelligence/forecast/service.ts:300:92)
      at GET (src/app/api/intelligence/forecast/all/route.ts:45:20)
      at src/services/intelligence/__tests__/integration/forecast-api.test.ts:84:12
      at Object.<anonymous> (src/services/intelligence/__tests__/integration/forecast-api.test.ts:374:24)

    console.error
      Failed to save forecast results: {
        code: 'PGRST205',
        details: null,
        hint: "Perhaps you meant the table 'public.rule_test_results'",
        message: "Could not find the table 'public.forecast_results' in the schema cache"
      }

      477 |   
      478 |   if (error) {
    > 479 |     console.error('Failed to save forecast results:', error);
          |             ^
      480 |     // Non-critical error, don't throw
      481 |   }
      482 | }

      at error (src/services/intelligence/forecast/revenue-forecast.ts:479:13)
      at forecastRevenue (src/services/intelligence/forecast/revenue-forecast.ts:100:3)
      at ForecastService.getRevenueForecast (src/services/intelligence/forecast/service.ts:82:22)
          at async Promise.all (index 0)
      at ForecastService.getAllForecasts (src/services/intelligence/forecast/service.ts:300:92)
      at GET (src/app/api/intelligence/forecast/all/route.ts:45:20)
      at src/services/intelligence/__tests__/integration/forecast-api.test.ts:84:12
      at Object.<anonymous> (src/services/intelligence/__tests__/integration/forecast-api.test.ts:374:24)

    console.warn
      [Churn Forecast] mv_customer_segments not available, falling back to base tables: {
        code: 'PGRST205',
        details: null,
        hint: "Perhaps you meant the table 'public.customers'",
        message: "Could not find the table 'public.mv_customer_segments' in the schema cache"
      }

      169 |     }));
      170 |   } catch (viewError) {
    > 171 |     console.warn('[Churn Forecast] mv_customer_segments not available, falling back to base tables:', viewError);
          |             ^
      172 |     
      173 |     // Fallback: query customers and bookings tables
      174 |     const { data: customers, error: custError } = await supabase

      at warn (src/services/intelligence/forecast/churn-forecast.ts:171:13)
      at forecastChurn (src/services/intelligence/forecast/churn-forecast.ts:74:24)
      at ForecastService.getChurnForecast (src/services/intelligence/forecast/service.ts:160:22)
          at async Promise.all (index 1)
      at ForecastService.getAllForecasts (src/services/intelligence/forecast/service.ts:300:92)
      at GET (src/app/api/intelligence/forecast/all/route.ts:45:20)
      at src/services/intelligence/__tests__/integration/forecast-api.test.ts:84:12
      at Object.<anonymous> (src/services/intelligence/__tests__/integration/forecast-api.test.ts:392:24)

    console.warn
      [Demand Forecast] RPC not available, falling back to base table query: {
        code: 'PGRST202',
        details: 'Searched for the function public.get_service_demand_history with parameters p_end_date, p_start_date, p_tenant_id or with a single unnamed json/jsonb parameter, but no matches were found in the schema cache.',
        hint: 'Perhaps you meant to call the function public.get_rule_with_history',
        message: 'Could not find the function public.get_service_demand_history(p_end_date, p_start_date, p_tenant_id) in the schema cache'
      }

      195 |     }
      196 |   } catch (rpcError) {
    > 197 |     console.warn('[Demand Forecast] RPC not available, falling back to base table query:', rpcError);
          |             ^
      198 |     // Fallback: Query base table
      199 |     if (itemType === 'service') {
      200 |       // Query session_logs

      at warn (src/services/intelligence/forecast/demand-forecast.ts:197:13)
      at forecastDemand (src/services/intelligence/forecast/demand-forecast.ts:60:26)
      at ForecastService.getDemandForecast (src/services/intelligence/forecast/service.ts:239:22)
          at async Promise.all (index 2)
      at ForecastService.getAllForecasts (src/services/intelligence/forecast/service.ts:300:92)
      at GET (src/app/api/intelligence/forecast/all/route.ts:45:20)
      at src/services/intelligence/__tests__/integration/forecast-api.test.ts:84:12
      at Object.<anonymous> (src/services/intelligence/__tests__/integration/forecast-api.test.ts:392:24)

    console.warn
      [Demand Forecast] RPC not available, falling back to base table query: {
        code: 'PGRST202',
        details: 'Searched for the function public.get_package_demand_history with parameters p_end_date, p_start_date, p_tenant_id or with a single unnamed json/jsonb parameter, but no matches were found in the schema cache.',
        hint: 'Perhaps you meant to call the function public.get_rule_with_history',
        message: 'Could not find the function public.get_package_demand_history(p_end_date, p_start_date, p_tenant_id) in the schema cache'
      }

      195 |     }
      196 |   } catch (rpcError) {
    > 197 |     console.warn('[Demand Forecast] RPC not available, falling back to base table query:', rpcError);
          |             ^
      198 |     // Fallback: Query base table
      199 |     if (itemType === 'service') {
      200 |       // Query session_logs

      at warn (src/services/intelligence/forecast/demand-forecast.ts:197:13)
      at forecastDemand (src/services/intelligence/forecast/demand-forecast.ts:60:26)
      at ForecastService.getDemandForecast (src/services/intelligence/forecast/service.ts:239:22)
          at async Promise.all (index 3)
      at ForecastService.getAllForecasts (src/services/intelligence/forecast/service.ts:300:92)
      at GET (src/app/api/intelligence/forecast/all/route.ts:45:20)
      at src/services/intelligence/__tests__/integration/forecast-api.test.ts:84:12
      at Object.<anonymous> (src/services/intelligence/__tests__/integration/forecast-api.test.ts:392:24)

    console.error
      Failed to save forecast results: {
        code: 'PGRST205',
        details: null,
        hint: "Perhaps you meant the table 'public.rule_test_results'",
        message: "Could not find the table 'public.forecast_results' in the schema cache"
      }

      477 |   
      478 |   if (error) {
    > 479 |     console.error('Failed to save forecast results:', error);
          |             ^
      480 |     // Non-critical error, don't throw
      481 |   }
      482 | }

      at error (src/services/intelligence/forecast/revenue-forecast.ts:479:13)
      at forecastRevenue (src/services/intelligence/forecast/revenue-forecast.ts:100:3)
      at ForecastService.getRevenueForecast (src/services/intelligence/forecast/service.ts:82:22)
          at async Promise.all (index 0)
      at ForecastService.getAllForecasts (src/services/intelligence/forecast/service.ts:300:92)
      at GET (src/app/api/intelligence/forecast/all/route.ts:45:20)
      at src/services/intelligence/__tests__/integration/forecast-api.test.ts:84:12
      at Object.<anonymous> (src/services/intelligence/__tests__/integration/forecast-api.test.ts:392:24)

    console.warn
      [ForecastService] mv_forecast_accuracy not available: {
        code: 'PGRST205',
        details: null,
        hint: "Perhaps you meant the table 'public.mv_ktv_performance_summary'",
        message: "Could not find the table 'public.mv_forecast_accuracy' in the schema cache"
      }

      359 |     } catch (viewError) {
      360 |       // mv_forecast_accuracy view not yet created ΓÇö return empty array gracefully
    > 361 |       console.warn('[ForecastService] mv_forecast_accuracy not available:', viewError);
          |               ^
      362 |       return [];
      363 |     }
      364 |   }

      at ForecastService.warn [as getForecastAccuracy] (src/services/intelligence/forecast/service.ts:361:15)
      at GET (src/app/api/intelligence/forecast/accuracy/route.ts:50:20)
      at src/services/intelligence/__tests__/integration/forecast-api.test.ts:87:12
      at Object.<anonymous> (src/services/intelligence/__tests__/integration/forecast-api.test.ts:404:24)

    console.error
      Failed to save forecast results: {
        code: 'PGRST205',
        details: null,
        hint: "Perhaps you meant the table 'public.rule_test_results'",
        message: "Could not find the table 'public.forecast_results' in the schema cache"
      }

      477 |   
      478 |   if (error) {
    > 479 |     console.error('Failed to save forecast results:', error);
          |             ^
      480 |     // Non-critical error, don't throw
      481 |   }
      482 | }

      at error (src/services/intelligence/forecast/revenue-forecast.ts:479:13)
      at forecastRevenue (src/services/intelligence/forecast/revenue-forecast.ts:100:3)
      at ForecastService.getRevenueForecast (src/services/intelligence/forecast/service.ts:82:22)
      at GET (src/app/api/intelligence/forecast/revenue/route.ts:62:20)
      at src/services/intelligence/__tests__/integration/forecast-api.test.ts:75:12
      at Object.<anonymous> (src/services/intelligence/__tests__/integration/forecast-api.test.ts:451:7)

    console.error
      Failed to save forecast results: {
        code: 'PGRST205',
        details: null,
        hint: "Perhaps you meant the table 'public.rule_test_results'",
        message: "Could not find the table 'public.forecast_results' in the schema cache"
      }

      477 |   
      478 |   if (error) {
    > 479 |     console.error('Failed to save forecast results:', error);
          |             ^
      480 |     // Non-critical error, don't throw
      481 |   }
      482 | }

      at error (src/services/intelligence/forecast/revenue-forecast.ts:479:13)
      at forecastRevenue (src/services/intelligence/forecast/revenue-forecast.ts:100:3)
      at ForecastService.getRevenueForecast (src/services/intelligence/forecast/service.ts:82:22)
      at GET (src/app/api/intelligence/forecast/revenue/route.ts:62:20)
      at src/services/intelligence/__tests__/integration/forecast-api.test.ts:75:12
      at Object.<anonymous> (src/services/intelligence/__tests__/integration/forecast-api.test.ts:471:24)

  ΓùÅ Forecast API - Integration Tests ΓÇ║ GET /api/intelligence/forecast/churn ΓÇ║ should return churn forecast

    expect(received).toBeNull()

    Received: {"code": "23505", "details": "Key (id)=(00000000-0000-0000-0000-000000000400) already exists.", "hint": null, "message": "duplicate key value violates unique constraint \"bookings_pkey\""}

      270 |
      271 |       const { error: bookingError } = await supabase.from('bookings').insert(bookings);
    > 272 |       expect(bookingError).toBeNull();
          |                            ^
      273 |
      274 |       const { error: sessionError } = await supabase.from('session_logs').insert(sessions);
      275 |       expect(sessionError).toBeNull();

      at Object.toBeNull (src/services/intelligence/__tests__/integration/forecast-api.test.ts:272:28)

  ΓùÅ Forecast API - Integration Tests ΓÇ║ GET /api/intelligence/forecast/churn ΓÇ║ should include at-risk customer segments

    expect(received).toBeNull()

    Received: {"code": "23505", "details": "Key (id)=(00000000-0000-0000-0000-000000000400) already exists.", "hint": null, "message": "duplicate key value violates unique constraint \"bookings_pkey\""}

      270 |
      271 |       const { error: bookingError } = await supabase.from('bookings').insert(bookings);
    > 272 |       expect(bookingError).toBeNull();
          |                            ^
      273 |
      274 |       const { error: sessionError } = await supabase.from('session_logs').insert(sessions);
      275 |       expect(sessionError).toBeNull();

      at Object.toBeNull (src/services/intelligence/__tests__/integration/forecast-api.test.ts:272:28)

