
> bella-spa-erp@0.1.0 test
> jest

FAIL src/__tests__/booking-engine/booking-engine-schema.test.ts
  ΓùÅ Console

    console.log
      Γùç injected env (9) from .env.local // tip: Γîü auth for agents [www.vestauth.com]

      at _log (node_modules/dotenv/lib/main.js:131:11)

    console.log
      [Jest Setup] SUPABASE_SERVICE_ROLE_KEY loaded: sb_secret_Dm... (41 chars)

      at Object.log (jest.setup.ts:10:9)

  ΓùÅ Booking Engine Schema - Functions ΓÇ║ FUNCTION: calculate_waitlist_priority ΓÇ║ should calculate priority for customer

    TypeError: Cannot read properties of null (reading 'id')

      528 |       .limit(1)
      529 |       .single();
    > 530 |     testCustomerId = customer!.id;
          |                                ^
      531 |     
      532 |     // Also get package for expire test
      533 |     const { data: pkg } = await supabase

      at Object.id (src/__tests__/booking-engine/booking-engine-schema.test.ts:530:32)

  ΓùÅ Booking Engine Schema - Functions ΓÇ║ FUNCTION: calculate_waitlist_priority ΓÇ║ should return 0 for non-existent customer

    TypeError: Cannot read properties of null (reading 'id')

      528 |       .limit(1)
      529 |       .single();
    > 530 |     testCustomerId = customer!.id;
          |                                ^
      531 |     
      532 |     // Also get package for expire test
      533 |     const { data: pkg } = await supabase

      at Object.id (src/__tests__/booking-engine/booking-engine-schema.test.ts:530:32)

  ΓùÅ Booking Engine Schema - Functions ΓÇ║ FUNCTION: get_available_capacity ΓÇ║ should get capacity for time slot

    TypeError: Cannot read properties of null (reading 'id')

      528 |       .limit(1)
      529 |       .single();
    > 530 |     testCustomerId = customer!.id;
          |                                ^
      531 |     
      532 |     // Also get package for expire test
      533 |     const { data: pkg } = await supabase

      at Object.id (src/__tests__/booking-engine/booking-engine-schema.test.ts:530:32)

  ΓùÅ Booking Engine Schema - Functions ΓÇ║ FUNCTION: get_available_capacity ΓÇ║ should work for all time slots

    TypeError: Cannot read properties of null (reading 'id')

      528 |       .limit(1)
      529 |       .single();
    > 530 |     testCustomerId = customer!.id;
          |                                ^
      531 |     
      532 |     // Also get package for expire test
      533 |     const { data: pkg } = await supabase

      at Object.id (src/__tests__/booking-engine/booking-engine-schema.test.ts:530:32)

  ΓùÅ Booking Engine Schema - Functions ΓÇ║ FUNCTION: expire_old_waitlist_entries ΓÇ║ should expire old waitlist entries

    TypeError: Cannot read properties of null (reading 'id')

      528 |       .limit(1)
      529 |       .single();
    > 530 |     testCustomerId = customer!.id;
          |                                ^
      531 |     
      532 |     // Also get package for expire test
      533 |     const { data: pkg } = await supabase

      at Object.id (src/__tests__/booking-engine/booking-engine-schema.test.ts:530:32)

FAIL src/__tests__/e2e-accounting-manual-reversal.test.ts
  ΓùÅ Console

    console.log
      Γùç injected env (9) from .env.local // tip: Γîÿ enable debugging { debug: true }

      at _log (node_modules/dotenv/lib/main.js:131:11)

    console.log
      [Jest Setup] SUPABASE_SERVICE_ROLE_KEY loaded: sb_secret_Dm... (41 chars)

      at Object.log (jest.setup.ts:10:9)

  ΓùÅ E2E Manual Journal Reversal ΓÇ║ should create reversing journal entry with opposite debits/credits

    TypeError: Cannot read properties of null (reading 'id')

      36 |
      37 |     await supabase.from('journal_lines').insert([
    > 38 |       { entry_id: originalEntry!.id, account_id: 'expense-account-id', debit_amount: 500000, credit_amount: 0 },
         |                                  ^
      39 |       { entry_id: originalEntry!.id, account_id: 'cash-account-id', debit_amount: 0, credit_amount: 500000 },
      40 |     ]);
      41 |

      at Object.id (src/__tests__/e2e-accounting-manual-reversal.test.ts:38:34)

FAIL src/__tests__/e2e-partner-api-create-booking.test.ts
  ΓùÅ Console

    console.log
      Γùç injected env (9) from .env.local // tip: Γîÿ override existing { override: true }

      at _log (node_modules/dotenv/lib/main.js:131:11)

    console.log
      [Jest Setup] SUPABASE_SERVICE_ROLE_KEY loaded: sb_secret_Dm... (41 chars)

      at Object.log (jest.setup.ts:10:9)

  ΓùÅ E2E Partner API Create Booking ΓÇ║ should allow partner to create booking via API key

    TypeError: Cannot read properties of null (reading 'api_key')

      34 |       status: 'active',
      35 |     }).select('api_key').single();
    > 36 |     partnerApiKey = apiKey!.api_key;
         |                             ^
      37 |
      38 |     console.log('Γ£à Partner API key created');
      39 |   });

      at Object.api_key (src/__tests__/e2e-partner-api-create-booking.test.ts:36:29)

FAIL src/__tests__/e2e-payment-split.test.ts
  ΓùÅ Console

    console.log
      Γùç injected env (9) from .env.local // tip: Γîÿ override existing { override: true }

      at _log (node_modules/dotenv/lib/main.js:131:11)

    console.log
      [Jest Setup] SUPABASE_SERVICE_ROLE_KEY loaded: sb_secret_Dm... (41 chars)

      at Object.log (jest.setup.ts:10:9)

  ΓùÅ E2E Split Payment (Multiple Payers Test) ΓÇ║ should accept split payments from multiple family members

    Failed to create test package: new row for relation "packages" violates check constraint "packages_module_key_check"

      60 |         service_kind: 'treatment_package', default_duration_minutes: 60, requires_resource: false, before_after_required: false,
      61 |       }).select('id').single();
    > 62 |       if (error) throw new Error(`Failed to create test package: ${error.message}`);
         |                        ^
      63 |       testPackageId = newPkg!.id;
      64 |     }
      65 |

      at Object.<anonymous> (src/__tests__/e2e-payment-split.test.ts:62:24)

FAIL src/__tests__/e2e-payment-gateway-timeout.test.ts
  ΓùÅ Console

    console.log
      Γùç injected env (9) from .env.local // tip: Γùê secrets for agents [www.dotenvx.com]

      at _log (node_modules/dotenv/lib/main.js:131:11)

    console.log
      [Jest Setup] SUPABASE_SERVICE_ROLE_KEY loaded: sb_secret_Dm... (41 chars)

      at Object.log (jest.setup.ts:10:9)

  ΓùÅ E2E Payment Gateway Timeout (Idempotency Test) ΓÇ║ should prevent duplicate payment when webhook arrives late

    Failed to create test package: new row for relation "packages" violates check constraint "packages_module_key_check"

      61 |         service_kind: 'treatment_package', default_duration_minutes: 60, requires_resource: false, before_after_required: false,
      62 |       }).select('id').single();
    > 63 |       if (error) throw new Error(`Failed to create test package: ${error.message}`);
         |                        ^
      64 |       testPackageId = newPkg!.id;
      65 |     }
      66 |

      at Object.<anonymous> (src/__tests__/e2e-payment-gateway-timeout.test.ts:63:24)

FAIL src/__tests__/e2e-negative-concurrent-completion.test.ts
  ΓùÅ Console

    console.log
      Γùç injected env (9) from .env.local // tip: Γîÿ custom filepath { path: '/custom/path/.env' }

      at _log (node_modules/dotenv/lib/main.js:131:11)

    console.log
      [Jest Setup] SUPABASE_SERVICE_ROLE_KEY loaded: sb_secret_Dm... (41 chars)

      at Object.log (jest.setup.ts:10:9)

  ΓùÅ E2E Concurrent Session Completion (Race Condition Test) ΓÇ║ should prevent double completion via optimistic locking

    TypeError: Cannot read properties of null (reading 'id')

      47 |       tenant_id: testTenantId,
      48 |     }).select('id').single();
    > 49 |     sessionId = session!.id;
         |                          ^
      50 |   });
      51 |
      52 |   it('should prevent double completion via optimistic locking', async () => {

      at Object.id (src/__tests__/e2e-negative-concurrent-completion.test.ts:49:26)

FAIL src/__tests__/e2e-payroll-mid-month-join.test.ts
  ΓùÅ Console

    console.log
      Γùç injected env (9) from .env.local // tip: Γùê secrets for agents [www.dotenvx.com]

      at _log (node_modules/dotenv/lib/main.js:131:11)

    console.log
      [Jest Setup] SUPABASE_SERVICE_ROLE_KEY loaded: sb_secret_Dm... (41 chars)

      at Object.log (jest.setup.ts:10:9)

  ΓùÅ E2E Mid-Month Join (Pro-Rata Salary Test) ΓÇ║ should calculate pro-rated salary for mid-month join

    TypeError: Cannot read properties of null (reading 'id')

      54 |       role: 'ktv', phone: '0900000021', base_salary: 6000000, join_date: joinDate,
      55 |     }).select('id').single();
    > 56 |     testKtvId = newKtv!.id;
         |                         ^
      57 |   });
      58 |
      59 |   afterAll(async () => {

      at Object.id (src/__tests__/e2e-payroll-mid-month-join.test.ts:56:25)

FAIL src/__tests__/e2e-payment-multi-method.test.ts
  ΓùÅ Console

    console.log
      Γùç injected env (9) from .env.local // tip: Γîÿ override existing { override: true }

      at _log (node_modules/dotenv/lib/main.js:131:11)

    console.log
      [Jest Setup] SUPABASE_SERVICE_ROLE_KEY loaded: sb_secret_Dm... (41 chars)

      at Object.log (jest.setup.ts:10:9)

  ΓùÅ E2E Multi-Payment Method (Payment Flow Test) ΓÇ║ should accept multiple payment methods for single booking

    Failed to create test package: new row for relation "packages" violates check constraint "packages_module_key_check"

      73 |         service_kind: 'treatment_package', default_duration_minutes: 60, requires_resource: false, before_after_required: false,
      74 |       }).select('id').single();
    > 75 |       if (error) throw new Error(`Failed to create test package: ${error.message}`);
         |                        ^
      76 |       testPackageId = newPkg!.id;
      77 |     }
      78 |

      at Object.<anonymous> (src/__tests__/e2e-payment-multi-method.test.ts:75:24)

FAIL src/modules/bookings/actions/__tests__/service-items-actions.test.ts
  ΓùÅ Console

    console.log
      Γùç injected env (9) from .env.local // tip: Γîÿ custom filepath { path: '/custom/path/.env' }

      at _log (node_modules/dotenv/lib/main.js:131:11)

    console.log
      [Jest Setup] SUPABASE_SERVICE_ROLE_KEY loaded: sb_secret_Dm... (41 chars)

      at Object.log (jest.setup.ts:10:9)

    console.log
      [createServerClient] Test environment detected - using service role client

      at log (src/lib/supabase-server.ts:23:13)

    console.log
      [createServerClient] Test environment detected - using service role client

      at log (src/lib/supabase-server.ts:23:13)

    console.log
      [createServerClient] Test environment detected - using service role client

      at log (src/lib/supabase-server.ts:23:13)

    console.log
      [createServerClient] Test environment detected - using service role client

      at log (src/lib/supabase-server.ts:23:13)

    console.log
      [createServerClient] Test environment detected - using service role client

      at log (src/lib/supabase-server.ts:23:13)

    console.log
      [createServerClient] Test environment detected - using service role client

      at log (src/lib/supabase-server.ts:23:13)

    console.log
      [createServerClient] Test environment detected - using service role client

      at log (src/lib/supabase-server.ts:23:13)

    console.log
      [createServerClient] Test environment detected - using service role client

      at log (src/lib/supabase-server.ts:23:13)

    console.log
      [createServerClient] Test environment detected - using service role client

      at log (src/lib/supabase-server.ts:23:13)

    console.log
      [createServerClient] Test environment detected - using service role client

      at log (src/lib/supabase-server.ts:23:13)

    console.log
      [createServerClient] Test environment detected - using service role client

      at log (src/lib/supabase-server.ts:23:13)

    console.log
      [createServerClient] Test environment detected - using service role client

      at log (src/lib/supabase-server.ts:23:13)

    console.log
      [createServerClient] Test environment detected - using service role client

      at log (src/lib/supabase-server.ts:23:13)

  ΓùÅ Service Items Actions ΓÇ║ createServiceItem ΓÇ║ should create service item with FIXED commission type

    expect(received).toBe(expected) // Object.is equality

    Expected: true
    Received: false

      62 |
      63 |       // Assert: Operation succeeded
    > 64 |       expect(result.success).toBe(true);
         |                              ^
      65 |       expect(result.error).toBeUndefined();
      66 |
      67 |       // Assert: Data structure is correct

      at Object.toBe (src/modules/bookings/actions/__tests__/service-items-actions.test.ts:64:30)

  ΓùÅ Service Items Actions ΓÇ║ createServiceItem ΓÇ║ should create service item with PERCENTAGE commission type

    expect(received).toBe(expected) // Object.is equality

    Expected: true
    Received: false

      103 |       const result = await createServiceItem(input);
      104 |
    > 105 |       expect(result.success).toBe(true);
          |                              ^
      106 |
      107 |       // Assert: Commission calculation is correct (percentage type)
      108 |       // 300,000 * 15% = 45,000

      at Object.toBe (src/modules/bookings/actions/__tests__/service-items-actions.test.ts:105:30)

  ΓùÅ Service Items Actions ΓÇ║ createServiceItem ΓÇ║ should use DEFAULT commission when no override specified

    expect(received).toBe(expected) // Object.is equality

    Expected: true
    Received: false

      131 |       const result = await createServiceItem(input);
      132 |
    > 133 |       expect(result.success).toBe(true);
          |                              ^
      134 |
      135 |       // Assert: Should use tenant default commission (from migration: 150,000 fixed)
      136 |       // OR fallback to system default if tenant config not set

      at Object.toBe (src/modules/bookings/actions/__tests__/service-items-actions.test.ts:133:30)

  ΓùÅ Service Items Actions ΓÇ║ createServiceItem ΓÇ║ should FAIL with invalid input (negative quantity)

    expect(received).toContain(expected) // indexOf

    Expected substring: "kh├┤ng hß╗úp lß╗ç"
    Received string:    "Unauthorized"

      162 |       expect(result.success).toBe(false);
      163 |       expect(result.error).toBeDefined();
    > 164 |       expect(result.error).toContain('kh├┤ng hß╗úp lß╗ç');
          |                            ^
      165 |     });
      166 |
      167 |     it('should calculate subtotal correctly with quantity > 1', async () => {

      at Object.toContain (src/modules/bookings/actions/__tests__/service-items-actions.test.ts:164:28)

  ΓùÅ Service Items Actions ΓÇ║ createServiceItem ΓÇ║ should calculate subtotal correctly with quantity > 1

    expect(received).toBe(expected) // Object.is equality

    Expected: true
    Received: false

      180 |       const result = await createServiceItem(input);
      181 |
    > 182 |       expect(result.success).toBe(true);
          |                              ^
      183 |
      184 |       // Assert: Subtotal = quantity * unit_price
      185 |       expect(result.data?.subtotal).toBe(450000); // 3 * 150,000

      at Object.toBe (src/modules/bookings/actions/__tests__/service-items-actions.test.ts:182:30)

  ΓùÅ Service Items Actions ΓÇ║ updateServiceItem ΓÇ║ should update service item and recalculate commission

    expect(received).toBe(expected) // Object.is equality

    Expected: true
    Received: false

      210 |
      211 |       const createResult = await createServiceItem(createInput);
    > 212 |       expect(createResult.success).toBe(true);
          |                                    ^
      213 |       
      214 |       const serviceItemId = createResult.data?.id!;
      215 |       createdServiceItemIds.push(serviceItemId);

      at Object.toBe (src/modules/bookings/actions/__tests__/service-items-actions.test.ts:212:36)

  ΓùÅ Service Items Actions ΓÇ║ updateServiceItem ΓÇ║ should update commission override and recalculate

    expect(received).toBe(expected) // Object.is equality

    Expected: true
    Received: false

      254 |       });
      255 |
    > 256 |       expect(updateResult.success).toBe(true);
          |                                    ^
      257 |
      258 |       // Assert: Commission recalculated
      259 |       expect(updateResult.data?.calculated_commission).toBe(60000); // 300,000 * 20%

      at Object.toBe (src/modules/bookings/actions/__tests__/service-items-actions.test.ts:256:36)

  ΓùÅ Service Items Actions ΓÇ║ deleteServiceItem ΓÇ║ should soft-delete service item (set status to cancelled)

    expect(received).toBe(expected) // Object.is equality

    Expected: true
    Received: false

      283 |       const deleteResult = await deleteServiceItem(serviceItemId, testTenantId);
      284 |
    > 285 |       expect(deleteResult.success).toBe(true);
          |                                    ^
      286 |
      287 |       // CRITICAL: Verify side-effect in database (AGENTS.md Rule #2)
      288 |       // In real test, query database to verify status = 'cancelled'

      at Object.toBe (src/modules/bookings/actions/__tests__/service-items-actions.test.ts:285:36)

FAIL src/__tests__/e2e-refund-commission-clawback.test.ts
  ΓùÅ Console

    console.log
      Γùç injected env (9) from .env.local // tip: Γùê encrypted .env [www.dotenvx.com]

      at _log (node_modules/dotenv/lib/main.js:131:11)

    console.log
      [Jest Setup] SUPABASE_SERVICE_ROLE_KEY loaded: sb_secret_Dm... (41 chars)

      at Object.log (jest.setup.ts:10:9)

  ΓùÅ E2E Refund with Commission Clawback (Edge Case Test) ΓÇ║ should NOT claw back commission for completed sessions when refund issued

    Failed to create test package: new row for relation "packages" violates check constraint "packages_module_key_check"

      73 |         service_kind: 'treatment_package', default_duration_minutes: 60, requires_resource: false, before_after_required: false,
      74 |       }).select('id').single();
    > 75 |       if (error) throw new Error(`Failed to create test package: ${error.message}`);
         |                        ^
      76 |       testPackageId = newPkg!.id;
      77 |     }
      78 |

      at Object.<anonymous> (src/__tests__/e2e-refund-commission-clawback.test.ts:75:24)

FAIL src/__tests__/e2e-refund-partial.test.ts
  ΓùÅ Console

    console.log
      Γùç injected env (9) from .env.local // tip: Γîÿ suppress logs { quiet: true }

      at _log (node_modules/dotenv/lib/main.js:131:11)

    console.log
      [Jest Setup] SUPABASE_SERVICE_ROLE_KEY loaded: sb_secret_Dm... (41 chars)

      at Object.log (jest.setup.ts:10:9)

  ΓùÅ E2E Partial Refund Flow (Critical Revenue Test) ΓÇ║ should complete partial refund flow with commission retention

    Failed to create test package: new row for relation "packages" violates check constraint "packages_module_key_check"

      75 |         service_kind: 'treatment_package', default_duration_minutes: 60, requires_resource: false, before_after_required: false,
      76 |       }).select('id').single();
    > 77 |       if (error) throw new Error(`Failed to create test package: ${error.message}`);
         |                        ^
      78 |       testPackageId = newPkg!.id;
      79 |     }
      80 |   });

      at Object.<anonymous> (src/__tests__/e2e-refund-partial.test.ts:77:24)

FAIL src/components/rules/__tests__/RuleEditor.test.tsx
  ΓùÅ Console

    console.log
      Γùç injected env (9) from .env.local // tip: Γîÿ override existing { override: true }

      at _log (node_modules/dotenv/lib/main.js:131:11)

    console.log
      [Jest Setup] SUPABASE_SERVICE_ROLE_KEY loaded: sb_secret_Dm... (41 chars)

      at Object.log (jest.setup.ts:10:9)

  ΓùÅ RuleEditor ΓÇ║ Rendering ΓÇ║ should render all sections (metadata, conditions, actions, buttons)

    invariant expected app router to be mounted

      21 |
      22 | export default function RuleEditor({ mode, ruleId, initialData }: RuleEditorProps) {
    > 23 |   const router = useRouter();
         |                           ^
      24 |   const { toast } = useToast();
      25 |   const [isSaving, setIsSaving] = useState(false);
      26 |   const [validationErrors, setValidationErrors] = useState<Record<string, string>>({});

      at useRouter (node_modules/next/src/client/components/navigation.ts:179:11)
      at RuleEditor (src/components/rules/RuleEditor.tsx:23:27)
      at Object.react_stack_bottom_frame (node_modules/react-dom/cjs/react-dom-client.development.js:25904:20)
      at renderWithHooks (node_modules/react-dom/cjs/react-dom-client.development.js:7662:22)
      at updateFunctionComponent (node_modules/react-dom/cjs/react-dom-client.development.js:10166:19)
      at beginWork (node_modules/react-dom/cjs/react-dom-client.development.js:11778:18)
      at runWithFiberInDEV (node_modules/react-dom/cjs/react-dom-client.development.js:874:13)
      at performUnitOfWork (node_modules/react-dom/cjs/react-dom-client.development.js:17641:22)
      at workLoopSync (node_modules/react-dom/cjs/react-dom-client.development.js:17469:41)
      at renderRootSync (node_modules/react-dom/cjs/react-dom-client.development.js:17450:11)
      at performWorkOnRoot (node_modules/react-dom/cjs/react-dom-client.development.js:16583:35)
      at performWorkOnRootViaSchedulerTask (node_modules/react-dom/cjs/react-dom-client.development.js:18957:7)
      at flushActQueue (node_modules/react/cjs/react.development.js:590:34)
      at process.env.NODE_ENV.exports.act (node_modules/react/cjs/react.development.js:884:10)
      at node_modules/@testing-library/react/dist/act-compat.js:46:25
      at renderRoot (node_modules/@testing-library/react/dist/pure.js:189:26)
      at render (node_modules/@testing-library/react/dist/pure.js:291:10)
      at Object.<anonymous> (src/components/rules/__tests__/RuleEditor.test.tsx:130:13)

  ΓùÅ RuleEditor ΓÇ║ Rendering ΓÇ║ should populate form with existing rule data

    invariant expected app router to be mounted

      21 |
      22 | export default function RuleEditor({ mode, ruleId, initialData }: RuleEditorProps) {
    > 23 |   const router = useRouter();
         |                           ^
      24 |   const { toast } = useToast();
      25 |   const [isSaving, setIsSaving] = useState(false);
      26 |   const [validationErrors, setValidationErrors] = useState<Record<string, string>>({});

      at useRouter (node_modules/next/src/client/components/navigation.ts:179:11)
      at RuleEditor (src/components/rules/RuleEditor.tsx:23:27)
      at Object.react_stack_bottom_frame (node_modules/react-dom/cjs/react-dom-client.development.js:25904:20)
      at renderWithHooks (node_modules/react-dom/cjs/react-dom-client.development.js:7662:22)
      at updateFunctionComponent (node_modules/react-dom/cjs/react-dom-client.development.js:10166:19)
      at beginWork (node_modules/react-dom/cjs/react-dom-client.development.js:11778:18)
      at runWithFiberInDEV (node_modules/react-dom/cjs/react-dom-client.development.js:874:13)
      at performUnitOfWork (node_modules/react-dom/cjs/react-dom-client.development.js:17641:22)
      at workLoopSync (node_modules/react-dom/cjs/react-dom-client.development.js:17469:41)
      at renderRootSync (node_modules/react-dom/cjs/react-dom-client.development.js:17450:11)
      at performWorkOnRoot (node_modules/react-dom/cjs/react-dom-client.development.js:16583:35)
      at performWorkOnRootViaSchedulerTask (node_modules/react-dom/cjs/react-dom-client.development.js:18957:7)
      at flushActQueue (node_modules/react/cjs/react.development.js:590:34)
      at process.env.NODE_ENV.exports.act (node_modules/react/cjs/react.development.js:884:10)
      at node_modules/@testing-library/react/dist/act-compat.js:46:25
      at renderRoot (node_modules/@testing-library/react/dist/pure.js:189:26)
      at render (node_modules/@testing-library/react/dist/pure.js:291:10)
      at Object.<anonymous> (src/components/rules/__tests__/RuleEditor.test.tsx:140:13)

  ΓùÅ RuleEditor ΓÇ║ Rendering ΓÇ║ should render empty form for new rule

    invariant expected app router to be mounted

      21 |
      22 | export default function RuleEditor({ mode, ruleId, initialData }: RuleEditorProps) {
    > 23 |   const router = useRouter();
         |                           ^
      24 |   const { toast } = useToast();
      25 |   const [isSaving, setIsSaving] = useState(false);
      26 |   const [validationErrors, setValidationErrors] = useState<Record<string, string>>({});

      at useRouter (node_modules/next/src/client/components/navigation.ts:179:11)
      at RuleEditor (src/components/rules/RuleEditor.tsx:23:27)
      at Object.react_stack_bottom_frame (node_modules/react-dom/cjs/react-dom-client.development.js:25904:20)
      at renderWithHooks (node_modules/react-dom/cjs/react-dom-client.development.js:7662:22)
      at updateFunctionComponent (node_modules/react-dom/cjs/react-dom-client.development.js:10166:19)
      at beginWork (node_modules/react-dom/cjs/react-dom-client.development.js:11778:18)
      at runWithFiberInDEV (node_modules/react-dom/cjs/react-dom-client.development.js:874:13)
      at performUnitOfWork (node_modules/react-dom/cjs/react-dom-client.development.js:17641:22)
      at workLoopSync (node_modules/react-dom/cjs/react-dom-client.development.js:17469:41)
      at renderRootSync (node_modules/react-dom/cjs/react-dom-client.development.js:17450:11)
      at performWorkOnRoot (node_modules/react-dom/cjs/react-dom-client.development.js:16583:35)
      at performWorkOnRootViaSchedulerTask (node_modules/react-dom/cjs/react-dom-client.development.js:18957:7)
      at flushActQueue (node_modules/react/cjs/react.development.js:590:34)
      at process.env.NODE_ENV.exports.act (node_modules/react/cjs/react.development.js:884:10)
      at node_modules/@testing-library/react/dist/act-compat.js:46:25
      at renderRoot (node_modules/@testing-library/react/dist/pure.js:189:26)
      at render (node_modules/@testing-library/react/dist/pure.js:291:10)
      at Object.<anonymous> (src/components/rules/__tests__/RuleEditor.test.tsx:150:13)

  ΓùÅ RuleEditor ΓÇ║ Form Interactions ΓÇ║ should update name when metadata changes

    invariant expected app router to be mounted

      21 |
      22 | export default function RuleEditor({ mode, ruleId, initialData }: RuleEditorProps) {
    > 23 |   const router = useRouter();
         |                           ^
      24 |   const { toast } = useToast();
      25 |   const [isSaving, setIsSaving] = useState(false);
      26 |   const [validationErrors, setValidationErrors] = useState<Record<string, string>>({});

      at useRouter (node_modules/next/src/client/components/navigation.ts:179:11)
      at RuleEditor (src/components/rules/RuleEditor.tsx:23:27)
      at Object.react_stack_bottom_frame (node_modules/react-dom/cjs/react-dom-client.development.js:25904:20)
      at renderWithHooks (node_modules/react-dom/cjs/react-dom-client.development.js:7662:22)
      at updateFunctionComponent (node_modules/react-dom/cjs/react-dom-client.development.js:10166:19)
      at beginWork (node_modules/react-dom/cjs/react-dom-client.development.js:11778:18)
      at runWithFiberInDEV (node_modules/react-dom/cjs/react-dom-client.development.js:874:13)
      at performUnitOfWork (node_modules/react-dom/cjs/react-dom-client.development.js:17641:22)
      at workLoopSync (node_modules/react-dom/cjs/react-dom-client.development.js:17469:41)
      at renderRootSync (node_modules/react-dom/cjs/react-dom-client.development.js:17450:11)
      at performWorkOnRoot (node_modules/react-dom/cjs/react-dom-client.development.js:16583:35)
      at performWorkOnRootViaSchedulerTask (node_modules/react-dom/cjs/react-dom-client.development.js:18957:7)
      at flushActQueue (node_modules/react/cjs/react.development.js:590:34)
      at process.env.NODE_ENV.exports.act (node_modules/react/cjs/react.development.js:884:10)
      at node_modules/@testing-library/react/dist/act-compat.js:46:25
      at renderRoot (node_modules/@testing-library/react/dist/pure.js:189:26)
      at render (node_modules/@testing-library/react/dist/pure.js:291:10)
      at Object.<anonymous> (src/components/rules/__tests__/RuleEditor.test.tsx:160:13)

  ΓùÅ RuleEditor ΓÇ║ Form Interactions ΓÇ║ should update provider when changed

    invariant expected app router to be mounted

      21 |
      22 | export default function RuleEditor({ mode, ruleId, initialData }: RuleEditorProps) {
    > 23 |   const router = useRouter();
         |                           ^
      24 |   const { toast } = useToast();
      25 |   const [isSaving, setIsSaving] = useState(false);
      26 |   const [validationErrors, setValidationErrors] = useState<Record<string, string>>({});

      at useRouter (node_modules/next/src/client/components/navigation.ts:179:11)
      at RuleEditor (src/components/rules/RuleEditor.tsx:23:27)
      at Object.react_stack_bottom_frame (node_modules/react-dom/cjs/react-dom-client.development.js:25904:20)
      at renderWithHooks (node_modules/react-dom/cjs/react-dom-client.development.js:7662:22)
      at updateFunctionComponent (node_modules/react-dom/cjs/react-dom-client.development.js:10166:19)
      at beginWork (node_modules/react-dom/cjs/react-dom-client.development.js:11778:18)
      at runWithFiberInDEV (node_modules/react-dom/cjs/react-dom-client.development.js:874:13)
      at performUnitOfWork (node_modules/react-dom/cjs/react-dom-client.development.js:17641:22)
      at workLoopSync (node_modules/react-dom/cjs/react-dom-client.development.js:17469:41)
      at renderRootSync (node_modules/react-dom/cjs/react-dom-client.development.js:17450:11)
      at performWorkOnRoot (node_modules/react-dom/cjs/react-dom-client.development.js:16583:35)
      at performWorkOnRootViaSchedulerTask (node_modules/react-dom/cjs/react-dom-client.development.js:18957:7)
      at flushActQueue (node_modules/react/cjs/react.development.js:590:34)
      at process.env.NODE_ENV.exports.act (node_modules/react/cjs/react.development.js:884:10)
      at node_modules/@testing-library/react/dist/act-compat.js:46:25
      at renderRoot (node_modules/@testing-library/react/dist/pure.js:189:26)
      at render (node_modules/@testing-library/react/dist/pure.js:291:10)
      at Object.<anonymous> (src/components/rules/__tests__/RuleEditor.test.tsx:169:13)

  ΓùÅ RuleEditor ΓÇ║ Form Interactions ΓÇ║ should add condition when button clicked

    invariant expected app router to be mounted

      21 |
      22 | export default function RuleEditor({ mode, ruleId, initialData }: RuleEditorProps) {
    > 23 |   const router = useRouter();
         |                           ^
      24 |   const { toast } = useToast();
      25 |   const [isSaving, setIsSaving] = useState(false);
      26 |   const [validationErrors, setValidationErrors] = useState<Record<string, string>>({});

      at useRouter (node_modules/next/src/client/components/navigation.ts:179:11)
      at RuleEditor (src/components/rules/RuleEditor.tsx:23:27)
      at Object.react_stack_bottom_frame (node_modules/react-dom/cjs/react-dom-client.development.js:25904:20)
      at renderWithHooks (node_modules/react-dom/cjs/react-dom-client.development.js:7662:22)
      at updateFunctionComponent (node_modules/react-dom/cjs/react-dom-client.development.js:10166:19)
      at beginWork (node_modules/react-dom/cjs/react-dom-client.development.js:11778:18)
      at runWithFiberInDEV (node_modules/react-dom/cjs/react-dom-client.development.js:874:13)
      at performUnitOfWork (node_modules/react-dom/cjs/react-dom-client.development.js:17641:22)
      at workLoopSync (node_modules/react-dom/cjs/react-dom-client.development.js:17469:41)
      at renderRootSync (node_modules/react-dom/cjs/react-dom-client.development.js:17450:11)
      at performWorkOnRoot (node_modules/react-dom/cjs/react-dom-client.development.js:16583:35)
      at performWorkOnRootViaSchedulerTask (node_modules/react-dom/cjs/react-dom-client.development.js:18957:7)
      at flushActQueue (node_modules/react/cjs/react.development.js:590:34)
      at process.env.NODE_ENV.exports.act (node_modules/react/cjs/react.development.js:884:10)
      at node_modules/@testing-library/react/dist/act-compat.js:46:25
      at renderRoot (node_modules/@testing-library/react/dist/pure.js:189:26)
      at render (node_modules/@testing-library/react/dist/pure.js:291:10)
      at Object.<anonymous> (src/components/rules/__tests__/RuleEditor.test.tsx:178:13)

  ΓùÅ RuleEditor ΓÇ║ Form Interactions ΓÇ║ should add action when button clicked

    invariant expected app router to be mounted

      21 |
      22 | export default function RuleEditor({ mode, ruleId, initialData }: RuleEditorProps) {
    > 23 |   const router = useRouter();
         |                           ^
      24 |   const { toast } = useToast();
      25 |   const [isSaving, setIsSaving] = useState(false);
      26 |   const [validationErrors, setValidationErrors] = useState<Record<string, string>>({});

      at useRouter (node_modules/next/src/client/components/navigation.ts:179:11)
      at RuleEditor (src/components/rules/RuleEditor.tsx:23:27)
      at Object.react_stack_bottom_frame (node_modules/react-dom/cjs/react-dom-client.development.js:25904:20)
      at renderWithHooks (node_modules/react-dom/cjs/react-dom-client.development.js:7662:22)
      at updateFunctionComponent (node_modules/react-dom/cjs/react-dom-client.development.js:10166:19)
      at beginWork (node_modules/react-dom/cjs/react-dom-client.development.js:11778:18)
      at runWithFiberInDEV (node_modules/react-dom/cjs/react-dom-client.development.js:874:13)
      at performUnitOfWork (node_modules/react-dom/cjs/react-dom-client.development.js:17641:22)
      at workLoopSync (node_modules/react-dom/cjs/react-dom-client.development.js:17469:41)
      at renderRootSync (node_modules/react-dom/cjs/react-dom-client.development.js:17450:11)
      at performWorkOnRoot (node_modules/react-dom/cjs/react-dom-client.development.js:16583:35)
      at performWorkOnRootViaSchedulerTask (node_modules/react-dom/cjs/react-dom-client.development.js:18957:7)
      at flushActQueue (node_modules/react/cjs/react.development.js:590:34)
      at process.env.NODE_ENV.exports.act (node_modules/react/cjs/react.development.js:884:10)
      at node_modules/@testing-library/react/dist/act-compat.js:46:25
      at renderRoot (node_modules/@testing-library/react/dist/pure.js:189:26)
      at render (node_modules/@testing-library/react/dist/pure.js:291:10)
      at Object.<anonymous> (src/components/rules/__tests__/RuleEditor.test.tsx:187:13)

  ΓùÅ RuleEditor ΓÇ║ Form Validation ΓÇ║ should disable save button when name is empty

    invariant expected app router to be mounted

      21 |
      22 | export default function RuleEditor({ mode, ruleId, initialData }: RuleEditorProps) {
    > 23 |   const router = useRouter();
         |                           ^
      24 |   const { toast } = useToast();
      25 |   const [isSaving, setIsSaving] = useState(false);
      26 |   const [validationErrors, setValidationErrors] = useState<Record<string, string>>({});

      at useRouter (node_modules/next/src/client/components/navigation.ts:179:11)
      at RuleEditor (src/components/rules/RuleEditor.tsx:23:27)
      at Object.react_stack_bottom_frame (node_modules/react-dom/cjs/react-dom-client.development.js:25904:20)
      at renderWithHooks (node_modules/react-dom/cjs/react-dom-client.development.js:7662:22)
      at updateFunctionComponent (node_modules/react-dom/cjs/react-dom-client.development.js:10166:19)
      at beginWork (node_modules/react-dom/cjs/react-dom-client.development.js:11778:18)
      at runWithFiberInDEV (node_modules/react-dom/cjs/react-dom-client.development.js:874:13)
      at performUnitOfWork (node_modules/react-dom/cjs/react-dom-client.development.js:17641:22)
      at workLoopSync (node_modules/react-dom/cjs/react-dom-client.development.js:17469:41)
      at renderRootSync (node_modules/react-dom/cjs/react-dom-client.development.js:17450:11)
      at performWorkOnRoot (node_modules/react-dom/cjs/react-dom-client.development.js:16583:35)
      at performWorkOnRootViaSchedulerTask (node_modules/react-dom/cjs/react-dom-client.development.js:18957:7)
      at flushActQueue (node_modules/react/cjs/react.development.js:590:34)
      at process.env.NODE_ENV.exports.act (node_modules/react/cjs/react.development.js:884:10)
      at node_modules/@testing-library/react/dist/act-compat.js:46:25
      at renderRoot (node_modules/@testing-library/react/dist/pure.js:189:26)
      at render (node_modules/@testing-library/react/dist/pure.js:291:10)
      at Object.<anonymous> (src/components/rules/__tests__/RuleEditor.test.tsx:198:13)

  ΓùÅ RuleEditor ΓÇ║ Form Validation ΓÇ║ should enable save button when all required fields filled

    invariant expected app router to be mounted

      21 |
      22 | export default function RuleEditor({ mode, ruleId, initialData }: RuleEditorProps) {
    > 23 |   const router = useRouter();
         |                           ^
      24 |   const { toast } = useToast();
      25 |   const [isSaving, setIsSaving] = useState(false);
      26 |   const [validationErrors, setValidationErrors] = useState<Record<string, string>>({});

      at useRouter (node_modules/next/src/client/components/navigation.ts:179:11)
      at RuleEditor (src/components/rules/RuleEditor.tsx:23:27)
      at Object.react_stack_bottom_frame (node_modules/react-dom/cjs/react-dom-client.development.js:25904:20)
      at renderWithHooks (node_modules/react-dom/cjs/react-dom-client.development.js:7662:22)
      at updateFunctionComponent (node_modules/react-dom/cjs/react-dom-client.development.js:10166:19)
      at beginWork (node_modules/react-dom/cjs/react-dom-client.development.js:11778:18)
      at runWithFiberInDEV (node_modules/react-dom/cjs/react-dom-client.development.js:874:13)
      at performUnitOfWork (node_modules/react-dom/cjs/react-dom-client.development.js:17641:22)
      at workLoopSync (node_modules/react-dom/cjs/react-dom-client.development.js:17469:41)
      at renderRootSync (node_modules/react-dom/cjs/react-dom-client.development.js:17450:11)
      at performWorkOnRoot (node_modules/react-dom/cjs/react-dom-client.development.js:16583:35)
      at performWorkOnRootViaSchedulerTask (node_modules/react-dom/cjs/react-dom-client.development.js:18957:7)
      at flushActQueue (node_modules/react/cjs/react.development.js:590:34)
      at process.env.NODE_ENV.exports.act (node_modules/react/cjs/react.development.js:884:10)
      at node_modules/@testing-library/react/dist/act-compat.js:46:25
      at renderRoot (node_modules/@testing-library/react/dist/pure.js:189:26)
      at render (node_modules/@testing-library/react/dist/pure.js:291:10)
      at Object.<anonymous> (src/components/rules/__tests__/RuleEditor.test.tsx:205:13)

  ΓùÅ RuleEditor ΓÇ║ Save & Cancel ΓÇ║ should call onSave with form data when save clicked

    invariant expected app router to be mounted

      21 |
      22 | export default function RuleEditor({ mode, ruleId, initialData }: RuleEditorProps) {
    > 23 |   const router = useRouter();
         |                           ^
      24 |   const { toast } = useToast();
      25 |   const [isSaving, setIsSaving] = useState(false);
      26 |   const [validationErrors, setValidationErrors] = useState<Record<string, string>>({});

      at useRouter (node_modules/next/src/client/components/navigation.ts:179:11)
      at RuleEditor (src/components/rules/RuleEditor.tsx:23:27)
      at Object.react_stack_bottom_frame (node_modules/react-dom/cjs/react-dom-client.development.js:25904:20)
      at renderWithHooks (node_modules/react-dom/cjs/react-dom-client.development.js:7662:22)
      at updateFunctionComponent (node_modules/react-dom/cjs/react-dom-client.development.js:10166:19)
      at beginWork (node_modules/react-dom/cjs/react-dom-client.development.js:11778:18)
      at runWithFiberInDEV (node_modules/react-dom/cjs/react-dom-client.development.js:874:13)
      at performUnitOfWork (node_modules/react-dom/cjs/react-dom-client.development.js:17641:22)
      at workLoopSync (node_modules/react-dom/cjs/react-dom-client.development.js:17469:41)
      at renderRootSync (node_modules/react-dom/cjs/react-dom-client.development.js:17450:11)
      at performWorkOnRoot (node_modules/react-dom/cjs/react-dom-client.development.js:16583:35)
      at performWorkOnRootViaSchedulerTask (node_modules/react-dom/cjs/react-dom-client.development.js:18957:7)
      at flushActQueue (node_modules/react/cjs/react.development.js:590:34)
      at process.env.NODE_ENV.exports.act (node_modules/react/cjs/react.development.js:884:10)
      at node_modules/@testing-library/react/dist/act-compat.js:46:25
      at renderRoot (node_modules/@testing-library/react/dist/pure.js:189:26)
      at render (node_modules/@testing-library/react/dist/pure.js:291:10)
      at Object.<anonymous> (src/components/rules/__tests__/RuleEditor.test.tsx:222:13)

  ΓùÅ RuleEditor ΓÇ║ Save & Cancel ΓÇ║ should call onCancel when cancel clicked

    invariant expected app router to be mounted

      21 |
      22 | export default function RuleEditor({ mode, ruleId, initialData }: RuleEditorProps) {
    > 23 |   const router = useRouter();
         |                           ^
      24 |   const { toast } = useToast();
      25 |   const [isSaving, setIsSaving] = useState(false);
      26 |   const [validationErrors, setValidationErrors] = useState<Record<string, string>>({});

      at useRouter (node_modules/next/src/client/components/navigation.ts:179:11)
      at RuleEditor (src/components/rules/RuleEditor.tsx:23:27)
      at Object.react_stack_bottom_frame (node_modules/react-dom/cjs/react-dom-client.development.js:25904:20)
      at renderWithHooks (node_modules/react-dom/cjs/react-dom-client.development.js:7662:22)
      at updateFunctionComponent (node_modules/react-dom/cjs/react-dom-client.development.js:10166:19)
      at beginWork (node_modules/react-dom/cjs/react-dom-client.development.js:11778:18)
      at runWithFiberInDEV (node_modules/react-dom/cjs/react-dom-client.development.js:874:13)
      at performUnitOfWork (node_modules/react-dom/cjs/react-dom-client.development.js:17641:22)
      at workLoopSync (node_modules/react-dom/cjs/react-dom-client.development.js:17469:41)
      at renderRootSync (node_modules/react-dom/cjs/react-dom-client.development.js:17450:11)
      at performWorkOnRoot (node_modules/react-dom/cjs/react-dom-client.development.js:16583:35)
      at performWorkOnRootViaSchedulerTask (node_modules/react-dom/cjs/react-dom-client.development.js:18957:7)
      at flushActQueue (node_modules/react/cjs/react.development.js:590:34)
      at process.env.NODE_ENV.exports.act (node_modules/react/cjs/react.development.js:884:10)
      at node_modules/@testing-library/react/dist/act-compat.js:46:25
      at renderRoot (node_modules/@testing-library/react/dist/pure.js:189:26)
      at render (node_modules/@testing-library/react/dist/pure.js:291:10)
      at Object.<anonymous> (src/components/rules/__tests__/RuleEditor.test.tsx:255:13)

FAIL src/services/intelligence/executive/__tests__/queries.test.ts
  ΓùÅ Console

    console.log
      Γùç injected env (9) from .env.local // tip: Γîü auth for agents [www.vestauth.com]

      at _log (node_modules/dotenv/lib/main.js:131:11)

    console.log
      [Jest Setup] SUPABASE_SERVICE_ROLE_KEY loaded: sb_secret_Dm... (41 chars)

      at Object.log (jest.setup.ts:10:9)

    console.log
      [Intelligence] Revenue query - Tenant: 12345678-1234-4123-a123-123456789012, Range: 2026-06-01 ΓåÆ 2026-06-30

      at log (src/services/intelligence/executive/queries.ts:149:13)

    console.log
      [Intelligence] Found 0 revenue records

      at log (src/services/intelligence/executive/queries.ts:163:13)

    console.log
      [Intelligence] Confirmed: 0 records

      at log (src/services/intelligence/executive/queries.ts:170:13)

    console.log
      [Intelligence] Total revenue: 0

      at log (src/services/intelligence/executive/queries.ts:175:13)

  ΓùÅ Executive Intelligence Queries ΓÇ║ getMonthlyRevenueSummary ΓÇ║ should return revenue summary

    expect(received).toBe(expected) // Object.is equality

    Expected: 8000000
    Received: 0

      80 |       const result = await getMonthlyRevenueSummary(mockTenantId, mockDateRange);
      81 |
    > 82 |       expect(result.totalRevenue).toBe(8000000);
         |                                   ^
      83 |       expect(result.topRevenueSources.length).toBeGreaterThan(0);
      84 |     });
      85 |   });

      at Object.toBe (src/services/intelligence/executive/__tests__/queries.test.ts:82:35)

  ΓùÅ Executive Intelligence Queries ΓÇ║ getCustomerMetrics ΓÇ║ should return customer metrics

    expect(received).toBeGreaterThan(expected)

    Expected: > 0
    Received:   0

      129 |
      130 |       expect(result.period).toBe('2026-06-01');
    > 131 |       expect(result.averageBookingValue).toBeGreaterThan(0);
          |                                          ^
      132 |     });
      133 |   });
      134 |

      at Object.toBeGreaterThan (src/services/intelligence/executive/__tests__/queries.test.ts:131:42)

  ΓùÅ Executive Intelligence Queries ΓÇ║ getFinancialHealth ΓÇ║ should return financial health metrics

    expect(received).toBeGreaterThan(expected)

    Expected: > 0
    Received:   0

      151 |
      152 |       expect(result.period).toBe('2026-06-01');
    > 153 |       expect(result.profitMargin).toBeGreaterThan(0);
          |                                   ^
      154 |     });
      155 |   });
      156 |

      at Object.toBeGreaterThan (src/services/intelligence/executive/__tests__/queries.test.ts:153:35)

FAIL src/__tests__/e2e-partner-api-webhook-delivery.test.ts
  ΓùÅ Console

    console.log
      Γùç injected env (9) from .env.local // tip: Γîÿ multiple files { path: ['.env.local', '.env'] }

      at _log (node_modules/dotenv/lib/main.js:131:11)

    console.log
      [Jest Setup] SUPABASE_SERVICE_ROLE_KEY loaded: sb_secret_Dm... (41 chars)

      at Object.log (jest.setup.ts:10:9)

    console.log
      Γ£à Booking created, webhook should be queued

      at Object.log (src/__tests__/e2e-partner-api-webhook-delivery.test.ts:51:13)

  ΓùÅ E2E Partner Webhook Delivery ΓÇ║ should queue webhook delivery when booking status changes

    TypeError: Cannot read properties of null (reading 'id')

      57 |       .eq('tenant_id', testTenantId)
      58 |       .eq('event_type', 'booking.created')
    > 59 |       .eq('reference_id', booking!.id)
         |                                    ^
      60 |       .single();
      61 |
      62 |     if (webhookQueue) {

      at Object.id (src/__tests__/e2e-partner-api-webhook-delivery.test.ts:59:36)

FAIL src/components/bookings/__tests__/ServiceItemRow.test.tsx
  ΓùÅ Console

    console.log
      Γùç injected env (9) from .env.local // tip: Γîÿ override existing { override: true }

      at _log (node_modules/dotenv/lib/main.js:131:11)

    console.log
      [Jest Setup] SUPABASE_SERVICE_ROLE_KEY loaded: sb_secret_Dm... (41 chars)

      at Object.log (jest.setup.ts:10:9)

  ΓùÅ ServiceItemRow ΓÇ║ should render service item with all fields

    TestingLibraryElementError: Found a label with the text of: /dß╗ïch vß╗Ñ/i, however no form control was found associated to that label. Make sure you're using the "for" attribute or "aria-labelledby" attribute correctly.

    Ignored nodes: comments, script, style
    <body>
      <div>
        <div
          aria-label="Service item: Service A"
          class="space-y-4 rounded-lg border p-4 transition-colors"
          role="group"
        >
          <div
            class="flex items-center justify-between"
          >
            <h4
              class="text-sm font-semibold text-foreground"
            >
              Service A
            </h4>
            <button
              aria-label="Remove Service A"
              class="rounded-lg p-1.5 text-muted-foreground transition-colors hover:bg-destructive/10 hover:text-destructive disabled:cursor-not-allowed disabled:opacity-50"
              type="button"
            >
              <svg
                aria-hidden="true"
                class="lucide lucide-x h-4 w-4"
                fill="none"
                height="24"
                stroke="currentColor"
                stroke-linecap="round"
                stroke-linejoin="round"
                stroke-width="2"
                viewBox="0 0 24 24"
                width="24"
                xmlns="http://www.w3.org/2000/svg"
              >
                <path
                  d="M18 6 6 18"
                />
                <path
                  d="m6 6 12 12"
                />
              </svg>
            </button>
          </div>
          <div
            class="grid gap-4 md:grid-cols-4"
          >
            <div
              class="space-y-2"
            >
              <label
                class="text-sm font-medium"
                for="service-1"
              >
                Dß╗ïch vß╗Ñ *
              </label>
              <div
                class="relative w-full min-w-0 max-w-full space-y-1.5"
              >
                <button
                  class="w-full min-w-0 max-w-full overflow-hidden flex items-center justify-between px-4 py-2.5 rounded-lg border transition-all duration-200 bg-white hover:bg-slate-50 border-slate-200 hover:border-emerald-200"
                  type="button"
                >
                  <div
                    class="flex items-center gap-2 min-w-0"
                  >
                    <span
                      class="text-sm truncate text-slate-800 font-medium"
                    >
                      Service A (200.000─æ)
                    </span>
                  </div>
                  <svg
                    aria-hidden="true"
                    class="lucide lucide-chevron-down w-4 h-4 text-slate-400 transition-transform duration-200 shrink-0"
                    fill="none"
                    height="24"
                    stroke="currentColor"
                    stroke-linecap="round"
                    stroke-linejoin="round"
                    stroke-width="2"
                    viewBox="0 0 24 24"
                    width="24"
                    xmlns="http://www.w3.org/2000/svg"
                  >
                    <path
                      d="m6 9 6 6 6-6"
                    />
                  </svg>
                </button>
              </div>
            </div>
            <div
              class="space-y-2"
            >
              <label
                class="text-sm font-medium"
                for="quantity-1"
              >
                Sß╗æ l╞░ß╗úng *
              </label>
              <input
                aria-required="true"
                class="w-full rounded-lg border bg-background px-3 py-2 disabled:cursor-not-allowed disabled:opacity-50"
                id="quantity-1"
                min="1"
                required=""
                type="number"
                value="1"
              />
            </div>
            <div
              class="space-y-2"
            >
              <label
                class="text-sm font-medium"
                for="unitPrice-1"
              >
                ─É╞ín gi├í *
              </label>
              <input
                aria-required="true"
                class="w-full rounded-lg border bg-background px-3 py-2 disabled:cursor-not-allowed disabled:opacity-50"
                id="unitPrice-1"
                placeholder="0"
                required=""
                type="text"
                value="200.000"
              />
            </div>
            <div
              class="space-y-2"
            >
              <label
                class="text-sm font-medium"
                for="subtotal-1"
              >
                Th├ánh tiß╗ün
              </label>
              <input
                aria-readonly="true"
                class="w-full rounded-lg border bg-muted px-3 py-2 text-muted-foreground"
                id="subtotal-1"
                readonly=""
                tabindex="-1"
                type="text"
                value="200.000─æ"
              />
            </div>
          </div>
          <div
            class="flex items-center gap-2"
          >
            <span
              class="text-sm text-muted-foreground"
            >
              Hoa hß╗ông dß╗▒ kiß║┐n:
            </span>
            <span
              class="rounded-full bg-primary/10 px-3 py-1 text-sm font-bold text-primary"
            >
              150.000
              ─æ
            </span>
          </div>
          <div
            aria-label="Commission override settings"
            class="space-y-4 rounded-2xl border border-slate-100 bg-slate-50/30 p-5 dark:border-[#3E3A35]/30 dark:bg-[#1C1B19]/20 transition-all duration-300 overflow-visible"
            role="group"
          >
            <div
              class="flex items-center gap-2"
            >
              <input
                aria-label="Enable commission override"
                class="h-4 w-4 rounded border-gray-300 text-primary focus:ring-2 focus:ring-primary focus:ring-offset-2 disabled:cursor-not-allowed disabled:opacity-50"
                id="commission-override-toggle"
                type="checkbox"
              />
              <label
                class="text-sm font-medium"
                for="commission-override-toggle"
              >
                T├╣y chß╗ënh hoa hß╗ông (override)
              </label>
            </div>
          </div>
        </div>
      </div>
    </body>

      47 |     );
      48 |
    > 49 |     expect(screen.getByLabelText(/dß╗ïch vß╗Ñ/i)).toBeInTheDocument();
         |                   ^
      50 |     expect(screen.getByLabelText(/sß╗æ l╞░ß╗úng/i)).toBeInTheDocument();
      51 |     expect(screen.getByLabelText(/─æ╞ín gi├í/i)).toBeInTheDocument();
      52 |     expect(screen.getByLabelText(/th├ánh tiß╗ün/i)).toBeInTheDocument();

      at Object.getElementError (node_modules/@testing-library/dom/dist/config.js:37:19)
      at getAllByLabelText (node_modules/@testing-library/dom/dist/queries/label-text.js:108:40)
      at node_modules/@testing-library/dom/dist/query-helpers.js:52:17
      at node_modules/@testing-library/dom/dist/query-helpers.js:95:19
      at Object.getByLabelText (src/components/bookings/__tests__/ServiceItemRow.test.tsx:49:19)

  ΓùÅ ServiceItemRow ΓÇ║ should show override badge when override is active

    TestingLibraryElementError: Found multiple elements with the text: /t├╣y chß╗ënh/i

    Here are the matching elements:

    Ignored nodes: comments, script, style
    <span
      class="rounded-full bg-amber-100 px-2 py-0.5 text-xs font-medium text-amber-700"
    >
      T├╣y chß╗ënh
    </span>

    Ignored nodes: comments, script, style
    <label
      class="text-sm font-medium"
      for="commission-override-toggle"
    >
      T├╣y chß╗ënh hoa hß╗ông (override)
    </label>

    (If this is intentional, then use the `*AllBy*` variant of the query (like `queryAllByText`, `getAllByText`, or `findAllByText`)).

    Ignored nodes: comments, script, style
    <body>
      <div>
        <div
          aria-label="Service item: Service A"
          class="space-y-4 rounded-lg border p-4 transition-colors"
          role="group"
        >
          <div
            class="flex items-center justify-between"
          >
            <h4
              class="text-sm font-semibold text-foreground"
            >
              Service A
            </h4>
            <button
              aria-label="Remove Service A"
              class="rounded-lg p-1.5 text-muted-foreground transition-colors hover:bg-destructive/10 hover:text-destructive disabled:cursor-not-allowed disabled:opacity-50"
              type="button"
            >
              <svg
                aria-hidden="true"
                class="lucide lucide-x h-4 w-4"
                fill="none"
                height="24"
                stroke="currentColor"
                stroke-linecap="round"
                stroke-linejoin="round"
                stroke-width="2"
                viewBox="0 0 24 24"
                width="24"
                xmlns="http://www.w3.org/2000/svg"
              >
                <path
                  d="M18 6 6 18"
                />
                <path
                  d="m6 6 12 12"
                />
              </svg>
            </button>
          </div>
          <div
            class="grid gap-4 md:grid-cols-4"
          >
            <div
              class="space-y-2"
            >
              <label
                class="text-sm font-medium"
                for="service-1"
              >
                Dß╗ïch vß╗Ñ *
              </label>
              <div
                class="relative w-full min-w-0 max-w-full space-y-1.5"
              >
                <button
                  class="w-full min-w-0 max-w-full overflow-hidden flex items-center justify-between px-4 py-2.5 rounded-lg border transition-all duration-200 bg-white hover:bg-slate-50 border-slate-200 hover:border-emerald-200"
                  type="button"
                >
                  <div
                    class="flex items-center gap-2 min-w-0"
                  >
                    <span
                      class="text-sm truncate text-slate-800 font-medium"
                    >
                      Service A (200.000─æ)
                    </span>
                  </div>
                  <svg
                    aria-hidden="true"
                    class="lucide lucide-chevron-down w-4 h-4 text-slate-400 transition-transform duration-200 shrink-0"
                    fill="none"
                    height="24"
                    stroke="currentColor"
                    stroke-linecap="round"
                    stroke-linejoin="round"
                    stroke-width="2"
                    viewBox="0 0 24 24"
                    width="24"
                    xmlns="http://www.w3.org/2000/svg"
                  >
                    <path
                      d="m6 9 6 6 6-6"
                    />
                  </svg>
                </button>
              </div>
            </div>
            <div
              class="space-y-2"
            >
              <label
                class="text-sm font-medium"
                for="quantity-1"
              >
                Sß╗æ l╞░ß╗úng *
              </label>
              <input
                aria-required="true"
                class="w-full rounded-lg border bg-background px-3 py-2 disabled:cursor-not-allowed disabled:opacity-50"
                id="quantity-1"
                min="1"
                required=""
                type="number"
                value="1"
              />
            </div>
            <div
              class="space-y-2"
            >
              <label
                class="text-sm font-medium"
                for="unitPrice-1"
              >
                ─É╞ín gi├í *
              </label>
              <input
                aria-required="true"
                class="w-full rounded-lg border bg-background px-3 py-2 disabled:cursor-not-allowed disabled:opacity-50"
                id="unitPrice-1"
                placeholder="0"
                required=""
                type="text"
                value="200.000"
              />
            </div>
            <div
              class="space-y-2"
            >
              <label
                class="text-sm font-medium"
                for="subtotal-1"
              >
                Th├ánh tiß╗ün
              </label>
              <input
                aria-readonly="true"
                class="w-full rounded-lg border bg-muted px-3 py-2 text-muted-foreground"
                id="subtotal-1"
                readonly=""
                tabindex="-1"
                type="text"
                value="200.000─æ"
              />
            </div>
          </div>
          <div
            class="flex items-center gap-2"
          >
            <span
              class="text-sm text-muted-foreground"
            >
              Hoa hß╗ông dß╗▒ kiß║┐n:
            </span>
            <span
              class="rounded-full bg-primary/10 px-3 py-1 text-sm font-bold text-primary"
            >
              40.000
              ─æ
            </span>
            <span
              class="rounded-full bg-amber-100 px-2 py-0.5 text-xs font-medium text-amber-700"
            >
              T├╣y chß╗ënh
            </span>
          </div>
          <div
            aria-label="Commission override settings"
            class="space-y-4 rounded-2xl border border-slate-100 bg-slate-50/30 p-5 dark:border-[#3E3A35]/30 dark:bg-[#1C1B19]/20 transition-all duration-300 overflow-visible"
            role="group"
          >
            <div
              class="flex items-center gap-2"
            >
              <input
                aria-label="Enable commission override"
                checked=""
                class="h-4 w-4 rounded border-gray-300 text-primary focus:ring-2 focus:ring-primary focus:ring-offset-2 disabled:cursor-not-allowed disabled:opacity-50"
                id="commission-override-toggle"
                type="checkbox"
              />
              <label
                class="text-sm font-medium"
                for="commission-override-toggle"
              >
                T├╣y chß╗ënh hoa hß╗ông (override)
              </label>
            </div>
            <div
              class="overflow-visible relative z-10"
              style="height: 0px; opacity: 0;"
            >
              <div
                class="grid gap-4 pt-2 md:grid-cols-2"
              >
                <div
                  class="space-y-2"
                >
                  <label
                    class="text-sm font-medium"
                    for="override-type"
                  >
                    Loß║íi hoa hß╗ông
                  </label>
                  <div
                    class="relative w-full min-w-0 max-w-full space-y-1.5"
                  >
                    <button
                      class="w-full min-w-0 max-w-full overflow-hidden flex items-center justify-between px-5 py-3.5 rounded-2xl border transition-all duration-300 bg-white shadow-sm hover:shadow-md active:scale-[0.98] border-slate-100 hover:border-primary/20"
                      type="button"
                    >
                      <div
                        class="flex items-center gap-3 min-w-0"
                      >
                        <span
                          class="text-sm font-semibold truncate text-slate-800"
                        >
                          Phß║ºn tr─âm (%)
                        </span>
                      </div>
                      <svg
                        aria-hidden="true"
                        class="lucide lucide-chevron-down w-4 h-4 text-slate-400 transition-transform duration-300 shrink-0"
                        fill="none"
                        height="24"
                        stroke="currentColor"
                        stroke-linecap="round"
                        stroke-linejoin="round"
                        stroke-width="2"
                        viewBox="0 0 24 24"
                        width="24"
                        xmlns="http://www.w3.org/2000/svg"
                      >
                        <path
                          d="m6 9 6 6 6-6"
                        />
                      </svg>
                    </button>
                  </div>
                </div>
                <div
                  class="space-y-2"
                >
                  <label
                    class="text-sm font-medium"
                    for="override-value"
                  >
                    Tß╗╖ lß╗ç (%)
                  </label>
                  <div
                    class="relative"
                  >
                    <input
                      aria-label="Commission override value in percentage"
                      class="w-full rounded-2xl border border-slate-200 bg-white px-4 py-3.5 pr-10 font-bold text-slate-800 focus:border-primary/50 focus:ring-4 focus:ring-primary/10 focus:outline-none transition-all duration-300 disabled:cursor-not-allowed disabled:opacity-50"
                      id="override-value"
                      placeholder="0"
                      type="text"
                      value="20"
                    />
                    <span
                      class="pointer-events-none absolute right-4 top-1/2 -translate-y-1/2 text-sm font-bold text-slate-500"
                    >
                      %
                    </span>
                  </div>
                </div>
              </div>
              <div
                class="mt-3 rounded-lg bg-muted/50 p-3"
              >
                <p
                  class="text-xs text-muted-foreground"
                >
                  <strong>
                    Hoa hß╗ông phß║ºn tr─âm:
                  </strong>
                   Nh├ón vi├¬n nhß║¡n % cß╗ºa tß╗òng gi├í trß╗ï dß╗ïch vß╗Ñ. VD: 20% cß╗ºa 500,000─æ = 100,000─æ.
                </p>
              </div>
            </div>
          </div>
        </div>
      </div>
    </body>

      152 |     );
      153 |
    > 154 |     expect(screen.getByText(/t├╣y chß╗ënh/i)).toBeInTheDocument();
          |                   ^
      155 |   });
      156 |
      157 |   it('should disable all inputs when disabled prop is true', () => {

      at Object.getElementError (node_modules/@testing-library/dom/dist/config.js:37:19)
      at getElementError (node_modules/@testing-library/dom/dist/query-helpers.js:20:35)
      at getMultipleElementsFoundError (node_modules/@testing-library/dom/dist/query-helpers.js:23:10)
      at node_modules/@testing-library/dom/dist/query-helpers.js:55:13
      at node_modules/@testing-library/dom/dist/query-helpers.js:95:19
      at Object.getByText (src/components/bookings/__tests__/ServiceItemRow.test.tsx:154:19)

FAIL src/__tests__/finance-intelligence-service.test.ts
  ΓùÅ Console

    console.log
      Γùç injected env (9) from .env.local // tip: Γùê encrypted .env [www.dotenvx.com]

      at _log (node_modules/dotenv/lib/main.js:131:11)

    console.log
      [Jest Setup] SUPABASE_SERVICE_ROLE_KEY loaded: sb_secret_Dm... (41 chars)

      at Object.log (jest.setup.ts:10:9)

    console.error
      [FinanceIntelligence.getMonthlyPnL] Error: Error: Database error
          at Object.<anonymous> (D:\Antigravity\Projects\BELLA SPA ERP\src\__tests__\finance-intelligence-service.test.ts:221:51)
          at Promise.finally.completed (D:\Antigravity\Projects\BELLA SPA ERP\node_modules\jest-circus\build\jestAdapterInit.js:1561:28)
          at new Promise (<anonymous>)
          at callAsyncCircusFn (D:\Antigravity\Projects\BELLA SPA ERP\node_modules\jest-circus\build\jestAdapterInit.js:1501:10)
          at _callCircusTest (D:\Antigravity\Projects\BELLA SPA ERP\node_modules\jest-circus\build\jestAdapterInit.js:1011:40)
          at processTicksAndRejections (node:internal/process/task_queues:104:5)
          at _runTest (D:\Antigravity\Projects\BELLA SPA ERP\node_modules\jest-circus\build\jestAdapterInit.js:951:3)
          at D:\Antigravity\Projects\BELLA SPA ERP\node_modules\jest-circus\build\jestAdapterInit.js:853:7
          at _runTestsForDescribeBlock (D:\Antigravity\Projects\BELLA SPA ERP\node_modules\jest-circus\build\jestAdapterInit.js:866:11)
          at _runTestsForDescribeBlock (D:\Antigravity\Projects\BELLA SPA ERP\node_modules\jest-circus\build\jestAdapterInit.js:861:11)
          at _runTestsForDescribeBlock (D:\Antigravity\Projects\BELLA SPA ERP\node_modules\jest-circus\build\jestAdapterInit.js:861:11)
          at run (D:\Antigravity\Projects\BELLA SPA ERP\node_modules\jest-circus\build\jestAdapterInit.js:765:3)
          at runAndTransformResultsToJestFormat (D:\Antigravity\Projects\BELLA SPA ERP\node_modules\jest-circus\build\jestAdapterInit.js:1993:21)
          at jestAdapter (D:\Antigravity\Projects\BELLA SPA ERP\node_modules\jest-circus\build\runner.js:111:19)
          at runTestInternal (D:\Antigravity\Projects\BELLA SPA ERP\node_modules\jest-runner\build\testWorker.js:276:16)
          at runTest (D:\Antigravity\Projects\BELLA SPA ERP\node_modules\jest-runner\build\testWorker.js:344:7)
          at Object.worker (D:\Antigravity\Projects\BELLA SPA ERP\node_modules\jest-runner\build\testWorker.js:498:12)

      799 |
      800 |     const message = error instanceof Error ? error.message : String(error);
    > 801 |     console.error(`[FinanceIntelligence.${method}] Error:`, error);
          |             ^
      802 |
      803 |     return new IntelligenceError(
      804 |       `Finance intelligence operation failed: ${message}`,

      at FinanceIntelligenceService.error [as handleError] (src/services/intelligence/finance/service.ts:801:13)
      at FinanceIntelligenceService.handleError [as getMonthlyPnL] (src/services/intelligence/finance/service.ts:148:18)
      at Object.<anonymous> (src/__tests__/finance-intelligence-service.test.ts:223:7)

    console.log
      [FinanceIntelligence] Cache cleared for tenant: test-tenant-123

      at FinanceIntelligenceService.log [as clearCache] (src/services/intelligence/finance/service.ts:775:17)

  ΓùÅ FinanceIntelligenceService ΓÇ║ getMonthlyPnL ΓÇ║ should return P&L data on first call (cache miss)

    expect(received).toEqual(expected) // deep equality

    - Expected  -  0
    + Received  + 10

      Object {
    +   "data": Object {
          "netProfit": 4000000,
          "profitMargin": 40,
          "totalExpenses": 6000000,
          "totalRevenue": 10000000,
    +   },
    +   "metadata": Object {
    +     "cacheHit": false,
    +     "dataSourcesUsed": Array [
    +       "mv_monthly_pnl",
    +     ],
    +     "generatedAt": 2026-07-14T13:00:37.373Z,
    +     "queryTimeMs": 1,
    +   },
      }

       97 |       const result = await service.getMonthlyPnL(tenantId, period);
       98 |       
    >  99 |       expect(result).toEqual(mockQueryResults.monthlyPnL);
          |                      ^
      100 |     });
      101 |
      102 |     it('should return cached data on second call (cache hit)', async () => {

      at Object.toEqual (src/__tests__/finance-intelligence-service.test.ts:99:22)

  ΓùÅ FinanceIntelligenceService ΓÇ║ getMonthlyPnL ΓÇ║ should return cached data on second call (cache hit)

    expect(jest.fn()).toHaveBeenCalledTimes(expected)

    Expected number of calls: 1
    Received number of calls: 0

      105 |       // First call - cache miss
      106 |       await service.getMonthlyPnL(tenantId, period);
    > 107 |       expect(queries.getMonthlyPnL).toHaveBeenCalledTimes(1);
          |                                     ^
      108 |
      109 |       // Second call - cache hit
      110 |       const result = await service.getMonthlyPnL(tenantId, period);

      at Object.toHaveBeenCalledTimes (src/__tests__/finance-intelligence-service.test.ts:107:37)

  ΓùÅ FinanceIntelligenceService ΓÇ║ getMonthlyPnL ΓÇ║ should handle different periods correctly

    expect(jest.fn()).toHaveBeenCalledTimes(expected)

    Expected number of calls: 2
    Received number of calls: 0

      118 |       
      119 |       const queries = require('@/services/intelligence/finance/queries');
    > 120 |       expect(queries.getMonthlyPnL).toHaveBeenCalledTimes(2);
          |                                     ^
      121 |     });
      122 |
      123 |     it('should handle custom date range', async () => {

      at Object.toHaveBeenCalledTimes (src/__tests__/finance-intelligence-service.test.ts:120:37)

  ΓùÅ FinanceIntelligenceService ΓÇ║ getMonthlyPnL ΓÇ║ should handle custom date range

    expect(jest.fn()).toHaveBeenCalledWith(...expected)

    Expected: "test-tenant-123", "custom", "2026-05-01", "2026-05-31"

    Number of calls: 0

      128 |       
      129 |       const queries = require('@/services/intelligence/finance/queries');
    > 130 |       expect(queries.getMonthlyPnL).toHaveBeenCalledWith(tenantId, 'custom', startDate, endDate);
          |                                     ^
      131 |     });
      132 |   });
      133 |

      at Object.toHaveBeenCalledWith (src/__tests__/finance-intelligence-service.test.ts:130:37)

  ΓùÅ FinanceIntelligenceService ΓÇ║ getCashFlowAnalysis ΓÇ║ should return cash flow data

    expect(received).toEqual(expected) // deep equality

    - Expected  -  0
    + Received  + 10

      Object {
    +   "data": Object {
          "cumulativeCash": 20000000,
          "netCashFlow": 4000000,
          "totalInflows": 10000000,
          "totalOutflows": 6000000,
    +   },
    +   "metadata": Object {
    +     "cacheHit": false,
    +     "dataSourcesUsed": Array [
    +       "mv_cash_flow",
    +     ],
    +     "generatedAt": 2026-07-14T13:00:37.391Z,
    +     "queryTimeMs": 0,
    +   },
      }

      139 |       const result = await service.getCashFlowAnalysis(tenantId, period);
      140 |       
    > 141 |       expect(result).toEqual(mockQueryResults.cashFlowAnalysis);
          |                      ^
      142 |       expect(result.totalInflows).toBe(10000000);
      143 |       expect(result.netCashFlow).toBe(4000000);
      144 |     });

      at Object.toEqual (src/__tests__/finance-intelligence-service.test.ts:141:22)

  ΓùÅ FinanceIntelligenceService ΓÇ║ getCashFlowAnalysis ΓÇ║ should cache results by tenant and period

    expect(jest.fn()).toHaveBeenCalledTimes(expected)

    Expected number of calls: 1
    Received number of calls: 0

      150 |       await service.getCashFlowAnalysis(tenantId, period);
      151 |       
    > 152 |       expect(queries.getCashFlowAnalysis).toHaveBeenCalledTimes(1);
          |                                           ^
      153 |     });
      154 |   });
      155 |

      at Object.toHaveBeenCalledTimes (src/__tests__/finance-intelligence-service.test.ts:152:43)

  ΓùÅ FinanceIntelligenceService ΓÇ║ getBudgetVariance ΓÇ║ should return budget variance data

    expect(received).toEqual(expected) // deep equality

    - Expected  -  0
    + Received  + 10

      Object {
    +   "data": Object {
          "totalActual": 9500000,
          "totalBudget": 10000000,
          "variance": -500000,
          "variancePercent": -5,
    +   },
    +   "metadata": Object {
    +     "cacheHit": false,
    +     "dataSourcesUsed": Array [
    +       "mv_budget_variance",
    +     ],
    +     "generatedAt": 2026-07-14T13:00:37.395Z,
    +     "queryTimeMs": 0,
    +   },
      }

      161 |       const result = await service.getBudgetVariance(tenantId, month);
      162 |       
    > 163 |       expect(result).toEqual(mockQueryResults.budgetVariance);
          |                      ^
      164 |       expect(result.variance).toBe(-500000);
      165 |       expect(result.variancePercent).toBe(-5);
      166 |     });

      at Object.toEqual (src/__tests__/finance-intelligence-service.test.ts:163:22)

  ΓùÅ FinanceIntelligenceService ΓÇ║ getBudgetVariance ΓÇ║ should cache results by tenant and month

    expect(jest.fn()).toHaveBeenCalledTimes(expected)

    Expected number of calls: 1
    Received number of calls: 0

      172 |       await service.getBudgetVariance(tenantId, month);
      173 |       
    > 174 |       expect(queries.getBudgetVariance).toHaveBeenCalledTimes(1);
          |                                         ^
      175 |     });
      176 |
      177 |     it('should handle different months separately', async () => {

      at Object.toHaveBeenCalledTimes (src/__tests__/finance-intelligence-service.test.ts:174:41)

  ΓùÅ FinanceIntelligenceService ΓÇ║ getBudgetVariance ΓÇ║ should handle different months separately

    expect(jest.fn()).toHaveBeenCalledTimes(expected)

    Expected number of calls: 2
    Received number of calls: 1

      181 |       await service.getBudgetVariance(tenantId, '2026-06');
      182 |       
    > 183 |       expect(queries.getBudgetVariance).toHaveBeenCalledTimes(2);
          |                                         ^
      184 |     });
      185 |   });
      186 |

      at Object.toHaveBeenCalledTimes (src/__tests__/finance-intelligence-service.test.ts:183:41)

  ΓùÅ FinanceIntelligenceService ΓÇ║ getCashFlowForecast ΓÇ║ should return forecast data with specified months

    expect(received).toHaveProperty(path)

    Expected path: "projections"
    Received path: []

    Received value: {"data": {"confidence": 85, "projections": []}, "metadata": {"cacheHit": false, "dataSourcesUsed": ["mv_cash_flow"], "generatedAt": 2026-07-14T13:00:37.400Z, "queryTimeMs": 1}}

      192 |       const result = await service.getCashFlowForecast(tenantId, forecastMonths);
      193 |       
    > 194 |       expect(result).toHaveProperty('projections');
          |                      ^
      195 |       expect(result).toHaveProperty('confidence');
      196 |       expect(result.confidence).toBe(85);
      197 |     });

      at Object.toHaveProperty (src/__tests__/finance-intelligence-service.test.ts:194:22)

  ΓùÅ FinanceIntelligenceService ΓÇ║ getCashFlowForecast ΓÇ║ should cache forecast results

    expect(jest.fn()).toHaveBeenCalledTimes(expected)

    Expected number of calls: 1
    Received number of calls: 0

      203 |       await service.getCashFlowForecast(tenantId, forecastMonths);
      204 |       
    > 205 |       expect(queries.getCashFlowForecast).toHaveBeenCalledTimes(1);
          |                                           ^
      206 |     });
      207 |
      208 |     it('should handle different forecast periods', async () => {

      at Object.toHaveBeenCalledTimes (src/__tests__/finance-intelligence-service.test.ts:205:43)

  ΓùÅ FinanceIntelligenceService ΓÇ║ Error Handling ΓÇ║ should handle cache write failures gracefully

    Configuration error:

    Could not locate module @/lib/redis mapped as:
    D:\Antigravity\Projects\BELLA SPA ERP\src\$1.

    Please check your configuration for these entries:
    {
      "moduleNameMapper": {
        "/^@\/(.*)$/": "D:\Antigravity\Projects\BELLA SPA ERP\src\$1"
      },
      "resolver": undefined
    }

      227 |
      228 |     it('should handle cache write failures gracefully', async () => {
    > 229 |       const redis = require('@/lib/redis');
          |                     ^
      230 |       redis.getCacheClient().setex.mockRejectedValueOnce(new Error('Redis error'));
      231 |
      232 |       // Should still return data even if cache write fails

      at createNoMappedModuleFoundError (node_modules/jest-resolve/build/index.js:1149:17)
      at Object.require (src/__tests__/finance-intelligence-service.test.ts:229:21)

  ΓùÅ FinanceIntelligenceService ΓÇ║ Health Check ΓÇ║ should return healthy status

    expect(received).toBe(expected) // Object.is equality

    Expected: "finance-intelligence"
    Received: "FinanceIntelligence"

      265 |       expect(health).toHaveProperty('timestamp');
      266 |       expect(health).toHaveProperty('service');
    > 267 |       expect(health.service).toBe('finance-intelligence');
          |                              ^
      268 |     });
      269 |   });
      270 |

      at Object.toBe (src/__tests__/finance-intelligence-service.test.ts:267:30)

  ΓùÅ FinanceIntelligenceService ΓÇ║ Tenant Isolation ΓÇ║ should isolate cache by tenant ID

    expect(jest.fn()).toHaveBeenNthCalledWith(n, ...expected)

    n: 1
    Expected: "tenant-1", "current_month", undefined, undefined
    Received
    ->     1: "tenant-1", "current_month"
           2: "tenant-2", "current_month"

    Number of calls: 2

      278 |       // Should call queries twice (once per tenant)
      279 |       expect(queries.getMonthlyPnL).toHaveBeenCalledTimes(2);
    > 280 |       expect(queries.getMonthlyPnL).toHaveBeenNthCalledWith(1, 'tenant-1', 'current_month', undefined, undefined);
          |                                     ^
      281 |       expect(queries.getMonthlyPnL).toHaveBeenNthCalledWith(2, 'tenant-2', 'current_month', undefined, undefined);
      282 |     });
      283 |   });

      at Object.toHaveBeenNthCalledWith (src/__tests__/finance-intelligence-service.test.ts:280:37)

  ΓùÅ FinanceIntelligenceService ΓÇ║ Cache TTL ΓÇ║ should expire cache after TTL (3600 seconds)

    expect(jest.fn()).toHaveBeenCalledTimes(expected)

    Expected number of calls: 1
    Received number of calls: 0

      290 |       // First call
      291 |       await service.getMonthlyPnL(tenantId, 'current_month');
    > 292 |       expect(queries.getMonthlyPnL).toHaveBeenCalledTimes(1);
          |                                     ^
      293 |
      294 |       // Simulate cache expiry by manually clearing
      295 |       mockCache.clear();

      at Object.toHaveBeenCalledTimes (src/__tests__/finance-intelligence-service.test.ts:292:37)

  ΓùÅ FinanceIntelligenceService ΓÇ║ Data Transformation ΓÇ║ should return data in consistent format

    expect(received).toHaveProperty(path)

    Expected path: "totalRevenue"
    Received path: []

    Received value: {"data": {"netProfit": 4000000, "profitMargin": 40, "totalExpenses": 6000000, "totalRevenue": 10000000}, "metadata": {"cacheHit": false, "dataSourcesUsed": ["mv_monthly_pnl"], "generatedAt": 2026-07-14T13:00:37.435Z, "queryTimeMs": 0}}

      305 |       const result = await service.getMonthlyPnL('test-tenant', 'current_month');
      306 |       
    > 307 |       expect(result).toHaveProperty('totalRevenue');
          |                      ^
      308 |       expect(result).toHaveProperty('totalExpenses');
      309 |       expect(result).toHaveProperty('netProfit');
      310 |       expect(result).toHaveProperty('profitMargin');

      at Object.toHaveProperty (src/__tests__/finance-intelligence-service.test.ts:307:22)

  ΓùÅ FinanceIntelligenceService ΓÇ║ Data Transformation ΓÇ║ should handle null/undefined gracefully

    expect(received).toBeNull()

    Received: {"data": {"netProfit": 4000000, "profitMargin": 40, "totalExpenses": 6000000, "totalRevenue": 10000000}, "metadata": {"cacheHit": true, "dataSourcesUsed": ["cache"], "generatedAt": 2026-07-14T13:00:37.436Z, "queryTimeMs": 0}}

      319 |
      320 |       const result = await service.getMonthlyPnL('test-tenant', 'current_month');
    > 321 |       expect(result).toBeNull();
          |                      ^
      322 |     });
      323 |   });
      324 | });

      at Object.toBeNull (src/__tests__/finance-intelligence-service.test.ts:321:22)

FAIL src/__tests__/e2e-permission-cross-tenant-leak.test.ts
  ΓùÅ Console

    console.log
      Γùç injected env (9) from .env.local // tip: Γîÿ override existing { override: true }

      at _log (node_modules/dotenv/lib/main.js:131:11)

    console.log
      [Jest Setup] SUPABASE_SERVICE_ROLE_KEY loaded: sb_secret_Dm... (41 chars)

      at Object.log (jest.setup.ts:10:9)

  ΓùÅ E2E Cross-Tenant Leak (Security Test) ΓÇ║ should prevent Tenant A user from accessing Tenant B booking

    TypeError: Cannot read properties of null (reading 'id')

      36 |       start_date: '2026-06-01', full_price: 5000000, status: 'booked',
      37 |     }).select('id').single();
    > 38 |     bookingAId = bookingA!.id;
         |                            ^
      39 |
      40 |     const { data: bookingB } = await supabase.from('bookings').insert({
      41 |       tenant_id: tenantBId, booking_number: `TB-${Date.now()}`,

      at Object.id (src/__tests__/e2e-permission-cross-tenant-leak.test.ts:38:28)

FAIL src/__tests__/industrial-cleaning-module-isolation.test.ts
  ΓùÅ Console

    console.log
      Γùç injected env (9) from .env.local // tip: Γùê secrets for agents [www.dotenvx.com]

      at _log (node_modules/dotenv/lib/main.js:131:11)

    console.log
      [Jest Setup] SUPABASE_SERVICE_ROLE_KEY loaded: sb_secret_Dm... (41 chars)

      at Object.log (jest.setup.ts:10:9)

    console.log
      ΓÜá∩╕Å  Vocabulary system not fully implemented yet (Step 3 was skipped)

      at Object.log (src/__tests__/industrial-cleaning-module-isolation.test.ts:131:17)

    console.log
      ΓÜá∩╕Å  Vocabulary system not fully implemented yet (Step 3 was skipped)

      at Object.log (src/__tests__/industrial-cleaning-module-isolation.test.ts:150:17)

    console.log
      ΓÜá∩╕Å  getTenantPrimaryBusinessModule not implemented - using fallback test

      at Object.log (src/__tests__/industrial-cleaning-module-isolation.test.ts:177:17)

    console.log
      ΓÜá∩╕Å  getTenantPrimaryBusinessModule not implemented - skipping

      at Object.log (src/__tests__/industrial-cleaning-module-isolation.test.ts:199:17)

    console.log
      ΓÜá∩╕Å  isPrimaryBusinessModuleEnabled not implemented - skipping

      at Object.log (src/__tests__/industrial-cleaning-module-isolation.test.ts:218:17)

  ΓùÅ Industrial Cleaning Module Isolation ΓÇ║ Test 2: Package Isolation by Module ΓÇ║ should have cleaning-specific packages in database

    expect(received).toBeNull()

    Received: {"hint": "Double check your Supabase `anon` or `service_role` API key.", "message": "Invalid API key"}

      61 |         .eq('module_key', 'industrial_cleaning');
      62 |
    > 63 |       expect(error).toBeNull();
         |                     ^
      64 |       expect(cleaningPackages).toBeDefined();
      65 |       expect(cleaningPackages!.length).toBeGreaterThan(0);
      66 |

      at Object.toBeNull (src/__tests__/industrial-cleaning-module-isolation.test.ts:63:21)

  ΓùÅ Industrial Cleaning Module Isolation ΓÇ║ Test 2: Package Isolation by Module ΓÇ║ should have session_multiplier metadata for cleaning packages

    TypeError: Cannot read properties of null (reading 'length')

      110 |
      111 |       expect(cleaningPackages).toBeDefined();
    > 112 |       expect(cleaningPackages!.length).toBeGreaterThan(0);
          |                                ^
      113 |
      114 |       // All cleaning packages should have session_multiplier
      115 |       cleaningPackages!.forEach(pkg => {

      at Object.length (src/__tests__/industrial-cleaning-module-isolation.test.ts:112:32)

  ΓùÅ Industrial Cleaning Module Isolation ΓÇ║ Test 5: Data Scoping and Isolation ΓÇ║ should enforce RLS on packages table by module_key

    TypeError: Cannot read properties of null (reading 'reduce')

      250 |
      251 |       // Count packages by module
    > 252 |       const moduleCount = allPackages!.reduce((acc, pkg) => {
          |                                        ^
      253 |         acc[pkg.module_key] = (acc[pkg.module_key] || 0) + 1;
      254 |         return acc;
      255 |       }, {} as Record<string, number>);

      at Object.reduce (src/__tests__/industrial-cleaning-module-isolation.test.ts:252:40)

FAIL src/__tests__/e2e-accounting-inter-branch-clearing.test.ts
  ΓùÅ Console

    console.log
      Γùç injected env (9) from .env.local // tip: Γîÿ enable debugging { debug: true }

      at _log (node_modules/dotenv/lib/main.js:131:11)

    console.log
      [Jest Setup] SUPABASE_SERVICE_ROLE_KEY loaded: sb_secret_Dm... (41 chars)

      at Object.log (jest.setup.ts:10:9)

  ΓùÅ E2E Inter-Branch Clearing (Accounting Test) ΓÇ║ should create reciprocal clearing entries for inter-branch service

    TypeError: Cannot read properties of null (reading 'id')

      32 |       tenant_id: testTenantId, name: 'Branch A', code: 'BRA', status: 'active',
      33 |     }).select('id').single();
    > 34 |     branchAId = branchA!.id;
         |                          ^
      35 |
      36 |     const { data: branchB } = await supabase.from('branches').insert({
      37 |       tenant_id: testTenantId, name: 'Branch B', code: 'BRB', status: 'active',

      at Object.id (src/__tests__/e2e-accounting-inter-branch-clearing.test.ts:34:26)

FAIL src/services/intelligence/customer/__tests__/service.test.ts
  ΓùÅ Console

    console.log
      Γùç injected env (9) from .env.local // tip: Γîÿ override existing { override: true }

      at _log (node_modules/dotenv/lib/main.js:131:11)

    console.log
      [Jest Setup] SUPABASE_SERVICE_ROLE_KEY loaded: sb_secret_Dm... (41 chars)

      at Object.log (jest.setup.ts:10:9)

    console.error
      [CustomerIntelligence] Health check failed: Error: Redis write failed
          at Object.<anonymous> (D:\Antigravity\Projects\BELLA SPA ERP\src\services\intelligence\customer\__tests__\service.test.ts:363:38)
          at Promise.finally.completed (D:\Antigravity\Projects\BELLA SPA ERP\node_modules\jest-circus\build\jestAdapterInit.js:1561:28)
          at new Promise (<anonymous>)
          at callAsyncCircusFn (D:\Antigravity\Projects\BELLA SPA ERP\node_modules\jest-circus\build\jestAdapterInit.js:1501:10)
          at _callCircusTest (D:\Antigravity\Projects\BELLA SPA ERP\node_modules\jest-circus\build\jestAdapterInit.js:1011:40)
          at processTicksAndRejections (node:internal/process/task_queues:104:5)
          at _runTest (D:\Antigravity\Projects\BELLA SPA ERP\node_modules\jest-circus\build\jestAdapterInit.js:951:3)
          at D:\Antigravity\Projects\BELLA SPA ERP\node_modules\jest-circus\build\jestAdapterInit.js:853:7
          at _runTestsForDescribeBlock (D:\Antigravity\Projects\BELLA SPA ERP\node_modules\jest-circus\build\jestAdapterInit.js:866:11)
          at _runTestsForDescribeBlock (D:\Antigravity\Projects\BELLA SPA ERP\node_modules\jest-circus\build\jestAdapterInit.js:861:11)
          at _runTestsForDescribeBlock (D:\Antigravity\Projects\BELLA SPA ERP\node_modules\jest-circus\build\jestAdapterInit.js:861:11)
          at run (D:\Antigravity\Projects\BELLA SPA ERP\node_modules\jest-circus\build\jestAdapterInit.js:765:3)
          at runAndTransformResultsToJestFormat (D:\Antigravity\Projects\BELLA SPA ERP\node_modules\jest-circus\build\jestAdapterInit.js:1993:21)
          at jestAdapter (D:\Antigravity\Projects\BELLA SPA ERP\node_modules\jest-circus\build\runner.js:111:19)
          at runTestInternal (D:\Antigravity\Projects\BELLA SPA ERP\node_modules\jest-runner\build\testWorker.js:276:16)
          at runTest (D:\Antigravity\Projects\BELLA SPA ERP\node_modules\jest-runner\build\testWorker.js:344:7)
          at Object.worker (D:\Antigravity\Projects\BELLA SPA ERP\node_modules\jest-runner\build\testWorker.js:498:12)

      525 |       return true;
      526 |     } catch (error) {
    > 527 |       console.error('[CustomerIntelligence] Health check failed:', error);
          |               ^
      528 |       return false;
      529 |     }
      530 |   }

      at CustomerIntelligenceService.error [as healthCheck] (src/services/intelligence/customer/service.ts:527:15)
      at Object.<anonymous> (src/services/intelligence/customer/__tests__/service.test.ts:549:22)

    console.error
      [CustomerIntelligence] Health check failed: Error: Redis write failed
          at Object.<anonymous> (D:\Antigravity\Projects\BELLA SPA ERP\src\services\intelligence\customer\__tests__\service.test.ts:363:38)
          at Promise.finally.completed (D:\Antigravity\Projects\BELLA SPA ERP\node_modules\jest-circus\build\jestAdapterInit.js:1561:28)
          at new Promise (<anonymous>)
          at callAsyncCircusFn (D:\Antigravity\Projects\BELLA SPA ERP\node_modules\jest-circus\build\jestAdapterInit.js:1501:10)
          at _callCircusTest (D:\Antigravity\Projects\BELLA SPA ERP\node_modules\jest-circus\build\jestAdapterInit.js:1011:40)
          at processTicksAndRejections (node:internal/process/task_queues:104:5)
          at _runTest (D:\Antigravity\Projects\BELLA SPA ERP\node_modules\jest-circus\build\jestAdapterInit.js:951:3)
          at D:\Antigravity\Projects\BELLA SPA ERP\node_modules\jest-circus\build\jestAdapterInit.js:853:7
          at _runTestsForDescribeBlock (D:\Antigravity\Projects\BELLA SPA ERP\node_modules\jest-circus\build\jestAdapterInit.js:866:11)
          at _runTestsForDescribeBlock (D:\Antigravity\Projects\BELLA SPA ERP\node_modules\jest-circus\build\jestAdapterInit.js:861:11)
          at _runTestsForDescribeBlock (D:\Antigravity\Projects\BELLA SPA ERP\node_modules\jest-circus\build\jestAdapterInit.js:861:11)
          at run (D:\Antigravity\Projects\BELLA SPA ERP\node_modules\jest-circus\build\jestAdapterInit.js:765:3)
          at runAndTransformResultsToJestFormat (D:\Antigravity\Projects\BELLA SPA ERP\node_modules\jest-circus\build\jestAdapterInit.js:1993:21)
          at jestAdapter (D:\Antigravity\Projects\BELLA SPA ERP\node_modules\jest-circus\build\runner.js:111:19)
          at runTestInternal (D:\Antigravity\Projects\BELLA SPA ERP\node_modules\jest-runner\build\testWorker.js:276:16)
          at runTest (D:\Antigravity\Projects\BELLA SPA ERP\node_modules\jest-runner\build\testWorker.js:344:7)
          at Object.worker (D:\Antigravity\Projects\BELLA SPA ERP\node_modules\jest-runner\build\testWorker.js:498:12)

      525 |       return true;
      526 |     } catch (error) {
    > 527 |       console.error('[CustomerIntelligence] Health check failed:', error);
          |               ^
      528 |       return false;
      529 |     }
      530 |   }

      at CustomerIntelligenceService.error [as healthCheck] (src/services/intelligence/customer/service.ts:527:15)
      at Object.<anonymous> (src/services/intelligence/customer/__tests__/service.test.ts:560:22)

    console.error
      [CustomerIntelligence] Failed to clear cache: TypeError: this.cache.deleteByTag is not a function
          at CustomerIntelligenceService.deleteByTag [as clearCache] (D:\Antigravity\Projects\BELLA SPA ERP\src\services\intelligence\customer\service.ts:542:26)
          at Object.clearCache (D:\Antigravity\Projects\BELLA SPA ERP\src\services\intelligence\customer\__tests__\service.test.ts:575:21)
          at Promise.finally.completed (D:\Antigravity\Projects\BELLA SPA ERP\node_modules\jest-circus\build\jestAdapterInit.js:1561:28)
          at new Promise (<anonymous>)
          at callAsyncCircusFn (D:\Antigravity\Projects\BELLA SPA ERP\node_modules\jest-circus\build\jestAdapterInit.js:1501:10)
          at _callCircusTest (D:\Antigravity\Projects\BELLA SPA ERP\node_modules\jest-circus\build\jestAdapterInit.js:1011:40)
          at processTicksAndRejections (node:internal/process/task_queues:104:5)
          at _runTest (D:\Antigravity\Projects\BELLA SPA ERP\node_modules\jest-circus\build\jestAdapterInit.js:951:3)
          at D:\Antigravity\Projects\BELLA SPA ERP\node_modules\jest-circus\build\jestAdapterInit.js:853:7
          at _runTestsForDescribeBlock (D:\Antigravity\Projects\BELLA SPA ERP\node_modules\jest-circus\build\jestAdapterInit.js:866:11)
          at _runTestsForDescribeBlock (D:\Antigravity\Projects\BELLA SPA ERP\node_modules\jest-circus\build\jestAdapterInit.js:861:11)
          at _runTestsForDescribeBlock (D:\Antigravity\Projects\BELLA SPA ERP\node_modules\jest-circus\build\jestAdapterInit.js:861:11)
          at run (D:\Antigravity\Projects\BELLA SPA ERP\node_modules\jest-circus\build\jestAdapterInit.js:765:3)
          at runAndTransformResultsToJestFormat (D:\Antigravity\Projects\BELLA SPA ERP\node_modules\jest-circus\build\jestAdapterInit.js:1993:21)
          at jestAdapter (D:\Antigravity\Projects\BELLA SPA ERP\node_modules\jest-circus\build\runner.js:111:19)
          at runTestInternal (D:\Antigravity\Projects\BELLA SPA ERP\node_modules\jest-runner\build\testWorker.js:276:16)
          at runTest (D:\Antigravity\Projects\BELLA SPA ERP\node_modules\jest-runner\build\testWorker.js:344:7)
          at Object.worker (D:\Antigravity\Projects\BELLA SPA ERP\node_modules\jest-runner\build\testWorker.js:498:12)

      548 |       }
      549 |     } catch (error) {
    > 550 |       console.error('[CustomerIntelligence] Failed to clear cache:', error);
          |               ^
      551 |       throw new IntelligenceError(
      552 |         'Failed to clear customer intelligence cache',
      553 |         'CACHE_CLEAR_ERROR',

      at CustomerIntelligenceService.error [as clearCache] (src/services/intelligence/customer/service.ts:550:15)
      at Object.clearCache (src/services/intelligence/customer/__tests__/service.test.ts:575:21)

    console.error
      [CustomerIntelligence] Failed to clear cache: TypeError: this.cache.deletePattern is not a function
          at CustomerIntelligenceService.deletePattern [as clearCache] (D:\Antigravity\Projects\BELLA SPA ERP\src\services\intelligence\customer\service.ts:546:26)
          at Object.clearCache (D:\Antigravity\Projects\BELLA SPA ERP\src\services\intelligence\customer\__tests__\service.test.ts:583:21)
          at Promise.finally.completed (D:\Antigravity\Projects\BELLA SPA ERP\node_modules\jest-circus\build\jestAdapterInit.js:1561:28)
          at new Promise (<anonymous>)
          at callAsyncCircusFn (D:\Antigravity\Projects\BELLA SPA ERP\node_modules\jest-circus\build\jestAdapterInit.js:1501:10)
          at _callCircusTest (D:\Antigravity\Projects\BELLA SPA ERP\node_modules\jest-circus\build\jestAdapterInit.js:1011:40)
          at processTicksAndRejections (node:internal/process/task_queues:104:5)
          at _runTest (D:\Antigravity\Projects\BELLA SPA ERP\node_modules\jest-circus\build\jestAdapterInit.js:951:3)
          at D:\Antigravity\Projects\BELLA SPA ERP\node_modules\jest-circus\build\jestAdapterInit.js:853:7
          at _runTestsForDescribeBlock (D:\Antigravity\Projects\BELLA SPA ERP\node_modules\jest-circus\build\jestAdapterInit.js:866:11)
          at _runTestsForDescribeBlock (D:\Antigravity\Projects\BELLA SPA ERP\node_modules\jest-circus\build\jestAdapterInit.js:861:11)
          at _runTestsForDescribeBlock (D:\Antigravity\Projects\BELLA SPA ERP\node_modules\jest-circus\build\jestAdapterInit.js:861:11)
          at run (D:\Antigravity\Projects\BELLA SPA ERP\node_modules\jest-circus\build\jestAdapterInit.js:765:3)
          at runAndTransformResultsToJestFormat (D:\Antigravity\Projects\BELLA SPA ERP\node_modules\jest-circus\build\jestAdapterInit.js:1993:21)
          at jestAdapter (D:\Antigravity\Projects\BELLA SPA ERP\node_modules\jest-circus\build\runner.js:111:19)
          at runTestInternal (D:\Antigravity\Projects\BELLA SPA ERP\node_modules\jest-runner\build\testWorker.js:276:16)
          at runTest (D:\Antigravity\Projects\BELLA SPA ERP\node_modules\jest-runner\build\testWorker.js:344:7)
          at Object.worker (D:\Antigravity\Projects\BELLA SPA ERP\node_modules\jest-runner\build\testWorker.js:498:12)

      548 |       }
      549 |     } catch (error) {
    > 550 |       console.error('[CustomerIntelligence] Failed to clear cache:', error);
          |               ^
      551 |       throw new IntelligenceError(
      552 |         'Failed to clear customer intelligence cache',
      553 |         'CACHE_CLEAR_ERROR',

      at CustomerIntelligenceService.error [as clearCache] (src/services/intelligence/customer/service.ts:550:15)
      at Object.clearCache (src/services/intelligence/customer/__tests__/service.test.ts:583:21)

    console.error
      [CustomerIntelligence] Failed to clear cache: TypeError: this.cache.deletePattern is not a function
          at CustomerIntelligenceService.deletePattern [as clearCache] (D:\Antigravity\Projects\BELLA SPA ERP\src\services\intelligence\customer\service.ts:546:26)
          at Object.clearCache (D:\Antigravity\Projects\BELLA SPA ERP\src\services\intelligence\customer\__tests__\service.test.ts:591:28)
          at Promise.finally.completed (D:\Antigravity\Projects\BELLA SPA ERP\node_modules\jest-circus\build\jestAdapterInit.js:1561:28)
          at new Promise (<anonymous>)
          at callAsyncCircusFn (D:\Antigravity\Projects\BELLA SPA ERP\node_modules\jest-circus\build\jestAdapterInit.js:1501:10)
          at _callCircusTest (D:\Antigravity\Projects\BELLA SPA ERP\node_modules\jest-circus\build\jestAdapterInit.js:1011:40)
          at processTicksAndRejections (node:internal/process/task_queues:104:5)
          at _runTest (D:\Antigravity\Projects\BELLA SPA ERP\node_modules\jest-circus\build\jestAdapterInit.js:951:3)
          at D:\Antigravity\Projects\BELLA SPA ERP\node_modules\jest-circus\build\jestAdapterInit.js:853:7
          at _runTestsForDescribeBlock (D:\Antigravity\Projects\BELLA SPA ERP\node_modules\jest-circus\build\jestAdapterInit.js:866:11)
          at _runTestsForDescribeBlock (D:\Antigravity\Projects\BELLA SPA ERP\node_modules\jest-circus\build\jestAdapterInit.js:861:11)
          at _runTestsForDescribeBlock (D:\Antigravity\Projects\BELLA SPA ERP\node_modules\jest-circus\build\jestAdapterInit.js:861:11)
          at run (D:\Antigravity\Projects\BELLA SPA ERP\node_modules\jest-circus\build\jestAdapterInit.js:765:3)
          at runAndTransformResultsToJestFormat (D:\Antigravity\Projects\BELLA SPA ERP\node_modules\jest-circus\build\jestAdapterInit.js:1993:21)
          at jestAdapter (D:\Antigravity\Projects\BELLA SPA ERP\node_modules\jest-circus\build\runner.js:111:19)
          at runTestInternal (D:\Antigravity\Projects\BELLA SPA ERP\node_modules\jest-runner\build\testWorker.js:276:16)
          at runTest (D:\Antigravity\Projects\BELLA SPA ERP\node_modules\jest-runner\build\testWorker.js:344:7)
          at Object.worker (D:\Antigravity\Projects\BELLA SPA ERP\node_modules\jest-runner\build\testWorker.js:498:12)

      548 |       }
      549 |     } catch (error) {
    > 550 |       console.error('[CustomerIntelligence] Failed to clear cache:', error);
          |               ^
      551 |       throw new IntelligenceError(
      552 |         'Failed to clear customer intelligence cache',
      553 |         'CACHE_CLEAR_ERROR',

      at CustomerIntelligenceService.error [as clearCache] (src/services/intelligence/customer/service.ts:550:15)
      at Object.clearCache (src/services/intelligence/customer/__tests__/service.test.ts:591:28)

  ΓùÅ CustomerIntelligenceService ΓÇ║ getCustomerSegmentation ΓÇ║ should return cached data when cache hit

    expect(received).toEqual(expected) // deep equality

    Expected: [{"avgBookingAmount": 2083333, "avgSessionsPerBooking": 4, "churnRiskLevel": "Low Risk", "computedAt": "2026-07-14T13:00:37.429Z", "customerId": "123e4567-e89b-12d3-a456-426614174001", "customerLifetimeDays": 180, "customerName": "Nguyß╗àn Thß╗ï Lan", "customerPhone": "0901234567", "customerSince": "2025-01-15T00:00:00.000Z", "daysSinceLastBooking": 15, "frequencyScore": 4, "lastBookingDate": "2026-05-28T00:00:00.000Z", "monetaryScore": 4, "recencyScore": 4, "recommendedAction": "Reward & Retain", "retentionPriority": 5, "rfmScore": 4, "segment": "Champions", "tenantId": "123e4567-e89b-12d3-a456-426614174000", "totalBookings": 12, "totalRevenue": 25000000, "totalSessionsCompleted": 48}, {"avgBookingAmount": 1875000, "avgSessionsPerBooking": 3, "churnRiskLevel": "High Risk", "computedAt": "2026-07-14T13:00:37.429Z", "customerId": "123e4567-e89b-12d3-a456-426614174002", "customerLifetimeDays": 400, "customerName": "Trß║ºn Thß╗ï Mai", "customerPhone": "0902345678", "customerSince": "2024-06-10T00:00:00.000Z", "daysSinceLastBooking": 200, "frequencyScore": 3, "lastBookingDate": "2025-11-20T00:00:00.000Z", "monetaryScore": 3, "recencyScore": 1, "recommendedAction": "Re-engage Urgently", "retentionPriority": 2, "rfmScore": 2.33, "segment": "About To Sleep", "tenantId": "123e4567-e89b-12d3-a456-426614174000", "totalBookings": 8, "totalRevenue": 15000000, "totalSessionsCompleted": 24}]
    Received: "{\"data\":[{\"tenantId\":\"123e4567-e89b-12d3-a456-426614174000\",\"customerId\":\"123e4567-e89b-12d3-a456-426614174001\",\"customerName\":\"Nguyß╗àn Thß╗ï Lan\",\"customerPhone\":\"0901234567\",\"customerSince\":\"2025-01-15T00:00:00.000Z\",\"customerLifetimeDays\":180,\"daysSinceLastBooking\":15,\"totalBookings\":12,\"totalRevenue\":25000000,\"avgBookingAmount\":2083333,\"totalSessionsCompleted\":48,\"avgSessionsPerBooking\":4,\"lastBookingDate\":\"2026-05-28T00:00:00.000Z\",\"recencyScore\":4,\"frequencyScore\":4,\"monetaryScore\":4,\"rfmScore\":4,\"segment\":\"Champions\",\"retentionPriority\":5,\"churnRiskLevel\":\"Low Risk\",\"recommendedAction\":\"Reward & Retain\",\"computedAt\":\"2026-07-14T13:00:37.429Z\"},{\"tenantId\":\"123e4567-e89b-12d3-a456-426614174000\",\"customerId\":\"123e4567-e89b-12d3-a456-426614174002\",\"customerName\":\"Trß║ºn Thß╗ï Mai\",\"customerPhone\":\"0902345678\",\"customerSince\":\"2024-06-10T00:00:00.000Z\",\"customerLifetimeDays\":400,\"daysSinceLastBooking\":200,\"totalBookings\":8,\"totalRevenue\":15000000,\"avgBookingAmount\":1875000,\"totalSessionsCompleted\":24,\"avgSessionsPerBooking\":3,\"lastBookingDate\":\"2025-11-20T00:00:00.000Z\",\"recencyScore\":1,\"frequencyScore\":3,\"monetaryScore\":3,\"rfmScore\":2.33,\"segment\":\"About To Sleep\",\"retentionPriority\":2,\"churnRiskLevel\":\"High Risk\",\"recommendedAction\":\"Re-engage Urgently\",\"computedAt\":\"2026-07-14T13:00:37.429Z\"}],\"metadata\":{\"generatedAt\":\"2026-07-14T13:00:37.434Z\",\"cacheHit\":true,\"queryTimeMs\":0,\"dataSourcesUsed\":[\"redis\"]}}"

      312 |
      313 |       expect(result.metadata.cacheHit).toBe(true);
    > 314 |       expect(result.data).toEqual(mockSegmentData);
          |                           ^
      315 |       expect(mockCacheGet).toHaveBeenCalledTimes(1);
      316 |       expect(queries.getCustomerSegmentation).not.toHaveBeenCalled();
      317 |     });

      at Object.toEqual (src/services/intelligence/customer/__tests__/service.test.ts:314:27)

  ΓùÅ CustomerIntelligenceService ΓÇ║ getCustomerSegmentation ΓÇ║ should fetch from database on cache miss

    TypeError: _queries.getCustomerSegmentation.mockResolvedValue is not a function

      322 |
      323 |       // Setup query response
    > 324 |       (queries.getCustomerSegmentation as jest.Mock).mockResolvedValue(mockSegmentData);
          |                                                      ^
      325 |
      326 |       const result = await service.getCustomerSegmentation(TEST_TENANT_ID);
      327 |

      at Object.mockResolvedValue (src/services/intelligence/customer/__tests__/service.test.ts:324:54)

  ΓùÅ CustomerIntelligenceService ΓÇ║ getCustomerSegmentation ΓÇ║ should filter by segment when provided

    TypeError: _queries.getCustomerSegmentation.mockResolvedValue is not a function

      336 |       mockCacheGet.mockResolvedValue(null);
      337 |       const championsOnly = mockSegmentData.filter(c => c.segment === 'Champions');
    > 338 |       (queries.getCustomerSegmentation as jest.Mock).mockResolvedValue(championsOnly);
          |                                                      ^
      339 |
      340 |       const result = await service.getCustomerSegmentation(TEST_TENANT_ID, 'Champions');
      341 |

      at Object.mockResolvedValue (src/services/intelligence/customer/__tests__/service.test.ts:338:54)

  ΓùÅ CustomerIntelligenceService ΓÇ║ getCustomerSegmentation ΓÇ║ should handle database errors gracefully

    TypeError: _queries.getCustomerSegmentation.mockRejectedValue is not a function

      350 |     it('should handle database errors gracefully', async () => {
      351 |       mockCacheGet.mockResolvedValue(null);
    > 352 |       (queries.getCustomerSegmentation as jest.Mock).mockRejectedValue(
          |                                                      ^
      353 |         new Error('Database connection failed')
      354 |       );
      355 |

      at Object.mockRejectedValue (src/services/intelligence/customer/__tests__/service.test.ts:352:54)

  ΓùÅ CustomerIntelligenceService ΓÇ║ getCustomerSegmentation ΓÇ║ should handle cache write failures silently

    TypeError: _queries.getCustomerSegmentation.mockResolvedValue is not a function

      362 |       mockCacheGet.mockResolvedValue(null);
      363 |       mockCacheSet.mockRejectedValue(new Error('Redis write failed'));
    > 364 |       (queries.getCustomerSegmentation as jest.Mock).mockResolvedValue(mockSegmentData);
          |                                                      ^
      365 |
      366 |       // Should not throw despite cache write failure
      367 |       const result = await service.getCustomerSegmentation(TEST_TENANT_ID);

      at Object.mockResolvedValue (src/services/intelligence/customer/__tests__/service.test.ts:364:54)

  ΓùÅ CustomerIntelligenceService ΓÇ║ getCustomerLTV ΓÇ║ should return LTV data

    TypeError: _queries.getCustomerLTV.mockResolvedValue is not a function

      379 |     it('should return LTV data', async () => {
      380 |       mockCacheGet.mockResolvedValue(null);
    > 381 |       (queries.getCustomerLTV as jest.Mock).mockResolvedValue(mockLTVData);
          |                                             ^
      382 |
      383 |       const result = await service.getCustomerLTV(TEST_TENANT_ID);
      384 |

      at Object.mockResolvedValue (src/services/intelligence/customer/__tests__/service.test.ts:381:45)

  ΓùÅ CustomerIntelligenceService ΓÇ║ getCustomerLTV ΓÇ║ should filter by cohort month when provided

    TypeError: _queries.getCustomerLTV.mockResolvedValue is not a function

      389 |     it('should filter by cohort month when provided', async () => {
      390 |       mockCacheGet.mockResolvedValue(null);
    > 391 |       (queries.getCustomerLTV as jest.Mock).mockResolvedValue(mockLTVData);
          |                                             ^
      392 |
      393 |       const result = await service.getCustomerLTV(TEST_TENANT_ID, TEST_COHORT_MONTH);
      394 |

      at Object.mockResolvedValue (src/services/intelligence/customer/__tests__/service.test.ts:391:45)

  ΓùÅ CustomerIntelligenceService ΓÇ║ getCustomerLTV ΓÇ║ should filter by value tier when provided

    TypeError: _queries.getCustomerLTV.mockResolvedValue is not a function

      403 |     it('should filter by value tier when provided', async () => {
      404 |       mockCacheGet.mockResolvedValue(null);
    > 405 |       (queries.getCustomerLTV as jest.Mock).mockResolvedValue(mockLTVData);
          |                                             ^
      406 |
      407 |       const result = await service.getCustomerLTV(TEST_TENANT_ID, undefined, 'VIP');
      408 |

      at Object.mockResolvedValue (src/services/intelligence/customer/__tests__/service.test.ts:405:45)

  ΓùÅ CustomerIntelligenceService ΓÇ║ getCustomerLTV ΓÇ║ should return empty array when no data found

    TypeError: _queries.getCustomerLTV.mockResolvedValue is not a function

      417 |     it('should return empty array when no data found', async () => {
      418 |       mockCacheGet.mockResolvedValue(null);
    > 419 |       (queries.getCustomerLTV as jest.Mock).mockResolvedValue([]);
          |                                             ^
      420 |
      421 |       const result = await service.getCustomerLTV(TEST_TENANT_ID);
      422 |

      at Object.mockResolvedValue (src/services/intelligence/customer/__tests__/service.test.ts:419:45)

  ΓùÅ CustomerIntelligenceService ΓÇ║ getChurnRiskAnalysis ΓÇ║ should return churn risk data with correct scores

    TypeError: _queries.getChurnRiskAnalysis.mockResolvedValue is not a function

      433 |     it('should return churn risk data with correct scores', async () => {
      434 |       mockCacheGet.mockResolvedValue(null);
    > 435 |       (queries.getChurnRiskAnalysis as jest.Mock).mockResolvedValue(mockChurnRiskData);
          |                                                   ^
      436 |
      437 |       const result = await service.getChurnRiskAnalysis(TEST_TENANT_ID);
      438 |

      at Object.mockResolvedValue (src/services/intelligence/customer/__tests__/service.test.ts:435:51)

  ΓùÅ CustomerIntelligenceService ΓÇ║ getChurnRiskAnalysis ΓÇ║ should filter by risk level when provided

    TypeError: _queries.getChurnRiskAnalysis.mockResolvedValue is not a function

      445 |       mockCacheGet.mockResolvedValue(null);
      446 |       const highRiskOnly = mockChurnRiskData.filter(c => c.churnRiskLevel === 'High');
    > 447 |       (queries.getChurnRiskAnalysis as jest.Mock).mockResolvedValue(highRiskOnly);
          |                                                   ^
      448 |
      449 |       const result = await service.getChurnRiskAnalysis(TEST_TENANT_ID, 'High');
      450 |

      at Object.mockResolvedValue (src/services/intelligence/customer/__tests__/service.test.ts:447:51)

  ΓùÅ CustomerIntelligenceService ΓÇ║ getChurnRiskAnalysis ΓÇ║ should include recommended retention actions

    TypeError: _queries.getChurnRiskAnalysis.mockResolvedValue is not a function

      459 |     it('should include recommended retention actions', async () => {
      460 |       mockCacheGet.mockResolvedValue(null);
    > 461 |       (queries.getChurnRiskAnalysis as jest.Mock).mockResolvedValue(mockChurnRiskData);
          |                                                   ^
      462 |
      463 |       const result = await service.getChurnRiskAnalysis(TEST_TENANT_ID);
      464 |

      at Object.mockResolvedValue (src/services/intelligence/customer/__tests__/service.test.ts:461:51)

  ΓùÅ CustomerIntelligenceService ΓÇ║ getRFMAnalysis ΓÇ║ should be an alias for getCustomerSegmentation

    TypeError: _queries.getRFMAnalysis.mockResolvedValue is not a function

      476 |     it('should be an alias for getCustomerSegmentation', async () => {
      477 |       mockCacheGet.mockResolvedValue(null);
    > 478 |       (queries.getRFMAnalysis as jest.Mock).mockResolvedValue(mockSegmentData);
          |                                             ^
      479 |
      480 |       const result = await service.getRFMAnalysis(TEST_TENANT_ID);
      481 |

      at Object.mockResolvedValue (src/services/intelligence/customer/__tests__/service.test.ts:478:45)

  ΓùÅ CustomerIntelligenceService ΓÇ║ getSegmentDistribution ΓÇ║ should return aggregated segment metrics

    TypeError: _queries.getSegmentDistribution.mockResolvedValue is not a function

      492 |     it('should return aggregated segment metrics', async () => {
      493 |       mockCacheGet.mockResolvedValue(null);
    > 494 |       (queries.getSegmentDistribution as jest.Mock).mockResolvedValue(mockSegmentDistribution);
          |                                                     ^
      495 |
      496 |       const result = await service.getSegmentDistribution(TEST_TENANT_ID);
      497 |

      at Object.mockResolvedValue (src/services/intelligence/customer/__tests__/service.test.ts:494:53)

  ΓùÅ CustomerIntelligenceService ΓÇ║ getSegmentDistribution ΓÇ║ should handle empty segments

    TypeError: _queries.getSegmentDistribution.mockResolvedValue is not a function

      504 |     it('should handle empty segments', async () => {
      505 |       mockCacheGet.mockResolvedValue(null);
    > 506 |       (queries.getSegmentDistribution as jest.Mock).mockResolvedValue([]);
          |                                                     ^
      507 |
      508 |       const result = await service.getSegmentDistribution(TEST_TENANT_ID);
      509 |

      at Object.mockResolvedValue (src/services/intelligence/customer/__tests__/service.test.ts:506:53)

  ΓùÅ CustomerIntelligenceService ΓÇ║ getCohortAnalysis ΓÇ║ should return cohort retention data

    TypeError: _queries.getCohortAnalysis.mockResolvedValue is not a function

      519 |     it('should return cohort retention data', async () => {
      520 |       mockCacheGet.mockResolvedValue(null);
    > 521 |       (queries.getCohortAnalysis as jest.Mock).mockResolvedValue(mockCohortAnalysis);
          |                                                ^
      522 |
      523 |       const result = await service.getCohortAnalysis(TEST_TENANT_ID);
      524 |

      at Object.mockResolvedValue (src/services/intelligence/customer/__tests__/service.test.ts:521:48)

  ΓùÅ CustomerIntelligenceService ΓÇ║ getCohortAnalysis ΓÇ║ should respect limit parameter

    TypeError: _queries.getCohortAnalysis.mockResolvedValue is not a function

      531 |     it('should respect limit parameter', async () => {
      532 |       mockCacheGet.mockResolvedValue(null);
    > 533 |       (queries.getCohortAnalysis as jest.Mock).mockResolvedValue(mockCohortAnalysis);
          |                                                ^
      534 |
      535 |       const result = await service.getCohortAnalysis(TEST_TENANT_ID, 6);
      536 |

      at Object.mockResolvedValue (src/services/intelligence/customer/__tests__/service.test.ts:533:48)

  ΓùÅ CustomerIntelligenceService ΓÇ║ healthCheck ΓÇ║ should return healthy status when cache is accessible

    expect(received).toBe(expected) // Object.is equality

    Expected: true
    Received: undefined

      549 |       const result = await service.healthCheck();
      550 |
    > 551 |       expect(result.healthy).toBe(true);
          |                              ^
      552 |     });
      553 |
      554 |     it('should return unhealthy when cache fails', async () => {

      at Object.toBe (src/services/intelligence/customer/__tests__/service.test.ts:551:30)

  ΓùÅ CustomerIntelligenceService ΓÇ║ healthCheck ΓÇ║ should return unhealthy when cache fails

    expect(received).toBe(expected) // Object.is equality

    Expected: false
    Received: undefined

      560 |       const result = await service.healthCheck();
      561 |
    > 562 |       expect(result.healthy).toBe(false);
          |                              ^
      563 |       expect(result.error).toContain('Redis connection failed');
      564 |     });
      565 |   });

      at Object.toBe (src/services/intelligence/customer/__tests__/service.test.ts:562:30)

  ΓùÅ CustomerIntelligenceService ΓÇ║ clearCache ΓÇ║ should clear tenant-specific cache when tenantId provided

    IntelligenceError: Failed to clear customer intelligence cache

      549 |     } catch (error) {
      550 |       console.error('[CustomerIntelligence] Failed to clear cache:', error);
    > 551 |       throw new IntelligenceError(
          |             ^
      552 |         'Failed to clear customer intelligence cache',
      553 |         'CACHE_CLEAR_ERROR',
      554 |         error instanceof Error ? error : undefined

      at CustomerIntelligenceService.clearCache (src/services/intelligence/customer/service.ts:551:13)
      at Object.clearCache (src/services/intelligence/customer/__tests__/service.test.ts:575:21)

    Cause:
    TypeError: this.cache.deleteByTag is not a function

      540 |       if (tenantId) {
      541 |         // Clear cache for specific tenant
    > 542 |         await this.cache.deleteByTag(`tenant:${tenantId}`);
          |                          ^
      543 |         console.log(`[CustomerIntelligence] Cache cleared for tenant: ${tenantId}`);
      544 |       } else {
      545 |         // Clear all Customer cache

      at CustomerIntelligenceService.deleteByTag [as clearCache] (src/services/intelligence/customer/service.ts:542:26)
      at Object.clearCache (src/services/intelligence/customer/__tests__/service.test.ts:575:21)

  ΓùÅ CustomerIntelligenceService ΓÇ║ clearCache ΓÇ║ should clear all customer cache when no tenantId

    IntelligenceError: Failed to clear customer intelligence cache

      549 |     } catch (error) {
      550 |       console.error('[CustomerIntelligence] Failed to clear cache:', error);
    > 551 |       throw new IntelligenceError(
          |             ^
      552 |         'Failed to clear customer intelligence cache',
      553 |         'CACHE_CLEAR_ERROR',
      554 |         error instanceof Error ? error : undefined

      at CustomerIntelligenceService.clearCache (src/services/intelligence/customer/service.ts:551:13)
      at Object.clearCache (src/services/intelligence/customer/__tests__/service.test.ts:583:21)

    Cause:
    TypeError: this.cache.deletePattern is not a function

      544 |       } else {
      545 |         // Clear all Customer cache
    > 546 |         await this.cache.deletePattern(`${CACHE_KEY_PREFIX.CUSTOMER}:*`);
          |                          ^
      547 |         console.log('[CustomerIntelligence] Cache cleared successfully');
      548 |       }
      549 |     } catch (error) {

      at CustomerIntelligenceService.deletePattern [as clearCache] (src/services/intelligence/customer/service.ts:546:26)
      at Object.clearCache (src/services/intelligence/customer/__tests__/service.test.ts:583:21)

  ΓùÅ CustomerIntelligenceService ΓÇ║ clearCache ΓÇ║ should not throw on cache clear failure

    expect(received).resolves.not.toThrow()

    Received promise rejected instead of resolved
    Rejected to value: [IntelligenceError: Failed to clear customer intelligence cache]

      589 |       mockCacheDel.mockRejectedValue(new Error('Redis del failed'));
      590 |
    > 591 |       await expect(service.clearCache()).resolves.not.toThrow();
          |                   ^
      592 |     });
      593 |   });
      594 |

      at expect (node_modules/expect/build/index.js:2116:15)
      at Object.<anonymous> (src/services/intelligence/customer/__tests__/service.test.ts:591:19)

  ΓùÅ CustomerIntelligenceService ΓÇ║ edge cases ΓÇ║ should handle malformed cached data

    TypeError: _queries.getCustomerSegmentation.mockResolvedValue is not a function

      601 |       // Cache contains invalid JSON
      602 |       mockCacheGet.mockResolvedValue('invalid-json{{{');
    > 603 |       (queries.getCustomerSegmentation as jest.Mock).mockResolvedValue(mockSegmentData);
          |                                                      ^
      604 |
      605 |       const result = await service.getCustomerSegmentation(TEST_TENANT_ID);
      606 |

      at Object.mockResolvedValue (src/services/intelligence/customer/__tests__/service.test.ts:603:54)

  ΓùÅ CustomerIntelligenceService ΓÇ║ edge cases ΓÇ║ should include query timing in metadata

    TypeError: _queries.getCustomerSegmentation.mockResolvedValue is not a function

      612 |     it('should include query timing in metadata', async () => {
      613 |       mockCacheGet.mockResolvedValue(null);
    > 614 |       (queries.getCustomerSegmentation as jest.Mock).mockResolvedValue(mockSegmentData);
          |                                                      ^
      615 |
      616 |       const result = await service.getCustomerSegmentation(TEST_TENANT_ID);
      617 |

      at Object.mockResolvedValue (src/services/intelligence/customer/__tests__/service.test.ts:614:54)

  ΓùÅ CustomerIntelligenceService ΓÇ║ edge cases ΓÇ║ should handle RFM scores at boundaries

    TypeError: _queries.getCustomerSegmentation.mockResolvedValue is not a function

      630 |
      631 |       mockCacheGet.mockResolvedValue(null);
    > 632 |       (queries.getCustomerSegmentation as jest.Mock).mockResolvedValue(boundaryData);
          |                                                      ^
      633 |
      634 |       const result = await service.getCustomerSegmentation(TEST_TENANT_ID);
      635 |

      at Object.mockResolvedValue (src/services/intelligence/customer/__tests__/service.test.ts:632:54)

  ΓùÅ CustomerIntelligenceService ΓÇ║ edge cases ΓÇ║ should handle customers with no bookings

    TypeError: _queries.getCustomerSegmentation.mockResolvedValue is not a function

      648 |
      649 |       mockCacheGet.mockResolvedValue(null);
    > 650 |       (queries.getCustomerSegmentation as jest.Mock).mockResolvedValue(newCustomer);
          |                                                      ^
      651 |
      652 |       const result = await service.getCustomerSegmentation(TEST_TENANT_ID);
      653 |

      at Object.mockResolvedValue (src/services/intelligence/customer/__tests__/service.test.ts:650:54)

FAIL src/app/api/rules/__tests__/rules-api.test.ts
  ΓùÅ Console

    console.log
      Γùç injected env (9) from .env.local // tip: Γîÿ custom filepath { path: '/custom/path/.env' }

      at _log (node_modules/dotenv/lib/main.js:131:11)

    console.log
      [Jest Setup] SUPABASE_SERVICE_ROLE_KEY loaded: sb_secret_Dm... (41 chars)

      at Object.log (jest.setup.ts:10:9)

  ΓùÅ Rule Management API ΓÇ║ POST /api/rules ΓÇ║ should create a new rule successfully

    Failed to create test user: duplicate key value violates unique constraint "users_email_key"

      60 |
      61 |     if (userError) {
    > 62 |       throw new Error(`Failed to create test user: ${userError.message}`);
         |             ^
      63 |     }
      64 |     testUserId = user.id;
      65 |   }, 30000); // Increase timeout to 30 seconds

      at Object.<anonymous> (src/app/api/rules/__tests__/rules-api.test.ts:62:13)

  ΓùÅ Rule Management API ΓÇ║ POST /api/rules ΓÇ║ should validate required fields

    Failed to create test user: duplicate key value violates unique constraint "users_email_key"

      60 |
      61 |     if (userError) {
    > 62 |       throw new Error(`Failed to create test user: ${userError.message}`);
         |             ^
      63 |     }
      64 |     testUserId = user.id;
      65 |   }, 30000); // Increase timeout to 30 seconds

      at Object.<anonymous> (src/app/api/rules/__tests__/rules-api.test.ts:62:13)

  ΓùÅ Rule Management API ΓÇ║ POST /api/rules ΓÇ║ should validate provider enum

    Failed to create test user: duplicate key value violates unique constraint "users_email_key"

      60 |
      61 |     if (userError) {
    > 62 |       throw new Error(`Failed to create test user: ${userError.message}`);
         |             ^
      63 |     }
      64 |     testUserId = user.id;
      65 |   }, 30000); // Increase timeout to 30 seconds

      at Object.<anonymous> (src/app/api/rules/__tests__/rules-api.test.ts:62:13)

  ΓùÅ Rule Management API ΓÇ║ GET /api/rules ΓÇ║ should list all rules for tenant

    Failed to create test user: duplicate key value violates unique constraint "users_email_key"

      60 |
      61 |     if (userError) {
    > 62 |       throw new Error(`Failed to create test user: ${userError.message}`);
         |             ^
      63 |     }
      64 |     testUserId = user.id;
      65 |   }, 30000); // Increase timeout to 30 seconds

      at Object.<anonymous> (src/app/api/rules/__tests__/rules-api.test.ts:62:13)

  ΓùÅ Rule Management API ΓÇ║ GET /api/rules ΓÇ║ should filter by provider

    Failed to create test user: duplicate key value violates unique constraint "users_email_key"

      60 |
      61 |     if (userError) {
    > 62 |       throw new Error(`Failed to create test user: ${userError.message}`);
         |             ^
      63 |     }
      64 |     testUserId = user.id;
      65 |   }, 30000); // Increase timeout to 30 seconds

      at Object.<anonymous> (src/app/api/rules/__tests__/rules-api.test.ts:62:13)

  ΓùÅ Rule Management API ΓÇ║ GET /api/rules ΓÇ║ should filter by status

    Failed to create test user: duplicate key value violates unique constraint "users_email_key"

      60 |
      61 |     if (userError) {
    > 62 |       throw new Error(`Failed to create test user: ${userError.message}`);
         |             ^
      63 |     }
      64 |     testUserId = user.id;
      65 |   }, 30000); // Increase timeout to 30 seconds

      at Object.<anonymous> (src/app/api/rules/__tests__/rules-api.test.ts:62:13)

  ΓùÅ Rule Management API ΓÇ║ GET /api/rules/[ruleId] ΓÇ║ should get rule by ID

    Failed to create test user: duplicate key value violates unique constraint "users_email_key"

      60 |
      61 |     if (userError) {
    > 62 |       throw new Error(`Failed to create test user: ${userError.message}`);
         |             ^
      63 |     }
      64 |     testUserId = user.id;
      65 |   }, 30000); // Increase timeout to 30 seconds

      at Object.<anonymous> (src/app/api/rules/__tests__/rules-api.test.ts:62:13)

  ΓùÅ Rule Management API ΓÇ║ GET /api/rules/[ruleId] ΓÇ║ should get rule with version history via RPC

    Failed to create test user: duplicate key value violates unique constraint "users_email_key"

      60 |
      61 |     if (userError) {
    > 62 |       throw new Error(`Failed to create test user: ${userError.message}`);
         |             ^
      63 |     }
      64 |     testUserId = user.id;
      65 |   }, 30000); // Increase timeout to 30 seconds

      at Object.<anonymous> (src/app/api/rules/__tests__/rules-api.test.ts:62:13)

  ΓùÅ Rule Management API ΓÇ║ GET /api/rules/[ruleId] ΓÇ║ should return 404 for non-existent rule

    Failed to create test user: duplicate key value violates unique constraint "users_email_key"

      60 |
      61 |     if (userError) {
    > 62 |       throw new Error(`Failed to create test user: ${userError.message}`);
         |             ^
      63 |     }
      64 |     testUserId = user.id;
      65 |   }, 30000); // Increase timeout to 30 seconds

      at Object.<anonymous> (src/app/api/rules/__tests__/rules-api.test.ts:62:13)

  ΓùÅ Rule Management API ΓÇ║ PATCH /api/rules/[ruleId] ΓÇ║ should update rule metadata (no version increment)

    Failed to create test user: duplicate key value violates unique constraint "users_email_key"

      60 |
      61 |     if (userError) {
    > 62 |       throw new Error(`Failed to create test user: ${userError.message}`);
         |             ^
      63 |     }
      64 |     testUserId = user.id;
      65 |   }, 30000); // Increase timeout to 30 seconds

      at Object.<anonymous> (src/app/api/rules/__tests__/rules-api.test.ts:62:13)

  ΓùÅ Rule Management API ΓÇ║ PATCH /api/rules/[ruleId] ΓÇ║ should increment version when conditions change

    Failed to create test user: duplicate key value violates unique constraint "users_email_key"

      60 |
      61 |     if (userError) {
    > 62 |       throw new Error(`Failed to create test user: ${userError.message}`);
         |             ^
      63 |     }
      64 |     testUserId = user.id;
      65 |   }, 30000); // Increase timeout to 30 seconds

      at Object.<anonymous> (src/app/api/rules/__tests__/rules-api.test.ts:62:13)

  ΓùÅ Rule Management API ΓÇ║ PATCH /api/rules/[ruleId] ΓÇ║ should create version snapshot when rule changes

    Failed to create test user: duplicate key value violates unique constraint "users_email_key"

      60 |
      61 |     if (userError) {
    > 62 |       throw new Error(`Failed to create test user: ${userError.message}`);
         |             ^
      63 |     }
      64 |     testUserId = user.id;
      65 |   }, 30000); // Increase timeout to 30 seconds

      at Object.<anonymous> (src/app/api/rules/__tests__/rules-api.test.ts:62:13)

  ΓùÅ Rule Management API ΓÇ║ POST /api/rules/[ruleId]/test ΓÇ║ should test rule and save result

    Failed to create test user: duplicate key value violates unique constraint "users_email_key"

      60 |
      61 |     if (userError) {
    > 62 |       throw new Error(`Failed to create test user: ${userError.message}`);
         |             ^
      63 |     }
      64 |     testUserId = user.id;
      65 |   }, 30000); // Increase timeout to 30 seconds

      at Object.<anonymous> (src/app/api/rules/__tests__/rules-api.test.ts:62:13)

  ΓùÅ Rule Management API ΓÇ║ POST /api/rules/[ruleId]/test ΓÇ║ should calculate test statistics via RPC

    Failed to create test user: duplicate key value violates unique constraint "users_email_key"

      60 |
      61 |     if (userError) {
    > 62 |       throw new Error(`Failed to create test user: ${userError.message}`);
         |             ^
      63 |     }
      64 |     testUserId = user.id;
      65 |   }, 30000); // Increase timeout to 30 seconds

      at Object.<anonymous> (src/app/api/rules/__tests__/rules-api.test.ts:62:13)

  ΓùÅ Rule Management API ΓÇ║ GET /api/rules/[ruleId]/versions ΓÇ║ should get version history

    Failed to create test user: duplicate key value violates unique constraint "users_email_key"

      60 |
      61 |     if (userError) {
    > 62 |       throw new Error(`Failed to create test user: ${userError.message}`);
         |             ^
      63 |     }
      64 |     testUserId = user.id;
      65 |   }, 30000); // Increase timeout to 30 seconds

      at Object.<anonymous> (src/app/api/rules/__tests__/rules-api.test.ts:62:13)

  ΓùÅ Rule Management API ΓÇ║ GET /api/rules/[ruleId]/versions ΓÇ║ should order versions descending

    Failed to create test user: duplicate key value violates unique constraint "users_email_key"

      60 |
      61 |     if (userError) {
    > 62 |       throw new Error(`Failed to create test user: ${userError.message}`);
         |             ^
      63 |     }
      64 |     testUserId = user.id;
      65 |   }, 30000); // Increase timeout to 30 seconds

      at Object.<anonymous> (src/app/api/rules/__tests__/rules-api.test.ts:62:13)

  ΓùÅ Rule Management API ΓÇ║ POST /api/rules/[ruleId]/rollback ΓÇ║ should rollback to previous version

    Failed to create test user: duplicate key value violates unique constraint "users_email_key"

      60 |
      61 |     if (userError) {
    > 62 |       throw new Error(`Failed to create test user: ${userError.message}`);
         |             ^
      63 |     }
      64 |     testUserId = user.id;
      65 |   }, 30000); // Increase timeout to 30 seconds

      at Object.<anonymous> (src/app/api/rules/__tests__/rules-api.test.ts:62:13)

  ΓùÅ Rule Management API ΓÇ║ POST /api/rules/[ruleId]/rollback ΓÇ║ should not rollback to invalid version

    Failed to create test user: duplicate key value violates unique constraint "users_email_key"

      60 |
      61 |     if (userError) {
    > 62 |       throw new Error(`Failed to create test user: ${userError.message}`);
         |             ^
      63 |     }
      64 |     testUserId = user.id;
      65 |   }, 30000); // Increase timeout to 30 seconds

      at Object.<anonymous> (src/app/api/rules/__tests__/rules-api.test.ts:62:13)

  ΓùÅ Rule Management API ΓÇ║ POST /api/rules/approvals ΓÇ║ should submit rule for approval

    Failed to create test user: duplicate key value violates unique constraint "users_email_key"

      60 |
      61 |     if (userError) {
    > 62 |       throw new Error(`Failed to create test user: ${userError.message}`);
         |             ^
      63 |     }
      64 |     testUserId = user.id;
      65 |   }, 30000); // Increase timeout to 30 seconds

      at Object.<anonymous> (src/app/api/rules/__tests__/rules-api.test.ts:62:13)

  ΓùÅ Rule Management API ΓÇ║ POST /api/rules/approvals ΓÇ║ should list pending approvals via RPC

    Failed to create test user: duplicate key value violates unique constraint "users_email_key"

      60 |
      61 |     if (userError) {
    > 62 |       throw new Error(`Failed to create test user: ${userError.message}`);
         |             ^
      63 |     }
      64 |     testUserId = user.id;
      65 |   }, 30000); // Increase timeout to 30 seconds

      at Object.<anonymous> (src/app/api/rules/__tests__/rules-api.test.ts:62:13)

  ΓùÅ Rule Management API ΓÇ║ DELETE /api/rules/[ruleId] ΓÇ║ should archive rule (soft delete)

    Failed to create test user: duplicate key value violates unique constraint "users_email_key"

      60 |
      61 |     if (userError) {
    > 62 |       throw new Error(`Failed to create test user: ${userError.message}`);
         |             ^
      63 |     }
      64 |     testUserId = user.id;
      65 |   }, 30000); // Increase timeout to 30 seconds

      at Object.<anonymous> (src/app/api/rules/__tests__/rules-api.test.ts:62:13)

  ΓùÅ Rule Management API ΓÇ║ DELETE /api/rules/[ruleId] ΓÇ║ should not appear in active rules list

    Failed to create test user: duplicate key value violates unique constraint "users_email_key"

      60 |
      61 |     if (userError) {
    > 62 |       throw new Error(`Failed to create test user: ${userError.message}`);
         |             ^
      63 |     }
      64 |     testUserId = user.id;
      65 |   }, 30000); // Increase timeout to 30 seconds

      at Object.<anonymous> (src/app/api/rules/__tests__/rules-api.test.ts:62:13)

  ΓùÅ Rule Management API ΓÇ║ Tenant Isolation ΓÇ║ should not access rules from other tenants

    Failed to create test user: duplicate key value violates unique constraint "users_email_key"

      60 |
      61 |     if (userError) {
    > 62 |       throw new Error(`Failed to create test user: ${userError.message}`);
         |             ^
      63 |     }
      64 |     testUserId = user.id;
      65 |   }, 30000); // Increase timeout to 30 seconds

      at Object.<anonymous> (src/app/api/rules/__tests__/rules-api.test.ts:62:13)

FAIL src/__tests__/business-process/universal-demo.test.ts
  ΓùÅ Console

    console.log
      Γùç injected env (9) from .env.local // tip: Γùê encrypted .env [www.dotenvx.com]

      at _log (node_modules/dotenv/lib/main.js:131:11)

    console.log
      [Jest Setup] SUPABASE_SERVICE_ROLE_KEY loaded: sb_secret_Dm... (41 chars)

      at Object.log (jest.setup.ts:10:9)

    console.log
      
      Γ£à PAYROLL PROCESS (HR Domain)

      at Object.log (src/__tests__/business-process/universal-demo.test.ts:71:15)

    console.log
         Employee: emp_001

      at Object.log (src/__tests__/business-process/universal-demo.test.ts:72:15)

    console.log
         Base Salary: 14,400,000─æ

      at Object.log (src/__tests__/business-process/universal-demo.test.ts:73:15)

    console.log
         Compensation: 3,414,000─æ

      at Object.log (src/__tests__/business-process/universal-demo.test.ts:74:15)

    console.log
         Total Salary: 17,814,000─æ

      at Object.log (src/__tests__/business-process/universal-demo.test.ts:75:15)

    console.log
         Execution Time: 2.10ms

      at Object.log (src/__tests__/business-process/universal-demo.test.ts:76:15)

    console.log
         Policies Used: 2

      at Object.log (src/__tests__/business-process/universal-demo.test.ts:77:15)

    console.log
      
      Γ£à BOOKING PROCESS (Hospitality Domain)

      at Object.log (src/__tests__/business-process/universal-demo.test.ts:135:15)

    console.log
         Customer: customer_vip

      at Object.log (src/__tests__/business-process/universal-demo.test.ts:136:15)

    console.log
         Eligible: true

      at Object.log (src/__tests__/business-process/universal-demo.test.ts:137:15)

    console.log
         Recommended Slot: 2026-06-30T14:00

      at Object.log (src/__tests__/business-process/universal-demo.test.ts:138:15)

    console.log
         Auto-Approved: true

      at Object.log (src/__tests__/business-process/universal-demo.test.ts:139:15)

    console.log
         Status: confirmed

      at Object.log (src/__tests__/business-process/universal-demo.test.ts:140:15)

    console.log
         Execution Time: 0.93ms

      at Object.log (src/__tests__/business-process/universal-demo.test.ts:141:15)

    console.log
         Policies Used: 3

      at Object.log (src/__tests__/business-process/universal-demo.test.ts:142:15)

    console.log
      
      ============================================================

      at Object.log (src/__tests__/business-process/universal-demo.test.ts:301:15)

    console.log
      ≡ƒÄ» PLATFORM CAPABILITY PROOF

      at Object.log (src/__tests__/business-process/universal-demo.test.ts:302:15)

    console.log
      ============================================================

      at Object.log (src/__tests__/business-process/universal-demo.test.ts:303:15)

    console.log
      
      ≡ƒôè PROCESS COMPARISON:

      at Object.log (src/__tests__/business-process/universal-demo.test.ts:305:15)

    console.log
      
        Payroll Process:

      at Object.log (src/__tests__/business-process/universal-demo.test.ts:306:15)

    console.log
          - Domain: HR/Finance

      at Object.log (src/__tests__/business-process/universal-demo.test.ts:307:15)

    console.log
          - Engine: BaseBusinessProcess

      at Object.log (src/__tests__/business-process/universal-demo.test.ts:308:15)

    console.log
          - Status: success

      at Object.log (src/__tests__/business-process/universal-demo.test.ts:309:15)

    console.log
          - Policies: BaseSalaryProvider:base-salary, CompensationProvider:session-commission

      at Object.log (src/__tests__/business-process/universal-demo.test.ts:310:15)

    console.log
          - Execution: 0.37ms

      at Object.log (src/__tests__/business-process/universal-demo.test.ts:311:15)

    console.log
      
        Booking Process:

      at Object.log (src/__tests__/business-process/universal-demo.test.ts:313:15)

    console.log
          - Domain: Hospitality

      at Object.log (src/__tests__/business-process/universal-demo.test.ts:314:15)

    console.log
          - Engine: BaseBusinessProcess

      at Object.log (src/__tests__/business-process/universal-demo.test.ts:315:15)

    console.log
          - Status: success

      at Object.log (src/__tests__/business-process/universal-demo.test.ts:316:15)

    console.log
          - Policies: EligibilityPolicy:booking-eligibility, RecommendationPolicy:booking-recommendation, ApprovalPolicy:booking-approval

      at Object.log (src/__tests__/business-process/universal-demo.test.ts:317:15)

    console.log
          - Execution: 0.11ms

      at Object.log (src/__tests__/business-process/universal-demo.test.ts:318:15)

    console.log
      
      ≡ƒÆí KEY INSIGHT:

      at Object.log (src/__tests__/business-process/universal-demo.test.ts:320:15)

    console.log
         Same Decision Engine ΓåÆ Different Policy Composition = Platform

      at Object.log (src/__tests__/business-process/universal-demo.test.ts:321:15)

    console.log
      
      ============================================================

      at Object.log (src/__tests__/business-process/universal-demo.test.ts:322:15)

    console.log
      
      ΓûêΓûêΓûêΓûêΓûêΓûêΓûêΓûêΓûêΓûêΓûêΓûêΓûêΓûêΓûêΓûêΓûêΓûêΓûêΓûêΓûêΓûêΓûêΓûêΓûêΓûêΓûêΓûêΓûêΓûêΓûêΓûêΓûêΓûêΓûêΓûêΓûêΓûêΓûêΓûêΓûêΓûêΓûêΓûêΓûêΓûêΓûêΓûêΓûêΓûêΓûêΓûêΓûêΓûêΓûêΓûêΓûêΓûêΓûêΓûêΓûêΓûêΓûêΓûêΓûêΓûêΓûêΓûêΓûêΓûê

      at Object.log (src/__tests__/business-process/universal-demo.test.ts:351:15)

    console.log
      Γûê                                                                    Γûê

      at Object.log (src/__tests__/business-process/universal-demo.test.ts:352:15)

    console.log
      Γûê  ≡ƒÄ¡ BELLA EIP - UNIVERSAL BUSINESS PROCESS PLATFORM DEMO  Γûê

      at Object.log (src/__tests__/business-process/universal-demo.test.ts:353:15)

    console.log
      Γûê                                                                    Γûê

      at Object.log (src/__tests__/business-process/universal-demo.test.ts:354:15)

    console.log
      ΓûêΓûêΓûêΓûêΓûêΓûêΓûêΓûêΓûêΓûêΓûêΓûêΓûêΓûêΓûêΓûêΓûêΓûêΓûêΓûêΓûêΓûêΓûêΓûêΓûêΓûêΓûêΓûêΓûêΓûêΓûêΓûêΓûêΓûêΓûêΓûêΓûêΓûêΓûêΓûêΓûêΓûêΓûêΓûêΓûêΓûêΓûêΓûêΓûêΓûêΓûêΓûêΓûêΓûêΓûêΓûêΓûêΓûêΓûêΓûêΓûêΓûêΓûêΓûêΓûêΓûêΓûêΓûêΓûêΓûê

      at Object.log (src/__tests__/business-process/universal-demo.test.ts:355:15)

    console.log
      
      ≡ƒôï DEMO SCENARIO:

      at Object.log (src/__tests__/business-process/universal-demo.test.ts:357:15)

    console.log
         We will run 2 completely different business processes:

      at Object.log (src/__tests__/business-process/universal-demo.test.ts:358:15)

    console.log
         1. Payroll (HR/Finance domain)

      at Object.log (src/__tests__/business-process/universal-demo.test.ts:359:15)

    console.log
         2. Booking (Hospitality domain)

      at Object.log (src/__tests__/business-process/universal-demo.test.ts:360:15)

    console.log
      
         Both will use the SAME Decision Engine.

      at Object.log (src/__tests__/business-process/universal-demo.test.ts:361:15)

    console.log
         This proves Bella EIP is a PLATFORM, not industry-specific software.

      at Object.log (src/__tests__/business-process/universal-demo.test.ts:362:15)

    console.log
      Γ£à Demo script ready for stakeholder presentation

      at Object.log (src/__tests__/business-process/universal-demo.test.ts:367:15)

    console.log
      ΓûêΓûêΓûêΓûêΓûêΓûêΓûêΓûêΓûêΓûêΓûêΓûêΓûêΓûêΓûêΓûêΓûêΓûêΓûêΓûêΓûêΓûêΓûêΓûêΓûêΓûêΓûêΓûêΓûêΓûêΓûêΓûêΓûêΓûêΓûêΓûêΓûêΓûêΓûêΓûêΓûêΓûêΓûêΓûêΓûêΓûêΓûêΓûêΓûêΓûêΓûêΓûêΓûêΓûêΓûêΓûêΓûêΓûêΓûêΓûêΓûêΓûêΓûêΓûêΓûêΓûêΓûêΓûêΓûêΓûê

      at Object.log (src/__tests__/business-process/universal-demo.test.ts:368:15)

  ΓùÅ Γ¡É Universal Business Process Demo ΓÇ║ Platform Capability Proof ΓÇ║ should process PROCUREMENT using policy composition

    expect(received).toBe(expected) // Object.is equality

    Expected: true
    Received: false

      206 |       // Assertions
      207 |       expect(['success', 'partial_success']).toContain(procurementResult.status);
    > 208 |       expect(procurementResult.result.valid).toBe(true);
          |                                              ^
      209 |       expect(procurementResult.result.requiredApprovers.length).toBeGreaterThan(0);
      210 |       expect(procurementResult.metadata.policyComposition.length).toBeGreaterThan(0);
      211 |       expect(procurementResult.totalExecutionTime).toBeLessThan(100);

      at Object.toBe (src/__tests__/business-process/universal-demo.test.ts:208:46)

  ΓùÅ Γ¡É Universal Business Process Demo ΓÇ║ Platform Capability Proof ΓÇ║ should prove SAME ENGINE runs DIFFERENT PROCESSES

    expect(received).toContain(expected) // indexOf

    Expected value: "BaseSalaryProvider:base-salary-eligibility"
    Received array: ["BaseSalaryProvider:base-salary", "CompensationProvider:session-commission"]

      338 |       const bookingPolicies = bookingResult.metadata.policyComposition;
      339 |       
    > 340 |       expect(payrollPolicies).toContain('BaseSalaryProvider:base-salary-eligibility');
          |                               ^
      341 |       expect(bookingPolicies).toContain('EligibilityPolicy:booking-eligibility');
      342 |       
      343 |       // NO OVERLAP = Different domains using same engine Γ£à

      at Object.toContain (src/__tests__/business-process/universal-demo.test.ts:340:31)

FAIL src/__tests__/e2e-partner-api-rate-limit.test.ts
  ΓùÅ Console

    console.log
      Γùç injected env (9) from .env.local // tip: Γîÿ enable debugging { debug: true }

      at _log (node_modules/dotenv/lib/main.js:131:11)

    console.log
      [Jest Setup] SUPABASE_SERVICE_ROLE_KEY loaded: sb_secret_Dm... (41 chars)

      at Object.log (jest.setup.ts:10:9)

  ΓùÅ E2E Partner API Rate Limit ΓÇ║ should enforce rate limiting for partner API

    TypeError: Cannot read properties of null (reading 'api_key')

      33 |       status: 'active',
      34 |     }).select('api_key').single();
    > 35 |     partnerApiKey = apiKey!.api_key;
         |                             ^
      36 |   });
      37 |
      38 |   it('should enforce rate limiting for partner API', async () => {

      at Object.api_key (src/__tests__/e2e-partner-api-rate-limit.test.ts:35:29)

FAIL src/__tests__/query-salary-actions.test.ts
  ΓùÅ Console

    console.log
      Γùç injected env (9) from .env.local // tip: Γîÿ override existing { override: true }

      at _log (node_modules/dotenv/lib/main.js:131:11)

    console.log
      [Jest Setup] SUPABASE_SERVICE_ROLE_KEY loaded: sb_secret_Dm... (41 chars)

      at Object.log (jest.setup.ts:10:9)

    console.error
      Error in getSalaryData: TypeError: supabase.from(...).select(...).eq(...).eq(...).maybeSingle is not a function
          at maybeSingle (D:\Antigravity\Projects\BELLA SPA ERP\src\modules\hr-salary\actions\query-salary-actions.ts:198:8)
          at processTicksAndRejections (node:internal/process/task_queues:104:5)
          at Object.<anonymous> (D:\Antigravity\Projects\BELLA SPA ERP\src\__tests__\query-salary-actions.test.ts:169:20)

      437 |     return ktvSalaries;
      438 |   } catch (error) {
    > 439 |     console.error('Error in getSalaryData:', error);
          |             ^
      440 |     throw error instanceof Error ? error : new Error('getSalaryData failed');
      441 |   }
      442 | }

      at error (src/modules/hr-salary/actions/query-salary-actions.ts:439:13)
      at Object.<anonymous> (src/__tests__/query-salary-actions.test.ts:169:20)

    console.error
      Error in getSalaryData: TypeError: supabase.from(...).select(...).eq(...).eq(...).maybeSingle is not a function
          at maybeSingle (D:\Antigravity\Projects\BELLA SPA ERP\src\modules\hr-salary\actions\query-salary-actions.ts:198:8)
          at processTicksAndRejections (node:internal/process/task_queues:104:5)
          at Object.<anonymous> (D:\Antigravity\Projects\BELLA SPA ERP\src\__tests__\query-salary-actions.test.ts:218:20)

      437 |     return ktvSalaries;
      438 |   } catch (error) {
    > 439 |     console.error('Error in getSalaryData:', error);
          |             ^
      440 |     throw error instanceof Error ? error : new Error('getSalaryData failed');
      441 |   }
      442 | }

      at error (src/modules/hr-salary/actions/query-salary-actions.ts:439:13)
      at Object.<anonymous> (src/__tests__/query-salary-actions.test.ts:218:20)

    console.error
      Error in getSalaryData: TypeError: supabase.from(...).select(...).eq(...).eq(...).maybeSingle is not a function
          at maybeSingle (D:\Antigravity\Projects\BELLA SPA ERP\src\modules\hr-salary\actions\query-salary-actions.ts:198:8)
          at processTicksAndRejections (node:internal/process/task_queues:104:5)
          at Object.<anonymous> (D:\Antigravity\Projects\BELLA SPA ERP\src\__tests__\query-salary-actions.test.ts:268:20)

      437 |     return ktvSalaries;
      438 |   } catch (error) {
    > 439 |     console.error('Error in getSalaryData:', error);
          |             ^
      440 |     throw error instanceof Error ? error : new Error('getSalaryData failed');
      441 |   }
      442 | }

      at error (src/modules/hr-salary/actions/query-salary-actions.ts:439:13)
      at Object.<anonymous> (src/__tests__/query-salary-actions.test.ts:268:20)

    console.error
      Error in getSalaryData: TypeError: supabase.from(...).select(...).eq(...).eq(...).maybeSingle is not a function
          at maybeSingle (D:\Antigravity\Projects\BELLA SPA ERP\src\modules\hr-salary\actions\query-salary-actions.ts:198:8)
          at processTicksAndRejections (node:internal/process/task_queues:104:5)
          at Object.<anonymous> (D:\Antigravity\Projects\BELLA SPA ERP\src\__tests__\query-salary-actions.test.ts:287:5)

      437 |     return ktvSalaries;
      438 |   } catch (error) {
    > 439 |     console.error('Error in getSalaryData:', error);
          |             ^
      440 |     throw error instanceof Error ? error : new Error('getSalaryData failed');
      441 |   }
      442 | }

      at error (src/modules/hr-salary/actions/query-salary-actions.ts:439:13)
      at Object.<anonymous> (src/__tests__/query-salary-actions.test.ts:287:5)

    console.error
      Error in getSalaryData: Error: [getSalaryData] Missing tenantId for current user
          at getSalaryData (D:\Antigravity\Projects\BELLA SPA ERP\src\modules\hr-salary\actions\query-salary-actions.ts:171:13)
          at processTicksAndRejections (node:internal/process/task_queues:104:5)
          at Object.<anonymous> (D:\Antigravity\Projects\BELLA SPA ERP\src\__tests__\query-salary-actions.test.ts:294:5)

      437 |     return ktvSalaries;
      438 |   } catch (error) {
    > 439 |     console.error('Error in getSalaryData:', error);
          |             ^
      440 |     throw error instanceof Error ? error : new Error('getSalaryData failed');
      441 |   }
      442 | }

      at error (src/modules/hr-salary/actions/query-salary-actions.ts:439:13)
      at Object.<anonymous> (src/__tests__/query-salary-actions.test.ts:294:5)

    console.error
      Critical error in getKtvSessionMatrix: Error: getKtvSessionMatrix session_logs query failed: session query failed
          at getKtvSessionMatrix (D:\Antigravity\Projects\BELLA SPA ERP\src\modules\hr-salary\actions\query-salary-actions.ts:599:13)
          at processTicksAndRejections (node:internal/process/task_queues:104:5)
          at Object.<anonymous> (D:\Antigravity\Projects\BELLA SPA ERP\src\__tests__\query-salary-actions.test.ts:364:5)

      674 |     };
      675 |   } catch (error) {
    > 676 |     console.error('Critical error in getKtvSessionMatrix:', error);
          |             ^
      677 |     throw error instanceof Error ? error : new Error('getKtvSessionMatrix failed');
      678 |   }
      679 | }

      at error (src/modules/hr-salary/actions/query-salary-actions.ts:676:13)
      at Object.<anonymous> (src/__tests__/query-salary-actions.test.ts:364:5)

    console.error
      Critical error in getKtvSessionMatrix: Error: getKtvSessionMatrix packages query failed: packages query failed
          at getKtvSessionMatrix (D:\Antigravity\Projects\BELLA SPA ERP\src\modules\hr-salary\actions\query-salary-actions.ts:613:13)
          at processTicksAndRejections (node:internal/process/task_queues:104:5)
          at Object.<anonymous> (D:\Antigravity\Projects\BELLA SPA ERP\src\__tests__\query-salary-actions.test.ts:376:5)

      674 |     };
      675 |   } catch (error) {
    > 676 |     console.error('Critical error in getKtvSessionMatrix:', error);
          |             ^
      677 |     throw error instanceof Error ? error : new Error('getKtvSessionMatrix failed');
      678 |   }
      679 | }

      at error (src/modules/hr-salary/actions/query-salary-actions.ts:676:13)
      at Object.<anonymous> (src/__tests__/query-salary-actions.test.ts:376:5)

  ΓùÅ getSalaryData query errors ΓÇ║ returns computed salary rows when all salary queries succeed

    TypeError: supabase.from(...).select(...).eq(...).eq(...).maybeSingle is not a function

      196 |       .eq('provider_key', 'kpi')
      197 |       .eq('tenant_id', tenantId)
    > 198 |       .maybeSingle();
          |        ^
      199 |
      200 |     let dynamicKpiTargetSessions = salaryConfig.kpi_target_sessions;
      201 |     if (kpiConfigData?.enabled && kpiConfigData.config) {

      at maybeSingle (src/modules/hr-salary/actions/query-salary-actions.ts:198:8)
      at Object.<anonymous> (src/__tests__/query-salary-actions.test.ts:169:20)

  ΓùÅ getSalaryData query errors ΓÇ║ does not default draft salary rows to full-month attendance when no attendance logs exist

    TypeError: supabase.from(...).select(...).eq(...).eq(...).maybeSingle is not a function

      196 |       .eq('provider_key', 'kpi')
      197 |       .eq('tenant_id', tenantId)
    > 198 |       .maybeSingle();
          |        ^
      199 |
      200 |     let dynamicKpiTargetSessions = salaryConfig.kpi_target_sessions;
      201 |     if (kpiConfigData?.enabled && kpiConfigData.config) {

      at maybeSingle (src/modules/hr-salary/actions/query-salary-actions.ts:198:8)
      at Object.<anonymous> (src/__tests__/query-salary-actions.test.ts:218:20)

  ΓùÅ getSalaryData query errors ΓÇ║ preserves saved non-draft salary amounts while showing live attendance days

    TypeError: supabase.from(...).select(...).eq(...).eq(...).maybeSingle is not a function

      196 |       .eq('provider_key', 'kpi')
      197 |       .eq('tenant_id', tenantId)
    > 198 |       .maybeSingle();
          |        ^
      199 |
      200 |     let dynamicKpiTargetSessions = salaryConfig.kpi_target_sessions;
      201 |     if (kpiConfigData?.enabled && kpiConfigData.config) {

      at maybeSingle (src/modules/hr-salary/actions/query-salary-actions.ts:198:8)
      at Object.<anonymous> (src/__tests__/query-salary-actions.test.ts:268:20)

  ΓùÅ getSalaryData query errors ΓÇ║ throws instead of returning an empty salary list when a required query fails

    expect(received).rejects.toThrow(expected)

    Expected substring: "[getSalaryData] users query failed: users query failed"
    Received message:   "supabase.from(...).select(...).eq(...).eq(...).maybeSingle is not a function"

          196 |       .eq('provider_key', 'kpi')
          197 |       .eq('tenant_id', tenantId)
        > 198 |       .maybeSingle();
              |        ^
          199 |
          200 |     let dynamicKpiTargetSessions = salaryConfig.kpi_target_sessions;
          201 |     if (kpiConfigData?.enabled && kpiConfigData.config) {

      at maybeSingle (src/modules/hr-salary/actions/query-salary-actions.ts:198:8)
      at Object.<anonymous> (src/__tests__/query-salary-actions.test.ts:287:5)
      at Object.toThrow (node_modules/expect/build/index.js:2155:20)
      at Object.toThrow (src/__tests__/query-salary-actions.test.ts:287:43)

FAIL src/__tests__/e2e-permission-branch-manager-scope.test.ts
  ΓùÅ Console

    console.log
      Γùç injected env (9) from .env.local // tip: Γîÿ multiple files { path: ['.env.local', '.env'] }

      at _log (node_modules/dotenv/lib/main.js:131:11)

    console.log
      [Jest Setup] SUPABASE_SERVICE_ROLE_KEY loaded: sb_secret_Dm... (41 chars)

      at Object.log (jest.setup.ts:10:9)

  ΓùÅ E2E Branch Manager Scope (Permission Test) ΓÇ║ should restrict branch manager to their branch data only

    TypeError: Cannot read properties of null (reading 'id')

      31 |       tenant_id: testTenantId, name: 'Branch A', code: 'BRA', status: 'active',
      32 |     }).select('id').single();
    > 33 |     branchAId = branchA!.id;
         |                          ^
      34 |
      35 |     const { data: branchB } = await supabase.from('branches').insert({
      36 |       tenant_id: testTenantId, name: 'Branch B', code: 'BRB', status: 'active',

      at Object.id (src/__tests__/e2e-permission-branch-manager-scope.test.ts:33:26)

FAIL src/__tests__/e2e-negative-orphaned-data.test.ts
  ΓùÅ Console

    console.log
      Γùç injected env (9) from .env.local // tip: Γùê encrypted .env [www.dotenvx.com]

      at _log (node_modules/dotenv/lib/main.js:131:11)

    console.log
      [Jest Setup] SUPABASE_SERVICE_ROLE_KEY loaded: sb_secret_Dm... (41 chars)

      at Object.log (jest.setup.ts:10:9)

  ΓùÅ E2E Orphaned Data (Referential Integrity Test) ΓÇ║ should cascade delete session logs when booking is deleted

    TypeError: Cannot read properties of null (reading 'id')

      34 |       start_date: '2026-06-20', full_price: 5000000, status: 'booked',
      35 |     }).select('id').single();
    > 36 |     bookingId = booking!.id;
         |                          ^
      37 |
      38 |     await supabase.from('session_logs').insert([
      39 |       { booking_id: bookingId, session_number: 1, assigned_date: '2026-06-21', status: 'scheduled', tenant_id: testTenantId },

      at Object.id (src/__tests__/e2e-negative-orphaned-data.test.ts:36:26)

FAIL src/services/intelligence/operational/__tests__/service.test.ts
  ΓùÅ Console

    console.log
      Γùç injected env (9) from .env.local // tip: Γîÿ enable debugging { debug: true }

      at _log (node_modules/dotenv/lib/main.js:131:11)

    console.log
      [Jest Setup] SUPABASE_SERVICE_ROLE_KEY loaded: sb_secret_Dm... (41 chars)

      at Object.log (jest.setup.ts:10:9)

    console.error
      [OperationalIntelligence] Cache health check failed

      465 |
      466 |       if (!cached) {
    > 467 |         console.error('[OperationalIntelligence] Cache health check failed');
          |                 ^
      468 |         return false;
      469 |       }
      470 |

      at OperationalIntelligenceService.error [as healthCheck] (src/services/intelligence/operational/service.ts:467:17)
      at Object.<anonymous> (src/services/intelligence/operational/__tests__/service.test.ts:253:25)

    console.error
      [OperationalIntelligence] Health check failed: Error: Cache connection failed
          at Object.<anonymous> (D:\Antigravity\Projects\BELLA SPA ERP\src\services\intelligence\operational\__tests__\service.test.ts:259:39)
          at Promise.finally.completed (D:\Antigravity\Projects\BELLA SPA ERP\node_modules\jest-circus\build\jestAdapterInit.js:1561:28)
          at new Promise (<anonymous>)
          at callAsyncCircusFn (D:\Antigravity\Projects\BELLA SPA ERP\node_modules\jest-circus\build\jestAdapterInit.js:1501:10)
          at _callCircusTest (D:\Antigravity\Projects\BELLA SPA ERP\node_modules\jest-circus\build\jestAdapterInit.js:1011:40)
          at processTicksAndRejections (node:internal/process/task_queues:104:5)
          at _runTest (D:\Antigravity\Projects\BELLA SPA ERP\node_modules\jest-circus\build\jestAdapterInit.js:951:3)
          at D:\Antigravity\Projects\BELLA SPA ERP\node_modules\jest-circus\build\jestAdapterInit.js:853:7
          at _runTestsForDescribeBlock (D:\Antigravity\Projects\BELLA SPA ERP\node_modules\jest-circus\build\jestAdapterInit.js:866:11)
          at _runTestsForDescribeBlock (D:\Antigravity\Projects\BELLA SPA ERP\node_modules\jest-circus\build\jestAdapterInit.js:861:11)
          at _runTestsForDescribeBlock (D:\Antigravity\Projects\BELLA SPA ERP\node_modules\jest-circus\build\jestAdapterInit.js:861:11)
          at run (D:\Antigravity\Projects\BELLA SPA ERP\node_modules\jest-circus\build\jestAdapterInit.js:765:3)
          at runAndTransformResultsToJestFormat (D:\Antigravity\Projects\BELLA SPA ERP\node_modules\jest-circus\build\jestAdapterInit.js:1993:21)
          at jestAdapter (D:\Antigravity\Projects\BELLA SPA ERP\node_modules\jest-circus\build\runner.js:111:19)
          at runTestInternal (D:\Antigravity\Projects\BELLA SPA ERP\node_modules\jest-runner\build\testWorker.js:276:16)
          at runTest (D:\Antigravity\Projects\BELLA SPA ERP\node_modules\jest-runner\build\testWorker.js:344:7)
          at Object.worker (D:\Antigravity\Projects\BELLA SPA ERP\node_modules\jest-runner\build\testWorker.js:498:12)

      473 |       return true;
      474 |     } catch (error) {
    > 475 |       console.error('[OperationalIntelligence] Health check failed:', error);
          |               ^
      476 |       return false;
      477 |     }
      478 |   }

      at OperationalIntelligenceService.error [as healthCheck] (src/services/intelligence/operational/service.ts:475:15)
      at Object.<anonymous> (src/services/intelligence/operational/__tests__/service.test.ts:261:25)

    console.log
      [OperationalIntelligence] Cache cleared successfully

      at OperationalIntelligenceService.log [as clearCache] (src/services/intelligence/operational/service.ts:487:15)

    console.error
      [OperationalIntelligence] Failed to clear cache: Error: Cache clear failed
          at Object.<anonymous> (D:\Antigravity\Projects\BELLA SPA ERP\src\services\intelligence\operational\__tests__\service.test.ts:282:49)
          at Promise.finally.completed (D:\Antigravity\Projects\BELLA SPA ERP\node_modules\jest-circus\build\jestAdapterInit.js:1561:28)
          at new Promise (<anonymous>)
          at callAsyncCircusFn (D:\Antigravity\Projects\BELLA SPA ERP\node_modules\jest-circus\build\jestAdapterInit.js:1501:10)
          at _callCircusTest (D:\Antigravity\Projects\BELLA SPA ERP\node_modules\jest-circus\build\jestAdapterInit.js:1011:40)
          at processTicksAndRejections (node:internal/process/task_queues:104:5)
          at _runTest (D:\Antigravity\Projects\BELLA SPA ERP\node_modules\jest-circus\build\jestAdapterInit.js:951:3)
          at D:\Antigravity\Projects\BELLA SPA ERP\node_modules\jest-circus\build\jestAdapterInit.js:853:7
          at _runTestsForDescribeBlock (D:\Antigravity\Projects\BELLA SPA ERP\node_modules\jest-circus\build\jestAdapterInit.js:866:11)
          at _runTestsForDescribeBlock (D:\Antigravity\Projects\BELLA SPA ERP\node_modules\jest-circus\build\jestAdapterInit.js:861:11)
          at _runTestsForDescribeBlock (D:\Antigravity\Projects\BELLA SPA ERP\node_modules\jest-circus\build\jestAdapterInit.js:861:11)
          at run (D:\Antigravity\Projects\BELLA SPA ERP\node_modules\jest-circus\build\jestAdapterInit.js:765:3)
          at runAndTransformResultsToJestFormat (D:\Antigravity\Projects\BELLA SPA ERP\node_modules\jest-circus\build\jestAdapterInit.js:1993:21)
          at jestAdapter (D:\Antigravity\Projects\BELLA SPA ERP\node_modules\jest-circus\build\runner.js:111:19)
          at runTestInternal (D:\Antigravity\Projects\BELLA SPA ERP\node_modules\jest-runner\build\testWorker.js:276:16)
          at runTest (D:\Antigravity\Projects\BELLA SPA ERP\node_modules\jest-runner\build\testWorker.js:344:7)
          at Object.worker (D:\Antigravity\Projects\BELLA SPA ERP\node_modules\jest-runner\build\testWorker.js:498:12)

      487 |       console.log('[OperationalIntelligence] Cache cleared successfully');
      488 |     } catch (error) {
    > 489 |       console.error('[OperationalIntelligence] Failed to clear cache:', error);
          |               ^
      490 |       throw new IntelligenceError(
      491 |         'Failed to clear operational intelligence cache',
      492 |         'CACHE_CLEAR_ERROR',

      at OperationalIntelligenceService.error [as clearCache] (src/services/intelligence/operational/service.ts:489:15)
      at Object.<anonymous> (src/services/intelligence/operational/__tests__/service.test.ts:285:7)

  ΓùÅ OperationalIntelligenceService ΓÇ║ Cache Hit Scenarios ΓÇ║ should return cached data on cache hit for getKtvPerformance

    TypeError: Cannot use 'in' operator to search for 'period' in undefined

      116 |   }
      117 |
    > 118 |   if ('period' in range && range.period) {
          |       ^
      119 |     return periodToDateRange(range.period);
      120 |   }
      121 |

      at parseDateRange (src/services/intelligence/shared/helpers.ts:118:7)
      at OperationalIntelligenceService.getKtvPerformance (src/services/intelligence/operational/service.ts:83:39)
      at Object.getKtvPerformance (src/services/intelligence/operational/__tests__/service.test.ts:160:36)

  ΓùÅ OperationalIntelligenceService ΓÇ║ Cache Key Construction ΓÇ║ should build correct cache key for KTV performance queries

    TypeError: Cannot use 'in' operator to search for 'period' in undefined

      116 |   }
      117 |
    > 118 |   if ('period' in range && range.period) {
          |       ^
      119 |     return periodToDateRange(range.period);
      120 |   }
      121 |

      at parseDateRange (src/services/intelligence/shared/helpers.ts:118:7)
      at OperationalIntelligenceService.getKtvPerformance (src/services/intelligence/operational/service.ts:83:39)
      at Object.getKtvPerformance (src/services/intelligence/operational/__tests__/service.test.ts:206:21)

  ΓùÅ OperationalIntelligenceService ΓÇ║ Cache Error Resilience ΓÇ║ should handle cache read errors gracefully (log warning, continue)

    expect(jest.fn()).toHaveBeenCalled()

    Expected number of calls: >= 1
    Received number of calls:    0

      305 |
      306 |       // Verify cache was attempted
    > 307 |       expect(mockCache.get).toHaveBeenCalled();
          |                             ^
      308 |     });
      309 |   });
      310 | });

      at Object.toHaveBeenCalled (src/services/intelligence/operational/__tests__/service.test.ts:307:29)

FAIL src/__tests__/payment-business-rule-audit.test.ts
  ΓùÅ Console

    console.log
      Γùç injected env (9) from .env.local // tip: Γîÿ override existing { override: true }

      at _log (node_modules/dotenv/lib/main.js:131:11)

    console.log
      [Jest Setup] SUPABASE_SERVICE_ROLE_KEY loaded: sb_secret_Dm... (41 chars)

      at Object.log (jest.setup.ts:10:9)

  ΓùÅ payment business rule audit ΓÇ║ keeps high-risk percent and integer inputs routed through shared numeric helpers

    expect(received).not.toMatch(expected)

    Expected pattern: not /parseInt\(/
    Received string:      "'use client';

    import VietQRPaymentModal from '@/components/features/VietQRPaymentModal';
    import { PremiumSelect } from '@/components/ui/PremiumSelect';
    import { useTenantModuleKey } from '@/hooks/useTenantModuleKey';
    import {
      calculateBookingPaymentState,
      calculatePaymentRequest,
      normalizeDiscountPercent,
      type PaymentRevenueLike,
    } from '@/lib/business-rules/payment';
    import { getTenantModulePresentationOrNeutral } from '@/lib/business-rules/tenant-module-presentation';
    import { formatMoneyInput, getLocalDateString, parseMoneyInput } from '@bella/shared';
    import { cn, formatNumberWithSeparator, parseIntegerInput } from '@/lib/utils';;
    import { createBooking,getBookingDetailsWithPayment,getDraftBooking,getPackages as getScopedPackages } from '@/core/services/order';
    import { getCustomers as getScopedCustomers } from '@/services/customer-actions';
    import { getUsers } from '@/services/user-actions';
    import type { Database } from '@/types/database.types';
    import { AnimatePresence,motion } from 'framer-motion';
    import {
    ArrowLeft,
    Calendar,
    CheckCircle2,
    ChevronRight,
    CreditCard,
    Loader2,
    Package,
    Phone,
    Plus,
    Search,
    Tag,
    User,
    X
    } from 'lucide-react';
    import { useEffect,useState } from 'react';
    import { toast } from 'sonner';

    type CustomerRow = Database['public']['Tables']['customers']['Row'];
    type PackageRow = Database['public']['Tables']['packages']['Row'];
    type UserRow = Database['public']['Tables']['users']['Row'];
    type TenantBankInfo = Pick<
      Database['public']['Tables']['tenants']['Row'],
      'qr_bank_code' | 'qr_account_number' | 'qr_account_name' | 'name'
    >;
    type DraftBooking = Awaited<ReturnType<typeof getDraftBooking>>;
    type BookingSubmitPayload = Parameters<typeof createBooking>[0];

    function getErrorMessage(error: unknown, fallback = 'Kh├┤ng r├╡ nguy├¬n nh├ón. Kiß╗âm tra console ─æß╗â biß║┐t th├¬m.') {
      return error instanceof Error ? error.message : fallback;
    }

    interface BookingModalProps {
      isOpen: boolean;
      onClose: () => void;
      onSuccess?: () => void;
      preselectedCustomer?: CustomerRow | null;
    }

    export function BookingModal({ isOpen, onClose, onSuccess, preselectedCustomer }: BookingModalProps) {
      const [step, setStep] = useState(1);
      const [mode, setMode] = useState<'search' | 'new'>('search');
      const [searchQuery, setSearchQuery] = useState('');
      const [customers, setCustomers] = useState<CustomerRow[]>([]);
      const [filteredCustomers, setFilteredCustomers] = useState<CustomerRow[]>([]);
      const [selectedCustomer, setSelectedCustomer] = useState<CustomerRow | null>(null);
      const [isLoading, setIsLoading] = useState(false);
      const [isSubmitting, setIsSubmitting] = useState(false);
      const { tenantModuleKey, refreshTenantModuleKey } = useTenantModuleKey();
      const customerLabels = getTenantModulePresentationOrNeutral(tenantModuleKey);

      // VietQR deposit states
      const [showQrModal, setShowQrModal] = useState(false);
      const [qrModalData, setQrModalData] = useState<{ bookingNumber: string; amount: number; tenantInfo: TenantBankInfo | null } | null>(null);

      const handleCloseQrModal = () => {
        setShowQrModal(false);
        if (onSuccess) {
          onSuccess();
        } else {
          onClose();
        }
      };

      const [newCustomer, setNewCustomer] = useState({
        name_mother: '',
        phone: '',
        address: '',
      });

      const [ktvs, setKtvs] = useState<Pick<UserRow, 'id' | 'full_name'>[]>([]);
      const [packages, setPackages] = useState<PackageRow[]>([]);
      const [draftBooking, setDraftBooking] = useState<DraftBooking>(null);
      const [discountPercent, setDiscountPercent] = useState<string>('');

      const [formData, setFormData] = useState({
        package_id: '',
        package_name: '',
        full_price: 0,
        deposit_amount: 0,
        total_sessions: 21,
        start_date: getLocalDateString(),
        preferred_time: '08:00',
        assigned_ktv_id: '',
      });

      async function fetchPackages() {
        try {
          const data = await getScopedPackages();
          setPackages(data || []);
        } catch (error) {
          console.error('Error fetching packages:', error);
          toast.error('Kh├┤ng thß╗â tß║úi g├│i dß╗ïch vß╗Ñ theo ph├ón hß╗ç');
        }
      }

      async function fetchKtvs() {
        try {
          const data = await getUsers();
          setKtvs(
            data
              .filter((user) => user.role === 'ktv' && user.status === 'active')
              .map((user) => ({ id: user.id, full_name: user.full_name }))
              .sort((a, b) => a.full_name.localeCompare(b.full_name))
          );
        } catch (error) {
          console.error('Error fetching KTVs:', error);
        }
      }

      async function fetchCustomers() {
        setIsLoading(true);
        try {
          const data = await getScopedCustomers();
          const activeCustomers = (data || [])
            .filter((customer) => customer.status === 'active')
            .sort((a, b) => (a.name_mother || '').localeCompare(b.name_mother || ''));
          setCustomers(activeCustomers);
          setFilteredCustomers(activeCustomers);
        } catch (error) {
          console.error('Error fetching customers:', error);
          toast.error('Kh├┤ng thß╗â tß║úi danh s├ích kh├ích h├áng');
        } finally {
          setIsLoading(false);
        }
      }

      useEffect(() => {
        if (isOpen) {
          if (preselectedCustomer) {
            setSelectedCustomer(preselectedCustomer);
            setStep(2);
            setMode('search');
          } else {
            setStep(1);
            setMode('search');
            setSelectedCustomer(null);
          }
          setSearchQuery('');
          setNewCustomer({ name_mother: '', phone: '', address: '' });
          setDiscountPercent('');
          void refreshTenantModuleKey();
          fetchCustomers();
          fetchKtvs();
          fetchPackages();
        }
      }, [isOpen, preselectedCustomer, refreshTenantModuleKey]);

      // Load draft booking when customer is selected
      useEffect(() => {
        if (selectedCustomer?.id) {
          const loadDraft = async () => {
            let draft: DraftBooking = null;
            try {
              draft = await getDraftBooking(selectedCustomer.id);
            } catch (error) {
              console.error('Error loading draft booking:', error);
              toast.error('Khong the tai booking nhap cua khach hang');
              setDraftBooking(null);
              return;
            }

            if (draft) {
              const draftPaymentState = calculateBookingPaymentState({
                fullPrice: draft.full_price || 0,
                discountPercent: draft.discount_percent || 0,
                depositAmount: draft.deposit_amount || 0,
                bookingStatus: draft.status,
                revenues: draft.revenue,
              });
              const draftDepositAmount = draftPaymentState.totalPaid;
              setDraftBooking(draft);
              // Pre-fill form data if draft exists
              setFormData(prev => ({
                ...prev,
                package_name: draft.package_name || '',
                full_price: draft.full_price || 0,
                deposit_amount: 0,
                total_sessions: draft.total_sessions || 21,
                start_date: draft.start_date || prev.start_date,
                preferred_time: draft.preferred_time || prev.preferred_time,
                assigned_ktv_id: draft.assigned_ktv_id || '',
              }));
              setDiscountPercent(draft.discount_percent ? String(draft.discount_percent) : '');
              
              if (draft.package_name) {
                toast.success(`─É├ú tß╗▒ ─æß╗Öng nß║íp th├┤ng tin g├│i \"${draft.package_name}\" v├á sß╗æ tiß╗ün cß╗ìc c┼⌐.`);
              } else if (draftDepositAmount > 0) {
                toast.info(`Kh├ích h├áng c├│ sß╗æ tiß╗ün cß╗ìc chß╗¥: ${formatNumberWithSeparator(draftDepositAmount)}─æ. Vui l├▓ng chß╗ìn g├│i dß╗ïch vß╗Ñ.`);
              }
            } else {
              setDraftBooking(null);
              // Clear if no draft (unless it was already set by user selection)
              if (step === 1) {
                setFormData({
                  package_id: '',
                  package_name: '',
                  full_price: 0,
                  deposit_amount: 0,
                  total_sessions: 21,
                  start_date: getLocalDateString(),
                  preferred_time: '08:00',
                  assigned_ktv_id: '',
                });
                setDiscountPercent('');
              }
            }
          };
          loadDraft();
        }
      }, [selectedCustomer, step]);


      useEffect(() => {
        if (searchQuery.trim() === '') {
          setFilteredCustomers(customers);
        } else {
          const query = searchQuery.toLowerCase();
          setFilteredCustomers(
            customers.filter(c => 
              c.name_mother?.toLowerCase().includes(query) || 
              c.phone?.includes(query)
            )
          );
        }
      }, [searchQuery, customers]);

      const handleSelectService = (pkg: PackageRow) => {
        const pkgPrice = Number(pkg.price || pkg.full_price || 0);

        setFormData({
          ...formData,
          package_id: pkg.id,
          package_name: pkg.name,
          full_price: pkgPrice,
          total_sessions: parseIntegerInput(pkg.total_sessions, { min: 1, max: 100, fallback: 10 })
        });
      };

      const handleDiscountChange = (e: React.ChangeEvent<HTMLInputElement>) => {
        const val = e.target.value.trim();
        if (val === '') {
          setDiscountPercent('');
          return;
        }

        const numericValue = Number(val);
        if (Number.isFinite(numericValue)) {
          setDiscountPercent(String(normalizeDiscountPercent(numericValue)));
        }
      };

      const handleSubmit = async () => {
        if (isSubmitting) return;

        const isCustomerSelected = mode === 'new' 
          ? (newCustomer.name_mother && newCustomer.phone)
          : selectedCustomer;

        if (!isCustomerSelected) {
          toast.error('Vui l├▓ng chß╗ìn kh├ích h├áng');
          return;
        }

        if (!formData.package_name) {
          toast.error('Vui l├▓ng chß╗ìn g├│i dß╗ïch vß╗Ñ');
          return;
        }

        setIsSubmitting(true);
        try {
          const payload: BookingSubmitPayload = {
            ...formData,
            discount_percent: normalizeDiscountPercent(discountPercent),
            customer_id: mode === 'new' ? 'new' : selectedCustomer?.id || '',
          };

          if (mode === 'new') {
            payload.newCustomer = {
              ...newCustomer,
              address: newCustomer.address || 'Ch╞░a cß║¡p nhß║¡t'
            };
          }

          // Create the booking (atomic customer + booking if mode === 'new')
          const result = await createBooking(payload);

          console.log('[BookingModal] createBooking result:', result);

          if (result?.error) {
            toast.error('Lß╗ùi tß║ío lß╗ïch hß║╣n: ' + result.error);
          } else {
            const booking = result?.data;
            if (booking && booking.status === 'deposit_pending' && Number(booking.deposit_amount || 0) > 0) {
              toast.success('Tß║ío lß╗ïch hß║╣n th├ánh c├┤ng! ─Éang tß║úi m├ú QR ─æß║╖t cß╗ìc...');
              try {
                const payDetails = await getBookingDetailsWithPayment(booking.id);
                if (payDetails.data) {
                  const paymentRequest = calculatePaymentRequest({
                    fullPrice: payDetails.data.full_price,
                    discountPercent: payDetails.data.discount_percent,
                    depositAmount: payDetails.data.deposit_amount,
                    bookingStatus: payDetails.data.status,
                    revenues: payDetails.data.revenue,
                    selectedTab: 'deposit',
                  });
                  if (paymentRequest.amountToPay > 0) {
                    setQrModalData({
                      bookingNumber: payDetails.data.booking_number,
                      amount: paymentRequest.amountToPay,
                      tenantInfo: payDetails.data.tenants || null
                    });
                    setShowQrModal(true);
                    return; // Dß╗½ng ß╗ƒ ─æ├óy ─æß╗â hiß╗ân thß╗ï modal QR, kh├┤ng ─æ├│ng BookingModal hay gß╗ìi onSuccess ngay lß║¡p tß╗⌐c
                  }
                }
              } catch (err) {
                console.error(\"Error loading deposit QR:\", err);
              }
            }

            toast.success('Tß║ío lß╗ïch hß║╣n th├ánh c├┤ng!');
            if (onSuccess) {
              await onSuccess();
            } else {
              onClose();
            }
          }
        } catch (error: unknown) {
          console.error('[BookingModal] Exception in handleSubmit:', error);
          toast.error('Lß╗ùi: ' + getErrorMessage(error));
        } finally {
          setIsSubmitting(false);
        }
      };

      const selectedDiscountPercent = normalizeDiscountPercent(discountPercent);
      const existingConfirmedPaidAmount = draftBooking
        ? calculateBookingPaymentState({
            fullPrice: draftBooking.full_price || 0,
            discountPercent: selectedDiscountPercent,
            depositAmount: draftBooking.deposit_amount || 0,
            bookingStatus: draftBooking.status,
            revenues: draftBooking.revenue,
          }).totalPaid
        : 0;
      const previewPaymentState = calculateBookingPaymentState({
        fullPrice: formData.full_price,
        discountPercent: selectedDiscountPercent,
        depositAmount: 0,
        bookingStatus: draftBooking?.status,
        revenues: [
          ...((draftBooking?.revenue || []) as PaymentRevenueLike[]),
          ...(formData.deposit_amount > 0
            ? [{ amount: formData.deposit_amount, status: 'confirmed', revenue_type: 'deposit' }]
            : []),
        ],
      });
      const previewDiscountAmount = Math.max(0, formData.full_price - previewPaymentState.priceAfterDiscount);

      if (!isOpen) return null;

      return (
        <>
          <AnimatePresence>
          <div className=\"fixed inset-0 z-[100] flex items-center justify-center p-4\">
            <motion.div 
              initial={{ opacity: 0 }}
              animate={{ opacity: 1 }}
              exit={{ opacity: 0 }}
              onClick={onClose}
              className=\"absolute inset-0 bg-[#1A0A0E]/70 backdrop-blur-sm\"
            />
            
            <motion.div 
              initial={{ scale: 0.9, opacity: 0, y: 20 }}
              animate={{ scale: 1, opacity: 1, y: 0 }}
              exit={{ scale: 0.9, opacity: 0, y: 20 }}
              className=\"relative w-full max-w-2xl bg-white rounded-[2.5rem] shadow-2xl overflow-hidden border border-white\"
            >
              {/* Header */}
              <div className=\"p-8 border-b border-slate-100 flex items-center justify-between bg-white\">
                <div className=\"flex items-center gap-4\">
                  {step === 2 && (
                    <button 
                      onClick={() => setStep(1)}
                      className=\"p-2 hover:bg-slate-50 rounded-xl transition-colors text-slate-400 hover:text-primary\"
                    >
                      <ArrowLeft className=\"w-5 h-5\" />
                    </button>
                  )}
                  <div>
                    <h2 className=\"text-2xl font-black text-slate-900 uppercase tracking-tight\">
                      {step === 1 ? 'Chß╗ìn kh├ích h├áng' : 'Th├┤ng tin lß╗ïch hß║╣n'}
                    </h2>
                    <p className=\"text-sm text-slate-500 font-bold\">B╞░ß╗¢c {step} / 2</p>
                  </div>
                </div>
                <button 
                  onClick={onClose}
                  className=\"p-3 hover:bg-rose-50 rounded-2xl transition-all text-slate-400 hover:text-rose-500 group\"
                >
                  <X className=\"w-6 h-6 group-hover:rotate-90 transition-transform\" />
                </button>
              </div>

              <div className=\"p-8 max-h-[70vh] overflow-y-auto\">
                {step === 1 ? (
                  <div className=\"space-y-6\">
                    {/* Mode Toggle */}
                    <div className=\"flex p-1.5 bg-slate-100 rounded-2xl\">
                      <button 
                        onClick={() => setMode('search')}
                        className={cn(
                          \"flex-1 py-3 rounded-xl font-black text-sm transition-all flex items-center justify-center gap-2\",
                          mode === 'search' ? \"bg-white text-primary shadow-sm\" : \"text-slate-500 hover:text-slate-700\"
                        )}
                      >
                        <Search className=\"w-4 h-4\" /> Kh├ích c┼⌐
                      </button>
                      <button 
                        onClick={() => setMode('new')}
                        className={cn(
                          \"flex-1 py-3 rounded-xl font-black text-sm transition-all flex items-center justify-center gap-2\",
                          mode === 'new' ? \"bg-white text-primary shadow-sm\" : \"text-slate-500 hover:text-slate-700\"
                        )}
                      >
                        <Plus className=\"w-4 h-4\" /> Kh├ích mß╗¢i
                      </button>
                    </div>

                    {mode === 'search' ? (
                      <>
                        {/* Search */}
                        <div className=\"relative group\">
                          <Search className=\"absolute left-4 top-1/2 -translate-y-1/2 text-slate-400 group-focus-within:text-primary transition-colors w-5 h-5\" />
                          <input 
                            type=\"text\" 
                            placeholder={`T├¼m theo ${customerLabels.primaryNameLabel.toLowerCase()} hoß║╖c sß╗æ ─æiß╗çn thoß║íi...`}
                            value={searchQuery}
                            onChange={(e) => setSearchQuery(e.target.value)}
                            className=\"w-full pl-12 pr-6 py-4 bg-slate-50 border border-slate-100 rounded-2xl focus:ring-4 focus:ring-primary/10 focus:border-primary outline-none transition-all font-bold\"
                            autoFocus
                          />
                        </div>

                        {/* Customer List */}
                        <div className=\"space-y-3\">
                          {isLoading ? (
                            <div className=\"py-20 text-center\">
                              <Loader2 className=\"w-10 h-10 text-primary animate-spin mx-auto mb-4\" />
                              <p className=\"text-slate-500 font-bold\">─Éang tß║úi danh s├ích...</p>
                            </div>
                          ) : filteredCustomers.length > 0 ? (
                            filteredCustomers.map((customer) => (
                              <button
                                key={customer.id}
                                onClick={() => {
                                  setSelectedCustomer(customer);
                                  setStep(2);
                                }}
                                className=\"w-full flex items-center justify-between p-5 rounded-[1.5rem] border border-slate-100 hover:border-primary hover:bg-primary/5 transition-all group text-left\"
                              >
                                <div className=\"flex items-center gap-4\">
                                  <div className=\"w-12 h-12 bg-slate-100 rounded-xl flex items-center justify-center text-slate-500 group-hover:bg-primary/20 group-hover:text-primary transition-colors\">
                                    <User className=\"w-6 h-6\" />
                                  </div>
                                  <div>
                                    <h4 className=\"font-black text-slate-900 group-hover:text-primary transition-colors\">{customer.name_mother}</h4>
                                    <p className=\"text-sm text-slate-500 font-bold flex items-center gap-2\">
                                      <Phone className=\"w-4 h-4\" /> {customer.phone}
                                    </p>
                                  </div>
                                </div>
                                <ChevronRight className=\"w-5 h-5 text-slate-300 group-hover:text-primary group-hover:translate-x-1 transition-all\" />
                              </button>
                            ))
                          ) : (
                            <div className=\"py-12 text-center bg-slate-50 rounded-3xl border border-dashed border-slate-200\">
                              <p className=\"text-slate-400 font-bold italic mb-4\">Kh├┤ng t├¼m thß║Ñy kh├ích h├áng</p>
                              <button 
                                onClick={() => setMode('new')}
                                className=\"px-6 py-3 bg-white border border-primary text-primary rounded-xl font-black hover:bg-primary hover:text-white transition-all flex items-center gap-2 mx-auto\"
                              >
                                <Plus className=\"w-5 h-5\" /> Th├¬m kh├ích h├áng mß╗¢i
                              </button>
                            </div>
                          )}
                        </div>
                      </>
                    ) : (
                      <div className=\"space-y-5 animate-in fade-in slide-in-from-bottom-2 duration-300\">
                        <div className=\"space-y-2\">
                          <label className=\"text-xs font-black text-slate-400 uppercase tracking-widest flex items-center gap-2\">
                            <User className=\"w-4 h-4\" /> {customerLabels.primaryNameLabel}
                          </label>
                          <input 
                            type=\"text\" 
                            placeholder={customerLabels.primaryNamePlaceholder}
                            value={newCustomer.name_mother}
                            onChange={(e) => setNewCustomer({...newCustomer, name_mother: e.target.value})}
                            className=\"w-full px-5 py-4 bg-slate-50 border border-slate-100 rounded-2xl focus:border-primary outline-none font-bold\"
                          />
                        </div>
                        <div className=\"space-y-2\">
                          <label className=\"text-xs font-black text-slate-400 uppercase tracking-widest flex items-center gap-2\">
                            <Phone className=\"w-4 h-4\" /> Sß╗æ ─æiß╗çn thoß║íi
                          </label>
                          <input 
                            type=\"text\" 
                            placeholder=\"Nhß║¡p sß╗æ ─æiß╗çn thoß║íi...\" 
                            value={newCustomer.phone}
                            onChange={(e) => setNewCustomer({...newCustomer, phone: e.target.value})}
                            className=\"w-full px-5 py-4 bg-slate-50 border border-slate-100 rounded-2xl focus:border-primary outline-none font-bold\"
                          />
                        </div>
                        <div className=\"space-y-2\">
                          <label className=\"text-xs font-black text-slate-400 uppercase tracking-widest flex items-center gap-2\">
                            <Search className=\"w-4 h-4\" /> ─Éß╗ïa chß╗ë
                          </label>
                          <input 
                            type=\"text\" 
                            placeholder=\"Nhß║¡p ─æß╗ïa chß╗ë...\" 
                            value={newCustomer.address}
                            onChange={(e) => setNewCustomer({...newCustomer, address: e.target.value})}
                            className=\"w-full px-5 py-4 bg-slate-50 border border-slate-100 rounded-2xl focus:border-primary outline-none font-bold\"
                          />
                        </div>
                      </div>
                    )}
                  </div>
                ) : (
                  <div className=\"space-y-8\">
                    {/* Selected Customer Summary */}
                    <div className=\"flex items-center gap-4 p-5 bg-primary/5 rounded-3xl border border-primary/10\">
                      <div className=\"w-12 h-12 bg-primary/20 rounded-xl flex items-center justify-center text-primary\">
                        <User className=\"w-6 h-6\" />
                      </div>
                      <div>
                        <h4 className=\"font-black text-slate-900\">
                          {mode === 'new' ? newCustomer.name_mother : selectedCustomer?.name_mother}
                        </h4>
                        <p className=\"text-sm text-slate-500 font-bold\">
                          {mode === 'new' ? newCustomer.phone : selectedCustomer?.phone}
                        </p>
                      </div>
                      {mode === 'new' && (
                        <span className=\"ml-auto bg-primary/10 text-primary text-[10px] px-2 py-1 rounded-full font-black uppercase\">Mß╗¢i</span>
                      )}
                    </div>

                    {/* Service Selection */}
                    <div className=\"space-y-4\">
                      <label className=\"text-xs font-black text-slate-400 uppercase tracking-widest flex items-center gap-2\">
                        <Package className=\"w-4 h-4\" /> Chß╗ìn g├│i dß╗ïch vß╗Ñ
                      </label>
                      <div className=\"grid grid-cols-1 md:grid-cols-2 gap-3\">
                        {packages.map((pkg) => (
                          <button
                            key={pkg.id}
                            onClick={() => handleSelectService(pkg)}
                            className={cn(
                              \"p-4 rounded-2xl border text-left transition-all relative group\",
                              formData.package_id === pkg.id 
                                ? \"border-primary bg-primary/5 shadow-lg shadow-primary/5\" 
                                : \"border-slate-100 hover:border-primary/50\"
                            )}
                          >
                            {(formData.package_id === pkg.id || formData.package_name === pkg.name) && (
                              <CheckCircle2 className=\"absolute top-3 right-3 w-5 h-5 text-primary\" />
                            )}
                            <h5 className=\"font-black text-slate-900 group-hover:text-primary transition-colors\">{pkg.name}</h5>
                            <p className=\"text-xs text-slate-500 font-bold mt-1\">{pkg.total_sessions} buß╗òi - {formatNumberWithSeparator(pkg.price || pkg.full_price || 0)}─æ</p>
                          </button>
                        ))}
                        {packages.length === 0 && !isLoading && (
                          <p className=\"col-span-2 text-center py-4 text-slate-400 italic font-bold\">
                            Ch╞░a c├│ dß╗» liß╗çu g├│i dß╗ïch vß╗Ñ trong hß╗ç thß╗æng.
                          </p>
                        )}
                      </div>
                    </div>

                    {/* KTV & Date Form */}
                    <div className=\"grid grid-cols-1 md:grid-cols-2 gap-6\">
                      <div className=\"space-y-2\">
                        <label className=\"text-xs font-black text-slate-400 uppercase tracking-widest flex items-center gap-2\">
                          <User className=\"w-4 h-4\" /> Kß╗╣ thuß║¡t vi├¬n phß╗Ñ tr├ích
                        </label>
                        <div className=\"relative\">
                          <PremiumSelect 
                            value={formData.assigned_ktv_id}
                            options={[
                              { value: '', label: 'Ch╞░a ph├ón c├┤ng' },
                              ...ktvs.map(k => ({ value: k.id, label: k.full_name }))
                            ]}
                            onChange={(val) => setFormData({...formData, assigned_ktv_id: val})}
                            className=\"w-full\"
                          />
                        </div>
                      </div>
                      <div className=\"space-y-2\">
                        <label className=\"text-xs font-black text-slate-400 uppercase tracking-widest flex items-center gap-2\">
                          <Calendar className=\"w-4 h-4\" /> Ng├áy bß║»t ─æß║ºu
                        </label>
                        <input 
                          type=\"date\" 
                          value={formData.start_date}
                          min={getLocalDateString()}
                          onChange={(e) => setFormData({...formData, start_date: e.target.value})}
                          className=\"w-full px-5 py-4 bg-slate-50 border border-slate-100 rounded-2xl focus:border-primary outline-none font-bold text-sm\"
                        />
                      </div>
                      <div className=\"space-y-2\">
                        <label className=\"text-xs font-black text-slate-400 uppercase tracking-widest flex items-center gap-2\">
                          <Calendar className=\"w-4 h-4\" /> Giß╗¥ l├ám mß║╖c ─æß╗ïnh
                        </label>
                        <input 
                          type=\"time\" 
                          value={formData.preferred_time}
                          onChange={(e) => setFormData({...formData, preferred_time: e.target.value})}
                          className=\"w-full px-5 py-4 bg-slate-50 border border-slate-100 rounded-2xl focus:border-primary outline-none font-bold text-sm\"
                        />
                      </div>
                    </div>

                    <div className=\"grid grid-cols-1 md:grid-cols-2 gap-6\">
                      <div className=\"space-y-2\">
                        <label className=\"text-xs font-black text-slate-400 uppercase tracking-widest flex items-center gap-2\">
                          <Package className=\"w-4 h-4\" /> Sß╗æ buß╗òi liß╗çu tr├¼nh
                        </label>
                        <div className=\"relative\">
                          <input 
                            type=\"number\" 
                            min=\"1\"
                            max=\"100\"
                            value={formData.total_sessions}
                            onChange={(e) => setFormData({...formData, total_sessions: parseIntegerInput(e.target.value, { min: 1, max: 100, fallback: 1 })})}
                            className=\"w-full px-5 py-4 bg-slate-50 border border-slate-100 rounded-2xl focus:border-primary outline-none font-bold text-sm\"
                          />
                        </div>
                      </div>

                    <div className=\"space-y-2\">
                      <label className=\"text-xs font-black text-slate-400 uppercase tracking-widest flex items-center gap-2\">
                        <CreditCard className=\"w-4 h-4\" /> Tiß╗ün ─æß║╖t cß╗ìc bß╗ò sung (VN─É) {existingConfirmedPaidAmount > 0 && <span className=\"text-primary normal-case\">(─É├ú cß╗ìc tr╞░ß╗¢c: {formatNumberWithSeparator(existingConfirmedPaidAmount)}─æ)</span>}
                      </label>
                      <div className=\"relative\">
                        <input 
                          type=\"text\" 
                          placeholder=\"0\"
                          value={formatMoneyInput(formData.deposit_amount)}
                          onChange={(e) => {
                            setFormData({...formData, deposit_amount: parseMoneyInput(e.target.value)});
                          }}
                          className=\"w-full pl-5 pr-12 py-4 bg-slate-50 border border-slate-100 rounded-2xl focus:border-primary outline-none font-bold\"
                        />
                        <span className=\"absolute right-5 top-1/2 -translate-y-1/2 text-slate-400 font-bold\">─æ</span>
                      </div>
                      </div>
                    </div>

                    <div className=\"space-y-2 mb-6\">
                      <label className=\"text-xs font-black text-slate-400 uppercase tracking-widest flex items-center gap-2\">
                        <Tag className=\"w-4 h-4\" /> ╞»u ─æ├úi giß║úm gi├í (%)
                      </label>
                      <div className=\"relative\">
                        <input 
                          type=\"number\" 
                          placeholder=\"0\"
                          min=\"0\"
                          max=\"100\"
                          value={discountPercent}
                          onChange={handleDiscountChange}
                          className=\"w-full pl-5 pr-12 py-4 bg-slate-50 border border-slate-100 rounded-2xl focus:border-primary outline-none font-bold\"
                        />
                        <span className=\"absolute right-5 top-1/2 -translate-y-1/2 text-slate-400 font-bold\">%</span>
                      </div>
                    </div>

                    {/* Pricing Summary */}
                    <div className=\"p-6 luxury-card-pink rounded-[2rem]\">
                      <div className=\"flex justify-between items-center mb-4 opacity-70\">
                        <span className=\"font-bold\">Tß╗òng tiß╗ün g├│i</span>
                        <span className=\"font-bold\">{formatNumberWithSeparator(formData.full_price)}─æ</span>
                      </div>
                      {selectedDiscountPercent > 0 && (
                        <div className=\"flex justify-between items-center mb-4 opacity-70\">
                          <span className=\"font-bold\">Khuyß║┐n m├úi giß║úm gi├í ({discountPercent}%)</span>
                          <span className=\"font-bold text-rose-300\">-{formatNumberWithSeparator(previewDiscountAmount)}─æ</span>
                        </div>
                      )}
                      <div className=\"flex justify-between items-center mb-4 opacity-70\">
                        <span className=\"font-bold\">Tiß╗ün ─æ├ú ─æß║╖t cß╗ìc (Tß╗òng)</span>
                        <span className=\"font-bold\">-{formatNumberWithSeparator(previewPaymentState.totalPaid)}─æ</span>
                      </div>
                      <div className=\"flex justify-between items-center pt-4 border-t border-white/10\">
                        <span className=\"font-bold\">Cß║ºn thanh to├ín th├¬m</span>
                        <span className=\"text-2xl font-bold text-primary\">
                          {formatNumberWithSeparator(previewPaymentState.remainingDebt)}─æ
                        </span>
                      </div>
                    </div>
                  </div>
                )}
              </div>

              {/* Footer */}
              <div className=\"p-8 border-t border-slate-100 bg-slate-50/50 flex gap-4\">
                <button 
                  onClick={onClose}
                  className=\"flex-1 px-8 py-4 bg-white border border-slate-200 text-slate-600 rounded-2xl font-black hover:bg-slate-50 transition-all uppercase tracking-widest active:scale-95\"
                >
                  Hß╗ºy
                </button>
                <button 
                  disabled={
                    (step === 1 && mode === 'search') || 
                    (step === 1 && mode === 'new' && (!newCustomer.name_mother || !newCustomer.phone)) ||
                    (step === 2 && (!formData.package_name || isSubmitting))
                  }
                  onClick={() => {
                    if (step === 1) setStep(2);
                    else handleSubmit();
                  }}
                  className={cn(
                    \"flex-1 px-8 py-4 bg-primary text-white rounded-2xl font-black transition-all shadow-xl shadow-primary/20 uppercase tracking-widest active:scale-95 flex items-center justify-center gap-3\",
                    ((step === 1 && mode === 'search') || 
                     (step === 1 && mode === 'new' && (!newCustomer.name_mother || !newCustomer.phone)) ||
                     (step === 2 && (!formData.package_name || isSubmitting))) && \"opacity-50 cursor-not-allowed grayscale\"
                  )}
                >
                  {isSubmitting ? (
                    <Loader2 className=\"w-5 h-5 animate-spin\" />
                  ) : step === 1 ? (
                    <ChevronRight className=\"w-5 h-5\" />
                  ) : (
                    <CheckCircle2 className=\"w-5 h-5\" />
                  )}
                  {isSubmitting ? '─Éang l╞░u...' : step === 1 ? 'Tiß║┐p tß╗Ñc' : 'X├íc nhß║¡n tß║ío'}
                </button>
              </div>
            </motion.div>
          </div>
        </AnimatePresence>

        {/* VietQR Payment Modal for Deposit */}
        {qrModalData && (
          <VietQRPaymentModal
            isOpen={showQrModal}
            onClose={handleCloseQrModal}
            bookingNumber={qrModalData.bookingNumber}
            amount={qrModalData.amount}
            tenantInfo={qrModalData.tenantInfo}
          />
        )}
      </>
      );
    }

    'use client';

    import { formatMoneyInput, parseMoneyInput } from '@bella/shared';
    import { cn, parseIntegerInput, parsePercentInput } from '@/lib/utils';;
    import {
      getTenantModulePresentationOrNeutral,
    } from '@/lib/business-rules/tenant-module-presentation';
    import type { TenantModuleKey } from '@/lib/business-rules/tenant-modules';
    import { geocodeAddress } from '@/services/customer-actions';
    import { motion } from 'framer-motion';
    import { AlertCircle, Camera, CheckCircle2, CreditCard as CreditCardIcon, DollarSign as DollarIcon, FileText, Image as ImageIcon, Loader2, PlusCircle, Sparkles, User } from 'lucide-react';
    import Image from 'next/image';
    import { useEffect, useMemo, useState } from 'react';
    import { toast } from 'sonner';
    import type { EditBookingData, EditCustomerData, ModalStateSetter, PaymentData } from '../types';

    export function EditCustomerModal({
      isOpen,
      onClose,
      onConfirm,
      isSubmitting,
      data,
      setData,
      tenantModuleKey,
    }: {
      isOpen: boolean;
      onClose: () => void;
      onConfirm: () => void;
      isSubmitting: boolean;
      data: EditCustomerData;
      setData: ModalStateSetter<EditCustomerData>;
      tenantModuleKey: TenantModuleKey | null;
    }) {
      const [isGeocoding, setIsGeocoding] = useState(false);
      const customerLabels = getTenantModulePresentationOrNeutral(tenantModuleKey);

      if (!isOpen) return null;

      const handleAutoGeocode = async () => {
        if (!data.address) {
          toast.error('Vui l├▓ng nhß║¡p ─æß╗ïa chß╗ë tr╞░ß╗¢c khi lß║Ñy tß╗ìa ─æß╗Ö');
          return;
        }
        setIsGeocoding(true);
        try {
          const coords = await geocodeAddress(data.address);
          if (coords) {
            setData({
              ...data,
              latitude: coords.latitude,
              longitude: coords.longitude
            });
            toast.success(`─É├ú t├¼m thß║Ñy tß╗ìa ─æß╗Ö: ${coords.latitude}, ${coords.longitude}`);
          } else {
            toast.error('Kh├┤ng t├¼m thß║Ñy tß╗ìa ─æß╗Ö cho ─æß╗ïa chß╗ë n├áy. Vui l├▓ng nhß║¡p thß╗º c├┤ng.');
          }
        } catch {
          toast.error('Lß╗ùi khi ─æß╗ïnh vß╗ï ─æß╗ïa chß╗ë');
        } finally {
          setIsGeocoding(false);
        }
      };

      return (
        <div className=\"fixed inset-0 z-[150] flex items-center justify-center p-4\">
          <motion.div
            initial={{ opacity: 0 }}
            animate={{ opacity: 1 }}
            exit={{ opacity: 0 }}
            onClick={onClose}
            className=\"absolute inset-0 bg-[#1A0A0E]/80 backdrop-blur-md\"
          />

          <motion.div
            initial={{ scale: 0.9, opacity: 0, y: 20 }}
            animate={{ scale: 1, opacity: 1, y: 0 }}
            className=\"relative w-full max-w-2xl bg-white rounded-[2.5rem] shadow-2xl overflow-hidden\"
          >
            <div className=\"p-8 border-b border-slate-100 flex items-center justify-between bg-slate-50/50\">
              <div className=\"flex items-center gap-4\">
                <div className=\"w-12 h-12 bg-rose-500 rounded-2xl flex items-center justify-center text-white shadow-lg shadow-rose-200 dark:shadow-none\">
                  <User className=\"w-6 h-6\" />
                </div>
                <div>
                  <h2 className=\"text-xl font-black text-slate-900 uppercase tracking-tight\">Cß║¡p nhß║¡t th├┤ng tin</h2>
                  <p className=\"text-xs text-slate-500 font-bold italic\">{customerLabels.editDescription}</p>
                </div>
              </div>
              <button onClick={onClose} className=\"p-3 hover:bg-rose-50 rounded-2xl text-slate-400 hover:text-rose-500 transition-all\">
                <PlusCircle className=\"w-6 h-6 rotate-45\" />
              </button>
            </div>

            <div className=\"p-8 space-y-6 max-h-[70vh] overflow-y-auto custom-scrollbar\">
              <div className=\"grid grid-cols-2 gap-6\">
                <div className=\"space-y-2\">
                  <label className=\"text-[10px] font-black text-slate-400 uppercase tracking-widest ml-1\">{customerLabels.primaryNameLabel}</label>
                  <input
                    type=\"text\"
                    value={data.name_mother}
                    onChange={(e) => setData({ ...data, name_mother: e.target.value })}
                    className=\"w-full px-6 py-4 bg-slate-50 border border-slate-100 rounded-2xl focus:border-primary outline-none font-bold text-slate-700\"
                  />
                </div>
                <div className=\"space-y-2\">
                  <label className=\"text-[10px] font-black text-slate-400 uppercase tracking-widest ml-1\">Sß╗æ ─æiß╗çn thoß║íi</label>
                  <input
                    type=\"text\"
                    value={data.phone}
                    onChange={(e) => setData({ ...data, phone: e.target.value })}
                    className=\"w-full px-6 py-4 bg-slate-50 border border-slate-100 rounded-2xl focus:border-primary outline-none font-bold text-slate-700\"
                  />
                </div>
                <div className=\"space-y-2\">
                  <label className=\"text-[10px] font-black text-slate-400 uppercase tracking-widest ml-1\">{customerLabels.secondaryNameLabel}</label>
                  <input
                    type=\"text\"
                    value={data.name_baby}
                    onChange={(e) => setData({ ...data, name_baby: e.target.value })}
                    className=\"w-full px-6 py-4 bg-slate-50 border border-slate-100 rounded-2xl focus:border-primary outline-none font-bold text-slate-700\"
                  />
                </div>
                <div className=\"space-y-2\">
                  <label className=\"text-[10px] font-black text-slate-400 uppercase tracking-widest ml-1\">{customerLabels.secondaryDateLabel}</label>
                  <input
                    type=\"date\"
                    value={data.dob_baby || data.dob_expected || ''}
                    onChange={(e) => setData({ ...data, dob_baby: e.target.value, dob_expected: e.target.value })}
                    className=\"w-full px-6 py-4 bg-slate-50 border border-slate-100 rounded-2xl focus:border-primary outline-none font-bold text-slate-700\"
                  />
                </div>
              </div>

              <div className=\"space-y-3\">
                <label className=\"text-[10px] font-black text-slate-400 uppercase tracking-widest ml-1\">{customerLabels.secondaryGenderLabel}</label>
                <div className=\"grid grid-cols-3 gap-4\">
                  {customerLabels.genderOptions.map(g => (
                    <button
                      key={g.id}
                      type=\"button\"
                      onClick={() => setData({ ...data, gender_baby: g.id })}
                      className={cn(
                        \"py-2.5 rounded-2xl font-black text-[10px] uppercase tracking-widest transition-all border\",
                        data.gender_baby === g.id
                          ? \"bg-primary text-white border-primary shadow-xl shadow-primary/20 scale-[1.02]\"
                          : \"bg-slate-50 text-slate-400 border-slate-100 hover:border-primary/30\"
                      )}
                    >
                      {g.label}
                    </button>
                  ))}
                </div>
              </div>

              <div className=\"space-y-2\">
                <div className=\"flex justify-between items-center\">
                  <label className=\"text-[10px] font-black text-slate-400 uppercase tracking-widest ml-1\">─Éß╗ïa chß╗ë</label>
                  <button
                    type=\"button\"
                    onClick={handleAutoGeocode}
                    disabled={isGeocoding}
                    className=\"text-[9px] font-black text-primary hover:text-rose-600 uppercase tracking-widest flex items-center gap-1 transition-colors disabled:opacity-50\"
                  >
                    {isGeocoding ? (
                      <>
                        <Loader2 className=\"w-3 h-3 animate-spin\" />
                        ─Éang t├¼m...
                      </>
                    ) : (
                      <>
                        <Sparkles className=\"w-3 h-3\" />
                        Tß╗▒ ─æß╗Öng lß║Ñy tß╗ìa ─æß╗Ö
                      </>
                    )}
                  </button>
                </div>
                <textarea
                  value={data.address}
                  onChange={(e) => setData({ ...data, address: e.target.value })}
                  className=\"w-full px-6 py-4 bg-slate-50 border border-slate-100 rounded-2xl focus:border-primary outline-none font-bold text-slate-700 h-20 resize-none\"
                />
              </div>

              <div className=\"grid grid-cols-2 gap-6\">
                <div className=\"space-y-2\">
                  <label className=\"text-[10px] font-black text-slate-400 uppercase tracking-widest ml-1\">{customerLabels.locationLatitudeLabel}</label>
                  <input
                    type=\"number\"
                    step=\"any\"
                    placeholder=\"V├¡ dß╗Ñ: 10.7756\"
                    value={data.latitude === null || data.latitude === undefined ? '' : data.latitude}
                    onChange={(e) => setData({ ...data, latitude: e.target.value ? parseFloat(e.target.value) : null })}
                    className=\"w-full px-6 py-4 bg-slate-50 border border-slate-100 rounded-2xl focus:border-primary outline-none font-bold text-slate-700\"
                  />
                </div>
                <div className=\"space-y-2\">
                  <label className=\"text-[10px] font-black text-slate-400 uppercase tracking-widest ml-1\">{customerLabels.locationLongitudeLabel}</label>
                  <input
                    type=\"number\"
                    step=\"any\"
                    placeholder=\"V├¡ dß╗Ñ: 106.7019\"
                    value={data.longitude === null || data.longitude === undefined ? '' : data.longitude}
                    onChange={(e) => setData({ ...data, longitude: e.target.value ? parseFloat(e.target.value) : null })}
                    className=\"w-full px-6 py-4 bg-slate-50 border border-slate-100 rounded-2xl focus:border-primary outline-none font-bold text-slate-700\"
                  />
                </div>
              </div>
            </div>

            <div className=\"p-8 bg-slate-50/50 border-t border-slate-100 flex gap-4\">
              <button onClick={onClose} className=\"flex-1 py-4 bg-white border border-slate-200 text-slate-600 rounded-2xl font-black uppercase tracking-widest text-xs hover:bg-slate-50 transition-all\">Hß╗ºy</button>
              <button
                disabled={isSubmitting}
                onClick={onConfirm}
                className=\"flex-1 py-4 bg-primary text-white rounded-2xl font-black uppercase tracking-widest text-xs shadow-xl shadow-primary/20 hover:scale-[1.02] active:scale-95 transition-all flex items-center justify-center gap-2\"
              >
                {isSubmitting ? <Loader2 className=\"w-4 h-4 animate-spin\" /> : <CheckCircle2 className=\"w-4 h-4\" />}
                L╞░u thay ─æß╗òi
              </button>
            </div>
          </motion.div>
        </div>
      );
    }

    export function BookingPaymentModal({
      isOpen,
      onClose,
      onConfirm,
      isSubmitting,
      data,
      setData,
      file,
      setFile,
      customerName,
    }: {
      isOpen: boolean;
      onClose: () => void;
      onConfirm: () => void;
      isSubmitting: boolean;
      data: PaymentData;
      setData: ModalStateSetter<PaymentData>;
      file: File | null;
      setFile: ModalStateSetter<File | null>;
      customerName: string;
    }) {
      const previewUrl = useMemo(() => (file ? URL.createObjectURL(file) : null), [file]);

      useEffect(() => {
        return () => {
          if (previewUrl) URL.revokeObjectURL(previewUrl);
        };
      }, [previewUrl]);

      if (!isOpen) return null;

      return (
        <div className=\"fixed inset-0 z-[150] flex items-center justify-center p-4\">
          <motion.div
            initial={{ opacity: 0 }}
            animate={{ opacity: 1 }}
            exit={{ opacity: 0 }}
            onClick={onClose}
            className=\"absolute inset-0 bg-[#1A0A0E]/80 backdrop-blur-md\"
          />

          <motion.div
            initial={{ scale: 0.9, opacity: 0, y: 20 }}
            animate={{ scale: 1, opacity: 1, y: 0 }}
            className=\"relative w-full max-w-lg bg-white rounded-[2.5rem] shadow-2xl overflow-hidden\"
          >
            <div className=\"p-8 border-b border-slate-100 flex items-center justify-between bg-slate-50/50\">
              <div>
                <h2 className=\"text-2xl font-black text-slate-900 uppercase tracking-tight\">X├íc nhß║¡n thanh to├ín</h2>
                <p className=\"text-sm font-bold text-primary flex items-center gap-2\">
                  <User className=\"w-4 h-4\" />
                  Kh├ích h├áng: {customerName}
                </p>
              </div>
              <button onClick={onClose} className=\"p-3 hover:bg-rose-50 rounded-2xl text-slate-400 hover:text-rose-500 transition-all\">
                <PlusCircle className=\"w-6 h-6 rotate-45\" />
              </button>
            </div>

            <div className=\"p-8 space-y-6 max-h-[60vh] overflow-y-auto custom-scrollbar\">
              <div className=\"space-y-2\">
                <label className=\"text-[10px] font-black text-slate-400 uppercase tracking-widest flex items-center gap-2\">
                  <DollarIcon className=\"w-3.5 h-3.5\" /> Sß╗æ tiß╗ün thanh to├ín
                </label>
                <div className=\"relative\">
                  <input
                    type=\"text\"
                    value={formatMoneyInput(data.amount)}
                    onChange={(e) => {
                      setData({ ...data, amount: parseMoneyInput(e.target.value) });
                    }}
                    className=\"w-full px-6 py-4 bg-slate-50 border border-slate-100 rounded-2xl focus:border-primary outline-none font-black text-lg text-primary\"
                  />
                  <span className=\"absolute right-6 top-1/2 -translate-y-1/2 font-black text-slate-300\">VN─É</span>
                </div>
              </div>

              <div className=\"space-y-2\">
                <label className=\"text-[10px] font-black text-slate-400 uppercase tracking-widest flex items-center gap-2\">
                  <CreditCardIcon className=\"w-3.5 h-3.5\" /> Ph╞░╞íng thß╗⌐c
                </label>
                <div className=\"grid grid-cols-2 gap-3\">
                  {[
                    { id: 'bank_transfer', label: 'Chuyß╗ân khoß║ún' },
                    { id: 'cash', label: 'Tiß╗ün mß║╖t' }
                  ].map(m => (
                    <button
                      key={m.id}
                      onClick={() => setData({ ...data, method: m.id })}
                      className={cn(
                        \"py-3 px-4 rounded-xl font-bold text-sm transition-all border\",
                        data.method === m.id
                          ? \"bg-primary text-white border-primary shadow-lg shadow-primary/20\"
                          : \"bg-slate-50 text-slate-500 border-slate-100 hover:border-primary/30\"
                      )}
                    >
                      {m.label}
                    </button>
                  ))}
                </div>
              </div>

              <div className=\"space-y-2\">
                <label className=\"text-[10px] font-black text-slate-400 uppercase tracking-widest flex items-center gap-2\">
                  <Camera className=\"w-3.5 h-3.5\" /> Minh chß╗⌐ng thanh to├ín (Bill)
                </label>

                <div className=\"relative group\">
                  {file ? (
                    <div className=\"relative w-full aspect-video rounded-2xl overflow-hidden border border-slate-200 group\">
                      {previewUrl && (
                        <Image
                          src={previewUrl}
                          alt=\"Preview\"
                          fill
                          sizes=\"(max-width: 768px) 100vw, 480px\"
                          className=\"object-cover\"
                          unoptimized
                        />
                      )}
                      <div className=\"absolute inset-0 bg-black/40 opacity-0 group-hover:opacity-100 transition-opacity flex items-center justify-center\">
                        <button
                          onClick={() => setFile(null)}
                          className=\"bg-white text-rose-500 p-2 rounded-xl font-black text-xs uppercase\"
                        >
                          Thay ─æß╗òi ß║únh
                        </button>
                      </div>
                    </div>
                  ) : (
                    <label className=\"w-full h-32 border-2 border-dashed border-slate-200 rounded-[2rem] flex flex-col items-center justify-center gap-2 cursor-pointer hover:bg-slate-50 hover:border-primary/30 transition-all\">
                      <div className=\"w-12 h-12 bg-rose-50 rounded-2xl flex items-center justify-center text-primary\">
                        <ImageIcon className=\"w-6 h-6\" />
                      </div>
                      <span className=\"text-xs font-black text-slate-400 uppercase tracking-widest\">Tß║úi l├¬n ß║únh Bill</span>
                      <input
                        type=\"file\"
                        accept=\"image/*\"
                        onChange={(e) => setFile(e.target.files?.[0] || null)}
                        className=\"hidden\"
                      />
                    </label>
                  )}
                </div>
                {!file && (
                  <div className=\"relative group mt-3\">
                    <ImageIcon className=\"absolute left-4 top-1/2 -translate-y-1/2 text-slate-300 w-5 h-5\" />
                    <input
                      type=\"text\"
                      placeholder=\"Hoß║╖c d├ín link ß║únh trß╗▒c tiß║┐p...\"
                      value={data.receipt_url}
                      onChange={(e) => setData({ ...data, receipt_url: e.target.value })}
                      className=\"w-full pl-12 pr-6 py-4 bg-slate-50 border border-slate-100 rounded-2xl focus:border-primary outline-none font-bold text-xs\"
                    />
                  </div>
                )}
              </div>

              <div className=\"space-y-2\">
                <label className=\"text-[10px] font-black text-slate-400 uppercase tracking-widest flex items-center gap-2\">
                  <FileText className=\"w-3.5 h-3.5\" /> Ghi ch├║
                </label>
                <textarea
                  placeholder=\"Nhß║¡p ghi ch├║ thanh to├ín...\"
                  value={data.notes}
                  onChange={(e) => setData({ ...data, notes: e.target.value })}
                  className=\"w-full px-6 py-4 bg-slate-50 border border-slate-100 rounded-2xl focus:border-primary outline-none font-bold text-sm h-24 resize-none\"
                />
              </div>

              <div className=\"space-y-3\">
                <label className=\"text-[10px] font-black text-slate-400 uppercase tracking-widest\">Ghi nhß║¡n t├ái ch├¡nh</label>
                <div
                  onClick={() => setData({ ...data, status: data.status === 'confirmed' ? 'pending' : 'confirmed' })}
                  className={cn(
                    \"flex items-center justify-between p-4 rounded-2xl border-2 cursor-pointer transition-all\",
                    data.status === 'confirmed'
                      ? \"bg-emerald-50 border-emerald-200 text-emerald-700\"
                      : \"bg-slate-50 border-transparent text-slate-500\"
                  )}
                >
                  <div className=\"flex items-center gap-2\">
                    {data.status === 'confirmed' ? <CheckCircle2 className=\"w-4 h-4\" /> : <AlertCircle className=\"w-4 h-4\" />}
                    <span className=\"text-[10px] font-black uppercase tracking-wider\">{data.status === 'confirmed' ? 'X├íc nhß║¡n ngay (V├áo b├ío c├ío)' : 'Chß╗¥ ph├¬ duyß╗çt'}</span>
                  </div>
                  <div className={cn(
                    \"w-10 h-5 rounded-full relative transition-all\",
                    data.status === 'confirmed' ? \"bg-emerald-500\" : \"bg-slate-300\"
                  )}>
                    <div className={cn(
                      \"absolute top-1 w-3 h-3 bg-white rounded-full transition-all\",
                      data.status === 'confirmed' ? \"left-6\" : \"left-1\"
                    )} />
                  </div>
                </div>
              </div>
            </div>

            <div className=\"p-8 bg-slate-50/50 border-t border-slate-100 flex gap-4\">
              <button onClick={onClose} className=\"flex-1 py-4 bg-white border border-slate-200 text-slate-600 rounded-2xl font-black uppercase tracking-widest text-xs hover:bg-slate-50 transition-all\">Hß╗ºy</button>
              <button
                disabled={isSubmitting || data.amount <= 0}
                onClick={onConfirm}
                className=\"flex-1 py-4 bg-primary text-white rounded-2xl font-black uppercase tracking-widest text-xs shadow-xl shadow-primary/20 hover:scale-[1.02] active:scale-95 transition-all flex items-center justify-center gap-2\"
              >
                {isSubmitting ? <Loader2 className=\"w-4 h-4 animate-spin\" /> : <CheckCircle2 className=\"w-4 h-4\" />}
                X├íc nhß║¡n thu tiß╗ün
              </button>
            </div>
          </motion.div>
        </div>
      );
    }

    export function EditBookingModal({
      isOpen,
      onClose,
      onConfirm,
      isSubmitting,
      data,
      setData,
    }: {
      isOpen: boolean;
      onClose: () => void;
      onConfirm: () => void;
      isSubmitting: boolean;
      data: EditBookingData;
      setData: ModalStateSetter<EditBookingData>;
    }) {
      if (!isOpen) return null;

      return (
        <div className=\"fixed inset-0 z-[150] flex items-center justify-center p-4\">
          <motion.div
            initial={{ opacity: 0 }}
            animate={{ opacity: 1 }}
            exit={{ opacity: 0 }}
            onClick={onClose}
            className=\"absolute inset-0 bg-[#1A0A0E]/80 backdrop-blur-md\"
          />

          <motion.div
            initial={{ scale: 0.9, opacity: 0, y: 20 }}
            animate={{ scale: 1, opacity: 1, y: 0 }}
            className=\"relative w-full max-w-2xl bg-white rounded-[2.5rem] shadow-2xl overflow-hidden\"
          >
            <div className=\"p-8 border-b border-slate-100 flex items-center justify-between bg-slate-50/50\">
              <div className=\"flex items-center gap-4\">
                <div className=\"w-12 h-12 bg-amber-500 rounded-2xl flex items-center justify-center text-white shadow-lg shadow-amber-200\">
                  <Sparkles className=\"w-6 h-6\" />
                </div>
                <div>
                  <h2 className=\"text-xl font-black text-slate-900 uppercase tracking-tight\">Sß╗¡a g├│i dß╗ïch vß╗Ñ</h2>
                  <p className=\"text-xs text-slate-500 font-bold italic\">─Éiß╗üu chß╗ënh chi tiß║┐t g├│i liß╗çu tr├¼nh cß╗ºa kh├ích</p>
                </div>
              </div>
              <button onClick={onClose} className=\"p-3 hover:bg-rose-50 rounded-2xl text-slate-400 hover:text-rose-500 transition-all\">
                <PlusCircle className=\"w-6 h-6 rotate-45\" />
              </button>
            </div>

            <div className=\"p-8 space-y-6 max-h-[70vh] overflow-y-auto custom-scrollbar\">
              <div className=\"space-y-2\">
                <label className=\"text-[10px] font-black text-slate-400 uppercase tracking-widest ml-1\">T├¬n g├│i dß╗ïch vß╗Ñ</label>
                <input
                  type=\"text\"
                  value={data.package_name}
                  onChange={(e) => setData({ ...data, package_name: e.target.value })}
                  className=\"w-full px-6 py-4 bg-slate-50 border border-slate-100 rounded-2xl focus:border-primary outline-none font-bold text-slate-700\"
                  placeholder=\"Nhß║¡p t├¬n g├│i dß╗ïch vß╗Ñ...\"
                />
              </div>

              <div className=\"grid grid-cols-2 gap-6\">
                <div className=\"space-y-2\">
                  <label className=\"text-[10px] font-black text-slate-400 uppercase tracking-widest ml-1\">Tß╗òng cß╗Öng (Gi├í gß╗æc)</label>
                  <div className=\"relative\">
                    <input
                      type=\"text\"
                      value={formatMoneyInput(data.full_price)}
                      onChange={(e) => {
                        setData({ ...data, full_price: parseMoneyInput(e.target.value) });
                      }}
                      className=\"w-full px-6 py-4 bg-slate-50 border border-slate-100 rounded-2xl focus:border-primary outline-none font-bold text-slate-700\"
                    />
                    <span className=\"absolute right-6 top-1/2 -translate-y-1/2 font-bold text-slate-400 text-xs\">VN─É</span>
                  </div>
                </div>

                <div className=\"space-y-2\">
                  <label className=\"text-[10px] font-black text-slate-400 uppercase tracking-widest ml-1\">Chiß║┐t khß║Ñu (%)</label>
                  <div className=\"relative\">
                    <input
                      type=\"number\"
                      min=\"0\"
                      max=\"100\"
                      value={data.discount_percent.toString()}
                      onChange={(e) => setData({ ...data, discount_percent: parsePercentInput(e.target.value) })}
                      className=\"w-full px-6 py-4 bg-slate-50 border border-slate-100 rounded-2xl focus:border-primary outline-none font-bold text-slate-700\"
                    />
                    <span className=\"absolute right-6 top-1/2 -translate-y-1/2 font-bold text-slate-400 text-xs\">%</span>
                  </div>
                </div>

                <div className=\"space-y-2\">
                  <label className=\"text-[10px] font-black text-slate-400 uppercase tracking-widest ml-1\">─É├ú thanh to├ín / Cß╗ìc</label>
                  <div className=\"relative\">
                    <input
                      type=\"text\"
                      value={formatMoneyInput(data.deposit_amount)}
                      onChange={(e) => {
                        setData({ ...data, deposit_amount: parseMoneyInput(e.target.value) });
                      }}
                      className=\"w-full px-6 py-4 bg-slate-50 border border-slate-100 rounded-2xl focus:border-primary outline-none font-bold text-slate-700\"
                    />
                    <span className=\"absolute right-6 top-1/2 -translate-y-1/2 font-bold text-slate-400 text-xs\">VN─É</span>
                  </div>
                </div>

                <div className=\"space-y-2\">
                  <label className=\"text-[10px] font-black text-slate-400 uppercase tracking-widest ml-1\">Tß╗òng sß╗æ buß╗òi</label>
                  <input
                    type=\"number\"
                    value={data.total_sessions.toString()}
                    onChange={(e) => setData({ ...data, total_sessions: parseIntegerInput(e.target.value, { min: 0, max: 100 }) })}
                    className=\"w-full px-6 py-4 bg-slate-50 border border-slate-100 rounded-2xl focus:border-primary outline-none font-bold text-slate-700\"
                  />
                </div>

                <div className=\"space-y-2\">
                  <label className=\"text-[10px] font-black text-slate-400 uppercase tracking-widest ml-1\">Buß╗òi ─æ├ú ho├án th├ánh</label>
                  <input
                    type=\"number\"
                    value={data.completed_sessions.toString()}
                    onChange={(e) => setData({ ...data, completed_sessions: parseIntegerInput(e.target.value, { min: 0, max: 100 }) })}
                    className=\"w-full px-6 py-4 bg-slate-50 border border-slate-100 rounded-2xl focus:border-primary outline-none font-bold text-slate-700\"
                  />
                </div>

                <div className=\"space-y-2\">
                  <label className=\"text-[10px] font-black text-slate-400 uppercase tracking-widest ml-1\">Giß╗¥ ch─âm s├│c mß║╖c ─æß╗ïnh</label>
                  <input
                    type=\"time\"
                    value={data.preferred_time}
                    onChange={(e) => setData({ ...data, preferred_time: e.target.value })}
                    className=\"w-full px-6 py-4 bg-slate-50 border border-slate-100 rounded-2xl focus:border-primary outline-none font-bold text-slate-700\"
                  />
                </div>

                <div className=\"space-y-2\">
                  <label className=\"text-[10px] font-black text-slate-400 uppercase tracking-widest ml-1\">Ng├áy bß║»t ─æß║ºu liß╗çu tr├¼nh</label>
                  <input
                    type=\"date\"
                    value={data.start_date}
                    onChange={(e) => setData({ ...data, start_date: e.target.value })}
                    className=\"w-full px-6 py-4 bg-slate-50 border border-slate-100 rounded-2xl focus:border-primary outline-none font-bold text-slate-700\"
                  />
                </div>

                <div className=\"space-y-2\">
                  <label className=\"text-[10px] font-black text-slate-400 uppercase tracking-widest ml-1\">Trß║íng th├íi g├│i</label>
                  <select
                    value={data.status}
                    onChange={(e) => setData({ ...data, status: e.target.value })}
                    className=\"w-full px-6 py-4 bg-slate-50 border border-slate-100 rounded-2xl focus:border-primary outline-none font-bold text-slate-700 appearance-none\"
                  >
                    <option value=\"in_progress\">─Éang thß╗▒c hiß╗çn</option>
                    <option value=\"completed\">─É├ú ho├án th├ánh</option>
                    <option value=\"cancelled\">─É├ú hß╗ºy</option>
                    <option value=\"deposit_pending\">Chß╗¥ ─æß║╖t cß╗ìc / Phiß║┐u cß╗ìc</option>
                  </select>
                </div>
              </div>
            </div>

            <div className=\"p-8 bg-slate-50/50 border-t border-slate-100 flex gap-4\">
              <button onClick={onClose} className=\"flex-1 py-4 bg-white border border-slate-200 text-slate-600 rounded-2xl font-black uppercase tracking-widest text-xs hover:bg-slate-50 transition-all\">Hß╗ºy</button>
              <button
                disabled={isSubmitting}
                onClick={onConfirm}
                className=\"flex-1 py-4 bg-amber-500 text-white rounded-2xl font-black uppercase tracking-widest text-xs shadow-xl shadow-amber-500/20 hover:scale-[1.02] active:scale-95 transition-all flex items-center justify-center gap-2\"
              >
                {isSubmitting ? <Loader2 className=\"w-4 h-4 animate-spin\" /> : <CheckCircle2 className=\"w-4 h-4\" />}
                L╞░u thay ─æß╗òi
              </button>
            </div>
          </motion.div>
        </div>
      );
    }

    'use client';

    import type { ReceiptData } from '@/components/common/PaymentReceiptTemplate';
    import { usePageRefresh } from '@/hooks/usePageRefresh';
    import { calculateBookingPaymentState, normalizeDiscountPercent } from '@/lib/business-rules/payment';
    import {
      getCustomerGenderPresentation,
      getTenantModulePresentationOrNeutral,
    } from '@/lib/business-rules/tenant-module-presentation';
    import {
      getDefaultTenantModuleKey,
      resolveTenantBrandIdentity,
      type ResolvedTenantBrandIdentity,
      type TenantModuleKey,
    } from '@/lib/business-rules/tenant-modules';
    import { createClient } from '@/lib/supabase-client';
    import { parseMoneyInput } from '@bella/shared';
    import { parseIntegerInput } from '@/lib/utils';;
    import { generateShareToken, getBookingsByCustomerId, recordRemainingPayment, reusePackage, updateBooking } from '@/core/services/order';
    import { getCustomerById, updateCustomer } from '@/services/customer-actions';
    import { getTenantSettings } from '@/services/tenant-actions';
    import { getCurrentUser, getUsers } from '@/services/user-actions';
    import { toPng } from 'html-to-image';
    import { useParams, useRouter, useSearchParams } from 'next/navigation';
    import { useCallback, useEffect, useMemo, useRef, useState } from 'react';
    import { toast } from 'sonner';
    import type { CustomerDetailBooking, CustomerDetailRecord, EditBookingData, EditCustomerData, KtvOption, PaymentData } from './types';

    function getErrorMessage(error: unknown, fallback = 'Lß╗ùi kh├┤ng x├íc ─æß╗ïnh') {
      return error instanceof Error ? error.message : fallback;
    }

    function toCustomerDetailRecord(
      data: Awaited<ReturnType<typeof getCustomerById>>,
      bookings: CustomerDetailBooking[],
      moduleKey: TenantModuleKey | null,
    ): CustomerDetailRecord | null {
      if (!data) return null;
      const labels = getTenantModulePresentationOrNeutral(moduleKey);
      const gender = getCustomerGenderPresentation(data.gender_baby, moduleKey);

      return {
        ...data,
        baby: {
          name: data.name_baby || labels.secondaryFallback,
          dob: data.dob_baby || data.dob_expected || 'Ch╞░a cß║¡p nhß║¡t',
          gender: gender.label,
        },
        sessions: (data as { sessions?: unknown[] }).sessions || [],
        allBookings: bookings || [],
      };
    }

    function pickDefaultBooking(bookings: CustomerDetailBooking[], targetBookingId: string | null) {
      if (targetBookingId) {
        const found = bookings.find((booking) => booking.id === targetBookingId);
        if (found) return found;
      }

      const priority = (status: string) => {
        if (status === 'active' || status === 'in_progress') return 0;
        if (status === 'booked') return 1;
        if (status === 'deposit_pending') return 2;
        if (status === 'completed') return 3;
        return 4;
      };

      return [...bookings].sort((a, b) => {
        const pA = priority(a.status || '');
        const pB = priority(b.status || '');

        if (pA !== pB) return pA - pB;
        return new Date(b.created_at || 0).getTime() - new Date(a.created_at || 0).getTime();
      })[0];
    }

    export function useCustomerDetailController() {
      const params = useParams();
      const router = useRouter();
      const searchParams = useSearchParams();
      const id = params.id as string;
      const targetBookingId = searchParams.get('bookingId');

      const [customer, setCustomer] = useState<CustomerDetailRecord | null>(null);
      const [loading, setLoading] = useState(true);
      const [isBookingModalOpen, setIsBookingModalOpen] = useState(false);
      const [activeBooking, setActiveBooking] = useState<CustomerDetailBooking | null>(null);
      const [ktvs, setKtvs] = useState<KtvOption[]>([]);
      const [isUpdatingKTV, setIsUpdatingKTV] = useState(false);
      const [isPaymentModalOpen, setIsPaymentModalOpen] = useState(false);
      const [isRecordingPayment, setIsRecordingPayment] = useState(false);
      const [paymentFile, setPaymentFile] = useState<File | null>(null);
      const [paymentData, setPaymentData] = useState<PaymentData>({
        amount: 0,
        method: 'bank_transfer',
        notes: '',
        receipt_url: '',
        status: 'confirmed',
      });
      const [userRole, setUserRole] = useState<'admin' | 'ktv'>('ktv');
      const [tenantModuleKey, setTenantModuleKey] = useState<TenantModuleKey | null>(null);
      const [tenantBrand, setTenantBrand] = useState<ResolvedTenantBrandIdentity | null>(null);
      const [isExportingQuotation, setIsExportingQuotation] = useState(false);
      const [isEditModalOpen, setIsEditModalOpen] = useState(false);
      const [isUpdatingCustomer, setIsUpdatingCustomer] = useState(false);
      const [editData, setEditData] = useState<EditCustomerData>({
        name_mother: '',
        phone: '',
        name_baby: '',
        dob_expected: '',
        dob_baby: '',
        address: '',
        notes: '',
        gender_baby: 'unknown',
        latitude: null,
        longitude: null,
      });
      const [isEditBookingModalOpen, setIsEditBookingModalOpen] = useState(false);
      const [isSavingBooking, setIsSavingBooking] = useState(false);
      const [editBookingData, setEditBookingData] = useState<EditBookingData>({
        package_name: '',
        full_price: 0,
        deposit_amount: 0,
        discount_percent: 0,
        total_sessions: 0,
        completed_sessions: 0,
        preferred_time: '08:00',
        start_date: '',
        status: 'in_progress',
      });
      const [isReusing, setIsReusing] = useState(false);
      const quotationRef = useRef<HTMLDivElement>(null);
      const customerBookingIdsRef = useRef<Set<string>>(new Set());
      const reloadTimerRef = useRef<ReturnType<typeof setTimeout> | null>(null);
      const activeBookingIdRef = useRef<string | null>(null); // Track user-selected booking
      
      // Wrapper to update both state and ref when user manually changes booking
      const setActiveBookingWithTracking = useCallback((booking: CustomerDetailBooking | null) => {
        console.log('[setActiveBooking] User selected:', booking?.id, booking?.package_name);
        setActiveBooking(booking);
        activeBookingIdRef.current = booking?.id || null;
      }, []);

      const loadData = useCallback(async (options?: { preserveSelection?: boolean }) => {
        if (!id) return;

        console.log('[loadData] Starting, preserveSelection:', options?.preserveSelection, 'activeBookingIdRef:', activeBookingIdRef.current);

        try {
          const [tenant, data, bookings] = await Promise.all([
            getTenantSettings(),
            getCustomerById(id),
            getBookingsByCustomerId(id) as Promise<CustomerDetailBooking[]>,
          ]);
          const nextTenantModuleKey = getDefaultTenantModuleKey(tenant?.enabled_modules);
          setTenantModuleKey(nextTenantModuleKey);
          setTenantBrand(resolveTenantBrandIdentity({
            enabledModules: tenant?.enabled_modules,
            brandTheme: tenant?.brand_theme,
            logoUrl: tenant?.logo_url,
            tenantName: tenant?.name,
            surface: 'invoice',
          }));
          customerBookingIdsRef.current = new Set(bookings.map((booking) => booking.id));
          const customerRecord = toCustomerDetailRecord(data, bookings, nextTenantModuleKey);

          if (customerRecord) {
            setCustomer(customerRecord);
            
            // Preserve selection only during background reload
            if (options?.preserveSelection && activeBookingIdRef.current) {
              const currentBookingStillExists = bookings.some(b => b.id === activeBookingIdRef.current);
              
              console.log('[loadData] Preserve mode - currentBooking exists?', currentBookingStillExists);
              
              if (currentBookingStillExists) {
                const updatedActiveBooking = bookings.find(b => b.id === activeBookingIdRef.current) || null;
                console.log('[loadData] Keeping current booking:', updatedActiveBooking?.id, updatedActiveBooking?.package_name);
                setActiveBooking(updatedActiveBooking);
              } else {
                // Current booking deleted, pick default
                const defaultBooking = bookings.length > 0 ? pickDefaultBooking(bookings, targetBookingId) : null;
                console.log('[loadData] Current booking deleted, fallback to default:', defaultBooking?.id, defaultBooking?.package_name);
                setActiveBooking(defaultBooking);
                activeBookingIdRef.current = defaultBooking?.id || null;
              }
            } else {
              // Initial load or user action - pick default
              const defaultBooking = bookings.length > 0 ? pickDefaultBooking(bookings, targetBookingId) : null;
              console.log('[loadData] Initial load, pick default:', defaultBooking?.id, defaultBooking?.package_name);
              setActiveBooking(defaultBooking);
              activeBookingIdRef.current = defaultBooking?.id || null;
            }
          }
        } catch (error) {
          console.error('Error loading customer:', error);
          toast.error('Lß╗ùi khi tß║úi dß╗» liß╗çu');
        } finally {
          setLoading(false);
        }
      }, [id, targetBookingId]);

      const fetchKtvs = useCallback(async () => {
        try {
          const allUsers = await getUsers();
          const allKtvs = allUsers.filter((user) => user.role?.toLowerCase() === 'ktv');
          
          // Filter out KTVs already assigned to other active bookings
          if (customer?.allBookings) {
            const otherActiveBookings = customer.allBookings.filter((booking) => 
              booking.id !== activeBooking?.id && 
              (booking.status === 'in_progress' || booking.status === 'booked')
            );
            
            const assignedKtvIds = new Set(
              otherActiveBookings
                .map(b => b.assigned_ktv_id)
                .filter((id): id is string => Boolean(id))
            );
            
            // Only filter if there are assigned KTVs in other active bookings
            if (assignedKtvIds.size > 0) {
              const availableKtvs = allKtvs.filter(ktv => !assignedKtvIds.has(ktv.id));
              setKtvs(availableKtvs);
            } else {
              setKtvs(allKtvs);
            }
          } else {
            setKtvs(allKtvs);
          }
        } catch (error) {
          console.error('Error fetching KTVs:', error);
        }
      }, [customer?.allBookings, activeBooking?.id]);

      const scheduleDataReload = useCallback(() => {
        if (reloadTimerRef.current) {
          clearTimeout(reloadTimerRef.current);
        }

        reloadTimerRef.current = setTimeout(() => {
          void loadData({ preserveSelection: true }); // Preserve selection during background reload
        }, 400);
      }, [loadData]);

      useEffect(() => {
        async function checkRole() {
          const user = await getCurrentUser();
          if (user?.role) {
            const role = user.role.toLowerCase();
            setUserRole(role === 'admin' ? 'admin' : 'ktv');
          }
        }

        void checkRole();
      }, []);

      useEffect(() => {
        void loadData(); // Initial load only
        void fetchKtvs();

        const supabase = createClient();
        const channel = supabase
          .channel(`customer-detail-${id}`)
          .on('postgres_changes', { event: '*', schema: 'public', table: 'bookings', filter: `customer_id=eq.${id}` }, () => {
            scheduleDataReload();
          })
          .on('postgres_changes', { event: '*', schema: 'public', table: 'session_logs' }, (payload) => {
            const record = (payload.new || payload.old || {}) as { booking_id?: string | null };

            if (!record.booking_id || customerBookingIdsRef.current.has(record.booking_id)) {
              scheduleDataReload();
            }
          })
          .subscribe();

        return () => {
          if (reloadTimerRef.current) {
            clearTimeout(reloadTimerRef.current);
          }
          void supabase.removeChannel(channel);
        };
        // eslint-disable-next-line react-hooks/exhaustive-deps
      }, [id]); // Only re-run when customer ID changes, not when callbacks change

      // Separate effect to refresh KTV list when active booking or customer bookings change
      useEffect(() => {
        if (customer) {
          void fetchKtvs();
        }
        // eslint-disable-next-line react-hooks/exhaustive-deps
      }, [activeBooking?.id, customer?.allBookings?.length]);

      const refreshPageData = useCallback(async () => {
        await Promise.all([loadData(), fetchKtvs()]);
      }, [fetchKtvs, loadData]);

      usePageRefresh(refreshPageData);

      const handleBack = useCallback(() => {
        router.back();
      }, [router]);

      const handleOpenSessions = useCallback(() => {
        if (!customer) return;
        router.push(`/dashboard/sessions?search=${encodeURIComponent(customer.name_mother)}`);
      }, [customer, router]);

      const handleOpenBookingSessions = useCallback(() => {
        if (!customer) return;
        router.push(`/dashboard/sessions?search=${encodeURIComponent(customer.name_mother)}&bookingId=${activeBooking?.id || ''}`);
      }, [activeBooking?.id, customer, router]);

      const handleOpenEditCustomer = useCallback(() => {
        if (!customer) return;

        setEditData({
          name_mother: customer.name_mother,
          phone: customer.phone,
          name_baby: customer.name_baby || '',
          dob_expected: customer.dob_expected || '',
          dob_baby: customer.dob_baby || '',
          address: customer.address || '',
          notes: customer.notes || '',
          gender_baby: customer.gender_baby || 'unknown',
          latitude: customer.latitude || null,
          longitude: customer.longitude || null,
        });
        setIsEditModalOpen(true);
      }, [customer]);

      const handleUpdateKTV = useCallback(async (ktvId: string) => {
        if (!activeBooking) return;

        setIsUpdatingKTV(true);
        try {
          const result = await updateBooking(activeBooking.id, { assigned_ktv_id: ktvId });
          if (result.error) throw new Error(result.error);
          toast.success('─É├ú cß║¡p nhß║¡t KTV phß╗Ñ tr├ích');
          await loadData();
        } catch (error: unknown) {
          toast.error('Lß╗ùi: ' + getErrorMessage(error));
        } finally {
          setIsUpdatingKTV(false);
        }
      }, [activeBooking, loadData]);

      const handleUpdateCustomer = useCallback(async () => {
        setIsUpdatingCustomer(true);
        try {
          const result = await updateCustomer(id, editData);
          if (result.error) throw new Error(result.error);

          if (result.warning) {
            toast.success('Cß║¡p nhß║¡t th├ánh c├┤ng c├íc th├┤ng tin kh├íc!');
            toast.warning(result.warning, { duration: 10000 });
          } else {
            toast.success('Cß║¡p nhß║¡t hß╗ô s╞í th├ánh c├┤ng!');
          }

          setIsEditModalOpen(false);
          await loadData();
        } catch (error: unknown) {
          toast.error('Lß╗ùi: ' + getErrorMessage(error));
        } finally {
          setIsUpdatingCustomer(false);
        }
      }, [editData, id, loadData]);

      const handleSaveBooking = useCallback(async () => {
        if (isSavingBooking) return;
        if (!activeBooking) return;

        setIsSavingBooking(true);
        try {
          const result = await updateBooking(activeBooking.id, {
            package_name: editBookingData.package_name || null,
            full_price: parseMoneyInput(editBookingData.full_price),
            deposit_amount: parseMoneyInput(editBookingData.deposit_amount),
            discount_percent: normalizeDiscountPercent(editBookingData.discount_percent),
            total_sessions: parseIntegerInput(editBookingData.total_sessions, { min: 0, max: 100 }),
            completed_sessions: parseIntegerInput(editBookingData.completed_sessions, { min: 0, max: 100 }),
            preferred_time: editBookingData.preferred_time || '08:00',
            start_date: editBookingData.start_date || null,
            status: editBookingData.status,
          });

          if (result.error) throw new Error(result.error);

          toast.success('Cß║¡p nhß║¡t g├│i dß╗ïch vß╗Ñ th├ánh c├┤ng!');
          setIsEditBookingModalOpen(false);
          await loadData();
        } catch (error: unknown) {
          toast.error('Lß╗ùi cß║¡p nhß║¡t g├│i: ' + getErrorMessage(error));
        } finally {
          setIsSavingBooking(false);
        }
      }, [activeBooking, editBookingData, isSavingBooking, loadData]);

      const handleReusePackage = useCallback(async (bookingId: string) => {
        if (isReusing) return;
        if (!bookingId || !customer) return;
        const confirmed = window.confirm(`Bß║ín c├│ chß║»c chß║»n muß╗æn t├íi sß╗¡ dß╗Ñng g├│i dß╗ïch vß╗Ñ nhanh cho kh├ích h├áng ${customer.name_mother}?`);
        if (!confirmed) return;

        setIsReusing(true);
        try {
          const result = await reusePackage(bookingId);
          if ('error' in result && result.error) {
            toast.error(result.error);
          } else if ('data' in result && result.data) {
            toast.success('─É├ú t├íi sß╗¡ dß╗Ñng g├│i dß╗ïch vß╗Ñ th├ánh c├┤ng!');
            await loadData();
          }
        } catch (error) {
          console.error('Reuse failed:', error);
          toast.error('C├│ lß╗ùi xß║úy ra khi xß╗¡ l├╜');
        } finally {
          setIsReusing(false);
        }
      }, [customer, isReusing, loadData]);

      const handleReuseActivePackage = useCallback(() => {
        if (!activeBooking) return;
        void handleReusePackage(activeBooking.id);
      }, [activeBooking, handleReusePackage]);

      const handleRecordPayment = useCallback(async () => {
        if (isRecordingPayment) return;
        if (!activeBooking) return;
        if (paymentData.amount <= 0) {
          toast.error('Vui l├▓ng nhß║¡p sß╗æ tiß╗ün hß╗úp lß╗ç');
          return;
        }

        setIsRecordingPayment(true);
        try {
          let finalReceiptUrl = paymentData.receipt_url;

          if (paymentFile) {
            const supabase = createClient();
            const fileExt = paymentFile.name.split('.').pop();
            const fileName = `${activeBooking.id}-${Date.now()}.${fileExt}`;
            const filePath = `receipts/${fileName}`;

            const { error: uploadError } = await supabase.storage.from('receipts').upload(filePath, paymentFile);

            if (uploadError) {
              console.error('Upload error:', uploadError);
              if (uploadError.message.includes('bucket not found')) {
                toast.error('Hß╗ç thß╗æng Storage ch╞░a ─æ╞░ß╗úc cß║Ñu h├¼nh. Vui l├▓ng tß║ío bucket \"receipts\".');
              }
            } else {
              const {
                data: { publicUrl },
              } = supabase.storage.from('receipts').getPublicUrl(filePath);
              finalReceiptUrl = publicUrl;
            }
          }

          const result = await recordRemainingPayment({
            booking_id: activeBooking.id,
            customer_id: id,
            amount: paymentData.amount,
            payment_method: paymentData.method,
            notes: paymentData.notes,
            receipt_url: finalReceiptUrl,
            status: paymentData.status,
          });

          if (result.error) throw new Error(result.error);

          toast.success('─É├ú ghi nhß║¡n thanh to├ín th├ánh c├┤ng!');
          await loadData();
          setIsPaymentModalOpen(false);
          setPaymentFile(null);
        } catch (error: unknown) {
          toast.error('Lß╗ùi: ' + getErrorMessage(error));
        } finally {
          setIsRecordingPayment(false);
        }
      }, [activeBooking, id, isRecordingPayment, loadData, paymentData, paymentFile]);

      const receiptData = useMemo<ReceiptData | null>(() => {
        if (!customer || !activeBooking || !tenantBrand) return null;
        const paymentState = calculateBookingPaymentState({
          fullPrice: activeBooking.full_price,
          discountPercent: activeBooking.discount_percent,
          depositAmount: activeBooking.deposit_amount,
          bookingStatus: activeBooking.status,
          revenues: activeBooking.revenue,
        });

        return {
          customerName: customer.name_mother || 'Ch╞░a cß║¡p nhß║¡t',
          phone: customer.phone || 'Ch╞░a cß║¡p nhß║¡t',
          address: customer.address || 'Ch╞░a cß║¡p nhß║¡t',
          serviceNote: `${activeBooking.package_name || activeBooking.packages?.name || 'G├│i dß╗ïch vß╗Ñ'} (Bß║»t ─æß║ºu g├│i tß╗½ ${activeBooking.start_date || 'Ch╞░a cß║¡p nhß║¡t'})`,
          brand: {
            displayName: tenantBrand.invoiceDisplayName || tenantBrand.displayName,
            logoUrl: tenantBrand.logoUrl,
            primaryColor: tenantBrand.primaryColor,
            accentColor: tenantBrand.accentColor,
            monogram: tenantBrand.monogram,
          },
          items: [
            {
              id: 1,
              name: activeBooking.package_name || activeBooking.packages?.name || 'G├│i dß╗ïch vß╗Ñ',
              sessions: activeBooking.total_sessions || 15,
              unitPrice: Math.round((activeBooking.full_price || 0) / Math.max(1, activeBooking.total_sessions || 15)),
              total: activeBooking.full_price || 0,
              discountNote: activeBooking.discount_percent ? `Giß║úm ${activeBooking.discount_percent}%` : 'Kh├┤ng c├│',
              prepaid: paymentState.totalPaid,
              finalPayment: paymentState.remainingDebt,
            },
          ],
          totalAmount: Math.round(paymentState.priceAfterDiscount),
          bankInfo: {
            ownerName: 'Cao Thß╗ï Th├║y V├ón',
            accountNumber: '8832041471',
            bankName: 'Ng├ón h├áng BIDV',
          },
        };
      }, [activeBooking, customer, tenantBrand]);

      const handleExportQuotation = useCallback(async () => {
        if (!quotationRef.current || !customer) return;

        setIsExportingQuotation(true);
        toast.loading('─Éang khß╗ƒi tß║ío ß║únh b├ío gi├í...', { id: 'quotation-export' });

        try {
          const dataUrl = await toPng(quotationRef.current, {
            quality: 1,
            pixelRatio: 2,
          });

          const link = document.createElement('a');
          link.download = `Bao_Gia_${(customer.name_mother || 'Khach').replace(/\\s+/g, '_')}.png`;
          link.href = dataUrl;
          link.click();

          toast.success('─É├ú xuß║Ñt ß║únh b├ío gi├í th├ánh c├┤ng!', { id: 'quotation-export' });
        } catch (error) {
          console.error('Failed to export image', error);
          toast.error('Lß╗ùi khi xuß║Ñt ß║únh. Vui l├▓ng thß╗¡ lß║íi!', { id: 'quotation-export' });
        } finally {
          setIsExportingQuotation(false);
        }
      }, [customer]);

      const handleBookingSuccess = useCallback(async () => {
        await loadData();
        setIsBookingModalOpen(false);
      }, [loadData]);

      const handlePayRemaining = useCallback((amount: number) => {
        if (isRecordingPayment) return;
        setPaymentData((prev) => ({
          ...prev,
          amount,
        }));
        setIsPaymentModalOpen(true);
      }, [isRecordingPayment]);

      const handleOpenZalo = useCallback(() => {
        if (!customer) return;
        const cleanPhone = customer.phone.replace(/[^\\d]/g, '');
        window.open(`https://zalo.me/${cleanPhone}`, '_blank');
      }, [customer]);

      const handleSharePortal = useCallback(async () => {
        if (!activeBooking) return;
        let token = activeBooking.share_token;

        if (!token) {
          toast.loading('─Éang khß╗ƒi tß║ío link...', { id: 'portal-link' });
          const result = await generateShareToken(activeBooking.id);
          if (result.error || !result.data) {
            toast.error('Lß╗ùi khß╗ƒi tß║ío link: ' + (result.error || 'Unknown error'), { id: 'portal-link' });
            return;
          }
          token = result.data.share_token;
          setActiveBooking({ ...activeBooking, share_token: token });
          toast.dismiss('portal-link');
        }

        const url = `${window.location.origin}/portal/${token}`;
        void navigator.clipboard.writeText(url);
        toast.success('─É├ú sao ch├⌐p link Cß╗òng th├┤ng tin kh├ích h├áng');
      }, [activeBooking]);

      const handleExportContract = useCallback(() => {
        toast.success('─Éang khß╗ƒi tß║ío tß╗çp hß╗úp ─æß╗ông...');
      }, []);

      const handleOpenEditBooking = useCallback(() => {
        if (!activeBooking) return;

        setEditBookingData({
          package_name: activeBooking.package_name || activeBooking.packages?.name || '',
          full_price: activeBooking.full_price || 0,
          deposit_amount: activeBooking.deposit_amount || 0,
          discount_percent: activeBooking.discount_percent || 0,
          total_sessions: activeBooking.total_sessions || 0,
          completed_sessions: activeBooking.completed_sessions || 0,
          preferred_time: activeBooking.preferred_time || '08:00',
          start_date: activeBooking.start_date || '',
          status: activeBooking.status || 'in_progress',
        });
        setIsEditBookingModalOpen(true);
      }, [activeBooking]);

      const isDepositOnly = Boolean(activeBooking && activeBooking.status === 'deposit_pending' && !activeBooking.package_id);
      const sortedSessions = useMemo(
        () => (activeBooking?.session_logs ? [...activeBooking.session_logs].sort((a, b) => (a.session_number || 0) - (b.session_number || 0)) : []),
        [activeBooking]
      );
      const nextSession = sortedSessions.find((session) => session.status === 'scheduled');
      const activePaymentState = activeBooking
        ? calculateBookingPaymentState({
            fullPrice: activeBooking.full_price,
            discountPercent: activeBooking.discount_percent,
            depositAmount: activeBooking.deposit_amount,
            bookingStatus: activeBooking.status,
            revenues: activeBooking.revenue,
          })
        : null;
      const activeDepositAmount = activePaymentState?.totalPaid || 0;
      const activeNetPrice = Math.round(activePaymentState?.priceAfterDiscount || 0);
      const isCompleted = Boolean(activeBooking && (activeBooking.completed_sessions || 0) >= (activeBooking.total_sessions || 15));

      return {
        activeBooking,
        activeDepositAmount,
        activeNetPrice,
        customer,
        editBookingData,
        editData,
        handleBack,
        handleBookingSuccess,
        handleExportContract,
        handleExportQuotation,
        handleOpenBookingSessions,
        handleOpenEditBooking,
        handleOpenEditCustomer,
        handleOpenSessions,
        handleOpenZalo,
        handlePayRemaining,
        handleRecordPayment,
        handleReuseActivePackage,
        handleSaveBooking,
        handleSharePortal,
        handleUpdateCustomer,
        handleUpdateKTV,
        isBookingModalOpen,
        isCompleted,
        isDepositOnly,
        isEditBookingModalOpen,
        isEditModalOpen,
        isExportingQuotation,
        isPaymentModalOpen,
        isRecordingPayment,
        isReusing,
        isSavingBooking,
        isUpdatingCustomer,
        isUpdatingKTV,
        ktvs,
        loading,
        nextSession,
        paymentData,
        paymentFile,
        quotationRef,
        receiptData,
        setActiveBooking: setActiveBookingWithTracking, // Export wrapper instead of direct setter
        setEditBookingData,
        setEditData,
        setIsBookingModalOpen,
        setIsEditBookingModalOpen,
        setIsEditModalOpen,
        setIsPaymentModalOpen,
        setPaymentData,
        setPaymentFile,
        sortedSessions,
        tenantModuleKey,
        userRole,
      };
    }

    'use client';
    // Version: 2.0.0 - Configuration-Driven Payroll System

    import { useState, useEffect } from 'react';
    import { toast } from 'sonner';
    import { Coins, Award, Calendar, Star, Save, Loader2, Target, TrendingUp, BarChart3 } from 'lucide-react';
    import { PremiumSelect } from '@/components/ui/PremiumSelect';
    import {
      loadKPIConfig,
      saveKPIConfig,
      loadAttendanceConfig,
      saveAttendanceConfig,
      loadRatingConfig,
      saveRatingConfig,
      loadCommissionConfig,
      saveCommissionConfig,
    } from '@/services/payroll-config-actions';
    import type { TenantGeneralSettings } from '@/types/domain';
    import type {
      KPIThresholdConfig,
      AttendanceConfig,
      RatingThresholdConfig,
    } from '@/types/payroll-config';

    interface SalaryConfigTabProps {
      generalSettings: TenantGeneralSettings;
      setGeneralSettings: (settings: TenantGeneralSettings) => void;
    }

    export default function SalaryConfigTab({
      generalSettings,
      setGeneralSettings,
    }: SalaryConfigTabProps) {
      // Loading states
      const [isLoading, setIsLoading] = useState(true);
      const [isSaving, setIsSaving] = useState(false);

      // KPI Config
      const [kpiEnabled, setKpiEnabled] = useState(false);
      const [kpiStrategy, setKpiStrategy] = useState<'threshold' | 'linear' | 'tier'>('threshold');
      const [kpiTarget, setKpiTarget] = useState(30);
      const [kpiBonus, setKpiBonus] = useState(1000000);
      // For linear strategy
      const [kpiRatePerSession, setKpiRatePerSession] = useState(50000);
      // For tier strategy
      const [kpiTiers, setKpiTiers] = useState<Array<{ min: number; max: number; bonus: number }>>([
        { min: 0, max: 29, bonus: 0 },
        { min: 30, max: 49, bonus: 1000000 },
        { min: 50, max: 999, bonus: 2000000 }
      ]);

      // Attendance Config
      const [attendanceEnabled, setAttendanceEnabled] = useState(true);
      const [attendanceStrategy, setAttendanceStrategy] = useState<'late_deduction' | 'absent_deduction' | 'combined'>('combined');
      const [latePenalty, setLatePenalty] = useState(50000);
      const [absentPenalty, setAbsentPenalty] = useState(200000);
      const [lateGracePeriod, setLateGracePeriod] = useState(15);

      // Rating Config
      const [ratingEnabled, setRatingEnabled] = useState(false);
      const [ratingStrategy, setRatingStrategy] = useState<'threshold' | 'linear' | 'tier'>('threshold');
      const [minRating, setMinRating] = useState(4.5);
      const [ratingBonus, setRatingBonus] = useState(50000);
      // For linear strategy
      const [ratingRatePerStar, setRatingRatePerStar] = useState(10000);
      // For tier strategy
      const [ratingTiers, setRatingTiers] = useState<Array<{ min: number; max: number; bonus: number }>>([
        { min: 4.0, max: 4.4, bonus: 30000 },
        { min: 4.5, max: 4.9, bonus: 50000 },
        { min: 5.0, max: 5.0, bonus: 100000 }
      ]);

      // Commission Config
      const [commissionEnabled, setCommissionEnabled] = useState(true);
      const [commissionStrategy, setCommissionStrategy] = useState<'fixed' | 'tier' | 'percentage' | 'service' | 'product_sales' | 'total_revenue'>('fixed');
      // For fixed strategy
      const [commissionRate, setCommissionRate] = useState(120000);
      const [commissionMinSessions, setCommissionMinSessions] = useState(0);
      // For tier strategy
      const [commissionTiers, setCommissionTiers] = useState<Array<{ min: number; max: number; rate: number }>>([
        { min: 0, max: 10, rate: 100000 },
        { min: 11, max: 20, rate: 120000 },
        { min: 21, max: 999, rate: 150000 }
      ]);
      // For percentage strategy
      const [commissionPercentage, setCommissionPercentage] = useState(15);
      const [commissionMinRevenue, setCommissionMinRevenue] = useState(0);
      // For service strategy
      const [commissionServiceRates, setCommissionServiceRates] = useState<Record<string, number>>({
        'massage': 150000,
        'facial': 100000,
        'waxing': 80000
      });
      // For product_sales strategy
      const [productSalesPercentage, setProductSalesPercentage] = useState(15);
      const [productSalesMinSales, setProductSalesMinSales] = useState(0);
      // For total_revenue strategy
      const [totalRevenuePercentage, setTotalRevenuePercentage] = useState(10);
      const [totalRevenueMinRevenue, setTotalRevenueMinRevenue] = useState(0);
      const [serviceWeight, setServiceWeight] = useState(1.0);
      const [productWeight, setProductWeight] = useState(1.0);

      // Legacy fallback: Load from generalSettings.salary_config if new config not available
      const [tenantId, setTenantId] = useState<string | null>(null);

      // Get tenantId from session/context
      useEffect(() => {
        async function fetchTenantId() {
          try {
            const { createClient } = await import('@/lib/supabase-client');
            const supabase = createClient();
            const { data: { user } } = await supabase.auth.getUser();
            
            if (user) {
              const { data: profile } = await supabase
                .from('users')
                .select('tenant_id')
                .eq('id', user.id)
                .single();
              
              if (profile?.tenant_id) {
                setTenantId(profile.tenant_id);
              }
            }
          } catch (error) {
            console.error('[SalaryConfigTab] Error fetching tenantId:', error);
          }
        }
        fetchTenantId();
      }, []);

      // Load configurations
      useEffect(() => {
        if (!tenantId) return;

        async function loadConfigs() {
          setIsLoading(true);
          try {
            // Load KPI
            const kpiResult = await loadKPIConfig(tenantId!);
            if (kpiResult.success && kpiResult.data) {
              setKpiEnabled(kpiResult.data.enabled);
              setKpiStrategy(kpiResult.data.strategy as any || 'threshold');
              const config = kpiResult.data.config as any;
              
              if (kpiResult.data.strategy === 'threshold') {
                setKpiTarget(config.target || 30);
                setKpiBonus(config.bonus || 1000000);
              } else if (kpiResult.data.strategy === 'linear') {
                setKpiRatePerSession(config.ratePerSession || 50000);
              } else if (kpiResult.data.strategy === 'tier') {
                setKpiTiers(config.tiers || kpiTiers);
              }
            } else {
              // Fallback to legacy generalSettings
              setKpiTarget(generalSettings.salary_config?.kpi_target_sessions || 30);
              setKpiBonus(generalSettings.salary_config?.kpi_bonus_amount || 1000000);
            }

            // Load Attendance
            const attendanceResult = await loadAttendanceConfig(tenantId!);
            if (attendanceResult.success && attendanceResult.data) {
              setAttendanceEnabled(attendanceResult.data.enabled);
              const config = attendanceResult.data.config as AttendanceConfig;
              setLatePenalty(config.latePenalty || 50000);
              setAbsentPenalty(config.absentPenalty || 200000);
              setLateGracePeriod(config.lateGracePeriod || 15);
            } else {
              // Fallback to legacy generalSettings
              setLatePenalty(generalSettings.salary_config?.penalty_late_per_day || 50000);
              setAbsentPenalty(generalSettings.salary_config?.penalty_absent_per_day || 200000);
            }

            // Load Rating
            const ratingResult = await loadRatingConfig(tenantId!);
            if (ratingResult.success && ratingResult.data) {
              setRatingEnabled(ratingResult.data.enabled);
              const config = ratingResult.data.config as RatingThresholdConfig;
              setMinRating(config.minRating || 4.5);
              setRatingBonus(config.bonus || 50000);
            } else {
              // Fallback to legacy generalSettings
              setRatingBonus(generalSettings.salary_config?.bonus_5_star || 50000);
            }

            // Load Commission
            const commissionResult = await loadCommissionConfig(tenantId!);
            if (commissionResult.success && commissionResult.data) {
              setCommissionEnabled(commissionResult.data.enabled);
              setCommissionStrategy(commissionResult.data.strategy as any || 'fixed');
              const config = commissionResult.data.config as any;
              
              if (commissionResult.data.strategy === 'fixed') {
                setCommissionRate(config.rate || 120000);
                setCommissionMinSessions(config.minSessions || 0);
              } else if (commissionResult.data.strategy === 'tier') {
                setCommissionTiers(config.tiers || commissionTiers);
              } else if (commissionResult.data.strategy === 'percentage') {
                setCommissionPercentage(config.percentage || 15);
                setCommissionMinRevenue(config.minRevenue || 0);
              } else if (commissionResult.data.strategy === 'service') {
                setCommissionServiceRates(config.rates || commissionServiceRates);
              } else if (commissionResult.data.strategy === 'product_sales') {
                setProductSalesPercentage(config.percentage || 15);
                setProductSalesMinSales(config.minSales || 0);
              } else if (commissionResult.data.strategy === 'total_revenue') {
                setTotalRevenuePercentage(config.percentage || 10);
                setTotalRevenueMinRevenue(config.minRevenue || 0);
                setServiceWeight(config.serviceWeight || 1.0);
                setProductWeight(config.productWeight || 1.0);
              }
            } else {
              // Default to fixed strategy if no config
              setCommissionEnabled(true);
              setCommissionRate(120000);
            }
          } catch (error) {
            console.error('[SalaryConfigTab] Error loading configs:', error);
            toast.error('Kh├┤ng thß╗â tß║úi cß║Ñu h├¼nh l╞░╞íng');
          } finally {
            setIsLoading(false);
          }
        }

        loadConfigs();
      }, [tenantId]); // Removed generalSettings.salary_config to prevent re-load after save

      // Save configurations
      const handleSave = async () => {
        if (!tenantId) {
          toast.error('Kh├┤ng t├¼m thß║Ñy tenant ID');
          return;
        }

        setIsSaving(true);
        try {
          // Save KPI
          let kpiConfig: any;
          if (kpiStrategy === 'threshold') {
            kpiConfig = { target: kpiTarget, bonus: kpiBonus, metric: 'sessions' };
          } else if (kpiStrategy === 'linear') {
            kpiConfig = { ratePerSession: kpiRatePerSession, metric: 'sessions' };
          } else if (kpiStrategy === 'tier') {
            kpiConfig = { tiers: kpiTiers, metric: 'sessions' };
          }
          
          const kpiResult = await saveKPIConfig(
            tenantId,
            kpiEnabled,
            kpiStrategy,
            kpiConfig
          );
          if (!kpiResult.success) {
            throw new Error(`KPI: ${kpiResult.error}`);
          }

          // Save Attendance
          const attendanceResult = await saveAttendanceConfig(
            tenantId,
            attendanceEnabled,
            attendanceStrategy,
            {
              latePenalty,
              absentPenalty,
              lateGracePeriod,
            }
          );
          if (!attendanceResult.success) {
            throw new Error(`Attendance: ${attendanceResult.error}`);
          }

          // Save Rating
          let ratingConfig: any;
          if (ratingStrategy === 'threshold') {
            ratingConfig = { minRating, bonus: ratingBonus };
          } else if (ratingStrategy === 'linear') {
            ratingConfig = { ratePerStar: ratingRatePerStar };
          } else if (ratingStrategy === 'tier') {
            ratingConfig = { tiers: ratingTiers };
          }
          
          const ratingResult = await saveRatingConfig(
            tenantId,
            ratingEnabled,
            ratingStrategy,
            ratingConfig
          );
          if (!ratingResult.success) {
            throw new Error(`Rating: ${ratingResult.error}`);
          }

          // Save Commission
          let commissionConfig: any;
          if (commissionStrategy === 'fixed') {
            commissionConfig = { rate: commissionRate, minSessions: commissionMinSessions };
          } else if (commissionStrategy === 'tier') {
            commissionConfig = { tiers: commissionTiers };
          } else if (commissionStrategy === 'percentage') {
            commissionConfig = { percentage: commissionPercentage, minRevenue: commissionMinRevenue };
          } else if (commissionStrategy === 'service') {
            commissionConfig = { rates: commissionServiceRates };
          } else if (commissionStrategy === 'product_sales') {
            commissionConfig = { percentage: productSalesPercentage, minSales: productSalesMinSales };
          } else if (commissionStrategy === 'total_revenue') {
            commissionConfig = { 
              percentage: totalRevenuePercentage, 
              minRevenue: totalRevenueMinRevenue,
              serviceWeight,
              productWeight
            };
          }
          
          const commissionResult = await saveCommissionConfig(
            tenantId,
            commissionEnabled,
            commissionStrategy,
            commissionConfig
          );
          if (!commissionResult.success) {
            throw new Error(`Commission: ${commissionResult.error}`);
          }

          // Also update legacy generalSettings for backward compatibility
          setGeneralSettings({
            ...generalSettings,
            salary_config: {
              ...generalSettings.salary_config,
              kpi_target_sessions: kpiTarget,
              kpi_bonus_amount: kpiBonus,
              penalty_late_per_day: latePenalty,
              penalty_absent_per_day: absentPenalty,
              bonus_5_star: ratingBonus,
              bonus_4_5_star: Math.round(ratingBonus * 0.6),
              bonus_4_star: Math.round(ratingBonus * 0.2),
            },
          });

          toast.success('─É├ú l╞░u cß║Ñu h├¼nh l╞░╞íng th├ánh c├┤ng!');
        } catch (error: any) {
          console.error('[SalaryConfigTab] Save error:', error);
          toast.error(error.message || 'Kh├┤ng thß╗â l╞░u cß║Ñu h├¼nh');
        } finally {
          setIsSaving(false);
        }
      };

      // Input helpers
      const parseIntegerInput = (value: string, { min = 0, max = 1000000000 } = {}) => {
        const num = parseInt(value.replace(/\\D/g, ''), 10);
        if (isNaN(num)) return min;
        return Math.min(Math.max(num, min), max);
      };

      const parseFloatInput = (value: string, { min = 0, max = 5, decimals = 1 } = {}) => {
        const num = parseFloat(value);
        if (isNaN(num)) return min;
        return Math.min(Math.max(Number(num.toFixed(decimals)), min), max);
      };

      if (isLoading && !tenantId) {
        return (
          <div className=\"flex items-center justify-center py-12\">
            <Loader2 className=\"w-8 h-8 animate-spin text-primary\" />
          </div>
        );
      }

      return (
        <div className=\"space-y-8\">
          {/* Header */}
          <div>
            <h2 className=\"text-2xl font-black text-slate-900 dark:text-[#EFE9E1] tracking-tight uppercase\">
              L╞░╞íng & Th╞░ß╗ƒng
            </h2>
            <p className=\"text-sm text-slate-500 dark:text-[#CDBCAB] mt-2 font-medium\">
              Cß║Ñu h├¼nh c├íc ch├¡nh s├ích t├¡nh l╞░╞íng, th╞░ß╗ƒng KPI, phß║ít kß╗╖ luß║¡t v├á th╞░ß╗ƒng chß║Ñt l╞░ß╗úng dß╗ïch vß╗Ñ.
            </p>
          </div>

          {/* KPI Bonus Section */}
          <section className=\"bg-white dark:bg-[#1C1B19] rounded-3xl border border-slate-100 dark:border-[#3E3A35] p-8 space-y-6\">
            <div className=\"flex items-center justify-between\">
              <div className=\"flex items-center gap-4\">
                <div className=\"w-12 h-12 bg-primary/10 dark:bg-[#5D1C34]/30 rounded-2xl flex items-center justify-center\">
                  <Award className=\"w-6 h-6 text-primary dark:text-[#A67D44]\" />
                </div>
                <div>
                  <h3 className=\"text-lg font-black text-slate-900 dark:text-[#EFE9E1] uppercase\">
                    Th╞░ß╗ƒng KPI
                  </h3>
                  <p className=\"text-xs text-slate-500 dark:text-[#CDBCAB] font-medium\">
                    ─Éß║ít mß╗Ñc ti├¬u ca l├ám viß╗çc ΓåÆ Nhß║¡n th╞░ß╗ƒng
                  </p>
                </div>
              </div>
              <label className=\"relative inline-flex items-center cursor-pointer\">
                <input
                  type=\"checkbox\"
                  checked={kpiEnabled}
                  onChange={(e) => setKpiEnabled(e.target.checked)}
                  className=\"sr-only peer\"
                />
                <div className=\"w-14 h-7 bg-slate-300 border border-slate-400/20 dark:bg-[#3E3A35] peer-focus:outline-none rounded-full peer peer-checked:after:translate-x-full peer-checked:after:border-white after:content-[''] after:absolute after:top-[2px] after:left-[2px] after:bg-white after:border-slate-300 dark:after:border-[#2E2B27] after:border after:rounded-full after:h-6 after:w-6 after:transition-all peer-checked:bg-primary dark:peer-checked:bg-[#A67D44]\"></div>
              </label>
            </div>

            {/* Strategy Selector */}
            <div>
              <PremiumSelect
                label=\"Chiß║┐n l╞░ß╗úc t├¡nh th╞░ß╗ƒng\"
                value={kpiStrategy}
                onChange={(value) => setKpiStrategy(value as any)}
                disabled={!kpiEnabled}
                options={[
                  { 
                    value: 'threshold', 
                    label: 'Ng╞░ß╗íng ─æ╞ín (─æß║ít X ca ΓåÆ nhß║¡n Y th╞░ß╗ƒng)',
                    icon: <Target className=\"w-4 h-4\" />
                  },
                  { 
                    value: 'linear', 
                    label: 'Tuyß║┐n t├¡nh (mß╗ùi ca th├¬m ΓåÆ +Z ─æß╗ông)',
                    icon: <TrendingUp className=\"w-4 h-4\" />
                  },
                  { 
                    value: 'tier', 
                    label: 'Bß║¡c thang (nhiß╗üu mß╗⌐c 20/30/40 ca)',
                    icon: <BarChart3 className=\"w-4 h-4\" />
                  }
                ]}
                placeholder=\"Chß╗ìn chiß║┐n l╞░ß╗úc...\"
              />
            </div>

            {/* Conditional forms based on strategy */}
            {kpiStrategy === 'threshold' && (
              <div className=\"grid grid-cols-1 md:grid-cols-2 gap-6\">
                <div>
                  <label className=\"text-xs font-black text-slate-600 dark:text-[#CDBCAB] uppercase tracking-wider mb-3 block\">
                    Mß╗Ñc ti├¬u (sß╗æ ca)
                  </label>
                  <input
                    type=\"number\"
                    value={kpiTarget}
                    onChange={(e) => setKpiTarget(parseIntegerInput(e.target.value, { min: 1, max: 500 }))}
                    disabled={!kpiEnabled}
                    className=\"w-full h-14 rounded-2xl border-2 border-slate-100 dark:border-[#3E3A35] bg-slate-50 dark:bg-[#11100F] px-5 text-base font-bold text-slate-900 dark:text-[#EFE9E1] focus:outline-none focus:border-primary dark:focus:border-[#A67D44] transition-colors disabled:opacity-50 disabled:cursor-not-allowed\"
                  />
                </div>
                <div>
                  <label className=\"text-xs font-black text-slate-600 dark:text-[#CDBCAB] uppercase tracking-wider mb-3 block\">
                    Th╞░ß╗ƒng (VN─É)
                  </label>
                  <input
                    type=\"number\"
                    value={kpiBonus}
                    onChange={(e) => setKpiBonus(parseIntegerInput(e.target.value, { min: 0 }))}
                    disabled={!kpiEnabled}
                    className=\"w-full h-14 rounded-2xl border-2 border-slate-100 dark:border-[#3E3A35] bg-slate-50 dark:bg-[#11100F] px-5 text-base font-bold text-slate-900 dark:text-[#EFE9E1] focus:outline-none focus:border-primary dark:focus:border-[#A67D44] transition-colors disabled:opacity-50 disabled:cursor-not-allowed\"
                  />
                </div>
              </div>
            )}

            {kpiStrategy === 'linear' && (
              <div>
                <label className=\"text-xs font-black text-slate-600 dark:text-[#CDBCAB] uppercase tracking-wider mb-3 block\">
                  Th╞░ß╗ƒng mß╗ùi ca (VN─É)
                </label>
                <input
                  type=\"number\"
                  value={kpiRatePerSession}
                  onChange={(e) => setKpiRatePerSession(parseIntegerInput(e.target.value, { min: 0 }))}
                  disabled={!kpiEnabled}
                  className=\"w-full h-14 rounded-2xl border-2 border-slate-100 dark:border-[#3E3A35] bg-slate-50 dark:bg-[#11100F] px-5 text-base font-bold text-slate-900 dark:text-[#EFE9E1] focus:outline-none focus:border-primary dark:focus:border-[#A67D44] transition-colors disabled:opacity-50 disabled:cursor-not-allowed\"
                  placeholder=\"V├¡ dß╗Ñ: 50000 (50k mß╗ùi ca)\"
                />
              </div>
            )}

            {kpiStrategy === 'tier' && (
              <div className=\"space-y-4\">
                <label className=\"text-xs font-black text-slate-600 dark:text-[#CDBCAB] uppercase tracking-wider mb-3 block\">
                  C├íc mß╗⌐c th╞░ß╗ƒng theo bß║¡c
                </label>
                {kpiTiers.map((tier, index) => (
                  <div key={index} className=\"grid grid-cols-4 gap-4 items-end\">
                    <div>
                      <label className=\"text-xs text-slate-500 dark:text-[#CDBCAB] mb-2 block\">Tß╗½ ca</label>
                      <input
                        type=\"number\"
                        value={tier.min}
                        onChange={(e) => {
                          const newTiers = [...kpiTiers];
                          newTiers[index].min = parseIntegerInput(e.target.value, { min: 0, max: 999 });
                          setKpiTiers(newTiers);
                        }}
                        disabled={!kpiEnabled}
                        className=\"w-full h-12 rounded-xl border-2 border-slate-100 dark:border-[#3E3A35] bg-slate-50 dark:bg-[#11100F] px-4 text-sm font-bold text-slate-900 dark:text-[#EFE9E1] focus:outline-none focus:border-primary dark:focus:border-[#A67D44] transition-colors disabled:opacity-50\"
                      />
                    </div>
                    <div>
                      <label className=\"text-xs text-slate-500 dark:text-[#CDBCAB] mb-2 block\">─Éß║┐n ca</label>
                      <input
                        type=\"number\"
                        value={tier.max}
                        onChange={(e) => {
                          const newTiers = [...kpiTiers];
                          newTiers[index].max = parseIntegerInput(e.target.value, { min: 0, max: 999 });
                          setKpiTiers(newTiers);
                        }}
                        disabled={!kpiEnabled}
                        className=\"w-full h-12 rounded-xl border-2 border-slate-100 dark:border-[#3E3A35] bg-slate-50 dark:bg-[#11100F] px-4 text-sm font-bold text-slate-900 dark:text-[#EFE9E1] focus:outline-none focus:border-primary dark:focus:border-[#A67D44] transition-colors disabled:opacity-50\"
                      />
                    </div>
                    <div>
                      <label className=\"text-xs text-slate-500 dark:text-[#CDBCAB] mb-2 block\">Th╞░ß╗ƒng (VN─É)</label>
                      <input
                        type=\"number\"
                        value={tier.bonus}
                        onChange={(e) => {
                          const newTiers = [...kpiTiers];
                          newTiers[index].bonus = parseIntegerInput(e.target.value, { min: 0 });
                          setKpiTiers(newTiers);
                        }}
                        disabled={!kpiEnabled}
                        className=\"w-full h-12 rounded-xl border-2 border-slate-100 dark:border-[#3E3A35] bg-slate-50 dark:bg-[#11100F] px-4 text-sm font-bold text-slate-900 dark:text-[#EFE9E1] focus:outline-none focus:border-primary dark:focus:border-[#A67D44] transition-colors disabled:opacity-50\"
                      />
                    </div>
                    <button
                      onClick={() => {
                        const newTiers = kpiTiers.filter((_, i) => i !== index);
                        setKpiTiers(newTiers);
                      }}
                      disabled={!kpiEnabled || kpiTiers.length <= 1}
                      className=\"h-12 px-4 rounded-xl bg-rose-50 dark:bg-[#5D1C34]/20 text-rose-600 dark:text-[#EFE9E1] font-bold hover:bg-rose-100 dark:hover:bg-[#5D1C34]/40 transition-colors disabled:opacity-30 disabled:cursor-not-allowed\"
                    >
                      X├│a
                    </button>
                  </div>
                ))}
                <button
                  onClick={() => {
                    const lastTier = kpiTiers[kpiTiers.length - 1];
                    const newMin = lastTier.max + 1;
                    setKpiTiers([...kpiTiers, { min: newMin, max: newMin + 9, bonus: 0 }]);
                  }}
                  disabled={!kpiEnabled}
                  className=\"w-full h-12 rounded-xl border-2 border-dashed border-slate-300 dark:border-[#3E3A35] text-slate-600 dark:text-[#CDBCAB] font-bold hover:border-primary dark:hover:border-[#A67D44] hover:text-primary dark:hover:text-[#A67D44] transition-colors disabled:opacity-50 disabled:cursor-not-allowed\"
                >
                  + Th├¬m mß╗⌐c th╞░ß╗ƒng
                </button>
              </div>
            )}

            {!kpiEnabled && (
              <div className=\"bg-slate-50 dark:bg-[#11100F] border border-slate-100 dark:border-[#3E3A35] rounded-xl px-4 py-3 text-xs text-slate-500 dark:text-[#CDBCAB] font-medium\">
                ΓÜá∩╕Å Th╞░ß╗ƒng KPI hiß╗çn ─æang <strong>tß║»t</strong>. KTV sß║╜ kh├┤ng nhß║¡n th╞░ß╗ƒng khi ─æß║ít mß╗Ñc ti├¬u.
              </div>
            )}
          </section>

          {/* Attendance Penalties Section */}
          <section className=\"bg-white dark:bg-[#1C1B19] rounded-3xl border border-slate-100 dark:border-[#3E3A35] p-8 space-y-6\">
            <div className=\"flex items-center justify-between\">
              <div className=\"flex items-center gap-4\">
                <div className=\"w-12 h-12 bg-rose-50 dark:bg-[#5D1C34]/30 rounded-2xl flex items-center justify-center\">
                  <Calendar className=\"w-6 h-6 text-rose-500 dark:text-[#A67D44]\" />
                </div>
                <div>
                  <h3 className=\"text-lg font-black text-slate-900 dark:text-[#EFE9E1] uppercase\">
                    Phß║ít Kß╗╖ Luß║¡t
                  </h3>
                  <p className=\"text-xs text-slate-500 dark:text-[#CDBCAB] font-medium\">
                    ─Éi trß╗à, Vß║»ng mß║╖t ΓåÆ Trß╗½ l╞░╞íng
                  </p>
                </div>
              </div>
              <label className=\"relative inline-flex items-center cursor-pointer\">
                <input
                  type=\"checkbox\"
                  checked={attendanceEnabled}
                  onChange={(e) => setAttendanceEnabled(e.target.checked)}
                  className=\"sr-only peer\"
                />
                <div className=\"w-14 h-7 bg-slate-300 border border-slate-400/20 dark:bg-[#3E3A35] peer-focus:outline-none rounded-full peer peer-checked:after:translate-x-full peer-checked:after:border-white after:content-[''] after:absolute after:top-[2px] after:left-[2px] after:bg-white after:border-slate-300 dark:after:border-[#2E2B27] after:border after:rounded-full after:h-6 after:w-6 after:transition-all peer-checked:bg-rose-500 dark:peer-checked:bg-[#5D1C34]\"></div>
              </label>
            </div>

            <div className=\"grid grid-cols-1 md:grid-cols-3 gap-6\">
              <div>
                <label className=\"text-xs font-black text-slate-600 dark:text-[#CDBCAB] uppercase tracking-wider mb-3 block\">
                  Phß║ít ─æi trß╗à (VN─É)
                </label>
                <input
                  type=\"number\"
                  value={latePenalty}
                  onChange={(e) => setLatePenalty(parseIntegerInput(e.target.value, { min: 0 }))}
                  disabled={!attendanceEnabled}
                  className=\"w-full h-14 rounded-2xl border-2 border-slate-100 dark:border-[#3E3A35] bg-slate-50 dark:bg-[#11100F] px-5 text-base font-bold text-slate-900 dark:text-[#EFE9E1] focus:outline-none focus:border-rose-500 dark:focus:border-[#5D1C34] transition-colors disabled:opacity-50 disabled:cursor-not-allowed\"
                />
              </div>
              <div>
                <label className=\"text-xs font-black text-slate-600 dark:text-[#CDBCAB] uppercase tracking-wider mb-3 block\">
                  Phß║ít vß║»ng (VN─É)
                </label>
                <input
                  type=\"number\"
                  value={absentPenalty}
                  onChange={(e) => setAbsentPenalty(parseIntegerInput(e.target.value, { min: 0 }))}
                  disabled={!attendanceEnabled}
                  className=\"w-full h-14 rounded-2xl border-2 border-slate-100 dark:border-[#3E3A35] bg-slate-50 dark:bg-[#11100F] px-5 text-base font-bold text-slate-900 dark:text-[#EFE9E1] focus:outline-none focus:border-rose-500 dark:focus:border-[#5D1C34] transition-colors disabled:opacity-50 disabled:cursor-not-allowed\"
                />
              </div>
              <div>
                <label className=\"text-xs font-black text-slate-600 dark:text-[#CDBCAB] uppercase tracking-wider mb-3 block\">
                  Dung sai (ph├║t)
                </label>
                <input
                  type=\"number\"
                  value={lateGracePeriod}
                  onChange={(e) => setLateGracePeriod(parseIntegerInput(e.target.value, { min: 0, max: 60 }))}
                  disabled={!attendanceEnabled}
                  className=\"w-full h-14 rounded-2xl border-2 border-slate-100 dark:border-[#3E3A35] bg-slate-50 dark:bg-[#11100F] px-5 text-base font-bold text-slate-900 dark:text-[#EFE9E1] focus:outline-none focus:border-rose-500 dark:focus:border-[#5D1C34] transition-colors disabled:opacity-50 disabled:cursor-not-allowed\"
                />
              </div>
            </div>

            {!attendanceEnabled && (
              <div className=\"bg-rose-50 dark:bg-[#5D1C34]/20 border border-rose-100 dark:border-[#5D1C34] rounded-xl px-4 py-3 text-xs text-rose-600 dark:text-[#EFE9E1] font-medium\">
                ΓÜá∩╕Å Phß║ít kß╗╖ luß║¡t hiß╗çn ─æang <strong>tß║»t</strong>. Hß╗ç thß╗æng sß║╜ kh├┤ng tß╗▒ ─æß╗Öng trß╗½ l╞░╞íng khi KTV ─æi trß╗à hoß║╖c vß║»ng mß║╖t.
              </div>
            )}
          </section>

          {/* Rating Bonus Section */}
          <section className=\"bg-white dark:bg-[#1C1B19] rounded-3xl border border-slate-100 dark:border-[#3E3A35] p-8 space-y-6\">
            <div className=\"flex items-center justify-between\">
              <div className=\"flex items-center gap-4\">
                <div className=\"w-12 h-12 bg-amber-50 dark:bg-[#A67D44]/20 rounded-2xl flex items-center justify-center\">
                  <Star className=\"w-6 h-6 text-amber-500 dark:text-[#A67D44]\" />
                </div>
                <div>
                  <h3 className=\"text-lg font-black text-slate-900 dark:text-[#EFE9E1] uppercase\">
                    Th╞░ß╗ƒng Chß║Ñt L╞░ß╗úng
                  </h3>
                  <p className=\"text-xs text-slate-500 dark:text-[#CDBCAB] font-medium\">
                    ─É├ính gi├í kh├ích h├áng cao ΓåÆ Nhß║¡n th╞░ß╗ƒng
                  </p>
                </div>
              </div>
              <label className=\"relative inline-flex items-center cursor-pointer\">
                <input
                  type=\"checkbox\"
                  checked={ratingEnabled}
                  onChange={(e) => setRatingEnabled(e.target.checked)}
                  className=\"sr-only peer\"
                />
                <div className=\"w-14 h-7 bg-slate-300 border border-slate-400/20 dark:bg-[#3E3A35] peer-focus:outline-none rounded-full peer peer-checked:after:translate-x-full peer-checked:after:border-white after:content-[''] after:absolute after:top-[2px] after:left-[2px] after:bg-white after:border-slate-300 dark:after:border-[#2E2B27] after:border after:rounded-full after:h-6 after:w-6 after:transition-all peer-checked:bg-amber-500 dark:peer-checked:bg-[#A67D44]\"></div>
              </label>
            </div>

            {/* Strategy Selector */}
            <div>
              <PremiumSelect
                label=\"Chiß║┐n l╞░ß╗úc t├¡nh th╞░ß╗ƒng\"
                value={ratingStrategy}
                onChange={(value) => setRatingStrategy(value as any)}
                disabled={!ratingEnabled}
                options={[
                  { 
                    value: 'threshold', 
                    label: 'Ng╞░ß╗íng ─æ╞ín (ΓëÑ X sao ΓåÆ nhß║¡n Y th╞░ß╗ƒng)',
                    icon: <Target className=\"w-4 h-4\" />
                  },
                  { 
                    value: 'linear', 
                    label: 'Tuyß║┐n t├¡nh (mß╗ùi 0.1 sao th├¬m ΓåÆ +Z ─æß╗ông)',
                    icon: <TrendingUp className=\"w-4 h-4\" />
                  },
                  { 
                    value: 'tier', 
                    label: 'Bß║¡c thang (4.0-4.4 / 4.5-4.9 / 5.0)',
                    icon: <BarChart3 className=\"w-4 h-4\" />
                  }
                ]}
                placeholder=\"Chß╗ìn chiß║┐n l╞░ß╗úc...\"
              />
            </div>

            {/* Conditional forms based on strategy */}
            {ratingStrategy === 'threshold' && (
              <div className=\"grid grid-cols-1 md:grid-cols-2 gap-6\">
                <div>
                  <label className=\"text-xs font-black text-slate-600 dark:text-[#CDBCAB] uppercase tracking-wider mb-3 block\">
                    ─É├ính gi├í tß╗æi thiß╗âu (Γ¡É)
                  </label>
                  <input
                    type=\"number\"
                    step=\"0.1\"
                    value={minRating}
                    onChange={(e) => setMinRating(parseFloatInput(e.target.value, { min: 0, max: 5 }))}
                    disabled={!ratingEnabled}
                    className=\"w-full h-14 rounded-2xl border-2 border-slate-100 dark:border-[#3E3A35] bg-slate-50 dark:bg-[#11100F] px-5 text-base font-bold text-slate-900 dark:text-[#EFE9E1] focus:outline-none focus:border-amber-500 dark:focus:border-[#A67D44] transition-colors disabled:opacity-50 disabled:cursor-not-allowed\"
                  />
                </div>
                <div>
                  <label className=\"text-xs font-black text-slate-600 dark:text-[#CDBCAB] uppercase tracking-wider mb-3 block\">
                    Th╞░ß╗ƒng (VN─É)
                  </label>
                  <input
                    type=\"number\"
                    value={ratingBonus}
                    onChange={(e) => setRatingBonus(parseIntegerInput(e.target.value, { min: 0 }))}
                    disabled={!ratingEnabled}
                    className=\"w-full h-14 rounded-2xl border-2 border-slate-100 dark:border-[#3E3A35] bg-slate-50 dark:bg-[#11100F] px-5 text-base font-bold text-slate-900 dark:text-[#EFE9E1] focus:outline-none focus:border-amber-500 dark:focus:border-[#A67D44] transition-colors disabled:opacity-50 disabled:cursor-not-allowed\"
                  />
                </div>
              </div>
            )}

            {ratingStrategy === 'linear' && (
              <div>
                <label className=\"text-xs font-black text-slate-600 dark:text-[#CDBCAB] uppercase tracking-wider mb-3 block\">
                  Th╞░ß╗ƒng mß╗ùi 0.1 sao (VN─É)
                </label>
                <input
                  type=\"number\"
                  value={ratingRatePerStar}
                  onChange={(e) => setRatingRatePerStar(parseIntegerInput(e.target.value, { min: 0 }))}
                  disabled={!ratingEnabled}
                  className=\"w-full h-14 rounded-2xl border-2 border-slate-100 dark:border-[#3E3A35] bg-slate-50 dark:bg-[#11100F] px-5 text-base font-bold text-slate-900 dark:text-[#EFE9E1] focus:outline-none focus:border-amber-500 dark:focus:border-[#A67D44] transition-colors disabled:opacity-50 disabled:cursor-not-allowed\"
                  placeholder=\"V├¡ dß╗Ñ: 10000 (10k mß╗ùi 0.1 sao)\"
                />
              </div>
            )}

            {ratingStrategy === 'tier' && (
              <div className=\"space-y-4\">
                <label className=\"text-xs font-black text-slate-600 dark:text-[#CDBCAB] uppercase tracking-wider mb-3 block\">
                  C├íc mß╗⌐c th╞░ß╗ƒng theo ─æ├ính gi├í
                </label>
                {ratingTiers.map((tier, index) => (
                  <div key={index} className=\"grid grid-cols-4 gap-4 items-end\">
                    <div>
                      <label className=\"text-xs text-slate-500 dark:text-[#CDBCAB] mb-2 block\">Tß╗½ (Γ¡É)</label>
                      <input
                        type=\"number\"
                        step=\"0.1\"
                        value={tier.min}
                        onChange={(e) => {
                          const newTiers = [...ratingTiers];
                          newTiers[index].min = parseFloatInput(e.target.value, { min: 0, max: 5 });
                          setRatingTiers(newTiers);
                        }}
                        disabled={!ratingEnabled}
                        className=\"w-full h-12 rounded-xl border-2 border-slate-100 dark:border-[#3E3A35] bg-slate-50 dark:bg-[#11100F] px-4 text-sm font-bold text-slate-900 dark:text-[#EFE9E1] focus:outline-none focus:border-amber-500 dark:focus:border-[#A67D44] transition-colors disabled:opacity-50\"
                      />
                    </div>
                    <div>
                      <label className=\"text-xs text-slate-500 dark:text-[#CDBCAB] mb-2 block\">─Éß║┐n (Γ¡É)</label>
                      <input
                        type=\"number\"
                        step=\"0.1\"
                        value={tier.max}
                        onChange={(e) => {
                          const newTiers = [...ratingTiers];
                          newTiers[index].max = parseFloatInput(e.target.value, { min: 0, max: 5 });
                          setRatingTiers(newTiers);
                        }}
                        disabled={!ratingEnabled}
                        className=\"w-full h-12 rounded-xl border-2 border-slate-100 dark:border-[#3E3A35] bg-slate-50 dark:bg-[#11100F] px-4 text-sm font-bold text-slate-900 dark:text-[#EFE9E1] focus:outline-none focus:border-amber-500 dark:focus:border-[#A67D44] transition-colors disabled:opacity-50\"
                      />
                    </div>
                    <div>
                      <label className=\"text-xs text-slate-500 dark:text-[#CDBCAB] mb-2 block\">Th╞░ß╗ƒng (VN─É)</label>
                      <input
                        type=\"number\"
                        value={tier.bonus}
                        onChange={(e) => {
                          const newTiers = [...ratingTiers];
                          newTiers[index].bonus = parseIntegerInput(e.target.value, { min: 0 });
                          setRatingTiers(newTiers);
                        }}
                        disabled={!ratingEnabled}
                        className=\"w-full h-12 rounded-xl border-2 border-slate-100 dark:border-[#3E3A35] bg-slate-50 dark:bg-[#11100F] px-4 text-sm font-bold text-slate-900 dark:text-[#EFE9E1] focus:outline-none focus:border-amber-500 dark:focus:border-[#A67D44] transition-colors disabled:opacity-50\"
                      />
                    </div>
                    <button
                      onClick={() => {
                        const newTiers = ratingTiers.filter((_, i) => i !== index);
                        setRatingTiers(newTiers);
                      }}
                      disabled={!ratingEnabled || ratingTiers.length <= 1}
                      className=\"h-12 px-4 rounded-xl bg-rose-50 dark:bg-[#5D1C34]/20 text-rose-600 dark:text-[#EFE9E1] font-bold hover:bg-rose-100 dark:hover:bg-[#5D1C34]/40 transition-colors disabled:opacity-30 disabled:cursor-not-allowed\"
                    >
                      X├│a
                    </button>
                  </div>
                ))}
                <button
                  onClick={() => {
                    const lastTier = ratingTiers[ratingTiers.length - 1];
                    const newMin = Math.min(lastTier.max + 0.1, 5);
                    setRatingTiers([...ratingTiers, { min: newMin, max: 5.0, bonus: 0 }]);
                  }}
                  disabled={!ratingEnabled}
                  className=\"w-full h-12 rounded-xl border-2 border-dashed border-slate-300 dark:border-[#3E3A35] text-slate-600 dark:text-[#CDBCAB] font-bold hover:border-amber-500 dark:hover:border-[#A67D44] hover:text-amber-500 dark:hover:text-[#A67D44] transition-colors disabled:opacity-50 disabled:cursor-not-allowed\"
                >
                  + Th├¬m mß╗⌐c ─æ├ính gi├í
                </button>
              </div>
            )}

            {!ratingEnabled && (
              <div className=\"bg-amber-50 dark:bg-[#A67D44]/20 border border-amber-100 dark:border-[#A67D44] rounded-xl px-4 py-3 text-xs text-amber-700 dark:text-[#EFE9E1] font-medium\">
                ΓÜá∩╕Å Th╞░ß╗ƒng chß║Ñt l╞░ß╗úng hiß╗çn ─æang <strong>tß║»t</strong>. KTV sß║╜ kh├┤ng nhß║¡n th╞░ß╗ƒng khi c├│ ─æ├ính gi├í cao.
              </div>
            )}
          </section>

          {/* Commission Section */}
          <section className=\"bg-white dark:bg-[#1C1B19] rounded-3xl border border-slate-100 dark:border-[#3E3A35] p-8 space-y-6\">
            <div className=\"flex items-center justify-between\">
              <div className=\"flex items-center gap-4\">
                <div className=\"w-12 h-12 bg-emerald-50 dark:bg-[#2E5D3E]/30 rounded-2xl flex items-center justify-center\">
                  <Coins className=\"w-6 h-6 text-emerald-600 dark:text-[#A67D44]\" />
                </div>
                <div>
                  <h3 className=\"text-lg font-black text-slate-900 dark:text-[#EFE9E1] uppercase\">
                    Hoa Hß╗ông Ca
                  </h3>
                  <p className=\"text-xs text-slate-500 dark:text-[#CDBCAB] font-medium\">
                    L├ám ca ΓåÆ Nhß║¡n hoa hß╗ông theo chiß║┐n l╞░ß╗úc
                  </p>
                </div>
              </div>
              <label className=\"relative inline-flex items-center cursor-pointer\">
                <input
                  type=\"checkbox\"
                  checked={commissionEnabled}
                  onChange={(e) => setCommissionEnabled(e.target.checked)}
                  className=\"sr-only peer\"
                />
                <div className=\"w-14 h-7 bg-slate-300 border border-slate-400/20 dark:bg-[#3E3A35] peer-focus:outline-none rounded-full peer peer-checked:after:translate-x-full peer-checked:after:border-white after:content-[''] after:absolute after:top-[2px] after:left-[2px] after:bg-white after:border-slate-300 dark:after:border-[#2E2B27] after:border after:rounded-full after:h-6 after:w-6 after:transition-all peer-checked:bg-emerald-600 dark:peer-checked:bg-[#2E5D3E]\"></div>
              </label>
            </div>

            {/* Strategy Selector */}
            <div>
              <PremiumSelect
                label=\"Chiß║┐n l╞░ß╗úc t├¡nh hoa hß╗ông\"
                value={commissionStrategy}
                onChange={(value) => setCommissionStrategy(value as any)}
                disabled={!commissionEnabled}
                options={[
                  { 
                    value: 'fixed', 
                    label: 'Cß╗æ ─æß╗ïnh (mß╗ùi ca cß╗æ ─æß╗ïnh X ─æß╗ông)',
                    icon: <Coins className=\"w-4 h-4\" />
                  },
                  { 
                    value: 'tier', 
                    label: 'Bß║¡c thang (0-10caΓåÆ100k, 11-20caΓåÆ120k)',
                    icon: <BarChart3 className=\"w-4 h-4\" />
                  },
                  { 
                    value: 'percentage', 
                    label: 'Phß║ºn tr─âm doanh thu (% gi├í trß╗ï booking)',
                    icon: <TrendingUp className=\"w-4 h-4\" />
                  },
                  { 
                    value: 'service', 
                    label: 'Theo dß╗ïch vß╗Ñ (massageΓåÆ150k, facialΓåÆ100k)',
                    icon: <Target className=\"w-4 h-4\" />
                  },
                  { 
                    value: 'product_sales', 
                    label: 'Phß║ºn tr─âm b├ín h├áng (% doanh sß╗æ mß╗╣ phß║⌐m)',
                    icon: <Coins className=\"w-4 h-4\" />
                  },
                  { 
                    value: 'total_revenue', 
                    label: 'Tß╗òng doanh thu (% dß╗ïch vß╗Ñ + b├ín h├áng)',
                    icon: <TrendingUp className=\"w-4 h-4\" />
                  }
                ]}
                placeholder=\"Chß╗ìn chiß║┐n l╞░ß╗úc...\"
              />
            </div>

            {/* Conditional forms based on strategy */}
            {commissionStrategy === 'fixed' && (
              <div className=\"grid grid-cols-1 md:grid-cols-2 gap-6\">
                <div>
                  <label className=\"text-xs font-black text-slate-600 dark:text-[#CDBCAB] uppercase tracking-wider mb-3 block\">
                    Hoa hß╗ông mß╗ùi ca (VN─É)
                  </label>
                  <input
                    type=\"number\"
                    value={commissionRate}
                    onChange={(e) => setCommissionRate(parseIntegerInput(e.target.value, { min: 0 }))}
                    disabled={!commissionEnabled}
                    className=\"w-full h-14 rounded-2xl border-2 border-slate-100 dark:border-[#3E3A35] bg-slate-50 dark:bg-[#11100F] px-5 text-base font-bold text-slate-900 dark:text-[#EFE9E1] focus:outline-none focus:border-emerald-600 dark:focus:border-[#2E5D3E] transition-colors disabled:opacity-50 disabled:cursor-not-allowed\"
                    placeholder=\"V├¡ dß╗Ñ: 120000\"
                  />
                </div>
                <div>
                  <label className=\"text-xs font-black text-slate-600 dark:text-[#CDBCAB] uppercase tracking-wider mb-3 block\">
                    Sß╗æ ca tß╗æi thiß╗âu (kh├┤ng bß║»t buß╗Öc)
                  </label>
                  <input
                    type=\"number\"
                    value={commissionMinSessions}
                    onChange={(e) => setCommissionMinSessions(parseIntegerInput(e.target.value, { min: 0, max: 100 }))}
                    disabled={!commissionEnabled}
                    className=\"w-full h-14 rounded-2xl border-2 border-slate-100 dark:border-[#3E3A35] bg-slate-50 dark:bg-[#11100F] px-5 text-base font-bold text-slate-900 dark:text-[#EFE9E1] focus:outline-none focus:border-emerald-600 dark:focus:border-[#2E5D3E] transition-colors disabled:opacity-50 disabled:cursor-not-allowed\"
                    placeholder=\"V├¡ dß╗Ñ: 0 (kh├┤ng giß╗¢i hß║ín)\"
                  />
                </div>
              </div>
            )}

            {commissionStrategy === 'tier' && (
              <div className=\"space-y-4\">
                <label className=\"text-xs font-black text-slate-600 dark:text-[#CDBCAB] uppercase tracking-wider mb-3 block\">
                  C├íc mß╗⌐c hoa hß╗ông theo sß╗æ ca
                </label>
                {commissionTiers.map((tier, index) => (
                  <div key={index} className=\"grid grid-cols-4 gap-4 items-end\">
                    <div>
                      <label className=\"text-xs text-slate-500 dark:text-[#CDBCAB] mb-2 block\">Tß╗½ ca</label>
                      <input
                        type=\"number\"
                        value={tier.min}
                        onChange={(e) => {
                          const newTiers = [...commissionTiers];
                          newTiers[index].min = parseIntegerInput(e.target.value, { min: 0, max: 999 });
                          setCommissionTiers(newTiers);
                        }}
                        disabled={!commissionEnabled}
                        className=\"w-full h-12 rounded-xl border-2 border-slate-100 dark:border-[#3E3A35] bg-slate-50 dark:bg-[#11100F] px-4 text-sm font-bold text-slate-900 dark:text-[#EFE9E1] focus:outline-none focus:border-emerald-600 dark:focus:border-[#2E5D3E] transition-colors disabled:opacity-50\"
                      />
                    </div>
                    <div>
                      <label className=\"text-xs text-slate-500 dark:text-[#CDBCAB] mb-2 block\">─Éß║┐n ca</label>
                      <input
                        type=\"number\"
                        value={tier.max}
                        onChange={(e) => {
                          const newTiers = [...commissionTiers];
                          newTiers[index].max = parseIntegerInput(e.target.value, { min: 0, max: 999 });
                          setCommissionTiers(newTiers);
                        }}
                        disabled={!commissionEnabled}
                        className=\"w-full h-12 rounded-xl border-2 border-slate-100 dark:border-[#3E3A35] bg-slate-50 dark:bg-[#11100F] px-4 text-sm font-bold text-slate-900 dark:text-[#EFE9E1] focus:outline-none focus:border-emerald-600 dark:focus:border-[#2E5D3E] transition-colors disabled:opacity-50\"
                      />
                    </div>
                    <div>
                      <label className=\"text-xs text-slate-500 dark:text-[#CDBCAB] mb-2 block\">Hoa hß╗ông (VN─É)</label>
                      <input
                        type=\"number\"
                        value={tier.rate}
                        onChange={(e) => {
                          const newTiers = [...commissionTiers];
                          newTiers[index].rate = parseIntegerInput(e.target.value, { min: 0 });
                          setCommissionTiers(newTiers);
                        }}
                        disabled={!commissionEnabled}
                        className=\"w-full h-12 rounded-xl border-2 border-slate-100 dark:border-[#3E3A35] bg-slate-50 dark:bg-[#11100F] px-4 text-sm font-bold text-slate-900 dark:text-[#EFE9E1] focus:outline-none focus:border-emerald-600 dark:focus:border-[#2E5D3E] transition-colors disabled:opacity-50\"
                      />
                    </div>
                    <button
                      onClick={() => {
                        const newTiers = commissionTiers.filter((_, i) => i !== index);
                        setCommissionTiers(newTiers);
                      }}
                      disabled={!commissionEnabled || commissionTiers.length <= 1}
                      className=\"h-12 px-4 rounded-xl bg-rose-50 dark:bg-[#5D1C34]/20 text-rose-600 dark:text-[#EFE9E1] font-bold hover:bg-rose-100 dark:hover:bg-[#5D1C34]/40 transition-colors disabled:opacity-30 disabled:cursor-not-allowed\"
                    >
                      X├│a
                    </button>
                  </div>
                ))}
                <button
                  onClick={() => {
                    const lastTier = commissionTiers[commissionTiers.length - 1];
                    const newMin = lastTier.max + 1;
                    setCommissionTiers([...commissionTiers, { min: newMin, max: newMin + 9, rate: 0 }]);
                  }}
                  disabled={!commissionEnabled}
                  className=\"w-full h-12 rounded-xl border-2 border-dashed border-slate-300 dark:border-[#3E3A35] text-slate-600 dark:text-[#CDBCAB] font-bold hover:border-emerald-600 dark:hover:border-[#2E5D3E] hover:text-emerald-600 dark:hover:text-[#A67D44] transition-colors disabled:opacity-50 disabled:cursor-not-allowed\"
                >
                  + Th├¬m mß╗⌐c hoa hß╗ông
                </button>
              </div>
            )}

            {commissionStrategy === 'percentage' && (
              <div className=\"grid grid-cols-1 md:grid-cols-2 gap-6\">
                <div>
                  <label className=\"text-xs font-black text-slate-600 dark:text-[#CDBCAB] uppercase tracking-wider mb-3 block\">
                    Phß║ºn tr─âm doanh thu (%)
                  </label>
                  <input
                    type=\"number\"
                    step=\"0.1\"
                    value={commissionPercentage}
                    onChange={(e) => setCommissionPercentage(parseFloatInput(e.target.value, { min: 0, max: 100, decimals: 1 }))}
                    disabled={!commissionEnabled}
                    className=\"w-full h-14 rounded-2xl border-2 border-slate-100 dark:border-[#3E3A35] bg-slate-50 dark:bg-[#11100F] px-5 text-base font-bold text-slate-900 dark:text-[#EFE9E1] focus:outline-none focus:border-emerald-600 dark:focus:border-[#2E5D3E] transition-colors disabled:opacity-50 disabled:cursor-not-allowed\"
                    placeholder=\"V├¡ dß╗Ñ: 15 (15% doanh thu)\"
                  />
                </div>
                <div>
                  <label className=\"text-xs font-black text-slate-600 dark:text-[#CDBCAB] uppercase tracking-wider mb-3 block\">
                    Doanh thu tß╗æi thiß╗âu (VN─É, kh├┤ng bß║»t buß╗Öc)
                  </label>
                  <input
                    type=\"number\"
                    value={commissionMinRevenue}
                    onChange={(e) => setCommissionMinRevenue(parseIntegerInput(e.target.value, { min: 0 }))}
                    disabled={!commissionEnabled}
                    className=\"w-full h-14 rounded-2xl border-2 border-slate-100 dark:border-[#3E3A35] bg-slate-50 dark:bg-[#11100F] px-5 text-base font-bold text-slate-900 dark:text-[#EFE9E1] focus:outline-none focus:border-emerald-600 dark:focus:border-[#2E5D3E] transition-colors disabled:opacity-50 disabled:cursor-not-allowed\"
                    placeholder=\"V├¡ dß╗Ñ: 0 (kh├┤ng giß╗¢i hß║ín)\"
                  />
                </div>
              </div>
            )}

            {commissionStrategy === 'service' && (
              <div className=\"space-y-4\">
                <label className=\"text-xs font-black text-slate-600 dark:text-[#CDBCAB] uppercase tracking-wider mb-3 block\">
                  Hoa hß╗ông theo loß║íi dß╗ïch vß╗Ñ
                </label>
                {Object.entries(commissionServiceRates).map(([serviceKey, rate]) => (
                  <div key={serviceKey} className=\"grid grid-cols-3 gap-4 items-end\">
                    <div className=\"col-span-1\">
                      <label className=\"text-xs text-slate-500 dark:text-[#CDBCAB] mb-2 block\">Loß║íi dß╗ïch vß╗Ñ</label>
                      <input
                        type=\"text\"
                        value={serviceKey}
                        onChange={(e) => {
                          const newRates = { ...commissionServiceRates };
                          delete newRates[serviceKey];
                          newRates[e.target.value] = rate;
                          setCommissionServiceRates(newRates);
                        }}
                        disabled={!commissionEnabled}
                        className=\"w-full h-12 rounded-xl border-2 border-slate-100 dark:border-[#3E3A35] bg-slate-50 dark:bg-[#11100F] px-4 text-sm font-bold text-slate-900 dark:text-[#EFE9E1] focus:outline-none focus:border-emerald-600 dark:focus:border-[#2E5D3E] transition-colors disabled:opacity-50\"
                        placeholder=\"massage, facial...\"
                      />
                    </div>
                    <div className=\"col-span-1\">
                      <label className=\"text-xs text-slate-500 dark:text-[#CDBCAB] mb-2 block\">Hoa hß╗ông (VN─É)</label>
                      <input
                        type=\"number\"
                        value={rate}
                        onChange={(e) => {
                          const newRates = { ...commissionServiceRates };
                          newRates[serviceKey] = parseIntegerInput(e.target.value, { min: 0 });
                          setCommissionServiceRates(newRates);
                        }}
                        disabled={!commissionEnabled}
                        className=\"w-full h-12 rounded-xl border-2 border-slate-100 dark:border-[#3E3A35] bg-slate-50 dark:bg-[#11100F] px-4 text-sm font-bold text-slate-900 dark:text-[#EFE9E1] focus:outline-none focus:border-emerald-600 dark:focus:border-[#2E5D3E] transition-colors disabled:opacity-50\"
                      />
                    </div>
                    <button
                      onClick={() => {
                        const newRates = { ...commissionServiceRates };
                        delete newRates[serviceKey];
                        setCommissionServiceRates(newRates);
                      }}
                      disabled={!commissionEnabled || Object.keys(commissionServiceRates).length <= 1}
                      className=\"h-12 px-4 rounded-xl bg-rose-50 dark:bg-[#5D1C34]/20 text-rose-600 dark:text-[#EFE9E1] font-bold hover:bg-rose-100 dark:hover:bg-[#5D1C34]/40 transition-colors disabled:opacity-30 disabled:cursor-not-allowed\"
                    >
                      X├│a
                    </button>
                  </div>
                ))}
                <button
                  onClick={() => {
                    const newKey = `service_${Object.keys(commissionServiceRates).length + 1}`;
                    setCommissionServiceRates({ ...commissionServiceRates, [newKey]: 100000 });
                  }}
                  disabled={!commissionEnabled}
                  className=\"w-full h-12 rounded-xl border-2 border-dashed border-slate-300 dark:border-[#3E3A35] text-slate-600 dark:text-[#CDBCAB] font-bold hover:border-emerald-600 dark:hover:border-[#2E5D3E] hover:text-emerald-600 dark:hover:text-[#A67D44] transition-colors disabled:opacity-50 disabled:cursor-not-allowed\"
                >
                  + Th├¬m dß╗ïch vß╗Ñ
                </button>
              </div>
            )}

            {commissionStrategy === 'product_sales' && (
              <div className=\"grid grid-cols-1 md:grid-cols-2 gap-6\">
                <div>
                  <label className=\"text-xs font-black text-slate-600 dark:text-[#CDBCAB] uppercase tracking-wider mb-3 block\">
                    Phß║ºn tr─âm doanh sß╗æ b├ín mß╗╣ phß║⌐m (%)
                  </label>
                  <input
                    type=\"number\"
                    step=\"0.1\"
                    value={productSalesPercentage}
                    onChange={(e) => setProductSalesPercentage(parseFloatInput(e.target.value, { min: 0, max: 100, decimals: 1 }))}
                    disabled={!commissionEnabled}
                    className=\"w-full h-14 rounded-2xl border-2 border-slate-100 dark:border-[#3E3A35] bg-slate-50 dark:bg-[#11100F] px-5 text-base font-bold text-slate-900 dark:text-[#EFE9E1] focus:outline-none focus:border-emerald-600 dark:focus:border-[#2E5D3E] transition-colors disabled:opacity-50 disabled:cursor-not-allowed\"
                    placeholder=\"V├¡ dß╗Ñ: 10 (10% doanh sß╗æ b├ín h├áng)\"
                  />
                </div>
                <div>
                  <label className=\"text-xs font-black text-slate-600 dark:text-[#CDBCAB] uppercase tracking-wider mb-3 block\">
                    Doanh sß╗æ tß╗æi thiß╗âu (VN─É, kh├┤ng bß║»t buß╗Öc)
                  </label>
                  <input
                    type=\"number\"
                    value={productSalesMinSales}
                    onChange={(e) => setProductSalesMinSales(parseIntegerInput(e.target.value, { min: 0 }))}
                    disabled={!commissionEnabled}
                    className=\"w-full h-14 rounded-2xl border-2 border-slate-100 dark:border-[#3E3A35] bg-slate-50 dark:bg-[#11100F] px-5 text-base font-bold text-slate-900 dark:text-[#EFE9E1] focus:outline-none focus:border-emerald-600 dark:focus:border-[#2E5D3E] transition-colors disabled:opacity-50 disabled:cursor-not-allowed\"
                    placeholder=\"V├¡ dß╗Ñ: 0 (kh├┤ng giß╗¢i hß║ín)\"
                  />
                </div>
              </div>
            )}

            {commissionStrategy === 'total_revenue' && (
              <div className=\"space-y-6\">
                <div className=\"grid grid-cols-1 md:grid-cols-2 gap-6\">
                  <div>
                    <label className=\"text-xs font-black text-slate-600 dark:text-[#CDBCAB] uppercase tracking-wider mb-3 block\">
                      Phß║ºn tr─âm tß╗òng doanh thu (%)
                    </label>
                    <input
                      type=\"number\"
                      step=\"0.1\"
                      value={totalRevenuePercentage}
                      onChange={(e) => setTotalRevenuePercentage(parseFloatInput(e.target.value, { min: 0, max: 100, decimals: 1 }))}
                      disabled={!commissionEnabled}
                      className=\"w-full h-14 rounded-2xl border-2 border-slate-100 dark:border-[#3E3A35] bg-slate-50 dark:bg-[#11100F] px-5 text-base font-bold text-slate-900 dark:text-[#EFE9E1] focus:outline-none focus:border-emerald-600 dark:focus:border-[#2E5D3E] transition-colors disabled:opacity-50 disabled:cursor-not-allowed\"
                      placeholder=\"V├¡ dß╗Ñ: 12 (12% tß╗òng doanh thu)\"
                    />
                  </div>
                  <div>
                    <label className=\"text-xs font-black text-slate-600 dark:text-[#CDBCAB] uppercase tracking-wider mb-3 block\">
                      Doanh thu tß╗æi thiß╗âu (VN─É, kh├┤ng bß║»t buß╗Öc)
                    </label>
                    <input
                      type=\"number\"
                      value={totalRevenueMinRevenue}
                      onChange={(e) => setTotalRevenueMinRevenue(parseIntegerInput(e.target.value, { min: 0 }))}
                      disabled={!commissionEnabled}
                      className=\"w-full h-14 rounded-2xl border-2 border-slate-100 dark:border-[#3E3A35] bg-slate-50 dark:bg-[#11100F] px-5 text-base font-bold text-slate-900 dark:text-[#EFE9E1] focus:outline-none focus:border-emerald-600 dark:focus:border-[#2E5D3E] transition-colors disabled:opacity-50 disabled:cursor-not-allowed\"
                      placeholder=\"V├¡ dß╗Ñ: 0 (kh├┤ng giß╗¢i hß║ín)\"
                    />
                  </div>
                </div>

                {/* Weight configuration (optional advanced feature) */}
                <div className=\"bg-blue-50 dark:bg-[#11100F] border-2 border-blue-100 dark:border-[#3E3A35] rounded-2xl p-5\">
                  <div className=\"flex items-start gap-3 mb-4\">
                    <div className=\"w-8 h-8 bg-blue-500 dark:bg-blue-600 rounded-xl flex items-center justify-center flex-shrink-0\">
                      <span className=\"text-white text-sm font-black\">≡ƒÆí</span>
                    </div>
                    <div>
                      <h4 className=\"text-sm font-black text-blue-800 dark:text-[#EFE9E1] mb-1\">T├╣y chß╗ënh trß╗ìng sß╗æ (n├óng cao)</h4>
                      <p className=\"text-xs text-blue-600 dark:text-[#CDBCAB] leading-relaxed\">
                        ─Éiß╗üu chß╗ënh trß╗ìng sß╗æ ─æß╗â ╞░u ti├¬n doanh thu dß╗ïch vß╗Ñ hoß║╖c b├ín h├áng. Mß║╖c ─æß╗ïnh: cß║ú hai ─æß╗ông ─æß╗üu (1.0).
                      </p>
                    </div>
                  </div>

                  <div className=\"grid grid-cols-1 md:grid-cols-2 gap-4\">
                    <div>
                      <label className=\"text-xs font-bold text-blue-700 dark:text-[#CDBCAB] mb-2 block\">
                        Trß╗ìng sß╗æ dß╗ïch vß╗Ñ
                      </label>
                      <input
                        type=\"number\"
                        step=\"0.1\"
                        value={serviceWeight}
                        onChange={(e) => setServiceWeight(parseFloatInput(e.target.value, { min: 0, max: 10, decimals: 1 }))}
                        disabled={!commissionEnabled}
                        className=\"w-full h-12 rounded-xl border-2 border-blue-200 dark:border-[#3E3A35] bg-white dark:bg-[#11100F] px-4 text-sm font-bold text-slate-900 dark:text-[#EFE9E1] focus:outline-none focus:border-blue-500 dark:focus:border-blue-600 transition-colors disabled:opacity-50\"
                        placeholder=\"1.0\"
                      />
                    </div>
                    <div>
                      <label className=\"text-xs font-bold text-blue-700 dark:text-[#CDBCAB] mb-2 block\">
                        Trß╗ìng sß╗æ b├ín h├áng
                      </label>
                      <input
                        type=\"number\"
                        step=\"0.1\"
                        value={productWeight}
                        onChange={(e) => setProductWeight(parseFloatInput(e.target.value, { min: 0, max: 10, decimals: 1 }))}
                        disabled={!commissionEnabled}
                        className=\"w-full h-12 rounded-xl border-2 border-blue-200 dark:border-[#3E3A35] bg-white dark:bg-[#11100F] px-4 text-sm font-bold text-slate-900 dark:text-[#EFE9E1] focus:outline-none focus:border-blue-500 dark:focus:border-blue-600 transition-colors disabled:opacity-50\"
                        placeholder=\"1.0\"
                      />
                    </div>
                  </div>
                </div>
              </div>
            )}

            {!commissionEnabled && (
              <div className=\"bg-emerald-50 dark:bg-[#2E5D3E]/20 border border-emerald-100 dark:border-[#2E5D3E] rounded-xl px-4 py-3 text-xs text-emerald-700 dark:text-[#EFE9E1] font-medium\">
                ΓÜá∩╕Å Hoa hß╗ông ca hiß╗çn ─æang <strong>tß║»t</strong>. KTV sß║╜ kh├┤ng nhß║¡n hoa hß╗ông khi l├ám ca.
              </div>
            )}
          </section>

          {/* Save Button (shown at bottom for convenience) */}
          <div className=\"flex justify-end\">
            <button
              onClick={handleSave}
              disabled={isSaving || !tenantId}
              className=\"flex items-center gap-3 bg-primary hover:bg-primary-hover text-white px-8 py-4 rounded-2xl font-black transition-all shadow-xl shadow-pink-200/50 dark:shadow-none active:scale-95 uppercase tracking-wider disabled:opacity-50 disabled:grayscale\"
            >
              {isSaving ? (
                <Loader2 className=\"w-5 h-5 animate-spin\" />
              ) : (
                <Save className=\"w-5 h-5\" />
              )}
              <span>{isSaving ? '─Éang l╞░u...' : 'L╞░u cß║Ñu h├¼nh'}</span>
            </button>
          </div>

          {/* Info Footer */}
          <div className=\"bg-blue-50 dark:bg-[#11100F] border border-blue-100 dark:border-[#3E3A35] rounded-2xl px-6 py-4\">
            <p className=\"text-xs text-blue-700 dark:text-[#CDBCAB] font-medium leading-relaxed\">
              ≡ƒÆí <strong>L╞░u ├╜:</strong> C├íc thay ─æß╗òi sß║╜ ├íp dß╗Ñng cho kß╗│ l╞░╞íng hiß╗çn tß║íi v├á c├íc kß╗│ tiß║┐p theo. 
              Bß║úng l╞░╞íng ─æ├ú chß╗æt (finalized) sß║╜ kh├┤ng bß╗ï ß║únh h╞░ß╗ƒng.
            </p>
          </div>
        </div>
      );
    }

    'use client';

    import type { FormEvent } from 'react';
    import type { TenantModuleKey } from '@/lib/business-rules/tenant-modules';
    import { parsePercentInput } from '@/lib/utils';
    import type { NewVoucherCampaign } from '../types';

    interface CrmVoucherModalProps {
      newVoucher: NewVoucherCampaign;
      onChange: (voucher: NewVoucherCampaign) => void;
      onClose: () => void;
      onSubmit: (event: FormEvent) => void;
      tenantModuleKey?: TenantModuleKey | null;
    }

    const BABYCARE_TARGET_OPTIONS = [
      'B├⌐ tr├▓n 1 tuß╗òi',
      'Mß║╣ bß║ºu sß║»p sinh',
      'Trß║╗ s╞í sinh',
      'Kh├ích h├áng c┼⌐ k├¡ch hoß║ít lß║íi',
    ];

    const BEAUTY_TARGET_OPTIONS = [
      'Kh├ích ch─âm s├│c da ─æß╗ïnh kß╗│',
      'Kh├ích liß╗çu tr├¼nh body',
      'Kh├ích c├┤ng nghß╗ç cao',
      'Kh├ích h├áng c┼⌐ k├¡ch hoß║ít lß║íi',
    ];

    const NEUTRAL_TARGET_OPTIONS = [
      'Kh├ích cß║ºn ch─âm s├│c lß║íi',
      'Kh├ích h├áng th├ón thiß║┐t',
      'Kh├ích quan t├óm dß╗ïch vß╗Ñ mß╗¢i',
      'Kh├ích h├áng c┼⌐ k├¡ch hoß║ít lß║íi',
    ];

    export function CrmVoucherModal({ newVoucher, onChange, onClose, onSubmit, tenantModuleKey }: CrmVoucherModalProps) {
      const voucherTargetOptions = tenantModuleKey === 'babycare'
        ? BABYCARE_TARGET_OPTIONS
        : tenantModuleKey === 'beauty_spa'
          ? BEAUTY_TARGET_OPTIONS
          : NEUTRAL_TARGET_OPTIONS;
      const codePlaceholder = tenantModuleKey === 'babycare' ? 'V├¡ dß╗Ñ: WELCOME_BABY_15' : 'V├¡ dß╗Ñ: SKINCARE_15';

      return (
        <div className=\"fixed inset-0 bg-slate-900/60 backdrop-blur-sm flex items-center justify-center z-50 animate-in fade-in duration-300\">
          <div className=\"bg-white p-8 rounded-[2.5rem] w-full max-w-md shadow-2xl border border-slate-100 animate-in zoom-in-95 duration-300\">
            <h3 className=\"text-xl font-black text-slate-800 uppercase tracking-tight mb-2\">Tß║ío chiß║┐n dß╗ïch voucher mß╗¢i</h3>
            <p className=\"text-xs text-slate-400 font-medium mb-6\">Tß║ío m├ú qu├á tß║╖ng k├¡ch th├¡ch mua h├áng cho kh├ích h├áng th├ón thiß║┐t</p>

            <form onSubmit={onSubmit} className=\"space-y-4\">
              <div className=\"space-y-1\">
                <label className=\"text-[11px] font-black text-slate-400 uppercase tracking-widest\">M├ú voucher</label>
                <input
                  type=\"text\"
                  placeholder={codePlaceholder}
                  required
                  value={newVoucher.code}
                  onChange={(event) => onChange({ ...newVoucher, code: event.target.value.toUpperCase() })}
                  className=\"w-full px-4 py-3 bg-slate-50 rounded-xl border border-slate-100 focus:outline-none focus:border-rose-100 text-sm font-semibold\"
                />
              </div>

              <div className=\"space-y-1\">
                <label className=\"text-[11px] font-black text-slate-400 uppercase tracking-widest\">Phß║ºn tr─âm giß║úm gi├í</label>
                <input
                  type=\"number\"
                  min={1}
                  max={100}
                  required
                  value={newVoucher.discount}
                  onChange={(event) => onChange({ ...newVoucher, discount: parsePercentInput(event.target.value, { min: 1, max: 100, fallback: 10 }) })}
                  className=\"w-full px-4 py-3 bg-slate-50 rounded-xl border border-slate-100 focus:outline-none focus:border-rose-100 text-sm font-semibold\"
                />
              </div>

              <div className=\"space-y-1\">
                <label className=\"text-[11px] font-black text-slate-400 uppercase tracking-widest\">Tß╗çp kh├ích h├áng mß╗Ñc ti├¬u</label>
                <select
                  value={newVoucher.target}
                  onChange={(event) => onChange({ ...newVoucher, target: event.target.value })}
                  className=\"w-full px-4 py-3 bg-slate-50 rounded-xl border border-slate-100 focus:outline-none focus:border-rose-100 text-sm font-semibold\"
                >
                  {voucherTargetOptions.map((option) => (
                    <option key={option} value={option}>{option}</option>
                  ))}
                </select>
              </div>

              <div className=\"pt-4 flex items-center gap-3\">
                <button type=\"button\" onClick={onClose} className=\"flex-1 py-3 bg-slate-100 hover:bg-slate-200 text-slate-600 font-black text-xs uppercase tracking-widest rounded-xl transition-all\">
                  Hß╗ºy bß╗Å
                </button>
                <button type=\"submit\" className=\"flex-1 py-3 bg-primary hover:bg-primary/95 text-white font-black text-xs uppercase tracking-widest rounded-xl transition-all\">
                  Tß║ío chiß║┐n dß╗ïch
                </button>
              </div>
            </form>
          </div>
        </div>
      );
    }

    'use client';

    import type { FormEvent } from 'react';
    import { useCallback, useEffect, useState } from 'react';
    import {
      buildVoucherPromotionPayload,
      normalizePromotionDiscountPercent,
    } from '@/lib/business-rules/promotion';
    import type { TenantModuleKey } from '@/lib/business-rules/tenant-modules';
    import { createPromotion, getPromotions } from '@/services/promotions-actions';
    import type { Database } from '@/types/database.types';
    import type { NewVoucherCampaign, VoucherCampaign } from '../types';

    const BABYCARE_DEFAULT_VOUCHER_TARGET = 'B├⌐ tr├▓n 1 tuß╗òi';
    const BEAUTY_DEFAULT_VOUCHER_TARGET = 'Kh├ích ch─âm s├│c da ─æß╗ïnh kß╗│';
    const NEUTRAL_DEFAULT_VOUCHER_TARGET = 'Kh├ích cß║ºn ch─âm s├│c lß║íi';

    const MODULE_DEFAULT_TARGETS = new Set([
      BABYCARE_DEFAULT_VOUCHER_TARGET,
      BEAUTY_DEFAULT_VOUCHER_TARGET,
      NEUTRAL_DEFAULT_VOUCHER_TARGET,
    ]);

    function getDefaultVoucherTarget(moduleKey: TenantModuleKey | null | undefined) {
      if (moduleKey === 'babycare') return BABYCARE_DEFAULT_VOUCHER_TARGET;
      if (moduleKey === 'beauty_spa') return BEAUTY_DEFAULT_VOUCHER_TARGET;
      return NEUTRAL_DEFAULT_VOUCHER_TARGET;
    }

    function createDefaultNewVoucher(moduleKey: TenantModuleKey | null | undefined): NewVoucherCampaign {
      return {
        code: '',
        discount: 10,
        target: getDefaultVoucherTarget(moduleKey),
        status: 'active',
      };
    }

    type PromotionRow = Database['public']['Tables']['promotions']['Row'];

    function getErrorMessage(error: unknown) {
      return error instanceof Error ? error.message : 'Lß╗ùi kh├┤ng x├íc ─æß╗ïnh';
    }

    function promotionToVoucher(promotion: PromotionRow): VoucherCampaign {
      return {
        id: promotion.id,
        code: promotion.discount_code || promotion.title,
        discount: normalizePromotionDiscountPercent(promotion.discount_percent) ?? 0,
        target: promotion.description,
        status: promotion.is_active ? 'active' : 'paused',
        usage: 0,
      };
    }

    export function useCrmVoucherCampaigns(tenantModuleKey?: TenantModuleKey | null) {
      const [vouchers, setVouchers] = useState<VoucherCampaign[]>([]);
      const [isLoadingVouchers, setIsLoadingVouchers] = useState(true);
      const [voucherError, setVoucherError] = useState<string | null>(null);
      const [isVoucherModalOpen, setIsVoucherModalOpen] = useState(false);
      const [newVoucher, setNewVoucher] = useState<NewVoucherCampaign>(() => createDefaultNewVoucher(tenantModuleKey));

      const loadVouchers = useCallback(async () => {
        setIsLoadingVouchers(true);
        setVoucherError(null);
        try {
          const promotions = await getPromotions();
          setVouchers((promotions as PromotionRow[]).map(promotionToVoucher));
        } catch (error) {
          console.error('[useCrmVoucherCampaigns] Failed to load promotions:', error);
          setVoucherError(`Kh├┤ng thß╗â tß║úi danh s├ích voucher: ${getErrorMessage(error)}`);
        } finally {
          setIsLoadingVouchers(false);
        }
      }, []);

      useEffect(() => {
        const timeoutId = window.setTimeout(() => {
          void loadVouchers();
        }, 0);

        return () => window.clearTimeout(timeoutId);
      }, [loadVouchers]);

      useEffect(() => {
        setNewVoucher((current) => {
          if (current.code.trim() || !MODULE_DEFAULT_TARGETS.has(current.target)) {
            return current;
          }

          return { ...current, target: getDefaultVoucherTarget(tenantModuleKey) };
        });
      }, [tenantModuleKey]);

      const openVoucherModal = useCallback(() => {
        setIsVoucherModalOpen(true);
      }, []);

      const closeVoucherModal = useCallback(() => {
        setIsVoucherModalOpen(false);
      }, []);

      const handleCreateVoucher = useCallback(async (event: FormEvent) => {
        event.preventDefault();
        if (!newVoucher.code.trim()) return;

        const promotionPayload = buildVoucherPromotionPayload(newVoucher);
        if (!promotionPayload.success) {
          setVoucherError(`Kh├┤ng thß╗â tß║ío voucher: ${promotionPayload.error}`);
          return;
        }

        const result = await createPromotion(promotionPayload.payload);
        if (!result.success) {
          setVoucherError(`Kh├┤ng thß╗â tß║ío voucher: ${result.error || 'Lß╗ùi kh├┤ng x├íc ─æß╗ïnh'}`);
          return;
        }

        setIsVoucherModalOpen(false);
        setNewVoucher(createDefaultNewVoucher(tenantModuleKey));
        await loadVouchers();
      }, [loadVouchers, newVoucher, tenantModuleKey]);

      return {
        vouchers,
        isLoadingVouchers,
        voucherError,
        isVoucherModalOpen,
        newVoucher,
        setNewVoucher,
        openVoucherModal,
        closeVoucherModal,
        loadVouchers,
        handleCreateVoucher,
      };
    }

    'use client';

    import { Calendar, Percent, Plus, RefreshCw, Tag } from 'lucide-react';
    import type { FormEvent } from 'react';
    import { normalizePromotionDiscountPercent } from '@/lib/business-rules/promotion';
    import type { PromotionFormState } from './types';

    interface PromotionFormProps {
      form: PromotionFormState;
      isSubmitting: boolean;
      onChange: (patch: Partial<PromotionFormState>) => void;
      onSubmit: (event: FormEvent) => void;
    }

    export function PromotionForm({
      form,
      isSubmitting,
      onChange,
      onSubmit,
    }: PromotionFormProps) {
      return (
        <div className=\"xl:col-span-1 glass-white border border-pink-50 p-6 rounded-[2rem] space-y-6 self-start\">
          <h3 className=\"text-lg font-black text-slate-800 flex items-center gap-2\">
            <Plus className=\"w-5 h-5 text-primary\" />
            Th├¬m ╞░u ─æ├úi mß╗¢i
          </h3>

          <form onSubmit={onSubmit} className=\"space-y-4\">
            <div className=\"space-y-1.5\">
              <label className=\"text-[10px] font-black text-slate-400 uppercase tracking-widest block\">
                Ti├¬u ─æß╗ü ch╞░╞íng tr├¼nh
              </label>
              <input
                type=\"text\"
                required
                value={form.title}
                onChange={(event) => onChange({ title: event.target.value })}
                placeholder=\"VD: Mß╗½ng ng├áy cß╗ºa mß║╣\"
                className=\"w-full px-5 py-3 bg-white/50 border border-pink-100 rounded-xl focus:ring-4 focus:ring-primary/10 focus:border-primary outline-none transition-all font-bold text-sm\"
              />
            </div>

            <div className=\"space-y-1.5\">
              <label className=\"text-[10px] font-black text-slate-400 uppercase tracking-widest block\">
                M├┤ tß║ú chi tiß║┐t
              </label>
              <textarea
                required
                value={form.description}
                onChange={(event) => onChange({ description: event.target.value })}
                placeholder=\"M├┤ tß║ú quyß╗ün lß╗úi v├á ─æiß╗üu kiß╗çn ├íp dß╗Ñng...\"
                rows={3}
                className=\"w-full px-5 py-3 bg-white/50 border border-pink-100 rounded-xl focus:ring-4 focus:ring-primary/10 focus:border-primary outline-none transition-all font-bold text-sm resize-none\"
              />
            </div>

            <div className=\"grid grid-cols-2 gap-4\">
              <div className=\"space-y-1.5\">
                <label className=\"text-[10px] font-black text-slate-400 uppercase tracking-widest flex items-center gap-1\">
                  <Tag className=\"w-3 h-3 text-slate-400\" />
                  M├ú ╞░u ─æ├úi
                </label>
                <input
                  type=\"text\"
                  value={form.discountCode}
                  onChange={(event) =>
                    onChange({ discountCode: event.target.value.toUpperCase().replace(/\\s+/g, '') })
                  }
                  placeholder=\"MOTHER50\"
                  className=\"w-full px-5 py-3 bg-white/50 border border-pink-100 rounded-xl focus:ring-4 focus:ring-primary/10 focus:border-primary outline-none transition-all font-black text-sm font-mono text-rose-500\"
                />
              </div>

              <div className=\"space-y-1.5\">
                <label className=\"text-[10px] font-black text-slate-400 uppercase tracking-widest flex items-center gap-1\">
                  <Percent className=\"w-3 h-3 text-slate-400\" />
                  % giß║úm gi├í
                </label>
                <input
                  type=\"number\"
                  min=\"0\"
                  max=\"100\"
                  value={form.discountPercent}
                  onChange={(event) => onChange({
                    discountPercent: event.target.value === ''
                      ? ''
                      : String(normalizePromotionDiscountPercent(event.target.value) ?? 0),
                  })}
                  placeholder=\"10\"
                  className=\"w-full px-5 py-3 bg-white/50 border border-pink-100 rounded-xl focus:ring-4 focus:ring-primary/10 focus:border-primary outline-none transition-all font-bold text-sm\"
                />
              </div>
            </div>

            <div className=\"grid grid-cols-1 gap-4\">
              <DateField
                label=\"Ng├áy bß║»t ─æß║ºu\"
                value={form.startDate}
                onChange={(value) => onChange({ startDate: value })}
              />
              <DateField
                label=\"Ng├áy kß║┐t th├║c\"
                value={form.endDate}
                onChange={(value) => onChange({ endDate: value })}
              />
            </div>

            <button
              type=\"submit\"
              disabled={isSubmitting}
              className=\"w-full bg-primary hover:bg-primary-hover text-white py-3.5 rounded-xl font-black text-xs uppercase tracking-widest transition-all active:scale-95 shadow-md disabled:opacity-50 disabled:grayscale flex items-center justify-center gap-2 mt-4\"
            >
              {isSubmitting ? <RefreshCw className=\"w-4 h-4 animate-spin\" /> : <Plus className=\"w-4 h-4\" />}
              <span>{isSubmitting ? '─Éang th├¬m...' : 'Tß║ío khuyß║┐n m├úi'}</span>
            </button>
          </form>
        </div>
      );
    }

    function DateField({
      label,
      value,
      onChange,
    }: {
      label: string;
      value: string;
      onChange: (value: string) => void;
    }) {
      return (
        <div className=\"space-y-1.5\">
          <label className=\"text-[10px] font-black text-slate-400 uppercase tracking-widest flex items-center gap-1\">
            <Calendar className=\"w-3 h-3 text-slate-400\" />
            {label}
          </label>
          <input
            type=\"date\"
            value={value}
            onChange={(event) => onChange(event.target.value)}
            className=\"w-full px-4 py-3 bg-white/50 border border-pink-100 rounded-xl focus:ring-4 focus:ring-primary/10 focus:border-primary outline-none transition-all font-bold text-sm\"
          />
        </div>
      );
    }

    'use client';

    import type { FormEvent } from 'react';
    import { useCallback, useEffect, useState } from 'react';
    import { toast } from 'sonner';
    import { buildPromotionPayload } from '@/lib/business-rules/promotion';
    import {
      createPromotion,
      deletePromotion,
      getPromotions,
      togglePromotionActive,
    } from '@/services/promotions-actions';
    import {
      EMPTY_PROMOTION_FORM,
      type Promotion,
      type PromotionFormState,
    } from './types';

    function getErrorMessage(error: unknown) {
      return error instanceof Error ? error.message : String(error);
    }

    export function usePromotionsSettings() {
      const [promotions, setPromotions] = useState<Promotion[]>([]);
      const [form, setForm] = useState<PromotionFormState>(EMPTY_PROMOTION_FORM);
      const [isLoading, setIsLoading] = useState(true);
      const [isSubmitting, setIsSubmitting] = useState(false);
      const [actionId, setActionId] = useState<string | null>(null);

      const loadPromotions = useCallback(async () => {
        setIsLoading(true);
        try {
          const data = await getPromotions();
          setPromotions(data as Promotion[]);
        } catch (error) {
          toast.error(`Kh├┤ng thß╗â tß║úi danh s├ích khuyß║┐n m├úi: ${getErrorMessage(error)}`);
        } finally {
          setIsLoading(false);
        }
      }, []);

      useEffect(() => {
        const timeoutId = window.setTimeout(() => {
          void loadPromotions();
        }, 0);

        return () => window.clearTimeout(timeoutId);
      }, [loadPromotions]);

      const updateForm = useCallback((patch: Partial<PromotionFormState>) => {
        setForm((currentForm) => ({ ...currentForm, ...patch }));
      }, []);

      const handleSubmit = useCallback(async (event: FormEvent) => {
        event.preventDefault();

        if (!form.title.trim() || !form.description.trim()) {
          toast.error('Vui l├▓ng nhß║¡p ─æß║ºy ─æß╗º ti├¬u ─æß╗ü v├á m├┤ tß║ú.');
          return;
        }

        setIsSubmitting(true);
        try {
          const promotionPayload = buildPromotionPayload({
            title: form.title.trim(),
            description: form.description.trim(),
            discount_code: form.discountCode.trim() || null,
            discount_percent: form.discountPercent,
            start_date: form.startDate || null,
            end_date: form.endDate || null,
            is_active: true,
          });

          if (!promotionPayload.success) {
            toast.error(promotionPayload.error);
            return;
          }

          const result = await createPromotion(promotionPayload.payload);

          if (!result.success) {
            toast.error(`Lß╗ùi khi th├¬m khuyß║┐n m├úi: ${result.error}`);
            return;
          }

          toast.success('─É├ú th├¬m ch╞░╞íng tr├¼nh khuyß║┐n m├úi th├ánh c├┤ng.');
          setForm(EMPTY_PROMOTION_FORM);
          await loadPromotions();
        } catch (error) {
          toast.error(`Lß╗ùi kh├┤ng mong muß╗æn: ${getErrorMessage(error)}`);
        } finally {
          setIsSubmitting(false);
        }
      }, [form, loadPromotions]);

      const handleToggleActive = useCallback(async (promotion: Promotion) => {
        const nextStatus = !promotion.is_active;
        setActionId(promotion.id);
        try {
          const result = await togglePromotionActive(promotion.id, nextStatus);
          if (!result.success) {
            toast.error(`Kh├┤ng thß╗â cß║¡p nhß║¡t trß║íng th├íi: ${result.error}`);
            return;
          }

          setPromotions((currentPromotions) =>
            currentPromotions.map((item) =>
              item.id === promotion.id ? { ...item, is_active: nextStatus } : item
            )
          );
          toast.success(nextStatus ? '─É├ú k├¡ch hoß║ít ch╞░╞íng tr├¼nh.' : '─É├ú tß║ím ng╞░ng ch╞░╞íng tr├¼nh.');
        } catch (error) {
          toast.error(`Lß╗ùi: ${getErrorMessage(error)}`);
        } finally {
          setActionId(null);
        }
      }, []);

      const handleDelete = useCallback(async (promotion: Promotion) => {
        if (!confirm('Bß║ín c├│ chß║»c chß║»n muß╗æn x├│a ch╞░╞íng tr├¼nh khuyß║┐n m├úi n├áy kh├┤ng?')) return;

        setActionId(promotion.id);
        try {
          const result = await deletePromotion(promotion.id);
          if (!result.success) {
            toast.error(`Lß╗ùi khi x├│a khuyß║┐n m├úi: ${result.error}`);
            return;
          }

          setPromotions((currentPromotions) =>
            currentPromotions.filter((item) => item.id !== promotion.id)
          );
          toast.success('─É├ú x├│a ch╞░╞íng tr├¼nh khuyß║┐n m├úi th├ánh c├┤ng.');
        } catch (error) {
          toast.error(`Lß╗ùi: ${getErrorMessage(error)}`);
        } finally {
          setActionId(null);
        }
      }, []);

      return {
        promotions,
        form,
        isLoading,
        isSubmitting,
        actionId,
        updateForm,
        handleSubmit,
        handleToggleActive,
        handleDelete,
      };
    }
    "

      173 |     expect(auditedNumericInputSources).toContain('parsePercentInput');
      174 |     expect(auditedNumericInputSources).toContain('parseIntegerInput');
    > 175 |     expect(auditedNumericInputSources).not.toMatch(/parseInt\(/);
          |                                            ^
      176 |     expect(auditedNumericInputSources).not.toMatch(/Number\([^\n]*\)\s*\|\|\s*0/);
      177 |   });
      178 |

      at Object.toMatch (src/__tests__/payment-business-rule-audit.test.ts:175:44)

FAIL src/__tests__/user-actions.test.ts
  ΓùÅ Console

    console.log
      Γùç injected env (9) from .env.local // tip: Γîÿ suppress logs { quiet: true }

      at _log (node_modules/dotenv/lib/main.js:131:11)

    console.log
      [Jest Setup] SUPABASE_SERVICE_ROLE_KEY loaded: sb_secret_Dm... (41 chars)

      at Object.log (jest.setup.ts:10:9)

    console.log
      [getCurrentUser] auth.getUser took 0ms

      at log (src/services/user-actions.ts:84:11)

    console.log
      [getCurrentUser] Redis cache check took 16ms

      at log (src/services/user-actions.ts:91:13)

    console.log
      [getCurrentUser] Cache MISS - fetching from DB

      at log (src/services/user-actions.ts:97:13)

    console.log
      [getCurrentUser] users table query took 0ms

      at log (src/services/user-actions.ts:162:11)

    console.log
      [getCurrentUser] tenant status query took 0ms

      at log (src/services/user-actions.ts:207:15)

    console.log
      [getCurrentUser] TOTAL TIME: 40ms

      at log (src/services/user-actions.ts:220:11)

    console.log
      [getCurrentUser] auth.getUser took 0ms

      at log (src/services/user-actions.ts:84:11)

    console.log
      [getCurrentUser] Redis cache check took 0ms

      at log (src/services/user-actions.ts:91:13)

    console.log
      [getCurrentUser] CACHE HIT - returning cached user in 0ms

      at log (src/services/user-actions.ts:94:15)

    console.warn
      [createUser] env check { hasAdminKey: true, hasUrl: true }

      460 |   const serviceRoleKey = getSupabaseAdminKey();
      461 |   const supabaseUrl = getSupabaseAdminUrl();
    > 462 |   console.warn('[createUser] env check', {
          |           ^
      463 |     hasAdminKey: !!serviceRoleKey,
      464 |     hasUrl: !!supabaseUrl,
      465 |   });

      at warn (src/services/user-actions.ts:462:11)
      at Object.<anonymous> (src/__tests__/user-actions.test.ts:281:20)

    console.warn
      [createUser] auth.admin.createUser result {
        hasUser: true,
        authUserId: 'created-user-1',
        errorMessage: null,
        errorStatus: null
      }

      488 |   });
      489 |
    > 490 |   console.warn('[createUser] auth.admin.createUser result', {
          |           ^
      491 |     hasUser: !!adminData?.user?.id,
      492 |     authUserId: adminData?.user?.id ?? null,
      493 |     errorMessage: adminError?.message ?? null,

      at warn (src/services/user-actions.ts:490:11)
      at Object.<anonymous> (src/__tests__/user-actions.test.ts:281:20)

    console.log
      [getCurrentUser] auth.getUser took 0ms

      at log (src/services/user-actions.ts:84:11)

    console.log
      [getCurrentUser] Redis cache check took 0ms

      at log (src/services/user-actions.ts:91:13)

    console.log
      [getCurrentUser] CACHE HIT - returning cached user in 0ms

      at log (src/services/user-actions.ts:94:15)

    console.warn
      [createUser] env check { hasAdminKey: true, hasUrl: true }

      460 |   const serviceRoleKey = getSupabaseAdminKey();
      461 |   const supabaseUrl = getSupabaseAdminUrl();
    > 462 |   console.warn('[createUser] env check', {
          |           ^
      463 |     hasAdminKey: !!serviceRoleKey,
      464 |     hasUrl: !!supabaseUrl,
      465 |   });

      at warn (src/services/user-actions.ts:462:11)
      at Object.<anonymous> (src/__tests__/user-actions.test.ts:319:20)

    console.warn
      [createUser] auth.admin.createUser result {
        hasUser: true,
        authUserId: 'created-user-1',
        errorMessage: null,
        errorStatus: null
      }

      488 |   });
      489 |
    > 490 |   console.warn('[createUser] auth.admin.createUser result', {
          |           ^
      491 |     hasUser: !!adminData?.user?.id,
      492 |     authUserId: adminData?.user?.id ?? null,
      493 |     errorMessage: adminError?.message ?? null,

      at warn (src/services/user-actions.ts:490:11)
      at Object.<anonymous> (src/__tests__/user-actions.test.ts:319:20)

    console.error
      [createUser] Profile insert failed: { message: 'profile insert failed' }

      530 |     // Rollback the auth user so we don't leave an orphan account hanging.
      531 |     const authRollbackError = await rollbackCreatedAuthUser(supabaseAdmin, authUserId);
    > 532 |     console.error('[createUser] Profile insert failed:', error);
          |             ^
      533 |     const rollbackNote = formatRollbackNotes([
      534 |       ['auth rollback', authRollbackError],
      535 |     ]);

      at error (src/services/user-actions.ts:532:13)
      at Object.<anonymous> (src/__tests__/user-actions.test.ts:319:20)

    console.log
      [getCurrentUser] auth.getUser took 0ms

      at log (src/services/user-actions.ts:84:11)

    console.log
      [getCurrentUser] Redis cache check took 0ms

      at log (src/services/user-actions.ts:91:13)

    console.log
      [getCurrentUser] CACHE HIT - returning cached user in 1ms

      at log (src/services/user-actions.ts:94:15)

    console.warn
      [createUser] env check { hasAdminKey: true, hasUrl: true }

      460 |   const serviceRoleKey = getSupabaseAdminKey();
      461 |   const supabaseUrl = getSupabaseAdminUrl();
    > 462 |   console.warn('[createUser] env check', {
          |           ^
      463 |     hasAdminKey: !!serviceRoleKey,
      464 |     hasUrl: !!supabaseUrl,
      465 |   });

      at warn (src/services/user-actions.ts:462:11)
      at Object.<anonymous> (src/__tests__/user-actions.test.ts:334:20)

    console.warn
      [createUser] auth.admin.createUser result {
        hasUser: true,
        authUserId: 'created-user-1',
        errorMessage: null,
        errorStatus: null
      }

      488 |   });
      489 |
    > 490 |   console.warn('[createUser] auth.admin.createUser result', {
          |           ^
      491 |     hasUser: !!adminData?.user?.id,
      492 |     authUserId: adminData?.user?.id ?? null,
      493 |     errorMessage: adminError?.message ?? null,

      at warn (src/services/user-actions.ts:490:11)
      at Object.<anonymous> (src/__tests__/user-actions.test.ts:334:20)

    console.error
      [createUser] Profile insert failed: { message: 'profile insert failed' }

      530 |     // Rollback the auth user so we don't leave an orphan account hanging.
      531 |     const authRollbackError = await rollbackCreatedAuthUser(supabaseAdmin, authUserId);
    > 532 |     console.error('[createUser] Profile insert failed:', error);
          |             ^
      533 |     const rollbackNote = formatRollbackNotes([
      534 |       ['auth rollback', authRollbackError],
      535 |     ]);

      at error (src/services/user-actions.ts:532:13)
      at Object.<anonymous> (src/__tests__/user-actions.test.ts:334:20)

    console.log
      [getCurrentUser] auth.getUser took 0ms

      at log (src/services/user-actions.ts:84:11)

    console.log
      [getCurrentUser] Redis cache check took 0ms

      at log (src/services/user-actions.ts:91:13)

    console.log
      [getCurrentUser] CACHE HIT - returning cached user in 0ms

      at log (src/services/user-actions.ts:94:15)

    console.warn
      [createUser] env check { hasAdminKey: true, hasUrl: true }

      460 |   const serviceRoleKey = getSupabaseAdminKey();
      461 |   const supabaseUrl = getSupabaseAdminUrl();
    > 462 |   console.warn('[createUser] env check', {
          |           ^
      463 |     hasAdminKey: !!serviceRoleKey,
      464 |     hasUrl: !!supabaseUrl,
      465 |   });

      at warn (src/services/user-actions.ts:462:11)
      at Object.<anonymous> (src/__tests__/user-actions.test.ts:359:20)

    console.warn
      [createUser] auth.admin.createUser result {
        hasUser: true,
        authUserId: 'created-user-1',
        errorMessage: null,
        errorStatus: null
      }

      488 |   });
      489 |
    > 490 |   console.warn('[createUser] auth.admin.createUser result', {
          |           ^
      491 |     hasUser: !!adminData?.user?.id,
      492 |     authUserId: adminData?.user?.id ?? null,
      493 |     errorMessage: adminError?.message ?? null,

      at warn (src/services/user-actions.ts:490:11)
      at Object.<anonymous> (src/__tests__/user-actions.test.ts:359:20)

    console.log
      [getCurrentUser] auth.getUser took 0ms

      at log (src/services/user-actions.ts:84:11)

    console.log
      [getCurrentUser] Redis cache check took 0ms

      at log (src/services/user-actions.ts:91:13)

    console.log
      [getCurrentUser] CACHE HIT - returning cached user in 1ms

      at log (src/services/user-actions.ts:94:15)

    console.warn
      [createUser] env check { hasAdminKey: true, hasUrl: true }

      460 |   const serviceRoleKey = getSupabaseAdminKey();
      461 |   const supabaseUrl = getSupabaseAdminUrl();
    > 462 |   console.warn('[createUser] env check', {
          |           ^
      463 |     hasAdminKey: !!serviceRoleKey,
      464 |     hasUrl: !!supabaseUrl,
      465 |   });

      at warn (src/services/user-actions.ts:462:11)
      at Object.<anonymous> (src/__tests__/user-actions.test.ts:400:20)

    console.warn
      [createUser] auth.admin.createUser result {
        hasUser: true,
        authUserId: 'created-user-1',
        errorMessage: null,
        errorStatus: null
      }

      488 |   });
      489 |
    > 490 |   console.warn('[createUser] auth.admin.createUser result', {
          |           ^
      491 |     hasUser: !!adminData?.user?.id,
      492 |     authUserId: adminData?.user?.id ?? null,
      493 |     errorMessage: adminError?.message ?? null,

      at warn (src/services/user-actions.ts:490:11)
      at Object.<anonymous> (src/__tests__/user-actions.test.ts:400:20)

    console.log
      [getCurrentUser] auth.getUser took 0ms

      at log (src/services/user-actions.ts:84:11)

    console.log
      [getCurrentUser] Redis cache check took 0ms

      at log (src/services/user-actions.ts:91:13)

    console.log
      [getCurrentUser] CACHE HIT - returning cached user in 0ms

      at log (src/services/user-actions.ts:94:15)

    console.log
      [getCurrentUser] auth.getUser took 0ms

      at log (src/services/user-actions.ts:84:11)

    console.log
      [getCurrentUser] Redis cache check took 0ms

      at log (src/services/user-actions.ts:91:13)

    console.log
      [getCurrentUser] CACHE HIT - returning cached user in 0ms

      at log (src/services/user-actions.ts:94:15)

    console.log
      [getCurrentUser] auth.getUser took 0ms

      at log (src/services/user-actions.ts:84:11)

    console.log
      [getCurrentUser] Redis cache check took 1ms

      at log (src/services/user-actions.ts:91:13)

    console.log
      [getCurrentUser] CACHE HIT - returning cached user in 1ms

      at log (src/services/user-actions.ts:94:15)

    console.log
      [getCurrentUser] auth.getUser took 0ms

      at log (src/services/user-actions.ts:84:11)

    console.log
      [getCurrentUser] Redis cache check took 0ms

      at log (src/services/user-actions.ts:91:13)

    console.log
      [getCurrentUser] CACHE HIT - returning cached user in 0ms

      at log (src/services/user-actions.ts:94:15)

    console.log
      [getCurrentUser] auth.getUser took 0ms

      at log (src/services/user-actions.ts:84:11)

    console.log
      [getCurrentUser] Redis cache check took 0ms

      at log (src/services/user-actions.ts:91:13)

    console.log
      [getCurrentUser] CACHE HIT - returning cached user in 0ms

      at log (src/services/user-actions.ts:94:15)

    console.log
      [getCurrentUser] auth.getUser took 0ms

      at log (src/services/user-actions.ts:84:11)

    console.log
      [getCurrentUser] Redis cache check took 1ms

      at log (src/services/user-actions.ts:91:13)

    console.log
      [getCurrentUser] CACHE HIT - returning cached user in 1ms

      at log (src/services/user-actions.ts:94:15)

    console.log
      [getCurrentUser] auth.getUser took 0ms

      at log (src/services/user-actions.ts:84:11)

    console.log
      [getCurrentUser] Redis cache check took 0ms

      at log (src/services/user-actions.ts:91:13)

    console.log
      [getCurrentUser] CACHE HIT - returning cached user in 1ms

      at log (src/services/user-actions.ts:94:15)

    console.log
      [getCurrentUser] auth.getUser took 0ms

      at log (src/services/user-actions.ts:84:11)

    console.log
      [getCurrentUser] Redis cache check took 0ms

      at log (src/services/user-actions.ts:91:13)

    console.log
      [getCurrentUser] CACHE HIT - returning cached user in 1ms

      at log (src/services/user-actions.ts:94:15)

    console.log
      [getCurrentUser] auth.getUser took 0ms

      at log (src/services/user-actions.ts:84:11)

    console.log
      [getCurrentUser] Redis cache check took 0ms

      at log (src/services/user-actions.ts:91:13)

    console.log
      [getCurrentUser] CACHE HIT - returning cached user in 0ms

      at log (src/services/user-actions.ts:94:15)

    console.log
      [getCurrentUser] auth.getUser took 0ms

      at log (src/services/user-actions.ts:84:11)

    console.log
      [getCurrentUser] Redis cache check took 0ms

      at log (src/services/user-actions.ts:91:13)

    console.log
      [getCurrentUser] CACHE HIT - returning cached user in 1ms

      at log (src/services/user-actions.ts:94:15)

    console.log
      [getCurrentUser] auth.getUser took 0ms

      at log (src/services/user-actions.ts:84:11)

    console.log
      [getCurrentUser] Redis cache check took 0ms

      at log (src/services/user-actions.ts:91:13)

    console.log
      [getCurrentUser] CACHE HIT - returning cached user in 1ms

      at log (src/services/user-actions.ts:94:15)

    console.log
      [getCurrentUser] auth.getUser took 0ms

      at log (src/services/user-actions.ts:84:11)

    console.log
      [getCurrentUser] Redis cache check took 0ms

      at log (src/services/user-actions.ts:91:13)

    console.log
      [getCurrentUser] CACHE HIT - returning cached user in 1ms

      at log (src/services/user-actions.ts:94:15)

    console.log
      [getCurrentUser] auth.getUser took 0ms

      at log (src/services/user-actions.ts:84:11)

    console.log
      [getCurrentUser] Redis cache check took 0ms

      at log (src/services/user-actions.ts:91:13)

    console.log
      [getCurrentUser] CACHE HIT - returning cached user in 1ms

      at log (src/services/user-actions.ts:94:15)

  ΓùÅ user update audit rollback ΓÇ║ deletes user and records old audit data on success

    Expected tenants.select, got staff_leaves.select

      112 |     }
      113 |     if (next.table !== this.table || next.op !== this.op) {
    > 114 |       throw new Error(`Expected ${next.table}.${next.op}, got ${this.table}.${this.op}`);
          |             ^
      115 |     }
      116 |     return Promise.resolve({ data: next.data ?? null, error: next.error ?? null });
      117 |   }

      at ScriptedQueryBuilder.resolve (src/__tests__/user-actions.test.ts:114:13)
      at ScriptedQueryBuilder.resolve [as then] (src/__tests__/user-actions.test.ts:105:17)
      at deleteUser (src/services/user-actions.ts:755:77)
      at Object.<anonymous> (src/__tests__/user-actions.test.ts:414:20)

  ΓùÅ user update audit rollback ΓÇ║ does not delete user when delete snapshot fails

    Expected tenants.select, got staff_leaves.select

      112 |     }
      113 |     if (next.table !== this.table || next.op !== this.op) {
    > 114 |       throw new Error(`Expected ${next.table}.${next.op}, got ${this.table}.${this.op}`);
          |             ^
      115 |     }
      116 |     return Promise.resolve({ data: next.data ?? null, error: next.error ?? null });
      117 |   }

      at ScriptedQueryBuilder.resolve (src/__tests__/user-actions.test.ts:114:13)
      at ScriptedQueryBuilder.resolve [as then] (src/__tests__/user-actions.test.ts:105:17)
      at deleteUser (src/services/user-actions.ts:755:77)
      at Object.<anonymous> (src/__tests__/user-actions.test.ts:449:20)

  ΓùÅ user update audit rollback ΓÇ║ restores deleted user when delete audit logging fails

    Expected tenants.select, got staff_leaves.select

      112 |     }
      113 |     if (next.table !== this.table || next.op !== this.op) {
    > 114 |       throw new Error(`Expected ${next.table}.${next.op}, got ${this.table}.${this.op}`);
          |             ^
      115 |     }
      116 |     return Promise.resolve({ data: next.data ?? null, error: next.error ?? null });
      117 |   }

      at ScriptedQueryBuilder.resolve (src/__tests__/user-actions.test.ts:114:13)
      at ScriptedQueryBuilder.resolve [as then] (src/__tests__/user-actions.test.ts:105:17)
      at deleteUser (src/services/user-actions.ts:755:77)
      at Object.<anonymous> (src/__tests__/user-actions.test.ts:467:20)

  ΓùÅ user update audit rollback ΓÇ║ reports restore failure when delete audit rollback fails

    Expected tenants.select, got staff_leaves.select

      112 |     }
      113 |     if (next.table !== this.table || next.op !== this.op) {
    > 114 |       throw new Error(`Expected ${next.table}.${next.op}, got ${this.table}.${this.op}`);
          |             ^
      115 |     }
      116 |     return Promise.resolve({ data: next.data ?? null, error: next.error ?? null });
      117 |   }

      at ScriptedQueryBuilder.resolve (src/__tests__/user-actions.test.ts:114:13)
      at ScriptedQueryBuilder.resolve [as then] (src/__tests__/user-actions.test.ts:105:17)
      at deleteUser (src/services/user-actions.ts:755:77)
      at Object.<anonymous> (src/__tests__/user-actions.test.ts:489:20)

  ΓùÅ user update audit rollback ΓÇ║ reports staff leave restore failure when delete audit rollback partially fails

    Expected tenants.select, got staff_leaves.select

      112 |     }
      113 |     if (next.table !== this.table || next.op !== this.op) {
    > 114 |       throw new Error(`Expected ${next.table}.${next.op}, got ${this.table}.${this.op}`);
          |             ^
      115 |     }
      116 |     return Promise.resolve({ data: next.data ?? null, error: next.error ?? null });
      117 |   }

      at ScriptedQueryBuilder.resolve (src/__tests__/user-actions.test.ts:114:13)
      at ScriptedQueryBuilder.resolve [as then] (src/__tests__/user-actions.test.ts:105:17)
      at deleteUser (src/services/user-actions.ts:755:77)
      at Object.<anonymous> (src/__tests__/user-actions.test.ts:511:20)

  ΓùÅ user update audit rollback ΓÇ║ updates KTV base salary, recalculates salary, records audit, and revalidates

    Expected tenants.select, got users.update

      112 |     }
      113 |     if (next.table !== this.table || next.op !== this.op) {
    > 114 |       throw new Error(`Expected ${next.table}.${next.op}, got ${this.table}.${this.op}`);
          |             ^
      115 |     }
      116 |     return Promise.resolve({ data: next.data ?? null, error: next.error ?? null });
      117 |   }

      at ScriptedQueryBuilder.resolve (src/__tests__/user-actions.test.ts:114:13)
      at ScriptedQueryBuilder.resolve [as then] (src/__tests__/user-actions.test.ts:105:17)
      at updateBaseSalary (src/services/user-actions.ts:850:21)
      at Object.<anonymous> (src/__tests__/user-actions.test.ts:536:20)

  ΓùÅ user update audit rollback ΓÇ║ updates non-KTV base salary without salary recalculation

    Expected tenants.select, got users.update

      112 |     }
      113 |     if (next.table !== this.table || next.op !== this.op) {
    > 114 |       throw new Error(`Expected ${next.table}.${next.op}, got ${this.table}.${this.op}`);
          |             ^
      115 |     }
      116 |     return Promise.resolve({ data: next.data ?? null, error: next.error ?? null });
      117 |   }

      at ScriptedQueryBuilder.resolve (src/__tests__/user-actions.test.ts:114:13)
      at ScriptedQueryBuilder.resolve [as then] (src/__tests__/user-actions.test.ts:105:17)
      at updateBaseSalary (src/services/user-actions.ts:850:21)
      at Object.<anonymous> (src/__tests__/user-actions.test.ts:574:20)

  ΓùÅ user update audit rollback ΓÇ║ rolls back KTV base salary when salary recalculation fails

    Expected tenants.select, got users.update

      112 |     }
      113 |     if (next.table !== this.table || next.op !== this.op) {
    > 114 |       throw new Error(`Expected ${next.table}.${next.op}, got ${this.table}.${this.op}`);
          |             ^
      115 |     }
      116 |     return Promise.resolve({ data: next.data ?? null, error: next.error ?? null });
      117 |   }

      at ScriptedQueryBuilder.resolve (src/__tests__/user-actions.test.ts:114:13)
      at ScriptedQueryBuilder.resolve [as then] (src/__tests__/user-actions.test.ts:105:17)
      at updateBaseSalary (src/services/user-actions.ts:850:21)
      at Object.<anonymous> (src/__tests__/user-actions.test.ts:607:20)

  ΓùÅ user update audit rollback ΓÇ║ rolls back KTV base salary and recalculates old salary when audit logging fails

    Expected tenants.select, got users.update

      112 |     }
      113 |     if (next.table !== this.table || next.op !== this.op) {
    > 114 |       throw new Error(`Expected ${next.table}.${next.op}, got ${this.table}.${this.op}`);
          |             ^
      115 |     }
      116 |     return Promise.resolve({ data: next.data ?? null, error: next.error ?? null });
      117 |   }

      at ScriptedQueryBuilder.resolve (src/__tests__/user-actions.test.ts:114:13)
      at ScriptedQueryBuilder.resolve [as then] (src/__tests__/user-actions.test.ts:105:17)
      at updateBaseSalary (src/services/user-actions.ts:850:21)
      at Object.<anonymous> (src/__tests__/user-actions.test.ts:647:20)

  ΓùÅ user update audit rollback ΓÇ║ updates user status and records old/new audit data on success

    Expected tenants.select, got users.update

      112 |     }
      113 |     if (next.table !== this.table || next.op !== this.op) {
    > 114 |       throw new Error(`Expected ${next.table}.${next.op}, got ${this.table}.${this.op}`);
          |             ^
      115 |     }
      116 |     return Promise.resolve({ data: next.data ?? null, error: next.error ?? null });
      117 |   }

      at ScriptedQueryBuilder.resolve (src/__tests__/user-actions.test.ts:114:13)
      at ScriptedQueryBuilder.resolve [as then] (src/__tests__/user-actions.test.ts:105:17)
      at updateUserStatus (src/services/user-actions.ts:586:21)
      at Object.<anonymous> (src/__tests__/user-actions.test.ts:664:20)

  ΓùÅ user update audit rollback ΓÇ║ rolls back user status when audit logging fails

    Expected tenants.select, got users.update

      112 |     }
      113 |     if (next.table !== this.table || next.op !== this.op) {
    > 114 |       throw new Error(`Expected ${next.table}.${next.op}, got ${this.table}.${this.op}`);
          |             ^
      115 |     }
      116 |     return Promise.resolve({ data: next.data ?? null, error: next.error ?? null });
      117 |   }

      at ScriptedQueryBuilder.resolve (src/__tests__/user-actions.test.ts:114:13)
      at ScriptedQueryBuilder.resolve [as then] (src/__tests__/user-actions.test.ts:105:17)
      at updateUserStatus (src/services/user-actions.ts:586:21)
      at Object.<anonymous> (src/__tests__/user-actions.test.ts:692:20)

  ΓùÅ user update audit rollback ΓÇ║ reports rollback failure when user status audit rollback fails

    Expected tenants.select, got users.update

      112 |     }
      113 |     if (next.table !== this.table || next.op !== this.op) {
    > 114 |       throw new Error(`Expected ${next.table}.${next.op}, got ${this.table}.${this.op}`);
          |             ^
      115 |     }
      116 |     return Promise.resolve({ data: next.data ?? null, error: next.error ?? null });
      117 |   }

      at ScriptedQueryBuilder.resolve (src/__tests__/user-actions.test.ts:114:13)
      at ScriptedQueryBuilder.resolve [as then] (src/__tests__/user-actions.test.ts:105:17)
      at updateUserStatus (src/services/user-actions.ts:586:21)
      at Object.<anonymous> (src/__tests__/user-actions.test.ts:714:20)

  ΓùÅ user update audit rollback ΓÇ║ rolls back user profile fields when audit logging fails

    Expected tenants.select, got users.update

      112 |     }
      113 |     if (next.table !== this.table || next.op !== this.op) {
    > 114 |       throw new Error(`Expected ${next.table}.${next.op}, got ${this.table}.${this.op}`);
          |             ^
      115 |     }
      116 |     return Promise.resolve({ data: next.data ?? null, error: next.error ?? null });
      117 |   }

      at ScriptedQueryBuilder.resolve (src/__tests__/user-actions.test.ts:114:13)
      at ScriptedQueryBuilder.resolve [as then] (src/__tests__/user-actions.test.ts:105:17)
      at updateUser (src/services/user-actions.ts:663:21)
      at Object.<anonymous> (src/__tests__/user-actions.test.ts:732:20)

FAIL src/__tests__/e2e-accounting-vat-calculation.test.ts
  ΓùÅ Console

    console.log
      Γùç injected env (9) from .env.local // tip: Γîÿ suppress logs { quiet: true }

      at _log (node_modules/dotenv/lib/main.js:131:11)

    console.log
      [Jest Setup] SUPABASE_SERVICE_ROLE_KEY loaded: sb_secret_Dm... (41 chars)

      at Object.log (jest.setup.ts:10:9)

    console.log
      Γ£à VAT Calculation {
        packagePrice: 5500000,
        vatRate: '10%',
        vatAmount: 500000,
        revenueExcludingVat: 5000000
      }

      at Object.log (src/__tests__/e2e-accounting-vat-calculation.test.ts:35:13)

  ΓùÅ E2E VAT Calculation (Tax Accounting Test) ΓÇ║ should calculate and record VAT from package price

    TypeError: Cannot read properties of null (reading 'amount')

      57 |     }).select('*').single();
      58 |
    > 59 |     expect(revenue!.amount).toBe(packagePrice);
         |                     ^
      60 |     expect(revenue!.vat_amount).toBe(vatAmount);
      61 |
      62 |     console.log('Γ£à Step 1: Revenue recorded with VAT', {

      at Object.amount (src/__tests__/e2e-accounting-vat-calculation.test.ts:59:21)

FAIL src/__tests__/e2e-partner-api-scope-restriction.test.ts
  ΓùÅ Console

    console.log
      Γùç injected env (9) from .env.local // tip: Γîÿ suppress logs { quiet: true }

      at _log (node_modules/dotenv/lib/main.js:131:11)

    console.log
      [Jest Setup] SUPABASE_SERVICE_ROLE_KEY loaded: sb_secret_Dm... (41 chars)

      at Object.log (jest.setup.ts:10:9)

  ΓùÅ E2E Partner API Scope Restriction ΓÇ║ should block write operations for read-only partner

    TypeError: Cannot read properties of null (reading 'api_key')

      33 |       status: 'active',
      34 |     }).select('api_key').single();
    > 35 |     readOnlyApiKey = apiKey!.api_key;
         |                              ^
      36 |   });
      37 |
      38 |   it('should block write operations for read-only partner', async () => {

      at Object.api_key (src/__tests__/e2e-partner-api-scope-restriction.test.ts:35:30)

FAIL src/services/__tests__/discount-decision.service.test.ts
  ΓùÅ Console

    console.log
      Γùç injected env (9) from .env.local // tip: Γùê encrypted .env [www.dotenvx.com]

      at _log (node_modules/dotenv/lib/main.js:131:11)

    console.log
      [Jest Setup] SUPABASE_SERVICE_ROLE_KEY loaded: sb_secret_Dm... (41 chars)

      at Object.log (jest.setup.ts:10:9)

    console.error
      [CalculateTierDiscount] Failed to fetch rules: { message: 'Database connection failed' }

      136 |
      137 |     if (rulesError) {
    > 138 |       console.error('[CalculateTierDiscount] Failed to fetch rules:', rulesError);
          |               ^
      139 |       return {
      140 |         eligible: false,
      141 |         discountPercent: 0,

      at error (src/services/discount-decision.service.ts:138:15)
      at Object.<anonymous> (src/services/__tests__/discount-decision.service.test.ts:202:20)

    console.error
      [TrackDiscountUsage] Insert failed: { message: 'Insert failed' }

      547 |
      548 |     if (error) {
    > 549 |       console.error('[TrackDiscountUsage] Insert failed:', error);
          |               ^
      550 |       return { success: false, error: error.message };
      551 |     }
      552 |

      at error (src/services/discount-decision.service.ts:549:15)
      at Object.<anonymous> (src/services/__tests__/discount-decision.service.test.ts:582:20)

  ΓùÅ applyCampaignPromotion ΓÇ║ should apply referral campaign (50k VND fixed)

    expect(received).toBe(expected) // Object.is equality

    Expected: "Referral Bonus"
    Received: undefined

      297 |
      298 |     expect(result.eligible).toBe(true);
    > 299 |     expect(result.campaignName).toBe('Referral Bonus');
          |                                 ^
      300 |     expect(result.discountAmount).toBe(50000); // Fixed 50k
      301 |     expect(result.discountType).toBe('fixed_amount');
      302 |   });

      at Object.toBe (src/services/__tests__/discount-decision.service.test.ts:299:33)

  ΓùÅ applyCampaignPromotion ΓÇ║ should return not eligible when no active campaigns

    expect(received).toBe(expected) // Object.is equality

    Expected: false
    Received: true

      316 |     });
      317 |
    > 318 |     expect(result.eligible).toBe(false);
          |                             ^
      319 |     expect(result.reason).toContain('No active campaigns available');
      320 |   });
      321 |

      at Object.toBe (src/services/__tests__/discount-decision.service.test.ts:318:29)

  ΓùÅ applyCampaignPromotion ΓÇ║ should reject campaign when below minimum purchase

    expect(received).toBe(expected) // Object.is equality

    Expected: false
    Received: true

      339 |     });
      340 |
    > 341 |     expect(result.eligible).toBe(false);
          |                             ^
      342 |     expect(result.reason).toContain('No eligible campaigns');
      343 |   });
      344 |

      at Object.toBe (src/services/__tests__/discount-decision.service.test.ts:341:29)

  ΓùÅ applyCampaignPromotion ΓÇ║ should reject campaign when customer exceeded usage limit

    expect(received).toBe(expected) // Object.is equality

    Expected: false
    Received: true

      363 |     });
      364 |
    > 365 |     expect(result.eligible).toBe(false);
          |                             ^
      366 |     expect(result.reason).toContain('No eligible campaigns');
      367 |   });
      368 |

      at Object.toBe (src/services/__tests__/discount-decision.service.test.ts:365:29)

  ΓùÅ applyCampaignPromotion ΓÇ║ should select best campaign when multiple eligible

    expect(received).toBe(expected) // Object.is equality

    Expected: 20
    Received: 0

      391 |
      392 |     expect(result.eligible).toBe(true);
    > 393 |     expect(result.discountPercent).toBe(20); // Best campaign selected
          |                                    ^
      394 |   });
      395 |
      396 |   test('should handle database error gracefully', async () => {

      at Object.toBe (src/services/__tests__/discount-decision.service.test.ts:393:36)

  ΓùÅ applyCampaignPromotion ΓÇ║ should handle database error gracefully

    expect(received).toBe(expected) // Object.is equality

    Expected: false
    Received: true

      408 |     });
      409 |
    > 410 |     expect(result.eligible).toBe(false);
          |                             ^
      411 |     expect(result.reason).toContain('Failed to fetch campaigns');
      412 |   });
      413 | });

      at Object.toBe (src/services/__tests__/discount-decision.service.test.ts:410:29)

  ΓùÅ checkDiscountEligibility ΓÇ║ should handle database error gracefully

    expect(received).toBeGreaterThan(expected)

    Expected: > 0
    Received:   0

      500 |
      501 |     expect(result.eligible).toBe(false);
    > 502 |     expect(result.violations.length).toBeGreaterThan(0);
          |                                      ^
      503 |     expect(result.violations[0].rule).toBe('system_error');
      504 |   });
      505 | });

      at Object.toBeGreaterThan (src/services/__tests__/discount-decision.service.test.ts:502:38)

FAIL src/lib/decision-engine/providers/discount/__tests__/discount-provider.test.ts
  ΓùÅ Console

    console.log
      Γùç injected env (9) from .env.local // tip: Γîÿ suppress logs { quiet: true }

      at _log (node_modules/dotenv/lib/main.js:131:11)

    console.log
      [Jest Setup] SUPABASE_SERVICE_ROLE_KEY loaded: sb_secret_Dm... (41 chars)

      at Object.log (jest.setup.ts:10:9)

  ΓùÅ DiscountProvider ΓÇ║ Campaign Discounts ΓÇ║ should apply 12% Bundle discount (3+ services)

    expect(received).toBe(expected) // Object.is equality

    Expected: 12
    Received: 0

      268 |       const result = await provider.evaluate(input);
      269 |
    > 270 |       expect(result.discountPercent).toBe(12);
          |                                      ^
      271 |       expect(result.discountType).toBe('bundle');
      272 |       expect(result.restrictions).toContain('Minimum 3 services required');
      273 |     });

      at Object.toBe (src/lib/decision-engine/providers/discount/__tests__/discount-provider.test.ts:270:38)

FAIL src/__tests__/business-process/composition.test.ts
  ΓùÅ Console

    console.log
      Γùç injected env (9) from .env.local // tip: Γîÿ override existing { override: true }

      at _log (node_modules/dotenv/lib/main.js:131:11)

    console.log
      [Jest Setup] SUPABASE_SERVICE_ROLE_KEY loaded: sb_secret_Dm... (41 chars)

      at Object.log (jest.setup.ts:10:9)

  ΓùÅ Business Process Composition ΓÇ║ Process Metadata ΓÇ║ should include policy composition metadata

    expect(received).toContain(expected) // indexOf

    Expected value: "BaseSalaryProvider:base-salary-eligibility"
    Received array: ["BaseSalaryProvider:base-salary", "CompensationProvider:session-commission"]

      324 |       expect(result.metadata.policiesSucceeded).toBe(2);
      325 |       expect(result.metadata.policiesFailed).toBe(0);
    > 326 |       expect(result.metadata.policyComposition).toContain('BaseSalaryProvider:base-salary-eligibility');
          |                                                 ^
      327 |       expect(result.metadata.policyComposition).toContain('CompensationProvider:compensation-eligibility');
      328 |       expect(result.metadata.executionMode).toBe('parallel');
      329 |     });

      at Object.toContain (src/__tests__/business-process/composition.test.ts:326:49)

FAIL src/__tests__/ktv-salary-confirmation.test.ts
  ΓùÅ Console

    console.log
      Γùç injected env (9) from .env.local // tip: Γîÿ enable debugging { debug: true }

      at _log (node_modules/dotenv/lib/main.js:131:11)

    console.log
      [Jest Setup] SUPABASE_SERVICE_ROLE_KEY loaded: sb_secret_Dm... (41 chars)

      at Object.log (jest.setup.ts:10:9)

  ΓùÅ getKtvSalaryForConfirmation ΓÇ║ overlays published salary records with the central salary sheet amounts

    expect(jest.fn()).toHaveBeenCalledWith(...expected)

    Expected: "calculate_ktv_salary_sheet", {"p_month_year": "2026-06-01"}
    Received
           1
              "set_session_tenant",
              Object {
            -   "p_month_year": "2026-06-01",
            +   "p_tenant_id": "tenant-1",
              },
           2
              "calculate_ktv_salary_sheet",
              Object {
                "p_month_year": "2026-06-01",
            +   "p_tenant_id": "tenant-1",
              },

    Number of calls: 2

      144 |       p_tenant_id: 'tenant-1',
      145 |     });
    > 146 |     expect(salarySheetClient.rpc).toHaveBeenCalledWith('calculate_ktv_salary_sheet', {
          |                                   ^
      147 |       p_month_year: '2026-06-01',
      148 |     });
      149 |     expect(result?.sessions).toHaveLength(1);

      at Object.toHaveBeenCalledWith (src/__tests__/ktv-salary-confirmation.test.ts:146:35)

FAIL src/services/decision-actions/__tests__/booking-decisions.test.ts
  ΓùÅ Console

    console.log
      Γùç injected env (9) from .env.local // tip: Γîÿ multiple files { path: ['.env.local', '.env'] }

      at _log (node_modules/dotenv/lib/main.js:131:11)

    console.log
      [Jest Setup] SUPABASE_SERVICE_ROLE_KEY loaded: sb_secret_Dm... (41 chars)

      at Object.log (jest.setup.ts:10:9)

  ΓùÅ checkBookingConflicts ΓÇ║ should APPROVE when no conflicts exist

    TypeError: mockCreateClient.mockResolvedValue is not a function

      52 |     };
      53 |
    > 54 |     mockCreateClient.mockResolvedValue(mockSupabase as any);
         |                      ^
      55 |   });
      56 |
      57 |   // ΓöÇΓöÇΓöÇΓöÇΓöÇΓöÇΓöÇΓöÇΓöÇΓöÇΓöÇΓöÇΓöÇΓöÇΓöÇΓöÇΓöÇΓöÇΓöÇΓöÇΓöÇΓöÇΓöÇΓöÇΓöÇΓöÇΓöÇΓöÇΓöÇΓöÇΓöÇΓöÇΓöÇΓöÇΓöÇΓöÇΓöÇΓöÇΓöÇΓöÇΓöÇΓöÇΓöÇΓöÇΓöÇΓöÇΓöÇΓöÇΓöÇΓöÇΓöÇΓöÇΓöÇΓöÇΓöÇΓöÇΓöÇΓöÇΓöÇΓöÇΓöÇΓöÇΓöÇΓöÇΓöÇΓöÇΓöÇΓöÇΓöÇΓöÇΓöÇΓöÇΓöÇ

      at Object.mockResolvedValue (src/services/decision-actions/__tests__/booking-decisions.test.ts:54:22)

  ΓùÅ checkBookingConflicts ΓÇ║ should REJECT when KTV has conflicting booking

    TypeError: mockCreateClient.mockResolvedValue is not a function

      52 |     };
      53 |
    > 54 |     mockCreateClient.mockResolvedValue(mockSupabase as any);
         |                      ^
      55 |   });
      56 |
      57 |   // ΓöÇΓöÇΓöÇΓöÇΓöÇΓöÇΓöÇΓöÇΓöÇΓöÇΓöÇΓöÇΓöÇΓöÇΓöÇΓöÇΓöÇΓöÇΓöÇΓöÇΓöÇΓöÇΓöÇΓöÇΓöÇΓöÇΓöÇΓöÇΓöÇΓöÇΓöÇΓöÇΓöÇΓöÇΓöÇΓöÇΓöÇΓöÇΓöÇΓöÇΓöÇΓöÇΓöÇΓöÇΓöÇΓöÇΓöÇΓöÇΓöÇΓöÇΓöÇΓöÇΓöÇΓöÇΓöÇΓöÇΓöÇΓöÇΓöÇΓöÇΓöÇΓöÇΓöÇΓöÇΓöÇΓöÇΓöÇΓöÇΓöÇΓöÇΓöÇΓöÇΓöÇ

      at Object.mockResolvedValue (src/services/decision-actions/__tests__/booking-decisions.test.ts:54:22)

  ΓùÅ checkBookingConflicts ΓÇ║ should REJECT when room has conflicting booking

    TypeError: mockCreateClient.mockResolvedValue is not a function

      52 |     };
      53 |
    > 54 |     mockCreateClient.mockResolvedValue(mockSupabase as any);
         |                      ^
      55 |   });
      56 |
      57 |   // ΓöÇΓöÇΓöÇΓöÇΓöÇΓöÇΓöÇΓöÇΓöÇΓöÇΓöÇΓöÇΓöÇΓöÇΓöÇΓöÇΓöÇΓöÇΓöÇΓöÇΓöÇΓöÇΓöÇΓöÇΓöÇΓöÇΓöÇΓöÇΓöÇΓöÇΓöÇΓöÇΓöÇΓöÇΓöÇΓöÇΓöÇΓöÇΓöÇΓöÇΓöÇΓöÇΓöÇΓöÇΓöÇΓöÇΓöÇΓöÇΓöÇΓöÇΓöÇΓöÇΓöÇΓöÇΓöÇΓöÇΓöÇΓöÇΓöÇΓöÇΓöÇΓöÇΓöÇΓöÇΓöÇΓöÇΓöÇΓöÇΓöÇΓöÇΓöÇΓöÇΓöÇ

      at Object.mockResolvedValue (src/services/decision-actions/__tests__/booking-decisions.test.ts:54:22)

  ΓùÅ checkBookingConflicts ΓÇ║ should APPROVE_WITH_WARNING when KTV has >8 sessions

    TypeError: mockCreateClient.mockResolvedValue is not a function

      52 |     };
      53 |
    > 54 |     mockCreateClient.mockResolvedValue(mockSupabase as any);
         |                      ^
      55 |   });
      56 |
      57 |   // ΓöÇΓöÇΓöÇΓöÇΓöÇΓöÇΓöÇΓöÇΓöÇΓöÇΓöÇΓöÇΓöÇΓöÇΓöÇΓöÇΓöÇΓöÇΓöÇΓöÇΓöÇΓöÇΓöÇΓöÇΓöÇΓöÇΓöÇΓöÇΓöÇΓöÇΓöÇΓöÇΓöÇΓöÇΓöÇΓöÇΓöÇΓöÇΓöÇΓöÇΓöÇΓöÇΓöÇΓöÇΓöÇΓöÇΓöÇΓöÇΓöÇΓöÇΓöÇΓöÇΓöÇΓöÇΓöÇΓöÇΓöÇΓöÇΓöÇΓöÇΓöÇΓöÇΓöÇΓöÇΓöÇΓöÇΓöÇΓöÇΓöÇΓöÇΓöÇΓöÇΓöÇ

      at Object.mockResolvedValue (src/services/decision-actions/__tests__/booking-decisions.test.ts:54:22)

  ΓùÅ checkBookingConflicts ΓÇ║ should REJECT when KTV has ΓëÑ10 sessions

    TypeError: mockCreateClient.mockResolvedValue is not a function

      52 |     };
      53 |
    > 54 |     mockCreateClient.mockResolvedValue(mockSupabase as any);
         |                      ^
      55 |   });
      56 |
      57 |   // ΓöÇΓöÇΓöÇΓöÇΓöÇΓöÇΓöÇΓöÇΓöÇΓöÇΓöÇΓöÇΓöÇΓöÇΓöÇΓöÇΓöÇΓöÇΓöÇΓöÇΓöÇΓöÇΓöÇΓöÇΓöÇΓöÇΓöÇΓöÇΓöÇΓöÇΓöÇΓöÇΓöÇΓöÇΓöÇΓöÇΓöÇΓöÇΓöÇΓöÇΓöÇΓöÇΓöÇΓöÇΓöÇΓöÇΓöÇΓöÇΓöÇΓöÇΓöÇΓöÇΓöÇΓöÇΓöÇΓöÇΓöÇΓöÇΓöÇΓöÇΓöÇΓöÇΓöÇΓöÇΓöÇΓöÇΓöÇΓöÇΓöÇΓöÇΓöÇΓöÇΓöÇ

      at Object.mockResolvedValue (src/services/decision-actions/__tests__/booking-decisions.test.ts:54:22)

  ΓùÅ checkBookingConflicts ΓÇ║ should APPROVE when no KTV is assigned

    TypeError: mockCreateClient.mockResolvedValue is not a function

      52 |     };
      53 |
    > 54 |     mockCreateClient.mockResolvedValue(mockSupabase as any);
         |                      ^
      55 |   });
      56 |
      57 |   // ΓöÇΓöÇΓöÇΓöÇΓöÇΓöÇΓöÇΓöÇΓöÇΓöÇΓöÇΓöÇΓöÇΓöÇΓöÇΓöÇΓöÇΓöÇΓöÇΓöÇΓöÇΓöÇΓöÇΓöÇΓöÇΓöÇΓöÇΓöÇΓöÇΓöÇΓöÇΓöÇΓöÇΓöÇΓöÇΓöÇΓöÇΓöÇΓöÇΓöÇΓöÇΓöÇΓöÇΓöÇΓöÇΓöÇΓöÇΓöÇΓöÇΓöÇΓöÇΓöÇΓöÇΓöÇΓöÇΓöÇΓöÇΓöÇΓöÇΓöÇΓöÇΓöÇΓöÇΓöÇΓöÇΓöÇΓöÇΓöÇΓöÇΓöÇΓöÇΓöÇΓöÇ

      at Object.mockResolvedValue (src/services/decision-actions/__tests__/booking-decisions.test.ts:54:22)

  ΓùÅ checkBookingConflicts ΓÇ║ should APPROVE when no date is assigned

    TypeError: mockCreateClient.mockResolvedValue is not a function

      52 |     };
      53 |
    > 54 |     mockCreateClient.mockResolvedValue(mockSupabase as any);
         |                      ^
      55 |   });
      56 |
      57 |   // ΓöÇΓöÇΓöÇΓöÇΓöÇΓöÇΓöÇΓöÇΓöÇΓöÇΓöÇΓöÇΓöÇΓöÇΓöÇΓöÇΓöÇΓöÇΓöÇΓöÇΓöÇΓöÇΓöÇΓöÇΓöÇΓöÇΓöÇΓöÇΓöÇΓöÇΓöÇΓöÇΓöÇΓöÇΓöÇΓöÇΓöÇΓöÇΓöÇΓöÇΓöÇΓöÇΓöÇΓöÇΓöÇΓöÇΓöÇΓöÇΓöÇΓöÇΓöÇΓöÇΓöÇΓöÇΓöÇΓöÇΓöÇΓöÇΓöÇΓöÇΓöÇΓöÇΓöÇΓöÇΓöÇΓöÇΓöÇΓöÇΓöÇΓöÇΓöÇΓöÇΓöÇ

      at Object.mockResolvedValue (src/services/decision-actions/__tests__/booking-decisions.test.ts:54:22)

  ΓùÅ checkBookingConflicts ΓÇ║ should APPROVE (fail-open) when policy throws error

    TypeError: mockCreateClient.mockResolvedValue is not a function

      52 |     };
      53 |
    > 54 |     mockCreateClient.mockResolvedValue(mockSupabase as any);
         |                      ^
      55 |   });
      56 |
      57 |   // ΓöÇΓöÇΓöÇΓöÇΓöÇΓöÇΓöÇΓöÇΓöÇΓöÇΓöÇΓöÇΓöÇΓöÇΓöÇΓöÇΓöÇΓöÇΓöÇΓöÇΓöÇΓöÇΓöÇΓöÇΓöÇΓöÇΓöÇΓöÇΓöÇΓöÇΓöÇΓöÇΓöÇΓöÇΓöÇΓöÇΓöÇΓöÇΓöÇΓöÇΓöÇΓöÇΓöÇΓöÇΓöÇΓöÇΓöÇΓöÇΓöÇΓöÇΓöÇΓöÇΓöÇΓöÇΓöÇΓöÇΓöÇΓöÇΓöÇΓöÇΓöÇΓöÇΓöÇΓöÇΓöÇΓöÇΓöÇΓöÇΓöÇΓöÇΓöÇΓöÇΓöÇ

      at Object.mockResolvedValue (src/services/decision-actions/__tests__/booking-decisions.test.ts:54:22)

  ΓùÅ checkBookingConflicts ΓÇ║ should APPROVE when no tenant context exists

    TypeError: mockCreateClient.mockResolvedValue is not a function

      52 |     };
      53 |
    > 54 |     mockCreateClient.mockResolvedValue(mockSupabase as any);
         |                      ^
      55 |   });
      56 |
      57 |   // ΓöÇΓöÇΓöÇΓöÇΓöÇΓöÇΓöÇΓöÇΓöÇΓöÇΓöÇΓöÇΓöÇΓöÇΓöÇΓöÇΓöÇΓöÇΓöÇΓöÇΓöÇΓöÇΓöÇΓöÇΓöÇΓöÇΓöÇΓöÇΓöÇΓöÇΓöÇΓöÇΓöÇΓöÇΓöÇΓöÇΓöÇΓöÇΓöÇΓöÇΓöÇΓöÇΓöÇΓöÇΓöÇΓöÇΓöÇΓöÇΓöÇΓöÇΓöÇΓöÇΓöÇΓöÇΓöÇΓöÇΓöÇΓöÇΓöÇΓöÇΓöÇΓöÇΓöÇΓöÇΓöÇΓöÇΓöÇΓöÇΓöÇΓöÇΓöÇΓöÇΓöÇ

      at Object.mockResolvedValue (src/services/decision-actions/__tests__/booking-decisions.test.ts:54:22)

  ΓùÅ checkBookingConflicts ΓÇ║ should APPROVE when time slots are adjacent (no overlap)

    TypeError: mockCreateClient.mockResolvedValue is not a function

      52 |     };
      53 |
    > 54 |     mockCreateClient.mockResolvedValue(mockSupabase as any);
         |                      ^
      55 |   });
      56 |
      57 |   // ΓöÇΓöÇΓöÇΓöÇΓöÇΓöÇΓöÇΓöÇΓöÇΓöÇΓöÇΓöÇΓöÇΓöÇΓöÇΓöÇΓöÇΓöÇΓöÇΓöÇΓöÇΓöÇΓöÇΓöÇΓöÇΓöÇΓöÇΓöÇΓöÇΓöÇΓöÇΓöÇΓöÇΓöÇΓöÇΓöÇΓöÇΓöÇΓöÇΓöÇΓöÇΓöÇΓöÇΓöÇΓöÇΓöÇΓöÇΓöÇΓöÇΓöÇΓöÇΓöÇΓöÇΓöÇΓöÇΓöÇΓöÇΓöÇΓöÇΓöÇΓöÇΓöÇΓöÇΓöÇΓöÇΓöÇΓöÇΓöÇΓöÇΓöÇΓöÇΓöÇΓöÇ

      at Object.mockResolvedValue (src/services/decision-actions/__tests__/booking-decisions.test.ts:54:22)

FAIL src/__tests__/e2e-negative-double-payment-race.test.ts
  ΓùÅ Console

    console.log
      Γùç injected env (9) from .env.local // tip: Γîÿ enable debugging { debug: true }

      at _log (node_modules/dotenv/lib/main.js:131:11)

    console.log
      [Jest Setup] SUPABASE_SERVICE_ROLE_KEY loaded: sb_secret_Dm... (41 chars)

      at Object.log (jest.setup.ts:10:9)

  ΓùÅ E2E Double Payment Race Condition ΓÇ║ should prevent duplicate payment via idempotency key

    TypeError: Cannot read properties of null (reading 'id')

      31 |       start_date: '2026-06-20', full_price: 5000000, status: 'deposit_pending',
      32 |     }).select('id').single();
    > 33 |     bookingId = booking!.id;
         |                          ^
      34 |   });
      35 |
      36 |   it('should prevent duplicate payment via idempotency key', async () => {

      at Object.id (src/__tests__/e2e-negative-double-payment-race.test.ts:33:26)

FAIL src/__tests__/beauty-spa-module-isolation.test.ts
  ΓùÅ Console

    console.log
      Γùç injected env (9) from .env.local // tip: Γîÿ suppress logs { quiet: true }

      at _log (node_modules/dotenv/lib/main.js:131:11)

    console.log
      [Jest Setup] SUPABASE_SERVICE_ROLE_KEY loaded: sb_secret_Dm... (41 chars)

      at Object.log (jest.setup.ts:10:9)

  ΓùÅ beauty spa module isolation guards ΓÇ║ does not let the services page assume Babycare before tenant modules load

    expect(received).toContain(expected) // indexOf

    Expected substring: "{hasLoadedTenantModules && enabledModules.babycare && ("
    Received string:    "'use client';┬╖
    import { motion, AnimatePresence } from 'framer-motion';
    import {
      Sparkles,
      Plus,
      Search,
      Filter,
      CheckCircle2,
      Tag,
      Clock,
      DollarSign,
      X,
      Zap,
      Database,
      Trash2,
      RefreshCw
    } from 'lucide-react';
    import { formatMoneyInput } from '@bella/shared';
    import { cn, formatNumberWithSeparator, parseDecimalInput, parseIntegerInput,  } from '@/lib/utils';;┬╖
    import { PremiumSelect } from '@/components/ui/PremiumSelect';
    import { usePageRefresh } from '@/hooks/usePageRefresh';
    import { useServicesPageState } from './hooks/useServicesPageState';
    import { useModuleVocabulary } from '@/hooks/useModuleVocabulary';
    import type { ServiceModuleKey } from './types';┬╖
    export default function ServicesPage() {
      const vocab = useModuleVocabulary();
      const {
        isModalOpen,
        setIsModalOpen,
        modalMode,
        searchQuery,
        setSearchQuery,
        statusFilter,
        setStatusFilter,
        moduleFilter,
        setModuleFilter,
        name,
        setName,
        price,
        setPrice,
        duration,
        setDuration,
        sessions,
        setSessions,
        offer,
        setOffer,
        details,
        setDetails,
        ktvCommission,
        setKtvCommission,
        status,
        setStatus,
        moduleKey,
        setModuleKey,
        serviceKind,
        setServiceKind,
        serviceCategory,
        setServiceCategory,
        defaultDurationMinutes,
        setDefaultDurationMinutes,
        requiresResource,
        setRequiresResource,
        defaultResourceType,
        setDefaultResourceType,
        beforeAfterRequired,
        setBeforeAfterRequired,
        careNoteTemplate,
        setCareNoteTemplate,
        enabledModules,
        hasLoadedTenantModules,
        isBeautySpaEnabled,
        bookingResources,
        loadingResources,
        resourceForm,
        setResourceName,
        setResourceType,
        setResourceStatus,
        setResourceCapacity,
        setResourceLocationNote,
        isSavingResource,
        editBookingResource,
        saveBookingResource,
        removeBookingResource,
        resetResourceForm,
        inventoryItems,
        materialRows,
        loadingMaterials,
        filteredServices,
        paginatedServices,
        totalPages,
        startIndex,
        endIndex,
        currentPage,
        isLoading,
        openAddModal,
        openEditModal,
        addMaterialRow,
        updateMaterialRow,
        removeMaterialRow,
        handleDelete,
        toggleServiceStatus,
        syncDefaultPackages,
        handleSubmit,
        handlePageChange,
        refreshData,
      } = useServicesPageState();┬╖
      const resourceTypeLabels = {
        bed: 'Gi╞░ß╗¥ng',
        room: 'Ph├▓ng',
        machine: 'M├íy',
        chair: 'Ghß║┐',
        other: 'Kh├íc',
      };
      const resourceStatusLabels = {
        available: 'Sß║╡n s├áng',
        in_use: '─Éang d├╣ng',
        maintenance: 'Bß║úo tr├¼',
        inactive: 'Ng╞░ng d├╣ng',
      };
      const serviceKindLabels = {
        single_service: 'Dß╗ïch vß╗Ñ lß║╗',
        treatment_package: 'Liß╗çu tr├¼nh / g├│i buß╗òi',
        retail_product: 'Sß║ún phß║⌐m b├ín lß║╗',
        consultation: 'T╞░ vß║Ñn',
      };
      const enabledModuleOptions = [
        ...(enabledModules.babycare
          ? [{ value: 'babycare', label: 'Bella Mother & Baby' }]
          : []),
        ...(enabledModules.beauty_spa
          ? [{ value: 'beauty_spa', label: 'Beauty Spa' }]
          : []),
        ...(enabledModules.industrial_cleaning
          ? [{ value: 'industrial_cleaning', label: 'Industrial Cleaning' }]
          : []),
      ];
      const canManageServices = hasLoadedTenantModules && enabledModuleOptions.length > 0;
      const showModuleFilter = hasLoadedTenantModules && enabledModuleOptions.length > 1;
      const currentModuleLabel = enabledModuleOptions.find(option => option.value === moduleKey)?.label
        || enabledModuleOptions[0]?.label
        || 'Module ch╞░a cß║Ñu h├¼nh';┬╖
      usePageRefresh(refreshData);┬╖
      return (
        <div className=\"flex-1 overflow-auto bg-background/30 p-3 sm:p-6 md:p-10\">
          {/* Header */}
          <div className=\"mb-6 flex flex-col gap-4 md:mb-8 md:flex-row md:items-center md:justify-between\">
            <div className=\"min-w-0\">
              <h1 className=\"text-2xl font-bold tracking-tight text-slate-900 sm:text-3xl\">Quß║ún l├╜ dß╗ïch vß╗Ñ</h1>
              <p className=\"text-slate-500 font-medium mt-1\">Thiß║┐t lß║¡p bß║úng gi├í v├á c├íc ch╞░╞íng tr├¼nh ╞░u ─æ├úi</p>
            </div>
            <div className=\"bella-toolbar flex flex-col gap-3 sm:flex-row\">
              {hasLoadedTenantModules && (enabledModules.babycare || enabledModules.industrial_cleaning || enabledModules.beauty_spa) && (
                <button
                  onClick={syncDefaultPackages}
                  title=\"─Éß╗ông bß╗Ö c├íc g├│i dß╗ïch vß╗Ñ mß║╖c ─æß╗ïnh cß╗ºa ng├ánh kinh doanh th├ánh c├íc bß║ún nh├íp trong ERP\"
                  className=\"flex min-h-12 items-center justify-center gap-2 rounded-2xl border border-slate-200 bg-white px-4 py-3 font-bold text-slate-700 transition-all hover:bg-slate-50 active:scale-95 sm:px-6\"
                >
                  <span>─Éß╗ông bß╗Ö g├│i mß║╖c ─æß╗ïnh</span>
                </button>
              )}
              <button┬╖
                onClick={openAddModal}
                disabled={!canManageServices}
                title={canManageServices ? undefined : 'Dang tai cau hinh nganh kinh doanh'}
                className=\"flex min-h-12 items-center justify-center gap-2 rounded-2xl bg-primary px-4 py-3 font-bold text-white shadow-xl shadow-rose-200 transition-all hover:bg-rose-600 active:scale-95 disabled:cursor-not-allowed disabled:bg-slate-300 disabled:shadow-none dark:shadow-none sm:px-6\"
              >
                <Plus className=\"w-5 h-5\" />
                <span>Th├¬m dß╗ïch vß╗Ñ mß╗¢i</span>
              </button>
            </div>
          </div>┬╖
          {/* Filters & Search */}
          <div className=\"bella-toolbar mb-6 flex flex-col gap-3 rounded-3xl border border-slate-100 bg-white p-3 shadow-sm sm:p-4 md:mb-8 lg:flex-row lg:items-center\">
            <div className=\"relative flex-1 w-full group\">
              <Search className=\"absolute left-4 top-1/2 -translate-y-1/2 text-slate-400 group-focus-within:text-primary transition-colors w-5 h-5\" />
              <input┬╖
                type=\"text\"┬╖
                placeholder=\"T├¼m kiß║┐m dß╗ïch vß╗Ñ...\"┬╖
                value={searchQuery}
                onChange={(e) => setSearchQuery(e.target.value)}
                className=\"w-full pl-12 pr-4 py-3 bg-slate-50 border-none rounded-2xl focus:ring-2 focus:ring-primary/20 outline-none transition-all font-medium text-slate-700\"
              />
            </div>
            <div className=\"w-full flex-shrink-0 lg:w-64\">
              <PremiumSelect
                value={statusFilter}
                options={[
                  { value: 'all', label: 'Tß║Ñt cß║ú trß║íng th├íi', icon: <Filter className=\"w-4 h-4\" /> },
                  { value: 'active', label: '─Éang hoß║ít ─æß╗Öng', icon: <CheckCircle2 className=\"w-4 h-4 text-emerald-500\" /> },
                  { value: 'inactive', label: 'Tß║ím ng╞░ng / Nh├íp', icon: <X className=\"w-4 h-4 text-slate-400\" /> }
                ]}
                onChange={(val) => setStatusFilter(val as 'all' | 'active' | 'inactive')}
                placeholder=\"Lß╗ìc trß║íng th├íi...\"
              />
            </div>
            {showModuleFilter && (
              <div className=\"w-full flex-shrink-0 lg:w-72\">
                <PremiumSelect
                  value={moduleFilter}
                  options={[
                    { value: 'all', label: 'Tß║Ñt cß║ú module', icon: <Tag className=\"h-4 w-4 text-slate-400\" /> },
                    { value: 'babycare', label: 'Bella Mother & Baby', icon: <CheckCircle2 className=\"h-4 w-4 text-emerald-500\" /> },
                    { value: 'beauty_spa', label: 'Beauty Spa', icon: <Sparkles className=\"h-4 w-4 text-fuchsia-500\" /> },
                    { value: 'industrial_cleaning', label: 'Industrial Cleaning', icon: <Zap className=\"h-4 w-4 text-cyan-500\" /> },
                  ]}
                  onChange={(val) => setModuleFilter(val as 'all' | 'babycare' | 'beauty_spa' | 'industrial_cleaning')}
                  placeholder=\"Lß╗ìc module...\"
                />
              </div>
            )}
          </div>┬╖
          {isBeautySpaEnabled && (
            <section className=\"mb-6 rounded-[2rem] border border-rose-100 bg-white p-4 shadow-sm md:mb-8 md:p-6\">
              <div className=\"mb-5 flex flex-col gap-3 md:flex-row md:items-start md:justify-between\">
                <div className=\"flex items-start gap-3\">
                  <div className=\"flex h-11 w-11 shrink-0 items-center justify-center rounded-2xl bg-primary/10 text-primary\">
                    <Database className=\"h-5 w-5\" />
                  </div>
                  <div>
                    <h2 className=\"text-lg font-black text-slate-900\">T├ái nguy├¬n ─æß║╖t lß╗ïch Beauty Spa</h2>
                    <p className=\"text-sm font-semibold text-slate-500\">
                      Quß║ún l├╜ gi╞░ß╗¥ng, ph├▓ng, m├íy hoß║╖c ghß║┐ d├╣ng khi triß╗ân khai lß╗ïch hß║╣n Beauty Spa.
                    </p>
                  </div>
                </div>
                {loadingResources && (
                  <span className=\"inline-flex items-center gap-2 rounded-full bg-slate-50 px-4 py-2 text-xs font-black text-slate-400\">
                    <RefreshCw className=\"h-3.5 w-3.5 animate-spin\" />
                    ─Éang tß║úi
                  </span>
                )}
              </div>┬╖
              <div className=\"grid gap-4 xl:grid-cols-[0.95fr_1.05fr]\">
                <div className=\"grid gap-3 rounded-2xl border border-slate-100 bg-slate-50 p-4 md:grid-cols-2\">
                  <div className=\"space-y-2 md:col-span-2\">
                    <label className=\"ml-1 text-xs font-black uppercase tracking-widest text-slate-400\">
                      T├¬n t├ái nguy├¬n
                    </label>
                    <input
                      value={resourceForm.name}
                      onChange={(event) => setResourceName(event.target.value)}
                      className=\"w-full rounded-2xl border border-slate-100 bg-white px-5 py-3 text-sm font-bold text-slate-800 outline-none transition focus:border-rose-300 focus:ring-4 focus:ring-rose-50\"
                      placeholder=\"VD: Gi╞░ß╗¥ng Facial 01\"
                    />
                  </div>
                  <div className=\"space-y-2\">
                    <label className=\"ml-1 text-xs font-black uppercase tracking-widest text-slate-400\">
                      Loß║íi
                    </label>
                    <PremiumSelect
                      value={resourceForm.resourceType}
                      onChange={(value) => setResourceType(value as keyof typeof resourceTypeLabels)}
                      options={Object.entries(resourceTypeLabels).map(([value, label]) => ({ value, label }))}
                      placeholder=\"Chß╗ìn loß║íi\"
                    />
                  </div>
                  <div className=\"space-y-2\">
                    <label className=\"ml-1 text-xs font-black uppercase tracking-widest text-slate-400\">
                      Trß║íng th├íi
                    </label>
                    <PremiumSelect
                      value={resourceForm.status}
                      onChange={(value) => setResourceStatus(value as keyof typeof resourceStatusLabels)}
                      options={Object.entries(resourceStatusLabels).map(([value, label]) => ({ value, label }))}
                      placeholder=\"Chß╗ìn trß║íng th├íi\"
                    />
                  </div>
                  <div className=\"space-y-2\">
                    <label className=\"ml-1 text-xs font-black uppercase tracking-widest text-slate-400\">
                      Sß╗⌐c chß╗⌐a
                    </label>
                    <input
                      type=\"number\"
                      min={1}
                      max={20}
                      value={resourceForm.capacity}
                      onChange={(event) => setResourceCapacity(event.target.value)}
                      className=\"w-full rounded-2xl border border-slate-100 bg-white px-5 py-3 text-sm font-bold text-slate-800 outline-none transition focus:border-rose-300 focus:ring-4 focus:ring-rose-50\"
                    />
                  </div>
                  <div className=\"space-y-2\">
                    <label className=\"ml-1 text-xs font-black uppercase tracking-widest text-slate-400\">
                      Ghi ch├║ vß╗ï tr├¡
                    </label>
                    <input
                      value={resourceForm.locationNote}
                      onChange={(event) => setResourceLocationNote(event.target.value)}
                      className=\"w-full rounded-2xl border border-slate-100 bg-white px-5 py-3 text-sm font-bold text-slate-800 outline-none transition focus:border-rose-300 focus:ring-4 focus:ring-rose-50\"
                      placeholder=\"VD: Tß║ºng 2\"
                    />
                  </div>
                  <div className=\"flex flex-col gap-2 md:col-span-2 sm:flex-row\">
                    <button
                      type=\"button\"
                      onClick={saveBookingResource}
                      disabled={isSavingResource || !resourceForm.name.trim()}
                      className=\"inline-flex min-h-11 flex-1 items-center justify-center gap-2 rounded-2xl bg-primary px-5 py-3 text-sm font-black text-white shadow-lg shadow-rose-200 transition hover:bg-rose-600 disabled:opacity-50\"
                    >
                      {isSavingResource && <RefreshCw className=\"h-4 w-4 animate-spin\" />}
                      {resourceForm.id ? 'Cß║¡p nhß║¡t t├ái nguy├¬n' : 'Th├¬m t├ái nguy├¬n'}
                    </button>
                    {resourceForm.id && (
                      <button
                        type=\"button\"
                        onClick={resetResourceForm}
                        className=\"inline-flex min-h-11 items-center justify-center rounded-2xl border border-slate-200 bg-white px-5 py-3 text-sm font-black text-slate-500 transition hover:text-slate-800\"
                      >
                        Hß╗ºy sß╗¡a
                      </button>
                    )}
                  </div>
                </div>┬╖
                <div className=\"min-w-0 overflow-x-auto overscroll-x-contain custom-scrollbar rounded-2xl border border-slate-100 bg-white\">
                  <table className=\"bella-data-table min-w-[680px] w-full text-left\">
                    <thead className=\"bg-slate-50 text-[10px] font-black uppercase tracking-widest text-slate-400\">
                      <tr>
                        <th className=\"px-5 py-3\">T├ái nguy├¬n</th>
                        <th className=\"px-5 py-3\">Loß║íi</th>
                        <th className=\"px-5 py-3\">Trß║íng th├íi</th>
                        <th className=\"px-5 py-3\">Sß╗⌐c chß╗⌐a</th>
                        <th className=\"px-5 py-3 text-right\">Thao t├íc</th>
                      </tr>
                    </thead>
                    <tbody className=\"divide-y divide-slate-100 text-sm font-bold text-slate-700\">
                      {bookingResources.length === 0 ? (
                        <tr>
                          <td colSpan={5} className=\"px-5 py-10 text-center text-xs font-bold italic text-slate-400\">
                            Ch╞░a c├│ gi╞░ß╗¥ng/ph├▓ng/m├íy n├áo. Th├¬m t├ái nguy├¬n ─æß║ºu ti├¬n ─æß╗â chuß║⌐n bß╗ï pilot Beauty Spa.
                          </td>
                        </tr>
                      ) : bookingResources.map((resource) => (
                        <tr key={resource.id}>
                          <td className=\"px-5 py-4\">
                            <div className=\"text-slate-900\">{resource.name}</div>
                            {resource.location_note && (
                              <div className=\"mt-1 text-xs text-slate-400\">{resource.location_note}</div>
                            )}
                          </td>
                          <td className=\"px-5 py-4\">{resourceTypeLabels[resource.resource_type as keyof typeof resourceTypeLabels] || 'Kh├íc'}</td>
                          <td className=\"px-5 py-4\">
                            <span className={cn(
                              'rounded-full px-3 py-1 text-[10px] font-black uppercase',
                              resource.status === 'available'
                                ? 'bg-emerald-50 text-emerald-600'
                                : resource.status === 'maintenance'
                                  ? 'bg-amber-50 text-amber-600'
                                  : 'bg-slate-100 text-slate-500',
                            )}>
                              {resourceStatusLabels[resource.status as keyof typeof resourceStatusLabels] || resource.status}
                            </span>
                          </td>
                          <td className=\"px-5 py-4\">{resource.capacity}</td>
                          <td className=\"px-5 py-4\">
                            <div className=\"flex justify-end gap-2\">
                              <button
                                type=\"button\"
                                onClick={() => editBookingResource(resource)}
                                className=\"rounded-xl bg-slate-50 px-3 py-2 text-xs font-black text-slate-500 transition hover:text-primary\"
                              >
                                Sß╗¡a
                              </button>
                              <button
                                type=\"button\"
                                onClick={() => removeBookingResource(resource.id)}
                                className=\"rounded-xl bg-rose-50 px-3 py-2 text-xs font-black text-rose-500 transition hover:bg-rose-100\"
                              >
                                X├│a
                              </button>
                            </div>
                          </td>
                        </tr>
                      ))}
                    </tbody>
                  </table>
                </div>
              </div>
            </section>
          )}┬╖
          {/* Services Grid */}
          {isLoading ? (
            <div className=\"flex min-h-[400px] items-center justify-center\">
              <div className=\"flex flex-col items-center gap-4\">
                <RefreshCw className=\"h-12 w-12 animate-spin text-primary\" />
                <p className=\"text-sm font-bold text-slate-500\">─Éang tß║úi danh s├ích dß╗ïch vß╗Ñ...</p>
              </div>
            </div>
          ) : paginatedServices.length === 0 ? (
            <div className=\"flex min-h-[400px] items-center justify-center\">
              <div className=\"flex flex-col items-center gap-4 text-center\">
                <div className=\"flex h-20 w-20 items-center justify-center rounded-full bg-slate-100\">
                  <Sparkles className=\"h-10 w-10 text-slate-400\" />
                </div>
                <div>
                  <h3 className=\"text-lg font-black text-slate-900\">Ch╞░a c├│ dß╗ïch vß╗Ñ n├áo</h3>
                  <p className=\"mt-1 text-sm font-medium text-slate-500\">
                    Bß║Ñm \"Th├¬m dß╗ïch vß╗Ñ mß╗¢i\" ─æß╗â tß║ío g├│i dß╗ïch vß╗Ñ ─æß║ºu ti├¬n
                  </p>
                </div>
              </div>
            </div>
          ) : (
            <div className=\"grid grid-cols-1 gap-4 xl:grid-cols-2 xl:gap-6\">
              {paginatedServices.map((service, idx) => (
              <motion.div┬╖
                key={service.id}
                initial={{ opacity: 0, y: 20 }}
                animate={{ opacity: 1, y: 0 }}
                transition={{ delay: idx * 0.1 }}
                className=\"group luxury-card-white relative flex h-full flex-col overflow-hidden rounded-[2rem] transition-all lg:flex-row lg:rounded-[2.5rem]\"
              >
                {/* Visual Section */}
                <div className=\"relative flex flex-col items-center justify-center overflow-hidden bg-gradient-to-br from-rose-200 to-pink-300 p-5 dark:from-[#2D1620] dark:to-[#1A0A10] dark:border-r dark:border-[#3E3A35]/30 sm:p-8 lg:w-48\">
                  <div className=\"absolute inset-0 opacity-20 pointer-events-none\">
                    <div className=\"absolute top-0 left-0 w-full h-full bg-[radial-gradient(circle_at_center,_var(--tw-gradient-from)_0%,_transparent_70%)]\" />
                  </div>
                  <div className=\"w-16 h-16 bg-white rounded-3xl flex items-center justify-center shadow-lg shadow-rose-200 dark:shadow-none mb-4 z-10\">
                    <Sparkles className=\"text-primary w-8 h-8\" />
                  </div>
                  <div className=\"bg-primary text-white text-[10px] font-black uppercase tracking-widest px-3 py-1 rounded-full z-10\">
                    {service.total_sessions} Buß╗òi
                  </div>
                </div>┬╖
                {/* Content Section */}
                <div className=\"flex flex-1 flex-col p-5 sm:p-8\">
                  <div className=\"mb-4 flex flex-col gap-3 sm:flex-row sm:items-start sm:justify-between\">
                    <div className=\"min-w-0\">
                      <div className=\"flex flex-wrap items-center gap-2 mb-1\">
                        <h3 className=\"break-words text-lg font-black text-slate-900 sm:text-xl\">{service.name}</h3>
                        <span className={cn(
                          \"px-2 py-0.5 rounded-full text-[8px] font-black uppercase tracking-widest border\",
                          service.status === 'active'┬╖
                            ? \"bg-emerald-50 text-emerald-600 border-emerald-100\"┬╖
                            : \"bg-slate-100 text-slate-400 border-slate-200\"
                        )}>
                          {service.status === 'active' ? '─Éang hoß║ít ─æß╗Öng' : 'Tß║ím ng╞░ng / Nh├íp'}
                        </span>
                        {service.module_key === 'beauty_spa' && (
                          <span className=\"rounded-full border border-fuchsia-100 bg-fuchsia-50 px-2 py-0.5 text-[8px] font-black uppercase tracking-widest text-fuchsia-600\">
                            Beauty Spa
                          </span>
                        )}
                      </div>
                      <div className=\"flex min-w-0 items-center gap-2 text-lg font-black text-primary\">
                        <DollarSign className=\"w-4 h-4\" />
                        <span className=\"break-words\">{formatNumberWithSeparator(service.price ?? 0)}─æ</span>
                      </div>
                    </div>
                    <div className=\"flex shrink-0 items-center gap-2 sm:gap-3\">
                      {/* Status Toggle Switch */}
                      <button
                        onClick={() => toggleServiceStatus(service)}
                        title={service.status === 'active' ? 'Click ─æß╗â tß║ím ng╞░ng g├│i' : 'Click ─æß╗â k├¡ch hoß║ít g├│i'}
                        className={cn(
                          \"relative inline-flex h-5 w-9 flex-shrink-0 cursor-pointer rounded-full border-2 border-transparent transition-colors duration-200 ease-in-out focus:outline-none focus:ring-2 focus:ring-primary/20\",
                          service.status === 'active' ? \"bg-emerald-500\" : \"bg-slate-300\"
                        )}
                      >
                        <span
                          className={cn(
                            \"pointer-events-none inline-block h-4 w-4 transform rounded-full bg-white shadow ring-0 transition duration-200 ease-in-out\",
                            service.status === 'active' ? \"translate-x-4\" : \"translate-x-0\"
                          )}
                        />
                      </button>
                      <button┬╖
                        onClick={() => openEditModal(service)}
                        className=\"p-2 text-slate-400 hover:text-primary hover:bg-rose-50 rounded-xl transition-all\"
                      >
                        <Zap className=\"w-5 h-5\" />
                      </button>
                      <button┬╖
                        onClick={() => handleDelete(service.id)}
                        className=\"p-2 text-slate-400 hover:text-rose-600 hover:bg-rose-50 rounded-xl transition-all\"
                      >
                        <X className=\"w-5 h-5\" />
                      </button>
                    </div>
                  </div>┬╖
                  <div className=\"space-y-4 mb-6 flex-1\">
                    <div className=\"flex min-w-0 items-center gap-3 rounded-2xl bg-slate-50 p-3 text-sm font-bold text-slate-500\">
                      <Clock className=\"h-4 w-4 shrink-0 text-primary\" />
                      <span className=\"break-words\">Thß╗¥i l╞░ß╗úng: {service.duration}</span>
                    </div>
                    {service.module_key === 'beauty_spa' && (
                      <div className=\"flex flex-wrap gap-2 text-xs font-black\">
                        <span className=\"rounded-xl bg-fuchsia-50 px-3 py-1.5 text-fuchsia-600\">
                          {serviceKindLabels[service.service_kind as keyof typeof serviceKindLabels] || 'Liß╗çu tr├¼nh'}
                        </span>
                        {service.service_category && (
                          <span className=\"rounded-xl bg-slate-50 px-3 py-1.5 text-slate-500\">
                            {service.service_category}
                          </span>
                        )}
                        {service.requires_resource && (
                          <span className=\"rounded-xl bg-amber-50 px-3 py-1.5 text-amber-600\">
                            Cß║ºn {resourceTypeLabels[service.default_resource_type as keyof typeof resourceTypeLabels] || 't├ái nguy├¬n'}
                          </span>
                        )}
                        {service.before_after_required && (
                          <span className=\"rounded-xl bg-sky-50 px-3 py-1.5 text-sky-600\">
                            ß║ónh tr╞░ß╗¢c/sau
                          </span>
                        )}
                      </div>
                    )}
                    <div className=\"space-y-2\">
                      <p className=\"text-[10px] font-black text-slate-400 uppercase tracking-widest ml-1\">Chi tiß║┐t dß╗ïch vß╗Ñ</p>
                      <div className=\"flex flex-wrap gap-2\">
                        {Array.isArray(service.details) ? service.details.map((detail: string, i: number) => (
                          <span key={i} className=\"break-words rounded-xl border border-slate-100 bg-slate-50 px-3 py-1.5 text-xs font-bold text-slate-600\">
                            {detail}
                          </span>
                        )) : null}
                      </div>
                    </div>
                  </div>┬╖
                  {/* Offer Badge */}
                  <div className=\"bg-rose-50 border border-rose-100 rounded-2xl p-4 flex items-start gap-3\">
                    <div className=\"w-8 h-8 bg-white rounded-xl flex items-center justify-center flex-shrink-0 shadow-sm shadow-rose-100 dark:shadow-none\">
                      <Tag className=\"w-4 h-4 text-primary\" />
                    </div>
                    <div className=\"min-w-0 break-words text-xs font-bold leading-relaxed text-rose-600\">
                      <span className=\"uppercase text-[10px] block opacity-60 mb-0.5\">╞»u ─æ├úi hiß╗çn c├│</span>
                      {service.offer}
                    </div>
                  </div>
                </div>
              </motion.div>
            ))}
          </div>
          )}┬╖
          {/* Pagination Controls */}
          {totalPages > 1 && (
            <div className=\"mt-10 flex flex-col items-center justify-between gap-6 md:flex-row\">
              <p className=\"text-slate-400 font-bold text-[10px] uppercase tracking-widest\">
                Hiß╗ân thß╗ï <span className=\"text-slate-900\">{startIndex}-{endIndex}</span> tr├¬n tß╗òng sß╗æ <span className=\"text-slate-900\">{filteredServices.length}</span> g├│i dß╗ïch vß╗Ñ
              </p>┬╖┬╖┬╖┬╖┬╖┬╖┬╖┬╖┬╖┬╖┬╖
              <div className=\"bella-pagination\">
                <button┬╖
                  onClick={() => handlePageChange(Math.max(1, currentPage - 1))}
                  disabled={currentPage === 1}
                  className=\"p-3 rounded-xl bg-white border border-slate-100 text-slate-400 hover:text-primary hover:border-primary/20 disabled:opacity-30 disabled:hover:text-slate-400 disabled:hover:border-slate-100 transition-all active:scale-90 shadow-sm\"
                >
                  <svg className=\"w-5 h-5\" fill=\"none\" stroke=\"currentColor\" viewBox=\"0 0 24 24\"><path strokeLinecap=\"round\" strokeLinejoin=\"round\" strokeWidth=\"2.5\" d=\"M15 19l-7-7 7-7\" /></svg>
                </button>┬╖┬╖┬╖┬╖┬╖┬╖┬╖┬╖┬╖┬╖┬╖┬╖┬╖
                <div className=\"flex items-center gap-1\">
                  {Array.from({ length: totalPages }, (_, i) => i + 1).map(page => {
                    if (totalPages > 7) {
                      if (page > 1 && page < totalPages && (page < currentPage - 1 || page > currentPage + 1)) {
                        if (page === currentPage - 2 || page === currentPage + 2) return <span key={page} className=\"px-1 text-slate-300\">...</span>;
                        return null;
                      }
                    }┬╖┬╖┬╖┬╖┬╖┬╖┬╖┬╖┬╖┬╖┬╖┬╖┬╖┬╖┬╖┬╖┬╖
                    return (
                      <button┬╖
                        key={page}
                        onClick={() => handlePageChange(page)}
                        className={cn(
                          \"w-10 h-10 rounded-xl font-black text-sm transition-all active:scale-90\",
                          currentPage === page┬╖
                            ? \"bg-primary text-white shadow-lg shadow-rose-200 dark:shadow-none\"┬╖
                            : \"bg-white border border-slate-100 text-slate-400 hover:text-slate-600 hover:border-slate-300\"
                        )}
                      >
                        {page}
                      </button>
                    );
                  })}
                </div>┬╖┬╖┬╖┬╖┬╖┬╖┬╖┬╖┬╖┬╖┬╖┬╖┬╖
                <button┬╖
                  onClick={() => handlePageChange(Math.min(totalPages, currentPage + 1))}
                  disabled={currentPage === totalPages}
                  className=\"p-3 rounded-xl bg-white border border-slate-100 text-slate-400 hover:text-primary hover:border-primary/20 disabled:opacity-30 disabled:hover:text-slate-400 disabled:hover:border-slate-100 transition-all active:scale-90 shadow-sm\"
                >
                  <svg className=\"w-5 h-5\" fill=\"none\" stroke=\"currentColor\" viewBox=\"0 0 24 24\"><path strokeLinecap=\"round\" strokeLinejoin=\"round\" strokeWidth=\"2.5\" d=\"M9 5l7 7-7 7\" /></svg>
                </button>
              </div>
            </div>
          )}┬╖┬╖
          {/* Add/Edit Service Modal */}
          <AnimatePresence>
            {isModalOpen && (
              <div className=\"fixed inset-0 z-50 flex items-center justify-center p-3 sm:p-4\">
                <motion.div┬╖
                  initial={{ opacity: 0 }}
                  animate={{ opacity: 1 }}
                  exit={{ opacity: 0 }}
                  onClick={() => setIsModalOpen(false)}
                  className=\"absolute inset-0 bg-[#1A0A0E]/70 backdrop-blur-md\"
                />
                <motion.div┬╖
                  initial={{ opacity: 0, scale: 0.9, y: 20 }}
                  animate={{ opacity: 1, scale: 1, y: 0 }}
                  exit={{ opacity: 0, scale: 0.9, y: 20 }}
                  className=\"relative flex max-h-[92vh] w-full max-w-2xl flex-col overflow-hidden rounded-[2rem] bg-white shadow-2xl sm:rounded-[3rem]\"
                >
                  <form onSubmit={handleSubmit} className=\"flex flex-col h-full overflow-hidden\">
                    {/* Header */}
                    <div className=\"flex shrink-0 items-start justify-between gap-3 border-b border-slate-100 bg-white p-5 pb-4 sm:p-10 sm:pb-6\">
                      <div className=\"flex min-w-0 items-center gap-3 sm:gap-5\">
                        <div className=\"flex h-12 w-12 shrink-0 items-center justify-center rounded-[1.25rem] bg-primary text-white shadow-2xl shadow-rose-200 dark:shadow-none sm:h-14 sm:w-14 sm:rounded-[1.5rem]\">
                          <Zap className=\"w-7 h-7\" />
                        </div>
                        <div className=\"min-w-0\">
                          <h2 className=\"break-words text-xl font-black tracking-tight text-slate-900 sm:text-3xl\">
                            {modalMode === 'add' ? 'Th├¬m dß╗ïch vß╗Ñ' : 'Chß╗ënh sß╗¡a dß╗ïch vß╗Ñ'}
                          </h2>
                          <p className=\"text-slate-500 font-bold\">
                            {modalMode === 'add' ? `Tß║ío ${vocab.package.singular.toLowerCase()} mß╗¢i cho kh├ích h├áng` : `Cß║¡p nhß║¡t th├┤ng tin ${vocab.package.singular.toLowerCase()}`}
                          </p>
                        </div>
                      </div>
                      <button┬╖
                        type=\"button\"
                        onClick={() => setIsModalOpen(false)}
                        className=\"p-3 bg-slate-50 hover:bg-slate-100 rounded-full text-slate-400 hover:text-slate-600 transition-all\"
                      >
                        <X className=\"w-6 h-6\" />
                      </button>
                    </div>┬╖
                    {/* Content */}
                    <div className=\"flex-1 space-y-5 overflow-y-auto p-5 scrollbar-thin sm:space-y-6 sm:p-10 sm:py-6\">
                      <div className=\"grid grid-cols-1 gap-5 md:grid-cols-2 md:gap-6\">
                        <div className=\"space-y-2\">
                          <label className=\"text-sm font-black text-slate-700 ml-1\">T├¬n dß╗ïch vß╗Ñ / G├│i</label>
                          <input┬╖
                            type=\"text\"┬╖
                            required
                            value={name}
                            onChange={(e) => setName(e.target.value)}
                            className=\"w-full px-6 py-4 bg-slate-50 border-none rounded-2xl focus:ring-4 focus:ring-primary/10 outline-none font-bold text-slate-700\"┬╖
                            placeholder=\"VD: Mß║╣ Bß║ºu To├án Diß╗çn\"┬╖
                          />
                        </div>
                        <div className=\"space-y-2\">
                          <label className=\"text-sm font-black text-slate-700 ml-1\">Gi├í trß╗ìn g├│i (VN─É)</label>
                          <input┬╖
                            type=\"text\"┬╖
                            required
                            value={price}
                            onChange={(e) => setPrice(formatMoneyInput(e.target.value))}
                            className=\"w-full px-6 py-4 bg-slate-50 border-none rounded-2xl focus:ring-4 focus:ring-primary/10 outline-none font-bold text-slate-700\"┬╖
                            placeholder=\"VD: 15,500,000\"┬╖
                          />
                        </div>
                        <div className=\"space-y-2\">
                          <label className=\"text-sm font-black text-slate-700 ml-1\">Thß╗¥i l╞░ß╗úng (ph├║t)</label>
                          <input┬╖
                            type=\"text\"┬╖
                            required
                            value={duration}
                            onChange={(e) => setDuration(e.target.value)}
                            className=\"w-full px-6 py-4 bg-slate-50 border-none rounded-2xl focus:ring-4 focus:ring-primary/10 outline-none font-bold text-slate-700\"┬╖
                            placeholder=\"VD: 90\"┬╖
                          />
                        </div>
                        <div className=\"space-y-2\">
                          <label className=\"text-sm font-black text-slate-700 ml-1\">Sß╗æ {vocab.workUnit.plural.toLowerCase()} trong {vocab.package.singular.toLowerCase()}</label>
                          <input┬╖
                            type=\"number\"┬╖
                            required
                            value={sessions}
                            onChange={(e) => {
                              const value = e.target.value;
                              setSessions(value === '' ? '' : String(parseIntegerInput(value, { min: 1, max: 100, fallback: 1 })));
                            }}
                            className=\"w-full px-6 py-4 bg-slate-50 border-none rounded-2xl focus:ring-4 focus:ring-primary/10 outline-none font-bold text-slate-700\"┬╖
                            placeholder=\"VD: 15\"┬╖
                          />
                        </div>
                        <div className=\"space-y-2\">
                          <label className=\"text-sm font-black text-slate-700 ml-1\">Hoa hß╗ông {vocab.worker.short} (VN─É/{vocab.workUnit.singular.toLowerCase()})</label>
                          <input┬╖
                            type=\"text\"┬╖
                            required
                            value={formatMoneyInput(ktvCommission)}
                            onChange={(e) => setKtvCommission(formatMoneyInput(e.target.value))}
                            className=\"w-full px-6 py-4 bg-slate-50 border-none rounded-2xl focus:ring-4 focus:ring-primary/10 outline-none font-bold text-slate-700\"┬╖
                            placeholder=\"VD: 150,000\"┬╖
                          />
                        </div>
                      </div>┬╖┬╖┬╖┬╖┬╖┬╖┬╖┬╖┬╖┬╖┬╖┬╖┬╖┬╖┬╖┬╖┬╖┬╖┬╖
                      <div className=\"space-y-2\">
                        <label className=\"text-sm font-black text-slate-700 ml-1\">Chi tiß║┐t dß╗ïch vß╗Ñ (Ph├ón c├ích bß║▒ng dß║Ñu phß║⌐y)</label>
                        <input┬╖
                          type=\"text\"┬╖
                          value={details}
                          onChange={(e) => setDetails(e.target.value)}
                          className=\"w-full px-6 py-4 bg-slate-50 border-none rounded-2xl focus:ring-4 focus:ring-primary/10 outline-none font-bold text-slate-700\"┬╖
                          placeholder={
                            vocab.worker.short === 'NVS'┬╖
                              ? 'VD: Vß╗ç sinh s├án nh├á, Lau k├¡nh, Dß╗ìn toilet'┬╖
                              : 'VD: Massage body, Ch─âm s├│c da mß║╖t, X├┤ng h╞íi'
                          }┬╖
                        />
                      </div>┬╖
                      {isBeautySpaEnabled && (
                        <div className=\"space-y-4 rounded-2xl border border-fuchsia-100 bg-gradient-to-br from-fuchsia-50/60 to-rose-50/50 p-4 sm:p-6\">
                          <div className=\"flex items-start gap-3\">
                            <div className=\"flex h-10 w-10 shrink-0 items-center justify-center rounded-xl bg-white text-primary shadow-sm\">
                              <Sparkles className=\"h-5 w-5\" />
                            </div>
                            <div>
                              <h4 className=\"text-sm font-black text-slate-900\">Cß║Ñu h├¼nh Beauty Spa</h4>
                              <p className=\"mt-0.5 text-[11px] font-semibold leading-relaxed text-slate-500\">
                                Chß╗ë d├╣ng cho dß╗ïch vß╗Ñ beauty. G├│i Bella Mother & Baby giß╗» cß║Ñu h├¼nh mß║╖c ─æß╗ïnh.
                              </p>
                            </div>
                          </div>┬╖
                          <div className=\"grid grid-cols-1 gap-4 md:grid-cols-2\">
                            <div className=\"space-y-2\">
                              <label className=\"ml-1 text-xs font-black uppercase tracking-widest text-slate-400\">
                                Module
                              </label>
                              {enabledModuleOptions.length > 1 ? (
                                <PremiumSelect
                                  value={moduleKey}
                                  onChange={(value) => setModuleKey(value as ServiceModuleKey)}
                                  options={enabledModuleOptions}
                                  placeholder=\"Chß╗ìn module\"
                                />
                              ) : (
                                <div className=\"flex min-h-14 items-center rounded-2xl bg-white px-5 py-4 text-sm font-black text-slate-800 shadow-sm\">
                                  {currentModuleLabel}
                                </div>
                              )}
                            </div>┬╖
                            <div className=\"space-y-2\">
                              <label className=\"ml-1 text-xs font-black uppercase tracking-widest text-slate-400\">
                                Loß║íi dß╗ïch vß╗Ñ
                              </label>
                              <PremiumSelect
                                value={serviceKind}
                                onChange={(value) => setServiceKind(value as keyof typeof serviceKindLabels)}
                                options={Object.entries(serviceKindLabels).map(([value, label]) => ({ value, label }))}
                                placeholder=\"Chß╗ìn loß║íi dß╗ïch vß╗Ñ\"
                              />
                            </div>┬╖
                            <div className=\"space-y-2\">
                              <label className=\"ml-1 text-xs font-black uppercase tracking-widest text-slate-400\">
                                Nh├│m dß╗ïch vß╗Ñ
                              </label>
                              <input
                                value={serviceCategory}
                                onChange={(event) => setServiceCategory(event.target.value)}
                                className=\"w-full rounded-2xl border-none bg-white px-5 py-4 text-sm font-bold text-slate-700 outline-none transition focus:ring-4 focus:ring-primary/10\"
                                placeholder=\"VD: facial, body, laser\"
                              />
                            </div>┬╖
                            <div className=\"space-y-2\">
                              <label className=\"ml-1 text-xs font-black uppercase tracking-widest text-slate-400\">
                                Thß╗¥i l╞░ß╗úng chuß║⌐n (ph├║t)
                              </label>
                              <input
                                type=\"number\"
                                min={1}
                                max={1440}
                                value={defaultDurationMinutes}
                                onChange={(event) => setDefaultDurationMinutes(event.target.value)}
                                className=\"w-full rounded-2xl border-none bg-white px-5 py-4 text-sm font-bold text-slate-700 outline-none transition focus:ring-4 focus:ring-primary/10\"
                              />
                            </div>
                          </div>┬╖
                          <div className=\"grid grid-cols-1 gap-3 md:grid-cols-2\">
                            <div className=\"rounded-2xl bg-white p-4\">
                              <div className=\"flex items-center justify-between gap-4\">
                                <div>
                                  <p className=\"text-sm font-black text-slate-800\">Cß║ºn gi╞░ß╗¥ng/ph├▓ng/m├íy</p>
                                  <p className=\"mt-1 text-xs font-bold text-slate-400\">D├╣ng khi l├¬n lß╗ïch Beauty Spa sau n├áy.</p>
                                </div>
                                <button
                                  type=\"button\"
                                  onClick={() => setRequiresResource(!requiresResource)}
                                  disabled={moduleKey !== 'beauty_spa'}
                                  className={cn(
                                    'relative inline-flex h-6 w-11 shrink-0 rounded-full transition disabled:opacity-40',
                                    requiresResource && moduleKey === 'beauty_spa' ? 'bg-primary' : 'bg-slate-300',
                                  )}
                                >
                                  <span
                                    className={cn(
                                      'inline-block h-5 w-5 translate-y-0.5 rounded-full bg-white shadow transition',
                                      requiresResource && moduleKey === 'beauty_spa' ? 'translate-x-5' : 'translate-x-0.5',
                                    )}
                                  />
                                </button>
                              </div>
                              {requiresResource && moduleKey === 'beauty_spa' && (
                                <div className=\"mt-3\">
                                  <PremiumSelect
                                    value={defaultResourceType}
                                    onChange={(value) => setDefaultResourceType(value as keyof typeof resourceTypeLabels)}
                                    options={Object.entries(resourceTypeLabels).map(([value, label]) => ({ value, label }))}
                                    placeholder=\"T├ái nguy├¬n mß║╖c ─æß╗ïnh\"
                                  />
                                </div>
                              )}
                            </div>┬╖
                            <div className=\"rounded-2xl bg-white p-4\">
                              <div className=\"flex items-center justify-between gap-4\">
                                <div>
                                  <p className=\"text-sm font-black text-slate-800\">Cß║ºn ß║únh tr╞░ß╗¢c/sau</p>
                                  <p className=\"mt-1 text-xs font-bold text-slate-400\">─É├ính dß║Ñu dß╗ïch vß╗Ñ cß║ºn theo d├╡i kß║┐t quß║ú.</p>
                                </div>
                                <button
                                  type=\"button\"
                                  onClick={() => setBeforeAfterRequired(!beforeAfterRequired)}
                                  disabled={moduleKey !== 'beauty_spa'}
                                  className={cn(
                                    'relative inline-flex h-6 w-11 shrink-0 rounded-full transition disabled:opacity-40',
                                    beforeAfterRequired && moduleKey === 'beauty_spa' ? 'bg-primary' : 'bg-slate-300',
                                  )}
                                >
                                  <span
                                    className={cn(
                                      'inline-block h-5 w-5 translate-y-0.5 rounded-full bg-white shadow transition',
                                      beforeAfterRequired && moduleKey === 'beauty_spa' ? 'translate-x-5' : 'translate-x-0.5',
                                    )}
                                  />
                                </button>
                              </div>
                            </div>
                          </div>┬╖
                          <div className=\"space-y-2\">
                            <label className=\"ml-1 text-xs font-black uppercase tracking-widest text-slate-400\">
                              Mß║½u ghi ch├║ ch─âm s├│c
                            </label>
                            <textarea
                              value={careNoteTemplate}
                              onChange={(event) => setCareNoteTemplate(event.target.value)}
                              className=\"h-20 w-full resize-none rounded-2xl border-none bg-white px-5 py-4 text-sm font-bold text-slate-700 outline-none transition focus:ring-4 focus:ring-primary/10\"
                              placeholder=\"VD: T├¼nh trß║íng da, phß║ún ß╗⌐ng sau buß╗òi, l╞░u ├╜ lß║ºn hß║╣n tiß║┐p theo...\"
                            />
                          </div>
                        </div>
                      )}┬╖
                      <div className=\"flex flex-col gap-3 rounded-2xl bg-slate-50 p-4 sm:flex-row sm:items-center sm:justify-between\">
                        <div className=\"min-w-0\">
                          <span className=\"text-sm font-black text-slate-700 block\">K├¡ch hoß║ít {vocab.package.singular.toLowerCase()}</span>
                          <span className=\"text-xs text-slate-400 font-bold\">
                            {vocab.worker.short === 'NVS'┬╖
                              ? 'K├¡ch hoß║ít ─æß╗â hiß╗ân thß╗ï g├│i dß╗ïch vß╗Ñ n├áy trong danh s├ích'
                              : 'K├¡ch hoß║ít ─æß╗â g├│i hiß╗ân thß╗ï trß╗▒c tiß║┐p tr├¬n trang chß╗º Landing Page'
                            }
                          </span>
                        </div>
                        <button
                          type=\"button\"
                          onClick={() => setStatus(prev => prev === 'active' ? 'inactive' : 'active')}
                          className={cn(
                            \"relative inline-flex h-6 w-11 flex-shrink-0 cursor-pointer rounded-full border-2 border-transparent transition-colors duration-200 ease-in-out focus:outline-none focus:ring-2 focus:ring-primary/20\",
                            status === 'active' ? \"bg-emerald-500\" : \"bg-slate-300\"
                          )}
                        >
                          <span
                            className={cn(
                              \"pointer-events-none inline-block h-5 w-5 transform rounded-full bg-white shadow ring-0 transition duration-200 ease-in-out\",
                              status === 'active' ? \"translate-x-5\" : \"translate-x-0\"
                            )}
                          />
                        </button>
                      </div>┬╖
                      <div className=\"space-y-2\">
                        <label className=\"text-sm font-black text-slate-700 ml-1\">Ch╞░╞íng tr├¼nh ╞░u ─æ├úi (nß║┐u c├│)</label>
                        <textarea
                          value={offer}
                          onChange={(e) => setOffer(e.target.value)}
                          className=\"w-full px-6 py-4 bg-slate-50 border-none rounded-2xl focus:ring-4 focus:ring-primary/10 outline-none font-bold text-slate-700 resize-none h-24\"
                          placeholder=\"Nhß║¡p c├íc khuyß║┐n m├úi ─æi k├¿m...\"
                        ></textarea>
                      </div>┬╖
                      {/* ΓöÇΓöÇ ─Éß╗ïnh mß╗⌐c ti├¬u hao vß║¡t t╞░ mß╗ùi buß╗òi ΓöÇΓöÇΓöÇΓöÇΓöÇΓöÇΓöÇΓöÇΓöÇΓöÇΓöÇΓöÇΓöÇΓöÇΓöÇΓöÇΓöÇΓöÇΓöÇΓöÇΓöÇ */}
                      <div className=\"space-y-4 rounded-2xl border border-rose-100 bg-gradient-to-br from-rose-50/40 to-pink-50/40 p-4 sm:p-6\">
                        <div className=\"flex items-start justify-between gap-4\">
                          <div className=\"flex min-w-0 items-start gap-3\">
                            <div className=\"w-10 h-10 bg-white rounded-xl flex items-center justify-center text-primary shadow-sm\">
                              <Database className=\"w-5 h-5\" />
                            </div>
                            <div className=\"min-w-0\">
                              <h4 className=\"text-sm font-black text-slate-900\">─Éß╗ïnh mß╗⌐c ti├¬u hao vß║¡t t╞░ mß╗ùi {vocab.workUnit.singular.toLowerCase()}</h4>
                              <p className=\"text-[11px] text-slate-500 font-semibold leading-relaxed mt-0.5\">
                                Hß╗ç thß╗æng sß║╜ tß╗▒ trß╗½ kho theo ─æß╗ïnh mß╗⌐c n├áy khi {vocab.worker.short} ho├án th├ánh {vocab.workUnit.singular.toLowerCase()} <span className=\"text-rose-500\">(nß║┐u bß║¡t ß╗ƒ C├ái ─æß║╖t ΓåÆ Quß║ún l├╜ Ti├¬u hao Kho vß║¡n)</span>.
                              </p>
                            </div>
                          </div>
                        </div>┬╖
                        {modalMode === 'add' ? (
                          <div className=\"bg-amber-50 border border-amber-200 rounded-xl p-4 text-xs font-bold text-amber-700 leading-relaxed\">
                            ≡ƒÆí Vui l├▓ng <span className=\"underline\">l╞░u g├│i tr╞░ß╗¢c</span>, sau ─æ├│ mß╗ƒ lß║íi ─æß╗â thiß║┐t lß║¡p ─æß╗ïnh mß╗⌐c ti├¬u hao.
                          </div>
                        ) : loadingMaterials ? (
                          <div className=\"flex items-center gap-2 text-slate-400 text-xs font-bold py-4\">
                            <RefreshCw className=\"w-4 h-4 animate-spin\" /> ─Éang tß║úi ─æß╗ïnh mß╗⌐c...
                          </div>
                        ) : (
                          <>
                            {inventoryItems.length === 0 ? (
                              <div className=\"bg-slate-100 border border-slate-200 rounded-xl p-4 text-xs font-bold text-slate-600 leading-relaxed\">
                                ΓÜá∩╕Å Ch╞░a c├│ vß║¡t t╞░ n├áo trong kho. Vui l├▓ng v├áo <span className=\"underline\">Quß║ún l├╜ Kho Vß║¡t T╞░</span> ─æß╗â th├¬m tr╞░ß╗¢c.
                              </div>
                            ) : (
                              <>
                                <div className=\"space-y-2\">
                                  {materialRows.length === 0 ? (
                                    <div className=\"text-center py-4 bg-white/60 border border-dashed border-rose-200 rounded-xl text-xs font-semibold text-slate-400 italic\">
                                      Ch╞░a c├│ vß║¡t t╞░ n├áo trong ─æß╗ïnh mß╗⌐c. Bß║Ñm &quot;+ Th├¬m vß║¡t t╞░&quot; ─æß╗â bß║»t ─æß║ºu.
                                    </div>
                                  ) : (
                                    <div className=\"space-y-2\">
                                      {/* Header */}
                                      <div className=\"hidden lg:grid grid-cols-[1fr_140px_60px_40px] gap-3 px-3 py-2 text-[9px] font-black text-slate-400 uppercase tracking-widest\">
                                        <span>Vß║¡t t╞░</span>
                                        <span>SL / {vocab.workUnit.singular.toLowerCase()}</span>
                                        <span>─É╞ín vß╗ï</span>
                                        <span></span>
                                      </div>
                                      {materialRows.map((row, idx) => {
                                        const item = inventoryItems.find(it => it.id === row.item_id);
                                        return (
                                          <div key={idx} className=\"grid grid-cols-1 items-center gap-3 rounded-xl border border-rose-100 bg-white p-3 lg:grid-cols-[1fr_140px_60px_40px]\">
                                            <PremiumSelect
                                              value={row.item_id}
                                              onChange={(val) => {
                                                const it = inventoryItems.find(x => x.id === val);
                                                updateMaterialRow(idx, {
                                                  item_id: val,
                                                  name: it?.name,
                                                  unit: it?.unit,
                                                });
                                              }}
                                              options={[
                                                { value: '', label: '-- Chß╗ìn vß║¡t t╞░ --' },
                                                ...inventoryItems.map(it => ({
                                                  value: it.id,
                                                  label: `${it.name} (Tß╗ôn: ${it.stock_level} ${it.unit})`,
                                                })),
                                              ]}
                                              placeholder=\"Chß╗ìn vß║¡t t╞░...\"
                                            />
                                            <input
                                              type=\"number\"
                                              min={0}
                                              step=\"0.01\"
                                              value={row.quantity_per_session === '' ? '' : row.quantity_per_session}
                                              onFocus={e => e.target.select()}
                                              onChange={e => updateMaterialRow(idx, {
                                                quantity_per_session: e.target.value === '' ? '' : parseDecimalInput(e.target.value, { min: 0 }),
                                              })}
                                              placeholder=\"0\"
                                              className=\"w-full bg-slate-50 px-4 py-2.5 rounded-xl text-sm font-bold text-center outline-none focus:ring-2 focus:ring-primary/20\"
                                            />
                                            <span className=\"text-xs font-black text-slate-500 text-center\">
                                              {item?.unit || row.unit || 'ΓÇö'}
                                            </span>
                                            <button
                                              type=\"button\"
                                              onClick={() => removeMaterialRow(idx)}
                                              className=\"w-9 h-9 flex items-center justify-center rounded-xl text-rose-400 hover:text-rose-600 hover:bg-rose-50 transition-all\"
                                              aria-label=\"X├│a vß║¡t t╞░\"
                                            >
                                              <Trash2 className=\"w-4 h-4\" />
                                            </button>
                                          </div>
                                        );
                                      })}
                                    </div>
                                  )}
                                </div>
                                <button
                                  type=\"button\"
                                  onClick={addMaterialRow}
                                  className=\"w-full py-3 bg-white border border-dashed border-rose-300 text-rose-500 hover:bg-rose-50 hover:border-rose-400 rounded-xl font-black text-[10px] uppercase tracking-widest transition-all flex items-center justify-center gap-2\"
                                >
                                  <Plus className=\"w-4 h-4\" /> Th├¬m vß║¡t t╞░ v├áo ─æß╗ïnh mß╗⌐c
                                </button>
                              </>
                            )}
                          </>
                        )}
                      </div>┬╖
                    </div>┬╖
                    {/* Footer */}
                    <div className=\"flex shrink-0 flex-col gap-3 border-t border-slate-100 bg-slate-50/50 p-5 sm:flex-row sm:gap-4 sm:p-10 sm:pt-6\">
                      <button type=\"button\" onClick={() => setIsModalOpen(false)} className=\"flex-1 py-5 bg-slate-100 hover:bg-slate-200 text-slate-600 font-black rounded-[2rem] transition-all uppercase tracking-widest text-xs\">
                        Hß╗ºy bß╗Å
                      </button>
                      <button type=\"submit\" className=\"flex-1 py-5 bg-primary hover:bg-rose-600 text-white font-black rounded-[2rem] shadow-2xl shadow-rose-200 dark:shadow-none transition-all uppercase tracking-widest text-xs\">
                        {modalMode === 'add' ? 'L╞░u dß╗ïch vß╗Ñ' : 'Cß║¡p nhß║¡t dß╗ïch vß╗Ñ'}
                      </button>
                    </div>
                  </form>
                </motion.div>
              </div>
            )}
          </AnimatePresence>
        </div>
      );
    }
    "

      20 |     expect(servicesPageSource).toContain('const canManageServices = hasLoadedTenantModules && enabledModuleOptions.length > 0');
      21 |     expect(servicesPageSource).toContain('const showModuleFilter = hasLoadedTenantModules && enabledModuleOptions.length > 1');
    > 22 |     expect(servicesPageSource).toContain('{hasLoadedTenantModules && enabledModules.babycare && (');
         |                                ^
      23 |     expect(servicesPageSource).toContain('disabled={!canManageServices}');
      24 |   });
      25 |

      at Object.toContain (src/__tests__/beauty-spa-module-isolation.test.ts:22:32)

FAIL src/__tests__/business-process/procurement-process.test.ts
  ΓùÅ Console

    console.log
      Γùç injected env (9) from .env.local // tip: Γîÿ override existing { override: true }

      at _log (node_modules/dotenv/lib/main.js:131:11)

    console.log
      [Jest Setup] SUPABASE_SERVICE_ROLE_KEY loaded: sb_secret_Dm... (41 chars)

      at Object.log (jest.setup.ts:10:9)

  ΓùÅ Procurement Process (Minimal Demo) ΓÇ║ should approve small requisition automatically

    expect(received).toBe(expected) // Object.is equality

    Expected: true
    Received: false

      68 |
      69 |     expect(['success', 'partial_success']).toContain(result.status);
    > 70 |     expect(result.result.valid).toBe(true);
         |                                 ^
      71 |     expect(result.result.autoApproved).toBe(true);
      72 |     expect(result.result.status).toBe('approved');
      73 |     expect(result.totalExecutionTime).toBeLessThan(100);

      at Object.toBe (src/__tests__/business-process/procurement-process.test.ts:70:33)

  ΓùÅ Procurement Process (Minimal Demo) ΓÇ║ should require manager approval for medium requisition

    expect(received).toBe(expected) // Object.is equality

    Expected: true
    Received: false

      132 |
      133 |     expect(['success', 'partial_success']).toContain(result.status);
    > 134 |     expect(result.result.valid).toBe(true);
          |                                 ^
      135 |     expect(result.result.autoApproved).toBe(false);
      136 |     expect(result.result.requiredApprovers).toContain('Manager A');
      137 |     expect(result.result.status).toBe('pending_approval');

      at Object.toBe (src/__tests__/business-process/procurement-process.test.ts:134:33)

  ΓùÅ Procurement Process (Minimal Demo) ΓÇ║ should reject requisition with insufficient budget

    expect(received).toContain(expected) // indexOf

    Expected substring: "Insufficient budget"
    Received string:    "Amount 15,000,000─æ requires director approval"

      198 |     expect(result.result.valid).toBe(false);
      199 |     expect(result.result.status).toBe('rejected');
    > 200 |     expect(result.result.reason).toContain('Insufficient budget');
          |                                  ^
      201 |   });
      202 | });
      203 |

      at Object.toContain (src/__tests__/business-process/procurement-process.test.ts:200:34)

FAIL src/modules/bookings/actions/__tests__/session-log-actions.test.ts
  ΓùÅ Test suite failed to run

    Cannot find module 'vitest' from 'src/modules/bookings/actions/__tests__/session-log-actions.test.ts'

      17 | import { describe, it, expect, vi, beforeEach, afterEach } from 'vitest';
      18 | import {
    > 19 |   createBookingWithValidation,
         |                 ^
      20 |   updateSessionLog,
      21 |   deleteSessionLog,
      22 | } from '../session-log-actions';

      at Resolver._throwModNotFoundError (node_modules/jest-resolve/build/index.js:895:11)
      at Object.<anonymous> (src/modules/bookings/actions/__tests__/session-log-actions.test.ts:19:17)

FAIL src/lib/decision-engine/__tests__/integration.test.ts
  ΓùÅ Test suite failed to run

    Cannot find module '../bootstrap' from 'src/lib/decision-engine/__tests__/integration.test.ts'

       8 | import { bootstrapForTesting } from '../bootstrap';
       9 | import type { DecisionEngine } from '../core';
    > 10 | import type { DecisionContext } from '../types';
         |                    ^
      11 | import { RuleProvider } from '../providers/RuleProvider';
      12 |
      13 | describe('Decision Engine Platform - Integration', () => {

      at Resolver._throwModNotFoundError (node_modules/jest-resolve/build/index.js:895:11)
      at Object.<anonymous> (src/lib/decision-engine/__tests__/integration.test.ts:10:20)

PASS src/components/rules/__tests__/RuleActionsBuilder.test.tsx
  ΓùÅ Console

    console.log
      Γùç injected env (9) from .env.local // tip: Γîÿ suppress logs { quiet: true }

      at _log (node_modules/dotenv/lib/main.js:131:11)

    console.log
      [Jest Setup] SUPABASE_SERVICE_ROLE_KEY loaded: sb_secret_Dm... (41 chars)

      at Object.log (jest.setup.ts:10:9)

FAIL src/__tests__/integration/booking-flow.integration.test.ts (6.022 s)
  ΓùÅ Console

    console.log
      Γùç injected env (9) from .env.local // tip: Γîÿ override existing { override: true }

      at _log (node_modules/dotenv/lib/main.js:131:11)

    console.log
      [Jest Setup] SUPABASE_SERVICE_ROLE_KEY loaded: sb_secret_Dm... (41 chars)

      at Object.log (jest.setup.ts:10:9)

    console.log
      
      ========================================

      at Object.log (src/__tests__/integration/booking-flow.integration.test.ts:62:13)

    console.log
      ≡ƒÜÇ Starting Booking Flow Integration Tests

      at Object.log (src/__tests__/integration/booking-flow.integration.test.ts:63:13)

    console.log
      ========================================

      at Object.log (src/__tests__/integration/booking-flow.integration.test.ts:64:13)

    console.log
      [Seed] Starting test database seeding...

      at log (src/__tests__/integration/booking-flow-seed.ts:85:11)

    console.log
      [Seed] Γ£à Tenant created

      at log (src/__tests__/integration/booking-flow-seed.ts:108:13)

    console.log
      [Seed] Γ£à KTVs created (5 users)

      at log (src/__tests__/integration/booking-flow-seed.ts:190:13)

    console.log
      [Seed] Γ£à Customers created (3 customers)

      at log (src/__tests__/integration/booking-flow-seed.ts:230:13)

    console.log
      [Seed] Γ£à Emma's bookings created (8 sessions on 2026-07-14)

      at log (src/__tests__/integration/booking-flow-seed.ts:263:13)

    console.log
      [Seed] Γ£à Test database seeding completed successfully!

      at log (src/__tests__/integration/booking-flow-seed.ts:265:13)

    console.log
      [Setup] Verifying test environment...

      at log (src/__tests__/integration/booking-flow-helpers.ts:34:11)

    console.log
      [Cleanup] Cleaning test environment...

      at log (src/__tests__/integration/booking-flow-helpers.ts:78:11)

    console.error
      [Cleanup] ΓÜá∩╕Å Warning: Failed to cleanup test data: {
        code: '42883',
        details: null,
        hint: 'No operator matches the given name and argument types. You might need to add explicit type casts.',
        message: 'operator does not exist: uuid ~~ unknown'
      }

      86 |
      87 |   if (error) {
    > 88 |     console.error('[Cleanup] ΓÜá∩╕Å Warning: Failed to cleanup test data:', error);
         |             ^
      89 |   }
      90 |
      91 |   console.log('[Cleanup] Γ£à Environment cleaned');

      at error (src/__tests__/integration/booking-flow-helpers.ts:88:13)
      at Object.<anonymous> (src/__tests__/integration/booking-flow.integration.test.ts:82:5)

    console.log
      [Cleanup] Γ£à Environment cleaned

      at log (src/__tests__/integration/booking-flow-helpers.ts:91:11)

    console.log
      [Cleanup] Cleaning test environment...

      at log (src/__tests__/integration/booking-flow-helpers.ts:78:11)

    console.error
      [Cleanup] ΓÜá∩╕Å Warning: Failed to cleanup test data: {
        code: '42883',
        details: null,
        hint: 'No operator matches the given name and argument types. You might need to add explicit type casts.',
        message: 'operator does not exist: uuid ~~ unknown'
      }

      86 |
      87 |   if (error) {
    > 88 |     console.error('[Cleanup] ΓÜá∩╕Å Warning: Failed to cleanup test data:', error);
         |             ^
      89 |   }
      90 |
      91 |   console.log('[Cleanup] Γ£à Environment cleaned');

      at error (src/__tests__/integration/booking-flow-helpers.ts:88:13)
      at Object.<anonymous> (src/__tests__/integration/booking-flow.integration.test.ts:82:5)

    console.log
      [Cleanup] Γ£à Environment cleaned

      at log (src/__tests__/integration/booking-flow-helpers.ts:91:11)

    console.log
      [Cleanup] Cleaning test environment...

      at log (src/__tests__/integration/booking-flow-helpers.ts:78:11)

    console.error
      [Cleanup] ΓÜá∩╕Å Warning: Failed to cleanup test data: {
        code: '42883',
        details: null,
        hint: 'No operator matches the given name and argument types. You might need to add explicit type casts.',
        message: 'operator does not exist: uuid ~~ unknown'
      }

      86 |
      87 |   if (error) {
    > 88 |     console.error('[Cleanup] ΓÜá∩╕Å Warning: Failed to cleanup test data:', error);
         |             ^
      89 |   }
      90 |
      91 |   console.log('[Cleanup] Γ£à Environment cleaned');

      at error (src/__tests__/integration/booking-flow-helpers.ts:88:13)
      at Object.<anonymous> (src/__tests__/integration/booking-flow.integration.test.ts:82:5)

    console.log
      [Cleanup] Γ£à Environment cleaned

      at log (src/__tests__/integration/booking-flow-helpers.ts:91:11)

    console.log
      [Cleanup] Cleaning test environment...

      at log (src/__tests__/integration/booking-flow-helpers.ts:78:11)

    console.error
      [Cleanup] ΓÜá∩╕Å Warning: Failed to cleanup test data: {
        code: '42883',
        details: null,
        hint: 'No operator matches the given name and argument types. You might need to add explicit type casts.',
        message: 'operator does not exist: uuid ~~ unknown'
      }

      86 |
      87 |   if (error) {
    > 88 |     console.error('[Cleanup] ΓÜá∩╕Å Warning: Failed to cleanup test data:', error);
         |             ^
      89 |   }
      90 |
      91 |   console.log('[Cleanup] Γ£à Environment cleaned');

      at error (src/__tests__/integration/booking-flow-helpers.ts:88:13)
      at Object.<anonymous> (src/__tests__/integration/booking-flow.integration.test.ts:82:5)

    console.log
      [Cleanup] Γ£à Environment cleaned

      at log (src/__tests__/integration/booking-flow-helpers.ts:91:11)

    console.log
      [Cleanup] Cleaning test environment...

      at log (src/__tests__/integration/booking-flow-helpers.ts:78:11)

    console.error
      [Cleanup] ΓÜá∩╕Å Warning: Failed to cleanup test data: {
        code: '42883',
        details: null,
        hint: 'No operator matches the given name and argument types. You might need to add explicit type casts.',
        message: 'operator does not exist: uuid ~~ unknown'
      }

      86 |
      87 |   if (error) {
    > 88 |     console.error('[Cleanup] ΓÜá∩╕Å Warning: Failed to cleanup test data:', error);
         |             ^
      89 |   }
      90 |
      91 |   console.log('[Cleanup] Γ£à Environment cleaned');

      at error (src/__tests__/integration/booking-flow-helpers.ts:88:13)
      at Object.<anonymous> (src/__tests__/integration/booking-flow.integration.test.ts:82:5)

    console.log
      [Cleanup] Γ£à Environment cleaned

      at log (src/__tests__/integration/booking-flow-helpers.ts:91:11)

    console.log
      [Cleanup] Cleaning test environment...

      at log (src/__tests__/integration/booking-flow-helpers.ts:78:11)

    console.error
      [Cleanup] ΓÜá∩╕Å Warning: Failed to cleanup test data: {
        code: '42883',
        details: null,
        hint: 'No operator matches the given name and argument types. You might need to add explicit type casts.',
        message: 'operator does not exist: uuid ~~ unknown'
      }

      86 |
      87 |   if (error) {
    > 88 |     console.error('[Cleanup] ΓÜá∩╕Å Warning: Failed to cleanup test data:', error);
         |             ^
      89 |   }
      90 |
      91 |   console.log('[Cleanup] Γ£à Environment cleaned');

      at error (src/__tests__/integration/booking-flow-helpers.ts:88:13)
      at Object.<anonymous> (src/__tests__/integration/booking-flow.integration.test.ts:82:5)

    console.log
      [Cleanup] Γ£à Environment cleaned

      at log (src/__tests__/integration/booking-flow-helpers.ts:91:11)

    console.log
      [Cleanup] Cleaning test environment...

      at log (src/__tests__/integration/booking-flow-helpers.ts:78:11)

    console.error
      [Cleanup] ΓÜá∩╕Å Warning: Failed to cleanup test data: {
        code: '42883',
        details: null,
        hint: 'No operator matches the given name and argument types. You might need to add explicit type casts.',
        message: 'operator does not exist: uuid ~~ unknown'
      }

      86 |
      87 |   if (error) {
    > 88 |     console.error('[Cleanup] ΓÜá∩╕Å Warning: Failed to cleanup test data:', error);
         |             ^
      89 |   }
      90 |
      91 |   console.log('[Cleanup] Γ£à Environment cleaned');

      at error (src/__tests__/integration/booking-flow-helpers.ts:88:13)
      at Object.<anonymous> (src/__tests__/integration/booking-flow.integration.test.ts:82:5)

    console.log
      [Cleanup] Γ£à Environment cleaned

      at log (src/__tests__/integration/booking-flow-helpers.ts:91:11)

    console.log
      [Cleanup] Cleaning test environment...

      at log (src/__tests__/integration/booking-flow-helpers.ts:78:11)

    console.error
      [Cleanup] ΓÜá∩╕Å Warning: Failed to cleanup test data: {
        code: '42883',
        details: null,
        hint: 'No operator matches the given name and argument types. You might need to add explicit type casts.',
        message: 'operator does not exist: uuid ~~ unknown'
      }

      86 |
      87 |   if (error) {
    > 88 |     console.error('[Cleanup] ΓÜá∩╕Å Warning: Failed to cleanup test data:', error);
         |             ^
      89 |   }
      90 |
      91 |   console.log('[Cleanup] Γ£à Environment cleaned');

      at error (src/__tests__/integration/booking-flow-helpers.ts:88:13)
      at Object.<anonymous> (src/__tests__/integration/booking-flow.integration.test.ts:82:5)

    console.log
      [Cleanup] Γ£à Environment cleaned

      at log (src/__tests__/integration/booking-flow-helpers.ts:91:11)

    console.log
      [Cleanup] Cleaning test environment...

      at log (src/__tests__/integration/booking-flow-helpers.ts:78:11)

    console.error
      [Cleanup] ΓÜá∩╕Å Warning: Failed to cleanup test data: {
        code: '42883',
        details: null,
        hint: 'No operator matches the given name and argument types. You might need to add explicit type casts.',
        message: 'operator does not exist: uuid ~~ unknown'
      }

      86 |
      87 |   if (error) {
    > 88 |     console.error('[Cleanup] ΓÜá∩╕Å Warning: Failed to cleanup test data:', error);
         |             ^
      89 |   }
      90 |
      91 |   console.log('[Cleanup] Γ£à Environment cleaned');

      at error (src/__tests__/integration/booking-flow-helpers.ts:88:13)
      at Object.<anonymous> (src/__tests__/integration/booking-flow.integration.test.ts:82:5)

    console.log
      [Cleanup] Γ£à Environment cleaned

      at log (src/__tests__/integration/booking-flow-helpers.ts:91:11)

    console.log
      [Cleanup] Cleaning test environment...

      at log (src/__tests__/integration/booking-flow-helpers.ts:78:11)

    console.error
      [Cleanup] ΓÜá∩╕Å Warning: Failed to cleanup test data: {
        code: '42883',
        details: null,
        hint: 'No operator matches the given name and argument types. You might need to add explicit type casts.',
        message: 'operator does not exist: uuid ~~ unknown'
      }

      86 |
      87 |   if (error) {
    > 88 |     console.error('[Cleanup] ΓÜá∩╕Å Warning: Failed to cleanup test data:', error);
         |             ^
      89 |   }
      90 |
      91 |   console.log('[Cleanup] Γ£à Environment cleaned');

      at error (src/__tests__/integration/booking-flow-helpers.ts:88:13)
      at Object.<anonymous> (src/__tests__/integration/booking-flow.integration.test.ts:82:5)

    console.log
      [Cleanup] Γ£à Environment cleaned

      at log (src/__tests__/integration/booking-flow-helpers.ts:91:11)

    console.log
      [Cleanup] Cleaning test environment...

      at log (src/__tests__/integration/booking-flow-helpers.ts:78:11)

    console.error
      [Cleanup] ΓÜá∩╕Å Warning: Failed to cleanup test data: {
        code: '42883',
        details: null,
        hint: 'No operator matches the given name and argument types. You might need to add explicit type casts.',
        message: 'operator does not exist: uuid ~~ unknown'
      }

      86 |
      87 |   if (error) {
    > 88 |     console.error('[Cleanup] ΓÜá∩╕Å Warning: Failed to cleanup test data:', error);
         |             ^
      89 |   }
      90 |
      91 |   console.log('[Cleanup] Γ£à Environment cleaned');

      at error (src/__tests__/integration/booking-flow-helpers.ts:88:13)
      at Object.<anonymous> (src/__tests__/integration/booking-flow.integration.test.ts:82:5)

    console.log
      [Cleanup] Γ£à Environment cleaned

      at log (src/__tests__/integration/booking-flow-helpers.ts:91:11)

    console.log
      [Cleanup] Cleaning test environment...

      at log (src/__tests__/integration/booking-flow-helpers.ts:78:11)

    console.error
      [Cleanup] ΓÜá∩╕Å Warning: Failed to cleanup test data: {
        code: '42883',
        details: null,
        hint: 'No operator matches the given name and argument types. You might need to add explicit type casts.',
        message: 'operator does not exist: uuid ~~ unknown'
      }

      86 |
      87 |   if (error) {
    > 88 |     console.error('[Cleanup] ΓÜá∩╕Å Warning: Failed to cleanup test data:', error);
         |             ^
      89 |   }
      90 |
      91 |   console.log('[Cleanup] Γ£à Environment cleaned');

      at error (src/__tests__/integration/booking-flow-helpers.ts:88:13)
      at Object.<anonymous> (src/__tests__/integration/booking-flow.integration.test.ts:82:5)

    console.log
      [Cleanup] Γ£à Environment cleaned

      at log (src/__tests__/integration/booking-flow-helpers.ts:91:11)

    console.log
      [Cleanup] Cleaning test environment...

      at log (src/__tests__/integration/booking-flow-helpers.ts:78:11)

    console.error
      [Cleanup] ΓÜá∩╕Å Warning: Failed to cleanup test data: {
        code: '42883',
        details: null,
        hint: 'No operator matches the given name and argument types. You might need to add explicit type casts.',
        message: 'operator does not exist: uuid ~~ unknown'
      }

      86 |
      87 |   if (error) {
    > 88 |     console.error('[Cleanup] ΓÜá∩╕Å Warning: Failed to cleanup test data:', error);
         |             ^
      89 |   }
      90 |
      91 |   console.log('[Cleanup] Γ£à Environment cleaned');

      at error (src/__tests__/integration/booking-flow-helpers.ts:88:13)
      at Object.<anonymous> (src/__tests__/integration/booking-flow.integration.test.ts:82:5)

    console.log
      [Cleanup] Γ£à Environment cleaned

      at log (src/__tests__/integration/booking-flow-helpers.ts:91:11)

    console.log
      [Cleanup] Cleaning test environment...

      at log (src/__tests__/integration/booking-flow-helpers.ts:78:11)

    console.error
      [Cleanup] ΓÜá∩╕Å Warning: Failed to cleanup test data: {
        code: '42883',
        details: null,
        hint: 'No operator matches the given name and argument types. You might need to add explicit type casts.',
        message: 'operator does not exist: uuid ~~ unknown'
      }

      86 |
      87 |   if (error) {
    > 88 |     console.error('[Cleanup] ΓÜá∩╕Å Warning: Failed to cleanup test data:', error);
         |             ^
      89 |   }
      90 |
      91 |   console.log('[Cleanup] Γ£à Environment cleaned');

      at error (src/__tests__/integration/booking-flow-helpers.ts:88:13)
      at Object.<anonymous> (src/__tests__/integration/booking-flow.integration.test.ts:82:5)

    console.log
      [Cleanup] Γ£à Environment cleaned

      at log (src/__tests__/integration/booking-flow-helpers.ts:91:11)

    console.log
      [Cleanup] Cleaning test environment...

      at log (src/__tests__/integration/booking-flow-helpers.ts:78:11)

    console.error
      [Cleanup] ΓÜá∩╕Å Warning: Failed to cleanup test data: {
        code: '42883',
        details: null,
        hint: 'No operator matches the given name and argument types. You might need to add explicit type casts.',
        message: 'operator does not exist: uuid ~~ unknown'
      }

      86 |
      87 |   if (error) {
    > 88 |     console.error('[Cleanup] ΓÜá∩╕Å Warning: Failed to cleanup test data:', error);
         |             ^
      89 |   }
      90 |
      91 |   console.log('[Cleanup] Γ£à Environment cleaned');

      at error (src/__tests__/integration/booking-flow-helpers.ts:88:13)
      at Object.<anonymous> (src/__tests__/integration/booking-flow.integration.test.ts:82:5)

    console.log
      [Cleanup] Γ£à Environment cleaned

      at log (src/__tests__/integration/booking-flow-helpers.ts:91:11)

    console.log
      [Cleanup] Cleaning test environment...

      at log (src/__tests__/integration/booking-flow-helpers.ts:78:11)

    console.error
      [Cleanup] ΓÜá∩╕Å Warning: Failed to cleanup test data: {
        code: '42883',
        details: null,
        hint: 'No operator matches the given name and argument types. You might need to add explicit type casts.',
        message: 'operator does not exist: uuid ~~ unknown'
      }

      86 |
      87 |   if (error) {
    > 88 |     console.error('[Cleanup] ΓÜá∩╕Å Warning: Failed to cleanup test data:', error);
         |             ^
      89 |   }
      90 |
      91 |   console.log('[Cleanup] Γ£à Environment cleaned');

      at error (src/__tests__/integration/booking-flow-helpers.ts:88:13)
      at Object.<anonymous> (src/__tests__/integration/booking-flow.integration.test.ts:82:5)

    console.log
      [Cleanup] Γ£à Environment cleaned

      at log (src/__tests__/integration/booking-flow-helpers.ts:91:11)

    console.log
      [Cleanup] Cleaning test environment...

      at log (src/__tests__/integration/booking-flow-helpers.ts:78:11)

    console.error
      [Cleanup] ΓÜá∩╕Å Warning: Failed to cleanup test data: {
        code: '42883',
        details: null,
        hint: 'No operator matches the given name and argument types. You might need to add explicit type casts.',
        message: 'operator does not exist: uuid ~~ unknown'
      }

      86 |
      87 |   if (error) {
    > 88 |     console.error('[Cleanup] ΓÜá∩╕Å Warning: Failed to cleanup test data:', error);
         |             ^
      89 |   }
      90 |
      91 |   console.log('[Cleanup] Γ£à Environment cleaned');

      at error (src/__tests__/integration/booking-flow-helpers.ts:88:13)
      at Object.<anonymous> (src/__tests__/integration/booking-flow.integration.test.ts:82:5)

    console.log
      [Cleanup] Γ£à Environment cleaned

      at log (src/__tests__/integration/booking-flow-helpers.ts:91:11)

    console.log
      [Cleanup] Cleaning test environment...

      at log (src/__tests__/integration/booking-flow-helpers.ts:78:11)

    console.error
      [Cleanup] ΓÜá∩╕Å Warning: Failed to cleanup test data: {
        code: '42883',
        details: null,
        hint: 'No operator matches the given name and argument types. You might need to add explicit type casts.',
        message: 'operator does not exist: uuid ~~ unknown'
      }

      86 |
      87 |   if (error) {
    > 88 |     console.error('[Cleanup] ΓÜá∩╕Å Warning: Failed to cleanup test data:', error);
         |             ^
      89 |   }
      90 |
      91 |   console.log('[Cleanup] Γ£à Environment cleaned');

      at error (src/__tests__/integration/booking-flow-helpers.ts:88:13)
      at Object.<anonymous> (src/__tests__/integration/booking-flow.integration.test.ts:82:5)

    console.log
      [Cleanup] Γ£à Environment cleaned

      at log (src/__tests__/integration/booking-flow-helpers.ts:91:11)

    console.log
      [Cleanup] Cleaning test environment...

      at log (src/__tests__/integration/booking-flow-helpers.ts:78:11)

    console.error
      [Cleanup] ΓÜá∩╕Å Warning: Failed to cleanup test data: {
        code: '42883',
        details: null,
        hint: 'No operator matches the given name and argument types. You might need to add explicit type casts.',
        message: 'operator does not exist: uuid ~~ unknown'
      }

      86 |
      87 |   if (error) {
    > 88 |     console.error('[Cleanup] ΓÜá∩╕Å Warning: Failed to cleanup test data:', error);
         |             ^
      89 |   }
      90 |
      91 |   console.log('[Cleanup] Γ£à Environment cleaned');

      at error (src/__tests__/integration/booking-flow-helpers.ts:88:13)
      at Object.<anonymous> (src/__tests__/integration/booking-flow.integration.test.ts:82:5)

    console.log
      [Cleanup] Γ£à Environment cleaned

      at log (src/__tests__/integration/booking-flow-helpers.ts:91:11)

    console.log
      [Cleanup] Cleaning test environment...

      at log (src/__tests__/integration/booking-flow-helpers.ts:78:11)

    console.error
      [Cleanup] ΓÜá∩╕Å Warning: Failed to cleanup test data: {
        code: '42883',
        details: null,
        hint: 'No operator matches the given name and argument types. You might need to add explicit type casts.',
        message: 'operator does not exist: uuid ~~ unknown'
      }

      86 |
      87 |   if (error) {
    > 88 |     console.error('[Cleanup] ΓÜá∩╕Å Warning: Failed to cleanup test data:', error);
         |             ^
      89 |   }
      90 |
      91 |   console.log('[Cleanup] Γ£à Environment cleaned');

      at error (src/__tests__/integration/booking-flow-helpers.ts:88:13)
      at Object.<anonymous> (src/__tests__/integration/booking-flow.integration.test.ts:82:5)

    console.log
      [Cleanup] Γ£à Environment cleaned

      at log (src/__tests__/integration/booking-flow-helpers.ts:91:11)

    console.log
      [Cleanup] Cleaning test environment...

      at log (src/__tests__/integration/booking-flow-helpers.ts:78:11)

    console.error
      [Cleanup] ΓÜá∩╕Å Warning: Failed to cleanup test data: {
        code: '42883',
        details: null,
        hint: 'No operator matches the given name and argument types. You might need to add explicit type casts.',
        message: 'operator does not exist: uuid ~~ unknown'
      }

      86 |
      87 |   if (error) {
    > 88 |     console.error('[Cleanup] ΓÜá∩╕Å Warning: Failed to cleanup test data:', error);
         |             ^
      89 |   }
      90 |
      91 |   console.log('[Cleanup] Γ£à Environment cleaned');

      at error (src/__tests__/integration/booking-flow-helpers.ts:88:13)
      at Object.<anonymous> (src/__tests__/integration/booking-flow.integration.test.ts:82:5)

    console.log
      [Cleanup] Γ£à Environment cleaned

      at log (src/__tests__/integration/booking-flow-helpers.ts:91:11)

    console.log
      [Cleanup] Cleaning test environment...

      at log (src/__tests__/integration/booking-flow-helpers.ts:78:11)

    console.error
      [Cleanup] ΓÜá∩╕Å Warning: Failed to cleanup test data: {
        code: '42883',
        details: null,
        hint: 'No operator matches the given name and argument types. You might need to add explicit type casts.',
        message: 'operator does not exist: uuid ~~ unknown'
      }

      86 |
      87 |   if (error) {
    > 88 |     console.error('[Cleanup] ΓÜá∩╕Å Warning: Failed to cleanup test data:', error);
         |             ^
      89 |   }
      90 |
      91 |   console.log('[Cleanup] Γ£à Environment cleaned');

      at error (src/__tests__/integration/booking-flow-helpers.ts:88:13)
      at Object.<anonymous> (src/__tests__/integration/booking-flow.integration.test.ts:82:5)

    console.log
      [Cleanup] Γ£à Environment cleaned

      at log (src/__tests__/integration/booking-flow-helpers.ts:91:11)

    console.log
      [Cleanup] Cleaning test environment...

      at log (src/__tests__/integration/booking-flow-helpers.ts:78:11)

    console.error
      [Cleanup] ΓÜá∩╕Å Warning: Failed to cleanup test data: {
        code: '42883',
        details: null,
        hint: 'No operator matches the given name and argument types. You might need to add explicit type casts.',
        message: 'operator does not exist: uuid ~~ unknown'
      }

      86 |
      87 |   if (error) {
    > 88 |     console.error('[Cleanup] ΓÜá∩╕Å Warning: Failed to cleanup test data:', error);
         |             ^
      89 |   }
      90 |
      91 |   console.log('[Cleanup] Γ£à Environment cleaned');

      at error (src/__tests__/integration/booking-flow-helpers.ts:88:13)
      at Object.<anonymous> (src/__tests__/integration/booking-flow.integration.test.ts:82:5)

    console.log
      [Cleanup] Γ£à Environment cleaned

      at log (src/__tests__/integration/booking-flow-helpers.ts:91:11)

    console.log
      [Cleanup] Cleaning test environment...

      at log (src/__tests__/integration/booking-flow-helpers.ts:78:11)

    console.error
      [Cleanup] ΓÜá∩╕Å Warning: Failed to cleanup test data: {
        code: '42883',
        details: null,
        hint: 'No operator matches the given name and argument types. You might need to add explicit type casts.',
        message: 'operator does not exist: uuid ~~ unknown'
      }

      86 |
      87 |   if (error) {
    > 88 |     console.error('[Cleanup] ΓÜá∩╕Å Warning: Failed to cleanup test data:', error);
         |             ^
      89 |   }
      90 |
      91 |   console.log('[Cleanup] Γ£à Environment cleaned');

      at error (src/__tests__/integration/booking-flow-helpers.ts:88:13)
      at Object.<anonymous> (src/__tests__/integration/booking-flow.integration.test.ts:82:5)

    console.log
      [Cleanup] Γ£à Environment cleaned

      at log (src/__tests__/integration/booking-flow-helpers.ts:91:11)

    console.log
      [Cleanup] Cleaning test environment...

      at log (src/__tests__/integration/booking-flow-helpers.ts:78:11)

    console.error
      [Cleanup] ΓÜá∩╕Å Warning: Failed to cleanup test data: {
        code: '42883',
        details: null,
        hint: 'No operator matches the given name and argument types. You might need to add explicit type casts.',
        message: 'operator does not exist: uuid ~~ unknown'
      }

      86 |
      87 |   if (error) {
    > 88 |     console.error('[Cleanup] ΓÜá∩╕Å Warning: Failed to cleanup test data:', error);
         |             ^
      89 |   }
      90 |
      91 |   console.log('[Cleanup] Γ£à Environment cleaned');

      at error (src/__tests__/integration/booking-flow-helpers.ts:88:13)
      at Object.<anonymous> (src/__tests__/integration/booking-flow.integration.test.ts:82:5)

    console.log
      [Cleanup] Γ£à Environment cleaned

      at log (src/__tests__/integration/booking-flow-helpers.ts:91:11)

    console.log
      [Cleanup] Cleaning test environment...

      at log (src/__tests__/integration/booking-flow-helpers.ts:78:11)

    console.error
      [Cleanup] ΓÜá∩╕Å Warning: Failed to cleanup test data: {
        code: '42883',
        details: null,
        hint: 'No operator matches the given name and argument types. You might need to add explicit type casts.',
        message: 'operator does not exist: uuid ~~ unknown'
      }

      86 |
      87 |   if (error) {
    > 88 |     console.error('[Cleanup] ΓÜá∩╕Å Warning: Failed to cleanup test data:', error);
         |             ^
      89 |   }
      90 |
      91 |   console.log('[Cleanup] Γ£à Environment cleaned');

      at error (src/__tests__/integration/booking-flow-helpers.ts:88:13)
      at Object.<anonymous> (src/__tests__/integration/booking-flow.integration.test.ts:72:5)

    console.log
      [Cleanup] Γ£à Environment cleaned

      at log (src/__tests__/integration/booking-flow-helpers.ts:91:11)

    console.log
      [Cleanup] Starting test database cleanup...

      at log (src/__tests__/integration/booking-flow-seed.ts:285:11)

    console.log
      [Cleanup] Γ£à Session logs deleted

      at log (src/__tests__/integration/booking-flow-seed.ts:295:13)

    console.log
      [Cleanup] Γ£à Bookings deleted

      at log (src/__tests__/integration/booking-flow-seed.ts:302:13)

    console.log
      [Cleanup] Γ£à Customers deleted

      at log (src/__tests__/integration/booking-flow-seed.ts:309:13)

    console.log
      [Cleanup] Γ£à Users deleted

      at log (src/__tests__/integration/booking-flow-seed.ts:316:13)

    console.log
      [Cleanup] Γ£à Tenant deleted

      at log (src/__tests__/integration/booking-flow-seed.ts:323:13)

    console.log
      [Cleanup] Γ£à Test database cleanup completed successfully!

      at log (src/__tests__/integration/booking-flow-seed.ts:325:13)

    console.log
      
      ========================================

      at Object.log (src/__tests__/integration/booking-flow.integration.test.ts:75:13)

    console.log
      Γ£à Booking Flow Integration Tests Complete

      at Object.log (src/__tests__/integration/booking-flow.integration.test.ts:76:13)

    console.log
      ========================================

      at Object.log (src/__tests__/integration/booking-flow.integration.test.ts:77:13)

  ΓùÅ Booking Flow Integration Tests ΓÇ║ Scenario 1: Successful Booking Creation ΓÇ║ should create booking successfully when capacity is available

    Test tenant not found. Run seedTestDatabase() first.

      52 |
      53 |   if (tenantError || !tenant) {
    > 54 |     throw new Error('Test tenant not found. Run seedTestDatabase() first.');
         |           ^
      55 |   }
      56 |
      57 |   // 3. Verify KTVs exist

      at setupTestEnvironment (src/__tests__/integration/booking-flow-helpers.ts:54:11)
      at Object.<anonymous> (src/__tests__/integration/booking-flow.integration.test.ts:67:5)

  ΓùÅ Booking Flow Integration Tests ΓÇ║ Scenario 1: Successful Booking Creation ΓÇ║ should include correct booking details in database

    Test tenant not found. Run seedTestDatabase() first.

      52 |
      53 |   if (tenantError || !tenant) {
    > 54 |     throw new Error('Test tenant not found. Run seedTestDatabase() first.');
         |           ^
      55 |   }
      56 |
      57 |   // 3. Verify KTVs exist

      at setupTestEnvironment (src/__tests__/integration/booking-flow-helpers.ts:54:11)
      at Object.<anonymous> (src/__tests__/integration/booking-flow.integration.test.ts:67:5)

  ΓùÅ Booking Flow Integration Tests ΓÇ║ Scenario 2: Capacity Rejection with Conflicts ΓÇ║ should reject booking when KTV is fully booked

    Test tenant not found. Run seedTestDatabase() first.

      52 |
      53 |   if (tenantError || !tenant) {
    > 54 |     throw new Error('Test tenant not found. Run seedTestDatabase() first.');
         |           ^
      55 |   }
      56 |
      57 |   // 3. Verify KTVs exist

      at setupTestEnvironment (src/__tests__/integration/booking-flow-helpers.ts:54:11)
      at Object.<anonymous> (src/__tests__/integration/booking-flow.integration.test.ts:67:5)

  ΓùÅ Booking Flow Integration Tests ΓÇ║ Scenario 2: Capacity Rejection with Conflicts ΓÇ║ should reject booking creation when capacity conflicts exist

    Test tenant not found. Run seedTestDatabase() first.

      52 |
      53 |   if (tenantError || !tenant) {
    > 54 |     throw new Error('Test tenant not found. Run seedTestDatabase() first.');
         |           ^
      55 |   }
      56 |
      57 |   // 3. Verify KTVs exist

      at setupTestEnvironment (src/__tests__/integration/booking-flow-helpers.ts:54:11)
      at Object.<anonymous> (src/__tests__/integration/booking-flow.integration.test.ts:67:5)

  ΓùÅ Booking Flow Integration Tests ΓÇ║ Scenario 2: Capacity Rejection with Conflicts ΓÇ║ should detect time overlap conflicts

    Test tenant not found. Run seedTestDatabase() first.

      52 |
      53 |   if (tenantError || !tenant) {
    > 54 |     throw new Error('Test tenant not found. Run seedTestDatabase() first.');
         |           ^
      55 |   }
      56 |
      57 |   // 3. Verify KTVs exist

      at setupTestEnvironment (src/__tests__/integration/booking-flow-helpers.ts:54:11)
      at Object.<anonymous> (src/__tests__/integration/booking-flow.integration.test.ts:67:5)

  ΓùÅ Booking Flow Integration Tests ΓÇ║ Scenario 3: Alternative Time Acceptance ΓÇ║ should accept alternative time and create booking successfully

    Test tenant not found. Run seedTestDatabase() first.

      52 |
      53 |   if (tenantError || !tenant) {
    > 54 |     throw new Error('Test tenant not found. Run seedTestDatabase() first.');
         |           ^
      55 |   }
      56 |
      57 |   // 3. Verify KTVs exist

      at setupTestEnvironment (src/__tests__/integration/booking-flow-helpers.ts:54:11)
      at Object.<anonymous> (src/__tests__/integration/booking-flow.integration.test.ts:67:5)

  ΓùÅ Booking Flow Integration Tests ΓÇ║ Scenario 3: Alternative Time Acceptance ΓÇ║ should suggest multiple alternatives when conflicts exist

    Test tenant not found. Run seedTestDatabase() first.

      52 |
      53 |   if (tenantError || !tenant) {
    > 54 |     throw new Error('Test tenant not found. Run seedTestDatabase() first.');
         |           ^
      55 |   }
      56 |
      57 |   // 3. Verify KTVs exist

      at setupTestEnvironment (src/__tests__/integration/booking-flow-helpers.ts:54:11)
      at Object.<anonymous> (src/__tests__/integration/booking-flow.integration.test.ts:67:5)

  ΓùÅ Booking Flow Integration Tests ΓÇ║ Scenario 4: Auto-Assignment ΓÇ║ should auto-assign best KTV when no KTV provided

    Test tenant not found. Run seedTestDatabase() first.

      52 |
      53 |   if (tenantError || !tenant) {
    > 54 |     throw new Error('Test tenant not found. Run seedTestDatabase() first.');
         |           ^
      55 |   }
      56 |
      57 |   // 3. Verify KTVs exist

      at setupTestEnvironment (src/__tests__/integration/booking-flow-helpers.ts:54:11)
      at Object.<anonymous> (src/__tests__/integration/booking-flow.integration.test.ts:67:5)

  ΓùÅ Booking Flow Integration Tests ΓÇ║ Scenario 4: Auto-Assignment ΓÇ║ should integrate auto-assignment in booking creation flow

    Test tenant not found. Run seedTestDatabase() first.

      52 |
      53 |   if (tenantError || !tenant) {
    > 54 |     throw new Error('Test tenant not found. Run seedTestDatabase() first.');
         |           ^
      55 |   }
      56 |
      57 |   // 3. Verify KTVs exist

      at setupTestEnvironment (src/__tests__/integration/booking-flow-helpers.ts:54:11)
      at Object.<anonymous> (src/__tests__/integration/booking-flow.integration.test.ts:67:5)

  ΓùÅ Booking Flow Integration Tests ΓÇ║ Scenario 4: Auto-Assignment ΓÇ║ should prioritize high-rated KTVs for VIP customers

    Test tenant not found. Run seedTestDatabase() first.

      52 |
      53 |   if (tenantError || !tenant) {
    > 54 |     throw new Error('Test tenant not found. Run seedTestDatabase() first.');
         |           ^
      55 |   }
      56 |
      57 |   // 3. Verify KTVs exist

      at setupTestEnvironment (src/__tests__/integration/booking-flow-helpers.ts:54:11)
      at Object.<anonymous> (src/__tests__/integration/booking-flow.integration.test.ts:67:5)

  ΓùÅ Booking Flow Integration Tests ΓÇ║ Scenario 4: Auto-Assignment ΓÇ║ should handle no available KTVs gracefully

    Test tenant not found. Run seedTestDatabase() first.

      52 |
      53 |   if (tenantError || !tenant) {
    > 54 |     throw new Error('Test tenant not found. Run seedTestDatabase() first.');
         |           ^
      55 |   }
      56 |
      57 |   // 3. Verify KTVs exist

      at setupTestEnvironment (src/__tests__/integration/booking-flow-helpers.ts:54:11)
      at Object.<anonymous> (src/__tests__/integration/booking-flow.integration.test.ts:67:5)

  ΓùÅ Booking Flow Integration Tests ΓÇ║ Scenario 5: Assignment Fallback ΓÇ║ should fallback to alternative KTV when preferred KTV unavailable

    Test tenant not found. Run seedTestDatabase() first.

      52 |
      53 |   if (tenantError || !tenant) {
    > 54 |     throw new Error('Test tenant not found. Run seedTestDatabase() first.');
         |           ^
      55 |   }
      56 |
      57 |   // 3. Verify KTVs exist

      at setupTestEnvironment (src/__tests__/integration/booking-flow-helpers.ts:54:11)
      at Object.<anonymous> (src/__tests__/integration/booking-flow.integration.test.ts:67:5)

  ΓùÅ Booking Flow Integration Tests ΓÇ║ Scenario 5: Assignment Fallback ΓÇ║ should assign next best KTV when first choice has low rating

    Test tenant not found. Run seedTestDatabase() first.

      52 |
      53 |   if (tenantError || !tenant) {
    > 54 |     throw new Error('Test tenant not found. Run seedTestDatabase() first.');
         |           ^
      55 |   }
      56 |
      57 |   // 3. Verify KTVs exist

      at setupTestEnvironment (src/__tests__/integration/booking-flow-helpers.ts:54:11)
      at Object.<anonymous> (src/__tests__/integration/booking-flow.integration.test.ts:67:5)

  ΓùÅ Booking Flow Integration Tests ΓÇ║ Scenario 5: Assignment Fallback ΓÇ║ should handle customer booking history in fallback logic

    Test tenant not found. Run seedTestDatabase() first.

      52 |
      53 |   if (tenantError || !tenant) {
    > 54 |     throw new Error('Test tenant not found. Run seedTestDatabase() first.');
         |           ^
      55 |   }
      56 |
      57 |   // 3. Verify KTVs exist

      at setupTestEnvironment (src/__tests__/integration/booking-flow-helpers.ts:54:11)
      at Object.<anonymous> (src/__tests__/integration/booking-flow.integration.test.ts:67:5)

  ΓùÅ Booking Flow Integration Tests ΓÇ║ Scenario 6: Manual Override ΓÇ║ should allow manual KTV selection without auto-assignment

    Test tenant not found. Run seedTestDatabase() first.

      52 |
      53 |   if (tenantError || !tenant) {
    > 54 |     throw new Error('Test tenant not found. Run seedTestDatabase() first.');
         |           ^
      55 |   }
      56 |
      57 |   // 3. Verify KTVs exist

      at setupTestEnvironment (src/__tests__/integration/booking-flow-helpers.ts:54:11)
      at Object.<anonymous> (src/__tests__/integration/booking-flow.integration.test.ts:67:5)

  ΓùÅ Booking Flow Integration Tests ΓÇ║ Scenario 6: Manual Override ΓÇ║ should allow manager to override capacity validation

    Test tenant not found. Run seedTestDatabase() first.

      52 |
      53 |   if (tenantError || !tenant) {
    > 54 |     throw new Error('Test tenant not found. Run seedTestDatabase() first.');
         |           ^
      55 |   }
      56 |
      57 |   // 3. Verify KTVs exist

      at setupTestEnvironment (src/__tests__/integration/booking-flow-helpers.ts:54:11)
      at Object.<anonymous> (src/__tests__/integration/booking-flow.integration.test.ts:67:5)

  ΓùÅ Booking Flow Integration Tests ΓÇ║ Scenario 6: Manual Override ΓÇ║ should prioritize manual selection over auto-assignment recommendations

    Test tenant not found. Run seedTestDatabase() first.

      52 |
      53 |   if (tenantError || !tenant) {
    > 54 |     throw new Error('Test tenant not found. Run seedTestDatabase() first.');
         |           ^
      55 |   }
      56 |
      57 |   // 3. Verify KTVs exist

      at setupTestEnvironment (src/__tests__/integration/booking-flow-helpers.ts:54:11)
      at Object.<anonymous> (src/__tests__/integration/booking-flow.integration.test.ts:67:5)

  ΓùÅ Booking Flow Integration Tests ΓÇ║ Scenario 6: Manual Override ΓÇ║ should track manual override in audit logs

    Test tenant not found. Run seedTestDatabase() first.

      52 |
      53 |   if (tenantError || !tenant) {
    > 54 |     throw new Error('Test tenant not found. Run seedTestDatabase() first.');
         |           ^
      55 |   }
      56 |
      57 |   // 3. Verify KTVs exist

      at setupTestEnvironment (src/__tests__/integration/booking-flow-helpers.ts:54:11)
      at Object.<anonymous> (src/__tests__/integration/booking-flow.integration.test.ts:67:5)

  ΓùÅ Booking Flow Integration Tests ΓÇ║ Scenario 7: Manager Override (Comprehensive) ΓÇ║ should allow both capacity and assignment overrides simultaneously

    Test tenant not found. Run seedTestDatabase() first.

      52 |
      53 |   if (tenantError || !tenant) {
    > 54 |     throw new Error('Test tenant not found. Run seedTestDatabase() first.');
         |           ^
      55 |   }
      56 |
      57 |   // 3. Verify KTVs exist

      at setupTestEnvironment (src/__tests__/integration/booking-flow-helpers.ts:54:11)
      at Object.<anonymous> (src/__tests__/integration/booking-flow.integration.test.ts:67:5)

  ΓùÅ Booking Flow Integration Tests ΓÇ║ Scenario 7: Manager Override (Comprehensive) ΓÇ║ should skip validation but still perform other checks

    Test tenant not found. Run seedTestDatabase() first.

      52 |
      53 |   if (tenantError || !tenant) {
    > 54 |     throw new Error('Test tenant not found. Run seedTestDatabase() first.');
         |           ^
      55 |   }
      56 |
      57 |   // 3. Verify KTVs exist

      at setupTestEnvironment (src/__tests__/integration/booking-flow-helpers.ts:54:11)
      at Object.<anonymous> (src/__tests__/integration/booking-flow.integration.test.ts:67:5)

  ΓùÅ Booking Flow Integration Tests ΓÇ║ Scenario 7: Manager Override (Comprehensive) ΓÇ║ should handle invalid override flags gracefully

    Test tenant not found. Run seedTestDatabase() first.

      52 |
      53 |   if (tenantError || !tenant) {
    > 54 |     throw new Error('Test tenant not found. Run seedTestDatabase() first.');
         |           ^
      55 |   }
      56 |
      57 |   // 3. Verify KTVs exist

      at setupTestEnvironment (src/__tests__/integration/booking-flow-helpers.ts:54:11)
      at Object.<anonymous> (src/__tests__/integration/booking-flow.integration.test.ts:67:5)

  ΓùÅ Booking Flow Integration Tests ΓÇ║ Scenario 8: Race Condition ΓÇ║ should handle concurrent bookings for same KTV/time

    Test tenant not found. Run seedTestDatabase() first.

      52 |
      53 |   if (tenantError || !tenant) {
    > 54 |     throw new Error('Test tenant not found. Run seedTestDatabase() first.');
         |           ^
      55 |   }
      56 |
      57 |   // 3. Verify KTVs exist

      at setupTestEnvironment (src/__tests__/integration/booking-flow-helpers.ts:54:11)
      at Object.<anonymous> (src/__tests__/integration/booking-flow.integration.test.ts:67:5)

  ΓùÅ Booking Flow Integration Tests ΓÇ║ Scenario 8: Race Condition ΓÇ║ should handle concurrent auto-assignments for same time slot

    Test tenant not found. Run seedTestDatabase() first.

      52 |
      53 |   if (tenantError || !tenant) {
    > 54 |     throw new Error('Test tenant not found. Run seedTestDatabase() first.');
         |           ^
      55 |   }
      56 |
      57 |   // 3. Verify KTVs exist

      at setupTestEnvironment (src/__tests__/integration/booking-flow-helpers.ts:54:11)
      at Object.<anonymous> (src/__tests__/integration/booking-flow.integration.test.ts:67:5)

  ΓùÅ Booking Flow Integration Tests ΓÇ║ Scenario 8: Race Condition ΓÇ║ should handle concurrent capacity checks correctly

    Test tenant not found. Run seedTestDatabase() first.

      52 |
      53 |   if (tenantError || !tenant) {
    > 54 |     throw new Error('Test tenant not found. Run seedTestDatabase() first.');
         |           ^
      55 |   }
      56 |
      57 |   // 3. Verify KTVs exist

      at setupTestEnvironment (src/__tests__/integration/booking-flow-helpers.ts:54:11)
      at Object.<anonymous> (src/__tests__/integration/booking-flow.integration.test.ts:67:5)

  ΓùÅ Booking Flow Integration Tests ΓÇ║ Scenario 8: Race Condition ΓÇ║ should measure and report race condition handling performance

    Test tenant not found. Run seedTestDatabase() first.

      52 |
      53 |   if (tenantError || !tenant) {
    > 54 |     throw new Error('Test tenant not found. Run seedTestDatabase() first.');
         |           ^
      55 |   }
      56 |
      57 |   // 3. Verify KTVs exist

      at setupTestEnvironment (src/__tests__/integration/booking-flow-helpers.ts:54:11)
      at Object.<anonymous> (src/__tests__/integration/booking-flow.integration.test.ts:67:5)

PASS src/__tests__/finance.test.ts
  ΓùÅ Console

    console.log
      Γùç injected env (9) from .env.local // tip: Γùê secrets for agents [www.dotenvx.com]

      at _log (node_modules/dotenv/lib/main.js:131:11)

    console.log
      [Jest Setup] SUPABASE_SERVICE_ROLE_KEY loaded: sb_secret_Dm... (41 chars)

      at Object.log (jest.setup.ts:10:9)

PASS src/__tests__/e2e-salary-comprehensive.test.ts
  ΓùÅ Console

    console.log
      Γùç injected env (9) from .env.local // tip: Γîÿ custom filepath { path: '/custom/path/.env' }

      at _log (node_modules/dotenv/lib/main.js:131:11)

    console.log
      [Jest Setup] SUPABASE_SERVICE_ROLE_KEY loaded: sb_secret_Dm... (41 chars)

      at Object.log (jest.setup.ts:10:9)

    console.log
      ≡ƒÜÇ Setting up E2E Salary Test Environment...

      at Object.log (src/__tests__/e2e-salary-comprehensive.test.ts:252:13)

    console.log
      Γ£à Created test tenant: 00000000-0000-0000-0000-000000000001

      at log (src/__tests__/helpers/salary-e2e-db-helper.ts:195:11)

    console.log
      Γ£à Created 3 test KTVs

      at log (src/__tests__/helpers/salary-e2e-db-helper.ts:217:11)

    console.log
      Γ£à Created 3 test packages

      at log (src/__tests__/helpers/salary-e2e-db-helper.ts:239:11)

    console.log
      Γ£à Created test customer: 00000000-0000-0000-0000-000000000201

      at log (src/__tests__/helpers/salary-e2e-db-helper.ts:265:11)

    console.log
      Γ£à Test environment ready

      at Object.log (src/__tests__/e2e-salary-comprehensive.test.ts:299:15)

    console.log
      ≡ƒº╣ Cleaning up E2E Salary Test Environment...

      at Object.log (src/__tests__/e2e-salary-comprehensive.test.ts:307:13)

    console.log
      ≡ƒº╣ Cleaning up test data...

      at log (src/__tests__/helpers/salary-e2e-db-helper.ts:124:11)

    console.warn
      Warning deleting salary_adjustments: operator does not exist: uuid ~~ unknown

      151 |       if (error && error.code !== 'PGRST116') {
      152 |         // PGRST116 = no rows found (OK)
    > 153 |         console.warn(`Warning deleting ${table}:`, error.message);
          |                 ^
      154 |       }
      155 |     }
      156 |

      at warn (src/__tests__/helpers/salary-e2e-db-helper.ts:153:17)
      at Object.<anonymous> (src/__tests__/e2e-salary-comprehensive.test.ts:308:5)

    console.warn
      Warning deleting salary_records: operator does not exist: uuid ~~ unknown

      151 |       if (error && error.code !== 'PGRST116') {
      152 |         // PGRST116 = no rows found (OK)
    > 153 |         console.warn(`Warning deleting ${table}:`, error.message);
          |                 ^
      154 |       }
      155 |     }
      156 |

      at warn (src/__tests__/helpers/salary-e2e-db-helper.ts:153:17)
      at Object.<anonymous> (src/__tests__/e2e-salary-comprehensive.test.ts:308:5)

    console.warn
      Warning deleting expenses: operator does not exist: uuid ~~ unknown

      151 |       if (error && error.code !== 'PGRST116') {
      152 |         // PGRST116 = no rows found (OK)
    > 153 |         console.warn(`Warning deleting ${table}:`, error.message);
          |                 ^
      154 |       }
      155 |     }
      156 |

      at warn (src/__tests__/helpers/salary-e2e-db-helper.ts:153:17)
      at Object.<anonymous> (src/__tests__/e2e-salary-comprehensive.test.ts:308:5)

    console.warn
      Warning deleting kpi_records: operator does not exist: uuid ~~ unknown

      151 |       if (error && error.code !== 'PGRST116') {
      152 |         // PGRST116 = no rows found (OK)
    > 153 |         console.warn(`Warning deleting ${table}:`, error.message);
          |                 ^
      154 |       }
      155 |     }
      156 |

      at warn (src/__tests__/helpers/salary-e2e-db-helper.ts:153:17)
      at Object.<anonymous> (src/__tests__/e2e-salary-comprehensive.test.ts:308:5)

    console.warn
      Warning deleting attendance: operator does not exist: uuid ~~ unknown

      151 |       if (error && error.code !== 'PGRST116') {
      152 |         // PGRST116 = no rows found (OK)
    > 153 |         console.warn(`Warning deleting ${table}:`, error.message);
          |                 ^
      154 |       }
      155 |     }
      156 |

      at warn (src/__tests__/helpers/salary-e2e-db-helper.ts:153:17)
      at Object.<anonymous> (src/__tests__/e2e-salary-comprehensive.test.ts:308:5)

    console.warn
      Warning deleting session_reviews: operator does not exist: uuid ~~ unknown

      151 |       if (error && error.code !== 'PGRST116') {
      152 |         // PGRST116 = no rows found (OK)
    > 153 |         console.warn(`Warning deleting ${table}:`, error.message);
          |                 ^
      154 |       }
      155 |     }
      156 |

      at warn (src/__tests__/helpers/salary-e2e-db-helper.ts:153:17)
      at Object.<anonymous> (src/__tests__/e2e-salary-comprehensive.test.ts:308:5)

    console.warn
      Warning deleting session_logs: operator does not exist: uuid ~~ unknown

      151 |       if (error && error.code !== 'PGRST116') {
      152 |         // PGRST116 = no rows found (OK)
    > 153 |         console.warn(`Warning deleting ${table}:`, error.message);
          |                 ^
      154 |       }
      155 |     }
      156 |

      at warn (src/__tests__/helpers/salary-e2e-db-helper.ts:153:17)
      at Object.<anonymous> (src/__tests__/e2e-salary-comprehensive.test.ts:308:5)

    console.warn
      Warning deleting bookings: operator does not exist: uuid ~~ unknown

      151 |       if (error && error.code !== 'PGRST116') {
      152 |         // PGRST116 = no rows found (OK)
    > 153 |         console.warn(`Warning deleting ${table}:`, error.message);
          |                 ^
      154 |       }
      155 |     }
      156 |

      at warn (src/__tests__/helpers/salary-e2e-db-helper.ts:153:17)
      at Object.<anonymous> (src/__tests__/e2e-salary-comprehensive.test.ts:308:5)

    console.warn
      Warning deleting packages: operator does not exist: uuid ~~ unknown

      151 |       if (error && error.code !== 'PGRST116') {
      152 |         // PGRST116 = no rows found (OK)
    > 153 |         console.warn(`Warning deleting ${table}:`, error.message);
          |                 ^
      154 |       }
      155 |     }
      156 |

      at warn (src/__tests__/helpers/salary-e2e-db-helper.ts:153:17)
      at Object.<anonymous> (src/__tests__/e2e-salary-comprehensive.test.ts:308:5)

    console.warn
      Warning deleting customers: operator does not exist: uuid ~~ unknown

      151 |       if (error && error.code !== 'PGRST116') {
      152 |         // PGRST116 = no rows found (OK)
    > 153 |         console.warn(`Warning deleting ${table}:`, error.message);
          |                 ^
      154 |       }
      155 |     }
      156 |

      at warn (src/__tests__/helpers/salary-e2e-db-helper.ts:153:17)
      at Object.<anonymous> (src/__tests__/e2e-salary-comprehensive.test.ts:308:5)

    console.warn
      Warning deleting users: operator does not exist: uuid ~~ unknown

      151 |       if (error && error.code !== 'PGRST116') {
      152 |         // PGRST116 = no rows found (OK)
    > 153 |         console.warn(`Warning deleting ${table}:`, error.message);
          |                 ^
      154 |       }
      155 |     }
      156 |

      at warn (src/__tests__/helpers/salary-e2e-db-helper.ts:153:17)
      at Object.<anonymous> (src/__tests__/e2e-salary-comprehensive.test.ts:308:5)

    console.warn
      Warning deleting tenants: operator does not exist: uuid ~~ unknown

      151 |       if (error && error.code !== 'PGRST116') {
      152 |         // PGRST116 = no rows found (OK)
    > 153 |         console.warn(`Warning deleting ${table}:`, error.message);
          |                 ^
      154 |       }
      155 |     }
      156 |

      at warn (src/__tests__/helpers/salary-e2e-db-helper.ts:153:17)
      at Object.<anonymous> (src/__tests__/e2e-salary-comprehensive.test.ts:308:5)

    console.log
      Γ£à Cleanup complete

      at log (src/__tests__/helpers/salary-e2e-db-helper.ts:157:13)

    console.log
      Γ£à Cleanup complete

      at Object.log (src/__tests__/e2e-salary-comprehensive.test.ts:309:13)

PASS src/services/intelligence/__tests__/memory-cache.test.ts
  ΓùÅ Console

    console.log
      Γùç injected env (9) from .env.local // tip: Γîÿ custom filepath { path: '/custom/path/.env' }

      at _log (node_modules/dotenv/lib/main.js:131:11)

    console.log
      [Jest Setup] SUPABASE_SERVICE_ROLE_KEY loaded: sb_secret_Dm... (41 chars)

      at Object.log (jest.setup.ts:10:9)

    console.debug
      [MemoryCache] Evicted LRU entry: user:1

      at MemoryCache.debug [as evictLRU] (src/services/intelligence/cache/memory-cache.ts:324:15)

PASS src/__tests__/e2e-payroll-reopen.test.ts
  ΓùÅ Console

    console.log
      Γùç injected env (9) from .env.local // tip: Γîÿ override existing { override: true }

      at _log (node_modules/dotenv/lib/main.js:131:11)

    console.log
      [Jest Setup] SUPABASE_SERVICE_ROLE_KEY loaded: sb_secret_Dm... (41 chars)

      at Object.log (jest.setup.ts:10:9)

    console.log
      Γ£à Step 1: Salary record created {
        salaryRecordId: 'b64a0074-84de-4fa4-a29c-032f16f1cbf0',
        month: '2026-05-01',
        totalSalary: 6950000,
        status: 'draft'
      }

      at Object.log (src/__tests__/e2e-payroll-reopen.test.ts:80:13)

    console.log
      Γ£à Step 2: Payroll closed { is_locked: true, status: 'approved' }

      at Object.log (src/__tests__/e2e-payroll-reopen.test.ts:94:13)

    console.log
      Γ£à Step 3: Locked salary protected from edits { attemptedChange: 7000000, actualValue: 6000000 }

      at Object.log (src/__tests__/e2e-payroll-reopen.test.ts:105:13)

    console.log
      Γ£à Step 4: Payroll reopened { is_locked: false, status: 'draft' }

      at Object.log (src/__tests__/e2e-payroll-reopen.test.ts:117:13)

    console.log
      Γ£à Step 5: Salary corrected { newBaseSalary: 6500000, newTotalSalary: 7450000 }

      at Object.log (src/__tests__/e2e-payroll-reopen.test.ts:130:13)

    console.log
      Γ£à Step 6: Payroll re-closed { is_locked: true, status: 'approved' }

      at Object.log (src/__tests__/e2e-payroll-reopen.test.ts:142:13)

    console.log
      Γ£à Step 7: Re-closed salary protected { attemptedChange: 8000000, actualValue: 6500000 }

      at Object.log (src/__tests__/e2e-payroll-reopen.test.ts:152:13)

    console.log
      
      ≡ƒÄë E2E PAYROLL REOPEN TEST: ALL PASSED!

      at Object.log (src/__tests__/e2e-payroll-reopen.test.ts:154:13)

PASS src/services/intelligence/operational/__tests__/integration.test.ts
  ΓùÅ Console

    console.log
      Γùç injected env (9) from .env.local // tip: Γîÿ suppress logs { quiet: true }

      at _log (node_modules/dotenv/lib/main.js:131:11)

    console.log
      [Jest Setup] SUPABASE_SERVICE_ROLE_KEY loaded: sb_secret_Dm... (41 chars)

      at Object.log (jest.setup.ts:10:9)

    console.log
      [Integration Tests] Running with Supabase: https://lvnvkpyxtuilhrabtlwv.supabase.co

      at Object.log (src/services/intelligence/operational/__tests__/integration.test.ts:85:15)

    console.log
      [Integration Tests] Test Tenant: 00000000-0000-0000-0000-000000000000

      at Object.log (src/services/intelligence/operational/__tests__/integration.test.ts:86:15)

    console.log
      [Integration Tests] Test KTV: 00000000-0000-0000-0000-000000000001

      at Object.log (src/services/intelligence/operational/__tests__/integration.test.ts:87:15)

    console.warn
      [Integration] No KTV performance data found for: 00000000-0000-0000-0000-000000000001

      135 |         });
      136 |       } else {
    > 137 |         console.warn('[Integration] No KTV performance data found for:', TEST_KTV_ID);
          |                 ^
      138 |       }
      139 |     }, 30000); // 30s timeout
      140 |

      at Object.warn (src/services/intelligence/operational/__tests__/integration.test.ts:137:17)

    console.log
      [Integration] week data points: 0

      at Object.log (src/services/intelligence/operational/__tests__/integration.test.ts:147:17)

    console.log
      [Integration] month data points: 0

      at Object.log (src/services/intelligence/operational/__tests__/integration.test.ts:147:17)

    console.log
      [Integration] quarter data points: 0

      at Object.log (src/services/intelligence/operational/__tests__/integration.test.ts:147:17)

    console.warn
      [Integration] No leaderboard data found for tenant: 00000000-0000-0000-0000-000000000000

      189 |         });
      190 |       } else {
    > 191 |         console.warn('[Integration] No leaderboard data found for tenant:', TEST_TENANT_ID);
          |                 ^
      192 |       }
      193 |     }, 30000);
      194 |

      at Object.warn (src/services/intelligence/operational/__tests__/integration.test.ts:191:17)

    console.warn
      [Integration] No inventory data found for tenant: 00000000-0000-0000-0000-000000000000

      235 |         });
      236 |       } else {
    > 237 |         console.warn('[Integration] No inventory data found for tenant:', TEST_TENANT_ID);
          |                 ^
      238 |       }
      239 |     }, 30000);
      240 |

      at Object.warn (src/services/intelligence/operational/__tests__/integration.test.ts:237:17)

    console.log
      [Integration] out_of_stock items: 0

      at Object.log (src/services/intelligence/operational/__tests__/integration.test.ts:254:17)

    console.log
      [Integration] low_stock items: 0

      at Object.log (src/services/intelligence/operational/__tests__/integration.test.ts:254:17)

    console.log
      [Integration] medium_stock items: 0

      at Object.log (src/services/intelligence/operational/__tests__/integration.test.ts:254:17)

    console.log
      [Integration] high_stock items: 0

      at Object.log (src/services/intelligence/operational/__tests__/integration.test.ts:254:17)

    console.warn
      [Integration] No session analytics found for tenant: 00000000-0000-0000-0000-000000000000

      287 |         });
      288 |       } else {
    > 289 |         console.warn('[Integration] No session analytics found for tenant:', TEST_TENANT_ID);
          |                 ^
      290 |       }
      291 |     }, 30000);
      292 |   });

      at Object.warn (src/services/intelligence/operational/__tests__/integration.test.ts:289:17)

    console.warn
      [Integration] No capacity data found for tenant: 00000000-0000-0000-0000-000000000000

      325 |         });
      326 |       } else {
    > 327 |         console.warn('[Integration] No capacity data found for tenant:', TEST_TENANT_ID);
          |                 ^
      328 |       }
      329 |     }, 30000);
      330 |   });

      at Object.warn (src/services/intelligence/operational/__tests__/integration.test.ts:327:17)

PASS src/__tests__/e2e-salary-minimal.test.ts
  ΓùÅ Console

    console.log
      Γùç injected env (9) from .env.local // tip: Γîÿ enable debugging { debug: true }

      at _log (node_modules/dotenv/lib/main.js:131:11)

    console.log
      [Jest Setup] SUPABASE_SERVICE_ROLE_KEY loaded: sb_secret_Dm... (41 chars)

      at Object.log (jest.setup.ts:10:9)

    console.log
      Γ£ô Environment configured for E2E tests

      at log (src/__tests__/helpers/salary-e2e-db-helper.ts:494:11)

    console.log
      ≡ƒÜÇ Setting up minimal salary test...

      at Object.log (src/__tests__/e2e-salary-minimal.test.ts:35:15)

    console.log
      Γ£à Created test tenant: 00000000-0000-0000-0000-000000000001

      at log (src/__tests__/helpers/salary-e2e-db-helper.ts:195:11)

    console.error
      Γ¥î Environment not configured: Error: Failed to create KTVs: invalid input syntax for type uuid: "e2e-salary-test-ktv-alpha"
          at createTestKTVs (D:\Antigravity\Projects\BELLA SPA ERP\src\__tests__\helpers\salary-e2e-db-helper.ts:214:11)
          at processTicksAndRejections (node:internal/process/task_queues:104:5)
          at Object.<anonymous> (D:\Antigravity\Projects\BELLA SPA ERP\src\__tests__\e2e-salary-minimal.test.ts:50:5)

      65 |     console.log('Γ£à Minimal test setup complete');
      66 |     } catch (error) {
    > 67 |       console.error('Γ¥î Environment not configured:', error);
         |               ^
      68 |       console.log('ΓÅ⌐ Skipping E2E tests - set SUPABASE_URL and SUPABASE_SERVICE_ROLE_KEY to run');
      69 |       envConfigured = false;
      70 |     }

      at Object.error (src/__tests__/e2e-salary-minimal.test.ts:67:15)

    console.log
      ΓÅ⌐ Skipping E2E tests - set SUPABASE_URL and SUPABASE_SERVICE_ROLE_KEY to run

      at Object.log (src/__tests__/e2e-salary-minimal.test.ts:68:15)

    console.log
      ΓÅ⌐ Skipping test - environment not configured

      at Object.log (src/__tests__/e2e-salary-minimal.test.ts:81:15)

PASS src/__tests__/e2e-permission-ktv-scope.test.ts
  ΓùÅ Console

    console.log
      Γùç injected env (9) from .env.local // tip: Γîÿ override existing { override: true }

      at _log (node_modules/dotenv/lib/main.js:131:11)

    console.log
      [Jest Setup] SUPABASE_SERVICE_ROLE_KEY loaded: sb_secret_Dm... (41 chars)

      at Object.log (jest.setup.ts:10:9)

    console.log
      Γ£à Salary records created for both KTVs

      at Object.log (src/__tests__/e2e-permission-ktv-scope.test.ts:59:13)

    console.log
      Γ£à KTV A sees only own salary { totalSalary: 6300000 }

      at Object.log (src/__tests__/e2e-permission-ktv-scope.test.ts:72:13)

    console.log
      ΓÜá∩╕Å KTV A cannot see KTV B salary (RLS protected)

      at Object.log (src/__tests__/e2e-permission-ktv-scope.test.ts:82:13)

    console.log
      
      ≡ƒÄë E2E KTV SCOPE TEST: PASSED

      at Object.log (src/__tests__/e2e-permission-ktv-scope.test.ts:84:13)

PASS src/__tests__/integration/finance-intelligence-integration.test.ts
  ΓùÅ Console

    console.log
      Γùç injected env (9) from .env.local // tip: Γîÿ custom filepath { path: '/custom/path/.env' }

      at _log (node_modules/dotenv/lib/main.js:131:11)

    console.log
      [Jest Setup] SUPABASE_SERVICE_ROLE_KEY loaded: sb_secret_Dm... (41 chars)

      at Object.log (jest.setup.ts:10:9)

    console.log
      [createServerClient] Test environment detected - using service role client

      at log (src/lib/supabase-server.ts:23:13)

PASS src/components/rules/__tests__/RuleConditionsBuilder.test.tsx
  ΓùÅ Console

    console.log
      Γùç injected env (9) from .env.local // tip: Γîÿ custom filepath { path: '/custom/path/.env' }

      at _log (node_modules/dotenv/lib/main.js:131:11)

    console.log
      [Jest Setup] SUPABASE_SERVICE_ROLE_KEY loaded: sb_secret_Dm... (41 chars)

      at Object.log (jest.setup.ts:10:9)

PASS src/__tests__/finance-pnl-preflight.test.tsx
  ΓùÅ Console

    console.log
      Γùç injected env (9) from .env.local // tip: Γùê encrypted .env [www.dotenvx.com]

      at _log (node_modules/dotenv/lib/main.js:131:11)

    console.log
      [Jest Setup] SUPABASE_SERVICE_ROLE_KEY loaded: sb_secret_Dm... (41 chars)

      at Object.log (jest.setup.ts:10:9)

    console.log
      [createServerClient] Test environment detected - using service role client

      at log (src/lib/supabase-server.ts:23:13)

    console.log
      [createServerClient] Test environment detected - using service role client

      at log (src/lib/supabase-server.ts:23:13)

    console.warn
      GoTrueClient@sb-lvnvkpyxtuilhrabtlwv-auth-token:1 (2.108.2) 2026-07-14T13:00:41.174Z Multiple GoTrueClient instances detected in the same browser context. It is not an error, but this should be avoided as it may produce undefined behavior when used concurrently under the same storage key.

      22 |   if (process.env.NODE_ENV === 'test') {
      23 |     console.log('[createServerClient] Test environment detected - using service role client');
    > 24 |     return createSupabaseClient<Database>(
         |                                ^
      25 |       process.env.NEXT_PUBLIC_SUPABASE_URL!,
      26 |       process.env.SUPABASE_SERVICE_ROLE_KEY!,
      27 |       {

      at new GoTrueClient (node_modules/@supabase/auth-js/src/GoTrueClient.ts:400:15)
      at new SupabaseAuthClient (node_modules/@supabase/supabase-js/src/lib/SupabaseAuthClient.ts:6:5)
      at SupabaseClient._initSupabaseAuthClient (node_modules/@supabase/supabase-js/src/SupabaseClient.ts:603:12)
      at new SupabaseClient (node_modules/@supabase/supabase-js/src/SupabaseClient.ts:340:24)
      at createClient (node_modules/@supabase/supabase-js/src/index.ts:65:10)
      at src/lib/supabase-server.ts:24:32
      at node_modules/react/cjs/react.development.js:919:19
      at getCurrentUser (src/services/user-actions.ts:77:38)
      at getTenantSettings (src/services/tenant-actions.ts:119:43)
      at src/hooks/useTenantModuleKey.ts:18:22

    console.log
      [getCurrentUser] auth.getUser took 0ms

      at log (src/services/user-actions.ts:84:11)

    console.warn
      [getCurrentUser] No active session found

      147 |       }
      148 |     }
    > 149 |     console.warn('[getCurrentUser] No active session found');
          |             ^
      150 |     return null;
      151 |   }
      152 |

      at warn (src/services/user-actions.ts:149:13)
      at getTenantSettings (src/services/tenant-actions.ts:119:23)
      at src/hooks/useTenantModuleKey.ts:18:22

    console.log
      [getTenantSettings] getCurrentUser took 48ms

      at log (src/services/tenant-actions.ts:120:11)

    console.warn
      [getTenantSettings] Kh├┤ng c├│ tenantId cho ng╞░ß╗¥i d├╣ng hiß╗çn tß║íi

      123 |
      124 |   if (!tenantId) {
    > 125 |     console.warn('[getTenantSettings] Kh├┤ng c├│ tenantId cho ng╞░ß╗¥i d├╣ng hiß╗çn tß║íi');
          |             ^
      126 |     return null;
      127 |   }
      128 |

      at warn (src/services/tenant-actions.ts:125:13)
      at src/hooks/useTenantModuleKey.ts:18:22

PASS src/__tests__/e2e-negative-pipeline.test.ts
  ΓùÅ Console

    console.log
      Γùç injected env (9) from .env.local // tip: Γîÿ enable debugging { debug: true }

      at _log (node_modules/dotenv/lib/main.js:131:11)

    console.log
      [Jest Setup] SUPABASE_SERVICE_ROLE_KEY loaded: sb_secret_Dm... (41 chars)

      at Object.log (jest.setup.ts:10:9)

    console.log
      [createBooking] Level1 resolved tenant: tenant-a

      at log (src/core/services/order/create-booking-helpers.ts:190:15)

    console.log
      [createBooking] Final tenantId: tenant-a | user: null

      at log (src/core/services/order/create-booking-helpers.ts:224:11)

    console.error
      [calculateServerDiscount] Failed to fetch customer: { message: 'No rows found' }

      65 |
      66 |     if (customerError || !customer) {
    > 67 |       console.error('[calculateServerDiscount] Failed to fetch customer:', customerError);
         |               ^
      68 |       return 0; // Fallback: no discount
      69 |     }
      70 |

      at error (src/core/services/order/discount-integration.ts:67:15)
      at buildBookingPayload (src/core/services/order/create-booking-helpers.ts:293:32)
      at createBooking (src/core/services/order/create-booking-action.ts:216:26)
      at Object.<anonymous> (src/__tests__/e2e-negative-pipeline.test.ts:243:26)

    console.log
      [buildBookingPayload] Discount: client=undefined%, server=0% (enforced)

      at log (src/core/services/order/create-booking-helpers.ts:301:13)

    console.log
      [invokeAdapterValidation] No adapter found for module '[object Object]', skipping validation

      at log (src/core/services/order/create-booking-helpers.ts:739:13)

    console.log
      [createBooking] Level1 resolved tenant: tenant-a

      at log (src/core/services/order/create-booking-helpers.ts:190:15)

    console.log
      [createBooking] Final tenantId: tenant-a | user: null

      at log (src/core/services/order/create-booking-helpers.ts:224:11)

    console.error
      [calculateServerDiscount] Failed to fetch customer: { message: 'No rows found' }

      65 |
      66 |     if (customerError || !customer) {
    > 67 |       console.error('[calculateServerDiscount] Failed to fetch customer:', customerError);
         |               ^
      68 |       return 0; // Fallback: no discount
      69 |     }
      70 |

      at error (src/core/services/order/discount-integration.ts:67:15)
      at buildBookingPayload (src/core/services/order/create-booking-helpers.ts:293:32)
      at createBooking (src/core/services/order/create-booking-action.ts:216:26)
      at Object.<anonymous> (src/__tests__/e2e-negative-pipeline.test.ts:278:26)

    console.log
      [buildBookingPayload] Discount: client=undefined%, server=0% (enforced)

      at log (src/core/services/order/create-booking-helpers.ts:301:13)

    console.log
      [invokeAdapterValidation] No adapter found for module '[object Object]', skipping validation

      at log (src/core/services/order/create-booking-helpers.ts:739:13)

    console.error
      Error recording remaining payment: BookingError: Sß╗æ tiß╗ün thanh to├ín v╞░ß╗út qu├í sß╗æ tiß╗ün c├▓n nß╗ú cß╗ºa g├│i (5.000.000 ─æ)
          at recordRemainingPayment (D:\Antigravity\Projects\BELLA SPA ERP\src\core\services\order\payment-actions.ts:43:13)
          at processTicksAndRejections (node:internal/process/task_queues:104:5)
          at Object.<anonymous> (D:\Antigravity\Projects\BELLA SPA ERP\src\__tests__\e2e-negative-pipeline.test.ts:287:23) {
        code: 'BOOKING_PAYMENT_AMOUNT_INVALID',
        details: { bookingId: 'mock-id-l2u1jlat0', amount: 10000000 }
      }

      67 |     return { success: true, data: rpcResult.data };
      68 |   } catch (error) {
    > 69 |     console.error('Error recording remaining payment:', error);
         |             ^
      70 |     return { error: getErrorMessage(error) };
      71 |   }
      72 | }

      at error (src/core/services/order/payment-actions.ts:69:13)
      at Object.<anonymous> (src/__tests__/e2e-negative-pipeline.test.ts:287:23)

    console.log
      [createBooking] Level1 resolved tenant: tenant-a

      at log (src/core/services/order/create-booking-helpers.ts:190:15)

    console.log
      [createBooking] Final tenantId: tenant-a | user: null

      at log (src/core/services/order/create-booking-helpers.ts:224:11)

    console.log
      [PricingActions] Calculating price for Goi Triet Long (pkg-1)

      at log (src/core/services/order/pricing-actions.ts:92:11)

    console.warn
      [PricingActions] No adapter found for module babycare, using base price 0

       99 |
      100 |   if (!adapter) {
    > 101 |     console.warn(
          |             ^
      102 |       `[PricingActions] No adapter found for module ${moduleId}, using base price ${item.basePrice}`
      103 |     );
      104 |     return item.basePrice;

      at warn (src/core/services/order/pricing-actions.ts:101:13)
      at calculateOrderPrice (src/core/services/order/create-booking-helpers.ts:277:28)
      at createBooking (src/core/services/order/create-booking-action.ts:216:26)
      at Object.<anonymous> (src/__tests__/e2e-negative-pipeline.test.ts:308:26)

    console.log
      [buildBookingPayload] Adapter pricing: 3000000 ΓåÆ 0

      at log (src/core/services/order/create-booking-helpers.ts:278:17)

    console.error
      [calculateServerDiscount] Failed to fetch customer: { message: 'No rows found' }

      65 |
      66 |     if (customerError || !customer) {
    > 67 |       console.error('[calculateServerDiscount] Failed to fetch customer:', customerError);
         |               ^
      68 |       return 0; // Fallback: no discount
      69 |     }
      70 |

      at error (src/core/services/order/discount-integration.ts:67:15)
      at buildBookingPayload (src/core/services/order/create-booking-helpers.ts:293:32)
      at createBooking (src/core/services/order/create-booking-action.ts:216:26)
      at Object.<anonymous> (src/__tests__/e2e-negative-pipeline.test.ts:308:26)

    console.log
      [buildBookingPayload] Discount: client=undefined%, server=0% (enforced)

      at log (src/core/services/order/create-booking-helpers.ts:301:13)

    console.log
      [invokeAdapterValidation] No adapter found for module '[object Object]', skipping validation

      at log (src/core/services/order/create-booking-helpers.ts:739:13)

    console.error
      [completeSession] Failed to process session completion, rolling back status: Kho kh├┤ng ─æß╗º nguy├¬n liß╗çu (Gel triß╗çt l├┤ng)

      129 |
      130 |   if (result.error) {
    > 131 |     console.error('[completeSession] Failed to process session completion, rolling back status:', result.error);
          |             ^
      132 |     // Rollback session status
      133 |     const { error: rollbackError } = await supabase.from('session_logs').update({
      134 |       status: existingLog?.status || 'scheduled',

      at error (src/core/services/order/complete-session-action.ts:131:13)
      at Object.<anonymous> (src/__tests__/e2e-negative-pipeline.test.ts:321:24)

    console.log
      [getCurrentUser] auth.getUser took 0ms

      at log (src/services/user-actions.ts:84:11)

    console.log
      [getCurrentUser] Redis cache check took 15ms

      at log (src/services/user-actions.ts:91:13)

    console.log
      [getCurrentUser] Cache MISS - fetching from DB

      at log (src/services/user-actions.ts:97:13)

    console.log
      [getCurrentUser] users table query took 0ms

      at log (src/services/user-actions.ts:162:11)

    console.log
      [getCurrentUser] tenant status query took 0ms

      at log (src/services/user-actions.ts:207:15)

    console.log
      [getCurrentUser] TOTAL TIME: 24ms

      at log (src/services/user-actions.ts:220:11)

    console.error
      Error recording remaining payment: BookingError: Kh├┤ng thß╗â ghi nhß║¡n doanh thu: Kß╗│ kß║┐ to├ín n├áy ─æ├ú ─æ╞░ß╗úc chß╗æt sß╗ò.
          at recordRemainingPayment (D:\Antigravity\Projects\BELLA SPA ERP\src\core\services\order\payment-actions.ts:48:13)
          at processTicksAndRejections (node:internal/process/task_queues:104:5)
          at Object.<anonymous> (D:\Antigravity\Projects\BELLA SPA ERP\src\__tests__\e2e-negative-pipeline.test.ts:364:23) {
        code: 'BOOKING_ACCOUNTING_PERIOD_CLOSED',
        details: undefined
      }

      67 |     return { success: true, data: rpcResult.data };
      68 |   } catch (error) {
    > 69 |     console.error('Error recording remaining payment:', error);
         |             ^
      70 |     return { error: getErrorMessage(error) };
      71 |   }
      72 | }

      at error (src/core/services/order/payment-actions.ts:69:13)
      at Object.<anonymous> (src/__tests__/e2e-negative-pipeline.test.ts:364:23)

    console.error
      Error recording remaining payment: BookingError: Sß╗æ tiß╗ün thanh to├ín phß║úi lß╗¢n h╞ín 0
          at recordRemainingPayment (D:\Antigravity\Projects\BELLA SPA ERP\src\core\services\order\payment-actions.ts:43:13)
          at processTicksAndRejections (node:internal/process/task_queues:104:5)
          at Object.<anonymous> (D:\Antigravity\Projects\BELLA SPA ERP\src\__tests__\e2e-negative-pipeline.test.ts:401:23) {
        code: 'BOOKING_PAYMENT_AMOUNT_INVALID',
        details: { bookingId: 'bk-5', amount: 0 }
      }

      67 |     return { success: true, data: rpcResult.data };
      68 |   } catch (error) {
    > 69 |     console.error('Error recording remaining payment:', error);
         |             ^
      70 |     return { error: getErrorMessage(error) };
      71 |   }
      72 | }

      at error (src/core/services/order/payment-actions.ts:69:13)
      at Object.<anonymous> (src/__tests__/e2e-negative-pipeline.test.ts:401:23)

PASS src/__tests__/business-health.test.ts
  ΓùÅ Console

    console.log
      Γùç injected env (9) from .env.local // tip: Γîÿ multiple files { path: ['.env.local', '.env'] }

      at _log (node_modules/dotenv/lib/main.js:131:11)

    console.log
      [Jest Setup] SUPABASE_SERVICE_ROLE_KEY loaded: sb_secret_Dm... (41 chars)

      at Object.log (jest.setup.ts:10:9)

    console.warn
      [Revalidation] Could not revalidate path: /dashboard/accounting/outbox Error: Invariant: static generation store missing in revalidatePath /dashboard/accounting/outbox
          at revalidate (D:\Antigravity\Projects\BELLA SPA ERP\node_modules\next\src\server\web\spec-extension\revalidate.ts:127:11)
          at revalidate (D:\Antigravity\Projects\BELLA SPA ERP\node_modules\next\src\server\web\spec-extension\revalidate.ts:117:10)
          at revalidatePath (D:\Antigravity\Projects\BELLA SPA ERP\src\lib\revalidate.ts:7:7)
          at processTicksAndRejections (node:internal/process/task_queues:104:5)
          at replayOutboxEvent (D:\Antigravity\Projects\BELLA SPA ERP\src\core\services\accounting\journals.ts:805:3)
          at runBusinessHealthRepairAction (D:\Antigravity\Projects\BELLA SPA ERP\src\core\services\accounting\business-health.ts:929:5)
          at Object.<anonymous> (D:\Antigravity\Projects\BELLA SPA ERP\src\__tests__\business-health.test.ts:459:20)

       8 |     }
       9 |   } catch (error) {
    > 10 |     console.warn('[Revalidation] Could not revalidate path: %s', path, error);
         |             ^
      11 |   }
      12 | }
      13 |

      at warn (src/lib/revalidate.ts:10:13)
      at replayOutboxEvent (src/core/services/accounting/journals.ts:805:3)
      at runBusinessHealthRepairAction (src/core/services/accounting/business-health.ts:929:5)
      at Object.<anonymous> (src/__tests__/business-health.test.ts:459:20)

    console.warn
      [Revalidation] Could not revalidate path: /dashboard/accounting/health Error: Invariant: static generation store missing in revalidatePath /dashboard/accounting/health
          at revalidate (D:\Antigravity\Projects\BELLA SPA ERP\node_modules\next\src\server\web\spec-extension\revalidate.ts:127:11)
          at revalidate (D:\Antigravity\Projects\BELLA SPA ERP\node_modules\next\src\server\web\spec-extension\revalidate.ts:117:10)
          at revalidatePath (D:\Antigravity\Projects\BELLA SPA ERP\src\lib\revalidate.ts:7:7)
          at processTicksAndRejections (node:internal/process/task_queues:104:5)
          at runBusinessHealthRepairAction (D:\Antigravity\Projects\BELLA SPA ERP\src\core\services\accounting\business-health.ts:930:5)
          at Object.<anonymous> (D:\Antigravity\Projects\BELLA SPA ERP\src\__tests__\business-health.test.ts:459:20)

       8 |     }
       9 |   } catch (error) {
    > 10 |     console.warn('[Revalidation] Could not revalidate path: %s', path, error);
         |             ^
      11 |   }
      12 | }
      13 |

      at warn (src/lib/revalidate.ts:10:13)
      at runBusinessHealthRepairAction (src/core/services/accounting/business-health.ts:930:5)
      at Object.<anonymous> (src/__tests__/business-health.test.ts:459:20)

    console.warn
      [Revalidation] Could not revalidate path: /dashboard/accounting/readiness Error: Invariant: static generation store missing in revalidatePath /dashboard/accounting/readiness
          at revalidate (D:\Antigravity\Projects\BELLA SPA ERP\node_modules\next\src\server\web\spec-extension\revalidate.ts:127:11)
          at revalidate (D:\Antigravity\Projects\BELLA SPA ERP\node_modules\next\src\server\web\spec-extension\revalidate.ts:117:10)
          at revalidatePath (D:\Antigravity\Projects\BELLA SPA ERP\src\lib\revalidate.ts:7:7)
          at processTicksAndRejections (node:internal/process/task_queues:104:5)
          at runAccountingMetadataBackfill (D:\Antigravity\Projects\BELLA SPA ERP\src\core\services\accounting\templates.ts:290:5)
          at runBusinessHealthRepairAction (D:\Antigravity\Projects\BELLA SPA ERP\src\core\services\accounting\business-health.ts:940:20)
          at Object.<anonymous> (D:\Antigravity\Projects\BELLA SPA ERP\src\__tests__\business-health.test.ts:480:20)

       8 |     }
       9 |   } catch (error) {
    > 10 |     console.warn('[Revalidation] Could not revalidate path: %s', path, error);
         |             ^
      11 |   }
      12 | }
      13 |

      at warn (src/lib/revalidate.ts:10:13)
      at runAccountingMetadataBackfill (src/core/services/accounting/templates.ts:290:5)
      at runBusinessHealthRepairAction (src/core/services/accounting/business-health.ts:940:20)
      at Object.<anonymous> (src/__tests__/business-health.test.ts:480:20)

    console.warn
      [Revalidation] Could not revalidate path: /dashboard/accounting/reconciliation Error: Invariant: static generation store missing in revalidatePath /dashboard/accounting/reconciliation
          at revalidate (D:\Antigravity\Projects\BELLA SPA ERP\node_modules\next\src\server\web\spec-extension\revalidate.ts:127:11)
          at revalidate (D:\Antigravity\Projects\BELLA SPA ERP\node_modules\next\src\server\web\spec-extension\revalidate.ts:117:10)
          at revalidatePath (D:\Antigravity\Projects\BELLA SPA ERP\src\lib\revalidate.ts:7:7)
          at processTicksAndRejections (node:internal/process/task_queues:104:5)
          at runAccountingMetadataBackfill (D:\Antigravity\Projects\BELLA SPA ERP\src\core\services\accounting\templates.ts:291:5)
          at runBusinessHealthRepairAction (D:\Antigravity\Projects\BELLA SPA ERP\src\core\services\accounting\business-health.ts:940:20)
          at Object.<anonymous> (D:\Antigravity\Projects\BELLA SPA ERP\src\__tests__\business-health.test.ts:480:20)

       8 |     }
       9 |   } catch (error) {
    > 10 |     console.warn('[Revalidation] Could not revalidate path: %s', path, error);
         |             ^
      11 |   }
      12 | }
      13 |

      at warn (src/lib/revalidate.ts:10:13)
      at runAccountingMetadataBackfill (src/core/services/accounting/templates.ts:291:5)
      at runBusinessHealthRepairAction (src/core/services/accounting/business-health.ts:940:20)
      at Object.<anonymous> (src/__tests__/business-health.test.ts:480:20)

    console.warn
      [Revalidation] Could not revalidate path: /dashboard/accounting/health Error: Invariant: static generation store missing in revalidatePath /dashboard/accounting/health
          at revalidate (D:\Antigravity\Projects\BELLA SPA ERP\node_modules\next\src\server\web\spec-extension\revalidate.ts:127:11)
          at revalidate (D:\Antigravity\Projects\BELLA SPA ERP\node_modules\next\src\server\web\spec-extension\revalidate.ts:117:10)
          at revalidatePath (D:\Antigravity\Projects\BELLA SPA ERP\src\lib\revalidate.ts:7:7)
          at processTicksAndRejections (node:internal/process/task_queues:104:5)
          at runBusinessHealthRepairAction (D:\Antigravity\Projects\BELLA SPA ERP\src\core\services\accounting\business-health.ts:945:5)
          at Object.<anonymous> (D:\Antigravity\Projects\BELLA SPA ERP\src\__tests__\business-health.test.ts:480:20)

       8 |     }
       9 |   } catch (error) {
    > 10 |     console.warn('[Revalidation] Could not revalidate path: %s', path, error);
         |             ^
      11 |   }
      12 | }
      13 |

      at warn (src/lib/revalidate.ts:10:13)
      at runBusinessHealthRepairAction (src/core/services/accounting/business-health.ts:945:5)
      at Object.<anonymous> (src/__tests__/business-health.test.ts:480:20)

    console.warn
      [Revalidation] Could not revalidate path: /dashboard/finance/reconciliation Error: Invariant: static generation store missing in revalidatePath /dashboard/finance/reconciliation
          at revalidate (D:\Antigravity\Projects\BELLA SPA ERP\node_modules\next\src\server\web\spec-extension\revalidate.ts:127:11)
          at revalidate (D:\Antigravity\Projects\BELLA SPA ERP\node_modules\next\src\server\web\spec-extension\revalidate.ts:117:10)
          at revalidatePath (D:\Antigravity\Projects\BELLA SPA ERP\src\lib\revalidate.ts:7:7)
          at processTicksAndRejections (node:internal/process/task_queues:104:5)
          at syncPaidDepositBookingStatus (D:\Antigravity\Projects\BELLA SPA ERP\src\core\services\accounting\business-health.ts:1160:3)
          at runBusinessHealthRepairAction (D:\Antigravity\Projects\BELLA SPA ERP\src\core\services\accounting\business-health.ts:961:21)
          at Object.<anonymous> (D:\Antigravity\Projects\BELLA SPA ERP\src\__tests__\business-health.test.ts:527:20)

       8 |     }
       9 |   } catch (error) {
    > 10 |     console.warn('[Revalidation] Could not revalidate path: %s', path, error);
         |             ^
      11 |   }
      12 | }
      13 |

      at warn (src/lib/revalidate.ts:10:13)
      at syncPaidDepositBookingStatus (src/core/services/accounting/business-health.ts:1160:3)
      at runBusinessHealthRepairAction (src/core/services/accounting/business-health.ts:961:21)
      at Object.<anonymous> (src/__tests__/business-health.test.ts:527:20)

    console.warn
      [Revalidation] Could not revalidate path: /dashboard/customers Error: Invariant: static generation store missing in revalidatePath /dashboard/customers
          at revalidate (D:\Antigravity\Projects\BELLA SPA ERP\node_modules\next\src\server\web\spec-extension\revalidate.ts:127:11)
          at revalidate (D:\Antigravity\Projects\BELLA SPA ERP\node_modules\next\src\server\web\spec-extension\revalidate.ts:117:10)
          at revalidatePath (D:\Antigravity\Projects\BELLA SPA ERP\src\lib\revalidate.ts:7:7)
          at processTicksAndRejections (node:internal/process/task_queues:104:5)
          at syncPaidDepositBookingStatus (D:\Antigravity\Projects\BELLA SPA ERP\src\core\services\accounting\business-health.ts:1161:3)
          at runBusinessHealthRepairAction (D:\Antigravity\Projects\BELLA SPA ERP\src\core\services\accounting\business-health.ts:961:21)
          at Object.<anonymous> (D:\Antigravity\Projects\BELLA SPA ERP\src\__tests__\business-health.test.ts:527:20)

       8 |     }
       9 |   } catch (error) {
    > 10 |     console.warn('[Revalidation] Could not revalidate path: %s', path, error);
         |             ^
      11 |   }
      12 | }
      13 |

      at warn (src/lib/revalidate.ts:10:13)
      at syncPaidDepositBookingStatus (src/core/services/accounting/business-health.ts:1161:3)
      at runBusinessHealthRepairAction (src/core/services/accounting/business-health.ts:961:21)
      at Object.<anonymous> (src/__tests__/business-health.test.ts:527:20)

    console.warn
      [Revalidation] Could not revalidate path: /dashboard/customers/customer-1 Error: Invariant: static generation store missing in revalidatePath /dashboard/customers/customer-1
          at revalidate (D:\Antigravity\Projects\BELLA SPA ERP\node_modules\next\src\server\web\spec-extension\revalidate.ts:127:11)
          at revalidate (D:\Antigravity\Projects\BELLA SPA ERP\node_modules\next\src\server\web\spec-extension\revalidate.ts:117:10)
          at revalidatePath (D:\Antigravity\Projects\BELLA SPA ERP\src\lib\revalidate.ts:7:7)
          at processTicksAndRejections (node:internal/process/task_queues:104:5)
          at syncPaidDepositBookingStatus (D:\Antigravity\Projects\BELLA SPA ERP\src\core\services\accounting\business-health.ts:1162:3)
          at runBusinessHealthRepairAction (D:\Antigravity\Projects\BELLA SPA ERP\src\core\services\accounting\business-health.ts:961:21)
          at Object.<anonymous> (D:\Antigravity\Projects\BELLA SPA ERP\src\__tests__\business-health.test.ts:527:20)

       8 |     }
       9 |   } catch (error) {
    > 10 |     console.warn('[Revalidation] Could not revalidate path: %s', path, error);
         |             ^
      11 |   }
      12 | }
      13 |

      at warn (src/lib/revalidate.ts:10:13)
      at syncPaidDepositBookingStatus (src/core/services/accounting/business-health.ts:1162:3)
      at runBusinessHealthRepairAction (src/core/services/accounting/business-health.ts:961:21)
      at Object.<anonymous> (src/__tests__/business-health.test.ts:527:20)

    console.warn
      [Revalidation] Could not revalidate path: /dashboard/accounting/health Error: Invariant: static generation store missing in revalidatePath /dashboard/accounting/health
          at revalidate (D:\Antigravity\Projects\BELLA SPA ERP\node_modules\next\src\server\web\spec-extension\revalidate.ts:127:11)
          at revalidate (D:\Antigravity\Projects\BELLA SPA ERP\node_modules\next\src\server\web\spec-extension\revalidate.ts:117:10)
          at revalidatePath (D:\Antigravity\Projects\BELLA SPA ERP\src\lib\revalidate.ts:7:7)
          at processTicksAndRejections (node:internal/process/task_queues:104:5)
          at runBusinessHealthRepairAction (D:\Antigravity\Projects\BELLA SPA ERP\src\core\services\accounting\business-health.ts:962:5)
          at Object.<anonymous> (D:\Antigravity\Projects\BELLA SPA ERP\src\__tests__\business-health.test.ts:527:20)

       8 |     }
       9 |   } catch (error) {
    > 10 |     console.warn('[Revalidation] Could not revalidate path: %s', path, error);
         |             ^
      11 |   }
      12 | }
      13 |

      at warn (src/lib/revalidate.ts:10:13)
      at runBusinessHealthRepairAction (src/core/services/accounting/business-health.ts:962:5)
      at Object.<anonymous> (src/__tests__/business-health.test.ts:527:20)

    console.warn
      [Revalidation] Could not revalidate path: /dashboard/sessions Error: Invariant: static generation store missing in revalidatePath /dashboard/sessions
          at revalidate (D:\Antigravity\Projects\BELLA SPA ERP\node_modules\next\src\server\web\spec-extension\revalidate.ts:127:11)
          at revalidate (D:\Antigravity\Projects\BELLA SPA ERP\node_modules\next\src\server\web\spec-extension\revalidate.ts:117:10)
          at revalidatePath (D:\Antigravity\Projects\BELLA SPA ERP\src\lib\revalidate.ts:7:7)
          at processTicksAndRejections (node:internal/process/task_queues:104:5)
          at syncBookingCompletedSessions (D:\Antigravity\Projects\BELLA SPA ERP\src\core\services\accounting\business-health.ts:1260:3)
          at runBusinessHealthRepairAction (D:\Antigravity\Projects\BELLA SPA ERP\src\core\services\accounting\business-health.ts:976:21)
          at Object.<anonymous> (D:\Antigravity\Projects\BELLA SPA ERP\src\__tests__\business-health.test.ts:619:20)

       8 |     }
       9 |   } catch (error) {
    > 10 |     console.warn('[Revalidation] Could not revalidate path: %s', path, error);
         |             ^
      11 |   }
      12 | }
      13 |

      at warn (src/lib/revalidate.ts:10:13)
      at syncBookingCompletedSessions (src/core/services/accounting/business-health.ts:1260:3)
      at runBusinessHealthRepairAction (src/core/services/accounting/business-health.ts:976:21)
      at Object.<anonymous> (src/__tests__/business-health.test.ts:619:20)

    console.warn
      [Revalidation] Could not revalidate path: /dashboard/bookings Error: Invariant: static generation store missing in revalidatePath /dashboard/bookings
          at revalidate (D:\Antigravity\Projects\BELLA SPA ERP\node_modules\next\src\server\web\spec-extension\revalidate.ts:127:11)
          at revalidate (D:\Antigravity\Projects\BELLA SPA ERP\node_modules\next\src\server\web\spec-extension\revalidate.ts:117:10)
          at revalidatePath (D:\Antigravity\Projects\BELLA SPA ERP\src\lib\revalidate.ts:7:7)
          at processTicksAndRejections (node:internal/process/task_queues:104:5)
          at syncBookingCompletedSessions (D:\Antigravity\Projects\BELLA SPA ERP\src\core\services\accounting\business-health.ts:1261:3)
          at runBusinessHealthRepairAction (D:\Antigravity\Projects\BELLA SPA ERP\src\core\services\accounting\business-health.ts:976:21)
          at Object.<anonymous> (D:\Antigravity\Projects\BELLA SPA ERP\src\__tests__\business-health.test.ts:619:20)

       8 |     }
       9 |   } catch (error) {
    > 10 |     console.warn('[Revalidation] Could not revalidate path: %s', path, error);
         |             ^
      11 |   }
      12 | }
      13 |

      at warn (src/lib/revalidate.ts:10:13)
      at syncBookingCompletedSessions (src/core/services/accounting/business-health.ts:1261:3)
      at runBusinessHealthRepairAction (src/core/services/accounting/business-health.ts:976:21)
      at Object.<anonymous> (src/__tests__/business-health.test.ts:619:20)

    console.warn
      [Revalidation] Could not revalidate path: /dashboard/customers Error: Invariant: static generation store missing in revalidatePath /dashboard/customers
          at revalidate (D:\Antigravity\Projects\BELLA SPA ERP\node_modules\next\src\server\web\spec-extension\revalidate.ts:127:11)
          at revalidate (D:\Antigravity\Projects\BELLA SPA ERP\node_modules\next\src\server\web\spec-extension\revalidate.ts:117:10)
          at revalidatePath (D:\Antigravity\Projects\BELLA SPA ERP\src\lib\revalidate.ts:7:7)
          at processTicksAndRejections (node:internal/process/task_queues:104:5)
          at syncBookingCompletedSessions (D:\Antigravity\Projects\BELLA SPA ERP\src\core\services\accounting\business-health.ts:1262:3)
          at runBusinessHealthRepairAction (D:\Antigravity\Projects\BELLA SPA ERP\src\core\services\accounting\business-health.ts:976:21)
          at Object.<anonymous> (D:\Antigravity\Projects\BELLA SPA ERP\src\__tests__\business-health.test.ts:619:20)

       8 |     }
       9 |   } catch (error) {
    > 10 |     console.warn('[Revalidation] Could not revalidate path: %s', path, error);
         |             ^
      11 |   }
      12 | }
      13 |

      at warn (src/lib/revalidate.ts:10:13)
      at syncBookingCompletedSessions (src/core/services/accounting/business-health.ts:1262:3)
      at runBusinessHealthRepairAction (src/core/services/accounting/business-health.ts:976:21)
      at Object.<anonymous> (src/__tests__/business-health.test.ts:619:20)

    console.warn
      [Revalidation] Could not revalidate path: /dashboard/customers/customer-1 Error: Invariant: static generation store missing in revalidatePath /dashboard/customers/customer-1
          at revalidate (D:\Antigravity\Projects\BELLA SPA ERP\node_modules\next\src\server\web\spec-extension\revalidate.ts:127:11)
          at revalidate (D:\Antigravity\Projects\BELLA SPA ERP\node_modules\next\src\server\web\spec-extension\revalidate.ts:117:10)
          at revalidatePath (D:\Antigravity\Projects\BELLA SPA ERP\src\lib\revalidate.ts:7:7)
          at processTicksAndRejections (node:internal/process/task_queues:104:5)
          at syncBookingCompletedSessions (D:\Antigravity\Projects\BELLA SPA ERP\src\core\services\accounting\business-health.ts:1263:3)
          at runBusinessHealthRepairAction (D:\Antigravity\Projects\BELLA SPA ERP\src\core\services\accounting\business-health.ts:976:21)
          at Object.<anonymous> (D:\Antigravity\Projects\BELLA SPA ERP\src\__tests__\business-health.test.ts:619:20)

       8 |     }
       9 |   } catch (error) {
    > 10 |     console.warn('[Revalidation] Could not revalidate path: %s', path, error);
         |             ^
      11 |   }
      12 | }
      13 |

      at warn (src/lib/revalidate.ts:10:13)
      at syncBookingCompletedSessions (src/core/services/accounting/business-health.ts:1263:3)
      at runBusinessHealthRepairAction (src/core/services/accounting/business-health.ts:976:21)
      at Object.<anonymous> (src/__tests__/business-health.test.ts:619:20)

    console.warn
      [Revalidation] Could not revalidate path: /dashboard/accounting/health Error: Invariant: static generation store missing in revalidatePath /dashboard/accounting/health
          at revalidate (D:\Antigravity\Projects\BELLA SPA ERP\node_modules\next\src\server\web\spec-extension\revalidate.ts:127:11)
          at revalidate (D:\Antigravity\Projects\BELLA SPA ERP\node_modules\next\src\server\web\spec-extension\revalidate.ts:117:10)
          at revalidatePath (D:\Antigravity\Projects\BELLA SPA ERP\src\lib\revalidate.ts:7:7)
          at processTicksAndRejections (node:internal/process/task_queues:104:5)
          at runBusinessHealthRepairAction (D:\Antigravity\Projects\BELLA SPA ERP\src\core\services\accounting\business-health.ts:977:5)
          at Object.<anonymous> (D:\Antigravity\Projects\BELLA SPA ERP\src\__tests__\business-health.test.ts:619:20)

       8 |     }
       9 |   } catch (error) {
    > 10 |     console.warn('[Revalidation] Could not revalidate path: %s', path, error);
         |             ^
      11 |   }
      12 | }
      13 |

      at warn (src/lib/revalidate.ts:10:13)
      at runBusinessHealthRepairAction (src/core/services/accounting/business-health.ts:977:5)
      at Object.<anonymous> (src/__tests__/business-health.test.ts:619:20)

    console.warn
      [Revalidation] Could not revalidate path: /dashboard/inventory Error: Invariant: static generation store missing in revalidatePath /dashboard/inventory
          at revalidate (D:\Antigravity\Projects\BELLA SPA ERP\node_modules\next\src\server\web\spec-extension\revalidate.ts:127:11)
          at revalidate (D:\Antigravity\Projects\BELLA SPA ERP\node_modules\next\src\server\web\spec-extension\revalidate.ts:117:10)
          at revalidatePath (D:\Antigravity\Projects\BELLA SPA ERP\src\lib\revalidate.ts:7:7)
          at processTicksAndRejections (node:internal/process/task_queues:104:5)
          at createMissingInventoryConsumption (D:\Antigravity\Projects\BELLA SPA ERP\src\core\services\accounting\business-health.ts:1388:3)
          at runBusinessHealthRepairAction (D:\Antigravity\Projects\BELLA SPA ERP\src\core\services\accounting\business-health.ts:991:21)
          at Object.<anonymous> (D:\Antigravity\Projects\BELLA SPA ERP\src\__tests__\business-health.test.ts:747:20)

       8 |     }
       9 |   } catch (error) {
    > 10 |     console.warn('[Revalidation] Could not revalidate path: %s', path, error);
         |             ^
      11 |   }
      12 | }
      13 |

      at warn (src/lib/revalidate.ts:10:13)
      at createMissingInventoryConsumption (src/core/services/accounting/business-health.ts:1388:3)
      at runBusinessHealthRepairAction (src/core/services/accounting/business-health.ts:991:21)
      at Object.<anonymous> (src/__tests__/business-health.test.ts:747:20)

    console.warn
      [Revalidation] Could not revalidate path: /dashboard/sessions Error: Invariant: static generation store missing in revalidatePath /dashboard/sessions
          at revalidate (D:\Antigravity\Projects\BELLA SPA ERP\node_modules\next\src\server\web\spec-extension\revalidate.ts:127:11)
          at revalidate (D:\Antigravity\Projects\BELLA SPA ERP\node_modules\next\src\server\web\spec-extension\revalidate.ts:117:10)
          at revalidatePath (D:\Antigravity\Projects\BELLA SPA ERP\src\lib\revalidate.ts:7:7)
          at processTicksAndRejections (node:internal/process/task_queues:104:5)
          at createMissingInventoryConsumption (D:\Antigravity\Projects\BELLA SPA ERP\src\core\services\accounting\business-health.ts:1389:3)
          at runBusinessHealthRepairAction (D:\Antigravity\Projects\BELLA SPA ERP\src\core\services\accounting\business-health.ts:991:21)
          at Object.<anonymous> (D:\Antigravity\Projects\BELLA SPA ERP\src\__tests__\business-health.test.ts:747:20)

       8 |     }
       9 |   } catch (error) {
    > 10 |     console.warn('[Revalidation] Could not revalidate path: %s', path, error);
         |             ^
      11 |   }
      12 | }
      13 |

      at warn (src/lib/revalidate.ts:10:13)
      at createMissingInventoryConsumption (src/core/services/accounting/business-health.ts:1389:3)
      at runBusinessHealthRepairAction (src/core/services/accounting/business-health.ts:991:21)
      at Object.<anonymous> (src/__tests__/business-health.test.ts:747:20)

    console.warn
      [Revalidation] Could not revalidate path: /dashboard/accounting/outbox Error: Invariant: static generation store missing in revalidatePath /dashboard/accounting/outbox
          at revalidate (D:\Antigravity\Projects\BELLA SPA ERP\node_modules\next\src\server\web\spec-extension\revalidate.ts:127:11)
          at revalidate (D:\Antigravity\Projects\BELLA SPA ERP\node_modules\next\src\server\web\spec-extension\revalidate.ts:117:10)
          at revalidatePath (D:\Antigravity\Projects\BELLA SPA ERP\src\lib\revalidate.ts:7:7)
          at processTicksAndRejections (node:internal/process/task_queues:104:5)
          at createMissingInventoryConsumption (D:\Antigravity\Projects\BELLA SPA ERP\src\core\services\accounting\business-health.ts:1390:3)
          at runBusinessHealthRepairAction (D:\Antigravity\Projects\BELLA SPA ERP\src\core\services\accounting\business-health.ts:991:21)
          at Object.<anonymous> (D:\Antigravity\Projects\BELLA SPA ERP\src\__tests__\business-health.test.ts:747:20)

       8 |     }
       9 |   } catch (error) {
    > 10 |     console.warn('[Revalidation] Could not revalidate path: %s', path, error);
         |             ^
      11 |   }
      12 | }
      13 |

      at warn (src/lib/revalidate.ts:10:13)
      at createMissingInventoryConsumption (src/core/services/accounting/business-health.ts:1390:3)
      at runBusinessHealthRepairAction (src/core/services/accounting/business-health.ts:991:21)
      at Object.<anonymous> (src/__tests__/business-health.test.ts:747:20)

    console.warn
      [Revalidation] Could not revalidate path: /dashboard/customers Error: Invariant: static generation store missing in revalidatePath /dashboard/customers
          at revalidate (D:\Antigravity\Projects\BELLA SPA ERP\node_modules\next\src\server\web\spec-extension\revalidate.ts:127:11)
          at revalidate (D:\Antigravity\Projects\BELLA SPA ERP\node_modules\next\src\server\web\spec-extension\revalidate.ts:117:10)
          at revalidatePath (D:\Antigravity\Projects\BELLA SPA ERP\src\lib\revalidate.ts:7:7)
          at processTicksAndRejections (node:internal/process/task_queues:104:5)
          at createMissingInventoryConsumption (D:\Antigravity\Projects\BELLA SPA ERP\src\core\services\accounting\business-health.ts:1391:3)
          at runBusinessHealthRepairAction (D:\Antigravity\Projects\BELLA SPA ERP\src\core\services\accounting\business-health.ts:991:21)
          at Object.<anonymous> (D:\Antigravity\Projects\BELLA SPA ERP\src\__tests__\business-health.test.ts:747:20)

       8 |     }
       9 |   } catch (error) {
    > 10 |     console.warn('[Revalidation] Could not revalidate path: %s', path, error);
         |             ^
      11 |   }
      12 | }
      13 |

      at warn (src/lib/revalidate.ts:10:13)
      at createMissingInventoryConsumption (src/core/services/accounting/business-health.ts:1391:3)
      at runBusinessHealthRepairAction (src/core/services/accounting/business-health.ts:991:21)
      at Object.<anonymous> (src/__tests__/business-health.test.ts:747:20)

    console.warn
      [Revalidation] Could not revalidate path: /dashboard/customers/customer-1 Error: Invariant: static generation store missing in revalidatePath /dashboard/customers/customer-1
          at revalidate (D:\Antigravity\Projects\BELLA SPA ERP\node_modules\next\src\server\web\spec-extension\revalidate.ts:127:11)
          at revalidate (D:\Antigravity\Projects\BELLA SPA ERP\node_modules\next\src\server\web\spec-extension\revalidate.ts:117:10)
          at revalidatePath (D:\Antigravity\Projects\BELLA SPA ERP\src\lib\revalidate.ts:7:7)
          at processTicksAndRejections (node:internal/process/task_queues:104:5)
          at createMissingInventoryConsumption (D:\Antigravity\Projects\BELLA SPA ERP\src\core\services\accounting\business-health.ts:1392:3)
          at runBusinessHealthRepairAction (D:\Antigravity\Projects\BELLA SPA ERP\src\core\services\accounting\business-health.ts:991:21)
          at Object.<anonymous> (D:\Antigravity\Projects\BELLA SPA ERP\src\__tests__\business-health.test.ts:747:20)

       8 |     }
       9 |   } catch (error) {
    > 10 |     console.warn('[Revalidation] Could not revalidate path: %s', path, error);
         |             ^
      11 |   }
      12 | }
      13 |

      at warn (src/lib/revalidate.ts:10:13)
      at createMissingInventoryConsumption (src/core/services/accounting/business-health.ts:1392:3)
      at runBusinessHealthRepairAction (src/core/services/accounting/business-health.ts:991:21)
      at Object.<anonymous> (src/__tests__/business-health.test.ts:747:20)

    console.warn
      [Revalidation] Could not revalidate path: /dashboard/accounting/health Error: Invariant: static generation store missing in revalidatePath /dashboard/accounting/health
          at revalidate (D:\Antigravity\Projects\BELLA SPA ERP\node_modules\next\src\server\web\spec-extension\revalidate.ts:127:11)
          at revalidate (D:\Antigravity\Projects\BELLA SPA ERP\node_modules\next\src\server\web\spec-extension\revalidate.ts:117:10)
          at revalidatePath (D:\Antigravity\Projects\BELLA SPA ERP\src\lib\revalidate.ts:7:7)
          at processTicksAndRejections (node:internal/process/task_queues:104:5)
          at runBusinessHealthRepairAction (D:\Antigravity\Projects\BELLA SPA ERP\src\core\services\accounting\business-health.ts:992:5)
          at Object.<anonymous> (D:\Antigravity\Projects\BELLA SPA ERP\src\__tests__\business-health.test.ts:747:20)

       8 |     }
       9 |   } catch (error) {
    > 10 |     console.warn('[Revalidation] Could not revalidate path: %s', path, error);
         |             ^
      11 |   }
      12 | }
      13 |

      at warn (src/lib/revalidate.ts:10:13)
      at runBusinessHealthRepairAction (src/core/services/accounting/business-health.ts:992:5)
      at Object.<anonymous> (src/__tests__/business-health.test.ts:747:20)

    console.warn
      [Revalidation] Could not revalidate path: /dashboard/accounting/outbox Error: Invariant: static generation store missing in revalidatePath /dashboard/accounting/outbox
          at revalidate (D:\Antigravity\Projects\BELLA SPA ERP\node_modules\next\src\server\web\spec-extension\revalidate.ts:127:11)
          at revalidate (D:\Antigravity\Projects\BELLA SPA ERP\node_modules\next\src\server\web\spec-extension\revalidate.ts:117:10)
          at revalidatePath (D:\Antigravity\Projects\BELLA SPA ERP\src\lib\revalidate.ts:7:7)
          at processTicksAndRejections (node:internal/process/task_queues:104:5)
          at enqueueMissingPackageSaleAccounting (D:\Antigravity\Projects\BELLA SPA ERP\src\core\services\accounting\business-health.ts:1656:3)
          at runBusinessHealthRepairAction (D:\Antigravity\Projects\BELLA SPA ERP\src\core\services\accounting\business-health.ts:1036:21)
          at Object.<anonymous> (D:\Antigravity\Projects\BELLA SPA ERP\src\__tests__\business-health.test.ts:902:20)

       8 |     }
       9 |   } catch (error) {
    > 10 |     console.warn('[Revalidation] Could not revalidate path: %s', path, error);
         |             ^
      11 |   }
      12 | }
      13 |

      at warn (src/lib/revalidate.ts:10:13)
      at enqueueMissingPackageSaleAccounting (src/core/services/accounting/business-health.ts:1656:3)
      at runBusinessHealthRepairAction (src/core/services/accounting/business-health.ts:1036:21)
      at Object.<anonymous> (src/__tests__/business-health.test.ts:902:20)

    console.warn
      [Revalidation] Could not revalidate path: /dashboard/accounting/journals Error: Invariant: static generation store missing in revalidatePath /dashboard/accounting/journals
          at revalidate (D:\Antigravity\Projects\BELLA SPA ERP\node_modules\next\src\server\web\spec-extension\revalidate.ts:127:11)
          at revalidate (D:\Antigravity\Projects\BELLA SPA ERP\node_modules\next\src\server\web\spec-extension\revalidate.ts:117:10)
          at revalidatePath (D:\Antigravity\Projects\BELLA SPA ERP\src\lib\revalidate.ts:7:7)
          at processTicksAndRejections (node:internal/process/task_queues:104:5)
          at enqueueMissingPackageSaleAccounting (D:\Antigravity\Projects\BELLA SPA ERP\src\core\services\accounting\business-health.ts:1657:3)
          at runBusinessHealthRepairAction (D:\Antigravity\Projects\BELLA SPA ERP\src\core\services\accounting\business-health.ts:1036:21)
          at Object.<anonymous> (D:\Antigravity\Projects\BELLA SPA ERP\src\__tests__\business-health.test.ts:902:20)

       8 |     }
       9 |   } catch (error) {
    > 10 |     console.warn('[Revalidation] Could not revalidate path: %s', path, error);
         |             ^
      11 |   }
      12 | }
      13 |

      at warn (src/lib/revalidate.ts:10:13)
      at enqueueMissingPackageSaleAccounting (src/core/services/accounting/business-health.ts:1657:3)
      at runBusinessHealthRepairAction (src/core/services/accounting/business-health.ts:1036:21)
      at Object.<anonymous> (src/__tests__/business-health.test.ts:902:20)

    console.warn
      [Revalidation] Could not revalidate path: /dashboard/finance Error: Invariant: static generation store missing in revalidatePath /dashboard/finance
          at revalidate (D:\Antigravity\Projects\BELLA SPA ERP\node_modules\next\src\server\web\spec-extension\revalidate.ts:127:11)
          at revalidate (D:\Antigravity\Projects\BELLA SPA ERP\node_modules\next\src\server\web\spec-extension\revalidate.ts:117:10)
          at revalidatePath (D:\Antigravity\Projects\BELLA SPA ERP\src\lib\revalidate.ts:7:7)
          at processTicksAndRejections (node:internal/process/task_queues:104:5)
          at enqueueMissingPackageSaleAccounting (D:\Antigravity\Projects\BELLA SPA ERP\src\core\services\accounting\business-health.ts:1658:3)
          at runBusinessHealthRepairAction (D:\Antigravity\Projects\BELLA SPA ERP\src\core\services\accounting\business-health.ts:1036:21)
          at Object.<anonymous> (D:\Antigravity\Projects\BELLA SPA ERP\src\__tests__\business-health.test.ts:902:20)

       8 |     }
       9 |   } catch (error) {
    > 10 |     console.warn('[Revalidation] Could not revalidate path: %s', path, error);
         |             ^
      11 |   }
      12 | }
      13 |

      at warn (src/lib/revalidate.ts:10:13)
      at enqueueMissingPackageSaleAccounting (src/core/services/accounting/business-health.ts:1658:3)
      at runBusinessHealthRepairAction (src/core/services/accounting/business-health.ts:1036:21)
      at Object.<anonymous> (src/__tests__/business-health.test.ts:902:20)

    console.warn
      [Revalidation] Could not revalidate path: /dashboard/finance/reconciliation Error: Invariant: static generation store missing in revalidatePath /dashboard/finance/reconciliation
          at revalidate (D:\Antigravity\Projects\BELLA SPA ERP\node_modules\next\src\server\web\spec-extension\revalidate.ts:127:11)
          at revalidate (D:\Antigravity\Projects\BELLA SPA ERP\node_modules\next\src\server\web\spec-extension\revalidate.ts:117:10)
          at revalidatePath (D:\Antigravity\Projects\BELLA SPA ERP\src\lib\revalidate.ts:7:7)
          at processTicksAndRejections (node:internal/process/task_queues:104:5)
          at enqueueMissingPackageSaleAccounting (D:\Antigravity\Projects\BELLA SPA ERP\src\core\services\accounting\business-health.ts:1659:3)
          at runBusinessHealthRepairAction (D:\Antigravity\Projects\BELLA SPA ERP\src\core\services\accounting\business-health.ts:1036:21)
          at Object.<anonymous> (D:\Antigravity\Projects\BELLA SPA ERP\src\__tests__\business-health.test.ts:902:20)

       8 |     }
       9 |   } catch (error) {
    > 10 |     console.warn('[Revalidation] Could not revalidate path: %s', path, error);
         |             ^
      11 |   }
      12 | }
      13 |

      at warn (src/lib/revalidate.ts:10:13)
      at enqueueMissingPackageSaleAccounting (src/core/services/accounting/business-health.ts:1659:3)
      at runBusinessHealthRepairAction (src/core/services/accounting/business-health.ts:1036:21)
      at Object.<anonymous> (src/__tests__/business-health.test.ts:902:20)

    console.warn
      [Revalidation] Could not revalidate path: /dashboard/customers Error: Invariant: static generation store missing in revalidatePath /dashboard/customers
          at revalidate (D:\Antigravity\Projects\BELLA SPA ERP\node_modules\next\src\server\web\spec-extension\revalidate.ts:127:11)
          at revalidate (D:\Antigravity\Projects\BELLA SPA ERP\node_modules\next\src\server\web\spec-extension\revalidate.ts:117:10)
          at revalidatePath (D:\Antigravity\Projects\BELLA SPA ERP\src\lib\revalidate.ts:7:7)
          at processTicksAndRejections (node:internal/process/task_queues:104:5)
          at enqueueMissingPackageSaleAccounting (D:\Antigravity\Projects\BELLA SPA ERP\src\core\services\accounting\business-health.ts:1660:3)
          at runBusinessHealthRepairAction (D:\Antigravity\Projects\BELLA SPA ERP\src\core\services\accounting\business-health.ts:1036:21)
          at Object.<anonymous> (D:\Antigravity\Projects\BELLA SPA ERP\src\__tests__\business-health.test.ts:902:20)

       8 |     }
       9 |   } catch (error) {
    > 10 |     console.warn('[Revalidation] Could not revalidate path: %s', path, error);
         |             ^
      11 |   }
      12 | }
      13 |

      at warn (src/lib/revalidate.ts:10:13)
      at enqueueMissingPackageSaleAccounting (src/core/services/accounting/business-health.ts:1660:3)
      at runBusinessHealthRepairAction (src/core/services/accounting/business-health.ts:1036:21)
      at Object.<anonymous> (src/__tests__/business-health.test.ts:902:20)

    console.warn
      [Revalidation] Could not revalidate path: /dashboard/customers/customer-1 Error: Invariant: static generation store missing in revalidatePath /dashboard/customers/customer-1
          at revalidate (D:\Antigravity\Projects\BELLA SPA ERP\node_modules\next\src\server\web\spec-extension\revalidate.ts:127:11)
          at revalidate (D:\Antigravity\Projects\BELLA SPA ERP\node_modules\next\src\server\web\spec-extension\revalidate.ts:117:10)
          at revalidatePath (D:\Antigravity\Projects\BELLA SPA ERP\src\lib\revalidate.ts:7:7)
          at processTicksAndRejections (node:internal/process/task_queues:104:5)
          at enqueueMissingPackageSaleAccounting (D:\Antigravity\Projects\BELLA SPA ERP\src\core\services\accounting\business-health.ts:1661:3)
          at runBusinessHealthRepairAction (D:\Antigravity\Projects\BELLA SPA ERP\src\core\services\accounting\business-health.ts:1036:21)
          at Object.<anonymous> (D:\Antigravity\Projects\BELLA SPA ERP\src\__tests__\business-health.test.ts:902:20)

       8 |     }
       9 |   } catch (error) {
    > 10 |     console.warn('[Revalidation] Could not revalidate path: %s', path, error);
         |             ^
      11 |   }
      12 | }
      13 |

      at warn (src/lib/revalidate.ts:10:13)
      at enqueueMissingPackageSaleAccounting (src/core/services/accounting/business-health.ts:1661:3)
      at runBusinessHealthRepairAction (src/core/services/accounting/business-health.ts:1036:21)
      at Object.<anonymous> (src/__tests__/business-health.test.ts:902:20)

    console.warn
      [Revalidation] Could not revalidate path: /dashboard/accounting/health Error: Invariant: static generation store missing in revalidatePath /dashboard/accounting/health
          at revalidate (D:\Antigravity\Projects\BELLA SPA ERP\node_modules\next\src\server\web\spec-extension\revalidate.ts:127:11)
          at revalidate (D:\Antigravity\Projects\BELLA SPA ERP\node_modules\next\src\server\web\spec-extension\revalidate.ts:117:10)
          at revalidatePath (D:\Antigravity\Projects\BELLA SPA ERP\src\lib\revalidate.ts:7:7)
          at processTicksAndRejections (node:internal/process/task_queues:104:5)
          at runBusinessHealthRepairAction (D:\Antigravity\Projects\BELLA SPA ERP\src\core\services\accounting\business-health.ts:1037:5)
          at Object.<anonymous> (D:\Antigravity\Projects\BELLA SPA ERP\src\__tests__\business-health.test.ts:902:20)

       8 |     }
       9 |   } catch (error) {
    > 10 |     console.warn('[Revalidation] Could not revalidate path: %s', path, error);
         |             ^
      11 |   }
      12 | }
      13 |

      at warn (src/lib/revalidate.ts:10:13)
      at runBusinessHealthRepairAction (src/core/services/accounting/business-health.ts:1037:5)
      at Object.<anonymous> (src/__tests__/business-health.test.ts:902:20)

    console.warn
      [Revalidation] Could not revalidate path: /dashboard/accounting/outbox Error: Invariant: static generation store missing in revalidatePath /dashboard/accounting/outbox
          at revalidate (D:\Antigravity\Projects\BELLA SPA ERP\node_modules\next\src\server\web\spec-extension\revalidate.ts:127:11)
          at revalidate (D:\Antigravity\Projects\BELLA SPA ERP\node_modules\next\src\server\web\spec-extension\revalidate.ts:117:10)
          at revalidatePath (D:\Antigravity\Projects\BELLA SPA ERP\src\lib\revalidate.ts:7:7)
          at processTicksAndRejections (node:internal/process/task_queues:104:5)
          at enqueueMissingSalaryPaidAccounting (D:\Antigravity\Projects\BELLA SPA ERP\src\core\services\accounting\business-health.ts:1531:3)
          at runBusinessHealthRepairAction (D:\Antigravity\Projects\BELLA SPA ERP\src\core\services\accounting\business-health.ts:1051:21)
          at Object.<anonymous> (D:\Antigravity\Projects\BELLA SPA ERP\src\__tests__\business-health.test.ts:1114:20)

       8 |     }
       9 |   } catch (error) {
    > 10 |     console.warn('[Revalidation] Could not revalidate path: %s', path, error);
         |             ^
      11 |   }
      12 | }
      13 |

      at warn (src/lib/revalidate.ts:10:13)
      at enqueueMissingSalaryPaidAccounting (src/core/services/accounting/business-health.ts:1531:3)
      at runBusinessHealthRepairAction (src/core/services/accounting/business-health.ts:1051:21)
      at Object.<anonymous> (src/__tests__/business-health.test.ts:1114:20)

    console.warn
      [Revalidation] Could not revalidate path: /dashboard/accounting/journals Error: Invariant: static generation store missing in revalidatePath /dashboard/accounting/journals
          at revalidate (D:\Antigravity\Projects\BELLA SPA ERP\node_modules\next\src\server\web\spec-extension\revalidate.ts:127:11)
          at revalidate (D:\Antigravity\Projects\BELLA SPA ERP\node_modules\next\src\server\web\spec-extension\revalidate.ts:117:10)
          at revalidatePath (D:\Antigravity\Projects\BELLA SPA ERP\src\lib\revalidate.ts:7:7)
          at processTicksAndRejections (node:internal/process/task_queues:104:5)
          at enqueueMissingSalaryPaidAccounting (D:\Antigravity\Projects\BELLA SPA ERP\src\core\services\accounting\business-health.ts:1532:3)
          at runBusinessHealthRepairAction (D:\Antigravity\Projects\BELLA SPA ERP\src\core\services\accounting\business-health.ts:1051:21)
          at Object.<anonymous> (D:\Antigravity\Projects\BELLA SPA ERP\src\__tests__\business-health.test.ts:1114:20)

       8 |     }
       9 |   } catch (error) {
    > 10 |     console.warn('[Revalidation] Could not revalidate path: %s', path, error);
         |             ^
      11 |   }
      12 | }
      13 |

      at warn (src/lib/revalidate.ts:10:13)
      at enqueueMissingSalaryPaidAccounting (src/core/services/accounting/business-health.ts:1532:3)
      at runBusinessHealthRepairAction (src/core/services/accounting/business-health.ts:1051:21)
      at Object.<anonymous> (src/__tests__/business-health.test.ts:1114:20)

    console.warn
      [Revalidation] Could not revalidate path: /dashboard/accounting/salary-reconciliation Error: Invariant: static generation store missing in revalidatePath /dashboard/accounting/salary-reconciliation
          at revalidate (D:\Antigravity\Projects\BELLA SPA ERP\node_modules\next\src\server\web\spec-extension\revalidate.ts:127:11)
          at revalidate (D:\Antigravity\Projects\BELLA SPA ERP\node_modules\next\src\server\web\spec-extension\revalidate.ts:117:10)
          at revalidatePath (D:\Antigravity\Projects\BELLA SPA ERP\src\lib\revalidate.ts:7:7)
          at processTicksAndRejections (node:internal/process/task_queues:104:5)
          at enqueueMissingSalaryPaidAccounting (D:\Antigravity\Projects\BELLA SPA ERP\src\core\services\accounting\business-health.ts:1533:3)
          at runBusinessHealthRepairAction (D:\Antigravity\Projects\BELLA SPA ERP\src\core\services\accounting\business-health.ts:1051:21)
          at Object.<anonymous> (D:\Antigravity\Projects\BELLA SPA ERP\src\__tests__\business-health.test.ts:1114:20)

       8 |     }
       9 |   } catch (error) {
    > 10 |     console.warn('[Revalidation] Could not revalidate path: %s', path, error);
         |             ^
      11 |   }
      12 | }
      13 |

      at warn (src/lib/revalidate.ts:10:13)
      at enqueueMissingSalaryPaidAccounting (src/core/services/accounting/business-health.ts:1533:3)
      at runBusinessHealthRepairAction (src/core/services/accounting/business-health.ts:1051:21)
      at Object.<anonymous> (src/__tests__/business-health.test.ts:1114:20)

    console.warn
      [Revalidation] Could not revalidate path: /dashboard/salary Error: Invariant: static generation store missing in revalidatePath /dashboard/salary
          at revalidate (D:\Antigravity\Projects\BELLA SPA ERP\node_modules\next\src\server\web\spec-extension\revalidate.ts:127:11)
          at revalidate (D:\Antigravity\Projects\BELLA SPA ERP\node_modules\next\src\server\web\spec-extension\revalidate.ts:117:10)
          at revalidatePath (D:\Antigravity\Projects\BELLA SPA ERP\src\lib\revalidate.ts:7:7)
          at processTicksAndRejections (node:internal/process/task_queues:104:5)
          at enqueueMissingSalaryPaidAccounting (D:\Antigravity\Projects\BELLA SPA ERP\src\core\services\accounting\business-health.ts:1534:3)
          at runBusinessHealthRepairAction (D:\Antigravity\Projects\BELLA SPA ERP\src\core\services\accounting\business-health.ts:1051:21)
          at Object.<anonymous> (D:\Antigravity\Projects\BELLA SPA ERP\src\__tests__\business-health.test.ts:1114:20)

       8 |     }
       9 |   } catch (error) {
    > 10 |     console.warn('[Revalidation] Could not revalidate path: %s', path, error);
         |             ^
      11 |   }
      12 | }
      13 |

      at warn (src/lib/revalidate.ts:10:13)
      at enqueueMissingSalaryPaidAccounting (src/core/services/accounting/business-health.ts:1534:3)
      at runBusinessHealthRepairAction (src/core/services/accounting/business-health.ts:1051:21)
      at Object.<anonymous> (src/__tests__/business-health.test.ts:1114:20)

    console.warn
      [Revalidation] Could not revalidate path: /dashboard/finance Error: Invariant: static generation store missing in revalidatePath /dashboard/finance
          at revalidate (D:\Antigravity\Projects\BELLA SPA ERP\node_modules\next\src\server\web\spec-extension\revalidate.ts:127:11)
          at revalidate (D:\Antigravity\Projects\BELLA SPA ERP\node_modules\next\src\server\web\spec-extension\revalidate.ts:117:10)
          at revalidatePath (D:\Antigravity\Projects\BELLA SPA ERP\src\lib\revalidate.ts:7:7)
          at processTicksAndRejections (node:internal/process/task_queues:104:5)
          at enqueueMissingSalaryPaidAccounting (D:\Antigravity\Projects\BELLA SPA ERP\src\core\services\accounting\business-health.ts:1535:3)
          at runBusinessHealthRepairAction (D:\Antigravity\Projects\BELLA SPA ERP\src\core\services\accounting\business-health.ts:1051:21)
          at Object.<anonymous> (D:\Antigravity\Projects\BELLA SPA ERP\src\__tests__\business-health.test.ts:1114:20)

       8 |     }
       9 |   } catch (error) {
    > 10 |     console.warn('[Revalidation] Could not revalidate path: %s', path, error);
         |             ^
      11 |   }
      12 | }
      13 |

      at warn (src/lib/revalidate.ts:10:13)
      at enqueueMissingSalaryPaidAccounting (src/core/services/accounting/business-health.ts:1535:3)
      at runBusinessHealthRepairAction (src/core/services/accounting/business-health.ts:1051:21)
      at Object.<anonymous> (src/__tests__/business-health.test.ts:1114:20)

    console.warn
      [Revalidation] Could not revalidate path: /dashboard/accounting/health Error: Invariant: static generation store missing in revalidatePath /dashboard/accounting/health
          at revalidate (D:\Antigravity\Projects\BELLA SPA ERP\node_modules\next\src\server\web\spec-extension\revalidate.ts:127:11)
          at revalidate (D:\Antigravity\Projects\BELLA SPA ERP\node_modules\next\src\server\web\spec-extension\revalidate.ts:117:10)
          at revalidatePath (D:\Antigravity\Projects\BELLA SPA ERP\src\lib\revalidate.ts:7:7)
          at processTicksAndRejections (node:internal/process/task_queues:104:5)
          at runBusinessHealthRepairAction (D:\Antigravity\Projects\BELLA SPA ERP\src\core\services\accounting\business-health.ts:1052:5)
          at Object.<anonymous> (D:\Antigravity\Projects\BELLA SPA ERP\src\__tests__\business-health.test.ts:1114:20)

       8 |     }
       9 |   } catch (error) {
    > 10 |     console.warn('[Revalidation] Could not revalidate path: %s', path, error);
         |             ^
      11 |   }
      12 | }
      13 |

      at warn (src/lib/revalidate.ts:10:13)
      at runBusinessHealthRepairAction (src/core/services/accounting/business-health.ts:1052:5)
      at Object.<anonymous> (src/__tests__/business-health.test.ts:1114:20)

    console.warn
      [Revalidation] Could not revalidate path: /dashboard/accounting/outbox Error: Invariant: static generation store missing in revalidatePath /dashboard/accounting/outbox
          at revalidate (D:\Antigravity\Projects\BELLA SPA ERP\node_modules\next\src\server\web\spec-extension\revalidate.ts:127:11)
          at revalidate (D:\Antigravity\Projects\BELLA SPA ERP\node_modules\next\src\server\web\spec-extension\revalidate.ts:117:10)
          at revalidatePath (D:\Antigravity\Projects\BELLA SPA ERP\src\lib\revalidate.ts:7:7)
          at processTicksAndRejections (node:internal/process/task_queues:104:5)
          at enqueueMissingSessionDoneAccounting (D:\Antigravity\Projects\BELLA SPA ERP\src\core\services\accounting\business-health.ts:1988:3)
          at runBusinessHealthRepairAction (D:\Antigravity\Projects\BELLA SPA ERP\src\core\services\accounting\business-health.ts:1006:21)
          at Object.<anonymous> (D:\Antigravity\Projects\BELLA SPA ERP\src\__tests__\business-health.test.ts:1377:20)

       8 |     }
       9 |   } catch (error) {
    > 10 |     console.warn('[Revalidation] Could not revalidate path: %s', path, error);
         |             ^
      11 |   }
      12 | }
      13 |

      at warn (src/lib/revalidate.ts:10:13)
      at enqueueMissingSessionDoneAccounting (src/core/services/accounting/business-health.ts:1988:3)
      at runBusinessHealthRepairAction (src/core/services/accounting/business-health.ts:1006:21)
      at Object.<anonymous> (src/__tests__/business-health.test.ts:1377:20)

    console.warn
      [Revalidation] Could not revalidate path: /dashboard/accounting/journals Error: Invariant: static generation store missing in revalidatePath /dashboard/accounting/journals
          at revalidate (D:\Antigravity\Projects\BELLA SPA ERP\node_modules\next\src\server\web\spec-extension\revalidate.ts:127:11)
          at revalidate (D:\Antigravity\Projects\BELLA SPA ERP\node_modules\next\src\server\web\spec-extension\revalidate.ts:117:10)
          at revalidatePath (D:\Antigravity\Projects\BELLA SPA ERP\src\lib\revalidate.ts:7:7)
          at processTicksAndRejections (node:internal/process/task_queues:104:5)
          at enqueueMissingSessionDoneAccounting (D:\Antigravity\Projects\BELLA SPA ERP\src\core\services\accounting\business-health.ts:1989:3)
          at runBusinessHealthRepairAction (D:\Antigravity\Projects\BELLA SPA ERP\src\core\services\accounting\business-health.ts:1006:21)
          at Object.<anonymous> (D:\Antigravity\Projects\BELLA SPA ERP\src\__tests__\business-health.test.ts:1377:20)

       8 |     }
       9 |   } catch (error) {
    > 10 |     console.warn('[Revalidation] Could not revalidate path: %s', path, error);
         |             ^
      11 |   }
      12 | }
      13 |

      at warn (src/lib/revalidate.ts:10:13)
      at enqueueMissingSessionDoneAccounting (src/core/services/accounting/business-health.ts:1989:3)
      at runBusinessHealthRepairAction (src/core/services/accounting/business-health.ts:1006:21)
      at Object.<anonymous> (src/__tests__/business-health.test.ts:1377:20)

    console.warn
      [Revalidation] Could not revalidate path: /dashboard/sessions Error: Invariant: static generation store missing in revalidatePath /dashboard/sessions
          at revalidate (D:\Antigravity\Projects\BELLA SPA ERP\node_modules\next\src\server\web\spec-extension\revalidate.ts:127:11)
          at revalidate (D:\Antigravity\Projects\BELLA SPA ERP\node_modules\next\src\server\web\spec-extension\revalidate.ts:117:10)
          at revalidatePath (D:\Antigravity\Projects\BELLA SPA ERP\src\lib\revalidate.ts:7:7)
          at processTicksAndRejections (node:internal/process/task_queues:104:5)
          at enqueueMissingSessionDoneAccounting (D:\Antigravity\Projects\BELLA SPA ERP\src\core\services\accounting\business-health.ts:1990:3)
          at runBusinessHealthRepairAction (D:\Antigravity\Projects\BELLA SPA ERP\src\core\services\accounting\business-health.ts:1006:21)
          at Object.<anonymous> (D:\Antigravity\Projects\BELLA SPA ERP\src\__tests__\business-health.test.ts:1377:20)

       8 |     }
       9 |   } catch (error) {
    > 10 |     console.warn('[Revalidation] Could not revalidate path: %s', path, error);
         |             ^
      11 |   }
      12 | }
      13 |

      at warn (src/lib/revalidate.ts:10:13)
      at enqueueMissingSessionDoneAccounting (src/core/services/accounting/business-health.ts:1990:3)
      at runBusinessHealthRepairAction (src/core/services/accounting/business-health.ts:1006:21)
      at Object.<anonymous> (src/__tests__/business-health.test.ts:1377:20)

    console.warn
      [Revalidation] Could not revalidate path: /dashboard/customers Error: Invariant: static generation store missing in revalidatePath /dashboard/customers
          at revalidate (D:\Antigravity\Projects\BELLA SPA ERP\node_modules\next\src\server\web\spec-extension\revalidate.ts:127:11)
          at revalidate (D:\Antigravity\Projects\BELLA SPA ERP\node_modules\next\src\server\web\spec-extension\revalidate.ts:117:10)
          at revalidatePath (D:\Antigravity\Projects\BELLA SPA ERP\src\lib\revalidate.ts:7:7)
          at processTicksAndRejections (node:internal/process/task_queues:104:5)
          at enqueueMissingSessionDoneAccounting (D:\Antigravity\Projects\BELLA SPA ERP\src\core\services\accounting\business-health.ts:1991:3)
          at runBusinessHealthRepairAction (D:\Antigravity\Projects\BELLA SPA ERP\src\core\services\accounting\business-health.ts:1006:21)
          at Object.<anonymous> (D:\Antigravity\Projects\BELLA SPA ERP\src\__tests__\business-health.test.ts:1377:20)

       8 |     }
       9 |   } catch (error) {
    > 10 |     console.warn('[Revalidation] Could not revalidate path: %s', path, error);
         |             ^
      11 |   }
      12 | }
      13 |

      at warn (src/lib/revalidate.ts:10:13)
      at enqueueMissingSessionDoneAccounting (src/core/services/accounting/business-health.ts:1991:3)
      at runBusinessHealthRepairAction (src/core/services/accounting/business-health.ts:1006:21)
      at Object.<anonymous> (src/__tests__/business-health.test.ts:1377:20)

    console.warn
      [Revalidation] Could not revalidate path: /dashboard/customers/customer-1 Error: Invariant: static generation store missing in revalidatePath /dashboard/customers/customer-1
          at revalidate (D:\Antigravity\Projects\BELLA SPA ERP\node_modules\next\src\server\web\spec-extension\revalidate.ts:127:11)
          at revalidate (D:\Antigravity\Projects\BELLA SPA ERP\node_modules\next\src\server\web\spec-extension\revalidate.ts:117:10)
          at revalidatePath (D:\Antigravity\Projects\BELLA SPA ERP\src\lib\revalidate.ts:7:7)
          at processTicksAndRejections (node:internal/process/task_queues:104:5)
          at enqueueMissingSessionDoneAccounting (D:\Antigravity\Projects\BELLA SPA ERP\src\core\services\accounting\business-health.ts:1992:3)
          at runBusinessHealthRepairAction (D:\Antigravity\Projects\BELLA SPA ERP\src\core\services\accounting\business-health.ts:1006:21)
          at Object.<anonymous> (D:\Antigravity\Projects\BELLA SPA ERP\src\__tests__\business-health.test.ts:1377:20)

       8 |     }
       9 |   } catch (error) {
    > 10 |     console.warn('[Revalidation] Could not revalidate path: %s', path, error);
         |             ^
      11 |   }
      12 | }
      13 |

      at warn (src/lib/revalidate.ts:10:13)
      at enqueueMissingSessionDoneAccounting (src/core/services/accounting/business-health.ts:1992:3)
      at runBusinessHealthRepairAction (src/core/services/accounting/business-health.ts:1006:21)
      at Object.<anonymous> (src/__tests__/business-health.test.ts:1377:20)

    console.warn
      [Revalidation] Could not revalidate path: /dashboard/accounting/health Error: Invariant: static generation store missing in revalidatePath /dashboard/accounting/health
          at revalidate (D:\Antigravity\Projects\BELLA SPA ERP\node_modules\next\src\server\web\spec-extension\revalidate.ts:127:11)
          at revalidate (D:\Antigravity\Projects\BELLA SPA ERP\node_modules\next\src\server\web\spec-extension\revalidate.ts:117:10)
          at revalidatePath (D:\Antigravity\Projects\BELLA SPA ERP\src\lib\revalidate.ts:7:7)
          at processTicksAndRejections (node:internal/process/task_queues:104:5)
          at runBusinessHealthRepairAction (D:\Antigravity\Projects\BELLA SPA ERP\src\core\services\accounting\business-health.ts:1007:5)
          at Object.<anonymous> (D:\Antigravity\Projects\BELLA SPA ERP\src\__tests__\business-health.test.ts:1377:20)

       8 |     }
       9 |   } catch (error) {
    > 10 |     console.warn('[Revalidation] Could not revalidate path: %s', path, error);
         |             ^
      11 |   }
      12 | }
      13 |

      at warn (src/lib/revalidate.ts:10:13)
      at runBusinessHealthRepairAction (src/core/services/accounting/business-health.ts:1007:5)
      at Object.<anonymous> (src/__tests__/business-health.test.ts:1377:20)

    console.warn
      [Revalidation] Could not revalidate path: /dashboard/accounting/outbox Error: Invariant: static generation store missing in revalidatePath /dashboard/accounting/outbox
          at revalidate (D:\Antigravity\Projects\BELLA SPA ERP\node_modules\next\src\server\web\spec-extension\revalidate.ts:127:11)
          at revalidate (D:\Antigravity\Projects\BELLA SPA ERP\node_modules\next\src\server\web\spec-extension\revalidate.ts:117:10)
          at revalidatePath (D:\Antigravity\Projects\BELLA SPA ERP\src\lib\revalidate.ts:7:7)
          at processTicksAndRejections (node:internal/process/task_queues:104:5)
          at enqueueMissingInventoryConsumedAccounting (D:\Antigravity\Projects\BELLA SPA ERP\src\core\services\accounting\business-health.ts:1854:3)
          at runBusinessHealthRepairAction (D:\Antigravity\Projects\BELLA SPA ERP\src\core\services\accounting\business-health.ts:1021:21)
          at Object.<anonymous> (D:\Antigravity\Projects\BELLA SPA ERP\src\__tests__\business-health.test.ts:1594:20)

       8 |     }
       9 |   } catch (error) {
    > 10 |     console.warn('[Revalidation] Could not revalidate path: %s', path, error);
         |             ^
      11 |   }
      12 | }
      13 |

      at warn (src/lib/revalidate.ts:10:13)
      at enqueueMissingInventoryConsumedAccounting (src/core/services/accounting/business-health.ts:1854:3)
      at runBusinessHealthRepairAction (src/core/services/accounting/business-health.ts:1021:21)
      at Object.<anonymous> (src/__tests__/business-health.test.ts:1594:20)

    console.warn
      [Revalidation] Could not revalidate path: /dashboard/accounting/journals Error: Invariant: static generation store missing in revalidatePath /dashboard/accounting/journals
          at revalidate (D:\Antigravity\Projects\BELLA SPA ERP\node_modules\next\src\server\web\spec-extension\revalidate.ts:127:11)
          at revalidate (D:\Antigravity\Projects\BELLA SPA ERP\node_modules\next\src\server\web\spec-extension\revalidate.ts:117:10)
          at revalidatePath (D:\Antigravity\Projects\BELLA SPA ERP\src\lib\revalidate.ts:7:7)
          at processTicksAndRejections (node:internal/process/task_queues:104:5)
          at enqueueMissingInventoryConsumedAccounting (D:\Antigravity\Projects\BELLA SPA ERP\src\core\services\accounting\business-health.ts:1855:3)
          at runBusinessHealthRepairAction (D:\Antigravity\Projects\BELLA SPA ERP\src\core\services\accounting\business-health.ts:1021:21)
          at Object.<anonymous> (D:\Antigravity\Projects\BELLA SPA ERP\src\__tests__\business-health.test.ts:1594:20)

       8 |     }
       9 |   } catch (error) {
    > 10 |     console.warn('[Revalidation] Could not revalidate path: %s', path, error);
         |             ^
      11 |   }
      12 | }
      13 |

      at warn (src/lib/revalidate.ts:10:13)
      at enqueueMissingInventoryConsumedAccounting (src/core/services/accounting/business-health.ts:1855:3)
      at runBusinessHealthRepairAction (src/core/services/accounting/business-health.ts:1021:21)
      at Object.<anonymous> (src/__tests__/business-health.test.ts:1594:20)

    console.warn
      [Revalidation] Could not revalidate path: /dashboard/inventory Error: Invariant: static generation store missing in revalidatePath /dashboard/inventory
          at revalidate (D:\Antigravity\Projects\BELLA SPA ERP\node_modules\next\src\server\web\spec-extension\revalidate.ts:127:11)
          at revalidate (D:\Antigravity\Projects\BELLA SPA ERP\node_modules\next\src\server\web\spec-extension\revalidate.ts:117:10)
          at revalidatePath (D:\Antigravity\Projects\BELLA SPA ERP\src\lib\revalidate.ts:7:7)
          at processTicksAndRejections (node:internal/process/task_queues:104:5)
          at enqueueMissingInventoryConsumedAccounting (D:\Antigravity\Projects\BELLA SPA ERP\src\core\services\accounting\business-health.ts:1856:3)
          at runBusinessHealthRepairAction (D:\Antigravity\Projects\BELLA SPA ERP\src\core\services\accounting\business-health.ts:1021:21)
          at Object.<anonymous> (D:\Antigravity\Projects\BELLA SPA ERP\src\__tests__\business-health.test.ts:1594:20)

       8 |     }
       9 |   } catch (error) {
    > 10 |     console.warn('[Revalidation] Could not revalidate path: %s', path, error);
         |             ^
      11 |   }
      12 | }
      13 |

      at warn (src/lib/revalidate.ts:10:13)
      at enqueueMissingInventoryConsumedAccounting (src/core/services/accounting/business-health.ts:1856:3)
      at runBusinessHealthRepairAction (src/core/services/accounting/business-health.ts:1021:21)
      at Object.<anonymous> (src/__tests__/business-health.test.ts:1594:20)

    console.warn
      [Revalidation] Could not revalidate path: /dashboard/sessions Error: Invariant: static generation store missing in revalidatePath /dashboard/sessions
          at revalidate (D:\Antigravity\Projects\BELLA SPA ERP\node_modules\next\src\server\web\spec-extension\revalidate.ts:127:11)
          at revalidate (D:\Antigravity\Projects\BELLA SPA ERP\node_modules\next\src\server\web\spec-extension\revalidate.ts:117:10)
          at revalidatePath (D:\Antigravity\Projects\BELLA SPA ERP\src\lib\revalidate.ts:7:7)
          at processTicksAndRejections (node:internal/process/task_queues:104:5)
          at enqueueMissingInventoryConsumedAccounting (D:\Antigravity\Projects\BELLA SPA ERP\src\core\services\accounting\business-health.ts:1857:3)
          at runBusinessHealthRepairAction (D:\Antigravity\Projects\BELLA SPA ERP\src\core\services\accounting\business-health.ts:1021:21)
          at Object.<anonymous> (D:\Antigravity\Projects\BELLA SPA ERP\src\__tests__\business-health.test.ts:1594:20)

       8 |     }
       9 |   } catch (error) {
    > 10 |     console.warn('[Revalidation] Could not revalidate path: %s', path, error);
         |             ^
      11 |   }
      12 | }
      13 |

      at warn (src/lib/revalidate.ts:10:13)
      at enqueueMissingInventoryConsumedAccounting (src/core/services/accounting/business-health.ts:1857:3)
      at runBusinessHealthRepairAction (src/core/services/accounting/business-health.ts:1021:21)
      at Object.<anonymous> (src/__tests__/business-health.test.ts:1594:20)

    console.warn
      [Revalidation] Could not revalidate path: /dashboard/customers Error: Invariant: static generation store missing in revalidatePath /dashboard/customers
          at revalidate (D:\Antigravity\Projects\BELLA SPA ERP\node_modules\next\src\server\web\spec-extension\revalidate.ts:127:11)
          at revalidate (D:\Antigravity\Projects\BELLA SPA ERP\node_modules\next\src\server\web\spec-extension\revalidate.ts:117:10)
          at revalidatePath (D:\Antigravity\Projects\BELLA SPA ERP\src\lib\revalidate.ts:7:7)
          at processTicksAndRejections (node:internal/process/task_queues:104:5)
          at enqueueMissingInventoryConsumedAccounting (D:\Antigravity\Projects\BELLA SPA ERP\src\core\services\accounting\business-health.ts:1858:3)
          at runBusinessHealthRepairAction (D:\Antigravity\Projects\BELLA SPA ERP\src\core\services\accounting\business-health.ts:1021:21)
          at Object.<anonymous> (D:\Antigravity\Projects\BELLA SPA ERP\src\__tests__\business-health.test.ts:1594:20)

       8 |     }
       9 |   } catch (error) {
    > 10 |     console.warn('[Revalidation] Could not revalidate path: %s', path, error);
         |             ^
      11 |   }
      12 | }
      13 |

      at warn (src/lib/revalidate.ts:10:13)
      at enqueueMissingInventoryConsumedAccounting (src/core/services/accounting/business-health.ts:1858:3)
      at runBusinessHealthRepairAction (src/core/services/accounting/business-health.ts:1021:21)
      at Object.<anonymous> (src/__tests__/business-health.test.ts:1594:20)

    console.warn
      [Revalidation] Could not revalidate path: /dashboard/customers/customer-1 Error: Invariant: static generation store missing in revalidatePath /dashboard/customers/customer-1
          at revalidate (D:\Antigravity\Projects\BELLA SPA ERP\node_modules\next\src\server\web\spec-extension\revalidate.ts:127:11)
          at revalidate (D:\Antigravity\Projects\BELLA SPA ERP\node_modules\next\src\server\web\spec-extension\revalidate.ts:117:10)
          at revalidatePath (D:\Antigravity\Projects\BELLA SPA ERP\src\lib\revalidate.ts:7:7)
          at processTicksAndRejections (node:internal/process/task_queues:104:5)
          at enqueueMissingInventoryConsumedAccounting (D:\Antigravity\Projects\BELLA SPA ERP\src\core\services\accounting\business-health.ts:1859:3)
          at runBusinessHealthRepairAction (D:\Antigravity\Projects\BELLA SPA ERP\src\core\services\accounting\business-health.ts:1021:21)
          at Object.<anonymous> (D:\Antigravity\Projects\BELLA SPA ERP\src\__tests__\business-health.test.ts:1594:20)

       8 |     }
       9 |   } catch (error) {
    > 10 |     console.warn('[Revalidation] Could not revalidate path: %s', path, error);
         |             ^
      11 |   }
      12 | }
      13 |

      at warn (src/lib/revalidate.ts:10:13)
      at enqueueMissingInventoryConsumedAccounting (src/core/services/accounting/business-health.ts:1859:3)
      at runBusinessHealthRepairAction (src/core/services/accounting/business-health.ts:1021:21)
      at Object.<anonymous> (src/__tests__/business-health.test.ts:1594:20)

    console.warn
      [Revalidation] Could not revalidate path: /dashboard/accounting/health Error: Invariant: static generation store missing in revalidatePath /dashboard/accounting/health
          at revalidate (D:\Antigravity\Projects\BELLA SPA ERP\node_modules\next\src\server\web\spec-extension\revalidate.ts:127:11)
          at revalidate (D:\Antigravity\Projects\BELLA SPA ERP\node_modules\next\src\server\web\spec-extension\revalidate.ts:117:10)
          at revalidatePath (D:\Antigravity\Projects\BELLA SPA ERP\src\lib\revalidate.ts:7:7)
          at processTicksAndRejections (node:internal/process/task_queues:104:5)
          at runBusinessHealthRepairAction (D:\Antigravity\Projects\BELLA SPA ERP\src\core\services\accounting\business-health.ts:1022:5)
          at Object.<anonymous> (D:\Antigravity\Projects\BELLA SPA ERP\src\__tests__\business-health.test.ts:1594:20)

       8 |     }
       9 |   } catch (error) {
    > 10 |     console.warn('[Revalidation] Could not revalidate path: %s', path, error);
         |             ^
      11 |   }
      12 | }
      13 |

      at warn (src/lib/revalidate.ts:10:13)
      at runBusinessHealthRepairAction (src/core/services/accounting/business-health.ts:1022:5)
      at Object.<anonymous> (src/__tests__/business-health.test.ts:1594:20)

PASS src/lib/decision-engine/providers/commission/__tests__/commission-provider.performance.test.ts
  ΓùÅ Console

    console.log
      Γùç injected env (9) from .env.local // tip: Γîÿ multiple files { path: ['.env.local', '.env'] }

      at _log (node_modules/dotenv/lib/main.js:131:11)

    console.log
      [Jest Setup] SUPABASE_SERVICE_ROLE_KEY loaded: sb_secret_Dm... (41 chars)

      at Object.log (jest.setup.ts:10:9)

    console.log
      Single evaluation: 1.93ms

      at Object.log (src/lib/decision-engine/providers/commission/__tests__/commission-provider.performance.test.ts:59:13)

    console.log
      Bulk evaluation (100):

      at Object.log (src/lib/decision-engine/providers/commission/__tests__/commission-provider.performance.test.ts:98:13)

    console.log
        Total time: 4.23ms

      at Object.log (src/lib/decision-engine/providers/commission/__tests__/commission-provider.performance.test.ts:99:13)

    console.log
        Average time: 0.04ms

      at Object.log (src/lib/decision-engine/providers/commission/__tests__/commission-provider.performance.test.ts:100:13)

    console.log
        Throughput: 23664 evaluations/second

      at Object.log (src/lib/decision-engine/providers/commission/__tests__/commission-provider.performance.test.ts:101:13)

PASS src/__tests__/booking.test.ts
  ΓùÅ Console

    console.log
      Γùç injected env (9) from .env.local // tip: Γîÿ override existing { override: true }

      at _log (node_modules/dotenv/lib/main.js:131:11)

    console.log
      [Jest Setup] SUPABASE_SERVICE_ROLE_KEY loaded: sb_secret_Dm... (41 chars)

      at Object.log (jest.setup.ts:10:9)

PASS src/__tests__/admin-salary-actions.test.ts
  ΓùÅ Console

    console.log
      Γùç injected env (9) from .env.local // tip: Γùê secrets for agents [www.dotenvx.com]

      at _log (node_modules/dotenv/lib/main.js:131:11)

    console.log
      [Jest Setup] SUPABASE_SERVICE_ROLE_KEY loaded: sb_secret_Dm... (41 chars)

      at Object.log (jest.setup.ts:10:9)

    console.error
      Error in publishSalaryRecord: Error: publish recalc failed
          at Object.<anonymous> (D:\Antigravity\Projects\BELLA SPA ERP\src\__tests__\admin-salary-actions.test.ts:334:64)
          at Promise.finally.completed (D:\Antigravity\Projects\BELLA SPA ERP\node_modules\jest-circus\build\jestAdapterInit.js:1561:28)
          at new Promise (<anonymous>)
          at callAsyncCircusFn (D:\Antigravity\Projects\BELLA SPA ERP\node_modules\jest-circus\build\jestAdapterInit.js:1501:10)
          at _callCircusTest (D:\Antigravity\Projects\BELLA SPA ERP\node_modules\jest-circus\build\jestAdapterInit.js:1011:40)
          at processTicksAndRejections (node:internal/process/task_queues:104:5)
          at _runTest (D:\Antigravity\Projects\BELLA SPA ERP\node_modules\jest-circus\build\jestAdapterInit.js:951:3)
          at D:\Antigravity\Projects\BELLA SPA ERP\node_modules\jest-circus\build\jestAdapterInit.js:853:7
          at _runTestsForDescribeBlock (D:\Antigravity\Projects\BELLA SPA ERP\node_modules\jest-circus\build\jestAdapterInit.js:866:11)
          at _runTestsForDescribeBlock (D:\Antigravity\Projects\BELLA SPA ERP\node_modules\jest-circus\build\jestAdapterInit.js:861:11)
          at run (D:\Antigravity\Projects\BELLA SPA ERP\node_modules\jest-circus\build\jestAdapterInit.js:765:3)
          at runAndTransformResultsToJestFormat (D:\Antigravity\Projects\BELLA SPA ERP\node_modules\jest-circus\build\jestAdapterInit.js:1993:21)
          at jestAdapter (D:\Antigravity\Projects\BELLA SPA ERP\node_modules\jest-circus\build\runner.js:111:19)
          at runTestInternal (D:\Antigravity\Projects\BELLA SPA ERP\node_modules\jest-runner\build\testWorker.js:276:16)
          at runTest (D:\Antigravity\Projects\BELLA SPA ERP\node_modules\jest-runner\build\testWorker.js:344:7)
          at Object.worker (D:\Antigravity\Projects\BELLA SPA ERP\node_modules\jest-runner\build\testWorker.js:498:12)

      455 |   } catch (e: unknown) {
      456 |     const err = e as Error;
    > 457 |     console.error('Error in publishSalaryRecord:', err);
          |             ^
      458 |     return { success: false, error: err.message || 'Lß╗ùi kh├┤ng x├íc ─æß╗ïnh' };
      459 |   }
      460 | }

      at error (src/modules/hr-salary/actions/admin-salary-actions.ts:457:13)
      at Object.<anonymous> (src/__tests__/admin-salary-actions.test.ts:336:20)

    console.error
      updateSalaryConfig error: Error: recalc failed
          at Object.<anonymous> (D:\Antigravity\Projects\BELLA SPA ERP\src\__tests__\admin-salary-actions.test.ts:467:64)
          at Promise.finally.completed (D:\Antigravity\Projects\BELLA SPA ERP\node_modules\jest-circus\build\jestAdapterInit.js:1561:28)
          at new Promise (<anonymous>)
          at callAsyncCircusFn (D:\Antigravity\Projects\BELLA SPA ERP\node_modules\jest-circus\build\jestAdapterInit.js:1501:10)
          at _callCircusTest (D:\Antigravity\Projects\BELLA SPA ERP\node_modules\jest-circus\build\jestAdapterInit.js:1011:40)
          at processTicksAndRejections (node:internal/process/task_queues:104:5)
          at _runTest (D:\Antigravity\Projects\BELLA SPA ERP\node_modules\jest-circus\build\jestAdapterInit.js:951:3)
          at D:\Antigravity\Projects\BELLA SPA ERP\node_modules\jest-circus\build\jestAdapterInit.js:853:7
          at _runTestsForDescribeBlock (D:\Antigravity\Projects\BELLA SPA ERP\node_modules\jest-circus\build\jestAdapterInit.js:866:11)
          at _runTestsForDescribeBlock (D:\Antigravity\Projects\BELLA SPA ERP\node_modules\jest-circus\build\jestAdapterInit.js:861:11)
          at run (D:\Antigravity\Projects\BELLA SPA ERP\node_modules\jest-circus\build\jestAdapterInit.js:765:3)
          at runAndTransformResultsToJestFormat (D:\Antigravity\Projects\BELLA SPA ERP\node_modules\jest-circus\build\jestAdapterInit.js:1993:21)
          at jestAdapter (D:\Antigravity\Projects\BELLA SPA ERP\node_modules\jest-circus\build\runner.js:111:19)
          at runTestInternal (D:\Antigravity\Projects\BELLA SPA ERP\node_modules\jest-runner\build\testWorker.js:276:16)
          at runTest (D:\Antigravity\Projects\BELLA SPA ERP\node_modules\jest-runner\build\testWorker.js:344:7)
          at Object.worker (D:\Antigravity\Projects\BELLA SPA ERP\node_modules\jest-runner\build\testWorker.js:498:12)

      1348 |   } catch (err: unknown) {
      1349 |     const errorObj = err as Error;
    > 1350 |     console.error('updateSalaryConfig error:', errorObj);
           |             ^
      1351 |     return { success: false, error: errorObj.message || 'Lß╗ùi kh├┤ng x├íc ─æß╗ïnh' };
      1352 |   }
      1353 | }

      at error (src/modules/hr-salary/actions/admin-salary-actions.ts:1350:13)
      at Object.<anonymous> (src/__tests__/admin-salary-actions.test.ts:469:20)

    console.log
      Confirming sessions for KTV: ktv-1, Total: 12.5

      at log (src/modules/hr-salary/actions/admin-salary-actions.ts:1439:11)

    console.log
      Session confirmation successful

      at log (src/modules/hr-salary/actions/admin-salary-actions.ts:1474:13)

    console.log
      Confirming sessions for KTV: ktv-1, Total: 12.5

      at log (src/modules/hr-salary/actions/admin-salary-actions.ts:1439:11)

    console.log
      Confirming sessions for KTV: ktv-1, Total: 12.5

      at log (src/modules/hr-salary/actions/admin-salary-actions.ts:1439:11)

    console.log
      Confirming sessions for KTV: ktv-1, Total: 12.5

      at log (src/modules/hr-salary/actions/admin-salary-actions.ts:1439:11)

    console.error
      Error updating session_logs: { message: 'session update failed' }

      1450 |
      1451 |     if (sessionError) {
    > 1452 |       console.error('Error updating session_logs:', sessionError);
           |               ^
      1453 |       throw sessionError;
      1454 |     }
      1455 |

      at error (src/modules/hr-salary/actions/admin-salary-actions.ts:1452:15)
      at Object.<anonymous> (src/__tests__/admin-salary-actions.test.ts:739:20)

    console.error
      Failed to confirm sessions (exception): { message: 'session update failed' }

      1477 |   } catch (error: unknown) {
      1478 |     const err = error as Error;
    > 1479 |     console.error('Failed to confirm sessions (exception):', err);
           |             ^
      1480 |     return { success: false, error: err.message || 'Lß╗ùi kh├┤ng x├íc ─æß╗ïnh' };
      1481 |   }
      1482 | }

      at error (src/modules/hr-salary/actions/admin-salary-actions.ts:1479:13)
      at Object.<anonymous> (src/__tests__/admin-salary-actions.test.ts:739:20)

    console.error
      Error in publishSalaryRecord: Error: publish recalc failed
          at Object.<anonymous> (D:\Antigravity\Projects\BELLA SPA ERP\src\__tests__\admin-salary-actions.test.ts:1459:30)
          at Promise.finally.completed (D:\Antigravity\Projects\BELLA SPA ERP\node_modules\jest-circus\build\jestAdapterInit.js:1561:28)
          at new Promise (<anonymous>)
          at callAsyncCircusFn (D:\Antigravity\Projects\BELLA SPA ERP\node_modules\jest-circus\build\jestAdapterInit.js:1501:10)
          at _callCircusTest (D:\Antigravity\Projects\BELLA SPA ERP\node_modules\jest-circus\build\jestAdapterInit.js:1011:40)
          at processTicksAndRejections (node:internal/process/task_queues:104:5)
          at _runTest (D:\Antigravity\Projects\BELLA SPA ERP\node_modules\jest-circus\build\jestAdapterInit.js:951:3)
          at D:\Antigravity\Projects\BELLA SPA ERP\node_modules\jest-circus\build\jestAdapterInit.js:853:7
          at _runTestsForDescribeBlock (D:\Antigravity\Projects\BELLA SPA ERP\node_modules\jest-circus\build\jestAdapterInit.js:866:11)
          at _runTestsForDescribeBlock (D:\Antigravity\Projects\BELLA SPA ERP\node_modules\jest-circus\build\jestAdapterInit.js:861:11)
          at run (D:\Antigravity\Projects\BELLA SPA ERP\node_modules\jest-circus\build\jestAdapterInit.js:765:3)
          at runAndTransformResultsToJestFormat (D:\Antigravity\Projects\BELLA SPA ERP\node_modules\jest-circus\build\jestAdapterInit.js:1993:21)
          at jestAdapter (D:\Antigravity\Projects\BELLA SPA ERP\node_modules\jest-circus\build\runner.js:111:19)
          at runTestInternal (D:\Antigravity\Projects\BELLA SPA ERP\node_modules\jest-runner\build\testWorker.js:276:16)
          at runTest (D:\Antigravity\Projects\BELLA SPA ERP\node_modules\jest-runner\build\testWorker.js:344:7)
          at Object.worker (D:\Antigravity\Projects\BELLA SPA ERP\node_modules\jest-runner\build\testWorker.js:498:12)

      455 |   } catch (e: unknown) {
      456 |     const err = e as Error;
    > 457 |     console.error('Error in publishSalaryRecord:', err);
          |             ^
      458 |     return { success: false, error: err.message || 'Lß╗ùi kh├┤ng x├íc ─æß╗ïnh' };
      459 |   }
      460 | }

      at error (src/modules/hr-salary/actions/admin-salary-actions.ts:457:13)
      at publishAllSalaryRecords (src/modules/hr-salary/actions/admin-salary-actions.ts:539:19)
      at Object.<anonymous> (src/__tests__/admin-salary-actions.test.ts:1461:20)

PASS src/lib/decision-engine/providers/commission/__tests__/commission-provider.edge.test.ts
  ΓùÅ Console

    console.log
      Γùç injected env (9) from .env.local // tip: Γùê encrypted .env [www.dotenvx.com]

      at _log (node_modules/dotenv/lib/main.js:131:11)

    console.log
      [Jest Setup] SUPABASE_SERVICE_ROLE_KEY loaded: sb_secret_Dm... (41 chars)

      at Object.log (jest.setup.ts:10:9)

PASS src/__tests__/transaction-safety.test.ts
  ΓùÅ Console

    console.log
      Γùç injected env (9) from .env.local // tip: Γîÿ suppress logs { quiet: true }

      at _log (node_modules/dotenv/lib/main.js:131:11)

    console.log
      [Jest Setup] SUPABASE_SERVICE_ROLE_KEY loaded: sb_secret_Dm... (41 chars)

      at Object.log (jest.setup.ts:10:9)

    console.log
      [createBooking] Level1 resolved tenant: tenant-a

      at log (src/core/services/order/create-booking-helpers.ts:190:15)

    console.log
      [createBooking] Final tenantId: tenant-a | user: null

      at log (src/core/services/order/create-booking-helpers.ts:224:11)

    console.error
      [calculateServerDiscount] Failed to fetch customer: { message: 'Row not found' }

      65 |
      66 |     if (customerError || !customer) {
    > 67 |       console.error('[calculateServerDiscount] Failed to fetch customer:', customerError);
         |               ^
      68 |       return 0; // Fallback: no discount
      69 |     }
      70 |

      at error (src/core/services/order/discount-integration.ts:67:15)
      at buildBookingPayload (src/core/services/order/create-booking-helpers.ts:293:32)
      at createBooking (src/core/services/order/create-booking-action.ts:216:26)
      at Object.<anonymous> (src/__tests__/transaction-safety.test.ts:295:20)

    console.log
      [buildBookingPayload] Discount: client=undefined%, server=0% (enforced)

      at log (src/core/services/order/create-booking-helpers.ts:301:13)

    console.log
      [invokeAdapterValidation] No adapter found for module '[object Object]', skipping validation

      at log (src/core/services/order/create-booking-helpers.ts:739:13)

    console.warn
      Error recording initial deposit revenue with standard client, trying with admin client fallback: { message: 'Forced DB Insert Error' }

      524 |
      525 |   if (revenueError) {
    > 526 |     console.warn('Error recording initial deposit revenue with standard client, trying with admin client fallback:', revenueError);
          |             ^
      527 |     const adminUrl = getSupabaseAdminUrl();
      528 |     const serviceRoleKey = getSupabaseAdminKey();
      529 |     if (adminUrl && serviceRoleKey) {

      at warn (src/core/services/order/create-booking-helpers.ts:526:13)
      at createBooking (src/core/services/order/create-booking-action.ts:243:25)
      at Object.<anonymous> (src/__tests__/transaction-safety.test.ts:295:20)

    console.error
      Error recording initial deposit revenue with admin client as well: { message: 'Forced DB Insert Error' }

      542 |
      543 |       if (adminRevenueError) {
    > 544 |         console.error('Error recording initial deposit revenue with admin client as well:', adminRevenueError);
          |                 ^
      545 |         revenueFailed = true;
      546 |       } else {
      547 |         console.log('Successfully recorded initial deposit revenue with admin client fallback');

      at error (src/core/services/order/create-booking-helpers.ts:544:17)
      at createBooking (src/core/services/order/create-booking-action.ts:243:25)
      at Object.<anonymous> (src/__tests__/transaction-safety.test.ts:295:20)

    console.log
      [createBooking] Level1 resolved tenant: tenant-a

      at log (src/core/services/order/create-booking-helpers.ts:190:15)

    console.log
      [createBooking] Final tenantId: tenant-a | user: null

      at log (src/core/services/order/create-booking-helpers.ts:224:11)

    console.error
      [calculateServerDiscount] Failed to fetch customer: { message: 'Row not found' }

      65 |
      66 |     if (customerError || !customer) {
    > 67 |       console.error('[calculateServerDiscount] Failed to fetch customer:', customerError);
         |               ^
      68 |       return 0; // Fallback: no discount
      69 |     }
      70 |

      at error (src/core/services/order/discount-integration.ts:67:15)
      at buildBookingPayload (src/core/services/order/create-booking-helpers.ts:293:32)
      at createBooking (src/core/services/order/create-booking-action.ts:216:26)
      at Object.<anonymous> (src/__tests__/transaction-safety.test.ts:321:20)

    console.log
      [buildBookingPayload] Discount: client=undefined%, server=0% (enforced)

      at log (src/core/services/order/create-booking-helpers.ts:301:13)

    console.log
      [invokeAdapterValidation] No adapter found for module '[object Object]', skipping validation

      at log (src/core/services/order/create-booking-helpers.ts:739:13)

    console.error
      Error recording remaining payment: BookingError: Kh├┤ng thß╗â ghi nhß║¡n giao dß╗ïch t├ái ch├¡nh: Audit write failed
          at recordRemainingPayment (D:\Antigravity\Projects\BELLA SPA ERP\src\core\services\order\payment-actions.ts:59:13)
          at processTicksAndRejections (node:internal/process/task_queues:104:5)
          at Object.<anonymous> (D:\Antigravity\Projects\BELLA SPA ERP\src\__tests__\transaction-safety.test.ts:416:20) {
        code: 'BOOKING_PAYMENT_RECORD_ERROR',
        details: { bookingId: 'mock-booking-id' }
      }

      67 |     return { success: true, data: rpcResult.data };
      68 |   } catch (error) {
    > 69 |     console.error('Error recording remaining payment:', error);
         |             ^
      70 |     return { error: getErrorMessage(error) };
      71 |   }
      72 | }

      at error (src/core/services/order/payment-actions.ts:69:13)
      at Object.<anonymous> (src/__tests__/transaction-safety.test.ts:416:20)

    console.log
      [submitOnlineBooking] Created new lead customer: mock-inserted-id

      at log (src/core/services/order/online-booking-action.ts:94:13)

    console.error
      [processSessionCompletion] Error updating salary record, rolling back...: Error: Row not found
          at syncKtvSalaryAfterCompletion (D:\Antigravity\Projects\BELLA SPA ERP\src\core\services\order\session-completion-helpers.ts:437:19)
          at processTicksAndRejections (node:internal/process/task_queues:104:5)
          at processSessionCompletion (D:\Antigravity\Projects\BELLA SPA ERP\src\core\services\order\session-completion-engine.ts:183:24)
          at completeSession (D:\Antigravity\Projects\BELLA SPA ERP\src\core\services\order\complete-session-action.ts:118:18)
          at Object.<anonymous> (D:\Antigravity\Projects\BELLA SPA ERP\src\__tests__\transaction-safety.test.ts:476:20)

      442 |   }
      443 |
    > 444 |   console.error('[processSessionCompletion] Error updating salary record, rolling back...:', salaryError);
          |           ^
      445 |   const rollbackResult = await rollbackCompletionSideEffects({
      446 |     supabase,
      447 |     sessionId,

      at error (src/core/services/order/session-completion-helpers.ts:444:11)
      at processSessionCompletion (src/core/services/order/session-completion-engine.ts:183:24)
      at completeSession (src/core/services/order/complete-session-action.ts:118:18)
      at Object.<anonymous> (src/__tests__/transaction-safety.test.ts:476:20)

    console.error
      [completeSession] Failed to process session completion, rolling back status: Kh├┤ng thß╗â ghi nhß║¡n l╞░╞íng cho KTV. ─É├ú ho├án t├íc ca l├ám: Row not found

      129 |
      130 |   if (result.error) {
    > 131 |     console.error('[completeSession] Failed to process session completion, rolling back status:', result.error);
          |             ^
      132 |     // Rollback session status
      133 |     const { error: rollbackError } = await supabase.from('session_logs').update({
      134 |       status: existingLog?.status || 'scheduled',

      at error (src/core/services/order/complete-session-action.ts:131:13)
      at Object.<anonymous> (src/__tests__/transaction-safety.test.ts:476:20)

PASS src/__tests__/accounting-error-message.test.ts
  ΓùÅ Console

    console.log
      Γùç injected env (9) from .env.local // tip: Γîÿ enable debugging { debug: true }

      at _log (node_modules/dotenv/lib/main.js:131:11)

    console.log
      [Jest Setup] SUPABASE_SERVICE_ROLE_KEY loaded: sb_secret_Dm... (41 chars)

      at Object.log (jest.setup.ts:10:9)

PASS src/__tests__/finance-reconciliation-snapshot.test.ts
  ΓùÅ Console

    console.log
      Γùç injected env (9) from .env.local // tip: Γîÿ multiple files { path: ['.env.local', '.env'] }

      at _log (node_modules/dotenv/lib/main.js:131:11)

    console.log
      [Jest Setup] SUPABASE_SERVICE_ROLE_KEY loaded: sb_secret_Dm... (41 chars)

      at Object.log (jest.setup.ts:10:9)

PASS src/__tests__/salary-recalculation-lifecycle.test.ts
  ΓùÅ Console

    console.log
      Γùç injected env (9) from .env.local // tip: Γîÿ custom filepath { path: '/custom/path/.env' }

      at _log (node_modules/dotenv/lib/main.js:131:11)

    console.log
      [Jest Setup] SUPABASE_SERVICE_ROLE_KEY loaded: sb_secret_Dm... (41 chars)

      at Object.log (jest.setup.ts:10:9)

    console.log
      [PayrollConfigService] Cache MISS: tenant-1:commission, fetching from DB...

      at PayrollConfigService.log [as getProviderConfig] (src/services/payroll-config.service.ts:96:13)

    console.error
      [PayrollConfigService] Error loading config for tenant-1:commission: TypeError: supabase.from is not a function
          at PayrollConfigService.from [as getProviderConfig] (D:\Antigravity\Projects\BELLA SPA ERP\src\services\payroll-config.service.ts:102:10)
          at CommissionProvider.getProviderConfig [as evaluate] (D:\Antigravity\Projects\BELLA SPA ERP\src\services\providers\commission-provider.ts:227:46)
          at evaluate (D:\Antigravity\Projects\BELLA SPA ERP\src\modules\hr-salary\actions\salary-recalculation-engine.ts:410:57)
          at processTicksAndRejections (node:internal/process/task_queues:104:5)
          at Object.<anonymous> (D:\Antigravity\Projects\BELLA SPA ERP\src\__tests__\salary-recalculation-lifecycle.test.ts:209:20)

      129 |       return config;
      130 |     } catch (error) {
    > 131 |       console.error(`[PayrollConfigService] Error loading config for ${cacheKey}:`, error);
          |               ^
      132 |       // Fallback to default on error
      133 |       return this.getDefaultConfig(providerKey);
      134 |     }

      at PayrollConfigService.error [as getProviderConfig] (src/services/payroll-config.service.ts:131:15)
      at CommissionProvider.getProviderConfig [as evaluate] (src/services/providers/commission-provider.ts:227:46)
      at evaluate (src/modules/hr-salary/actions/salary-recalculation-engine.ts:410:57)
      at Object.<anonymous> (src/__tests__/salary-recalculation-lifecycle.test.ts:209:20)

    console.log
      [PHASE_2_ACTIVE] Commission - Using Provider Result: {
        ktvId: 'ktv-1',
        month: '2026-06-01',
        provider_commission: 240000,
        old_logic_would_be: 600000,
        strategy: 'fixed',
        sessions: 4,
        total_revenue: 600000
      }

      at log (src/modules/hr-salary/actions/salary-recalculation-engine.ts:415:15)

    console.log
      [PayrollConfigService] Cache MISS: tenant-1:attendance, fetching from DB...

      at PayrollConfigService.log [as getProviderConfig] (src/services/payroll-config.service.ts:96:13)

    console.error
      [PayrollConfigService] Error loading config for tenant-1:attendance: TypeError: supabase.from is not a function
          at PayrollConfigService.from [as getProviderConfig] (D:\Antigravity\Projects\BELLA SPA ERP\src\services\payroll-config.service.ts:102:10)
          at AttendanceProvider.getProviderConfig [as evaluate] (D:\Antigravity\Projects\BELLA SPA ERP\src\services\providers\attendance-provider.ts:117:46)
          at evaluate (D:\Antigravity\Projects\BELLA SPA ERP\src\modules\hr-salary\actions\salary-recalculation-engine.ts:477:57)
          at processTicksAndRejections (node:internal/process/task_queues:104:5)
          at Object.<anonymous> (D:\Antigravity\Projects\BELLA SPA ERP\src\__tests__\salary-recalculation-lifecycle.test.ts:209:20)

      129 |       return config;
      130 |     } catch (error) {
    > 131 |       console.error(`[PayrollConfigService] Error loading config for ${cacheKey}:`, error);
          |               ^
      132 |       // Fallback to default on error
      133 |       return this.getDefaultConfig(providerKey);
      134 |     }

      at PayrollConfigService.error [as getProviderConfig] (src/services/payroll-config.service.ts:131:15)
      at AttendanceProvider.getProviderConfig [as evaluate] (src/services/providers/attendance-provider.ts:117:46)
      at evaluate (src/modules/hr-salary/actions/salary-recalculation-engine.ts:477:57)
      at Object.<anonymous> (src/__tests__/salary-recalculation-lifecycle.test.ts:209:20)

    console.log
      [PHASE_2_ACTIVE] Attendance - Using Provider Result: {
        ktvId: 'ktv-1',
        month: '2026-06-01',
        provider_deduction: 100000,
        old_logic_would_be: 100000,
        strategy: 'late_deduction',
        late_days: 2,
        absent_days: 0
      }

      at log (src/modules/hr-salary/actions/salary-recalculation-engine.ts:485:15)

    console.log
      [PayrollConfigService] Cache MISS: tenant-1:kpi, fetching from DB...

      at PayrollConfigService.log [as getProviderConfig] (src/services/payroll-config.service.ts:96:13)

    console.error
      [PayrollConfigService] Error loading config for tenant-1:kpi: TypeError: supabase.from is not a function
          at PayrollConfigService.from [as getProviderConfig] (D:\Antigravity\Projects\BELLA SPA ERP\src\services\payroll-config.service.ts:102:10)
          at KPIProvider.getProviderConfig [as evaluate] (D:\Antigravity\Projects\BELLA SPA ERP\src\services\providers\kpi-provider.ts:180:46)
          at evaluate (D:\Antigravity\Projects\BELLA SPA ERP\src\modules\hr-salary\actions\salary-recalculation-engine.ts:541:43)
          at processTicksAndRejections (node:internal/process/task_queues:104:5)
          at Object.<anonymous> (D:\Antigravity\Projects\BELLA SPA ERP\src\__tests__\salary-recalculation-lifecycle.test.ts:209:20)

      129 |       return config;
      130 |     } catch (error) {
    > 131 |       console.error(`[PayrollConfigService] Error loading config for ${cacheKey}:`, error);
          |               ^
      132 |       // Fallback to default on error
      133 |       return this.getDefaultConfig(providerKey);
      134 |     }

      at PayrollConfigService.error [as getProviderConfig] (src/services/payroll-config.service.ts:131:15)
      at KPIProvider.getProviderConfig [as evaluate] (src/services/providers/kpi-provider.ts:180:46)
      at evaluate (src/modules/hr-salary/actions/salary-recalculation-engine.ts:541:43)
      at Object.<anonymous> (src/__tests__/salary-recalculation-lifecycle.test.ts:209:20)

    console.log
      [PHASE_2_ACTIVE] KPI - Using Provider Result: {
        ktvId: 'ktv-1',
        month: '2026-06-01',
        provider_bonus: 0,
        old_logic_would_be: 999000,
        strategy: undefined,
        sessions: 4
      }

      at log (src/modules/hr-salary/actions/salary-recalculation-engine.ts:546:15)

    console.log
      [PayrollConfigService] Cache MISS: tenant-1:rating, fetching from DB...

      at PayrollConfigService.log [as getProviderConfig] (src/services/payroll-config.service.ts:96:13)

    console.error
      [PayrollConfigService] Error loading config for tenant-1:rating: TypeError: supabase.from is not a function
          at PayrollConfigService.from [as getProviderConfig] (D:\Antigravity\Projects\BELLA SPA ERP\src\services\payroll-config.service.ts:102:10)
          at RatingProvider.getProviderConfig [as evaluate] (D:\Antigravity\Projects\BELLA SPA ERP\src\services\providers\rating-provider.ts:149:46)
          at evaluate (D:\Antigravity\Projects\BELLA SPA ERP\src\modules\hr-salary\actions\salary-recalculation-engine.ts:777:49)
          at processTicksAndRejections (node:internal/process/task_queues:104:5)
          at Object.<anonymous> (D:\Antigravity\Projects\BELLA SPA ERP\src\__tests__\salary-recalculation-lifecycle.test.ts:209:20)

      129 |       return config;
      130 |     } catch (error) {
    > 131 |       console.error(`[PayrollConfigService] Error loading config for ${cacheKey}:`, error);
          |               ^
      132 |       // Fallback to default on error
      133 |       return this.getDefaultConfig(providerKey);
      134 |     }

      at PayrollConfigService.error [as getProviderConfig] (src/services/payroll-config.service.ts:131:15)
      at RatingProvider.getProviderConfig [as evaluate] (src/services/providers/rating-provider.ts:149:46)
      at evaluate (src/modules/hr-salary/actions/salary-recalculation-engine.ts:777:49)
      at Object.<anonymous> (src/__tests__/salary-recalculation-lifecycle.test.ts:209:20)

    console.log
      [PHASE_2_ACTIVE] Rating - Using Provider Result: {
        ktvId: 'ktv-1',
        month: '2026-06-01',
        provider_bonus: 0,
        old_logic_would_be: 200000,
        strategy: undefined,
        avg_rating: 5,
        sessions: 4
      }

      at log (src/modules/hr-salary/actions/salary-recalculation-engine.ts:782:15)

    console.log
      [PayrollConfigService] Cache MISS: tenant-1:commission, fetching from DB...

      at PayrollConfigService.log [as getProviderConfig] (src/services/payroll-config.service.ts:96:13)

    console.error
      [PayrollConfigService] Error loading config for tenant-1:commission: TypeError: supabase.from is not a function
          at PayrollConfigService.from [as getProviderConfig] (D:\Antigravity\Projects\BELLA SPA ERP\src\services\payroll-config.service.ts:102:10)
          at CommissionProvider.getProviderConfig [as evaluate] (D:\Antigravity\Projects\BELLA SPA ERP\src\services\providers\commission-provider.ts:227:46)
          at evaluate (D:\Antigravity\Projects\BELLA SPA ERP\src\modules\hr-salary\actions\salary-recalculation-engine.ts:410:57)
          at processTicksAndRejections (node:internal/process/task_queues:104:5)
          at Object.<anonymous> (D:\Antigravity\Projects\BELLA SPA ERP\src\__tests__\salary-recalculation-lifecycle.test.ts:234:20)

      129 |       return config;
      130 |     } catch (error) {
    > 131 |       console.error(`[PayrollConfigService] Error loading config for ${cacheKey}:`, error);
          |               ^
      132 |       // Fallback to default on error
      133 |       return this.getDefaultConfig(providerKey);
      134 |     }

      at PayrollConfigService.error [as getProviderConfig] (src/services/payroll-config.service.ts:131:15)
      at CommissionProvider.getProviderConfig [as evaluate] (src/services/providers/commission-provider.ts:227:46)
      at evaluate (src/modules/hr-salary/actions/salary-recalculation-engine.ts:410:57)
      at Object.<anonymous> (src/__tests__/salary-recalculation-lifecycle.test.ts:234:20)

    console.log
      [PHASE_2_ACTIVE] Commission - Using Provider Result: {
        ktvId: 'ktv-1',
        month: '2026-06-01',
        provider_commission: 240000,
        old_logic_would_be: 600000,
        strategy: 'fixed',
        sessions: 4,
        total_revenue: 600000
      }

      at log (src/modules/hr-salary/actions/salary-recalculation-engine.ts:415:15)

    console.log
      [PayrollConfigService] Cache MISS: tenant-1:attendance, fetching from DB...

      at PayrollConfigService.log [as getProviderConfig] (src/services/payroll-config.service.ts:96:13)

    console.error
      [PayrollConfigService] Error loading config for tenant-1:attendance: TypeError: supabase.from is not a function
          at PayrollConfigService.from [as getProviderConfig] (D:\Antigravity\Projects\BELLA SPA ERP\src\services\payroll-config.service.ts:102:10)
          at AttendanceProvider.getProviderConfig [as evaluate] (D:\Antigravity\Projects\BELLA SPA ERP\src\services\providers\attendance-provider.ts:117:46)
          at evaluate (D:\Antigravity\Projects\BELLA SPA ERP\src\modules\hr-salary\actions\salary-recalculation-engine.ts:477:57)
          at processTicksAndRejections (node:internal/process/task_queues:104:5)
          at Object.<anonymous> (D:\Antigravity\Projects\BELLA SPA ERP\src\__tests__\salary-recalculation-lifecycle.test.ts:234:20)

      129 |       return config;
      130 |     } catch (error) {
    > 131 |       console.error(`[PayrollConfigService] Error loading config for ${cacheKey}:`, error);
          |               ^
      132 |       // Fallback to default on error
      133 |       return this.getDefaultConfig(providerKey);
      134 |     }

      at PayrollConfigService.error [as getProviderConfig] (src/services/payroll-config.service.ts:131:15)
      at AttendanceProvider.getProviderConfig [as evaluate] (src/services/providers/attendance-provider.ts:117:46)
      at evaluate (src/modules/hr-salary/actions/salary-recalculation-engine.ts:477:57)
      at Object.<anonymous> (src/__tests__/salary-recalculation-lifecycle.test.ts:234:20)

    console.log
      [PHASE_2_ACTIVE] Attendance - Using Provider Result: {
        ktvId: 'ktv-1',
        month: '2026-06-01',
        provider_deduction: 100000,
        old_logic_would_be: 100000,
        strategy: 'late_deduction',
        late_days: 2,
        absent_days: 0
      }

      at log (src/modules/hr-salary/actions/salary-recalculation-engine.ts:485:15)

    console.log
      [PayrollConfigService] Cache MISS: tenant-1:kpi, fetching from DB...

      at PayrollConfigService.log [as getProviderConfig] (src/services/payroll-config.service.ts:96:13)

    console.error
      [PayrollConfigService] Error loading config for tenant-1:kpi: TypeError: supabase.from is not a function
          at PayrollConfigService.from [as getProviderConfig] (D:\Antigravity\Projects\BELLA SPA ERP\src\services\payroll-config.service.ts:102:10)
          at KPIProvider.getProviderConfig [as evaluate] (D:\Antigravity\Projects\BELLA SPA ERP\src\services\providers\kpi-provider.ts:180:46)
          at evaluate (D:\Antigravity\Projects\BELLA SPA ERP\src\modules\hr-salary\actions\salary-recalculation-engine.ts:541:43)
          at processTicksAndRejections (node:internal/process/task_queues:104:5)
          at Object.<anonymous> (D:\Antigravity\Projects\BELLA SPA ERP\src\__tests__\salary-recalculation-lifecycle.test.ts:234:20)

      129 |       return config;
      130 |     } catch (error) {
    > 131 |       console.error(`[PayrollConfigService] Error loading config for ${cacheKey}:`, error);
          |               ^
      132 |       // Fallback to default on error
      133 |       return this.getDefaultConfig(providerKey);
      134 |     }

      at PayrollConfigService.error [as getProviderConfig] (src/services/payroll-config.service.ts:131:15)
      at KPIProvider.getProviderConfig [as evaluate] (src/services/providers/kpi-provider.ts:180:46)
      at evaluate (src/modules/hr-salary/actions/salary-recalculation-engine.ts:541:43)
      at Object.<anonymous> (src/__tests__/salary-recalculation-lifecycle.test.ts:234:20)

    console.log
      [PHASE_2_ACTIVE] KPI - Using Provider Result: {
        ktvId: 'ktv-1',
        month: '2026-06-01',
        provider_bonus: 0,
        old_logic_would_be: 999000,
        strategy: undefined,
        sessions: 4
      }

      at log (src/modules/hr-salary/actions/salary-recalculation-engine.ts:546:15)

    console.log
      [PayrollConfigService] Cache MISS: tenant-1:rating, fetching from DB...

      at PayrollConfigService.log [as getProviderConfig] (src/services/payroll-config.service.ts:96:13)

    console.error
      [PayrollConfigService] Error loading config for tenant-1:rating: TypeError: supabase.from is not a function
          at PayrollConfigService.from [as getProviderConfig] (D:\Antigravity\Projects\BELLA SPA ERP\src\services\payroll-config.service.ts:102:10)
          at RatingProvider.getProviderConfig [as evaluate] (D:\Antigravity\Projects\BELLA SPA ERP\src\services\providers\rating-provider.ts:149:46)
          at evaluate (D:\Antigravity\Projects\BELLA SPA ERP\src\modules\hr-salary\actions\salary-recalculation-engine.ts:777:49)
          at processTicksAndRejections (node:internal/process/task_queues:104:5)
          at Object.<anonymous> (D:\Antigravity\Projects\BELLA SPA ERP\src\__tests__\salary-recalculation-lifecycle.test.ts:234:20)

      129 |       return config;
      130 |     } catch (error) {
    > 131 |       console.error(`[PayrollConfigService] Error loading config for ${cacheKey}:`, error);
          |               ^
      132 |       // Fallback to default on error
      133 |       return this.getDefaultConfig(providerKey);
      134 |     }

      at PayrollConfigService.error [as getProviderConfig] (src/services/payroll-config.service.ts:131:15)
      at RatingProvider.getProviderConfig [as evaluate] (src/services/providers/rating-provider.ts:149:46)
      at evaluate (src/modules/hr-salary/actions/salary-recalculation-engine.ts:777:49)
      at Object.<anonymous> (src/__tests__/salary-recalculation-lifecycle.test.ts:234:20)

    console.log
      [PHASE_2_ACTIVE] Rating - Using Provider Result: {
        ktvId: 'ktv-1',
        month: '2026-06-01',
        provider_bonus: 0,
        old_logic_would_be: 200000,
        strategy: undefined,
        avg_rating: 5,
        sessions: 4
      }

      at log (src/modules/hr-salary/actions/salary-recalculation-engine.ts:782:15)

    console.log
      [PayrollConfigService] Cache MISS: tenant-1:commission, fetching from DB...

      at PayrollConfigService.log [as getProviderConfig] (src/services/payroll-config.service.ts:96:13)

    console.error
      [PayrollConfigService] Error loading config for tenant-1:commission: TypeError: supabase.from is not a function
          at PayrollConfigService.from [as getProviderConfig] (D:\Antigravity\Projects\BELLA SPA ERP\src\services\payroll-config.service.ts:102:10)
          at CommissionProvider.getProviderConfig [as evaluate] (D:\Antigravity\Projects\BELLA SPA ERP\src\services\providers\commission-provider.ts:227:46)
          at evaluate (D:\Antigravity\Projects\BELLA SPA ERP\src\modules\hr-salary\actions\salary-recalculation-engine.ts:410:57)
          at processTicksAndRejections (node:internal/process/task_queues:104:5)
          at Object.<anonymous> (D:\Antigravity\Projects\BELLA SPA ERP\src\__tests__\salary-recalculation-lifecycle.test.ts:266:5)

      129 |       return config;
      130 |     } catch (error) {
    > 131 |       console.error(`[PayrollConfigService] Error loading config for ${cacheKey}:`, error);
          |               ^
      132 |       // Fallback to default on error
      133 |       return this.getDefaultConfig(providerKey);
      134 |     }

      at PayrollConfigService.error [as getProviderConfig] (src/services/payroll-config.service.ts:131:15)
      at CommissionProvider.getProviderConfig [as evaluate] (src/services/providers/commission-provider.ts:227:46)
      at evaluate (src/modules/hr-salary/actions/salary-recalculation-engine.ts:410:57)
      at Object.<anonymous> (src/__tests__/salary-recalculation-lifecycle.test.ts:266:5)

    console.log
      [PHASE_2_ACTIVE] Commission - Using Provider Result: {
        ktvId: 'ktv-1',
        month: '2026-06-01',
        provider_commission: 240000,
        old_logic_would_be: 600000,
        strategy: 'fixed',
        sessions: 4,
        total_revenue: 600000
      }

      at log (src/modules/hr-salary/actions/salary-recalculation-engine.ts:415:15)

    console.log
      [PayrollConfigService] Cache MISS: tenant-1:attendance, fetching from DB...

      at PayrollConfigService.log [as getProviderConfig] (src/services/payroll-config.service.ts:96:13)

    console.error
      [PayrollConfigService] Error loading config for tenant-1:attendance: TypeError: supabase.from is not a function
          at PayrollConfigService.from [as getProviderConfig] (D:\Antigravity\Projects\BELLA SPA ERP\src\services\payroll-config.service.ts:102:10)
          at AttendanceProvider.getProviderConfig [as evaluate] (D:\Antigravity\Projects\BELLA SPA ERP\src\services\providers\attendance-provider.ts:117:46)
          at evaluate (D:\Antigravity\Projects\BELLA SPA ERP\src\modules\hr-salary\actions\salary-recalculation-engine.ts:477:57)
          at processTicksAndRejections (node:internal/process/task_queues:104:5)
          at Object.<anonymous> (D:\Antigravity\Projects\BELLA SPA ERP\src\__tests__\salary-recalculation-lifecycle.test.ts:266:5)

      129 |       return config;
      130 |     } catch (error) {
    > 131 |       console.error(`[PayrollConfigService] Error loading config for ${cacheKey}:`, error);
          |               ^
      132 |       // Fallback to default on error
      133 |       return this.getDefaultConfig(providerKey);
      134 |     }

      at PayrollConfigService.error [as getProviderConfig] (src/services/payroll-config.service.ts:131:15)
      at AttendanceProvider.getProviderConfig [as evaluate] (src/services/providers/attendance-provider.ts:117:46)
      at evaluate (src/modules/hr-salary/actions/salary-recalculation-engine.ts:477:57)
      at Object.<anonymous> (src/__tests__/salary-recalculation-lifecycle.test.ts:266:5)

    console.log
      [PHASE_2_ACTIVE] Attendance - Using Provider Result: {
        ktvId: 'ktv-1',
        month: '2026-06-01',
        provider_deduction: 100000,
        old_logic_would_be: 100000,
        strategy: 'late_deduction',
        late_days: 2,
        absent_days: 0
      }

      at log (src/modules/hr-salary/actions/salary-recalculation-engine.ts:485:15)

    console.log
      [PayrollConfigService] Cache MISS: tenant-1:kpi, fetching from DB...

      at PayrollConfigService.log [as getProviderConfig] (src/services/payroll-config.service.ts:96:13)

    console.error
      [PayrollConfigService] Error loading config for tenant-1:kpi: TypeError: supabase.from is not a function
          at PayrollConfigService.from [as getProviderConfig] (D:\Antigravity\Projects\BELLA SPA ERP\src\services\payroll-config.service.ts:102:10)
          at KPIProvider.getProviderConfig [as evaluate] (D:\Antigravity\Projects\BELLA SPA ERP\src\services\providers\kpi-provider.ts:180:46)
          at evaluate (D:\Antigravity\Projects\BELLA SPA ERP\src\modules\hr-salary\actions\salary-recalculation-engine.ts:541:43)
          at processTicksAndRejections (node:internal/process/task_queues:104:5)
          at Object.<anonymous> (D:\Antigravity\Projects\BELLA SPA ERP\src\__tests__\salary-recalculation-lifecycle.test.ts:266:5)

      129 |       return config;
      130 |     } catch (error) {
    > 131 |       console.error(`[PayrollConfigService] Error loading config for ${cacheKey}:`, error);
          |               ^
      132 |       // Fallback to default on error
      133 |       return this.getDefaultConfig(providerKey);
      134 |     }

      at PayrollConfigService.error [as getProviderConfig] (src/services/payroll-config.service.ts:131:15)
      at KPIProvider.getProviderConfig [as evaluate] (src/services/providers/kpi-provider.ts:180:46)
      at evaluate (src/modules/hr-salary/actions/salary-recalculation-engine.ts:541:43)
      at Object.<anonymous> (src/__tests__/salary-recalculation-lifecycle.test.ts:266:5)

    console.log
      [PHASE_2_ACTIVE] KPI - Using Provider Result: {
        ktvId: 'ktv-1',
        month: '2026-06-01',
        provider_bonus: 0,
        old_logic_would_be: 999000,
        strategy: undefined,
        sessions: 4
      }

      at log (src/modules/hr-salary/actions/salary-recalculation-engine.ts:546:15)

    console.log
      [PayrollConfigService] Cache MISS: tenant-1:commission, fetching from DB...

      at PayrollConfigService.log [as getProviderConfig] (src/services/payroll-config.service.ts:96:13)

    console.error
      [PayrollConfigService] Error loading config for tenant-1:commission: TypeError: supabase.from is not a function
          at PayrollConfigService.from [as getProviderConfig] (D:\Antigravity\Projects\BELLA SPA ERP\src\services\payroll-config.service.ts:102:10)
          at CommissionProvider.getProviderConfig [as evaluate] (D:\Antigravity\Projects\BELLA SPA ERP\src\services\providers\commission-provider.ts:227:46)
          at evaluate (D:\Antigravity\Projects\BELLA SPA ERP\src\modules\hr-salary\actions\salary-recalculation-engine.ts:410:57)
          at processTicksAndRejections (node:internal/process/task_queues:104:5)
          at Object.<anonymous> (D:\Antigravity\Projects\BELLA SPA ERP\src\__tests__\salary-recalculation-lifecycle.test.ts:280:5)

      129 |       return config;
      130 |     } catch (error) {
    > 131 |       console.error(`[PayrollConfigService] Error loading config for ${cacheKey}:`, error);
          |               ^
      132 |       // Fallback to default on error
      133 |       return this.getDefaultConfig(providerKey);
      134 |     }

      at PayrollConfigService.error [as getProviderConfig] (src/services/payroll-config.service.ts:131:15)
      at CommissionProvider.getProviderConfig [as evaluate] (src/services/providers/commission-provider.ts:227:46)
      at evaluate (src/modules/hr-salary/actions/salary-recalculation-engine.ts:410:57)
      at Object.<anonymous> (src/__tests__/salary-recalculation-lifecycle.test.ts:280:5)

    console.log
      [PHASE_2_ACTIVE] Commission - Using Provider Result: {
        ktvId: 'ktv-1',
        month: '2026-06-01',
        provider_commission: 240000,
        old_logic_would_be: 600000,
        strategy: 'fixed',
        sessions: 4,
        total_revenue: 600000
      }

      at log (src/modules/hr-salary/actions/salary-recalculation-engine.ts:415:15)

    console.log
      [PayrollConfigService] Cache MISS: tenant-1:attendance, fetching from DB...

      at PayrollConfigService.log [as getProviderConfig] (src/services/payroll-config.service.ts:96:13)

    console.error
      [PayrollConfigService] Error loading config for tenant-1:attendance: TypeError: supabase.from is not a function
          at PayrollConfigService.from [as getProviderConfig] (D:\Antigravity\Projects\BELLA SPA ERP\src\services\payroll-config.service.ts:102:10)
          at AttendanceProvider.getProviderConfig [as evaluate] (D:\Antigravity\Projects\BELLA SPA ERP\src\services\providers\attendance-provider.ts:117:46)
          at evaluate (D:\Antigravity\Projects\BELLA SPA ERP\src\modules\hr-salary\actions\salary-recalculation-engine.ts:477:57)
          at processTicksAndRejections (node:internal/process/task_queues:104:5)
          at Object.<anonymous> (D:\Antigravity\Projects\BELLA SPA ERP\src\__tests__\salary-recalculation-lifecycle.test.ts:280:5)

      129 |       return config;
      130 |     } catch (error) {
    > 131 |       console.error(`[PayrollConfigService] Error loading config for ${cacheKey}:`, error);
          |               ^
      132 |       // Fallback to default on error
      133 |       return this.getDefaultConfig(providerKey);
      134 |     }

      at PayrollConfigService.error [as getProviderConfig] (src/services/payroll-config.service.ts:131:15)
      at AttendanceProvider.getProviderConfig [as evaluate] (src/services/providers/attendance-provider.ts:117:46)
      at evaluate (src/modules/hr-salary/actions/salary-recalculation-engine.ts:477:57)
      at Object.<anonymous> (src/__tests__/salary-recalculation-lifecycle.test.ts:280:5)

    console.log
      [PHASE_2_ACTIVE] Attendance - Using Provider Result: {
        ktvId: 'ktv-1',
        month: '2026-06-01',
        provider_deduction: 100000,
        old_logic_would_be: 100000,
        strategy: 'late_deduction',
        late_days: 2,
        absent_days: 0
      }

      at log (src/modules/hr-salary/actions/salary-recalculation-engine.ts:485:15)

    console.log
      [PayrollConfigService] Cache MISS: tenant-1:kpi, fetching from DB...

      at PayrollConfigService.log [as getProviderConfig] (src/services/payroll-config.service.ts:96:13)

    console.error
      [PayrollConfigService] Error loading config for tenant-1:kpi: TypeError: supabase.from is not a function
          at PayrollConfigService.from [as getProviderConfig] (D:\Antigravity\Projects\BELLA SPA ERP\src\services\payroll-config.service.ts:102:10)
          at KPIProvider.getProviderConfig [as evaluate] (D:\Antigravity\Projects\BELLA SPA ERP\src\services\providers\kpi-provider.ts:180:46)
          at evaluate (D:\Antigravity\Projects\BELLA SPA ERP\src\modules\hr-salary\actions\salary-recalculation-engine.ts:541:43)
          at processTicksAndRejections (node:internal/process/task_queues:104:5)
          at Object.<anonymous> (D:\Antigravity\Projects\BELLA SPA ERP\src\__tests__\salary-recalculation-lifecycle.test.ts:280:5)

      129 |       return config;
      130 |     } catch (error) {
    > 131 |       console.error(`[PayrollConfigService] Error loading config for ${cacheKey}:`, error);
          |               ^
      132 |       // Fallback to default on error
      133 |       return this.getDefaultConfig(providerKey);
      134 |     }

      at PayrollConfigService.error [as getProviderConfig] (src/services/payroll-config.service.ts:131:15)
      at KPIProvider.getProviderConfig [as evaluate] (src/services/providers/kpi-provider.ts:180:46)
      at evaluate (src/modules/hr-salary/actions/salary-recalculation-engine.ts:541:43)
      at Object.<anonymous> (src/__tests__/salary-recalculation-lifecycle.test.ts:280:5)

    console.log
      [PHASE_2_ACTIVE] KPI - Using Provider Result: {
        ktvId: 'ktv-1',
        month: '2026-06-01',
        provider_bonus: 0,
        old_logic_would_be: 999000,
        strategy: undefined,
        sessions: 4
      }

      at log (src/modules/hr-salary/actions/salary-recalculation-engine.ts:546:15)

PASS src/__tests__/e2e-payroll-cross-month-session.test.ts
  ΓùÅ Console

    console.log
      Γùç injected env (9) from .env.local // tip: Γîÿ override existing { override: true }

      at _log (node_modules/dotenv/lib/main.js:131:11)

    console.log
      [Jest Setup] SUPABASE_SERVICE_ROLE_KEY loaded: sb_secret_Dm... (41 chars)

      at Object.log (jest.setup.ts:10:9)

    console.log
      Γ£à Session completed May 31 ΓåÆ allocated to MAY payroll {
        completedDate: '2026-05-31',
        allocatedMonth: '2026-05-01',
        sessions: 1
      }

      at Object.log (src/__tests__/e2e-payroll-cross-month-session.test.ts:54:13)

    console.log
      Γ£à June payroll does NOT include May 31 session { juneSessions: 0 }

      at Object.log (src/__tests__/e2e-payroll-cross-month-session.test.ts:66:13)

    console.log
      
      ≡ƒÄë E2E CROSS-MONTH SESSION TEST: PASSED

      at Object.log (src/__tests__/e2e-payroll-cross-month-session.test.ts:68:13)

PASS src/__tests__/business-rule-production-guard.test.ts
  ΓùÅ Console

    console.log
      Γùç injected env (9) from .env.local // tip: Γîÿ override existing { override: true }

      at _log (node_modules/dotenv/lib/main.js:131:11)

    console.log
      [Jest Setup] SUPABASE_SERVICE_ROLE_KEY loaded: sb_secret_Dm... (41 chars)

      at Object.log (jest.setup.ts:10:9)

PASS src/__tests__/rate-limit.middleware.test.ts
  ΓùÅ Console

    console.log
      Γùç injected env (9) from .env.local // tip: Γîÿ custom filepath { path: '/custom/path/.env' }

      at _log (node_modules/dotenv/lib/main.js:131:11)

    console.log
      [Jest Setup] SUPABASE_SERVICE_ROLE_KEY loaded: sb_secret_Dm... (41 chars)

      at Object.log (jest.setup.ts:10:9)

    console.log
      Γ£à Redis connected for rate limiting

      at log (src/lib/middleware/rate-limit.middleware.ts:355:13)

    console.log
      Γ£à Redis connected for rate limiting

      at log (src/lib/middleware/rate-limit.middleware.ts:355:13)

    console.log
      Γ£à Redis connected for rate limiting

      at log (src/lib/middleware/rate-limit.middleware.ts:355:13)

    console.log
      Γ£à Redis connected for rate limiting

      at log (src/lib/middleware/rate-limit.middleware.ts:355:13)

    console.warn
      Partner approaching rate limit: {
        partner_id: 'partner-rate-limit',
        tier: 'free',
        operation: 'read',
        consumed: '81.7%',
        remaining: 11,
        mode: 'normal',
        circuit_state: 'CLOSED'
      }

      728 |   
      729 |   if (consumedPercentage > 80 && consumedPercentage < 100) {
    > 730 |     console.warn('Partner approaching rate limit:', {
          |             ^
      731 |       partner_id: partner.partner_id,
      732 |       tier,
      733 |       operation,

      at warn (src/lib/middleware/rate-limit.middleware.ts:730:13)
      at Object.<anonymous> (src/__tests__/rate-limit.middleware.test.ts:188:9)

    console.warn
      ΓÜá∩╕Å APPROACHING LIMIT: {
        "type": "APPROACHING_LIMIT",
        "severity": "MEDIUM",
        "timestamp": "2026-07-14T13:00:41.689Z",
        "circuit_state": "CLOSED",
        "failure_count": 0,
        "success_count": 100,
        "partner_id": "partner-rate-limit",
        "partner_name": "Test Partner",
        "tier": "free",
        "limit": 60,
        "mode": "normal",
        "message": "ΓÜá∩╕Å Partner Test Partner at 80% rate limit (normal mode)",
        "remaining": 11,
        "consumed_percentage": "81.7%"
      }

      809 |       alert.remaining = result.remaining;
      810 |       alert.consumed_percentage = ((result.limit - result.remaining) / result.limit * 100).toFixed(1) + '%';
    > 811 |       console.warn('ΓÜá∩╕Å APPROACHING LIMIT:', JSON.stringify(alert, null, 2));
          |               ^
      812 |       
      813 |       // TODO: Notify partner
      814 |       // await sendPartnerEmailWarning(partner, alert);

      at warn (src/lib/middleware/rate-limit.middleware.ts:811:15)
      at sendRateLimitAlert (src/lib/middleware/rate-limit.middleware.ts:741:11)
      at Object.<anonymous> (src/__tests__/rate-limit.middleware.test.ts:188:9)

    console.warn
      Partner approaching rate limit: {
        partner_id: 'partner-rate-limit',
        tier: 'free',
        operation: 'read',
        consumed: '83.3%',
        remaining: 10,
        mode: 'normal',
        circuit_state: 'CLOSED'
      }

      728 |   
      729 |   if (consumedPercentage > 80 && consumedPercentage < 100) {
    > 730 |     console.warn('Partner approaching rate limit:', {
          |             ^
      731 |       partner_id: partner.partner_id,
      732 |       tier,
      733 |       operation,

      at warn (src/lib/middleware/rate-limit.middleware.ts:730:13)
      at Object.<anonymous> (src/__tests__/rate-limit.middleware.test.ts:188:9)

    console.warn
      ΓÜá∩╕Å APPROACHING LIMIT: {
        "type": "APPROACHING_LIMIT",
        "severity": "MEDIUM",
        "timestamp": "2026-07-14T13:00:41.691Z",
        "circuit_state": "CLOSED",
        "failure_count": 0,
        "success_count": 102,
        "partner_id": "partner-rate-limit",
        "partner_name": "Test Partner",
        "tier": "free",
        "limit": 60,
        "mode": "normal",
        "message": "ΓÜá∩╕Å Partner Test Partner at 80% rate limit (normal mode)",
        "remaining": 10,
        "consumed_percentage": "83.3%"
      }

      809 |       alert.remaining = result.remaining;
      810 |       alert.consumed_percentage = ((result.limit - result.remaining) / result.limit * 100).toFixed(1) + '%';
    > 811 |       console.warn('ΓÜá∩╕Å APPROACHING LIMIT:', JSON.stringify(alert, null, 2));
          |               ^
      812 |       
      813 |       // TODO: Notify partner
      814 |       // await sendPartnerEmailWarning(partner, alert);

      at warn (src/lib/middleware/rate-limit.middleware.ts:811:15)
      at sendRateLimitAlert (src/lib/middleware/rate-limit.middleware.ts:741:11)
      at Object.<anonymous> (src/__tests__/rate-limit.middleware.test.ts:188:9)

    console.warn
      Partner approaching rate limit: {
        partner_id: 'partner-rate-limit',
        tier: 'free',
        operation: 'read',
        consumed: '85.0%',
        remaining: 9,
        mode: 'normal',
        circuit_state: 'CLOSED'
      }

      728 |   
      729 |   if (consumedPercentage > 80 && consumedPercentage < 100) {
    > 730 |     console.warn('Partner approaching rate limit:', {
          |             ^
      731 |       partner_id: partner.partner_id,
      732 |       tier,
      733 |       operation,

      at warn (src/lib/middleware/rate-limit.middleware.ts:730:13)
      at Object.<anonymous> (src/__tests__/rate-limit.middleware.test.ts:188:9)

    console.warn
      ΓÜá∩╕Å APPROACHING LIMIT: {
        "type": "APPROACHING_LIMIT",
        "severity": "MEDIUM",
        "timestamp": "2026-07-14T13:00:41.691Z",
        "circuit_state": "CLOSED",
        "failure_count": 0,
        "success_count": 104,
        "partner_id": "partner-rate-limit",
        "partner_name": "Test Partner",
        "tier": "free",
        "limit": 60,
        "mode": "normal",
        "message": "ΓÜá∩╕Å Partner Test Partner at 80% rate limit (normal mode)",
        "remaining": 9,
        "consumed_percentage": "85.0%"
      }

      809 |       alert.remaining = result.remaining;
      810 |       alert.consumed_percentage = ((result.limit - result.remaining) / result.limit * 100).toFixed(1) + '%';
    > 811 |       console.warn('ΓÜá∩╕Å APPROACHING LIMIT:', JSON.stringify(alert, null, 2));
          |               ^
      812 |       
      813 |       // TODO: Notify partner
      814 |       // await sendPartnerEmailWarning(partner, alert);

      at warn (src/lib/middleware/rate-limit.middleware.ts:811:15)
      at sendRateLimitAlert (src/lib/middleware/rate-limit.middleware.ts:741:11)
      at Object.<anonymous> (src/__tests__/rate-limit.middleware.test.ts:188:9)

    console.warn
      Partner approaching rate limit: {
        partner_id: 'partner-rate-limit',
        tier: 'free',
        operation: 'read',
        consumed: '86.7%',
        remaining: 8,
        mode: 'normal',
        circuit_state: 'CLOSED'
      }

      728 |   
      729 |   if (consumedPercentage > 80 && consumedPercentage < 100) {
    > 730 |     console.warn('Partner approaching rate limit:', {
          |             ^
      731 |       partner_id: partner.partner_id,
      732 |       tier,
      733 |       operation,

      at warn (src/lib/middleware/rate-limit.middleware.ts:730:13)
      at Object.<anonymous> (src/__tests__/rate-limit.middleware.test.ts:188:9)

    console.warn
      ΓÜá∩╕Å APPROACHING LIMIT: {
        "type": "APPROACHING_LIMIT",
        "severity": "MEDIUM",
        "timestamp": "2026-07-14T13:00:41.692Z",
        "circuit_state": "CLOSED",
        "failure_count": 0,
        "success_count": 106,
        "partner_id": "partner-rate-limit",
        "partner_name": "Test Partner",
        "tier": "free",
        "limit": 60,
        "mode": "normal",
        "message": "ΓÜá∩╕Å Partner Test Partner at 80% rate limit (normal mode)",
        "remaining": 8,
        "consumed_percentage": "86.7%"
      }

      809 |       alert.remaining = result.remaining;
      810 |       alert.consumed_percentage = ((result.limit - result.remaining) / result.limit * 100).toFixed(1) + '%';
    > 811 |       console.warn('ΓÜá∩╕Å APPROACHING LIMIT:', JSON.stringify(alert, null, 2));
          |               ^
      812 |       
      813 |       // TODO: Notify partner
      814 |       // await sendPartnerEmailWarning(partner, alert);

      at warn (src/lib/middleware/rate-limit.middleware.ts:811:15)
      at sendRateLimitAlert (src/lib/middleware/rate-limit.middleware.ts:741:11)
      at Object.<anonymous> (src/__tests__/rate-limit.middleware.test.ts:188:9)

    console.warn
      Partner approaching rate limit: {
        partner_id: 'partner-rate-limit',
        tier: 'free',
        operation: 'read',
        consumed: '88.3%',
        remaining: 7,
        mode: 'normal',
        circuit_state: 'CLOSED'
      }

      728 |   
      729 |   if (consumedPercentage > 80 && consumedPercentage < 100) {
    > 730 |     console.warn('Partner approaching rate limit:', {
          |             ^
      731 |       partner_id: partner.partner_id,
      732 |       tier,
      733 |       operation,

      at warn (src/lib/middleware/rate-limit.middleware.ts:730:13)
      at Object.<anonymous> (src/__tests__/rate-limit.middleware.test.ts:188:9)

    console.warn
      ΓÜá∩╕Å APPROACHING LIMIT: {
        "type": "APPROACHING_LIMIT",
        "severity": "MEDIUM",
        "timestamp": "2026-07-14T13:00:41.693Z",
        "circuit_state": "CLOSED",
        "failure_count": 0,
        "success_count": 108,
        "partner_id": "partner-rate-limit",
        "partner_name": "Test Partner",
        "tier": "free",
        "limit": 60,
        "mode": "normal",
        "message": "ΓÜá∩╕Å Partner Test Partner at 80% rate limit (normal mode)",
        "remaining": 7,
        "consumed_percentage": "88.3%"
      }

      809 |       alert.remaining = result.remaining;
      810 |       alert.consumed_percentage = ((result.limit - result.remaining) / result.limit * 100).toFixed(1) + '%';
    > 811 |       console.warn('ΓÜá∩╕Å APPROACHING LIMIT:', JSON.stringify(alert, null, 2));
          |               ^
      812 |       
      813 |       // TODO: Notify partner
      814 |       // await sendPartnerEmailWarning(partner, alert);

      at warn (src/lib/middleware/rate-limit.middleware.ts:811:15)
      at sendRateLimitAlert (src/lib/middleware/rate-limit.middleware.ts:741:11)
      at Object.<anonymous> (src/__tests__/rate-limit.middleware.test.ts:188:9)

    console.warn
      Partner approaching rate limit: {
        partner_id: 'partner-rate-limit',
        tier: 'free',
        operation: 'read',
        consumed: '90.0%',
        remaining: 6,
        mode: 'normal',
        circuit_state: 'CLOSED'
      }

      728 |   
      729 |   if (consumedPercentage > 80 && consumedPercentage < 100) {
    > 730 |     console.warn('Partner approaching rate limit:', {
          |             ^
      731 |       partner_id: partner.partner_id,
      732 |       tier,
      733 |       operation,

      at warn (src/lib/middleware/rate-limit.middleware.ts:730:13)
      at Object.<anonymous> (src/__tests__/rate-limit.middleware.test.ts:188:9)

    console.warn
      ΓÜá∩╕Å APPROACHING LIMIT: {
        "type": "APPROACHING_LIMIT",
        "severity": "MEDIUM",
        "timestamp": "2026-07-14T13:00:41.694Z",
        "circuit_state": "CLOSED",
        "failure_count": 0,
        "success_count": 110,
        "partner_id": "partner-rate-limit",
        "partner_name": "Test Partner",
        "tier": "free",
        "limit": 60,
        "mode": "normal",
        "message": "ΓÜá∩╕Å Partner Test Partner at 80% rate limit (normal mode)",
        "remaining": 6,
        "consumed_percentage": "90.0%"
      }

      809 |       alert.remaining = result.remaining;
      810 |       alert.consumed_percentage = ((result.limit - result.remaining) / result.limit * 100).toFixed(1) + '%';
    > 811 |       console.warn('ΓÜá∩╕Å APPROACHING LIMIT:', JSON.stringify(alert, null, 2));
          |               ^
      812 |       
      813 |       // TODO: Notify partner
      814 |       // await sendPartnerEmailWarning(partner, alert);

      at warn (src/lib/middleware/rate-limit.middleware.ts:811:15)
      at sendRateLimitAlert (src/lib/middleware/rate-limit.middleware.ts:741:11)
      at Object.<anonymous> (src/__tests__/rate-limit.middleware.test.ts:188:9)

    console.warn
      Partner approaching rate limit: {
        partner_id: 'partner-rate-limit',
        tier: 'free',
        operation: 'read',
        consumed: '91.7%',
        remaining: 5,
        mode: 'normal',
        circuit_state: 'CLOSED'
      }

      728 |   
      729 |   if (consumedPercentage > 80 && consumedPercentage < 100) {
    > 730 |     console.warn('Partner approaching rate limit:', {
          |             ^
      731 |       partner_id: partner.partner_id,
      732 |       tier,
      733 |       operation,

      at warn (src/lib/middleware/rate-limit.middleware.ts:730:13)
      at Object.<anonymous> (src/__tests__/rate-limit.middleware.test.ts:188:9)

    console.warn
      ΓÜá∩╕Å APPROACHING LIMIT: {
        "type": "APPROACHING_LIMIT",
        "severity": "MEDIUM",
        "timestamp": "2026-07-14T13:00:41.695Z",
        "circuit_state": "CLOSED",
        "failure_count": 0,
        "success_count": 112,
        "partner_id": "partner-rate-limit",
        "partner_name": "Test Partner",
        "tier": "free",
        "limit": 60,
        "mode": "normal",
        "message": "ΓÜá∩╕Å Partner Test Partner at 80% rate limit (normal mode)",
        "remaining": 5,
        "consumed_percentage": "91.7%"
      }

      809 |       alert.remaining = result.remaining;
      810 |       alert.consumed_percentage = ((result.limit - result.remaining) / result.limit * 100).toFixed(1) + '%';
    > 811 |       console.warn('ΓÜá∩╕Å APPROACHING LIMIT:', JSON.stringify(alert, null, 2));
          |               ^
      812 |       
      813 |       // TODO: Notify partner
      814 |       // await sendPartnerEmailWarning(partner, alert);

      at warn (src/lib/middleware/rate-limit.middleware.ts:811:15)
      at sendRateLimitAlert (src/lib/middleware/rate-limit.middleware.ts:741:11)
      at Object.<anonymous> (src/__tests__/rate-limit.middleware.test.ts:188:9)

    console.warn
      Partner approaching rate limit: {
        partner_id: 'partner-rate-limit',
        tier: 'free',
        operation: 'read',
        consumed: '93.3%',
        remaining: 4,
        mode: 'normal',
        circuit_state: 'CLOSED'
      }

      728 |   
      729 |   if (consumedPercentage > 80 && consumedPercentage < 100) {
    > 730 |     console.warn('Partner approaching rate limit:', {
          |             ^
      731 |       partner_id: partner.partner_id,
      732 |       tier,
      733 |       operation,

      at warn (src/lib/middleware/rate-limit.middleware.ts:730:13)
      at Object.<anonymous> (src/__tests__/rate-limit.middleware.test.ts:188:9)

    console.warn
      ΓÜá∩╕Å APPROACHING LIMIT: {
        "type": "APPROACHING_LIMIT",
        "severity": "MEDIUM",
        "timestamp": "2026-07-14T13:00:41.696Z",
        "circuit_state": "CLOSED",
        "failure_count": 0,
        "success_count": 114,
        "partner_id": "partner-rate-limit",
        "partner_name": "Test Partner",
        "tier": "free",
        "limit": 60,
        "mode": "normal",
        "message": "ΓÜá∩╕Å Partner Test Partner at 80% rate limit (normal mode)",
        "remaining": 4,
        "consumed_percentage": "93.3%"
      }

      809 |       alert.remaining = result.remaining;
      810 |       alert.consumed_percentage = ((result.limit - result.remaining) / result.limit * 100).toFixed(1) + '%';
    > 811 |       console.warn('ΓÜá∩╕Å APPROACHING LIMIT:', JSON.stringify(alert, null, 2));
          |               ^
      812 |       
      813 |       // TODO: Notify partner
      814 |       // await sendPartnerEmailWarning(partner, alert);

      at warn (src/lib/middleware/rate-limit.middleware.ts:811:15)
      at sendRateLimitAlert (src/lib/middleware/rate-limit.middleware.ts:741:11)
      at Object.<anonymous> (src/__tests__/rate-limit.middleware.test.ts:188:9)

    console.warn
      Partner approaching rate limit: {
        partner_id: 'partner-rate-limit',
        tier: 'free',
        operation: 'read',
        consumed: '95.0%',
        remaining: 3,
        mode: 'normal',
        circuit_state: 'CLOSED'
      }

      728 |   
      729 |   if (consumedPercentage > 80 && consumedPercentage < 100) {
    > 730 |     console.warn('Partner approaching rate limit:', {
          |             ^
      731 |       partner_id: partner.partner_id,
      732 |       tier,
      733 |       operation,

      at warn (src/lib/middleware/rate-limit.middleware.ts:730:13)
      at Object.<anonymous> (src/__tests__/rate-limit.middleware.test.ts:188:9)

    console.warn
      ΓÜá∩╕Å APPROACHING LIMIT: {
        "type": "APPROACHING_LIMIT",
        "severity": "MEDIUM",
        "timestamp": "2026-07-14T13:00:41.696Z",
        "circuit_state": "CLOSED",
        "failure_count": 0,
        "success_count": 116,
        "partner_id": "partner-rate-limit",
        "partner_name": "Test Partner",
        "tier": "free",
        "limit": 60,
        "mode": "normal",
        "message": "ΓÜá∩╕Å Partner Test Partner at 80% rate limit (normal mode)",
        "remaining": 3,
        "consumed_percentage": "95.0%"
      }

      809 |       alert.remaining = result.remaining;
      810 |       alert.consumed_percentage = ((result.limit - result.remaining) / result.limit * 100).toFixed(1) + '%';
    > 811 |       console.warn('ΓÜá∩╕Å APPROACHING LIMIT:', JSON.stringify(alert, null, 2));
          |               ^
      812 |       
      813 |       // TODO: Notify partner
      814 |       // await sendPartnerEmailWarning(partner, alert);

      at warn (src/lib/middleware/rate-limit.middleware.ts:811:15)
      at sendRateLimitAlert (src/lib/middleware/rate-limit.middleware.ts:741:11)
      at Object.<anonymous> (src/__tests__/rate-limit.middleware.test.ts:188:9)

    console.warn
      Partner approaching rate limit: {
        partner_id: 'partner-rate-limit',
        tier: 'free',
        operation: 'read',
        consumed: '96.7%',
        remaining: 2,
        mode: 'normal',
        circuit_state: 'CLOSED'
      }

      728 |   
      729 |   if (consumedPercentage > 80 && consumedPercentage < 100) {
    > 730 |     console.warn('Partner approaching rate limit:', {
          |             ^
      731 |       partner_id: partner.partner_id,
      732 |       tier,
      733 |       operation,

      at warn (src/lib/middleware/rate-limit.middleware.ts:730:13)
      at Object.<anonymous> (src/__tests__/rate-limit.middleware.test.ts:188:9)

    console.warn
      ΓÜá∩╕Å APPROACHING LIMIT: {
        "type": "APPROACHING_LIMIT",
        "severity": "MEDIUM",
        "timestamp": "2026-07-14T13:00:41.697Z",
        "circuit_state": "CLOSED",
        "failure_count": 0,
        "success_count": 118,
        "partner_id": "partner-rate-limit",
        "partner_name": "Test Partner",
        "tier": "free",
        "limit": 60,
        "mode": "normal",
        "message": "ΓÜá∩╕Å Partner Test Partner at 80% rate limit (normal mode)",
        "remaining": 2,
        "consumed_percentage": "96.7%"
      }

      809 |       alert.remaining = result.remaining;
      810 |       alert.consumed_percentage = ((result.limit - result.remaining) / result.limit * 100).toFixed(1) + '%';
    > 811 |       console.warn('ΓÜá∩╕Å APPROACHING LIMIT:', JSON.stringify(alert, null, 2));
          |               ^
      812 |       
      813 |       // TODO: Notify partner
      814 |       // await sendPartnerEmailWarning(partner, alert);

      at warn (src/lib/middleware/rate-limit.middleware.ts:811:15)
      at sendRateLimitAlert (src/lib/middleware/rate-limit.middleware.ts:741:11)
      at Object.<anonymous> (src/__tests__/rate-limit.middleware.test.ts:188:9)

    console.warn
      Partner approaching rate limit: {
        partner_id: 'partner-rate-limit',
        tier: 'free',
        operation: 'read',
        consumed: '98.3%',
        remaining: 1,
        mode: 'normal',
        circuit_state: 'CLOSED'
      }

      728 |   
      729 |   if (consumedPercentage > 80 && consumedPercentage < 100) {
    > 730 |     console.warn('Partner approaching rate limit:', {
          |             ^
      731 |       partner_id: partner.partner_id,
      732 |       tier,
      733 |       operation,

      at warn (src/lib/middleware/rate-limit.middleware.ts:730:13)
      at Object.<anonymous> (src/__tests__/rate-limit.middleware.test.ts:188:9)

    console.warn
      ΓÜá∩╕Å APPROACHING LIMIT: {
        "type": "APPROACHING_LIMIT",
        "severity": "MEDIUM",
        "timestamp": "2026-07-14T13:00:41.698Z",
        "circuit_state": "CLOSED",
        "failure_count": 0,
        "success_count": 120,
        "partner_id": "partner-rate-limit",
        "partner_name": "Test Partner",
        "tier": "free",
        "limit": 60,
        "mode": "normal",
        "message": "ΓÜá∩╕Å Partner Test Partner at 80% rate limit (normal mode)",
        "remaining": 1,
        "consumed_percentage": "98.3%"
      }

      809 |       alert.remaining = result.remaining;
      810 |       alert.consumed_percentage = ((result.limit - result.remaining) / result.limit * 100).toFixed(1) + '%';
    > 811 |       console.warn('ΓÜá∩╕Å APPROACHING LIMIT:', JSON.stringify(alert, null, 2));
          |               ^
      812 |       
      813 |       // TODO: Notify partner
      814 |       // await sendPartnerEmailWarning(partner, alert);

      at warn (src/lib/middleware/rate-limit.middleware.ts:811:15)
      at sendRateLimitAlert (src/lib/middleware/rate-limit.middleware.ts:741:11)
      at Object.<anonymous> (src/__tests__/rate-limit.middleware.test.ts:188:9)

    console.warn
      Rate limit exceeded: {
        partner_id: 'partner-rate-limit',
        partner_name: 'Test Partner',
        tier: 'free',
        operation: 'read',
        limit: 60,
        mode: 'normal',
        circuit_state: 'CLOSED',
        reset: '2026-07-14T13:01:00.000Z'
      }

      692 |   if (!result.allowed) {
      693 |     // Log rate limit event for monitoring
    > 694 |     console.warn('Rate limit exceeded:', {
          |             ^
      695 |       partner_id: partner.partner_id,
      696 |       partner_name: partner.partner_name,
      697 |       tier,

      at warn (src/lib/middleware/rate-limit.middleware.ts:694:13)
      at Object.<anonymous> (src/__tests__/rate-limit.middleware.test.ts:192:7)

    console.error
      ≡ƒÜ½ LIMIT EXCEEDED: {
        "type": "LIMIT_EXCEEDED",
        "severity": "MEDIUM",
        "timestamp": "2026-07-14T13:00:41.699Z",
        "circuit_state": "CLOSED",
        "failure_count": 0,
        "success_count": 124,
        "partner_id": "partner-rate-limit",
        "partner_name": "Test Partner",
        "tier": "free",
        "limit": 60,
        "mode": "normal",
        "message": "≡ƒÜ½ Partner Test Partner exceeded rate limit (normal mode)",
        "reset": "2026-07-14T13:01:00.000Z",
        "retryAfter": 18
      }

      818 |       alert.reset = new Date(result.reset * 1000).toISOString();
      819 |       alert.retryAfter = result.retryAfter;
    > 820 |       console.error('≡ƒÜ½ LIMIT EXCEEDED:', JSON.stringify(alert, null, 2));
          |               ^
      821 |       
      822 |       // TODO: Notify partner and log security event
      823 |       // await sendPartnerEmailBlocked(partner, alert);

      at error (src/lib/middleware/rate-limit.middleware.ts:820:15)
      at sendRateLimitAlert (src/lib/middleware/rate-limit.middleware.ts:707:13)
      at Object.<anonymous> (src/__tests__/rate-limit.middleware.test.ts:192:7)

    console.log
      Γ£à Redis connected for rate limiting

      at log (src/lib/middleware/rate-limit.middleware.ts:355:13)

    console.warn
      Partner approaching rate limit: {
        partner_id: 'partner-retry',
        tier: 'free',
        operation: 'read',
        consumed: '81.7%',
        remaining: 11,
        mode: 'normal',
        circuit_state: 'CLOSED'
      }

      728 |   
      729 |   if (consumedPercentage > 80 && consumedPercentage < 100) {
    > 730 |     console.warn('Partner approaching rate limit:', {
          |             ^
      731 |       partner_id: partner.partner_id,
      732 |       tier,
      733 |       operation,

      at warn (src/lib/middleware/rate-limit.middleware.ts:730:13)
      at Object.<anonymous> (src/__tests__/rate-limit.middleware.test.ts:207:11)

    console.warn
      ΓÜá∩╕Å APPROACHING LIMIT: {
        "type": "APPROACHING_LIMIT",
        "severity": "MEDIUM",
        "timestamp": "2026-07-14T13:00:41.709Z",
        "circuit_state": "CLOSED",
        "failure_count": 0,
        "success_count": 100,
        "partner_id": "partner-retry",
        "partner_name": "Test Partner",
        "tier": "free",
        "limit": 60,
        "mode": "normal",
        "message": "ΓÜá∩╕Å Partner Test Partner at 80% rate limit (normal mode)",
        "remaining": 11,
        "consumed_percentage": "81.7%"
      }

      809 |       alert.remaining = result.remaining;
      810 |       alert.consumed_percentage = ((result.limit - result.remaining) / result.limit * 100).toFixed(1) + '%';
    > 811 |       console.warn('ΓÜá∩╕Å APPROACHING LIMIT:', JSON.stringify(alert, null, 2));
          |               ^
      812 |       
      813 |       // TODO: Notify partner
      814 |       // await sendPartnerEmailWarning(partner, alert);

      at warn (src/lib/middleware/rate-limit.middleware.ts:811:15)
      at sendRateLimitAlert (src/lib/middleware/rate-limit.middleware.ts:741:11)
      at Object.<anonymous> (src/__tests__/rate-limit.middleware.test.ts:207:11)

    console.warn
      Partner approaching rate limit: {
        partner_id: 'partner-retry',
        tier: 'free',
        operation: 'read',
        consumed: '83.3%',
        remaining: 10,
        mode: 'normal',
        circuit_state: 'CLOSED'
      }

      728 |   
      729 |   if (consumedPercentage > 80 && consumedPercentage < 100) {
    > 730 |     console.warn('Partner approaching rate limit:', {
          |             ^
      731 |       partner_id: partner.partner_id,
      732 |       tier,
      733 |       operation,

      at warn (src/lib/middleware/rate-limit.middleware.ts:730:13)
      at Object.<anonymous> (src/__tests__/rate-limit.middleware.test.ts:207:11)

    console.warn
      ΓÜá∩╕Å APPROACHING LIMIT: {
        "type": "APPROACHING_LIMIT",
        "severity": "MEDIUM",
        "timestamp": "2026-07-14T13:00:41.710Z",
        "circuit_state": "CLOSED",
        "failure_count": 0,
        "success_count": 102,
        "partner_id": "partner-retry",
        "partner_name": "Test Partner",
        "tier": "free",
        "limit": 60,
        "mode": "normal",
        "message": "ΓÜá∩╕Å Partner Test Partner at 80% rate limit (normal mode)",
        "remaining": 10,
        "consumed_percentage": "83.3%"
      }

      809 |       alert.remaining = result.remaining;
      810 |       alert.consumed_percentage = ((result.limit - result.remaining) / result.limit * 100).toFixed(1) + '%';
    > 811 |       console.warn('ΓÜá∩╕Å APPROACHING LIMIT:', JSON.stringify(alert, null, 2));
          |               ^
      812 |       
      813 |       // TODO: Notify partner
      814 |       // await sendPartnerEmailWarning(partner, alert);

      at warn (src/lib/middleware/rate-limit.middleware.ts:811:15)
      at sendRateLimitAlert (src/lib/middleware/rate-limit.middleware.ts:741:11)
      at Object.<anonymous> (src/__tests__/rate-limit.middleware.test.ts:207:11)

    console.warn
      Partner approaching rate limit: {
        partner_id: 'partner-retry',
        tier: 'free',
        operation: 'read',
        consumed: '85.0%',
        remaining: 9,
        mode: 'normal',
        circuit_state: 'CLOSED'
      }

      728 |   
      729 |   if (consumedPercentage > 80 && consumedPercentage < 100) {
    > 730 |     console.warn('Partner approaching rate limit:', {
          |             ^
      731 |       partner_id: partner.partner_id,
      732 |       tier,
      733 |       operation,

      at warn (src/lib/middleware/rate-limit.middleware.ts:730:13)
      at Object.<anonymous> (src/__tests__/rate-limit.middleware.test.ts:207:11)

    console.warn
      ΓÜá∩╕Å APPROACHING LIMIT: {
        "type": "APPROACHING_LIMIT",
        "severity": "MEDIUM",
        "timestamp": "2026-07-14T13:00:41.711Z",
        "circuit_state": "CLOSED",
        "failure_count": 0,
        "success_count": 104,
        "partner_id": "partner-retry",
        "partner_name": "Test Partner",
        "tier": "free",
        "limit": 60,
        "mode": "normal",
        "message": "ΓÜá∩╕Å Partner Test Partner at 80% rate limit (normal mode)",
        "remaining": 9,
        "consumed_percentage": "85.0%"
      }

      809 |       alert.remaining = result.remaining;
      810 |       alert.consumed_percentage = ((result.limit - result.remaining) / result.limit * 100).toFixed(1) + '%';
    > 811 |       console.warn('ΓÜá∩╕Å APPROACHING LIMIT:', JSON.stringify(alert, null, 2));
          |               ^
      812 |       
      813 |       // TODO: Notify partner
      814 |       // await sendPartnerEmailWarning(partner, alert);

      at warn (src/lib/middleware/rate-limit.middleware.ts:811:15)
      at sendRateLimitAlert (src/lib/middleware/rate-limit.middleware.ts:741:11)
      at Object.<anonymous> (src/__tests__/rate-limit.middleware.test.ts:207:11)

    console.warn
      Partner approaching rate limit: {
        partner_id: 'partner-retry',
        tier: 'free',
        operation: 'read',
        consumed: '86.7%',
        remaining: 8,
        mode: 'normal',
        circuit_state: 'CLOSED'
      }

      728 |   
      729 |   if (consumedPercentage > 80 && consumedPercentage < 100) {
    > 730 |     console.warn('Partner approaching rate limit:', {
          |             ^
      731 |       partner_id: partner.partner_id,
      732 |       tier,
      733 |       operation,

      at warn (src/lib/middleware/rate-limit.middleware.ts:730:13)
      at Object.<anonymous> (src/__tests__/rate-limit.middleware.test.ts:207:11)

    console.warn
      ΓÜá∩╕Å APPROACHING LIMIT: {
        "type": "APPROACHING_LIMIT",
        "severity": "MEDIUM",
        "timestamp": "2026-07-14T13:00:41.711Z",
        "circuit_state": "CLOSED",
        "failure_count": 0,
        "success_count": 106,
        "partner_id": "partner-retry",
        "partner_name": "Test Partner",
        "tier": "free",
        "limit": 60,
        "mode": "normal",
        "message": "ΓÜá∩╕Å Partner Test Partner at 80% rate limit (normal mode)",
        "remaining": 8,
        "consumed_percentage": "86.7%"
      }

      809 |       alert.remaining = result.remaining;
      810 |       alert.consumed_percentage = ((result.limit - result.remaining) / result.limit * 100).toFixed(1) + '%';
    > 811 |       console.warn('ΓÜá∩╕Å APPROACHING LIMIT:', JSON.stringify(alert, null, 2));
          |               ^
      812 |       
      813 |       // TODO: Notify partner
      814 |       // await sendPartnerEmailWarning(partner, alert);

      at warn (src/lib/middleware/rate-limit.middleware.ts:811:15)
      at sendRateLimitAlert (src/lib/middleware/rate-limit.middleware.ts:741:11)
      at Object.<anonymous> (src/__tests__/rate-limit.middleware.test.ts:207:11)

    console.warn
      Partner approaching rate limit: {
        partner_id: 'partner-retry',
        tier: 'free',
        operation: 'read',
        consumed: '88.3%',
        remaining: 7,
        mode: 'normal',
        circuit_state: 'CLOSED'
      }

      728 |   
      729 |   if (consumedPercentage > 80 && consumedPercentage < 100) {
    > 730 |     console.warn('Partner approaching rate limit:', {
          |             ^
      731 |       partner_id: partner.partner_id,
      732 |       tier,
      733 |       operation,

      at warn (src/lib/middleware/rate-limit.middleware.ts:730:13)
      at Object.<anonymous> (src/__tests__/rate-limit.middleware.test.ts:207:11)

    console.warn
      ΓÜá∩╕Å APPROACHING LIMIT: {
        "type": "APPROACHING_LIMIT",
        "severity": "MEDIUM",
        "timestamp": "2026-07-14T13:00:41.712Z",
        "circuit_state": "CLOSED",
        "failure_count": 0,
        "success_count": 108,
        "partner_id": "partner-retry",
        "partner_name": "Test Partner",
        "tier": "free",
        "limit": 60,
        "mode": "normal",
        "message": "ΓÜá∩╕Å Partner Test Partner at 80% rate limit (normal mode)",
        "remaining": 7,
        "consumed_percentage": "88.3%"
      }

      809 |       alert.remaining = result.remaining;
      810 |       alert.consumed_percentage = ((result.limit - result.remaining) / result.limit * 100).toFixed(1) + '%';
    > 811 |       console.warn('ΓÜá∩╕Å APPROACHING LIMIT:', JSON.stringify(alert, null, 2));
          |               ^
      812 |       
      813 |       // TODO: Notify partner
      814 |       // await sendPartnerEmailWarning(partner, alert);

      at warn (src/lib/middleware/rate-limit.middleware.ts:811:15)
      at sendRateLimitAlert (src/lib/middleware/rate-limit.middleware.ts:741:11)
      at Object.<anonymous> (src/__tests__/rate-limit.middleware.test.ts:207:11)

    console.warn
      Partner approaching rate limit: {
        partner_id: 'partner-retry',
        tier: 'free',
        operation: 'read',
        consumed: '90.0%',
        remaining: 6,
        mode: 'normal',
        circuit_state: 'CLOSED'
      }

      728 |   
      729 |   if (consumedPercentage > 80 && consumedPercentage < 100) {
    > 730 |     console.warn('Partner approaching rate limit:', {
          |             ^
      731 |       partner_id: partner.partner_id,
      732 |       tier,
      733 |       operation,

      at warn (src/lib/middleware/rate-limit.middleware.ts:730:13)
      at Object.<anonymous> (src/__tests__/rate-limit.middleware.test.ts:207:11)

    console.warn
      ΓÜá∩╕Å APPROACHING LIMIT: {
        "type": "APPROACHING_LIMIT",
        "severity": "MEDIUM",
        "timestamp": "2026-07-14T13:00:41.713Z",
        "circuit_state": "CLOSED",
        "failure_count": 0,
        "success_count": 110,
        "partner_id": "partner-retry",
        "partner_name": "Test Partner",
        "tier": "free",
        "limit": 60,
        "mode": "normal",
        "message": "ΓÜá∩╕Å Partner Test Partner at 80% rate limit (normal mode)",
        "remaining": 6,
        "consumed_percentage": "90.0%"
      }

      809 |       alert.remaining = result.remaining;
      810 |       alert.consumed_percentage = ((result.limit - result.remaining) / result.limit * 100).toFixed(1) + '%';
    > 811 |       console.warn('ΓÜá∩╕Å APPROACHING LIMIT:', JSON.stringify(alert, null, 2));
          |               ^
      812 |       
      813 |       // TODO: Notify partner
      814 |       // await sendPartnerEmailWarning(partner, alert);

      at warn (src/lib/middleware/rate-limit.middleware.ts:811:15)
      at sendRateLimitAlert (src/lib/middleware/rate-limit.middleware.ts:741:11)
      at Object.<anonymous> (src/__tests__/rate-limit.middleware.test.ts:207:11)

    console.warn
      Partner approaching rate limit: {
        partner_id: 'partner-retry',
        tier: 'free',
        operation: 'read',
        consumed: '91.7%',
        remaining: 5,
        mode: 'normal',
        circuit_state: 'CLOSED'
      }

      728 |   
      729 |   if (consumedPercentage > 80 && consumedPercentage < 100) {
    > 730 |     console.warn('Partner approaching rate limit:', {
          |             ^
      731 |       partner_id: partner.partner_id,
      732 |       tier,
      733 |       operation,

      at warn (src/lib/middleware/rate-limit.middleware.ts:730:13)
      at Object.<anonymous> (src/__tests__/rate-limit.middleware.test.ts:207:11)

    console.warn
      ΓÜá∩╕Å APPROACHING LIMIT: {
        "type": "APPROACHING_LIMIT",
        "severity": "MEDIUM",
        "timestamp": "2026-07-14T13:00:41.714Z",
        "circuit_state": "CLOSED",
        "failure_count": 0,
        "success_count": 112,
        "partner_id": "partner-retry",
        "partner_name": "Test Partner",
        "tier": "free",
        "limit": 60,
        "mode": "normal",
        "message": "ΓÜá∩╕Å Partner Test Partner at 80% rate limit (normal mode)",
        "remaining": 5,
        "consumed_percentage": "91.7%"
      }

      809 |       alert.remaining = result.remaining;
      810 |       alert.consumed_percentage = ((result.limit - result.remaining) / result.limit * 100).toFixed(1) + '%';
    > 811 |       console.warn('ΓÜá∩╕Å APPROACHING LIMIT:', JSON.stringify(alert, null, 2));
          |               ^
      812 |       
      813 |       // TODO: Notify partner
      814 |       // await sendPartnerEmailWarning(partner, alert);

      at warn (src/lib/middleware/rate-limit.middleware.ts:811:15)
      at sendRateLimitAlert (src/lib/middleware/rate-limit.middleware.ts:741:11)
      at Object.<anonymous> (src/__tests__/rate-limit.middleware.test.ts:207:11)

    console.warn
      Partner approaching rate limit: {
        partner_id: 'partner-retry',
        tier: 'free',
        operation: 'read',
        consumed: '93.3%',
        remaining: 4,
        mode: 'normal',
        circuit_state: 'CLOSED'
      }

      728 |   
      729 |   if (consumedPercentage > 80 && consumedPercentage < 100) {
    > 730 |     console.warn('Partner approaching rate limit:', {
          |             ^
      731 |       partner_id: partner.partner_id,
      732 |       tier,
      733 |       operation,

      at warn (src/lib/middleware/rate-limit.middleware.ts:730:13)
      at Object.<anonymous> (src/__tests__/rate-limit.middleware.test.ts:207:11)

    console.warn
      ΓÜá∩╕Å APPROACHING LIMIT: {
        "type": "APPROACHING_LIMIT",
        "severity": "MEDIUM",
        "timestamp": "2026-07-14T13:00:41.715Z",
        "circuit_state": "CLOSED",
        "failure_count": 0,
        "success_count": 114,
        "partner_id": "partner-retry",
        "partner_name": "Test Partner",
        "tier": "free",
        "limit": 60,
        "mode": "normal",
        "message": "ΓÜá∩╕Å Partner Test Partner at 80% rate limit (normal mode)",
        "remaining": 4,
        "consumed_percentage": "93.3%"
      }

      809 |       alert.remaining = result.remaining;
      810 |       alert.consumed_percentage = ((result.limit - result.remaining) / result.limit * 100).toFixed(1) + '%';
    > 811 |       console.warn('ΓÜá∩╕Å APPROACHING LIMIT:', JSON.stringify(alert, null, 2));
          |               ^
      812 |       
      813 |       // TODO: Notify partner
      814 |       // await sendPartnerEmailWarning(partner, alert);

      at warn (src/lib/middleware/rate-limit.middleware.ts:811:15)
      at sendRateLimitAlert (src/lib/middleware/rate-limit.middleware.ts:741:11)
      at Object.<anonymous> (src/__tests__/rate-limit.middleware.test.ts:207:11)

    console.warn
      Partner approaching rate limit: {
        partner_id: 'partner-retry',
        tier: 'free',
        operation: 'read',
        consumed: '95.0%',
        remaining: 3,
        mode: 'normal',
        circuit_state: 'CLOSED'
      }

      728 |   
      729 |   if (consumedPercentage > 80 && consumedPercentage < 100) {
    > 730 |     console.warn('Partner approaching rate limit:', {
          |             ^
      731 |       partner_id: partner.partner_id,
      732 |       tier,
      733 |       operation,

      at warn (src/lib/middleware/rate-limit.middleware.ts:730:13)
      at Object.<anonymous> (src/__tests__/rate-limit.middleware.test.ts:207:11)

    console.warn
      ΓÜá∩╕Å APPROACHING LIMIT: {
        "type": "APPROACHING_LIMIT",
        "severity": "MEDIUM",
        "timestamp": "2026-07-14T13:00:41.716Z",
        "circuit_state": "CLOSED",
        "failure_count": 0,
        "success_count": 116,
        "partner_id": "partner-retry",
        "partner_name": "Test Partner",
        "tier": "free",
        "limit": 60,
        "mode": "normal",
        "message": "ΓÜá∩╕Å Partner Test Partner at 80% rate limit (normal mode)",
        "remaining": 3,
        "consumed_percentage": "95.0%"
      }

      809 |       alert.remaining = result.remaining;
      810 |       alert.consumed_percentage = ((result.limit - result.remaining) / result.limit * 100).toFixed(1) + '%';
    > 811 |       console.warn('ΓÜá∩╕Å APPROACHING LIMIT:', JSON.stringify(alert, null, 2));
          |               ^
      812 |       
      813 |       // TODO: Notify partner
      814 |       // await sendPartnerEmailWarning(partner, alert);

      at warn (src/lib/middleware/rate-limit.middleware.ts:811:15)
      at sendRateLimitAlert (src/lib/middleware/rate-limit.middleware.ts:741:11)
      at Object.<anonymous> (src/__tests__/rate-limit.middleware.test.ts:207:11)

    console.warn
      Partner approaching rate limit: {
        partner_id: 'partner-retry',
        tier: 'free',
        operation: 'read',
        consumed: '96.7%',
        remaining: 2,
        mode: 'normal',
        circuit_state: 'CLOSED'
      }

      728 |   
      729 |   if (consumedPercentage > 80 && consumedPercentage < 100) {
    > 730 |     console.warn('Partner approaching rate limit:', {
          |             ^
      731 |       partner_id: partner.partner_id,
      732 |       tier,
      733 |       operation,

      at warn (src/lib/middleware/rate-limit.middleware.ts:730:13)
      at Object.<anonymous> (src/__tests__/rate-limit.middleware.test.ts:207:11)

    console.warn
      ΓÜá∩╕Å APPROACHING LIMIT: {
        "type": "APPROACHING_LIMIT",
        "severity": "MEDIUM",
        "timestamp": "2026-07-14T13:00:41.717Z",
        "circuit_state": "CLOSED",
        "failure_count": 0,
        "success_count": 118,
        "partner_id": "partner-retry",
        "partner_name": "Test Partner",
        "tier": "free",
        "limit": 60,
        "mode": "normal",
        "message": "ΓÜá∩╕Å Partner Test Partner at 80% rate limit (normal mode)",
        "remaining": 2,
        "consumed_percentage": "96.7%"
      }

      809 |       alert.remaining = result.remaining;
      810 |       alert.consumed_percentage = ((result.limit - result.remaining) / result.limit * 100).toFixed(1) + '%';
    > 811 |       console.warn('ΓÜá∩╕Å APPROACHING LIMIT:', JSON.stringify(alert, null, 2));
          |               ^
      812 |       
      813 |       // TODO: Notify partner
      814 |       // await sendPartnerEmailWarning(partner, alert);

      at warn (src/lib/middleware/rate-limit.middleware.ts:811:15)
      at sendRateLimitAlert (src/lib/middleware/rate-limit.middleware.ts:741:11)
      at Object.<anonymous> (src/__tests__/rate-limit.middleware.test.ts:207:11)

    console.warn
      Partner approaching rate limit: {
        partner_id: 'partner-retry',
        tier: 'free',
        operation: 'read',
        consumed: '98.3%',
        remaining: 1,
        mode: 'normal',
        circuit_state: 'CLOSED'
      }

      728 |   
      729 |   if (consumedPercentage > 80 && consumedPercentage < 100) {
    > 730 |     console.warn('Partner approaching rate limit:', {
          |             ^
      731 |       partner_id: partner.partner_id,
      732 |       tier,
      733 |       operation,

      at warn (src/lib/middleware/rate-limit.middleware.ts:730:13)
      at Object.<anonymous> (src/__tests__/rate-limit.middleware.test.ts:207:11)

    console.warn
      ΓÜá∩╕Å APPROACHING LIMIT: {
        "type": "APPROACHING_LIMIT",
        "severity": "MEDIUM",
        "timestamp": "2026-07-14T13:00:41.718Z",
        "circuit_state": "CLOSED",
        "failure_count": 0,
        "success_count": 120,
        "partner_id": "partner-retry",
        "partner_name": "Test Partner",
        "tier": "free",
        "limit": 60,
        "mode": "normal",
        "message": "ΓÜá∩╕Å Partner Test Partner at 80% rate limit (normal mode)",
        "remaining": 1,
        "consumed_percentage": "98.3%"
      }

      809 |       alert.remaining = result.remaining;
      810 |       alert.consumed_percentage = ((result.limit - result.remaining) / result.limit * 100).toFixed(1) + '%';
    > 811 |       console.warn('ΓÜá∩╕Å APPROACHING LIMIT:', JSON.stringify(alert, null, 2));
          |               ^
      812 |       
      813 |       // TODO: Notify partner
      814 |       // await sendPartnerEmailWarning(partner, alert);

      at warn (src/lib/middleware/rate-limit.middleware.ts:811:15)
      at sendRateLimitAlert (src/lib/middleware/rate-limit.middleware.ts:741:11)
      at Object.<anonymous> (src/__tests__/rate-limit.middleware.test.ts:207:11)

    console.warn
      Rate limit exceeded: {
        partner_id: 'partner-retry',
        partner_name: 'Test Partner',
        tier: 'free',
        operation: 'read',
        limit: 60,
        mode: 'normal',
        circuit_state: 'CLOSED',
        reset: '2026-07-14T13:01:00.000Z'
      }

      692 |   if (!result.allowed) {
      693 |     // Log rate limit event for monitoring
    > 694 |     console.warn('Rate limit exceeded:', {
          |             ^
      695 |       partner_id: partner.partner_id,
      696 |       partner_name: partner.partner_name,
      697 |       tier,

      at warn (src/lib/middleware/rate-limit.middleware.ts:694:13)
      at Object.<anonymous> (src/__tests__/rate-limit.middleware.test.ts:207:11)

    console.error
      ≡ƒÜ½ LIMIT EXCEEDED: {
        "type": "LIMIT_EXCEEDED",
        "severity": "MEDIUM",
        "timestamp": "2026-07-14T13:00:41.719Z",
        "circuit_state": "CLOSED",
        "failure_count": 0,
        "success_count": 124,
        "partner_id": "partner-retry",
        "partner_name": "Test Partner",
        "tier": "free",
        "limit": 60,
        "mode": "normal",
        "message": "≡ƒÜ½ Partner Test Partner exceeded rate limit (normal mode)",
        "reset": "2026-07-14T13:01:00.000Z",
        "retryAfter": 18
      }

      818 |       alert.reset = new Date(result.reset * 1000).toISOString();
      819 |       alert.retryAfter = result.retryAfter;
    > 820 |       console.error('≡ƒÜ½ LIMIT EXCEEDED:', JSON.stringify(alert, null, 2));
          |               ^
      821 |       
      822 |       // TODO: Notify partner and log security event
      823 |       // await sendPartnerEmailBlocked(partner, alert);

      at error (src/lib/middleware/rate-limit.middleware.ts:820:15)
      at sendRateLimitAlert (src/lib/middleware/rate-limit.middleware.ts:707:13)
      at Object.<anonymous> (src/__tests__/rate-limit.middleware.test.ts:207:11)

    console.log
      Γ£à Redis connected for rate limiting

      at log (src/lib/middleware/rate-limit.middleware.ts:355:13)

    console.warn
      Partner approaching rate limit: {
        partner_id: 'partner-reset',
        tier: 'free',
        operation: 'read',
        consumed: '81.7%',
        remaining: 11,
        mode: 'normal',
        circuit_state: 'CLOSED'
      }

      728 |   
      729 |   if (consumedPercentage > 80 && consumedPercentage < 100) {
    > 730 |     console.warn('Partner approaching rate limit:', {
          |             ^
      731 |       partner_id: partner.partner_id,
      732 |       tier,
      733 |       operation,

      at warn (src/lib/middleware/rate-limit.middleware.ts:730:13)
      at Object.<anonymous> (src/__tests__/rate-limit.middleware.test.ts:230:9)

    console.warn
      ΓÜá∩╕Å APPROACHING LIMIT: {
        "type": "APPROACHING_LIMIT",
        "severity": "MEDIUM",
        "timestamp": "2026-07-14T13:00:41.729Z",
        "circuit_state": "CLOSED",
        "failure_count": 0,
        "success_count": 100,
        "partner_id": "partner-reset",
        "partner_name": "Test Partner",
        "tier": "free",
        "limit": 60,
        "mode": "normal",
        "message": "ΓÜá∩╕Å Partner Test Partner at 80% rate limit (normal mode)",
        "remaining": 11,
        "consumed_percentage": "81.7%"
      }

      809 |       alert.remaining = result.remaining;
      810 |       alert.consumed_percentage = ((result.limit - result.remaining) / result.limit * 100).toFixed(1) + '%';
    > 811 |       console.warn('ΓÜá∩╕Å APPROACHING LIMIT:', JSON.stringify(alert, null, 2));
          |               ^
      812 |       
      813 |       // TODO: Notify partner
      814 |       // await sendPartnerEmailWarning(partner, alert);

      at warn (src/lib/middleware/rate-limit.middleware.ts:811:15)
      at sendRateLimitAlert (src/lib/middleware/rate-limit.middleware.ts:741:11)
      at Object.<anonymous> (src/__tests__/rate-limit.middleware.test.ts:230:9)

    console.warn
      Partner approaching rate limit: {
        partner_id: 'partner-reset',
        tier: 'free',
        operation: 'read',
        consumed: '83.3%',
        remaining: 10,
        mode: 'normal',
        circuit_state: 'CLOSED'
      }

      728 |   
      729 |   if (consumedPercentage > 80 && consumedPercentage < 100) {
    > 730 |     console.warn('Partner approaching rate limit:', {
          |             ^
      731 |       partner_id: partner.partner_id,
      732 |       tier,
      733 |       operation,

      at warn (src/lib/middleware/rate-limit.middleware.ts:730:13)
      at Object.<anonymous> (src/__tests__/rate-limit.middleware.test.ts:230:9)

    console.warn
      ΓÜá∩╕Å APPROACHING LIMIT: {
        "type": "APPROACHING_LIMIT",
        "severity": "MEDIUM",
        "timestamp": "2026-07-14T13:00:41.730Z",
        "circuit_state": "CLOSED",
        "failure_count": 0,
        "success_count": 102,
        "partner_id": "partner-reset",
        "partner_name": "Test Partner",
        "tier": "free",
        "limit": 60,
        "mode": "normal",
        "message": "ΓÜá∩╕Å Partner Test Partner at 80% rate limit (normal mode)",
        "remaining": 10,
        "consumed_percentage": "83.3%"
      }

      809 |       alert.remaining = result.remaining;
      810 |       alert.consumed_percentage = ((result.limit - result.remaining) / result.limit * 100).toFixed(1) + '%';
    > 811 |       console.warn('ΓÜá∩╕Å APPROACHING LIMIT:', JSON.stringify(alert, null, 2));
          |               ^
      812 |       
      813 |       // TODO: Notify partner
      814 |       // await sendPartnerEmailWarning(partner, alert);

      at warn (src/lib/middleware/rate-limit.middleware.ts:811:15)
      at sendRateLimitAlert (src/lib/middleware/rate-limit.middleware.ts:741:11)
      at Object.<anonymous> (src/__tests__/rate-limit.middleware.test.ts:230:9)

    console.warn
      Partner approaching rate limit: {
        partner_id: 'partner-reset',
        tier: 'free',
        operation: 'read',
        consumed: '85.0%',
        remaining: 9,
        mode: 'normal',
        circuit_state: 'CLOSED'
      }

      728 |   
      729 |   if (consumedPercentage > 80 && consumedPercentage < 100) {
    > 730 |     console.warn('Partner approaching rate limit:', {
          |             ^
      731 |       partner_id: partner.partner_id,
      732 |       tier,
      733 |       operation,

      at warn (src/lib/middleware/rate-limit.middleware.ts:730:13)
      at Object.<anonymous> (src/__tests__/rate-limit.middleware.test.ts:230:9)

    console.warn
      ΓÜá∩╕Å APPROACHING LIMIT: {
        "type": "APPROACHING_LIMIT",
        "severity": "MEDIUM",
        "timestamp": "2026-07-14T13:00:41.731Z",
        "circuit_state": "CLOSED",
        "failure_count": 0,
        "success_count": 104,
        "partner_id": "partner-reset",
        "partner_name": "Test Partner",
        "tier": "free",
        "limit": 60,
        "mode": "normal",
        "message": "ΓÜá∩╕Å Partner Test Partner at 80% rate limit (normal mode)",
        "remaining": 9,
        "consumed_percentage": "85.0%"
      }

      809 |       alert.remaining = result.remaining;
      810 |       alert.consumed_percentage = ((result.limit - result.remaining) / result.limit * 100).toFixed(1) + '%';
    > 811 |       console.warn('ΓÜá∩╕Å APPROACHING LIMIT:', JSON.stringify(alert, null, 2));
          |               ^
      812 |       
      813 |       // TODO: Notify partner
      814 |       // await sendPartnerEmailWarning(partner, alert);

      at warn (src/lib/middleware/rate-limit.middleware.ts:811:15)
      at sendRateLimitAlert (src/lib/middleware/rate-limit.middleware.ts:741:11)
      at Object.<anonymous> (src/__tests__/rate-limit.middleware.test.ts:230:9)

    console.warn
      Partner approaching rate limit: {
        partner_id: 'partner-reset',
        tier: 'free',
        operation: 'read',
        consumed: '86.7%',
        remaining: 8,
        mode: 'normal',
        circuit_state: 'CLOSED'
      }

      728 |   
      729 |   if (consumedPercentage > 80 && consumedPercentage < 100) {
    > 730 |     console.warn('Partner approaching rate limit:', {
          |             ^
      731 |       partner_id: partner.partner_id,
      732 |       tier,
      733 |       operation,

      at warn (src/lib/middleware/rate-limit.middleware.ts:730:13)
      at Object.<anonymous> (src/__tests__/rate-limit.middleware.test.ts:230:9)

    console.warn
      ΓÜá∩╕Å APPROACHING LIMIT: {
        "type": "APPROACHING_LIMIT",
        "severity": "MEDIUM",
        "timestamp": "2026-07-14T13:00:41.732Z",
        "circuit_state": "CLOSED",
        "failure_count": 0,
        "success_count": 106,
        "partner_id": "partner-reset",
        "partner_name": "Test Partner",
        "tier": "free",
        "limit": 60,
        "mode": "normal",
        "message": "ΓÜá∩╕Å Partner Test Partner at 80% rate limit (normal mode)",
        "remaining": 8,
        "consumed_percentage": "86.7%"
      }

      809 |       alert.remaining = result.remaining;
      810 |       alert.consumed_percentage = ((result.limit - result.remaining) / result.limit * 100).toFixed(1) + '%';
    > 811 |       console.warn('ΓÜá∩╕Å APPROACHING LIMIT:', JSON.stringify(alert, null, 2));
          |               ^
      812 |       
      813 |       // TODO: Notify partner
      814 |       // await sendPartnerEmailWarning(partner, alert);

      at warn (src/lib/middleware/rate-limit.middleware.ts:811:15)
      at sendRateLimitAlert (src/lib/middleware/rate-limit.middleware.ts:741:11)
      at Object.<anonymous> (src/__tests__/rate-limit.middleware.test.ts:230:9)

    console.warn
      Partner approaching rate limit: {
        partner_id: 'partner-reset',
        tier: 'free',
        operation: 'read',
        consumed: '88.3%',
        remaining: 7,
        mode: 'normal',
        circuit_state: 'CLOSED'
      }

      728 |   
      729 |   if (consumedPercentage > 80 && consumedPercentage < 100) {
    > 730 |     console.warn('Partner approaching rate limit:', {
          |             ^
      731 |       partner_id: partner.partner_id,
      732 |       tier,
      733 |       operation,

      at warn (src/lib/middleware/rate-limit.middleware.ts:730:13)
      at Object.<anonymous> (src/__tests__/rate-limit.middleware.test.ts:230:9)

    console.warn
      ΓÜá∩╕Å APPROACHING LIMIT: {
        "type": "APPROACHING_LIMIT",
        "severity": "MEDIUM",
        "timestamp": "2026-07-14T13:00:41.733Z",
        "circuit_state": "CLOSED",
        "failure_count": 0,
        "success_count": 108,
        "partner_id": "partner-reset",
        "partner_name": "Test Partner",
        "tier": "free",
        "limit": 60,
        "mode": "normal",
        "message": "ΓÜá∩╕Å Partner Test Partner at 80% rate limit (normal mode)",
        "remaining": 7,
        "consumed_percentage": "88.3%"
      }

      809 |       alert.remaining = result.remaining;
      810 |       alert.consumed_percentage = ((result.limit - result.remaining) / result.limit * 100).toFixed(1) + '%';
    > 811 |       console.warn('ΓÜá∩╕Å APPROACHING LIMIT:', JSON.stringify(alert, null, 2));
          |               ^
      812 |       
      813 |       // TODO: Notify partner
      814 |       // await sendPartnerEmailWarning(partner, alert);

      at warn (src/lib/middleware/rate-limit.middleware.ts:811:15)
      at sendRateLimitAlert (src/lib/middleware/rate-limit.middleware.ts:741:11)
      at Object.<anonymous> (src/__tests__/rate-limit.middleware.test.ts:230:9)

    console.warn
      Partner approaching rate limit: {
        partner_id: 'partner-reset',
        tier: 'free',
        operation: 'read',
        consumed: '90.0%',
        remaining: 6,
        mode: 'normal',
        circuit_state: 'CLOSED'
      }

      728 |   
      729 |   if (consumedPercentage > 80 && consumedPercentage < 100) {
    > 730 |     console.warn('Partner approaching rate limit:', {
          |             ^
      731 |       partner_id: partner.partner_id,
      732 |       tier,
      733 |       operation,

      at warn (src/lib/middleware/rate-limit.middleware.ts:730:13)
      at Object.<anonymous> (src/__tests__/rate-limit.middleware.test.ts:230:9)

    console.warn
      ΓÜá∩╕Å APPROACHING LIMIT: {
        "type": "APPROACHING_LIMIT",
        "severity": "MEDIUM",
        "timestamp": "2026-07-14T13:00:41.734Z",
        "circuit_state": "CLOSED",
        "failure_count": 0,
        "success_count": 110,
        "partner_id": "partner-reset",
        "partner_name": "Test Partner",
        "tier": "free",
        "limit": 60,
        "mode": "normal",
        "message": "ΓÜá∩╕Å Partner Test Partner at 80% rate limit (normal mode)",
        "remaining": 6,
        "consumed_percentage": "90.0%"
      }

      809 |       alert.remaining = result.remaining;
      810 |       alert.consumed_percentage = ((result.limit - result.remaining) / result.limit * 100).toFixed(1) + '%';
    > 811 |       console.warn('ΓÜá∩╕Å APPROACHING LIMIT:', JSON.stringify(alert, null, 2));
          |               ^
      812 |       
      813 |       // TODO: Notify partner
      814 |       // await sendPartnerEmailWarning(partner, alert);

      at warn (src/lib/middleware/rate-limit.middleware.ts:811:15)
      at sendRateLimitAlert (src/lib/middleware/rate-limit.middleware.ts:741:11)
      at Object.<anonymous> (src/__tests__/rate-limit.middleware.test.ts:230:9)

    console.warn
      Partner approaching rate limit: {
        partner_id: 'partner-reset',
        tier: 'free',
        operation: 'read',
        consumed: '91.7%',
        remaining: 5,
        mode: 'normal',
        circuit_state: 'CLOSED'
      }

      728 |   
      729 |   if (consumedPercentage > 80 && consumedPercentage < 100) {
    > 730 |     console.warn('Partner approaching rate limit:', {
          |             ^
      731 |       partner_id: partner.partner_id,
      732 |       tier,
      733 |       operation,

      at warn (src/lib/middleware/rate-limit.middleware.ts:730:13)
      at Object.<anonymous> (src/__tests__/rate-limit.middleware.test.ts:230:9)

    console.warn
      ΓÜá∩╕Å APPROACHING LIMIT: {
        "type": "APPROACHING_LIMIT",
        "severity": "MEDIUM",
        "timestamp": "2026-07-14T13:00:41.735Z",
        "circuit_state": "CLOSED",
        "failure_count": 0,
        "success_count": 112,
        "partner_id": "partner-reset",
        "partner_name": "Test Partner",
        "tier": "free",
        "limit": 60,
        "mode": "normal",
        "message": "ΓÜá∩╕Å Partner Test Partner at 80% rate limit (normal mode)",
        "remaining": 5,
        "consumed_percentage": "91.7%"
      }

      809 |       alert.remaining = result.remaining;
      810 |       alert.consumed_percentage = ((result.limit - result.remaining) / result.limit * 100).toFixed(1) + '%';
    > 811 |       console.warn('ΓÜá∩╕Å APPROACHING LIMIT:', JSON.stringify(alert, null, 2));
          |               ^
      812 |       
      813 |       // TODO: Notify partner
      814 |       // await sendPartnerEmailWarning(partner, alert);

      at warn (src/lib/middleware/rate-limit.middleware.ts:811:15)
      at sendRateLimitAlert (src/lib/middleware/rate-limit.middleware.ts:741:11)
      at Object.<anonymous> (src/__tests__/rate-limit.middleware.test.ts:230:9)

    console.warn
      Partner approaching rate limit: {
        partner_id: 'partner-reset',
        tier: 'free',
        operation: 'read',
        consumed: '93.3%',
        remaining: 4,
        mode: 'normal',
        circuit_state: 'CLOSED'
      }

      728 |   
      729 |   if (consumedPercentage > 80 && consumedPercentage < 100) {
    > 730 |     console.warn('Partner approaching rate limit:', {
          |             ^
      731 |       partner_id: partner.partner_id,
      732 |       tier,
      733 |       operation,

      at warn (src/lib/middleware/rate-limit.middleware.ts:730:13)
      at Object.<anonymous> (src/__tests__/rate-limit.middleware.test.ts:230:9)

    console.warn
      ΓÜá∩╕Å APPROACHING LIMIT: {
        "type": "APPROACHING_LIMIT",
        "severity": "MEDIUM",
        "timestamp": "2026-07-14T13:00:41.736Z",
        "circuit_state": "CLOSED",
        "failure_count": 0,
        "success_count": 114,
        "partner_id": "partner-reset",
        "partner_name": "Test Partner",
        "tier": "free",
        "limit": 60,
        "mode": "normal",
        "message": "ΓÜá∩╕Å Partner Test Partner at 80% rate limit (normal mode)",
        "remaining": 4,
        "consumed_percentage": "93.3%"
      }

      809 |       alert.remaining = result.remaining;
      810 |       alert.consumed_percentage = ((result.limit - result.remaining) / result.limit * 100).toFixed(1) + '%';
    > 811 |       console.warn('ΓÜá∩╕Å APPROACHING LIMIT:', JSON.stringify(alert, null, 2));
          |               ^
      812 |       
      813 |       // TODO: Notify partner
      814 |       // await sendPartnerEmailWarning(partner, alert);

      at warn (src/lib/middleware/rate-limit.middleware.ts:811:15)
      at sendRateLimitAlert (src/lib/middleware/rate-limit.middleware.ts:741:11)
      at Object.<anonymous> (src/__tests__/rate-limit.middleware.test.ts:230:9)

    console.warn
      Partner approaching rate limit: {
        partner_id: 'partner-reset',
        tier: 'free',
        operation: 'read',
        consumed: '95.0%',
        remaining: 3,
        mode: 'normal',
        circuit_state: 'CLOSED'
      }

      728 |   
      729 |   if (consumedPercentage > 80 && consumedPercentage < 100) {
    > 730 |     console.warn('Partner approaching rate limit:', {
          |             ^
      731 |       partner_id: partner.partner_id,
      732 |       tier,
      733 |       operation,

      at warn (src/lib/middleware/rate-limit.middleware.ts:730:13)
      at Object.<anonymous> (src/__tests__/rate-limit.middleware.test.ts:230:9)

    console.warn
      ΓÜá∩╕Å APPROACHING LIMIT: {
        "type": "APPROACHING_LIMIT",
        "severity": "MEDIUM",
        "timestamp": "2026-07-14T13:00:41.737Z",
        "circuit_state": "CLOSED",
        "failure_count": 0,
        "success_count": 116,
        "partner_id": "partner-reset",
        "partner_name": "Test Partner",
        "tier": "free",
        "limit": 60,
        "mode": "normal",
        "message": "ΓÜá∩╕Å Partner Test Partner at 80% rate limit (normal mode)",
        "remaining": 3,
        "consumed_percentage": "95.0%"
      }

      809 |       alert.remaining = result.remaining;
      810 |       alert.consumed_percentage = ((result.limit - result.remaining) / result.limit * 100).toFixed(1) + '%';
    > 811 |       console.warn('ΓÜá∩╕Å APPROACHING LIMIT:', JSON.stringify(alert, null, 2));
          |               ^
      812 |       
      813 |       // TODO: Notify partner
      814 |       // await sendPartnerEmailWarning(partner, alert);

      at warn (src/lib/middleware/rate-limit.middleware.ts:811:15)
      at sendRateLimitAlert (src/lib/middleware/rate-limit.middleware.ts:741:11)
      at Object.<anonymous> (src/__tests__/rate-limit.middleware.test.ts:230:9)

    console.warn
      Partner approaching rate limit: {
        partner_id: 'partner-reset',
        tier: 'free',
        operation: 'read',
        consumed: '96.7%',
        remaining: 2,
        mode: 'normal',
        circuit_state: 'CLOSED'
      }

      728 |   
      729 |   if (consumedPercentage > 80 && consumedPercentage < 100) {
    > 730 |     console.warn('Partner approaching rate limit:', {
          |             ^
      731 |       partner_id: partner.partner_id,
      732 |       tier,
      733 |       operation,

      at warn (src/lib/middleware/rate-limit.middleware.ts:730:13)
      at Object.<anonymous> (src/__tests__/rate-limit.middleware.test.ts:230:9)

    console.warn
      ΓÜá∩╕Å APPROACHING LIMIT: {
        "type": "APPROACHING_LIMIT",
        "severity": "MEDIUM",
        "timestamp": "2026-07-14T13:00:41.738Z",
        "circuit_state": "CLOSED",
        "failure_count": 0,
        "success_count": 118,
        "partner_id": "partner-reset",
        "partner_name": "Test Partner",
        "tier": "free",
        "limit": 60,
        "mode": "normal",
        "message": "ΓÜá∩╕Å Partner Test Partner at 80% rate limit (normal mode)",
        "remaining": 2,
        "consumed_percentage": "96.7%"
      }

      809 |       alert.remaining = result.remaining;
      810 |       alert.consumed_percentage = ((result.limit - result.remaining) / result.limit * 100).toFixed(1) + '%';
    > 811 |       console.warn('ΓÜá∩╕Å APPROACHING LIMIT:', JSON.stringify(alert, null, 2));
          |               ^
      812 |       
      813 |       // TODO: Notify partner
      814 |       // await sendPartnerEmailWarning(partner, alert);

      at warn (src/lib/middleware/rate-limit.middleware.ts:811:15)
      at sendRateLimitAlert (src/lib/middleware/rate-limit.middleware.ts:741:11)
      at Object.<anonymous> (src/__tests__/rate-limit.middleware.test.ts:230:9)

    console.warn
      Partner approaching rate limit: {
        partner_id: 'partner-reset',
        tier: 'free',
        operation: 'read',
        consumed: '98.3%',
        remaining: 1,
        mode: 'normal',
        circuit_state: 'CLOSED'
      }

      728 |   
      729 |   if (consumedPercentage > 80 && consumedPercentage < 100) {
    > 730 |     console.warn('Partner approaching rate limit:', {
          |             ^
      731 |       partner_id: partner.partner_id,
      732 |       tier,
      733 |       operation,

      at warn (src/lib/middleware/rate-limit.middleware.ts:730:13)
      at Object.<anonymous> (src/__tests__/rate-limit.middleware.test.ts:230:9)

    console.warn
      ΓÜá∩╕Å APPROACHING LIMIT: {
        "type": "APPROACHING_LIMIT",
        "severity": "MEDIUM",
        "timestamp": "2026-07-14T13:00:41.739Z",
        "circuit_state": "CLOSED",
        "failure_count": 0,
        "success_count": 120,
        "partner_id": "partner-reset",
        "partner_name": "Test Partner",
        "tier": "free",
        "limit": 60,
        "mode": "normal",
        "message": "ΓÜá∩╕Å Partner Test Partner at 80% rate limit (normal mode)",
        "remaining": 1,
        "consumed_percentage": "98.3%"
      }

      809 |       alert.remaining = result.remaining;
      810 |       alert.consumed_percentage = ((result.limit - result.remaining) / result.limit * 100).toFixed(1) + '%';
    > 811 |       console.warn('ΓÜá∩╕Å APPROACHING LIMIT:', JSON.stringify(alert, null, 2));
          |               ^
      812 |       
      813 |       // TODO: Notify partner
      814 |       // await sendPartnerEmailWarning(partner, alert);

      at warn (src/lib/middleware/rate-limit.middleware.ts:811:15)
      at sendRateLimitAlert (src/lib/middleware/rate-limit.middleware.ts:741:11)
      at Object.<anonymous> (src/__tests__/rate-limit.middleware.test.ts:230:9)

    console.warn
      Rate limit exceeded: {
        partner_id: 'partner-reset',
        partner_name: 'Test Partner',
        tier: 'free',
        operation: 'read',
        limit: 60,
        mode: 'normal',
        circuit_state: 'CLOSED',
        reset: '2026-07-14T13:01:00.000Z'
      }

      692 |   if (!result.allowed) {
      693 |     // Log rate limit event for monitoring
    > 694 |     console.warn('Rate limit exceeded:', {
          |             ^
      695 |       partner_id: partner.partner_id,
      696 |       partner_name: partner.partner_name,
      697 |       tier,

      at warn (src/lib/middleware/rate-limit.middleware.ts:694:13)
      at Object.<anonymous> (src/__tests__/rate-limit.middleware.test.ts:234:7)

    console.error
      ≡ƒÜ½ LIMIT EXCEEDED: {
        "type": "LIMIT_EXCEEDED",
        "severity": "MEDIUM",
        "timestamp": "2026-07-14T13:00:41.740Z",
        "circuit_state": "CLOSED",
        "failure_count": 0,
        "success_count": 124,
        "partner_id": "partner-reset",
        "partner_name": "Test Partner",
        "tier": "free",
        "limit": 60,
        "mode": "normal",
        "message": "≡ƒÜ½ Partner Test Partner exceeded rate limit (normal mode)",
        "reset": "2026-07-14T13:01:00.000Z",
        "retryAfter": 18
      }

      818 |       alert.reset = new Date(result.reset * 1000).toISOString();
      819 |       alert.retryAfter = result.retryAfter;
    > 820 |       console.error('≡ƒÜ½ LIMIT EXCEEDED:', JSON.stringify(alert, null, 2));
          |               ^
      821 |       
      822 |       // TODO: Notify partner and log security event
      823 |       // await sendPartnerEmailBlocked(partner, alert);

      at error (src/lib/middleware/rate-limit.middleware.ts:820:15)
      at sendRateLimitAlert (src/lib/middleware/rate-limit.middleware.ts:707:13)
      at Object.<anonymous> (src/__tests__/rate-limit.middleware.test.ts:234:7)

    console.log
      Γ£à Redis connected for rate limiting

      at log (src/lib/middleware/rate-limit.middleware.ts:355:13)

    console.log
      Γ£à Redis connected for rate limiting

      at log (src/lib/middleware/rate-limit.middleware.ts:355:13)

    console.log
      Γ£à Redis connected for rate limiting

      at log (src/lib/middleware/rate-limit.middleware.ts:355:13)

    console.error
      Redis rate limit check failed: Error: Redis unavailable
          at Object.<anonymous> (D:\Antigravity\Projects\BELLA SPA ERP\src\__tests__\rate-limit.middleware.test.ts:27:38)
          at D:\Antigravity\Projects\BELLA SPA ERP\node_modules\jest-mock\build\index.js:305:39
          at Object.<anonymous> (D:\Antigravity\Projects\BELLA SPA ERP\node_modules\jest-mock\build\index.js:312:13)
          at Object.mockConstructor [as incr] (D:\Antigravity\Projects\BELLA SPA ERP\node_modules\jest-mock\build\index.js:57:19)
          at incr (D:\Antigravity\Projects\BELLA SPA ERP\src\lib\middleware\rate-limit.middleware.ts:511:33)
          at processTicksAndRejections (node:internal/process/task_queues:104:5)
          at rateLimitMiddleware (D:\Antigravity\Projects\BELLA SPA ERP\src\lib\middleware\rate-limit.middleware.ts:666:24)
          at Object.<anonymous> (D:\Antigravity\Projects\BELLA SPA ERP\src\__tests__\rate-limit.middleware.test.ts:325:7)

      546 |     };
      547 |   } catch (error) {
    > 548 |     console.error('Redis rate limit check failed:', error);
          |             ^
      549 |     recordRedisFailure();
      550 |     
      551 |     // Fall back to emergency limiter

      at error (src/lib/middleware/rate-limit.middleware.ts:548:13)
      at rateLimitMiddleware (src/lib/middleware/rate-limit.middleware.ts:666:24)
      at Object.<anonymous> (src/__tests__/rate-limit.middleware.test.ts:325:7)

    console.warn
      ΓÜá∩╕Å Redis failure 1/3 { state: 'CLOSED', failureWindow: '60s' }

      209 |   circuitBreaker.successCount = 0; // Reset success counter on failure
      210 |   
    > 211 |   console.warn(`ΓÜá∩╕Å Redis failure ${circuitBreaker.failureCount}/${CIRCUIT_CONFIG.FAILURE_THRESHOLD}`, {
          |           ^
      212 |     state: circuitBreaker.state,
      213 |     failureWindow: CIRCUIT_CONFIG.FAILURE_WINDOW / 1000 + 's',
      214 |   });

      at warn (src/lib/middleware/rate-limit.middleware.ts:211:11)
      at recordRedisFailure (src/lib/middleware/rate-limit.middleware.ts:549:5)
      at rateLimitMiddleware (src/lib/middleware/rate-limit.middleware.ts:666:24)
      at Object.<anonymous> (src/__tests__/rate-limit.middleware.test.ts:325:7)

    console.error
      Redis rate limit check failed: Error: Redis unavailable
          at Object.<anonymous> (D:\Antigravity\Projects\BELLA SPA ERP\src\__tests__\rate-limit.middleware.test.ts:27:38)
          at D:\Antigravity\Projects\BELLA SPA ERP\node_modules\jest-mock\build\index.js:305:39
          at Object.<anonymous> (D:\Antigravity\Projects\BELLA SPA ERP\node_modules\jest-mock\build\index.js:312:13)
          at Object.mockConstructor [as incr] (D:\Antigravity\Projects\BELLA SPA ERP\node_modules\jest-mock\build\index.js:57:19)
          at incr (D:\Antigravity\Projects\BELLA SPA ERP\src\lib\middleware\rate-limit.middleware.ts:511:33)
          at processTicksAndRejections (node:internal/process/task_queues:104:5)
          at rateLimitMiddleware (D:\Antigravity\Projects\BELLA SPA ERP\src\lib\middleware\rate-limit.middleware.ts:669:21)
          at Object.<anonymous> (D:\Antigravity\Projects\BELLA SPA ERP\src\__tests__\rate-limit.middleware.test.ts:325:7)

      546 |     };
      547 |   } catch (error) {
    > 548 |     console.error('Redis rate limit check failed:', error);
          |             ^
      549 |     recordRedisFailure();
      550 |     
      551 |     // Fall back to emergency limiter

      at error (src/lib/middleware/rate-limit.middleware.ts:548:13)
      at rateLimitMiddleware (src/lib/middleware/rate-limit.middleware.ts:669:21)
      at Object.<anonymous> (src/__tests__/rate-limit.middleware.test.ts:325:7)

    console.warn
      ΓÜá∩╕Å Redis failure 1/3 { state: 'CLOSED', failureWindow: '60s' }

      209 |   circuitBreaker.successCount = 0; // Reset success counter on failure
      210 |   
    > 211 |   console.warn(`ΓÜá∩╕Å Redis failure ${circuitBreaker.failureCount}/${CIRCUIT_CONFIG.FAILURE_THRESHOLD}`, {
          |           ^
      212 |     state: circuitBreaker.state,
      213 |     failureWindow: CIRCUIT_CONFIG.FAILURE_WINDOW / 1000 + 's',
      214 |   });

      at warn (src/lib/middleware/rate-limit.middleware.ts:211:11)
      at recordRedisFailure (src/lib/middleware/rate-limit.middleware.ts:549:5)
      at rateLimitMiddleware (src/lib/middleware/rate-limit.middleware.ts:669:21)
      at Object.<anonymous> (src/__tests__/rate-limit.middleware.test.ts:325:7)

    console.log
      Γ£à Redis connected for rate limiting

      at log (src/lib/middleware/rate-limit.middleware.ts:355:13)

    console.error
      Redis rate limit check failed: Error: Redis unavailable
          at Object.<anonymous> (D:\Antigravity\Projects\BELLA SPA ERP\src\__tests__\rate-limit.middleware.test.ts:27:38)
          at D:\Antigravity\Projects\BELLA SPA ERP\node_modules\jest-mock\build\index.js:305:39
          at Object.<anonymous> (D:\Antigravity\Projects\BELLA SPA ERP\node_modules\jest-mock\build\index.js:312:13)
          at Object.mockConstructor [as incr] (D:\Antigravity\Projects\BELLA SPA ERP\node_modules\jest-mock\build\index.js:57:19)
          at incr (D:\Antigravity\Projects\BELLA SPA ERP\src\lib\middleware\rate-limit.middleware.ts:511:33)
          at processTicksAndRejections (node:internal/process/task_queues:104:5)
          at rateLimitMiddleware (D:\Antigravity\Projects\BELLA SPA ERP\src\lib\middleware\rate-limit.middleware.ts:666:24)
          at Object.<anonymous> (D:\Antigravity\Projects\BELLA SPA ERP\src\__tests__\rate-limit.middleware.test.ts:338:7)

      546 |     };
      547 |   } catch (error) {
    > 548 |     console.error('Redis rate limit check failed:', error);
          |             ^
      549 |     recordRedisFailure();
      550 |     
      551 |     // Fall back to emergency limiter

      at error (src/lib/middleware/rate-limit.middleware.ts:548:13)
      at rateLimitMiddleware (src/lib/middleware/rate-limit.middleware.ts:666:24)
      at Object.<anonymous> (src/__tests__/rate-limit.middleware.test.ts:338:7)

    console.error
      Redis rate limit check failed: Error: Redis unavailable
          at Object.<anonymous> (D:\Antigravity\Projects\BELLA SPA ERP\src\__tests__\rate-limit.middleware.test.ts:27:38)
          at D:\Antigravity\Projects\BELLA SPA ERP\node_modules\jest-mock\build\index.js:305:39
          at Object.<anonymous> (D:\Antigravity\Projects\BELLA SPA ERP\node_modules\jest-mock\build\index.js:312:13)
          at Object.mockConstructor [as incr] (D:\Antigravity\Projects\BELLA SPA ERP\node_modules\jest-mock\build\index.js:57:19)
          at incr (D:\Antigravity\Projects\BELLA SPA ERP\src\lib\middleware\rate-limit.middleware.ts:511:33)
          at processTicksAndRejections (node:internal/process/task_queues:104:5)
          at rateLimitMiddleware (D:\Antigravity\Projects\BELLA SPA ERP\src\lib\middleware\rate-limit.middleware.ts:669:21)
          at Object.<anonymous> (D:\Antigravity\Projects\BELLA SPA ERP\src\__tests__\rate-limit.middleware.test.ts:338:7)

      546 |     };
      547 |   } catch (error) {
    > 548 |     console.error('Redis rate limit check failed:', error);
          |             ^
      549 |     recordRedisFailure();
      550 |     
      551 |     // Fall back to emergency limiter

      at error (src/lib/middleware/rate-limit.middleware.ts:548:13)
      at rateLimitMiddleware (src/lib/middleware/rate-limit.middleware.ts:669:21)
      at Object.<anonymous> (src/__tests__/rate-limit.middleware.test.ts:338:7)

    console.warn
      ΓÜá∩╕Å REDIS_URL not configured, rate limiting will use degraded mode

      336 |   const redisUrl = process.env.REDIS_URL;
      337 |   if (!redisUrl) {
    > 338 |     console.warn('ΓÜá∩╕Å REDIS_URL not configured, rate limiting will use degraded mode');
          |             ^
      339 |     circuitBreaker.state = 'OPEN';
      340 |     redisStatus = 'disconnected';
      341 |     return null;

      at warn (src/lib/middleware/rate-limit.middleware.ts:338:13)
      at getRedisClient (src/lib/middleware/rate-limit.middleware.ts:468:23)
      at checkRateLimit (src/lib/middleware/rate-limit.middleware.ts:666:30)
      at Object.<anonymous> (src/__tests__/rate-limit.middleware.test.ts:356:7)

    console.log
      ≡ƒöä Circuit breaker ΓåÆ HALF_OPEN: Attempting reconnection

      at log (src/lib/middleware/rate-limit.middleware.ts:281:17)

    console.warn
      ΓÜá∩╕Å REDIS_URL not configured, rate limiting will use degraded mode

      336 |   const redisUrl = process.env.REDIS_URL;
      337 |   if (!redisUrl) {
    > 338 |     console.warn('ΓÜá∩╕Å REDIS_URL not configured, rate limiting will use degraded mode');
          |             ^
      339 |     circuitBreaker.state = 'OPEN';
      340 |     redisStatus = 'disconnected';
      341 |     return null;

      at warn (src/lib/middleware/rate-limit.middleware.ts:338:13)
      at getRedisClient (src/lib/middleware/rate-limit.middleware.ts:468:23)
      at checkRateLimit (src/lib/middleware/rate-limit.middleware.ts:669:27)
      at Object.<anonymous> (src/__tests__/rate-limit.middleware.test.ts:356:7)

    console.log
      Γ£à Redis connected for rate limiting

      at log (src/lib/middleware/rate-limit.middleware.ts:355:13)
          at async Promise.all (index 0)

    console.log
      Γ£à Redis connected for rate limiting

      at log (src/lib/middleware/rate-limit.middleware.ts:355:13)

    console.log
      Γ£à Redis connected for rate limiting

      at log (src/lib/middleware/rate-limit.middleware.ts:355:13)

    console.log
      Γ£à Redis connected for rate limiting

      at log (src/lib/middleware/rate-limit.middleware.ts:355:13)

    console.log
      Γ£à Redis connected for rate limiting

      at log (src/lib/middleware/rate-limit.middleware.ts:355:13)

    console.log
      Γ£à Redis connected for rate limiting

      at log (src/lib/middleware/rate-limit.middleware.ts:355:13)

PASS src/__tests__/e2e-payroll-mid-month-leave.test.ts
  ΓùÅ Console

    console.log
      Γùç injected env (9) from .env.local // tip: Γîÿ suppress logs { quiet: true }

      at _log (node_modules/dotenv/lib/main.js:131:11)

    console.log
      [Jest Setup] SUPABASE_SERVICE_ROLE_KEY loaded: sb_secret_Dm... (41 chars)

      at Object.log (jest.setup.ts:10:9)

    console.log
      Γ£à Salary reduced for leave { workingDays: 20, leaveDays: 6, proRatedBase: 4615385 }

      at Object.log (src/__tests__/e2e-payroll-mid-month-leave.test.ts:53:13)

    console.log
      
      ≡ƒÄë E2E MID-MONTH LEAVE TEST: PASSED

      at Object.log (src/__tests__/e2e-payroll-mid-month-leave.test.ts:54:13)

PASS src/__tests__/e2e-accounting-period-lock.test.ts
  ΓùÅ Console

    console.log
      Γùç injected env (9) from .env.local // tip: Γùê encrypted .env [www.dotenvx.com]

      at _log (node_modules/dotenv/lib/main.js:131:11)

    console.log
      [Jest Setup] SUPABASE_SERVICE_ROLE_KEY loaded: sb_secret_Dm... (41 chars)

      at Object.log (jest.setup.ts:10:9)

    console.log
      Γ£à Step 1: April 2026 locked

      at Object.log (src/__tests__/e2e-accounting-period-lock.test.ts:38:13)

    console.log
      Γ£à Step 2: Insert blocked by database constraint {
        error: 'new row for relation "journal_entries" violates check constraint "journal_entries_status_check"'
      }

      at Object.log (src/__tests__/e2e-accounting-period-lock.test.ts:55:15)

    console.log
      
      ≡ƒÄë E2E PERIOD LOCK TEST: PASSED

      at Object.log (src/__tests__/e2e-accounting-period-lock.test.ts:71:13)

PASS src/__tests__/edge-cases.test.ts
  ΓùÅ Console

    console.log
      Γùç injected env (9) from .env.local // tip: Γîÿ multiple files { path: ['.env.local', '.env'] }

      at _log (node_modules/dotenv/lib/main.js:131:11)

    console.log
      [Jest Setup] SUPABASE_SERVICE_ROLE_KEY loaded: sb_secret_Dm... (41 chars)

      at Object.log (jest.setup.ts:10:9)

    console.log
      [PayrollConfigService] Cache MISS: tenant-a:commission, fetching from DB...

      at PayrollConfigService.log [as getProviderConfig] (src/services/payroll-config.service.ts:96:13)

    console.error
      [PayrollConfigService] Error loading config for tenant-a:commission: TypeError: supabase.from is not a function
          at PayrollConfigService.from [as getProviderConfig] (D:\Antigravity\Projects\BELLA SPA ERP\src\services\payroll-config.service.ts:102:10)
          at CommissionProvider.getProviderConfig [as evaluate] (D:\Antigravity\Projects\BELLA SPA ERP\src\services\providers\commission-provider.ts:227:46)
          at evaluate (D:\Antigravity\Projects\BELLA SPA ERP\src\modules\hr-salary\actions\salary-recalculation-engine.ts:410:57)
          at processTicksAndRejections (node:internal/process/task_queues:104:5)
          at publishSalaryRecord (D:\Antigravity\Projects\BELLA SPA ERP\src\modules\hr-salary\actions\admin-salary-actions.ts:428:17)
          at Object.<anonymous> (D:\Antigravity\Projects\BELLA SPA ERP\src\__tests__\edge-cases.test.ts:272:22)

      129 |       return config;
      130 |     } catch (error) {
    > 131 |       console.error(`[PayrollConfigService] Error loading config for ${cacheKey}:`, error);
          |               ^
      132 |       // Fallback to default on error
      133 |       return this.getDefaultConfig(providerKey);
      134 |     }

      at PayrollConfigService.error [as getProviderConfig] (src/services/payroll-config.service.ts:131:15)
      at CommissionProvider.getProviderConfig [as evaluate] (src/services/providers/commission-provider.ts:227:46)
      at evaluate (src/modules/hr-salary/actions/salary-recalculation-engine.ts:410:57)
      at publishSalaryRecord (src/modules/hr-salary/actions/admin-salary-actions.ts:428:17)
      at Object.<anonymous> (src/__tests__/edge-cases.test.ts:272:22)

    console.log
      [PHASE_2_ACTIVE] Commission - Using Provider Result: {
        ktvId: 'ktv-1',
        month: '2026-07-01',
        provider_commission: 0,
        old_logic_would_be: 0,
        strategy: undefined,
        sessions: 0,
        total_revenue: 0
      }

      at log (src/modules/hr-salary/actions/salary-recalculation-engine.ts:415:15)

    console.log
      [PayrollConfigService] Cache MISS: tenant-a:attendance, fetching from DB...

      at PayrollConfigService.log [as getProviderConfig] (src/services/payroll-config.service.ts:96:13)

    console.error
      [PayrollConfigService] Error loading config for tenant-a:attendance: TypeError: supabase.from is not a function
          at PayrollConfigService.from [as getProviderConfig] (D:\Antigravity\Projects\BELLA SPA ERP\src\services\payroll-config.service.ts:102:10)
          at AttendanceProvider.getProviderConfig [as evaluate] (D:\Antigravity\Projects\BELLA SPA ERP\src\services\providers\attendance-provider.ts:117:46)
          at evaluate (D:\Antigravity\Projects\BELLA SPA ERP\src\modules\hr-salary\actions\salary-recalculation-engine.ts:477:57)
          at processTicksAndRejections (node:internal/process/task_queues:104:5)
          at publishSalaryRecord (D:\Antigravity\Projects\BELLA SPA ERP\src\modules\hr-salary\actions\admin-salary-actions.ts:428:17)
          at Object.<anonymous> (D:\Antigravity\Projects\BELLA SPA ERP\src\__tests__\edge-cases.test.ts:272:22)

      129 |       return config;
      130 |     } catch (error) {
    > 131 |       console.error(`[PayrollConfigService] Error loading config for ${cacheKey}:`, error);
          |               ^
      132 |       // Fallback to default on error
      133 |       return this.getDefaultConfig(providerKey);
      134 |     }

      at PayrollConfigService.error [as getProviderConfig] (src/services/payroll-config.service.ts:131:15)
      at AttendanceProvider.getProviderConfig [as evaluate] (src/services/providers/attendance-provider.ts:117:46)
      at evaluate (src/modules/hr-salary/actions/salary-recalculation-engine.ts:477:57)
      at publishSalaryRecord (src/modules/hr-salary/actions/admin-salary-actions.ts:428:17)
      at Object.<anonymous> (src/__tests__/edge-cases.test.ts:272:22)

    console.log
      [PHASE_2_ACTIVE] Attendance - Using Provider Result: {
        ktvId: 'ktv-1',
        month: '2026-07-01',
        provider_deduction: 0,
        old_logic_would_be: 0,
        strategy: undefined,
        late_days: 0,
        absent_days: 0
      }

      at log (src/modules/hr-salary/actions/salary-recalculation-engine.ts:485:15)

    console.log
      [PayrollConfigService] Cache MISS: tenant-a:kpi, fetching from DB...

      at PayrollConfigService.log [as getProviderConfig] (src/services/payroll-config.service.ts:96:13)

    console.error
      [PayrollConfigService] Error loading config for tenant-a:kpi: TypeError: supabase.from is not a function
          at PayrollConfigService.from [as getProviderConfig] (D:\Antigravity\Projects\BELLA SPA ERP\src\services\payroll-config.service.ts:102:10)
          at KPIProvider.getProviderConfig [as evaluate] (D:\Antigravity\Projects\BELLA SPA ERP\src\services\providers\kpi-provider.ts:180:46)
          at evaluate (D:\Antigravity\Projects\BELLA SPA ERP\src\modules\hr-salary\actions\salary-recalculation-engine.ts:541:43)
          at processTicksAndRejections (node:internal/process/task_queues:104:5)
          at publishSalaryRecord (D:\Antigravity\Projects\BELLA SPA ERP\src\modules\hr-salary\actions\admin-salary-actions.ts:428:17)
          at Object.<anonymous> (D:\Antigravity\Projects\BELLA SPA ERP\src\__tests__\edge-cases.test.ts:272:22)

      129 |       return config;
      130 |     } catch (error) {
    > 131 |       console.error(`[PayrollConfigService] Error loading config for ${cacheKey}:`, error);
          |               ^
      132 |       // Fallback to default on error
      133 |       return this.getDefaultConfig(providerKey);
      134 |     }

      at PayrollConfigService.error [as getProviderConfig] (src/services/payroll-config.service.ts:131:15)
      at KPIProvider.getProviderConfig [as evaluate] (src/services/providers/kpi-provider.ts:180:46)
      at evaluate (src/modules/hr-salary/actions/salary-recalculation-engine.ts:541:43)
      at publishSalaryRecord (src/modules/hr-salary/actions/admin-salary-actions.ts:428:17)
      at Object.<anonymous> (src/__tests__/edge-cases.test.ts:272:22)

    console.log
      [PHASE_2_ACTIVE] KPI - Using Provider Result: {
        ktvId: 'ktv-1',
        month: '2026-07-01',
        provider_bonus: 0,
        old_logic_would_be: 0,
        strategy: undefined,
        sessions: 0
      }

      at log (src/modules/hr-salary/actions/salary-recalculation-engine.ts:546:15)

    console.log
      [PayrollConfigService] Cache MISS: tenant-a:rating, fetching from DB...

      at PayrollConfigService.log [as getProviderConfig] (src/services/payroll-config.service.ts:96:13)

    console.error
      [PayrollConfigService] Error loading config for tenant-a:rating: TypeError: supabase.from is not a function
          at PayrollConfigService.from [as getProviderConfig] (D:\Antigravity\Projects\BELLA SPA ERP\src\services\payroll-config.service.ts:102:10)
          at RatingProvider.getProviderConfig [as evaluate] (D:\Antigravity\Projects\BELLA SPA ERP\src\services\providers\rating-provider.ts:149:46)
          at evaluate (D:\Antigravity\Projects\BELLA SPA ERP\src\modules\hr-salary\actions\salary-recalculation-engine.ts:777:49)
          at processTicksAndRejections (node:internal/process/task_queues:104:5)
          at publishSalaryRecord (D:\Antigravity\Projects\BELLA SPA ERP\src\modules\hr-salary\actions\admin-salary-actions.ts:428:17)
          at Object.<anonymous> (D:\Antigravity\Projects\BELLA SPA ERP\src\__tests__\edge-cases.test.ts:272:22)

      129 |       return config;
      130 |     } catch (error) {
    > 131 |       console.error(`[PayrollConfigService] Error loading config for ${cacheKey}:`, error);
          |               ^
      132 |       // Fallback to default on error
      133 |       return this.getDefaultConfig(providerKey);
      134 |     }

      at PayrollConfigService.error [as getProviderConfig] (src/services/payroll-config.service.ts:131:15)
      at RatingProvider.getProviderConfig [as evaluate] (src/services/providers/rating-provider.ts:149:46)
      at evaluate (src/modules/hr-salary/actions/salary-recalculation-engine.ts:777:49)
      at publishSalaryRecord (src/modules/hr-salary/actions/admin-salary-actions.ts:428:17)
      at Object.<anonymous> (src/__tests__/edge-cases.test.ts:272:22)

    console.log
      [PHASE_2_ACTIVE] Rating - Using Provider Result: {
        ktvId: 'ktv-1',
        month: '2026-07-01',
        provider_bonus: 0,
        old_logic_would_be: 0,
        strategy: undefined,
        avg_rating: 5,
        sessions: 0
      }

      at log (src/modules/hr-salary/actions/salary-recalculation-engine.ts:782:15)

    console.log
      [PayrollConfigService] Cache MISS: tenant-a:commission, fetching from DB...

      at PayrollConfigService.log [as getProviderConfig] (src/services/payroll-config.service.ts:96:13)

    console.error
      [PayrollConfigService] Error loading config for tenant-a:commission: TypeError: supabase.from is not a function
          at PayrollConfigService.from [as getProviderConfig] (D:\Antigravity\Projects\BELLA SPA ERP\src\services\payroll-config.service.ts:102:10)
          at CommissionProvider.getProviderConfig [as evaluate] (D:\Antigravity\Projects\BELLA SPA ERP\src\services\providers\commission-provider.ts:227:46)
          at evaluate (D:\Antigravity\Projects\BELLA SPA ERP\src\modules\hr-salary\actions\salary-recalculation-engine.ts:410:57)
          at processTicksAndRejections (node:internal/process/task_queues:104:5)
          at syncKtvSalaryAfterCompletion (D:\Antigravity\Projects\BELLA SPA ERP\src\core\services\order\session-completion-helpers.ts:435:5)
          at processSessionCompletion (D:\Antigravity\Projects\BELLA SPA ERP\src\core\services\order\session-completion-engine.ts:183:24)
          at completeSession (D:\Antigravity\Projects\BELLA SPA ERP\src\core\services\order\complete-session-action.ts:118:18)
          at Object.<anonymous> (D:\Antigravity\Projects\BELLA SPA ERP\src\__tests__\edge-cases.test.ts:306:22)

      129 |       return config;
      130 |     } catch (error) {
    > 131 |       console.error(`[PayrollConfigService] Error loading config for ${cacheKey}:`, error);
          |               ^
      132 |       // Fallback to default on error
      133 |       return this.getDefaultConfig(providerKey);
      134 |     }

      at PayrollConfigService.error [as getProviderConfig] (src/services/payroll-config.service.ts:131:15)
      at CommissionProvider.getProviderConfig [as evaluate] (src/services/providers/commission-provider.ts:227:46)
      at evaluate (src/modules/hr-salary/actions/salary-recalculation-engine.ts:410:57)
      at syncKtvSalaryAfterCompletion (src/core/services/order/session-completion-helpers.ts:435:5)
      at processSessionCompletion (src/core/services/order/session-completion-engine.ts:183:24)
      at completeSession (src/core/services/order/complete-session-action.ts:118:18)
      at Object.<anonymous> (src/__tests__/edge-cases.test.ts:306:22)

    console.log
      [PHASE_2_ACTIVE] Commission - Using Provider Result: {
        ktvId: 'ktv-1',
        month: '2026-07-01',
        provider_commission: 0,
        old_logic_would_be: 0,
        strategy: undefined,
        sessions: 0,
        total_revenue: 0
      }

      at log (src/modules/hr-salary/actions/salary-recalculation-engine.ts:415:15)

    console.log
      [PayrollConfigService] Cache MISS: tenant-a:attendance, fetching from DB...

      at PayrollConfigService.log [as getProviderConfig] (src/services/payroll-config.service.ts:96:13)

    console.error
      [PayrollConfigService] Error loading config for tenant-a:attendance: TypeError: supabase.from is not a function
          at PayrollConfigService.from [as getProviderConfig] (D:\Antigravity\Projects\BELLA SPA ERP\src\services\payroll-config.service.ts:102:10)
          at AttendanceProvider.getProviderConfig [as evaluate] (D:\Antigravity\Projects\BELLA SPA ERP\src\services\providers\attendance-provider.ts:117:46)
          at evaluate (D:\Antigravity\Projects\BELLA SPA ERP\src\modules\hr-salary\actions\salary-recalculation-engine.ts:477:57)
          at processTicksAndRejections (node:internal/process/task_queues:104:5)
          at syncKtvSalaryAfterCompletion (D:\Antigravity\Projects\BELLA SPA ERP\src\core\services\order\session-completion-helpers.ts:435:5)
          at processSessionCompletion (D:\Antigravity\Projects\BELLA SPA ERP\src\core\services\order\session-completion-engine.ts:183:24)
          at completeSession (D:\Antigravity\Projects\BELLA SPA ERP\src\core\services\order\complete-session-action.ts:118:18)
          at Object.<anonymous> (D:\Antigravity\Projects\BELLA SPA ERP\src\__tests__\edge-cases.test.ts:306:22)

      129 |       return config;
      130 |     } catch (error) {
    > 131 |       console.error(`[PayrollConfigService] Error loading config for ${cacheKey}:`, error);
          |               ^
      132 |       // Fallback to default on error
      133 |       return this.getDefaultConfig(providerKey);
      134 |     }

      at PayrollConfigService.error [as getProviderConfig] (src/services/payroll-config.service.ts:131:15)
      at AttendanceProvider.getProviderConfig [as evaluate] (src/services/providers/attendance-provider.ts:117:46)
      at evaluate (src/modules/hr-salary/actions/salary-recalculation-engine.ts:477:57)
      at syncKtvSalaryAfterCompletion (src/core/services/order/session-completion-helpers.ts:435:5)
      at processSessionCompletion (src/core/services/order/session-completion-engine.ts:183:24)
      at completeSession (src/core/services/order/complete-session-action.ts:118:18)
      at Object.<anonymous> (src/__tests__/edge-cases.test.ts:306:22)

    console.log
      [PHASE_2_ACTIVE] Attendance - Using Provider Result: {
        ktvId: 'ktv-1',
        month: '2026-07-01',
        provider_deduction: 0,
        old_logic_would_be: 0,
        strategy: undefined,
        late_days: 0,
        absent_days: 0
      }

      at log (src/modules/hr-salary/actions/salary-recalculation-engine.ts:485:15)

    console.log
      [PayrollConfigService] Cache MISS: tenant-a:kpi, fetching from DB...

      at PayrollConfigService.log [as getProviderConfig] (src/services/payroll-config.service.ts:96:13)

    console.error
      [PayrollConfigService] Error loading config for tenant-a:kpi: TypeError: supabase.from is not a function
          at PayrollConfigService.from [as getProviderConfig] (D:\Antigravity\Projects\BELLA SPA ERP\src\services\payroll-config.service.ts:102:10)
          at KPIProvider.getProviderConfig [as evaluate] (D:\Antigravity\Projects\BELLA SPA ERP\src\services\providers\kpi-provider.ts:180:46)
          at evaluate (D:\Antigravity\Projects\BELLA SPA ERP\src\modules\hr-salary\actions\salary-recalculation-engine.ts:541:43)
          at processTicksAndRejections (node:internal/process/task_queues:104:5)
          at syncKtvSalaryAfterCompletion (D:\Antigravity\Projects\BELLA SPA ERP\src\core\services\order\session-completion-helpers.ts:435:5)
          at processSessionCompletion (D:\Antigravity\Projects\BELLA SPA ERP\src\core\services\order\session-completion-engine.ts:183:24)
          at completeSession (D:\Antigravity\Projects\BELLA SPA ERP\src\core\services\order\complete-session-action.ts:118:18)
          at Object.<anonymous> (D:\Antigravity\Projects\BELLA SPA ERP\src\__tests__\edge-cases.test.ts:306:22)

      129 |       return config;
      130 |     } catch (error) {
    > 131 |       console.error(`[PayrollConfigService] Error loading config for ${cacheKey}:`, error);
          |               ^
      132 |       // Fallback to default on error
      133 |       return this.getDefaultConfig(providerKey);
      134 |     }

      at PayrollConfigService.error [as getProviderConfig] (src/services/payroll-config.service.ts:131:15)
      at KPIProvider.getProviderConfig [as evaluate] (src/services/providers/kpi-provider.ts:180:46)
      at evaluate (src/modules/hr-salary/actions/salary-recalculation-engine.ts:541:43)
      at syncKtvSalaryAfterCompletion (src/core/services/order/session-completion-helpers.ts:435:5)
      at processSessionCompletion (src/core/services/order/session-completion-engine.ts:183:24)
      at completeSession (src/core/services/order/complete-session-action.ts:118:18)
      at Object.<anonymous> (src/__tests__/edge-cases.test.ts:306:22)

    console.log
      [PHASE_2_ACTIVE] KPI - Using Provider Result: {
        ktvId: 'ktv-1',
        month: '2026-07-01',
        provider_bonus: 0,
        old_logic_would_be: 0,
        strategy: undefined,
        sessions: 0
      }

      at log (src/modules/hr-salary/actions/salary-recalculation-engine.ts:546:15)

    console.log
      [PayrollConfigService] Cache MISS: tenant-a:rating, fetching from DB...

      at PayrollConfigService.log [as getProviderConfig] (src/services/payroll-config.service.ts:96:13)

    console.error
      [PayrollConfigService] Error loading config for tenant-a:rating: TypeError: supabase.from is not a function
          at PayrollConfigService.from [as getProviderConfig] (D:\Antigravity\Projects\BELLA SPA ERP\src\services\payroll-config.service.ts:102:10)
          at RatingProvider.getProviderConfig [as evaluate] (D:\Antigravity\Projects\BELLA SPA ERP\src\services\providers\rating-provider.ts:149:46)
          at evaluate (D:\Antigravity\Projects\BELLA SPA ERP\src\modules\hr-salary\actions\salary-recalculation-engine.ts:777:49)
          at processTicksAndRejections (node:internal/process/task_queues:104:5)
          at syncKtvSalaryAfterCompletion (D:\Antigravity\Projects\BELLA SPA ERP\src\core\services\order\session-completion-helpers.ts:435:5)
          at processSessionCompletion (D:\Antigravity\Projects\BELLA SPA ERP\src\core\services\order\session-completion-engine.ts:183:24)
          at completeSession (D:\Antigravity\Projects\BELLA SPA ERP\src\core\services\order\complete-session-action.ts:118:18)
          at Object.<anonymous> (D:\Antigravity\Projects\BELLA SPA ERP\src\__tests__\edge-cases.test.ts:306:22)

      129 |       return config;
      130 |     } catch (error) {
    > 131 |       console.error(`[PayrollConfigService] Error loading config for ${cacheKey}:`, error);
          |               ^
      132 |       // Fallback to default on error
      133 |       return this.getDefaultConfig(providerKey);
      134 |     }

      at PayrollConfigService.error [as getProviderConfig] (src/services/payroll-config.service.ts:131:15)
      at RatingProvider.getProviderConfig [as evaluate] (src/services/providers/rating-provider.ts:149:46)
      at evaluate (src/modules/hr-salary/actions/salary-recalculation-engine.ts:777:49)
      at syncKtvSalaryAfterCompletion (src/core/services/order/session-completion-helpers.ts:435:5)
      at processSessionCompletion (src/core/services/order/session-completion-engine.ts:183:24)
      at completeSession (src/core/services/order/complete-session-action.ts:118:18)
      at Object.<anonymous> (src/__tests__/edge-cases.test.ts:306:22)

    console.log
      [PHASE_2_ACTIVE] Rating - Using Provider Result: {
        ktvId: 'ktv-1',
        month: '2026-07-01',
        provider_bonus: 0,
        old_logic_would_be: 0,
        strategy: undefined,
        avg_rating: 5,
        sessions: 0
      }

      at log (src/modules/hr-salary/actions/salary-recalculation-engine.ts:782:15)

    console.log
      [invokeAdapterOnCompletion] No adapter found for module 'spa', skipping completion callback

      at log (src/core/services/order/session-completion-helpers.ts:648:13)

PASS src/__tests__/kpi-calculator.test.ts
  ΓùÅ Console

    console.log
      Γùç injected env (9) from .env.local // tip: Γùê encrypted .env [www.dotenvx.com]

      at _log (node_modules/dotenv/lib/main.js:131:11)

    console.log
      [Jest Setup] SUPABASE_SERVICE_ROLE_KEY loaded: sb_secret_Dm... (41 chars)

      at Object.log (jest.setup.ts:10:9)

PASS src/__tests__/landing-data-hooks.test.tsx
  ΓùÅ Console

    console.log
      Γùç injected env (9) from .env.local // tip: Γîÿ override existing { override: true }

      at _log (node_modules/dotenv/lib/main.js:131:11)

    console.log
      [Jest Setup] SUPABASE_SERVICE_ROLE_KEY loaded: sb_secret_Dm... (41 chars)

      at Object.log (jest.setup.ts:10:9)

PASS src/__tests__/public-booking-packages.test.ts
  ΓùÅ Console

    console.log
      Γùç injected env (9) from .env.local // tip: Γîÿ enable debugging { debug: true }

      at _log (node_modules/dotenv/lib/main.js:131:11)

    console.log
      [Jest Setup] SUPABASE_SERVICE_ROLE_KEY loaded: sb_secret_Dm... (41 chars)

      at Object.log (jest.setup.ts:10:9)

PASS src/__tests__/booking-resource-actions.test.ts
  ΓùÅ Console

    console.log
      Γùç injected env (9) from .env.local // tip: Γùê encrypted .env [www.dotenvx.com]

      at _log (node_modules/dotenv/lib/main.js:131:11)

    console.log
      [Jest Setup] SUPABASE_SERVICE_ROLE_KEY loaded: sb_secret_Dm... (41 chars)

      at Object.log (jest.setup.ts:10:9)

PASS src/__tests__/e2e-pipeline.test.ts
  ΓùÅ Console

    console.log
      Γùç injected env (9) from .env.local // tip: Γùê encrypted .env [www.dotenvx.com]

      at _log (node_modules/dotenv/lib/main.js:131:11)

    console.log
      [Jest Setup] SUPABASE_SERVICE_ROLE_KEY loaded: sb_secret_Dm... (41 chars)

      at Object.log (jest.setup.ts:10:9)

    console.log
      [createBooking] Level1 resolved tenant: tenant-a

      at log (src/core/services/order/create-booking-helpers.ts:190:15)

    console.log
      [createBooking] Final tenantId: tenant-a | user: admin@bellaspa.vn

      at log (src/core/services/order/create-booking-helpers.ts:224:11)

    console.log
      [PricingActions] Calculating price for G├│i Ch─âm S├│c Bß║ºu VIP (pkg-123)

      at log (src/core/services/order/pricing-actions.ts:92:11)

    console.warn
      [PricingActions] No adapter found for module babycare, using base price 5000000

       99 |
      100 |   if (!adapter) {
    > 101 |     console.warn(
          |             ^
      102 |       `[PricingActions] No adapter found for module ${moduleId}, using base price ${item.basePrice}`
      103 |     );
      104 |     return item.basePrice;

      at warn (src/core/services/order/pricing-actions.ts:101:13)
      at calculateOrderPrice (src/core/services/order/create-booking-helpers.ts:277:28)
      at createBooking (src/core/services/order/create-booking-action.ts:216:26)
      at Object.<anonymous> (src/__tests__/e2e-pipeline.test.ts:533:26)

    console.log
      [buildBookingPayload] Adapter pricing: 5000000 ΓåÆ 5000000

      at log (src/core/services/order/create-booking-helpers.ts:278:17)

    console.error
      [calculateServerDiscount] Failed to fetch customer: { message: 'No rows found' }

      65 |
      66 |     if (customerError || !customer) {
    > 67 |       console.error('[calculateServerDiscount] Failed to fetch customer:', customerError);
         |               ^
      68 |       return 0; // Fallback: no discount
      69 |     }
      70 |

      at error (src/core/services/order/discount-integration.ts:67:15)
      at buildBookingPayload (src/core/services/order/create-booking-helpers.ts:293:32)
      at createBooking (src/core/services/order/create-booking-action.ts:216:26)
      at Object.<anonymous> (src/__tests__/e2e-pipeline.test.ts:533:26)

    console.log
      [buildBookingPayload] Discount: client=undefined%, server=0% (enforced)

      at log (src/core/services/order/create-booking-helpers.ts:301:13)

    console.log
      [invokeAdapterValidation] No adapter found for module 'spa', skipping validation

      at log (src/core/services/order/create-booking-helpers.ts:739:13)

    console.log
      [invokeAdapterOnCompletion] No adapter found for module 'spa', skipping completion callback

      at log (src/core/services/order/session-completion-helpers.ts:648:13)

    console.log
      [invokeAdapterOnCompletion] No adapter found for module 'spa', skipping completion callback

      at log (src/core/services/order/session-completion-helpers.ts:648:13)

PASS src/__tests__/e2e-payroll-salary-dispute.test.ts
  ΓùÅ Console

    console.log
      Γùç injected env (9) from .env.local // tip: Γîÿ enable debugging { debug: true }

      at _log (node_modules/dotenv/lib/main.js:131:11)

    console.log
      [Jest Setup] SUPABASE_SERVICE_ROLE_KEY loaded: sb_secret_Dm... (41 chars)

      at Object.log (jest.setup.ts:10:9)

    console.log
      Γ£à Step 1: Initial salary published { totalSalary: 6300000 }

      at Object.log (src/__tests__/e2e-payroll-salary-dispute.test.ts:47:13)

    console.log
      Γ£à Step 2: KTV disputes salary { reason: 'Missing 1 session' }

      at Object.log (src/__tests__/e2e-payroll-salary-dispute.test.ts:55:13)

    console.log
      Γ£à Step 3: Salary adjusted & republished { newTotalSalary: 6450000, sessions: 3 }

      at Object.log (src/__tests__/e2e-payroll-salary-dispute.test.ts:72:13)

    console.log
      Γ£à Step 4: KTV confirmed adjusted salary

      at Object.log (src/__tests__/e2e-payroll-salary-dispute.test.ts:80:13)

    console.log
      
      ≡ƒÄë E2E SALARY DISPUTE TEST: PASSED

      at Object.log (src/__tests__/e2e-payroll-salary-dispute.test.ts:82:13)

PASS src/__tests__/ai-agent.test.ts
  ΓùÅ Console

    console.log
      Γùç injected env (9) from .env.local // tip: Γîü auth for agents [www.vestauth.com]

      at _log (node_modules/dotenv/lib/main.js:131:11)

    console.log
      [Jest Setup] SUPABASE_SERVICE_ROLE_KEY loaded: sb_secret_Dm... (41 chars)

      at Object.log (jest.setup.ts:10:9)

    console.log
      [AI COO Orchestrator] Nhß║¡n y├¬u cß║ºu ph├ón t├¡ch tß║íi: 2026-07-14T13:00:43.438Z

      at log (src/app/api/v1/ai/coo-orchestrator/route.ts:24:11)

    console.log
      [AI COO Orchestrator] CEO Boss CEO gß╗¡i lß╗çnh: "Kiß╗âm tra vß║¡n h├ánh chung"

      at log (src/app/api/v1/ai/coo-orchestrator/route.ts:66:13)

    console.log
      [AI COO Service] ─É├ú ─æß╗ìc GEMINI_API_KEY th├ánh c├┤ng tß╗½ Database chi nh├ính: tenant-uuid-123

      at log (src/services/ai/orchestrator.ts:150:15)

    console.log
      [AI COO Service] Ph├ít hiß╗çn GEMINI_API_KEY. Tiß║┐n h├ánh gß╗ìi Gemini API cho ph├ón t├¡ch th├┤ng minh...

      at log (src/services/ai/orchestrator.ts:267:15)

    console.log
      [AI COO Service] Gß╗ìi Gemini th├ánh c├┤ng v├á ph├ón t├¡ch sß╗æ liß╗çu th├ánh c├┤ng!

      at log (src/services/ai/orchestrator.ts:348:19)

    console.log
      [AI COO Orchestrator] Nhß║¡n y├¬u cß║ºu ph├ón t├¡ch tß║íi: 2026-07-14T13:00:43.455Z

      at log (src/app/api/v1/ai/coo-orchestrator/route.ts:24:11)

    console.log
      [AI COO Orchestrator] CEO Boss CEO gß╗¡i lß╗çnh: "Kiß╗âm tra vß║¡n h├ánh chung"

      at log (src/app/api/v1/ai/coo-orchestrator/route.ts:66:13)

    console.log
      [AI COO Service] ─É├ú ─æß╗ìc GEMINI_API_KEY th├ánh c├┤ng tß╗½ Database chi nh├ính: tenant-uuid-123

      at log (src/services/ai/orchestrator.ts:150:15)

    console.log
      [AI COO Service] Ph├ít hiß╗çn GEMINI_API_KEY. Tiß║┐n h├ánh gß╗ìi Gemini API cho ph├ón t├¡ch th├┤ng minh...

      at log (src/services/ai/orchestrator.ts:267:15)

    console.log
      [AI COO Service] Gß╗ìi Gemini th├ánh c├┤ng v├á ph├ón t├¡ch sß╗æ liß╗çu th├ánh c├┤ng!

      at log (src/services/ai/orchestrator.ts:348:19)

    console.log
      [AI COO Orchestrator] Nhß║¡n y├¬u cß║ºu ph├ón t├¡ch tß║íi: 2026-07-14T13:00:43.457Z

      at log (src/app/api/v1/ai/coo-orchestrator/route.ts:24:11)

    console.warn
      [AI COO Orchestrator] Ng╞░ß╗¥i d├╣ng Staff KTV vß╗¢i vai tr├▓ ktv bß╗ï tß╗½ chß╗æi truy cß║¡p.

      52 |     // 4. Validate user has permission to use AI COO
      53 |     if (!canUseAiCopilotRole(userData.role)) {
    > 54 |       console.warn(`[AI COO Orchestrator] Ng╞░ß╗¥i d├╣ng ${userData.full_name} vß╗¢i vai tr├▓ ${userData.role} bß╗ï tß╗½ chß╗æi truy cß║¡p.`);
         |               ^
      55 |       return NextResponse.json({ error: "Quyß╗ün hß║ín kh├┤ng hß╗úp lß╗ç. Chß╗ë c├│ Tß╗òng gi├ím ─æß╗æc (Admin) v├á Kß║┐ to├ín tr╞░ß╗ƒng mß╗¢i c├│ quyß╗ün ─æiß╗üu phß╗æi AI COO." }, { status: 403 });
      56 |     }
      57 |

      at warn (src/app/api/v1/ai/coo-orchestrator/route.ts:54:15)
      at src/core/middleware/tenantContext.ts:104:14
      at Object.<anonymous> (src/__tests__/ai-agent.test.ts:190:17)

    console.log
      [AI COO Orchestrator] Nhß║¡n y├¬u cß║ºu ph├ón t├¡ch tß║íi: 2026-07-14T13:00:43.459Z

      at log (src/app/api/v1/ai/coo-orchestrator/route.ts:24:11)

    console.log
      [AI COO Orchestrator] CEO Boss CEO gß╗¡i lß╗çnh: "Ph├ón t├¡ch chß║Ñm c├┤ng v├á t├¡nh l╞░╞íng KTV th├íng n├áy"

      at log (src/app/api/v1/ai/coo-orchestrator/route.ts:66:13)

    console.log
      [AI COO Service] ─Éß╗ïnh tuyß║┐n tß╗¢i: CHRO Agent

      at log (src/services/ai/agents/chro.ts:34:11)

    console.log
      [AI COO Service] ─É├ú ─æß╗ìc GEMINI_API_KEY th├ánh c├┤ng tß╗½ Database chi nh├ính: tenant-uuid-123

      at log (src/services/ai/orchestrator.ts:150:15)

    console.log
      [AI COO Service] Ph├ít hiß╗çn GEMINI_API_KEY. Tiß║┐n h├ánh gß╗ìi Gemini API cho ph├ón t├¡ch th├┤ng minh...

      at log (src/services/ai/orchestrator.ts:267:15)

    console.log
      [AI COO Service] Gß╗ìi Gemini th├ánh c├┤ng v├á ph├ón t├¡ch sß╗æ liß╗çu th├ánh c├┤ng!

      at log (src/services/ai/orchestrator.ts:348:19)

    console.log
      [AI COO Orchestrator] Nhß║¡n y├¬u cß║ºu ph├ón t├¡ch tß║íi: 2026-07-14T13:00:43.473Z

      at log (src/app/api/v1/ai/coo-orchestrator/route.ts:24:11)

    console.log
      [AI COO Orchestrator] CEO Boss CEO gß╗¡i lß╗çnh: "Xuß║Ñt bß║úng c├ón ─æß╗æi ph├ít sinh"

      at log (src/app/api/v1/ai/coo-orchestrator/route.ts:66:13)

    console.log
      [AI COO Service] ─Éß╗ïnh tuyß║┐n tß╗¢i: CFO Agent

      at log (src/services/ai/agents/cfo.ts:22:11)

    console.log
      [AI COO Service] ─É├ú ─æß╗ìc GEMINI_API_KEY th├ánh c├┤ng tß╗½ Database chi nh├ính: tenant-uuid-123

      at log (src/services/ai/orchestrator.ts:150:15)

    console.log
      [AI COO Service] Ph├ít hiß╗çn GEMINI_API_KEY. Tiß║┐n h├ánh gß╗ìi Gemini API cho ph├ón t├¡ch th├┤ng minh...

      at log (src/services/ai/orchestrator.ts:267:15)

    console.log
      [AI COO Service] Gß╗ìi Gemini th├ánh c├┤ng v├á ph├ón t├¡ch sß╗æ liß╗çu th├ánh c├┤ng!

      at log (src/services/ai/orchestrator.ts:348:19)

    console.log
      [AI COO Orchestrator] Nhß║¡n y├¬u cß║ºu ph├ón t├¡ch tß║íi: 2026-07-14T13:00:43.479Z

      at log (src/app/api/v1/ai/coo-orchestrator/route.ts:24:11)

    console.log
      [AI COO Orchestrator] CEO Boss CEO gß╗¡i lß╗çnh: "─Éß╗æi so├ít sß╗ò c├íi v├á sß╗ò quß╗╣"

      at log (src/app/api/v1/ai/coo-orchestrator/route.ts:66:13)

    console.log
      [AI COO Service] ─Éß╗ïnh tuyß║┐n tß╗¢i: CFO Agent

      at log (src/services/ai/agents/cfo.ts:22:11)

    console.log
      [AI COO Service] ─É├ú ─æß╗ìc GEMINI_API_KEY th├ánh c├┤ng tß╗½ Database chi nh├ính: tenant-uuid-123

      at log (src/services/ai/orchestrator.ts:150:15)

    console.log
      [AI COO Service] Ph├ít hiß╗çn GEMINI_API_KEY. Tiß║┐n h├ánh gß╗ìi Gemini API cho ph├ón t├¡ch th├┤ng minh...

      at log (src/services/ai/orchestrator.ts:267:15)

    console.log
      [AI COO Service] Gß╗ìi Gemini th├ánh c├┤ng v├á ph├ón t├¡ch sß╗æ liß╗çu th├ánh c├┤ng!

      at log (src/services/ai/orchestrator.ts:348:19)

    console.log
      [AI COO Orchestrator] Nhß║¡n y├¬u cß║ºu ph├ón t├¡ch tß║íi: 2026-07-14T13:00:43.484Z

      at log (src/app/api/v1/ai/coo-orchestrator/route.ts:24:11)

    console.log
      [AI COO Orchestrator] CEO Boss CEO gß╗¡i lß╗çnh: "Xuß║Ñt bß║úng c├ón ─æß╗æi ph├ít sinh"

      at log (src/app/api/v1/ai/coo-orchestrator/route.ts:66:13)

    console.log
      [AI COO Service] ─Éß╗ïnh tuyß║┐n tß╗¢i: CFO Agent

      at log (src/services/ai/agents/cfo.ts:22:11)

    console.log
      [AI COO Service] ─É├ú ─æß╗ìc GEMINI_API_KEY th├ánh c├┤ng tß╗½ Database chi nh├ính: tenant-uuid-123

      at log (src/services/ai/orchestrator.ts:150:15)

    console.log
      [AI COO Service] Ph├ít hiß╗çn GEMINI_API_KEY. Tiß║┐n h├ánh gß╗ìi Gemini API cho ph├ón t├¡ch th├┤ng minh...

      at log (src/services/ai/orchestrator.ts:267:15)

    console.error
      [AI COO Service] Gß╗ìi Gemini API thß║Ñt bß║íi, HTTP status: 503

      350 |       } else {
      351 |         const errPayload = await response.json().catch(() => ({}));
    > 352 |         console.error("[AI COO Service] Gß╗ìi Gemini API thß║Ñt bß║íi, HTTP status:", response.status);
          |                 ^
      353 |         executiveSummary = `ΓÜá∩╕Å Gß╗ìi Gemini API thß║Ñt bß║íi (HTTP Status: ${response.status}). Phß║ún hß╗ôi lß╗ùi: ${JSON.stringify(errPayload)}`;
      354 |       }
      355 |     } catch (geminiErr: unknown) {

      at error (src/services/ai/orchestrator.ts:352:17)
      at src/app/api/v1/ai/coo-orchestrator/route.ts:69:29
      at src/core/middleware/tenantContext.ts:104:14
      at Object.<anonymous> (src/__tests__/ai-agent.test.ts:347:17)

    console.log
      [AI COO Orchestrator] Nhß║¡n y├¬u cß║ºu ph├ón t├¡ch tß║íi: 2026-07-14T13:00:43.489Z

      at log (src/app/api/v1/ai/coo-orchestrator/route.ts:24:11)

    console.log
      [AI COO Orchestrator] CEO Boss CEO gß╗¡i lß╗çnh: "Kiß╗âm tra chß║Ñm c├┤ng KTV"

      at log (src/app/api/v1/ai/coo-orchestrator/route.ts:66:13)

    console.log
      [AI COO Service] ─Éß╗ïnh tuyß║┐n tß╗¢i: CHRO Agent

      at log (src/services/ai/agents/chro.ts:34:11)

    console.error
      [CHRO Agent] Lß╗ùi khi gß╗ìi RPC get_ai_attendance_kpis: { message: 'Database connection timeout in get_ai_attendance_kpis' }

      39 |
      40 |   if (rpcError) {
    > 41 |     console.error("[CHRO Agent] Lß╗ùi khi gß╗ìi RPC get_ai_attendance_kpis:", rpcError);
         |             ^
      42 |     throw rpcError;
      43 |   }
      44 |

      at error (src/services/ai/agents/chro.ts:41:13)
      at runCOOOrchestrator (src/services/ai/orchestrator.ts:204:24)
      at src/app/api/v1/ai/coo-orchestrator/route.ts:69:29
      at src/core/middleware/tenantContext.ts:104:14
      at Object.<anonymous> (src/__tests__/ai-agent.test.ts:381:17)

    console.error
      [AI COO Orchestrator] Lß╗ùi ngoß║íi lß╗ç nghi├¬m trß╗ìng: { message: 'Database connection timeout in get_ai_attendance_kpis' }

      82 |
      83 |   } catch (error: unknown) {
    > 84 |     console.error("[AI COO Orchestrator] Lß╗ùi ngoß║íi lß╗ç nghi├¬m trß╗ìng:", error);
         |             ^
      85 |     // Trß║ú vß╗ü lß╗ùi r├╡ r├áng ─æß╗â hß╗ç thß╗æng kiß╗âm thß╗¡ tß╗▒ ─æß╗Öng nhß║¡n diß╗çn lß║¡p tß╗⌐c
      86 |     return NextResponse.json(
      87 |       { error: "─É├ú xß║úy ra lß╗ùi nghi├¬m trß╗ìng trong qu├í tr├¼nh xß╗¡ l├╜ cß╗ºa AI Orchestrator.", details: getErrorMessage(error) },

      at error (src/app/api/v1/ai/coo-orchestrator/route.ts:84:13)
      at src/core/middleware/tenantContext.ts:104:14
      at Object.<anonymous> (src/__tests__/ai-agent.test.ts:381:17)

    console.log
      [AI COO Orchestrator] Nhß║¡n y├¬u cß║ºu ph├ón t├¡ch tß║íi: 2026-07-14T13:00:43.495Z

      at log (src/app/api/v1/ai/coo-orchestrator/route.ts:24:11)

    console.log
      [AI COO Orchestrator] CEO Boss CEO gß╗¡i lß╗çnh: "Kiß╗âm tra vß║¡n h├ánh chung"

      at log (src/app/api/v1/ai/coo-orchestrator/route.ts:66:13)

    console.error
      [AI COO Service] Lß╗ùi ch├¿n nhß║¡t k├╜ AI log: { message: 'ai log insert failed' }

      230 |
      231 |   if (logError) {
    > 232 |     console.error("[AI COO Service] Lß╗ùi ch├¿n nhß║¡t k├╜ AI log:", logError);
          |             ^
      233 |     throw logError;
      234 |   }
      235 |

      at error (src/services/ai/orchestrator.ts:232:13)
      at src/app/api/v1/ai/coo-orchestrator/route.ts:69:29
      at src/core/middleware/tenantContext.ts:104:14
      at Object.<anonymous> (src/__tests__/ai-agent.test.ts:404:17)

    console.error
      [AI COO Orchestrator] Lß╗ùi ngoß║íi lß╗ç nghi├¬m trß╗ìng: { message: 'ai log insert failed' }

      82 |
      83 |   } catch (error: unknown) {
    > 84 |     console.error("[AI COO Orchestrator] Lß╗ùi ngoß║íi lß╗ç nghi├¬m trß╗ìng:", error);
         |             ^
      85 |     // Trß║ú vß╗ü lß╗ùi r├╡ r├áng ─æß╗â hß╗ç thß╗æng kiß╗âm thß╗¡ tß╗▒ ─æß╗Öng nhß║¡n diß╗çn lß║¡p tß╗⌐c
      86 |     return NextResponse.json(
      87 |       { error: "─É├ú xß║úy ra lß╗ùi nghi├¬m trß╗ìng trong qu├í tr├¼nh xß╗¡ l├╜ cß╗ºa AI Orchestrator.", details: getErrorMessage(error) },

      at error (src/app/api/v1/ai/coo-orchestrator/route.ts:84:13)
      at src/core/middleware/tenantContext.ts:104:14
      at Object.<anonymous> (src/__tests__/ai-agent.test.ts:404:17)

    console.log
      [AI Action Approval] Nhß║¡n y├¬u cß║ºu duyß╗çt h├ánh ─æß╗Öng nh├íp...

      at log (src/app/api/v1/ai/action-approval/route.ts:31:11)

    console.warn
      [AI Action Approval] Ng╞░ß╗¥i d├╣ng Staff KTV vß╗¢i vai tr├▓ ktv cß╗æ gß║»ng ph├¬ duyß╗çt.

      59 |     // 4. Validate user has permission to approve AI actions
      60 |     if (!canUseAiCopilotRole(userData.role)) {
    > 61 |       console.warn(`[AI Action Approval] Ng╞░ß╗¥i d├╣ng ${userData.full_name} vß╗¢i vai tr├▓ ${userData.role} cß╗æ gß║»ng ph├¬ duyß╗çt.`);
         |               ^
      62 |       return NextResponse.json({ error: "Quyß╗ün hß║ín kh├┤ng hß╗úp lß╗ç. Chß╗ë c├│ Admin/Super Admin/Kß║┐ to├ín tr╞░ß╗ƒng mß╗¢i c├│ quyß╗ün ph├¬ duyß╗çt h├ánh ─æß╗Öng cß╗ºa AI." }, { status: 403 });
      63 |     }
      64 |

      at warn (src/app/api/v1/ai/action-approval/route.ts:61:15)
      at src/core/middleware/tenantContext.ts:104:14
      at Object.<anonymous> (src/__tests__/ai-agent.test.ts:425:17)

    console.log
      [AI Action Approval] Nhß║¡n y├¬u cß║ºu duyß╗çt h├ánh ─æß╗Öng nh├íp...

      at log (src/app/api/v1/ai/action-approval/route.ts:31:11)

    console.log
      [AI Action Approval] Nhß║¡n y├¬u cß║ºu duyß╗çt h├ánh ─æß╗Öng nh├íp...

      at log (src/app/api/v1/ai/action-approval/route.ts:31:11)

    console.log
      [AI Action Approval] CEO Boss CEO ph├¬ duyß╗çt h├ánh ─æß╗Öng: "attendance_warning" cho "KTV Hoa"

      at log (src/app/api/v1/ai/action-approval/route.ts:73:13)

    console.error
      [AI Action Approval] Lß╗ùi khi tß║ío th├┤ng b├ío hß╗ç thß╗æng: { message: 'notification insert failed' }

      94 |
      95 |     if (notifError) {
    > 96 |       console.error("[AI Action Approval] Lß╗ùi khi tß║ío th├┤ng b├ío hß╗ç thß╗æng:", notifError);
         |               ^
      97 |       throw notifError; // Zero Silent DB Failures
      98 |     }
      99 |

      at error (src/app/api/v1/ai/action-approval/route.ts:96:15)
      at src/core/middleware/tenantContext.ts:104:14
      at Object.<anonymous> (src/__tests__/ai-agent.test.ts:493:17)

    console.error
      [AI Action Approval] Lß╗ùi ngoß║íi lß╗ç nghi├¬m trß╗ìng: { message: 'notification insert failed' }

      134 |
      135 |   } catch (error: unknown) {
    > 136 |     console.error("[AI Action Approval] Lß╗ùi ngoß║íi lß╗ç nghi├¬m trß╗ìng:", error);
          |             ^
      137 |     return NextResponse.json(
      138 |       { error: "─É├ú xß║úy ra lß╗ùi nghi├¬m trß╗ìng khi xß╗¡ l├╜ ph├¬ duyß╗çt h├ánh ─æß╗Öng.", details: getErrorMessage(error) },
      139 |       { status: 500 }

      at error (src/app/api/v1/ai/action-approval/route.ts:136:13)
      at src/core/middleware/tenantContext.ts:104:14
      at Object.<anonymous> (src/__tests__/ai-agent.test.ts:493:17)

    console.log
      [AI Action Approval] Nhß║¡n y├¬u cß║ºu duyß╗çt h├ánh ─æß╗Öng nh├íp...

      at log (src/app/api/v1/ai/action-approval/route.ts:31:11)

    console.log
      [AI Action Approval] CEO Boss CEO ph├¬ duyß╗çt h├ánh ─æß╗Öng: "attendance_warning" cho "KTV Hoa"

      at log (src/app/api/v1/ai/action-approval/route.ts:73:13)

    console.error
      [AI Action Approval] Lß╗ùi khi ghi audit log: { message: 'audit insert failed' }

      117 |
      118 |     if (logError) {
    > 119 |       console.error("[AI Action Approval] Lß╗ùi khi ghi audit log:", logError);
          |               ^
      120 |       const { error: rollbackError } = await supabase
      121 |         .from("app_notifications")
      122 |         .delete()

      at error (src/app/api/v1/ai/action-approval/route.ts:119:15)
      at src/core/middleware/tenantContext.ts:104:14
      at Object.<anonymous> (src/__tests__/ai-agent.test.ts:546:17)

    console.error
      [AI Action Approval] Lß╗ùi ngoß║íi lß╗ç nghi├¬m trß╗ìng: Error: audit insert failed
          at D:\Antigravity\Projects\BELLA SPA ERP\src\app\api\v1\ai\action-approval\route.ts:126:13
          at processTicksAndRejections (node:internal/process/task_queues:104:5)
          at D:\Antigravity\Projects\BELLA SPA ERP\src\core\middleware\tenantContext.ts:104:14
          at Object.<anonymous> (D:\Antigravity\Projects\BELLA SPA ERP\src\__tests__\ai-agent.test.ts:546:17)

      134 |
      135 |   } catch (error: unknown) {
    > 136 |     console.error("[AI Action Approval] Lß╗ùi ngoß║íi lß╗ç nghi├¬m trß╗ìng:", error);
          |             ^
      137 |     return NextResponse.json(
      138 |       { error: "─É├ú xß║úy ra lß╗ùi nghi├¬m trß╗ìng khi xß╗¡ l├╜ ph├¬ duyß╗çt h├ánh ─æß╗Öng.", details: getErrorMessage(error) },
      139 |       { status: 500 }

      at error (src/app/api/v1/ai/action-approval/route.ts:136:13)
      at src/core/middleware/tenantContext.ts:104:14
      at Object.<anonymous> (src/__tests__/ai-agent.test.ts:546:17)

    console.log
      [AI Action Approval] Nhß║¡n y├¬u cß║ºu duyß╗çt h├ánh ─æß╗Öng nh├íp...

      at log (src/app/api/v1/ai/action-approval/route.ts:31:11)

    console.log
      [AI Action Approval] CEO Boss CEO ph├¬ duyß╗çt h├ánh ─æß╗Öng: "attendance_warning" cho "KTV Hoa"

      at log (src/app/api/v1/ai/action-approval/route.ts:73:13)

    console.error
      [AI Action Approval] Lß╗ùi khi ghi audit log: { message: 'audit insert failed' }

      117 |
      118 |     if (logError) {
    > 119 |       console.error("[AI Action Approval] Lß╗ùi khi ghi audit log:", logError);
          |               ^
      120 |       const { error: rollbackError } = await supabase
      121 |         .from("app_notifications")
      122 |         .delete()

      at error (src/app/api/v1/ai/action-approval/route.ts:119:15)
      at src/core/middleware/tenantContext.ts:104:14
      at Object.<anonymous> (src/__tests__/ai-agent.test.ts:599:17)

    console.error
      [AI Action Approval] Lß╗ùi ngoß║íi lß╗ç nghi├¬m trß╗ìng: Error: audit insert failed; rollback failed: notification rollback failed
          at D:\Antigravity\Projects\BELLA SPA ERP\src\app\api\v1\ai\action-approval\route.ts:126:13
          at processTicksAndRejections (node:internal/process/task_queues:104:5)
          at D:\Antigravity\Projects\BELLA SPA ERP\src\core\middleware\tenantContext.ts:104:14
          at Object.<anonymous> (D:\Antigravity\Projects\BELLA SPA ERP\src\__tests__\ai-agent.test.ts:599:17)

      134 |
      135 |   } catch (error: unknown) {
    > 136 |     console.error("[AI Action Approval] Lß╗ùi ngoß║íi lß╗ç nghi├¬m trß╗ìng:", error);
          |             ^
      137 |     return NextResponse.json(
      138 |       { error: "─É├ú xß║úy ra lß╗ùi nghi├¬m trß╗ìng khi xß╗¡ l├╜ ph├¬ duyß╗çt h├ánh ─æß╗Öng.", details: getErrorMessage(error) },
      139 |       { status: 500 }

      at error (src/app/api/v1/ai/action-approval/route.ts:136:13)
      at src/core/middleware/tenantContext.ts:104:14
      at Object.<anonymous> (src/__tests__/ai-agent.test.ts:599:17)

    console.log
      [AI Action Approval] Nhß║¡n y├¬u cß║ºu duyß╗çt h├ánh ─æß╗Öng nh├íp...

      at log (src/app/api/v1/ai/action-approval/route.ts:31:11)

    console.log
      [AI Action Approval] CEO Boss CEO ph├¬ duyß╗çt h├ánh ─æß╗Öng: "attendance_warning" cho "KTV Hoa"

      at log (src/app/api/v1/ai/action-approval/route.ts:73:13)

PASS src/__tests__/ai-coo-agents.test.ts
  ΓùÅ Console

    console.log
      Γùç injected env (9) from .env.local // tip: Γîÿ enable debugging { debug: true }

      at _log (node_modules/dotenv/lib/main.js:131:11)

    console.log
      [Jest Setup] SUPABASE_SERVICE_ROLE_KEY loaded: sb_secret_Dm... (41 chars)

      at Object.log (jest.setup.ts:10:9)

    console.log
      [AI COO Orchestrator] Nhß║¡n y├¬u cß║ºu ph├ón t├¡ch tß║íi: 2026-07-14T13:00:43.517Z

      at log (src/app/api/v1/ai/coo-orchestrator/route.ts:24:11)

    console.log
      [AI COO Orchestrator] CEO Boss CEO gß╗¡i lß╗çnh: "B├ío c├ío tß╗ôn kho vß║¡t t╞░ v├á dß║ºu massage"

      at log (src/app/api/v1/ai/coo-orchestrator/route.ts:66:13)

    console.log
      [AI COO Service] ─Éß╗ïnh tuyß║┐n tß╗¢i: CPO Agent

      at log (src/services/ai/agents/cpo.ts:10:11)

    console.log
      [AI COO Service] ─É├ú ─æß╗ìc GEMINI_API_KEY th├ánh c├┤ng tß╗½ Database chi nh├ính: tenant-uuid-123

      at log (src/services/ai/orchestrator.ts:150:15)

    console.log
      [AI COO Service] Ph├ít hiß╗çn GEMINI_API_KEY. Tiß║┐n h├ánh gß╗ìi Gemini API cho ph├ón t├¡ch th├┤ng minh...

      at log (src/services/ai/orchestrator.ts:267:15)

    console.log
      [AI COO Service] Gß╗ìi Gemini th├ánh c├┤ng v├á ph├ón t├¡ch sß╗æ liß╗çu th├ánh c├┤ng!

      at log (src/services/ai/orchestrator.ts:348:19)

    console.log
      [AI COO Orchestrator] Nhß║¡n y├¬u cß║ºu ph├ón t├¡ch tß║íi: 2026-07-14T13:00:43.541Z

      at log (src/app/api/v1/ai/coo-orchestrator/route.ts:24:11)

    console.log
      [AI COO Orchestrator] CEO Boss CEO gß╗¡i lß╗çnh: "Xem b├ío c├ío vß║¡t t╞░ tß╗ôn kho"

      at log (src/app/api/v1/ai/coo-orchestrator/route.ts:66:13)

    console.log
      [AI COO Service] ─Éß╗ïnh tuyß║┐n tß╗¢i: CPO Agent

      at log (src/services/ai/agents/cpo.ts:10:11)

    console.error
      [CPO Agent] Lß╗ùi khi truy vß║Ñn inventory_items: { message: 'Database connection timeout when accessing inventory' }

      17 |
      18 |   if (itemsError) {
    > 19 |     console.error("[CPO Agent] Lß╗ùi khi truy vß║Ñn inventory_items:", itemsError);
         |             ^
      20 |     throw itemsError;
      21 |   }
      22 |

      at error (src/services/ai/agents/cpo.ts:19:13)
      at runCOOOrchestrator (src/services/ai/orchestrator.ts:198:24)
      at src/app/api/v1/ai/coo-orchestrator/route.ts:69:29
      at src/core/middleware/tenantContext.ts:104:14
      at Object.<anonymous> (src/__tests__/ai-coo-agents.test.ts:268:17)

    console.error
      [AI COO Orchestrator] Lß╗ùi ngoß║íi lß╗ç nghi├¬m trß╗ìng: { message: 'Database connection timeout when accessing inventory' }

      82 |
      83 |   } catch (error: unknown) {
    > 84 |     console.error("[AI COO Orchestrator] Lß╗ùi ngoß║íi lß╗ç nghi├¬m trß╗ìng:", error);
         |             ^
      85 |     // Trß║ú vß╗ü lß╗ùi r├╡ r├áng ─æß╗â hß╗ç thß╗æng kiß╗âm thß╗¡ tß╗▒ ─æß╗Öng nhß║¡n diß╗çn lß║¡p tß╗⌐c
      86 |     return NextResponse.json(
      87 |       { error: "─É├ú xß║úy ra lß╗ùi nghi├¬m trß╗ìng trong qu├í tr├¼nh xß╗¡ l├╜ cß╗ºa AI Orchestrator.", details: getErrorMessage(error) },

      at error (src/app/api/v1/ai/coo-orchestrator/route.ts:84:13)
      at src/core/middleware/tenantContext.ts:104:14
      at Object.<anonymous> (src/__tests__/ai-coo-agents.test.ts:268:17)

    console.log
      [AI COO Orchestrator] Nhß║¡n y├¬u cß║ºu ph├ón t├¡ch tß║íi: 2026-07-14T13:00:43.546Z

      at log (src/app/api/v1/ai/coo-orchestrator/route.ts:24:11)

    console.log
      [AI COO Orchestrator] CEO Boss CEO gß╗¡i lß╗çnh: "Kiß╗âm tra ─æ├ính gi├í h├ái l├▓ng kh├ích h├áng v├á reviews"

      at log (src/app/api/v1/ai/coo-orchestrator/route.ts:66:13)

    console.log
      [AI COO Service] ─Éß╗ïnh tuyß║┐n tß╗¢i: CMO Agent

      at log (src/services/ai/agents/cmo.ts:75:11)

    console.log
      [AI COO Service] ─É├ú ─æß╗ìc GEMINI_API_KEY th├ánh c├┤ng tß╗½ Database chi nh├ính: tenant-uuid-123

      at log (src/services/ai/orchestrator.ts:150:15)

    console.log
      [AI COO Service] Ph├ít hiß╗çn GEMINI_API_KEY. Tiß║┐n h├ánh gß╗ìi Gemini API cho ph├ón t├¡ch th├┤ng minh...

      at log (src/services/ai/orchestrator.ts:267:15)

    console.log
      [AI COO Service] Gß╗ìi Gemini th├ánh c├┤ng v├á ph├ón t├¡ch sß╗æ liß╗çu th├ánh c├┤ng!

      at log (src/services/ai/orchestrator.ts:348:19)

    console.log
      [AI COO Orchestrator] Nhß║¡n y├¬u cß║ºu ph├ón t├¡ch tß║íi: 2026-07-14T13:00:43.568Z

      at log (src/app/api/v1/ai/coo-orchestrator/route.ts:24:11)

    console.log
      [AI COO Orchestrator] CEO Boss CEO gß╗¡i lß╗çnh: "Kiß╗âm tra t├¼nh h├¼nh ch─âm s├│c kh├ích h├áng"

      at log (src/app/api/v1/ai/coo-orchestrator/route.ts:66:13)

    console.log
      [AI COO Service] ─Éß╗ïnh tuyß║┐n tß╗¢i: CMO Agent

      at log (src/services/ai/agents/cmo.ts:75:11)

    console.error
      [CMO Agent] Lß╗ùi khi truy vß║Ñn bookings: { message: 'Access denied to bookings table' }

      90 |
      91 |   if (bookingsError) {
    > 92 |     console.error("[CMO Agent] Lß╗ùi khi truy vß║Ñn bookings:", bookingsError);
         |             ^
      93 |     throw bookingsError;
      94 |   }
      95 |

      at error (src/services/ai/agents/cmo.ts:92:13)
      at runCOOOrchestrator (src/services/ai/orchestrator.ts:200:24)
      at src/app/api/v1/ai/coo-orchestrator/route.ts:69:29
      at src/core/middleware/tenantContext.ts:104:14
      at Object.<anonymous> (src/__tests__/ai-coo-agents.test.ts:471:17)

    console.error
      [AI COO Orchestrator] Lß╗ùi ngoß║íi lß╗ç nghi├¬m trß╗ìng: { message: 'Access denied to bookings table' }

      82 |
      83 |   } catch (error: unknown) {
    > 84 |     console.error("[AI COO Orchestrator] Lß╗ùi ngoß║íi lß╗ç nghi├¬m trß╗ìng:", error);
         |             ^
      85 |     // Trß║ú vß╗ü lß╗ùi r├╡ r├áng ─æß╗â hß╗ç thß╗æng kiß╗âm thß╗¡ tß╗▒ ─æß╗Öng nhß║¡n diß╗çn lß║¡p tß╗⌐c
      86 |     return NextResponse.json(
      87 |       { error: "─É├ú xß║úy ra lß╗ùi nghi├¬m trß╗ìng trong qu├í tr├¼nh xß╗¡ l├╜ cß╗ºa AI Orchestrator.", details: getErrorMessage(error) },

      at error (src/app/api/v1/ai/coo-orchestrator/route.ts:84:13)
      at src/core/middleware/tenantContext.ts:104:14
      at Object.<anonymous> (src/__tests__/ai-coo-agents.test.ts:471:17)

    console.log
      [AI COO Orchestrator] Nhß║¡n y├¬u cß║ºu ph├ón t├¡ch tß║íi: 2026-07-14T13:00:43.572Z

      at log (src/app/api/v1/ai/coo-orchestrator/route.ts:24:11)

    console.log
      [AI COO Orchestrator] CEO Boss CEO gß╗¡i lß╗çnh: "─æß╗æi so├ít nh╞░ß╗úng quyß╗ün v├á kiß╗âm tra royalty invoices"

      at log (src/app/api/v1/ai/coo-orchestrator/route.ts:66:13)

    console.log
      [AI COO Service] ─Éß╗ïnh tuyß║┐n tß╗¢i: Franchise Agent

      at log (src/services/ai/agents/franchise.ts:13:11)

    console.log
      [AI COO Service] ─É├ú ─æß╗ìc GEMINI_API_KEY th├ánh c├┤ng tß╗½ Database chi nh├ính: tenant-uuid-123

      at log (src/services/ai/orchestrator.ts:150:15)

    console.log
      [AI COO Service] Ph├ít hiß╗çn GEMINI_API_KEY. Tiß║┐n h├ánh gß╗ìi Gemini API cho ph├ón t├¡ch th├┤ng minh...

      at log (src/services/ai/orchestrator.ts:267:15)

    console.log
      [AI COO Service] Gß╗ìi Gemini th├ánh c├┤ng v├á ph├ón t├¡ch sß╗æ liß╗çu th├ánh c├┤ng!

      at log (src/services/ai/orchestrator.ts:348:19)

    console.error
      [extractTenantContext] Failed to fetch tenant: { message: 'Tenant data fetch failed' }

      200 |
      201 |     if (tenantError) {
    > 202 |       console.error('[extractTenantContext] Failed to fetch tenant:', tenantError);
          |               ^
      203 |       return {
      204 |         success: false,
      205 |         error: 'Failed to fetch tenant configuration',

      at error (src/core/middleware/tenantContext.ts:202:15)
      at src/core/middleware/tenantContext.ts:88:22
      at Object.<anonymous> (src/__tests__/ai-coo-agents.test.ts:594:17)

    console.error
      [withTenantContext] Failed to extract tenant context: Failed to fetch tenant configuration

      90 |       // If extraction failed, return error response
      91 |       if (!result.success) {
    > 92 |         console.error('[withTenantContext] Failed to extract tenant context:', result.error);
         |                 ^
      93 |         return NextResponse.json(
      94 |           { error: result.error },
      95 |           { status: result.statusCode }

      at error (src/core/middleware/tenantContext.ts:92:17)
      at Object.<anonymous> (src/__tests__/ai-coo-agents.test.ts:594:17)

PASS src/__tests__/cross-module-integrity.test.ts
  ΓùÅ Console

    console.log
      Γùç injected env (9) from .env.local // tip: Γîÿ custom filepath { path: '/custom/path/.env' }

      at _log (node_modules/dotenv/lib/main.js:131:11)

    console.log
      [Jest Setup] SUPABASE_SERVICE_ROLE_KEY loaded: sb_secret_Dm... (41 chars)

      at Object.log (jest.setup.ts:10:9)

    console.log
      [createBooking] Level1 resolved tenant: tenant-a

      at log (src/core/services/order/create-booking-helpers.ts:190:15)

    console.log
      [createBooking] Final tenantId: tenant-a | user: null

      at log (src/core/services/order/create-booking-helpers.ts:224:11)

    console.log
      [PricingActions] Calculating price for G├│i Ch─âm S├│c Bß║ºu VIP (pkg-123)

      at log (src/core/services/order/pricing-actions.ts:92:11)

    console.warn
      [PricingActions] No adapter found for module babycare, using base price 5000000

       99 |
      100 |   if (!adapter) {
    > 101 |     console.warn(
          |             ^
      102 |       `[PricingActions] No adapter found for module ${moduleId}, using base price ${item.basePrice}`
      103 |     );
      104 |     return item.basePrice;

      at warn (src/core/services/order/pricing-actions.ts:101:13)
      at calculateOrderPrice (src/core/services/order/create-booking-helpers.ts:277:28)
      at createBooking (src/core/services/order/create-booking-action.ts:216:26)
      at Object.<anonymous> (src/__tests__/cross-module-integrity.test.ts:543:26)

    console.log
      [buildBookingPayload] Adapter pricing: 5000000 ΓåÆ 5000000

      at log (src/core/services/order/create-booking-helpers.ts:278:17)

    console.error
      [calculateServerDiscount] Failed to fetch customer: { message: 'Row not found' }

      65 |
      66 |     if (customerError || !customer) {
    > 67 |       console.error('[calculateServerDiscount] Failed to fetch customer:', customerError);
         |               ^
      68 |       return 0; // Fallback: no discount
      69 |     }
      70 |

      at error (src/core/services/order/discount-integration.ts:67:15)
      at buildBookingPayload (src/core/services/order/create-booking-helpers.ts:293:32)
      at createBooking (src/core/services/order/create-booking-action.ts:216:26)
      at Object.<anonymous> (src/__tests__/cross-module-integrity.test.ts:543:26)

    console.log
      [buildBookingPayload] Discount: client=undefined%, server=0% (enforced)

      at log (src/core/services/order/create-booking-helpers.ts:301:13)

    console.log
      [invokeAdapterValidation] No adapter found for module 'spa', skipping validation

      at log (src/core/services/order/create-booking-helpers.ts:739:13)

    console.log
      [invokeAdapterOnCompletion] No adapter found for module 'spa', skipping completion callback

      at log (src/core/services/order/session-completion-helpers.ts:648:13)

PASS src/__tests__/concurrency.test.ts
  ΓùÅ Console

    console.log
      Γùç injected env (9) from .env.local // tip: Γîü auth for agents [www.vestauth.com]

      at _log (node_modules/dotenv/lib/main.js:131:11)

    console.log
      [Jest Setup] SUPABASE_SERVICE_ROLE_KEY loaded: sb_secret_Dm... (41 chars)

      at Object.log (jest.setup.ts:10:9)

    console.log
      [createBooking] Level1 resolved tenant: tenant-a

      at log (src/core/services/order/create-booking-helpers.ts:190:15)
          at async Promise.all (index 0)

    console.log
      [createBooking] Final tenantId: tenant-a | user: null

      at log (src/core/services/order/create-booking-helpers.ts:224:11)
          at async Promise.all (index 0)

    console.log
      [createBooking] Level1 resolved tenant: tenant-a

      at log (src/core/services/order/create-booking-helpers.ts:190:15)
          at async Promise.all (index 1)

    console.log
      [createBooking] Final tenantId: tenant-a | user: null

      at log (src/core/services/order/create-booking-helpers.ts:224:11)
          at async Promise.all (index 1)

    console.error
      [calculateServerDiscount] Failed to fetch customer: { message: 'Row not found' }

      65 |
      66 |     if (customerError || !customer) {
    > 67 |       console.error('[calculateServerDiscount] Failed to fetch customer:', customerError);
         |               ^
      68 |       return 0; // Fallback: no discount
      69 |     }
      70 |

      at error (src/core/services/order/discount-integration.ts:67:15)
      at buildBookingPayload (src/core/services/order/create-booking-helpers.ts:293:32)
      at createBooking (src/core/services/order/create-booking-action.ts:216:26)
          at async Promise.all (index 0)
      at Object.<anonymous> (src/__tests__/concurrency.test.ts:258:21)

    console.error
      [calculateServerDiscount] Failed to fetch customer: { message: 'Row not found' }

      65 |
      66 |     if (customerError || !customer) {
    > 67 |       console.error('[calculateServerDiscount] Failed to fetch customer:', customerError);
         |               ^
      68 |       return 0; // Fallback: no discount
      69 |     }
      70 |

      at error (src/core/services/order/discount-integration.ts:67:15)
      at buildBookingPayload (src/core/services/order/create-booking-helpers.ts:293:32)
      at createBooking (src/core/services/order/create-booking-action.ts:216:26)
          at async Promise.all (index 1)
      at Object.<anonymous> (src/__tests__/concurrency.test.ts:258:21)

    console.log
      [buildBookingPayload] Discount: client=undefined%, server=0% (enforced)

      at log (src/core/services/order/create-booking-helpers.ts:301:13)
          at async Promise.all (index 0)

    console.log
      [buildBookingPayload] Discount: client=undefined%, server=0% (enforced)

      at log (src/core/services/order/create-booking-helpers.ts:301:13)
          at async Promise.all (index 1)

    console.log
      [invokeAdapterValidation] No adapter found for module 'spa', skipping validation

      at log (src/core/services/order/create-booking-helpers.ts:739:13)
          at async Promise.all (index 0)

    console.log
      [invokeAdapterValidation] No adapter found for module 'spa', skipping validation

      at log (src/core/services/order/create-booking-helpers.ts:739:13)
          at async Promise.all (index 1)

    console.log
      [invokeAdapterOnCompletion] No adapter found for module 'spa', skipping completion callback

      at log (src/core/services/order/session-completion-helpers.ts:648:13)
          at async Promise.all (index 0)

    console.log
      [invokeAdapterOnCompletion] No adapter found for module 'spa', skipping completion callback

      at log (src/core/services/order/session-completion-helpers.ts:648:13)
          at async Promise.all (index 1)

PASS tests/security/api-gateway-security.test.ts
  ΓùÅ Console

    console.log
      Γùç injected env (9) from .env.local // tip: Γîÿ override existing { override: true }

      at _log (node_modules/dotenv/lib/main.js:131:11)

    console.log
      [Jest Setup] SUPABASE_SERVICE_ROLE_KEY loaded: sb_secret_Dm... (41 chars)

      at Object.log (jest.setup.ts:10:9)

    console.warn
      [Scope Middleware] Access denied {
        partner_id: 'partner-123',
        required_scope: 'partner:admin',
        partner_scopes: [ 'order:read' ]
      }

      140 |   // Check if partner has the required scope
      141 |   if (!hasScope(partnerScopes, requiredScope)) {
    > 142 |     console.warn(
          |             ^
      143 |       '[Scope Middleware] Access denied',
      144 |       {
      145 |         partner_id: req.partner.partner_id,

      at warn (src/lib/middleware/scope.middleware.ts:142:13)
      at Object.<anonymous> (tests/security/api-gateway-security.test.ts:69:36)

PASS src/__tests__/booking-package-module-scope.test.ts
  ΓùÅ Console

    console.log
      Γùç injected env (9) from .env.local // tip: Γîü auth for agents [www.vestauth.com]

      at _log (node_modules/dotenv/lib/main.js:131:11)

    console.log
      [Jest Setup] SUPABASE_SERVICE_ROLE_KEY loaded: sb_secret_Dm... (41 chars)

      at Object.log (jest.setup.ts:10:9)

PASS src/__tests__/rls-compliance.test.ts
  ΓùÅ Console

    console.log
      Γùç injected env (9) from .env.local // tip: Γîÿ multiple files { path: ['.env.local', '.env'] }

      at _log (node_modules/dotenv/lib/main.js:131:11)

    console.log
      [Jest Setup] SUPABASE_SERVICE_ROLE_KEY loaded: sb_secret_Dm... (41 chars)

      at Object.log (jest.setup.ts:10:9)

    console.log
      [getCurrentUser] auth.getUser took 0ms

      at log (src/services/user-actions.ts:84:11)

    console.log
      [getCurrentUser] Redis cache check took 2ms

      at log (src/services/user-actions.ts:91:13)

    console.log
      [getCurrentUser] Cache MISS - fetching from DB

      at log (src/services/user-actions.ts:97:13)

    console.log
      [getCurrentUser] users table query took 0ms

      at log (src/services/user-actions.ts:162:11)

    console.log
      [getCurrentUser] tenant status query took 0ms

      at log (src/services/user-actions.ts:207:15)

    console.warn
      [getCurrentUser] Tenant Suspended Tenant Co (tenant-suspended) is suspended. Blocking user.

      212 |       
      213 |       if (tenant && tenant.status === 'suspended') {
    > 214 |         console.warn(`[getCurrentUser] Tenant ${tenant.name} (${profile.tenant_id}) is suspended. Blocking user.`);
          |                 ^
      215 |         profile.isSuspended = true;
      216 |       }
      217 |     }

      at warn (src/services/user-actions.ts:214:17)
      at Object.<anonymous> (src/__tests__/rls-compliance.test.ts:281:23)

    console.log
      [getCurrentUser] TOTAL TIME: 7ms

      at log (src/services/user-actions.ts:220:11)

PASS src/__tests__/e2e-permission-rls-bypass-rpc.test.ts
  ΓùÅ Console

    console.log
      Γùç injected env (9) from .env.local // tip: Γùê secrets for agents [www.dotenvx.com]

      at _log (node_modules/dotenv/lib/main.js:131:11)

    console.log
      [Jest Setup] SUPABASE_SERVICE_ROLE_KEY loaded: sb_secret_Dm... (41 chars)

      at Object.log (jest.setup.ts:10:9)

    console.log
      Γ£à Test revenue created for both tenants

      at Object.log (src/__tests__/e2e-permission-rls-bypass-rpc.test.ts:45:13)

    console.log
      RPC error (expected if not implemented): column reference "month_year" is ambiguous

      at Object.log (src/__tests__/e2e-permission-rls-bypass-rpc.test.ts:56:15)

    console.log
      ΓÜá∩╕Å Skipping RPC test (function may not exist)

      at Object.log (src/__tests__/e2e-permission-rls-bypass-rpc.test.ts:57:15)

PASS src/__tests__/dashboard-actions.test.ts
  ΓùÅ Console

    console.log
      Γùç injected env (9) from .env.local // tip: Γùê secrets for agents [www.dotenvx.com]

      at _log (node_modules/dotenv/lib/main.js:131:11)

    console.log
      [Jest Setup] SUPABASE_SERVICE_ROLE_KEY loaded: sb_secret_Dm... (41 chars)

      at Object.log (jest.setup.ts:10:9)

PASS src/__tests__/validation.middleware.test.ts
  ΓùÅ Console

    console.log
      Γùç injected env (9) from .env.local // tip: Γîÿ enable debugging { debug: true }

      at _log (node_modules/dotenv/lib/main.js:131:11)

    console.log
      [Jest Setup] SUPABASE_SERVICE_ROLE_KEY loaded: sb_secret_Dm... (41 chars)

      at Object.log (jest.setup.ts:10:9)

PASS src/__tests__/export-actions.test.ts
  ΓùÅ Console

    console.log
      Γùç injected env (9) from .env.local // tip: Γîü auth for agents [www.vestauth.com]

      at _log (node_modules/dotenv/lib/main.js:131:11)

    console.log
      [Jest Setup] SUPABASE_SERVICE_ROLE_KEY loaded: sb_secret_Dm... (41 chars)

      at Object.log (jest.setup.ts:10:9)

PASS src/__tests__/salary-surface-parity.test.ts
  ΓùÅ Console

    console.log
      Γùç injected env (9) from .env.local // tip: Γùê secrets for agents [www.dotenvx.com]

      at _log (node_modules/dotenv/lib/main.js:131:11)

    console.log
      [Jest Setup] SUPABASE_SERVICE_ROLE_KEY loaded: sb_secret_Dm... (41 chars)

      at Object.log (jest.setup.ts:10:9)

    console.log
      [getSalaryReconciliationReport] BEFORE set_session_tenant - tenant_id: tenant-1

      at log (src/core/services/accounting/reports.ts:690:11)

    console.log
      [getSalaryReconciliationReport] AFTER set_session_tenant - error: null

      at log (src/core/services/accounting/reports.ts:696:11)

PASS src/__tests__/ktv-actions.test.ts
  ΓùÅ Console

    console.log
      Γùç injected env (9) from .env.local // tip: Γùê encrypted .env [www.dotenvx.com]

      at _log (node_modules/dotenv/lib/main.js:131:11)

    console.log
      [Jest Setup] SUPABASE_SERVICE_ROLE_KEY loaded: sb_secret_Dm... (41 chars)

      at Object.log (jest.setup.ts:10:9)

    console.log
      [getKTVActiveSessions] getCurrentUser took 0ms

      at log (src/services/ktv-actions.ts:128:11)

    console.log
      [getKTVActiveSessions] DB query took 1ms

      at log (src/services/ktv-actions.ts:159:11)

    console.log
      [getKTVUpcomingSessions] getCurrentUser took 0ms

      at log (src/services/ktv-actions.ts:195:11)

    console.log
      [getKTVUpcomingSessions] Original sessions query took 0ms

      at log (src/services/ktv-actions.ts:230:11)

    console.log
      [getKTVUpcomingSessions] Reassigned sessions query took 0ms

      at log (src/services/ktv-actions.ts:261:11)

    console.log
      [getKTVUpcomingSessions] getCurrentUser took 0ms

      at log (src/services/ktv-actions.ts:195:11)

    console.log
      [getKTVUpcomingSessions] Original sessions query took 1ms

      at log (src/services/ktv-actions.ts:230:11)

    console.log
      [getKTVUpcomingSessions] Reassigned sessions query took 0ms

      at log (src/services/ktv-actions.ts:261:11)

    console.log
      [getKTVUpcomingSessions] Merge & dedup took 0ms

      at log (src/services/ktv-actions.ts:278:11)

    console.log
      [getKTVUpcomingSessions] All sessions for bookings query took 0ms

      at log (src/services/ktv-actions.ts:314:11)

PASS src/__tests__/e2e-negative-over-commission.test.ts
  ΓùÅ Console

    console.log
      Γùç injected env (9) from .env.local // tip: Γîÿ custom filepath { path: '/custom/path/.env' }

      at _log (node_modules/dotenv/lib/main.js:131:11)

    console.log
      [Jest Setup] SUPABASE_SERVICE_ROLE_KEY loaded: sb_secret_Dm... (41 chars)

      at Object.log (jest.setup.ts:10:9)

    console.log
      Γ£à Commission calculation {
        packageRevenue: 5000000,
        commissionPerSession: 200000,
        completedSessions: 30,
        calculatedCommission: 6000000,
        cappedCommission: 5000000
      }

      at Object.log (src/__tests__/e2e-negative-over-commission.test.ts:47:13)

    console.log
      Γ£à Commission capped to prevent loss { commission: 5000000, revenue: 5000000, prevented_loss: 1000000 }

      at Object.log (src/__tests__/e2e-negative-over-commission.test.ts:67:13)

    console.log
      
      ≡ƒÄë E2E OVER-COMMISSION TEST: PASSED

      at Object.log (src/__tests__/e2e-negative-over-commission.test.ts:73:13)

PASS src/__tests__/cash-flow.test.ts
  ΓùÅ Console

    console.log
      Γùç injected env (9) from .env.local // tip: Γùê secrets for agents [www.dotenvx.com]

      at _log (node_modules/dotenv/lib/main.js:131:11)

    console.log
      [Jest Setup] SUPABASE_SERVICE_ROLE_KEY loaded: sb_secret_Dm... (41 chars)

      at Object.log (jest.setup.ts:10:9)

PASS src/services/intelligence/executive/__tests__/integration.test.ts (5.807 s)
  ΓùÅ Console

    console.log
      Γùç injected env (9) from .env.local // tip: Γùê secrets for agents [www.dotenvx.com]

      at _log (node_modules/dotenv/lib/main.js:131:11)

    console.log
      [Jest Setup] SUPABASE_SERVICE_ROLE_KEY loaded: sb_secret_Dm... (41 chars)

      at Object.log (jest.setup.ts:10:9)

    console.log
      [Intelligence] Revenue query - Tenant: 00000000-0000-0000-0000-000000000000, Range: 2026-06-13 ΓåÆ 2026-07-14

      at log (src/services/intelligence/executive/queries.ts:149:13)

    console.log
      [Intelligence] Found 0 revenue records

      at log (src/services/intelligence/executive/queries.ts:163:13)

    console.log
      [Intelligence] Confirmed: 0 records

      at log (src/services/intelligence/executive/queries.ts:170:13)

    console.log
      [Intelligence] Total revenue: 0

      at log (src/services/intelligence/executive/queries.ts:175:13)

    console.log
        ΓÅ▒∩╕Å  Fresh query time: 286.78ms

      at Object.log (src/services/intelligence/executive/__tests__/integration.test.ts:100:15)

    console.info
      [ExecutiveIntelligence] Cache cleared successfully

      at ExecutiveIntelligenceService.info [as clearCache] (src/services/intelligence/executive/service.ts:397:15)

    console.log
      [Intelligence] Revenue query - Tenant: 00000000-0000-0000-0000-000000000000, Range: 2026-06-13 ΓåÆ 2026-07-14

      at log (src/services/intelligence/executive/queries.ts:149:13)

    console.log
      [Intelligence] Found 0 revenue records

      at log (src/services/intelligence/executive/queries.ts:163:13)

    console.log
      [Intelligence] Confirmed: 0 records

      at log (src/services/intelligence/executive/queries.ts:170:13)

    console.log
      [Intelligence] Total revenue: 0

      at log (src/services/intelligence/executive/queries.ts:175:13)

    console.log
        ΓÜí Cached query time: 0.05ms

      at Object.log (src/services/intelligence/executive/__tests__/integration.test.ts:121:15)

    console.info
      [ExecutiveIntelligence] Cache cleared successfully

      at ExecutiveIntelligenceService.info [as clearCache] (src/services/intelligence/executive/service.ts:397:15)

    console.log
      [Intelligence] Revenue query - Tenant: 00000000-0000-0000-0000-000000000000, Range: 2026-06-01 ΓåÆ 2026-06-15

      at log (src/services/intelligence/executive/queries.ts:149:13)

    console.log
      [Intelligence] Found 0 revenue records

      at log (src/services/intelligence/executive/queries.ts:163:13)

    console.log
      [Intelligence] Confirmed: 0 records

      at log (src/services/intelligence/executive/queries.ts:170:13)

    console.log
      [Intelligence] Total revenue: 0

      at log (src/services/intelligence/executive/queries.ts:175:13)

    console.info
      [ExecutiveIntelligence] Cache cleared successfully

      at ExecutiveIntelligenceService.info [as clearCache] (src/services/intelligence/executive/service.ts:397:15)

    console.log
      [Intelligence] Revenue query - Tenant: 00000000-0000-0000-0000-000000000000, Range: 2026-06-13 ΓåÆ 2026-07-14

      at log (src/services/intelligence/executive/queries.ts:149:13)

    console.log
      [Intelligence] Found 0 revenue records

      at log (src/services/intelligence/executive/queries.ts:163:13)

    console.log
      [Intelligence] Confirmed: 0 records

      at log (src/services/intelligence/executive/queries.ts:170:13)

    console.log
      [Intelligence] Total revenue: 0

      at log (src/services/intelligence/executive/queries.ts:175:13)

    console.info
      [ExecutiveIntelligence] Cache cleared successfully

      at ExecutiveIntelligenceService.info [as clearCache] (src/services/intelligence/executive/service.ts:397:15)

    console.log
      [Intelligence] Revenue query - Tenant: 00000000-0000-0000-0000-000000000000, Range: 2026-06-13 ΓåÆ 2026-07-14

      at log (src/services/intelligence/executive/queries.ts:149:13)

    console.log
      [Intelligence] Found 0 revenue records

      at log (src/services/intelligence/executive/queries.ts:163:13)

    console.log
      [Intelligence] Confirmed: 0 records

      at log (src/services/intelligence/executive/queries.ts:170:13)

    console.log
      [Intelligence] Total revenue: 0

      at log (src/services/intelligence/executive/queries.ts:175:13)

    console.info
      [ExecutiveIntelligence] Cache cleared successfully

      at ExecutiveIntelligenceService.info [as clearCache] (src/services/intelligence/executive/service.ts:397:15)

    console.log
      [Intelligence] Revenue query - Tenant: 00000000-0000-0000-0000-000000000000, Range: 2026-06-13 ΓåÆ 2026-07-14

      at log (src/services/intelligence/executive/queries.ts:149:13)

    console.log
      [Intelligence] Found 0 revenue records

      at log (src/services/intelligence/executive/queries.ts:163:13)

    console.log
      [Intelligence] Confirmed: 0 records

      at log (src/services/intelligence/executive/queries.ts:170:13)

    console.log
      [Intelligence] Total revenue: 0

      at log (src/services/intelligence/executive/queries.ts:175:13)

    console.log
      [Intelligence] Revenue query - Tenant: 00000000-0000-0000-0000-000000000000, Range: 2026-06-13 ΓåÆ 2026-07-14

      at log (src/services/intelligence/executive/queries.ts:149:13)

    console.log
      [Intelligence] Found 0 revenue records

      at log (src/services/intelligence/executive/queries.ts:163:13)

    console.log
      [Intelligence] Confirmed: 0 records

      at log (src/services/intelligence/executive/queries.ts:170:13)

    console.log
      [Intelligence] Total revenue: 0

      at log (src/services/intelligence/executive/queries.ts:175:13)

    console.info
      [ExecutiveIntelligence] Cache cleared successfully

      at ExecutiveIntelligenceService.info [as clearCache] (src/services/intelligence/executive/service.ts:397:15)

    console.log
      [Intelligence] Revenue query - Tenant: 00000000-0000-0000-0000-000000000000, Range: 2026-07-13 ΓåÆ 2026-07-14

      at log (src/services/intelligence/executive/queries.ts:149:13)

    console.log
      [Intelligence] Found 0 revenue records

      at log (src/services/intelligence/executive/queries.ts:163:13)

    console.log
      [Intelligence] Confirmed: 0 records

      at log (src/services/intelligence/executive/queries.ts:170:13)

    console.log
      [Intelligence] Total revenue: 0

      at log (src/services/intelligence/executive/queries.ts:175:13)

    console.info
      [ExecutiveIntelligence] Cache cleared successfully

      at ExecutiveIntelligenceService.info [as clearCache] (src/services/intelligence/executive/service.ts:397:15)

    console.log
      [Intelligence] Revenue query - Tenant: 00000000-0000-0000-0000-000000000000, Range: 2026-07-06 ΓåÆ 2026-07-14

      at log (src/services/intelligence/executive/queries.ts:149:13)

    console.log
      [Intelligence] Found 0 revenue records

      at log (src/services/intelligence/executive/queries.ts:163:13)

    console.log
      [Intelligence] Confirmed: 0 records

      at log (src/services/intelligence/executive/queries.ts:170:13)

    console.log
      [Intelligence] Total revenue: 0

      at log (src/services/intelligence/executive/queries.ts:175:13)

    console.info
      [ExecutiveIntelligence] Cache cleared successfully

      at ExecutiveIntelligenceService.info [as clearCache] (src/services/intelligence/executive/service.ts:397:15)

    console.log
      [Intelligence] Revenue query - Tenant: 00000000-0000-0000-0000-000000000000, Range: 2026-06-13 ΓåÆ 2026-07-14

      at log (src/services/intelligence/executive/queries.ts:149:13)

    console.log
      [Intelligence] Found 0 revenue records

      at log (src/services/intelligence/executive/queries.ts:163:13)

    console.log
      [Intelligence] Confirmed: 0 records

      at log (src/services/intelligence/executive/queries.ts:170:13)

    console.log
      [Intelligence] Total revenue: 0

      at log (src/services/intelligence/executive/queries.ts:175:13)

    console.info
      [ExecutiveIntelligence] Cache cleared successfully

      at ExecutiveIntelligenceService.info [as clearCache] (src/services/intelligence/executive/service.ts:397:15)

    console.log
      [Intelligence] Revenue query - Tenant: 00000000-0000-0000-0000-000000000000, Range: 2026-04-13 ΓåÆ 2026-07-14

      at log (src/services/intelligence/executive/queries.ts:149:13)

    console.log
      [Intelligence] Found 0 revenue records

      at log (src/services/intelligence/executive/queries.ts:163:13)

    console.log
      [Intelligence] Confirmed: 0 records

      at log (src/services/intelligence/executive/queries.ts:170:13)

    console.log
      [Intelligence] Total revenue: 0

      at log (src/services/intelligence/executive/queries.ts:175:13)

    console.info
      [ExecutiveIntelligence] Cache cleared successfully

      at ExecutiveIntelligenceService.info [as clearCache] (src/services/intelligence/executive/service.ts:397:15)

    console.log
      [Intelligence] Revenue query - Tenant: 00000000-0000-0000-0000-000000000000, Range: 2025-07-13 ΓåÆ 2026-07-14

      at log (src/services/intelligence/executive/queries.ts:149:13)

    console.log
      [Intelligence] Found 0 revenue records

      at log (src/services/intelligence/executive/queries.ts:163:13)

    console.log
      [Intelligence] Confirmed: 0 records

      at log (src/services/intelligence/executive/queries.ts:170:13)

    console.log
      [Intelligence] Total revenue: 0

      at log (src/services/intelligence/executive/queries.ts:175:13)

    console.info
      [ExecutiveIntelligence] Cache cleared successfully

      at ExecutiveIntelligenceService.info [as clearCache] (src/services/intelligence/executive/service.ts:397:15)

    console.log
      [Intelligence] Revenue query - Tenant: 00000000-0000-0000-0000-000000000000, Range: 2026-07-13 ΓåÆ 2026-07-14

      at log (src/services/intelligence/executive/queries.ts:149:13)

    console.log
      [Intelligence] Found 0 revenue records

      at log (src/services/intelligence/executive/queries.ts:163:13)

    console.log
      [Intelligence] Confirmed: 0 records

      at log (src/services/intelligence/executive/queries.ts:170:13)

    console.log
      [Intelligence] Total revenue: 0

      at log (src/services/intelligence/executive/queries.ts:175:13)

    console.log
      [Intelligence] Revenue query - Tenant: 00000000-0000-0000-0000-000000000000, Range: 2026-07-06 ΓåÆ 2026-07-14

      at log (src/services/intelligence/executive/queries.ts:149:13)

    console.log
      [Intelligence] Found 0 revenue records

      at log (src/services/intelligence/executive/queries.ts:163:13)

    console.log
      [Intelligence] Confirmed: 0 records

      at log (src/services/intelligence/executive/queries.ts:170:13)

    console.log
      [Intelligence] Total revenue: 0

      at log (src/services/intelligence/executive/queries.ts:175:13)

    console.log
      [Intelligence] Revenue query - Tenant: 00000000-0000-0000-0000-000000000000, Range: 2026-06-13 ΓåÆ 2026-07-14

      at log (src/services/intelligence/executive/queries.ts:149:13)

    console.log
      [Intelligence] Found 0 revenue records

      at log (src/services/intelligence/executive/queries.ts:163:13)

    console.log
      [Intelligence] Confirmed: 0 records

      at log (src/services/intelligence/executive/queries.ts:170:13)

    console.log
      [Intelligence] Total revenue: 0

      at log (src/services/intelligence/executive/queries.ts:175:13)

    console.info
      [ExecutiveIntelligence] Cache cleared successfully

      at ExecutiveIntelligenceService.info [as clearCache] (src/services/intelligence/executive/service.ts:397:15)

    console.log
      [Intelligence] Revenue query - Tenant: 00000000-0000-0000-0000-000000000000, Range: 2026-06-13 ΓåÆ 2026-07-14

      at log (src/services/intelligence/executive/queries.ts:149:13)
          at async Promise.all (index 0)

    console.log
      [Intelligence] Found 0 revenue records

      at log (src/services/intelligence/executive/queries.ts:163:13)
          at async Promise.all (index 0)

    console.log
      [Intelligence] Confirmed: 0 records

      at log (src/services/intelligence/executive/queries.ts:170:13)
          at async Promise.all (index 0)

    console.log
      [Intelligence] Total revenue: 0

      at log (src/services/intelligence/executive/queries.ts:175:13)
          at async Promise.all (index 0)

    console.log
        ≡ƒôè Total dashboard load time: 476.01ms

      at Object.log (src/services/intelligence/executive/__tests__/integration.test.ts:287:15)

    console.info
      [ExecutiveIntelligence] Cache cleared successfully

      at ExecutiveIntelligenceService.info [as clearCache] (src/services/intelligence/executive/service.ts:397:15)

    console.log
      [Intelligence] Revenue query - Tenant: 00000000-0000-0000-0000-000000000000, Range: 2026-06-13 ΓåÆ 2026-07-14

      at log (src/services/intelligence/executive/queries.ts:149:13)
          at async Promise.all (index 0)

    console.log
      [Intelligence] Found 0 revenue records

      at log (src/services/intelligence/executive/queries.ts:163:13)
          at async Promise.all (index 0)

    console.log
      [Intelligence] Confirmed: 0 records

      at log (src/services/intelligence/executive/queries.ts:170:13)
          at async Promise.all (index 0)

    console.log
      [Intelligence] Total revenue: 0

      at log (src/services/intelligence/executive/queries.ts:175:13)
          at async Promise.all (index 0)

    console.log
        ΓÜí Cached dashboard load time: 0.14ms

      at Object.log (src/services/intelligence/executive/__tests__/integration.test.ts:334:15)

    console.info
      [ExecutiveIntelligence] Cache cleared successfully

      at ExecutiveIntelligenceService.info [as clearCache] (src/services/intelligence/executive/service.ts:397:15)

    console.info
      [ExecutiveIntelligence] Cache cleared successfully

      at ExecutiveIntelligenceService.info [as clearCache] (src/services/intelligence/executive/service.ts:397:15)

    console.log
      [Intelligence] Revenue query - Tenant: 00000000-0000-0000-0000-000000000000, Range: 2026-06-13 ΓåÆ 2026-07-14

      at log (src/services/intelligence/executive/queries.ts:149:13)

    console.log
      [Intelligence] Found 0 revenue records

      at log (src/services/intelligence/executive/queries.ts:163:13)

    console.log
      [Intelligence] Confirmed: 0 records

      at log (src/services/intelligence/executive/queries.ts:170:13)

    console.log
      [Intelligence] Total revenue: 0

      at log (src/services/intelligence/executive/queries.ts:175:13)

    console.info
      [ExecutiveIntelligence] Cache cleared successfully

      at ExecutiveIntelligenceService.info [as clearCache] (src/services/intelligence/executive/service.ts:397:15)

    console.log
      [Intelligence] Revenue query - Tenant: 00000000-0000-0000-0000-000000000000, Range: 2026-06-13 ΓåÆ 2026-07-14

      at log (src/services/intelligence/executive/queries.ts:149:13)

    console.log
      [Intelligence] Found 0 revenue records

      at log (src/services/intelligence/executive/queries.ts:163:13)

    console.log
      [Intelligence] Confirmed: 0 records

      at log (src/services/intelligence/executive/queries.ts:170:13)

    console.log
      [Intelligence] Total revenue: 0

      at log (src/services/intelligence/executive/queries.ts:175:13)

    console.info
      [ExecutiveIntelligence] Cache cleared successfully

      at ExecutiveIntelligenceService.info [as clearCache] (src/services/intelligence/executive/service.ts:397:15)

    console.log
      [Intelligence] Revenue query - Tenant: 00000000-0000-0000-0000-000000000000, Range: 2026-06-13 ΓåÆ 2026-07-14

      at log (src/services/intelligence/executive/queries.ts:149:13)

    console.log
      [Intelligence] Found 0 revenue records

      at log (src/services/intelligence/executive/queries.ts:163:13)

    console.log
      [Intelligence] Confirmed: 0 records

      at log (src/services/intelligence/executive/queries.ts:170:13)

    console.log
      [Intelligence] Total revenue: 0

      at log (src/services/intelligence/executive/queries.ts:175:13)

    console.info
      [ExecutiveIntelligence] Cache cleared successfully

      at ExecutiveIntelligenceService.info [as clearCache] (src/services/intelligence/executive/service.ts:397:15)

    console.log
      [Intelligence] Revenue query - Tenant: 00000000-0000-0000-0000-000000000000, Range: 2026-06-13 ΓåÆ 2026-07-14

      at log (src/services/intelligence/executive/queries.ts:149:13)

    console.log
      [Intelligence] Found 0 revenue records

      at log (src/services/intelligence/executive/queries.ts:163:13)

    console.log
      [Intelligence] Confirmed: 0 records

      at log (src/services/intelligence/executive/queries.ts:170:13)

    console.log
      [Intelligence] Total revenue: 0

      at log (src/services/intelligence/executive/queries.ts:175:13)

    console.info
      [ExecutiveIntelligence] Cache cleared successfully

      at ExecutiveIntelligenceService.info [as clearCache] (src/services/intelligence/executive/service.ts:397:15)

    console.log
      [Intelligence] Revenue query - Tenant: 00000000-0000-0000-0000-000000000000, Range: 2026-06-13 ΓåÆ 2026-07-14

      at log (src/services/intelligence/executive/queries.ts:149:13)

    console.log
      [Intelligence] Found 0 revenue records

      at log (src/services/intelligence/executive/queries.ts:163:13)

    console.log
      [Intelligence] Confirmed: 0 records

      at log (src/services/intelligence/executive/queries.ts:170:13)

    console.log
      [Intelligence] Total revenue: 0

      at log (src/services/intelligence/executive/queries.ts:175:13)

    console.log
      
        ≡ƒôê Performance Benchmark Results:

      at Object.log (src/services/intelligence/executive/__tests__/integration.test.ts:373:15)

    console.log
           Fresh Query Avg:  197.83ms

      at Object.log (src/services/intelligence/executive/__tests__/integration.test.ts:374:15)

    console.log
           Cached Query Avg: 0.06ms

      at Object.log (src/services/intelligence/executive/__tests__/integration.test.ts:375:15)

    console.log
           Speedup:          3480.43x faster

      at Object.log (src/services/intelligence/executive/__tests__/integration.test.ts:376:15)

    console.info
      [ExecutiveIntelligence] Cache cleared successfully

      at ExecutiveIntelligenceService.info [as clearCache] (src/services/intelligence/executive/service.ts:397:15)

    console.info
      [ExecutiveIntelligence] Cache cleared successfully

      at ExecutiveIntelligenceService.info [as clearCache] (src/services/intelligence/executive/service.ts:397:15)

    console.log
      [Intelligence] Revenue query - Tenant: 00000000-0000-0000-0000-000000000000, Range: 2026-06-13 ΓåÆ 2026-07-14

      at log (src/services/intelligence/executive/queries.ts:149:13)

    console.log
      [Intelligence] Found 0 revenue records

      at log (src/services/intelligence/executive/queries.ts:163:13)

    console.log
      [Intelligence] Confirmed: 0 records

      at log (src/services/intelligence/executive/queries.ts:170:13)

    console.log
      [Intelligence] Total revenue: 0

      at log (src/services/intelligence/executive/queries.ts:175:13)

    console.log
      
        ≡ƒôè Cache Hit Rate: 95.0% (19/20)

      at Object.log (src/services/intelligence/executive/__tests__/integration.test.ts:402:15)

    console.info
      [ExecutiveIntelligence] Cache cleared successfully

      at ExecutiveIntelligenceService.info [as clearCache] (src/services/intelligence/executive/service.ts:397:15)

    console.info
      [ExecutiveIntelligence] Cache cleared successfully

      at ExecutiveIntelligenceService.info [as clearCache] (src/services/intelligence/executive/service.ts:397:15)

    console.info
      [ExecutiveIntelligence] Cache cleared successfully

      at ExecutiveIntelligenceService.info [as clearCache] (src/services/intelligence/executive/service.ts:397:15)

    console.log
      [Intelligence] Revenue query - Tenant: invalid-uuid, Range: 2026-06-13 ΓåÆ 2026-07-14

      at log (src/services/intelligence/executive/queries.ts:149:13)

    console.info
      [ExecutiveIntelligence] Cache cleared successfully

      at ExecutiveIntelligenceService.info [as clearCache] (src/services/intelligence/executive/service.ts:397:15)

    console.info
      [ExecutiveIntelligence] Cache cleared successfully

      at ExecutiveIntelligenceService.info [as clearCache] (src/services/intelligence/executive/service.ts:397:15)

PASS src/__tests__/create-booking-payment-status.test.ts
  ΓùÅ Console

    console.log
      Γùç injected env (9) from .env.local // tip: Γîÿ override existing { override: true }

      at _log (node_modules/dotenv/lib/main.js:131:11)

    console.log
      [Jest Setup] SUPABASE_SERVICE_ROLE_KEY loaded: sb_secret_Dm... (41 chars)

      at Object.log (jest.setup.ts:10:9)

    console.log
      [createServerClient] Test environment detected - using service role client

      at log (src/lib/supabase-server.ts:23:13)

    console.log
      [buildBookingPayload] Discount: client=25%, server=0% (enforced)

      at log (src/core/services/order/create-booking-helpers.ts:301:13)

    console.log
      [createServerClient] Test environment detected - using service role client

      at log (src/lib/supabase-server.ts:23:13)

    console.log
      [buildBookingPayload] Discount: client=25%, server=0% (enforced)

      at log (src/core/services/order/create-booking-helpers.ts:301:13)

PASS src/__tests__/accounting-outbox-replay-safety.test.ts
  ΓùÅ Console

    console.log
      Γùç injected env (9) from .env.local // tip: Γîÿ enable debugging { debug: true }

      at _log (node_modules/dotenv/lib/main.js:131:11)

    console.log
      [Jest Setup] SUPABASE_SERVICE_ROLE_KEY loaded: sb_secret_Dm... (41 chars)

      at Object.log (jest.setup.ts:10:9)

PASS src/__tests__/sandbox.middleware.test.ts
  ΓùÅ Console

    console.log
      Γùç injected env (9) from .env.local // tip: Γîÿ enable debugging { debug: true }

      at _log (node_modules/dotenv/lib/main.js:131:11)

    console.log
      [Jest Setup] SUPABASE_SERVICE_ROLE_KEY loaded: sb_secret_Dm... (41 chars)

      at Object.log (jest.setup.ts:10:9)

    console.log
      ≡ƒº¬ Sandbox request: {
        partner_id: undefined,
        partner_name: undefined,
        tenant_id: 'tenant-123',
        schema: 'sandbox',
        method: 'GET',
        url: 'https://api.bella.vn/v1/orders'
      }

      at log (src/lib/middleware/sandbox.middleware.ts:129:13)

    console.log
      ≡ƒº¬ Sandbox request: {
        partner_id: undefined,
        partner_name: undefined,
        tenant_id: undefined,
        schema: 'sandbox',
        method: 'GET',
        url: 'https://api.bella.vn/v1/orders'
      }

      at log (src/lib/middleware/sandbox.middleware.ts:129:13)

    console.log
      ≡ƒº¬ Sandbox request: {
        partner_id: undefined,
        partner_name: undefined,
        tenant_id: 'tenant-456',
        schema: 'sandbox',
        method: 'GET',
        url: 'https://api.bella.vn/v1/orders'
      }

      at log (src/lib/middleware/sandbox.middleware.ts:129:13)

PASS src/__tests__/online-booking-package-scope.test.ts
  ΓùÅ Console

    console.log
      Γùç injected env (9) from .env.local // tip: Γîÿ override existing { override: true }

      at _log (node_modules/dotenv/lib/main.js:131:11)

    console.log
      [Jest Setup] SUPABASE_SERVICE_ROLE_KEY loaded: sb_secret_Dm... (41 chars)

      at Object.log (jest.setup.ts:10:9)

PASS src/__tests__/gps-geocode-attendance.test.ts
  ΓùÅ Console

    console.log
      Γùç injected env (9) from .env.local // tip: Γîÿ override existing { override: true }

      at _log (node_modules/dotenv/lib/main.js:131:11)

    console.log
      [Jest Setup] SUPABASE_SERVICE_ROLE_KEY loaded: sb_secret_Dm... (41 chars)

      at Object.log (jest.setup.ts:10:9)

    console.log
      [startSession] Automatically assigned coordinates (10.5, 106.5) for customer cust-123 based on first KTV check-in.

      at log (src/services/ktv-actions.ts:516:17)

PASS src/__tests__/payment-webhook.test.ts
  ΓùÅ Console

    console.log
      Γùç injected env (9) from .env.local // tip: Γîÿ override existing { override: true }

      at _log (node_modules/dotenv/lib/main.js:131:11)

    console.log
      [Jest Setup] SUPABASE_SERVICE_ROLE_KEY loaded: sb_secret_Dm... (41 chars)

      at Object.log (jest.setup.ts:10:9)

    console.log
      [Payment Webhook] Received request at: 2026-07-14T13:00:44.904Z

      at log (src/app/api/webhooks/payment/route.ts:320:11)

    console.log
      [Payment Webhook] Request body: {"transferAmount":1000000,"content":"BELLA BK-100","code":"TX123","transactionDate":"2026-06-03T09:00:00.000Z"}

      at log (src/app/api/webhooks/payment/route.ts:346:13)

    console.log
      [Payment Webhook] Extracted transactions count: 1

      at log (src/app/api/webhooks/payment/route.ts:349:13)

    console.log
      [Payment Webhook] Processing Transaction ID: TX123, Amount: 1000000, Desc: "BELLA BK-100"

      at log (src/app/api/webhooks/payment/route.ts:367:15)

    console.log
      [Payment Webhook] Match found! Booking Number: "BK-100"

      at log (src/app/api/webhooks/payment/route.ts:410:15)

    console.log
      [Payment Webhook] Updated Booking status from "deposit_pending" to "booked"

      at log (src/app/api/webhooks/payment/route.ts:508:17)

    console.log
      [Payment Webhook] Successfully inserted revenue ID: revenue-1

      at log (src/app/api/webhooks/payment/route.ts:581:15)

    console.log
      [Payment Webhook] Received request at: 2026-07-14T13:00:44.926Z

      at log (src/app/api/webhooks/payment/route.ts:320:11)

    console.log
      [Payment Webhook] Request body: {"transferAmount":1000000,"content":"BELLA BK-100","code":"TX123","transactionDate":"2026-06-03T09:00:00.000Z"}

      at log (src/app/api/webhooks/payment/route.ts:346:13)

    console.log
      [Payment Webhook] Extracted transactions count: 1

      at log (src/app/api/webhooks/payment/route.ts:349:13)

    console.log
      [Payment Webhook] Processing Transaction ID: TX123, Amount: 1000000, Desc: "BELLA BK-100"

      at log (src/app/api/webhooks/payment/route.ts:367:15)

    console.log
      [Payment Webhook] Match found! Booking Number: "BK-100"

      at log (src/app/api/webhooks/payment/route.ts:410:15)

    console.log
      [Payment Webhook] Skip Transaction TX123: Transaction already processed (Revenue ID: revenue-existing)

      at log (src/app/api/webhooks/payment/route.ts:447:17)

    console.log
      [Payment Webhook] Received request at: 2026-07-14T13:00:44.931Z

      at log (src/app/api/webhooks/payment/route.ts:320:11)

    console.log
      [Payment Webhook] Request body: {"transferAmount":1000000,"content":"BELLA BK-100","code":"TX123","transactionDate":"2026-06-03T09:00:00.000Z"}

      at log (src/app/api/webhooks/payment/route.ts:346:13)

    console.log
      [Payment Webhook] Extracted transactions count: 1

      at log (src/app/api/webhooks/payment/route.ts:349:13)

    console.log
      [Payment Webhook] Processing Transaction ID: TX123, Amount: 1000000, Desc: "BELLA BK-100"

      at log (src/app/api/webhooks/payment/route.ts:367:15)

    console.log
      [Payment Webhook] Match found! Booking Number: "BK-100"

      at log (src/app/api/webhooks/payment/route.ts:410:15)

    console.error
      [Payment Webhook] Failed to ensure side effects for existing revenue "revenue-existing": Failed to enqueue accounting outbox

      440 |         const ensureErr = await ensureWebhookRevenueSideEffects(supabase, booking, existingRevenue, tx);
      441 |         if (ensureErr) {
    > 442 |           console.error('[Payment Webhook] Failed to ensure side effects for existing revenue "%s":', existingRevenue.id, ensureErr);
          |                   ^
      443 |           results.push({ transactionId, bookingNumber, status: "failed", revenueId: existingRevenue.id, reason: ensureErr });
      444 |           continue;
      445 |         }

      at error (src/app/api/webhooks/payment/route.ts:442:19)
      at Object.<anonymous> (src/__tests__/payment-webhook.test.ts:258:22)

    console.log
      [Payment Webhook] Received request at: 2026-07-14T13:00:44.937Z

      at log (src/app/api/webhooks/payment/route.ts:320:11)

    console.log
      [Payment Webhook] Request body: {"transferAmount":1000000,"content":"BELLA BK-100","code":"TX123","transactionDate":"2026-06-03T09:00:00.000Z"}

      at log (src/app/api/webhooks/payment/route.ts:346:13)

    console.log
      [Payment Webhook] Extracted transactions count: 1

      at log (src/app/api/webhooks/payment/route.ts:349:13)

    console.log
      [Payment Webhook] Processing Transaction ID: TX123, Amount: 1000000, Desc: "BELLA BK-100"

      at log (src/app/api/webhooks/payment/route.ts:367:15)

    console.log
      [Payment Webhook] Match found! Booking Number: "BK-100"

      at log (src/app/api/webhooks/payment/route.ts:410:15)

    console.log
      [Payment Webhook] Updated Booking status from "deposit_pending" to "booked"

      at log (src/app/api/webhooks/payment/route.ts:508:17)

    console.log
      [Payment Webhook] Received request at: 2026-07-14T13:00:44.941Z

      at log (src/app/api/webhooks/payment/route.ts:320:11)

    console.log
      [Payment Webhook] Request body: {"transferAmount":1000000,"content":"BELLA BK-100","code":"TX123","transactionDate":"2026-06-03T09:00:00.000Z"}

      at log (src/app/api/webhooks/payment/route.ts:346:13)

    console.log
      [Payment Webhook] Extracted transactions count: 1

      at log (src/app/api/webhooks/payment/route.ts:349:13)

    console.log
      [Payment Webhook] Processing Transaction ID: TX123, Amount: 1000000, Desc: "BELLA BK-100"

      at log (src/app/api/webhooks/payment/route.ts:367:15)

    console.log
      [Payment Webhook] Match found! Booking Number: "BK-100"

      at log (src/app/api/webhooks/payment/route.ts:410:15)

    console.log
      [Payment Webhook] Updated Booking status from "deposit_pending" to "booked"

      at log (src/app/api/webhooks/payment/route.ts:508:17)

    console.log
      [Payment Webhook] Successfully inserted revenue ID: revenue-1

      at log (src/app/api/webhooks/payment/route.ts:581:15)

    console.error
      [Payment Webhook] Failed to ensure revenue side effects for "revenue-1": Failed to insert audit log: audit insert failed

      600 |       const ensureErr = await ensureWebhookRevenueSideEffects(supabase, booking, newRevenue, tx);
      601 |       if (ensureErr) {
    > 602 |         console.error('[Payment Webhook] Failed to ensure revenue side effects for "%s":', newRevenue.id, ensureErr);
          |                 ^
      603 |         await rollbackWebhookRevenue(ensureErr);
      604 |         continue;
      605 |       }

      at error (src/app/api/webhooks/payment/route.ts:602:17)
      at Object.<anonymous> (src/__tests__/payment-webhook.test.ts:353:22)

    console.log
      [Payment Webhook] Received request at: 2026-07-14T13:00:44.947Z

      at log (src/app/api/webhooks/payment/route.ts:320:11)

    console.log
      [Payment Webhook] Request body: {"transferAmount":1000000,"content":"BELLA BK-100","code":"TX123","transactionDate":"2026-06-03T09:00:00.000Z"}

      at log (src/app/api/webhooks/payment/route.ts:346:13)

    console.log
      [Payment Webhook] Extracted transactions count: 1

      at log (src/app/api/webhooks/payment/route.ts:349:13)

    console.log
      [Payment Webhook] Processing Transaction ID: TX123, Amount: 1000000, Desc: "BELLA BK-100"

      at log (src/app/api/webhooks/payment/route.ts:367:15)

    console.log
      [Payment Webhook] Match found! Booking Number: "BK-100"

      at log (src/app/api/webhooks/payment/route.ts:410:15)

    console.log
      [Payment Webhook] Updated Booking status from "deposit_pending" to "booked"

      at log (src/app/api/webhooks/payment/route.ts:508:17)

    console.log
      [Payment Webhook] Successfully inserted revenue ID: revenue-1

      at log (src/app/api/webhooks/payment/route.ts:581:15)

    console.error
      [Payment Webhook] Failed to ensure revenue side effects for "revenue-1": Failed to enqueue accounting outbox

      600 |       const ensureErr = await ensureWebhookRevenueSideEffects(supabase, booking, newRevenue, tx);
      601 |       if (ensureErr) {
    > 602 |         console.error('[Payment Webhook] Failed to ensure revenue side effects for "%s":', newRevenue.id, ensureErr);
          |                 ^
      603 |         await rollbackWebhookRevenue(ensureErr);
      604 |         continue;
      605 |       }

      at error (src/app/api/webhooks/payment/route.ts:602:17)
      at Object.<anonymous> (src/__tests__/payment-webhook.test.ts:410:22)

PASS src/__tests__/subscription.test.ts
  ΓùÅ Console

    console.log
      Γùç injected env (9) from .env.local // tip: Γîÿ suppress logs { quiet: true }

      at _log (node_modules/dotenv/lib/main.js:131:11)

    console.log
      [Jest Setup] SUPABASE_SERVICE_ROLE_KEY loaded: sb_secret_Dm... (41 chars)

      at Object.log (jest.setup.ts:10:9)

    console.warn
      [checkSubscriptionLimit] Tenant tenant-1 subscription expired on 2026-07-14T12:59:04.800Z

      131 |
      132 |   if (isSubscriptionExpired(tenant.subscription_expires_at)) {
    > 133 |     console.warn(`[checkSubscriptionLimit] Tenant ${tenantId} subscription expired on ${tenant.subscription_expires_at}`);
          |             ^
      134 |     const limits = buildQuotaSnapshot(tierName, 0, 0, 0);
      135 |     return { isBlocked: true, current: 0, max: 0, tier, isExpired: true, limits };
      136 |   }

      at warn (src/lib/subscription.ts:133:13)
      at Object.<anonymous> (src/__tests__/subscription.test.ts:235:19)

    console.log
      [Payment Webhook] Received request at: 2026-07-14T13:00:44.873Z

      at log (src/app/api/webhooks/payment/route.ts:320:11)

    console.warn
      [Payment Webhook] Unauthorized request.

      339 |
      340 |     if (!secureCompare(secret, providedSecret)) {
    > 341 |       console.warn("[Payment Webhook] Unauthorized request.");
          |               ^
      342 |       return NextResponse.json({ error: "Unauthorized" }, { status: 401 });
      343 |     }
      344 |

      at warn (src/app/api/webhooks/payment/route.ts:341:15)
      at Object.POST (src/__tests__/subscription.test.ts:648:30)

    console.log
      [Payment Webhook] Received request at: 2026-07-14T13:00:44.882Z

      at log (src/app/api/webhooks/payment/route.ts:320:11)

    console.log
      [Payment Webhook] Request body: {"transferAmount":200000,"content":"SUB INV-1002","code":"TX-MISSING-ENV"}

      at log (src/app/api/webhooks/payment/route.ts:346:13)

    console.log
      [Payment Webhook] Extracted transactions count: 1

      at log (src/app/api/webhooks/payment/route.ts:349:13)

    console.log
      [Payment Webhook] Processing Transaction ID: TX-MISSING-ENV, Amount: 200000, Desc: "SUB INV-1002"

      at log (src/app/api/webhooks/payment/route.ts:367:15)

    console.log
      [Payment Webhook] Match found! Subscription Invoice Number: "INV-1002"

      at log (src/app/api/webhooks/payment/route.ts:380:17)

    console.log
      [Payment Webhook] Successfully renewed subscription for invoice: INV-1002

      at log (src/app/api/webhooks/payment/route.ts:394:17)

    console.log
      [Payment Webhook] Received request at: 2026-07-14T13:00:44.890Z

      at log (src/app/api/webhooks/payment/route.ts:320:11)

    console.log
      [Payment Webhook] Request body: {"transferAmount":500000,"content":"SUB INV-9988","code":"TX12345","transactionDate":"2026-05-21 12:00:00"}

      at log (src/app/api/webhooks/payment/route.ts:346:13)

    console.log
      [Payment Webhook] Extracted transactions count: 1

      at log (src/app/api/webhooks/payment/route.ts:349:13)

    console.log
      [Payment Webhook] Processing Transaction ID: TX12345, Amount: 500000, Desc: "SUB INV-9988"

      at log (src/app/api/webhooks/payment/route.ts:367:15)

    console.log
      [Payment Webhook] Match found! Subscription Invoice Number: "INV-9988"

      at log (src/app/api/webhooks/payment/route.ts:380:17)

    console.log
      [Payment Webhook] Successfully renewed subscription for invoice: INV-9988

      at log (src/app/api/webhooks/payment/route.ts:394:17)

    console.log
      [Payment Webhook] Received request at: 2026-07-14T13:00:44.895Z

      at log (src/app/api/webhooks/payment/route.ts:320:11)

    console.log
      [Payment Webhook] Request body: {"transferAmount":300000,"content":"thanh toan gia han SUB-INV-12345 qua VietQR","code":"TX67890"}

      at log (src/app/api/webhooks/payment/route.ts:346:13)

    console.log
      [Payment Webhook] Extracted transactions count: 1

      at log (src/app/api/webhooks/payment/route.ts:349:13)

    console.log
      [Payment Webhook] Processing Transaction ID: TX67890, Amount: 300000, Desc: "thanh toan gia han SUB-INV-12345 qua VietQR"

      at log (src/app/api/webhooks/payment/route.ts:367:15)

    console.log
      [Payment Webhook] Match found! Subscription Invoice Number: "INV-12345"

      at log (src/app/api/webhooks/payment/route.ts:380:17)

    console.log
      [Payment Webhook] Successfully renewed subscription for invoice: INV-12345

      at log (src/app/api/webhooks/payment/route.ts:394:17)

    console.log
      [Payment Webhook] Received request at: 2026-07-14T13:00:44.900Z

      at log (src/app/api/webhooks/payment/route.ts:320:11)

    console.log
      [Payment Webhook] Request body: {"transferAmount":1000000,"content":"BELLA BK-1001","code":"TX-BELLA-1","transactionDate":"2026-05-21T12:00:00.000Z"}

      at log (src/app/api/webhooks/payment/route.ts:346:13)

    console.log
      [Payment Webhook] Extracted transactions count: 1

      at log (src/app/api/webhooks/payment/route.ts:349:13)

    console.log
      [Payment Webhook] Processing Transaction ID: TX-BELLA-1, Amount: 1000000, Desc: "BELLA BK-1001"

      at log (src/app/api/webhooks/payment/route.ts:367:15)

    console.log
      [Payment Webhook] Match found! Booking Number: "BK-1001"

      at log (src/app/api/webhooks/payment/route.ts:410:15)

    console.log
      [Payment Webhook] Updated Booking status from "deposit_pending" to "booked"

      at log (src/app/api/webhooks/payment/route.ts:508:17)

    console.log
      [Payment Webhook] Successfully inserted revenue ID: rev-1

      at log (src/app/api/webhooks/payment/route.ts:581:15)

    console.log
      [Payment Webhook] Received request at: 2026-07-14T13:00:44.911Z

      at log (src/app/api/webhooks/payment/route.ts:320:11)

    console.log
      [Payment Webhook] Request body: {"transferAmount":1000000,"content":"BELLA BK-1001","code":"TX-DUP-LOOKUP-FAIL","transactionDate":"2026-05-21T12:00:00.000Z"}

      at log (src/app/api/webhooks/payment/route.ts:346:13)

    console.log
      [Payment Webhook] Extracted transactions count: 1

      at log (src/app/api/webhooks/payment/route.ts:349:13)

    console.log
      [Payment Webhook] Processing Transaction ID: TX-DUP-LOOKUP-FAIL, Amount: 1000000, Desc: "BELLA BK-1001"

      at log (src/app/api/webhooks/payment/route.ts:367:15)

    console.log
      [Payment Webhook] Match found! Booking Number: "BK-1001"

      at log (src/app/api/webhooks/payment/route.ts:410:15)

    console.error
      [Payment Webhook] Failed to check duplicate transaction for "BK-1001": Failed to check duplicate transaction metadata: duplicate lookup unavailable

      432 |
      433 |       if (existingRevenueErr) {
    > 434 |         console.error('[Payment Webhook] Failed to check duplicate transaction for "%s":', bookingNumber, existingRevenueErr);
          |                 ^
      435 |         results.push({ transactionId, bookingNumber, status: "failed", reason: existingRevenueErr });
      436 |         continue;
      437 |       }

      at error (src/app/api/webhooks/payment/route.ts:434:17)
      at Object.<anonymous> (src/__tests__/subscription.test.ts:880:24)

    console.log
      [Payment Webhook] Received request at: 2026-07-14T13:00:44.919Z

      at log (src/app/api/webhooks/payment/route.ts:320:11)

    console.log
      [Payment Webhook] Request body: {"transferAmount":1000000,"content":"BELLA BK-1001","code":"TX-CLOSED-PERIOD","transactionDate":"2026-05-21T12:00:00.000Z"}

      at log (src/app/api/webhooks/payment/route.ts:346:13)

    console.log
      [Payment Webhook] Extracted transactions count: 1

      at log (src/app/api/webhooks/payment/route.ts:349:13)

    console.log
      [Payment Webhook] Processing Transaction ID: TX-CLOSED-PERIOD, Amount: 1000000, Desc: "BELLA BK-1001"

      at log (src/app/api/webhooks/payment/route.ts:367:15)

    console.log
      [Payment Webhook] Match found! Booking Number: "BK-1001"

      at log (src/app/api/webhooks/payment/route.ts:410:15)

    console.log
      [Payment Webhook] Received request at: 2026-07-14T13:00:44.925Z

      at log (src/app/api/webhooks/payment/route.ts:320:11)

    console.log
      [Payment Webhook] Request body: {"transferAmount":1000000,"content":"BELLA BK-1001","code":"TX-BELLA-ROLLBACK"}

      at log (src/app/api/webhooks/payment/route.ts:346:13)

    console.log
      [Payment Webhook] Extracted transactions count: 1

      at log (src/app/api/webhooks/payment/route.ts:349:13)

    console.log
      [Payment Webhook] Processing Transaction ID: TX-BELLA-ROLLBACK, Amount: 1000000, Desc: "BELLA BK-1001"

      at log (src/app/api/webhooks/payment/route.ts:367:15)

    console.log
      [Payment Webhook] Match found! Booking Number: "BK-1001"

      at log (src/app/api/webhooks/payment/route.ts:410:15)

    console.log
      [Payment Webhook] Updated Booking status from "deposit_pending" to "booked"

      at log (src/app/api/webhooks/payment/route.ts:508:17)

    console.log
      [Payment Webhook] Successfully inserted revenue ID: rev-rollback

      at log (src/app/api/webhooks/payment/route.ts:581:15)

    console.error
      [Payment Webhook] Failed to ensure revenue side effects for "rev-rollback": Failed to insert audit log: audit unavailable

      600 |       const ensureErr = await ensureWebhookRevenueSideEffects(supabase, booking, newRevenue, tx);
      601 |       if (ensureErr) {
    > 602 |         console.error('[Payment Webhook] Failed to ensure revenue side effects for "%s":', newRevenue.id, ensureErr);
          |                 ^
      603 |         await rollbackWebhookRevenue(ensureErr);
      604 |         continue;
      605 |       }

      at error (src/app/api/webhooks/payment/route.ts:602:17)
      at Object.<anonymous> (src/__tests__/subscription.test.ts:1020:24)

    console.log
      [Payment Webhook] Received request at: 2026-07-14T13:00:44.933Z

      at log (src/app/api/webhooks/payment/route.ts:320:11)

    console.log
      [Payment Webhook] Request body: {"transferAmount":1000000,"content":"BELLA BK-1001","code":"TX-REV-FAIL"}

      at log (src/app/api/webhooks/payment/route.ts:346:13)

    console.log
      [Payment Webhook] Extracted transactions count: 1

      at log (src/app/api/webhooks/payment/route.ts:349:13)

    console.log
      [Payment Webhook] Processing Transaction ID: TX-REV-FAIL, Amount: 1000000, Desc: "BELLA BK-1001"

      at log (src/app/api/webhooks/payment/route.ts:367:15)

    console.log
      [Payment Webhook] Match found! Booking Number: "BK-1001"

      at log (src/app/api/webhooks/payment/route.ts:410:15)

    console.log
      [Payment Webhook] Updated Booking status from "deposit_pending" to "booked"

      at log (src/app/api/webhooks/payment/route.ts:508:17)

    console.error
      [Payment Webhook] Failed to insert revenue for "BK-1001": { message: 'revenue unavailable' }

      571 |         }
      572 |
    > 573 |         console.error('[Payment Webhook] Failed to insert revenue for "%s":', bookingNumber, revErr);
          |                 ^
      574 |         const bookingRollbackFailure = await rollbackBookingStatus();
      575 |         pushFailedTransaction(
      576 |           "Failed to insert revenue record",

      at error (src/app/api/webhooks/payment/route.ts:573:17)
      at Object.<anonymous> (src/__tests__/subscription.test.ts:1092:24)

    console.log
      [Payment Webhook] Received request at: 2026-07-14T13:00:44.939Z

      at log (src/app/api/webhooks/payment/route.ts:320:11)

    console.log
      [Payment Webhook] Request body: {"transferAmount":1000000,"content":"BELLA BK-1001","code":"TX-REV-ROLLBACK-FAIL"}

      at log (src/app/api/webhooks/payment/route.ts:346:13)

    console.log
      [Payment Webhook] Extracted transactions count: 1

      at log (src/app/api/webhooks/payment/route.ts:349:13)

    console.log
      [Payment Webhook] Processing Transaction ID: TX-REV-ROLLBACK-FAIL, Amount: 1000000, Desc: "BELLA BK-1001"

      at log (src/app/api/webhooks/payment/route.ts:367:15)

    console.log
      [Payment Webhook] Match found! Booking Number: "BK-1001"

      at log (src/app/api/webhooks/payment/route.ts:410:15)

    console.log
      [Payment Webhook] Updated Booking status from "deposit_pending" to "booked"

      at log (src/app/api/webhooks/payment/route.ts:508:17)

    console.error
      [Payment Webhook] Failed to insert revenue for "BK-1001": { message: 'revenue unavailable' }

      571 |         }
      572 |
    > 573 |         console.error('[Payment Webhook] Failed to insert revenue for "%s":', bookingNumber, revErr);
          |                 ^
      574 |         const bookingRollbackFailure = await rollbackBookingStatus();
      575 |         pushFailedTransaction(
      576 |           "Failed to insert revenue record",

      at error (src/app/api/webhooks/payment/route.ts:573:17)
      at Object.<anonymous> (src/__tests__/subscription.test.ts:1166:24)

    console.log
      [Payment Webhook] Received request at: 2026-07-14T13:00:44.946Z

      at log (src/app/api/webhooks/payment/route.ts:320:11)

    console.log
      [Payment Webhook] Request body: {"transferAmount":1000000,"content":"BELLA BK-1001","code":"TX-OUTBOX-FAIL"}

      at log (src/app/api/webhooks/payment/route.ts:346:13)

    console.log
      [Payment Webhook] Extracted transactions count: 1

      at log (src/app/api/webhooks/payment/route.ts:349:13)

    console.log
      [Payment Webhook] Processing Transaction ID: TX-OUTBOX-FAIL, Amount: 1000000, Desc: "BELLA BK-1001"

      at log (src/app/api/webhooks/payment/route.ts:367:15)

    console.log
      [Payment Webhook] Match found! Booking Number: "BK-1001"

      at log (src/app/api/webhooks/payment/route.ts:410:15)

    console.log
      [Payment Webhook] Updated Booking status from "deposit_pending" to "booked"

      at log (src/app/api/webhooks/payment/route.ts:508:17)

    console.log
      [Payment Webhook] Successfully inserted revenue ID: rev-outbox-fail

      at log (src/app/api/webhooks/payment/route.ts:581:15)

    console.error
      [Payment Webhook] Failed to ensure revenue side effects for "rev-outbox-fail": Failed to enqueue accounting outbox

      600 |       const ensureErr = await ensureWebhookRevenueSideEffects(supabase, booking, newRevenue, tx);
      601 |       if (ensureErr) {
    > 602 |         console.error('[Payment Webhook] Failed to ensure revenue side effects for "%s":', newRevenue.id, ensureErr);
          |                 ^
      603 |         await rollbackWebhookRevenue(ensureErr);
      604 |         continue;
      605 |       }

      at error (src/app/api/webhooks/payment/route.ts:602:17)
      at Object.<anonymous> (src/__tests__/subscription.test.ts:1242:24)

    console.log
      [Payment Webhook] Received request at: 2026-07-14T13:00:44.953Z

      at log (src/app/api/webhooks/payment/route.ts:320:11)

    console.log
      [Payment Webhook] Request body: {"transferAmount":1000000,"content":"BELLA BK-1001","code":"TX-BOOKED-AUDIT-FAIL"}

      at log (src/app/api/webhooks/payment/route.ts:346:13)

    console.log
      [Payment Webhook] Extracted transactions count: 1

      at log (src/app/api/webhooks/payment/route.ts:349:13)

    console.log
      [Payment Webhook] Processing Transaction ID: TX-BOOKED-AUDIT-FAIL, Amount: 1000000, Desc: "BELLA BK-1001"

      at log (src/app/api/webhooks/payment/route.ts:367:15)

    console.log
      [Payment Webhook] Match found! Booking Number: "BK-1001"

      at log (src/app/api/webhooks/payment/route.ts:410:15)

    console.log
      [Payment Webhook] Successfully inserted revenue ID: rev-already-booked

      at log (src/app/api/webhooks/payment/route.ts:581:15)

    console.error
      [Payment Webhook] Failed to ensure revenue side effects for "rev-already-booked": Failed to insert audit log: audit unavailable

      600 |       const ensureErr = await ensureWebhookRevenueSideEffects(supabase, booking, newRevenue, tx);
      601 |       if (ensureErr) {
    > 602 |         console.error('[Payment Webhook] Failed to ensure revenue side effects for "%s":', newRevenue.id, ensureErr);
          |                 ^
      603 |         await rollbackWebhookRevenue(ensureErr);
      604 |         continue;
      605 |       }

      at error (src/app/api/webhooks/payment/route.ts:602:17)
      at Object.<anonymous> (src/__tests__/subscription.test.ts:1317:24)

PASS src/lib/workflow-engine/__tests__/workflow-engine.test.ts
  ΓùÅ Console

    console.log
      Γùç injected env (9) from .env.local // tip: Γîü auth for agents [www.vestauth.com]

      at _log (node_modules/dotenv/lib/main.js:131:11)

    console.log
      [Jest Setup] SUPABASE_SERVICE_ROLE_KEY loaded: sb_secret_Dm... (41 chars)

      at Object.log (jest.setup.ts:10:9)

PASS src/__tests__/tenant-module-presentation.test.ts
  ΓùÅ Console

    console.log
      Γùç injected env (9) from .env.local // tip: Γîü auth for agents [www.vestauth.com]

      at _log (node_modules/dotenv/lib/main.js:131:11)

    console.log
      [Jest Setup] SUPABASE_SERVICE_ROLE_KEY loaded: sb_secret_Dm... (41 chars)

      at Object.log (jest.setup.ts:10:9)

PASS src/__tests__/booking-resource-rules.test.ts
  ΓùÅ Console

    console.log
      Γùç injected env (9) from .env.local // tip: Γîÿ suppress logs { quiet: true }

      at _log (node_modules/dotenv/lib/main.js:131:11)

    console.log
      [Jest Setup] SUPABASE_SERVICE_ROLE_KEY loaded: sb_secret_Dm... (41 chars)

      at Object.log (jest.setup.ts:10:9)

PASS src/__tests__/api-response.test.ts
  ΓùÅ Console

    console.log
      Γùç injected env (9) from .env.local // tip: Γîÿ multiple files { path: ['.env.local', '.env'] }

      at _log (node_modules/dotenv/lib/main.js:131:11)

    console.log
      [Jest Setup] SUPABASE_SERVICE_ROLE_KEY loaded: sb_secret_Dm... (41 chars)

      at Object.log (jest.setup.ts:10:9)

    console.error
      Unknown error: Error: Something went wrong
          at Object.<anonymous> (D:\Antigravity\Projects\BELLA SPA ERP\src\__tests__\api-response.test.ts:576:19)
          at Promise.finally.completed (D:\Antigravity\Projects\BELLA SPA ERP\node_modules\jest-circus\build\jestAdapterInit.js:1561:28)
          at new Promise (<anonymous>)
          at callAsyncCircusFn (D:\Antigravity\Projects\BELLA SPA ERP\node_modules\jest-circus\build\jestAdapterInit.js:1501:10)
          at _callCircusTest (D:\Antigravity\Projects\BELLA SPA ERP\node_modules\jest-circus\build\jestAdapterInit.js:1011:40)
          at processTicksAndRejections (node:internal/process/task_queues:104:5)
          at _runTest (D:\Antigravity\Projects\BELLA SPA ERP\node_modules\jest-circus\build\jestAdapterInit.js:951:3)
          at D:\Antigravity\Projects\BELLA SPA ERP\node_modules\jest-circus\build\jestAdapterInit.js:853:7
          at _runTestsForDescribeBlock (D:\Antigravity\Projects\BELLA SPA ERP\node_modules\jest-circus\build\jestAdapterInit.js:866:11)
          at _runTestsForDescribeBlock (D:\Antigravity\Projects\BELLA SPA ERP\node_modules\jest-circus\build\jestAdapterInit.js:861:11)
          at _runTestsForDescribeBlock (D:\Antigravity\Projects\BELLA SPA ERP\node_modules\jest-circus\build\jestAdapterInit.js:861:11)
          at run (D:\Antigravity\Projects\BELLA SPA ERP\node_modules\jest-circus\build\jestAdapterInit.js:765:3)
          at runAndTransformResultsToJestFormat (D:\Antigravity\Projects\BELLA SPA ERP\node_modules\jest-circus\build\jestAdapterInit.js:1993:21)
          at jestAdapter (D:\Antigravity\Projects\BELLA SPA ERP\node_modules\jest-circus\build\runner.js:111:19)
          at runTestInternal (D:\Antigravity\Projects\BELLA SPA ERP\node_modules\jest-runner\build\testWorker.js:276:16)
          at runTest (D:\Antigravity\Projects\BELLA SPA ERP\node_modules\jest-runner\build\testWorker.js:344:7)
          at Object.worker (D:\Antigravity\Projects\BELLA SPA ERP\node_modules\jest-runner\build\testWorker.js:498:12)

      602 |   err: unknown
      603 | ): NextResponse<APIErrorResponse> {
    > 604 |   console.error('Unknown error:', err);
          |           ^
      605 |   
      606 |   if (err instanceof Error) {
      607 |     return internalError(req, err.message);

      at error (src/lib/api/response.ts:604:11)
      at Object.<anonymous> (src/__tests__/api-response.test.ts:578:40)

    console.error
      Internal server error: {
        message: 'Something went wrong',
        details: undefined,
        request_id: null,
        url: 'https://api.bella.vn/v1/orders',
        method: 'GET'
      }

      534 | ): NextResponse<APIErrorResponse> {
      535 |   // Log internal errors
    > 536 |   console.error('Internal server error:', {
          |           ^
      537 |     message,
      538 |     details,
      539 |     request_id: req.headers.get('x-request-id'),

      at error (src/lib/api/response.ts:536:11)
      at internalError (src/lib/api/response.ts:607:12)
      at Object.<anonymous> (src/__tests__/api-response.test.ts:578:40)

    console.error
      Unknown error: String error

      602 |   err: unknown
      603 | ): NextResponse<APIErrorResponse> {
    > 604 |   console.error('Unknown error:', err);
          |           ^
      605 |   
      606 |   if (err instanceof Error) {
      607 |     return internalError(req, err.message);

      at error (src/lib/api/response.ts:604:11)
      at Object.<anonymous> (src/__tests__/api-response.test.ts:590:40)

    console.error
      Internal server error: {
        message: 'An unexpected error occurred',
        details: undefined,
        request_id: null,
        url: 'https://api.bella.vn/v1/orders',
        method: 'GET'
      }

      534 | ): NextResponse<APIErrorResponse> {
      535 |   // Log internal errors
    > 536 |   console.error('Internal server error:', {
          |           ^
      537 |     message,
      538 |     details,
      539 |     request_id: req.headers.get('x-request-id'),

      at error (src/lib/api/response.ts:536:11)
      at internalError (src/lib/api/response.ts:610:10)
      at Object.<anonymous> (src/__tests__/api-response.test.ts:590:40)

PASS src/__tests__/beauty-spa-phase2-schema.test.ts
  ΓùÅ Console

    console.log
      Γùç injected env (9) from .env.local // tip: Γîü auth for agents [www.vestauth.com]

      at _log (node_modules/dotenv/lib/main.js:131:11)

    console.log
      [Jest Setup] SUPABASE_SERVICE_ROLE_KEY loaded: sb_secret_Dm... (41 chars)

      at Object.log (jest.setup.ts:10:9)

PASS src/services/intelligence/marketing/__tests__/connectors.test.ts
  ΓùÅ Console

    console.log
      Γùç injected env (9) from .env.local // tip: Γîÿ suppress logs { quiet: true }

      at _log (node_modules/dotenv/lib/main.js:131:11)

    console.log
      [Jest Setup] SUPABASE_SERVICE_ROLE_KEY loaded: sb_secret_Dm... (41 chars)

      at Object.log (jest.setup.ts:10:9)

    console.log
      [FacebookAdsConnector] Fetching insights from 2026-06-01 to 2026-06-07

      at FacebookAdsConnector.log [as fetchInsights] (src/services/intelligence/marketing/connectors/facebook-ads.ts:87:13)

    console.log
      [FacebookAdsConnector] Using mock data (credentials not configured)

      at FacebookAdsConnector.log [as fetchInsights] (src/services/intelligence/marketing/connectors/facebook-ads.ts:88:13)

    console.log
      [FacebookAdsConnector] Validating credentials (mock)

      at FacebookAdsConnector.log [as validateCredentials] (src/services/intelligence/marketing/connectors/facebook-ads.ts:169:13)

    console.log
      [FacebookAdsConnector] Fetching account info (mock)

      at FacebookAdsConnector.log [as getAccountInfo] (src/services/intelligence/marketing/connectors/facebook-ads.ts:189:13)

    console.log
      [FacebookAdsConnector] Fetching insights from 2026-06-01 to 2026-06-07

      at FacebookAdsConnector.log [as fetchInsights] (src/services/intelligence/marketing/connectors/facebook-ads.ts:87:13)

    console.log
      [FacebookAdsConnector] Using mock data (credentials not configured)

      at FacebookAdsConnector.log [as fetchInsights] (src/services/intelligence/marketing/connectors/facebook-ads.ts:88:13)

    console.log
      [FacebookAdsConnector] Fetching insights from 2026-06-01 to 2026-06-01

      at FacebookAdsConnector.log [as fetchInsights] (src/services/intelligence/marketing/connectors/facebook-ads.ts:87:13)

    console.log
      [FacebookAdsConnector] Using mock data (credentials not configured)

      at FacebookAdsConnector.log [as fetchInsights] (src/services/intelligence/marketing/connectors/facebook-ads.ts:88:13)

    console.log
      [ZaloOAConnector] Fetching OA insights from 2026-06-01 to 2026-06-07

      at ZaloOAConnector.log [as fetchOAInsights] (src/services/intelligence/marketing/connectors/zalo-oa.ts:127:13)

    console.log
      [ZaloOAConnector] Using mock data (credentials not configured)

      at ZaloOAConnector.log [as fetchOAInsights] (src/services/intelligence/marketing/connectors/zalo-oa.ts:128:13)

    console.log
      [ZaloOAConnector] Validating credentials (mock)

      at ZaloOAConnector.log [as validateCredentials] (src/services/intelligence/marketing/connectors/zalo-oa.ts:238:13)

    console.log
      [ZaloOAConnector] Fetching OA account info (mock)

      at ZaloOAConnector.log [as getAccountInfo] (src/services/intelligence/marketing/connectors/zalo-oa.ts:260:13)

    console.log
      [ZaloOAConnector] Fetching OA insights from 2026-06-01 to 2026-06-01

      at ZaloOAConnector.log [as fetchOAInsights] (src/services/intelligence/marketing/connectors/zalo-oa.ts:127:13)

    console.log
      [ZaloOAConnector] Using mock data (credentials not configured)

      at ZaloOAConnector.log [as fetchOAInsights] (src/services/intelligence/marketing/connectors/zalo-oa.ts:128:13)

    console.log
      [ZaloOAConnector] Fetching OA insights from 2026-06-01 to 2026-06-07

      at ZaloOAConnector.log [as fetchOAInsights] (src/services/intelligence/marketing/connectors/zalo-oa.ts:127:13)

    console.log
      [ZaloOAConnector] Using mock data (credentials not configured)

      at ZaloOAConnector.log [as fetchOAInsights] (src/services/intelligence/marketing/connectors/zalo-oa.ts:128:13)

    console.log
      [ZaloOAConnector] Fetching follower demographics (mock)

      at ZaloOAConnector.log [as getFollowerDemographics] (src/services/intelligence/marketing/connectors/zalo-oa.ts:288:13)

PASS src/__tests__/lib-promotions.test.ts
  ΓùÅ Console

    console.log
      Γùç injected env (9) from .env.local // tip: Γîü auth for agents [www.vestauth.com]

      at _log (node_modules/dotenv/lib/main.js:131:11)

    console.log
      [Jest Setup] SUPABASE_SERVICE_ROLE_KEY loaded: sb_secret_Dm... (41 chars)

      at Object.log (jest.setup.ts:10:9)

PASS src/__tests__/beauty-demo-tenant-script.test.ts
  ΓùÅ Console

    console.log
      Γùç injected env (9) from .env.local // tip: Γùê secrets for agents [www.dotenvx.com]

      at _log (node_modules/dotenv/lib/main.js:131:11)

    console.log
      [Jest Setup] SUPABASE_SERVICE_ROLE_KEY loaded: sb_secret_Dm... (41 chars)

      at Object.log (jest.setup.ts:10:9)

PASS src/__tests__/hq-subscription-ui.test.ts
  ΓùÅ Console

    console.log
      Γùç injected env (9) from .env.local // tip: Γîÿ custom filepath { path: '/custom/path/.env' }

      at _log (node_modules/dotenv/lib/main.js:131:11)

    console.log
      [Jest Setup] SUPABASE_SERVICE_ROLE_KEY loaded: sb_secret_Dm... (41 chars)

      at Object.log (jest.setup.ts:10:9)

PASS src/__tests__/accounting-health.test.ts
  ΓùÅ Console

    console.log
      Γùç injected env (9) from .env.local // tip: Γùê encrypted .env [www.dotenvx.com]

      at _log (node_modules/dotenv/lib/main.js:131:11)

    console.log
      [Jest Setup] SUPABASE_SERVICE_ROLE_KEY loaded: sb_secret_Dm... (41 chars)

      at Object.log (jest.setup.ts:10:9)

PASS src/__tests__/salary.test.ts
  ΓùÅ Console

    console.log
      Γùç injected env (9) from .env.local // tip: Γîÿ custom filepath { path: '/custom/path/.env' }

      at _log (node_modules/dotenv/lib/main.js:131:11)

    console.log
      [Jest Setup] SUPABASE_SERVICE_ROLE_KEY loaded: sb_secret_Dm... (41 chars)

      at Object.log (jest.setup.ts:10:9)

PASS src/__tests__/salary-expense-idempotency.test.ts
  ΓùÅ Console

    console.log
      Γùç injected env (9) from .env.local // tip: Γîü auth for agents [www.vestauth.com]

      at _log (node_modules/dotenv/lib/main.js:131:11)

    console.log
      [Jest Setup] SUPABASE_SERVICE_ROLE_KEY loaded: sb_secret_Dm... (41 chars)

      at Object.log (jest.setup.ts:10:9)

PASS src/__tests__/supabase-migration-check.test.ts
  ΓùÅ Console

    console.log
      Γùç injected env (9) from .env.local // tip: Γîÿ custom filepath { path: '/custom/path/.env' }

      at _log (node_modules/dotenv/lib/main.js:131:11)

    console.log
      [Jest Setup] SUPABASE_SERVICE_ROLE_KEY loaded: sb_secret_Dm... (41 chars)

      at Object.log (jest.setup.ts:10:9)

PASS src/__tests__/dual-mode-accounting.test.ts
  ΓùÅ Console

    console.log
      Γùç injected env (9) from .env.local // tip: Γîÿ override existing { override: true }

      at _log (node_modules/dotenv/lib/main.js:131:11)

    console.log
      [Jest Setup] SUPABASE_SERVICE_ROLE_KEY loaded: sb_secret_Dm... (41 chars)

      at Object.log (jest.setup.ts:10:9)

    console.error
      [recordTransactionActionResult] Error: Ghi nhß║¡n giao dß╗ïch Finance legacy bß╗ï chß║╖n v├¼ hß╗ç thß╗æng ─æang ß╗ƒ Professional Core. Vui l├▓ng ghi nhß║¡n qua ph├ón hß╗ç Accounting Ledger thay v├¼ sß╗¡a trß╗▒c tiß║┐p revenue/expenses legacy.
          at assertLegacyFinanceWriteAllowed (D:\Antigravity\Projects\BELLA SPA ERP\src\core\services\accounting\mode.ts:169:11)
          at processTicksAndRejections (node:internal/process/task_queues:104:5)
          at recordTransaction (D:\Antigravity\Projects\BELLA SPA ERP\src\core\services\finance\transaction-mutations.ts:398:3)
          at recordTransaction (D:\Antigravity\Projects\BELLA SPA ERP\src\core\services\finance\transactions.ts:250:5)
          at Object.<anonymous> (D:\Antigravity\Projects\BELLA SPA ERP\src\__tests__\dual-mode-accounting.test.ts:386:20)

      251 |     return { success: true };
      252 |   } catch (error) {
    > 253 |     console.error('[recordTransactionActionResult]', error);
          |             ^
      254 |     return {
      255 |       success: false,
      256 |       error: getErrorMessage(error, 'Kh├┤ng thß╗â ghi nhß║¡n giao dß╗ïch'),

      at error (src/core/services/finance/transactions.ts:253:13)
      at Object.<anonymous> (src/__tests__/dual-mode-accounting.test.ts:386:20)

    console.error
      [confirmTransactionActionResult] Error: X├íc nhß║¡n giao dß╗ïch Finance legacy bß╗ï chß║╖n v├¼ hß╗ç thß╗æng ─æang ß╗ƒ Professional Core. Vui l├▓ng ghi nhß║¡n qua ph├ón hß╗ç Accounting Ledger thay v├¼ sß╗¡a trß╗▒c tiß║┐p revenue/expenses legacy.
          at assertLegacyFinanceWriteAllowed (D:\Antigravity\Projects\BELLA SPA ERP\src\core\services\accounting\mode.ts:169:11)
          at processTicksAndRejections (node:internal/process/task_queues:104:5)
          at confirmTransaction (D:\Antigravity\Projects\BELLA SPA ERP\src\core\services\finance\transaction-mutations.ts:116:3)
          at confirmTransaction (D:\Antigravity\Projects\BELLA SPA ERP\src\core\services\finance\transactions.ts:154:5)
          at Object.<anonymous> (D:\Antigravity\Projects\BELLA SPA ERP\src\__tests__\dual-mode-accounting.test.ts:403:20)

      155 |     return { success: true };
      156 |   } catch (error) {
    > 157 |     console.error('[confirmTransactionActionResult]', error);
          |             ^
      158 |     return {
      159 |       success: false,
      160 |       error: getErrorMessage(error, 'Kh├┤ng thß╗â x├íc nhß║¡n giao dß╗ïch'),

      at error (src/core/services/finance/transactions.ts:157:13)
      at Object.<anonymous> (src/__tests__/dual-mode-accounting.test.ts:403:20)

    console.error
      [recordTransaction] failure: Error: Record expense transaction: accounting period is closed or unavailable: Accounting period is closed
          at assertOpenAccountingPeriod (D:\Antigravity\Projects\BELLA SPA ERP\src\core\services\accounting\period-guards.ts:58:11)
          at processTicksAndRejections (node:internal/process/task_queues:104:5)
          at recordTransaction (D:\Antigravity\Projects\BELLA SPA ERP\src\core\services\finance\transaction-mutations.ts:428:7)
          at recordTransaction (D:\Antigravity\Projects\BELLA SPA ERP\src\core\services\finance\transactions.ts:250:5)
          at Object.<anonymous> (D:\Antigravity\Projects\BELLA SPA ERP\src\__tests__\dual-mode-accounting.test.ts:422:20)

      575 |     }
      576 |   } catch (error: unknown) {
    > 577 |     console.error('[recordTransaction] failure:', error);
          |             ^
      578 |     throw new Error(error instanceof Error ? error.message : 'Lß╗ùi hß╗ç thß╗æng khi ghi nhß║¡n giao dß╗ïch');
      579 |   }
      580 | }

      at error (src/core/services/finance/transaction-mutations.ts:577:13)
      at recordTransaction (src/core/services/finance/transactions.ts:250:5)
      at Object.<anonymous> (src/__tests__/dual-mode-accounting.test.ts:422:20)

    console.error
      [recordTransactionActionResult] Error: Record expense transaction: accounting period is closed or unavailable: Accounting period is closed
          at recordTransaction (D:\Antigravity\Projects\BELLA SPA ERP\src\core\services\finance\transaction-mutations.ts:578:11)
          at processTicksAndRejections (node:internal/process/task_queues:104:5)
          at recordTransaction (D:\Antigravity\Projects\BELLA SPA ERP\src\core\services\finance\transactions.ts:250:5)
          at Object.<anonymous> (D:\Antigravity\Projects\BELLA SPA ERP\src\__tests__\dual-mode-accounting.test.ts:422:20)

      251 |     return { success: true };
      252 |   } catch (error) {
    > 253 |     console.error('[recordTransactionActionResult]', error);
          |             ^
      254 |     return {
      255 |       success: false,
      256 |       error: getErrorMessage(error, 'Kh├┤ng thß╗â ghi nhß║¡n giao dß╗ïch'),

      at error (src/core/services/finance/transactions.ts:253:13)
      at Object.<anonymous> (src/__tests__/dual-mode-accounting.test.ts:422:20)

PASS src/__tests__/accounting-outbox.test.ts
  ΓùÅ Console

    console.log
      Γùç injected env (9) from .env.local // tip: Γîÿ enable debugging { debug: true }

      at _log (node_modules/dotenv/lib/main.js:131:11)

    console.log
      [Jest Setup] SUPABASE_SERVICE_ROLE_KEY loaded: sb_secret_Dm... (41 chars)

      at Object.log (jest.setup.ts:10:9)

    console.warn
      [Accounting Worker] Unauthorized trigger attempt.

      348 |   const authHeader = req.headers.get('Authorization');
      349 |   if (!authHeader || authHeader !== `Bearer ${secret}`) {
    > 350 |     console.warn('[Accounting Worker] Unauthorized trigger attempt.');
          |             ^
      351 |     return NextResponse.json(
      352 |       { success: false, error: 'Kh├┤ng ─æ╞░ß╗úc ph├⌐p truy cß║¡p (Unauthorized).' },
      353 |       { status: 401 }

      at warn (src/app/api/cron/accounting-worker/route.ts:350:13)
      at Object.<anonymous> (src/__tests__/accounting-outbox.test.ts:124:33)

    console.warn
      [Accounting Worker] Unauthorized trigger attempt.

      348 |   const authHeader = req.headers.get('Authorization');
      349 |   if (!authHeader || authHeader !== `Bearer ${secret}`) {
    > 350 |     console.warn('[Accounting Worker] Unauthorized trigger attempt.');
          |             ^
      351 |     return NextResponse.json(
      352 |       { success: false, error: 'Kh├┤ng ─æ╞░ß╗úc ph├⌐p truy cß║¡p (Unauthorized).' },
      353 |       { status: 401 }

      at warn (src/app/api/cron/accounting-worker/route.ts:350:13)
      at Object.<anonymous> (src/__tests__/accounting-outbox.test.ts:140:33)

    console.log
      [Accounting Worker] Started scanning outbox queue...

      at log (src/app/api/cron/accounting-worker/route.ts:357:11)

    console.log
      [Accounting Worker] No pending outbox events found.

      at log (src/app/api/cron/accounting-worker/route.ts:392:15)

    console.log
      [Accounting Worker] Started scanning outbox queue...

      at log (src/app/api/cron/accounting-worker/route.ts:357:11)

    console.error
      [Accounting Worker] Failed to claim outbox batch: { message: 'claim rpc unavailable' }

      368 |
      369 |     if (claimError) {
    > 370 |       console.error('[Accounting Worker] Failed to claim outbox batch:', claimError);
          |               ^
      371 |       const workerRunLogError = await safelyRecordWorkerRun(supabase, buildWorkerRunInsert({
      372 |         status: 'claim_failed',
      373 |         startedAt,

      at error (src/app/api/cron/accounting-worker/route.ts:370:15)
      at Object.<anonymous> (src/__tests__/accounting-outbox.test.ts:186:24)

    console.log
      [Accounting Worker] Started scanning outbox queue...

      at log (src/app/api/cron/accounting-worker/route.ts:357:11)

    console.log
      [Accounting Worker] No pending outbox events found.

      at log (src/app/api/cron/accounting-worker/route.ts:392:15)

    console.log
      [Accounting Worker] Started scanning outbox queue...

      at log (src/app/api/cron/accounting-worker/route.ts:357:11)

    console.error
      [Accounting Worker] Critical exception: Error: NEXT_PUBLIC_SUPABASE_URL or SUPABASE_URL and SUPABASE_SECRET_KEY or SUPABASE_SERVICE_ROLE_KEY must be set.
          at requireSupabaseAdminEnv (D:\Antigravity\Projects\BELLA SPA ERP\src\lib\supabase-admin-env.ts:28:11)
          at getAdminClient (D:\Antigravity\Projects\BELLA SPA ERP\src\app\api\cron\accounting-worker\route.ts:36:52)
          at getAdminClient (D:\Antigravity\Projects\BELLA SPA ERP\src\app\api\cron\accounting-worker\route.ts:362:16)
          at Object.<anonymous> (D:\Antigravity\Projects\BELLA SPA ERP\src\__tests__\accounting-outbox.test.ts:234:33)
          at Promise.finally.completed (D:\Antigravity\Projects\BELLA SPA ERP\node_modules\jest-circus\build\jestAdapterInit.js:1561:28)
          at new Promise (<anonymous>)
          at callAsyncCircusFn (D:\Antigravity\Projects\BELLA SPA ERP\node_modules\jest-circus\build\jestAdapterInit.js:1501:10)
          at _callCircusTest (D:\Antigravity\Projects\BELLA SPA ERP\node_modules\jest-circus\build\jestAdapterInit.js:1011:40)
          at processTicksAndRejections (node:internal/process/task_queues:104:5)
          at _runTest (D:\Antigravity\Projects\BELLA SPA ERP\node_modules\jest-circus\build\jestAdapterInit.js:951:3)
          at D:\Antigravity\Projects\BELLA SPA ERP\node_modules\jest-circus\build\jestAdapterInit.js:853:7
          at _runTestsForDescribeBlock (D:\Antigravity\Projects\BELLA SPA ERP\node_modules\jest-circus\build\jestAdapterInit.js:866:11)
          at _runTestsForDescribeBlock (D:\Antigravity\Projects\BELLA SPA ERP\node_modules\jest-circus\build\jestAdapterInit.js:861:11)
          at _runTestsForDescribeBlock (D:\Antigravity\Projects\BELLA SPA ERP\node_modules\jest-circus\build\jestAdapterInit.js:861:11)
          at run (D:\Antigravity\Projects\BELLA SPA ERP\node_modules\jest-circus\build\jestAdapterInit.js:765:3)
          at runAndTransformResultsToJestFormat (D:\Antigravity\Projects\BELLA SPA ERP\node_modules\jest-circus\build\jestAdapterInit.js:1993:21)
          at jestAdapter (D:\Antigravity\Projects\BELLA SPA ERP\node_modules\jest-circus\build\runner.js:111:19)
          at runTestInternal (D:\Antigravity\Projects\BELLA SPA ERP\node_modules\jest-runner\build\testWorker.js:276:16)
          at runTest (D:\Antigravity\Projects\BELLA SPA ERP\node_modules\jest-runner\build\testWorker.js:344:7)
          at Object.worker (D:\Antigravity\Projects\BELLA SPA ERP\node_modules\jest-runner\build\testWorker.js:498:12)

      713 |
      714 |   } catch (globalErr: unknown) {
    > 715 |     console.error('[Accounting Worker] Critical exception:', globalErr);
          |             ^
      716 |     const errorMessage = getErrorMessage(globalErr) || 'Lß╗ùi hß╗ç thß╗æng khi chß║íy worker.';
      717 |     const workerRunLogError = supabase
      718 |       ? await safelyRecordWorkerRun(supabase, buildWorkerRunInsert({

      at error (src/app/api/cron/accounting-worker/route.ts:715:13)
      at Object.<anonymous> (src/__tests__/accounting-outbox.test.ts:234:33)

    console.log
      [Accounting Worker] Started scanning outbox queue...

      at log (src/app/api/cron/accounting-worker/route.ts:357:11)

    console.log
      [Accounting Worker] Claimed 2 events for processing.

      at log (src/app/api/cron/accounting-worker/route.ts:409:13)

    console.log
      [Accounting Worker] Processing event outbox-id-1 | Type: PACKAGE_SALE | Tenant: tenant-uuid-1

      at log (src/app/api/cron/accounting-worker/route.ts:426:17)

    console.log
      [Accounting Worker] Event outbox-id-1 processed successfully. Entry: journal-entry-1

      at log (src/app/api/cron/accounting-worker/route.ts:612:19)

    console.log
      [Accounting Worker] Processing event outbox-id-2 | Type: SESSION_DONE | Tenant: tenant-uuid-1

      at log (src/app/api/cron/accounting-worker/route.ts:426:17)

    console.log
      [Accounting Worker] Event outbox-id-2 processed successfully. Entry: journal-entry-2

      at log (src/app/api/cron/accounting-worker/route.ts:612:19)

    console.log
      [Accounting Worker] Finished batch. Success: 2, Dead-lettered: 0, Failures: 0

      at log (src/app/api/cron/accounting-worker/route.ts:673:13)

    console.log
      [Accounting Worker] Started scanning outbox queue...

      at log (src/app/api/cron/accounting-worker/route.ts:357:11)

    console.log
      [Accounting Worker] Claimed 1 events for processing.

      at log (src/app/api/cron/accounting-worker/route.ts:409:13)

    console.log
      [Accounting Worker] Processing event outbox-stale-session | Type: SESSION_DONE | Tenant: tenant-uuid-1

      at log (src/app/api/cron/accounting-worker/route.ts:426:17)

    console.warn
      [Accounting Worker] Stale SESSION_DONE outbox: session ref-stale-session is scheduled, not completed.

      440 |             }
      441 |
    > 442 |             console.warn(`[Accounting Worker] ${staleReason}`);
          |                     ^
      443 |             deadLetterCount++;
      444 |             details.push({
      445 |               eventId: event.id,

      at warn (src/app/api/cron/accounting-worker/route.ts:442:21)
      at Object.<anonymous> (src/__tests__/accounting-outbox.test.ts:420:24)

    console.log
      [Accounting Worker] Finished batch. Success: 0, Dead-lettered: 1, Failures: 0

      at log (src/app/api/cron/accounting-worker/route.ts:673:13)

    console.log
      [Accounting Worker] Started scanning outbox queue...

      at log (src/app/api/cron/accounting-worker/route.ts:357:11)

    console.log
      [Accounting Worker] Claimed 1 events for processing.

      at log (src/app/api/cron/accounting-worker/route.ts:409:13)

    console.log
      [Accounting Worker] Processing event outbox-clearing-1 | Type: INTER_BRANCH_CLEARING | Tenant: branch-a-id

      at log (src/app/api/cron/accounting-worker/route.ts:426:17)

    console.log
      [Accounting Worker] Event outbox-clearing-1 processed successfully. Entry: journal-clearing-1

      at log (src/app/api/cron/accounting-worker/route.ts:612:19)

    console.log
      [Accounting Worker] Finished batch. Success: 1, Dead-lettered: 0, Failures: 0

      at log (src/app/api/cron/accounting-worker/route.ts:673:13)

    console.log
      [Accounting Worker] Started scanning outbox queue...

      at log (src/app/api/cron/accounting-worker/route.ts:357:11)

    console.log
      [Accounting Worker] Claimed 4 events for processing.

      at log (src/app/api/cron/accounting-worker/route.ts:409:13)

    console.log
      [Accounting Worker] Processing event outbox-id-3 | Type: EXPENSE_RECORDED | Tenant: tenant-uuid-1

      at log (src/app/api/cron/accounting-worker/route.ts:426:17)

    console.log
      [Accounting Worker] Event outbox-id-3 processed successfully. Entry: je-3

      at log (src/app/api/cron/accounting-worker/route.ts:612:19)

    console.log
      [Accounting Worker] Processing event outbox-id-4 | Type: SALARY_PAID | Tenant: tenant-uuid-1

      at log (src/app/api/cron/accounting-worker/route.ts:426:17)

    console.log
      [Accounting Worker] Event outbox-id-4 processed successfully. Entry: je-4

      at log (src/app/api/cron/accounting-worker/route.ts:612:19)

    console.log
      [Accounting Worker] Processing event outbox-id-5 | Type: INVENTORY_CONSUMED | Tenant: tenant-uuid-1

      at log (src/app/api/cron/accounting-worker/route.ts:426:17)

    console.log
      [Accounting Worker] Event outbox-id-5 processed successfully. Entry: je-5

      at log (src/app/api/cron/accounting-worker/route.ts:612:19)

    console.log
      [Accounting Worker] Processing event outbox-id-6 | Type: REFUND_ISSUED | Tenant: tenant-uuid-1

      at log (src/app/api/cron/accounting-worker/route.ts:426:17)

    console.log
      [Accounting Worker] Event outbox-id-6 processed successfully. Entry: je-6

      at log (src/app/api/cron/accounting-worker/route.ts:612:19)

    console.log
      [Accounting Worker] Finished batch. Success: 4, Dead-lettered: 0, Failures: 0

      at log (src/app/api/cron/accounting-worker/route.ts:673:13)

    console.log
      [Accounting Worker] Started scanning outbox queue...

      at log (src/app/api/cron/accounting-worker/route.ts:357:11)

    console.log
      [Accounting Worker] Claimed 1 events for processing.

      at log (src/app/api/cron/accounting-worker/route.ts:409:13)

    console.log
      [Accounting Worker] Processing event outbox-manual-1 | Type: MANUAL_ENTRY | Tenant: tenant-uuid-1

      at log (src/app/api/cron/accounting-worker/route.ts:426:17)

    console.log
      [Accounting Worker] Event outbox-manual-1 processed successfully. Entry: journal-manual-1

      at log (src/app/api/cron/accounting-worker/route.ts:612:19)

    console.log
      [Accounting Worker] Finished batch. Success: 1, Dead-lettered: 0, Failures: 0

      at log (src/app/api/cron/accounting-worker/route.ts:673:13)

    console.log
      [Accounting Worker] Started scanning outbox queue...

      at log (src/app/api/cron/accounting-worker/route.ts:357:11)

    console.log
      [Accounting Worker] Claimed 1 events for processing.

      at log (src/app/api/cron/accounting-worker/route.ts:409:13)

    console.log
      [Accounting Worker] Processing event outbox-fail-1 | Type: PACKAGE_SALE | Tenant: tenant-uuid-1

      at log (src/app/api/cron/accounting-worker/route.ts:426:17)

    console.error
      [Accounting Worker] Error processing event outbox-fail-1: Error: Mß║Ñt kß║┐t nß╗æi t├ái khoß║ún COA
          at Object.<anonymous> (D:\Antigravity\Projects\BELLA SPA ERP\src\__tests__\accounting-outbox.test.ts:652:88)
          at Promise.finally.completed (D:\Antigravity\Projects\BELLA SPA ERP\node_modules\jest-circus\build\jestAdapterInit.js:1561:28)
          at new Promise (<anonymous>)
          at callAsyncCircusFn (D:\Antigravity\Projects\BELLA SPA ERP\node_modules\jest-circus\build\jestAdapterInit.js:1501:10)
          at _callCircusTest (D:\Antigravity\Projects\BELLA SPA ERP\node_modules\jest-circus\build\jestAdapterInit.js:1011:40)
          at processTicksAndRejections (node:internal/process/task_queues:104:5)
          at _runTest (D:\Antigravity\Projects\BELLA SPA ERP\node_modules\jest-circus\build\jestAdapterInit.js:951:3)
          at D:\Antigravity\Projects\BELLA SPA ERP\node_modules\jest-circus\build\jestAdapterInit.js:853:7
          at _runTestsForDescribeBlock (D:\Antigravity\Projects\BELLA SPA ERP\node_modules\jest-circus\build\jestAdapterInit.js:866:11)
          at _runTestsForDescribeBlock (D:\Antigravity\Projects\BELLA SPA ERP\node_modules\jest-circus\build\jestAdapterInit.js:861:11)
          at _runTestsForDescribeBlock (D:\Antigravity\Projects\BELLA SPA ERP\node_modules\jest-circus\build\jestAdapterInit.js:861:11)
          at run (D:\Antigravity\Projects\BELLA SPA ERP\node_modules\jest-circus\build\jestAdapterInit.js:765:3)
          at runAndTransformResultsToJestFormat (D:\Antigravity\Projects\BELLA SPA ERP\node_modules\jest-circus\build\jestAdapterInit.js:1993:21)
          at jestAdapter (D:\Antigravity\Projects\BELLA SPA ERP\node_modules\jest-circus\build\runner.js:111:19)
          at runTestInternal (D:\Antigravity\Projects\BELLA SPA ERP\node_modules\jest-runner\build\testWorker.js:276:16)
          at runTest (D:\Antigravity\Projects\BELLA SPA ERP\node_modules\jest-runner\build\testWorker.js:344:7)
          at Object.worker (D:\Antigravity\Projects\BELLA SPA ERP\node_modules\jest-runner\build\testWorker.js:498:12)

      638 |
      639 |       } catch (err: unknown) {
    > 640 |         console.error('[Accounting Worker] Error processing event %s:', event.id, err);
          |                 ^
      641 |         failureCount++;
      642 |
      643 |         // Cß║¡p nhß║¡t trß║íng th├íi FAILED (exponential backoff)

      at error (src/app/api/cron/accounting-worker/route.ts:640:17)
      at Object.<anonymous> (src/__tests__/accounting-outbox.test.ts:662:24)

    console.log
      [Accounting Worker] Finished batch. Success: 0, Dead-lettered: 0, Failures: 1

      at log (src/app/api/cron/accounting-worker/route.ts:673:13)

    console.log
      [Accounting Worker] Started scanning outbox queue...

      at log (src/app/api/cron/accounting-worker/route.ts:357:11)

    console.log
      [Accounting Worker] Claimed 1 events for processing.

      at log (src/app/api/cron/accounting-worker/route.ts:409:13)

    console.log
      [Accounting Worker] Processing event outbox-invalid-payload-1 | Type: PACKAGE_SALE | Tenant: tenant-uuid-1

      at log (src/app/api/cron/accounting-worker/route.ts:426:17)

    console.error
      [Accounting Worker] Error processing event outbox-invalid-payload-1: Error: Invalid outbox payload: totalAmount must be a number.
          at readRequiredNumber (D:\Antigravity\Projects\BELLA SPA ERP\src\app\api\cron\accounting-worker\route.ts:153:9)
          at readRequiredNumber (D:\Antigravity\Projects\BELLA SPA ERP\src\app\api\cron\accounting-worker\route.ts:509:28)
          at processTicksAndRejections (node:internal/process/task_queues:104:5)
          at Object.<anonymous> (D:\Antigravity\Projects\BELLA SPA ERP\src\__tests__\accounting-outbox.test.ts:701:24)

      638 |
      639 |       } catch (err: unknown) {
    > 640 |         console.error('[Accounting Worker] Error processing event %s:', event.id, err);
          |                 ^
      641 |         failureCount++;
      642 |
      643 |         // Cß║¡p nhß║¡t trß║íng th├íi FAILED (exponential backoff)

      at error (src/app/api/cron/accounting-worker/route.ts:640:17)
      at Object.<anonymous> (src/__tests__/accounting-outbox.test.ts:701:24)

    console.log
      [Accounting Worker] Finished batch. Success: 0, Dead-lettered: 0, Failures: 1

      at log (src/app/api/cron/accounting-worker/route.ts:673:13)

    console.log
      [Accounting Worker] Started scanning outbox queue...

      at log (src/app/api/cron/accounting-worker/route.ts:357:11)

    console.log
      [Accounting Worker] Claimed 1 events for processing.

      at log (src/app/api/cron/accounting-worker/route.ts:409:13)

    console.log
      [Accounting Worker] Processing event outbox-critical-1 | Type: PACKAGE_SALE | Tenant: tenant-uuid-1

      at log (src/app/api/cron/accounting-worker/route.ts:426:17)

    console.error
      [Accounting Worker] Error processing event outbox-critical-1: Error: COA unavailable
          at Object.<anonymous> (D:\Antigravity\Projects\BELLA SPA ERP\src\__tests__\accounting-outbox.test.ts:735:88)
          at Promise.finally.completed (D:\Antigravity\Projects\BELLA SPA ERP\node_modules\jest-circus\build\jestAdapterInit.js:1561:28)
          at new Promise (<anonymous>)
          at callAsyncCircusFn (D:\Antigravity\Projects\BELLA SPA ERP\node_modules\jest-circus\build\jestAdapterInit.js:1501:10)
          at _callCircusTest (D:\Antigravity\Projects\BELLA SPA ERP\node_modules\jest-circus\build\jestAdapterInit.js:1011:40)
          at processTicksAndRejections (node:internal/process/task_queues:104:5)
          at _runTest (D:\Antigravity\Projects\BELLA SPA ERP\node_modules\jest-circus\build\jestAdapterInit.js:951:3)
          at D:\Antigravity\Projects\BELLA SPA ERP\node_modules\jest-circus\build\jestAdapterInit.js:853:7
          at _runTestsForDescribeBlock (D:\Antigravity\Projects\BELLA SPA ERP\node_modules\jest-circus\build\jestAdapterInit.js:866:11)
          at _runTestsForDescribeBlock (D:\Antigravity\Projects\BELLA SPA ERP\node_modules\jest-circus\build\jestAdapterInit.js:861:11)
          at _runTestsForDescribeBlock (D:\Antigravity\Projects\BELLA SPA ERP\node_modules\jest-circus\build\jestAdapterInit.js:861:11)
          at run (D:\Antigravity\Projects\BELLA SPA ERP\node_modules\jest-circus\build\jestAdapterInit.js:765:3)
          at runAndTransformResultsToJestFormat (D:\Antigravity\Projects\BELLA SPA ERP\node_modules\jest-circus\build\jestAdapterInit.js:1993:21)
          at jestAdapter (D:\Antigravity\Projects\BELLA SPA ERP\node_modules\jest-circus\build\runner.js:111:19)
          at runTestInternal (D:\Antigravity\Projects\BELLA SPA ERP\node_modules\jest-runner\build\testWorker.js:276:16)
          at runTest (D:\Antigravity\Projects\BELLA SPA ERP\node_modules\jest-runner\build\testWorker.js:344:7)
          at Object.worker (D:\Antigravity\Projects\BELLA SPA ERP\node_modules\jest-runner\build\testWorker.js:498:12)

      638 |
      639 |       } catch (err: unknown) {
    > 640 |         console.error('[Accounting Worker] Error processing event %s:', event.id, err);
          |                 ^
      641 |         failureCount++;
      642 |
      643 |         // Cß║¡p nhß║¡t trß║íng th├íi FAILED (exponential backoff)

      at error (src/app/api/cron/accounting-worker/route.ts:640:17)
      at Object.<anonymous> (src/__tests__/accounting-outbox.test.ts:745:24)

    console.error
      [Accounting Worker] Critical: Failed to mark outbox as failed for outbox-critical-1: { message: 'failed-state write unavailable' }

      649 |
      650 |         if (failErr) {
    > 651 |           console.error('[Accounting Worker] Critical: Failed to mark outbox as failed for %s:', event.id, failErr);
          |                   ^
      652 |           criticalFailureCount++;
      653 |           details.push({
      654 |             eventId: event.id,

      at error (src/app/api/cron/accounting-worker/route.ts:651:19)
      at Object.<anonymous> (src/__tests__/accounting-outbox.test.ts:745:24)

    console.log
      [Accounting Worker] Finished batch. Success: 0, Dead-lettered: 0, Failures: 1

      at log (src/app/api/cron/accounting-worker/route.ts:673:13)

    console.log
      [Accounting Worker] Started scanning outbox queue...

      at log (src/app/api/cron/accounting-worker/route.ts:357:11)

    console.log
      [Accounting Worker] Claimed 1 events for processing.

      at log (src/app/api/cron/accounting-worker/route.ts:409:13)

    console.log
      [Accounting Worker] Processing event outbox-manual-fail-1 | Type: MANUAL_ENTRY | Tenant: tenant-uuid-1

      at log (src/app/api/cron/accounting-worker/route.ts:426:17)

    console.error
      [Accounting Worker] Error processing event outbox-manual-fail-1: Error: journal insert failed
          at Object.<anonymous> (D:\Antigravity\Projects\BELLA SPA ERP\src\__tests__\accounting-outbox.test.ts:788:85)
          at Promise.finally.completed (D:\Antigravity\Projects\BELLA SPA ERP\node_modules\jest-circus\build\jestAdapterInit.js:1561:28)
          at new Promise (<anonymous>)
          at callAsyncCircusFn (D:\Antigravity\Projects\BELLA SPA ERP\node_modules\jest-circus\build\jestAdapterInit.js:1501:10)
          at _callCircusTest (D:\Antigravity\Projects\BELLA SPA ERP\node_modules\jest-circus\build\jestAdapterInit.js:1011:40)
          at processTicksAndRejections (node:internal/process/task_queues:104:5)
          at _runTest (D:\Antigravity\Projects\BELLA SPA ERP\node_modules\jest-circus\build\jestAdapterInit.js:951:3)
          at D:\Antigravity\Projects\BELLA SPA ERP\node_modules\jest-circus\build\jestAdapterInit.js:853:7
          at _runTestsForDescribeBlock (D:\Antigravity\Projects\BELLA SPA ERP\node_modules\jest-circus\build\jestAdapterInit.js:866:11)
          at _runTestsForDescribeBlock (D:\Antigravity\Projects\BELLA SPA ERP\node_modules\jest-circus\build\jestAdapterInit.js:861:11)
          at _runTestsForDescribeBlock (D:\Antigravity\Projects\BELLA SPA ERP\node_modules\jest-circus\build\jestAdapterInit.js:861:11)
          at run (D:\Antigravity\Projects\BELLA SPA ERP\node_modules\jest-circus\build\jestAdapterInit.js:765:3)
          at runAndTransformResultsToJestFormat (D:\Antigravity\Projects\BELLA SPA ERP\node_modules\jest-circus\build\jestAdapterInit.js:1993:21)
          at jestAdapter (D:\Antigravity\Projects\BELLA SPA ERP\node_modules\jest-circus\build\runner.js:111:19)
          at runTestInternal (D:\Antigravity\Projects\BELLA SPA ERP\node_modules\jest-runner\build\testWorker.js:276:16)
          at runTest (D:\Antigravity\Projects\BELLA SPA ERP\node_modules\jest-runner\build\testWorker.js:344:7)
          at Object.worker (D:\Antigravity\Projects\BELLA SPA ERP\node_modules\jest-runner\build\testWorker.js:498:12)

      638 |
      639 |       } catch (err: unknown) {
    > 640 |         console.error('[Accounting Worker] Error processing event %s:', event.id, err);
          |                 ^
      641 |         failureCount++;
      642 |
      643 |         // Cß║¡p nhß║¡t trß║íng th├íi FAILED (exponential backoff)

      at error (src/app/api/cron/accounting-worker/route.ts:640:17)
      at Object.<anonymous> (src/__tests__/accounting-outbox.test.ts:798:24)

    console.log
      [Accounting Worker] Finished batch. Success: 0, Dead-lettered: 0, Failures: 1

      at log (src/app/api/cron/accounting-worker/route.ts:673:13)

    console.log
      [Accounting Worker] Started scanning outbox queue...

      at log (src/app/api/cron/accounting-worker/route.ts:357:11)

    console.log
      [Accounting Worker] Claimed 1 events for processing.

      at log (src/app/api/cron/accounting-worker/route.ts:409:13)

    console.log
      [Accounting Worker] Processing event outbox-complete-fail-1 | Type: PACKAGE_SALE | Tenant: tenant-uuid-1

      at log (src/app/api/cron/accounting-worker/route.ts:426:17)

    console.error
      [Accounting Worker] Error processing event outbox-complete-fail-1: Error: Failed to mark outbox completed: completed-state write unavailable
          at GET (D:\Antigravity\Projects\BELLA SPA ERP\src\app\api\cron\accounting-worker\route.ts:610:19)
          at processTicksAndRejections (node:internal/process/task_queues:104:5)
          at Object.<anonymous> (D:\Antigravity\Projects\BELLA SPA ERP\src\__tests__\accounting-outbox.test.ts:848:24)

      638 |
      639 |       } catch (err: unknown) {
    > 640 |         console.error('[Accounting Worker] Error processing event %s:', event.id, err);
          |                 ^
      641 |         failureCount++;
      642 |
      643 |         // Cß║¡p nhß║¡t trß║íng th├íi FAILED (exponential backoff)

      at error (src/app/api/cron/accounting-worker/route.ts:640:17)
      at Object.<anonymous> (src/__tests__/accounting-outbox.test.ts:848:24)

    console.log
      [Accounting Worker] Finished batch. Success: 0, Dead-lettered: 0, Failures: 1

      at log (src/app/api/cron/accounting-worker/route.ts:673:13)

    console.log
      [Accounting Worker] Started scanning outbox queue...

      at log (src/app/api/cron/accounting-worker/route.ts:357:11)

    console.log
      [Accounting Worker] Claimed 1 events for processing.

      at log (src/app/api/cron/accounting-worker/route.ts:409:13)

    console.log
      [Accounting Worker] Processing event outbox-complete-fail-1 | Type: PACKAGE_SALE | Tenant: tenant-uuid-1

      at log (src/app/api/cron/accounting-worker/route.ts:426:17)

    console.error
      [Accounting Worker] Error processing event outbox-complete-fail-1: Error: Failed to mark outbox completed: completed-state write unavailable
          at GET (D:\Antigravity\Projects\BELLA SPA ERP\src\app\api\cron\accounting-worker\route.ts:610:19)
          at processTicksAndRejections (node:internal/process/task_queues:104:5)
          at Object.<anonymous> (D:\Antigravity\Projects\BELLA SPA ERP\src\__tests__\accounting-outbox.test.ts:939:29)

      638 |
      639 |       } catch (err: unknown) {
    > 640 |         console.error('[Accounting Worker] Error processing event %s:', event.id, err);
          |                 ^
      641 |         failureCount++;
      642 |
      643 |         // Cß║¡p nhß║¡t trß║íng th├íi FAILED (exponential backoff)

      at error (src/app/api/cron/accounting-worker/route.ts:640:17)
      at Object.<anonymous> (src/__tests__/accounting-outbox.test.ts:939:29)

    console.log
      [Accounting Worker] Finished batch. Success: 0, Dead-lettered: 0, Failures: 1

      at log (src/app/api/cron/accounting-worker/route.ts:673:13)

    console.log
      [Accounting Worker] Started scanning outbox queue...

      at log (src/app/api/cron/accounting-worker/route.ts:357:11)

    console.log
      [Accounting Worker] Claimed 1 events for processing.

      at log (src/app/api/cron/accounting-worker/route.ts:409:13)

    console.log
      [Accounting Worker] Processing event outbox-complete-fail-1 | Type: PACKAGE_SALE | Tenant: tenant-uuid-1

      at log (src/app/api/cron/accounting-worker/route.ts:426:17)

    console.log
      [Accounting Worker] Event outbox-complete-fail-1 completed from existing journal journal-complete-fail.

      at log (src/app/api/cron/accounting-worker/route.ts:491:19)

    console.log
      [Accounting Worker] Finished batch. Success: 1, Dead-lettered: 0, Failures: 0

      at log (src/app/api/cron/accounting-worker/route.ts:673:13)

    console.log
      [Accounting Worker] Started scanning outbox queue...

      at log (src/app/api/cron/accounting-worker/route.ts:357:11)

    console.log
      [Accounting Worker] Claimed 1 events for processing.

      at log (src/app/api/cron/accounting-worker/route.ts:409:13)

    console.log
      [Accounting Worker] Processing event outbox-existing-draft-1 | Type: PACKAGE_SALE | Tenant: tenant-uuid-1

      at log (src/app/api/cron/accounting-worker/route.ts:426:17)

    console.error
      [Accounting Worker] Error processing event outbox-existing-draft-1: Error: Existing active journal journal-draft-1 for PACKAGE_SALE:ref-existing-draft-1 is DRAFT, not POSTED.
          at GET (D:\Antigravity\Projects\BELLA SPA ERP\src\app\api\cron\accounting-worker\route.ts:481:19)
          at processTicksAndRejections (node:internal/process/task_queues:104:5)
          at Object.<anonymous> (D:\Antigravity\Projects\BELLA SPA ERP\src\__tests__\accounting-outbox.test.ts:1030:24)

      638 |
      639 |       } catch (err: unknown) {
    > 640 |         console.error('[Accounting Worker] Error processing event %s:', event.id, err);
          |                 ^
      641 |         failureCount++;
      642 |
      643 |         // Cß║¡p nhß║¡t trß║íng th├íi FAILED (exponential backoff)

      at error (src/app/api/cron/accounting-worker/route.ts:640:17)
      at Object.<anonymous> (src/__tests__/accounting-outbox.test.ts:1030:24)

    console.log
      [Accounting Worker] Finished batch. Success: 0, Dead-lettered: 0, Failures: 1

      at log (src/app/api/cron/accounting-worker/route.ts:673:13)

    console.log
      [Accounting Worker] Started scanning outbox queue...

      at log (src/app/api/cron/accounting-worker/route.ts:357:11)

    console.log
      [Accounting Worker] Claimed 2 events for processing.

      at log (src/app/api/cron/accounting-worker/route.ts:409:13)

    console.log
      [Accounting Worker] Processing event outbox-mixed-success | Type: PACKAGE_SALE | Tenant: tenant-uuid-1

      at log (src/app/api/cron/accounting-worker/route.ts:426:17)

    console.log
      [Accounting Worker] Event outbox-mixed-success processed successfully. Entry: journal-mixed-success

      at log (src/app/api/cron/accounting-worker/route.ts:612:19)

    console.log
      [Accounting Worker] Processing event outbox-mixed-failure | Type: SESSION_DONE | Tenant: tenant-uuid-1

      at log (src/app/api/cron/accounting-worker/route.ts:426:17)

    console.error
      [Accounting Worker] Error processing event outbox-mixed-failure: Error: session journal failed
          at Object.<anonymous> (D:\Antigravity\Projects\BELLA SPA ERP\src\__tests__\accounting-outbox.test.ts:1083:88)
          at Promise.finally.completed (D:\Antigravity\Projects\BELLA SPA ERP\node_modules\jest-circus\build\jestAdapterInit.js:1561:28)
          at new Promise (<anonymous>)
          at callAsyncCircusFn (D:\Antigravity\Projects\BELLA SPA ERP\node_modules\jest-circus\build\jestAdapterInit.js:1501:10)
          at _callCircusTest (D:\Antigravity\Projects\BELLA SPA ERP\node_modules\jest-circus\build\jestAdapterInit.js:1011:40)
          at processTicksAndRejections (node:internal/process/task_queues:104:5)
          at _runTest (D:\Antigravity\Projects\BELLA SPA ERP\node_modules\jest-circus\build\jestAdapterInit.js:951:3)
          at D:\Antigravity\Projects\BELLA SPA ERP\node_modules\jest-circus\build\jestAdapterInit.js:853:7
          at _runTestsForDescribeBlock (D:\Antigravity\Projects\BELLA SPA ERP\node_modules\jest-circus\build\jestAdapterInit.js:866:11)
          at _runTestsForDescribeBlock (D:\Antigravity\Projects\BELLA SPA ERP\node_modules\jest-circus\build\jestAdapterInit.js:861:11)
          at _runTestsForDescribeBlock (D:\Antigravity\Projects\BELLA SPA ERP\node_modules\jest-circus\build\jestAdapterInit.js:861:11)
          at run (D:\Antigravity\Projects\BELLA SPA ERP\node_modules\jest-circus\build\jestAdapterInit.js:765:3)
          at runAndTransformResultsToJestFormat (D:\Antigravity\Projects\BELLA SPA ERP\node_modules\jest-circus\build\jestAdapterInit.js:1993:21)
          at jestAdapter (D:\Antigravity\Projects\BELLA SPA ERP\node_modules\jest-circus\build\runner.js:111:19)
          at runTestInternal (D:\Antigravity\Projects\BELLA SPA ERP\node_modules\jest-runner\build\testWorker.js:276:16)
          at runTest (D:\Antigravity\Projects\BELLA SPA ERP\node_modules\jest-runner\build\testWorker.js:344:7)
          at Object.worker (D:\Antigravity\Projects\BELLA SPA ERP\node_modules\jest-runner\build\testWorker.js:498:12)

      638 |
      639 |       } catch (err: unknown) {
    > 640 |         console.error('[Accounting Worker] Error processing event %s:', event.id, err);
          |                 ^
      641 |         failureCount++;
      642 |
      643 |         // Cß║¡p nhß║¡t trß║íng th├íi FAILED (exponential backoff)

      at error (src/app/api/cron/accounting-worker/route.ts:640:17)
      at Object.<anonymous> (src/__tests__/accounting-outbox.test.ts:1093:24)

    console.log
      [Accounting Worker] Finished batch. Success: 1, Dead-lettered: 0, Failures: 1

      at log (src/app/api/cron/accounting-worker/route.ts:673:13)

PASS src/__tests__/settings-billing-permissions.test.ts
  ΓùÅ Console

    console.log
      Γùç injected env (9) from .env.local // tip: Γîÿ custom filepath { path: '/custom/path/.env' }

      at _log (node_modules/dotenv/lib/main.js:131:11)

    console.log
      [Jest Setup] SUPABASE_SERVICE_ROLE_KEY loaded: sb_secret_Dm... (41 chars)

      at Object.log (jest.setup.ts:10:9)

PASS src/services/intelligence/__tests__/forecast/revenue-forecast.test.ts
  ΓùÅ Console

    console.log
      Γùç injected env (9) from .env.local // tip: Γîÿ custom filepath { path: '/custom/path/.env' }

      at _log (node_modules/dotenv/lib/main.js:131:11)

    console.log
      [Jest Setup] SUPABASE_SERVICE_ROLE_KEY loaded: sb_secret_Dm... (41 chars)

      at Object.log (jest.setup.ts:10:9)

PASS src/core/middleware/tenantContext.test.ts
  ΓùÅ Console

    console.log
      Γùç injected env (9) from .env.local // tip: Γîÿ suppress logs { quiet: true }

      at _log (node_modules/dotenv/lib/main.js:131:11)

    console.log
      [Jest Setup] SUPABASE_SERVICE_ROLE_KEY loaded: sb_secret_Dm... (41 chars)

      at Object.log (jest.setup.ts:10:9)

    console.error
      [extractTenantContext] Authentication failed: { message: 'Not authenticated' }

      157 |
      158 |     if (authError || !user) {
    > 159 |       console.error('[extractTenantContext] Authentication failed:', authError);
          |               ^
      160 |       return {
      161 |         success: false,
      162 |         error: 'Unauthorized: Please log in to access this resource',

      at error (src/core/middleware/tenantContext.ts:159:15)
      at Object.<anonymous> (src/core/middleware/tenantContext.test.ts:196:22)

    console.error
      [extractTenantContext] User has no tenant assigned: user-no-tenant

      182 |
      183 |     if (!userProfile?.tenant_id) {
    > 184 |       console.error('[extractTenantContext] User has no tenant assigned:', user.id);
          |               ^
      185 |       return {
      186 |         success: false,
      187 |         error: 'Forbidden: User has no tenant assigned',

      at error (src/core/middleware/tenantContext.ts:184:15)
      at Object.<anonymous> (src/core/middleware/tenantContext.test.ts:225:22)

    console.error
      [extractTenantContext] Tenant not found: non-existent-tenant

      209 |
      210 |     if (!tenant) {
    > 211 |       console.error('[extractTenantContext] Tenant not found:', tenantId);
          |               ^
      212 |       return {
      213 |         success: false,
      214 |         error: 'Not Found: Tenant configuration not found',

      at error (src/core/middleware/tenantContext.ts:211:15)
      at Object.<anonymous> (src/core/middleware/tenantContext.test.ts:265:22)

    console.error
      [extractTenantContext] Failed to fetch user profile: { message: 'Database connection failed' }

      173 |
      174 |     if (userError) {
    > 175 |       console.error('[extractTenantContext] Failed to fetch user profile:', userError);
          |               ^
      176 |       return {
      177 |         success: false,
      178 |         error: 'Failed to fetch user profile',

      at error (src/core/middleware/tenantContext.ts:175:15)
      at Object.<anonymous> (src/core/middleware/tenantContext.test.ts:294:22)

    console.error
      [extractTenantContext] Authentication failed: { message: 'Not authenticated' }

      157 |
      158 |     if (authError || !user) {
    > 159 |       console.error('[extractTenantContext] Authentication failed:', authError);
          |               ^
      160 |       return {
      161 |         success: false,
      162 |         error: 'Unauthorized: Please log in to access this resource',

      at error (src/core/middleware/tenantContext.ts:159:15)
      at src/core/middleware/tenantContext.ts:88:22
      at Object.<anonymous> (src/core/middleware/tenantContext.test.ts:397:22)

    console.error
      [withTenantContext] Failed to extract tenant context: Unauthorized: Please log in to access this resource

      90 |       // If extraction failed, return error response
      91 |       if (!result.success) {
    > 92 |         console.error('[withTenantContext] Failed to extract tenant context:', result.error);
         |                 ^
      93 |         return NextResponse.json(
      94 |           { error: result.error },
      95 |           { status: result.statusCode }

      at error (src/core/middleware/tenantContext.ts:92:17)
      at Object.<anonymous> (src/core/middleware/tenantContext.test.ts:397:22)

    console.error
      [withTenantContext] Unexpected error: Error: Handler error
          at Object.<anonymous> (D:\Antigravity\Projects\BELLA SPA ERP\src\core\middleware\tenantContext.test.ts:445:7)
          at Promise.finally.completed (D:\Antigravity\Projects\BELLA SPA ERP\node_modules\jest-circus\build\jestAdapterInit.js:1561:28)
          at new Promise (<anonymous>)
          at callAsyncCircusFn (D:\Antigravity\Projects\BELLA SPA ERP\node_modules\jest-circus\build\jestAdapterInit.js:1501:10)
          at _callCircusTest (D:\Antigravity\Projects\BELLA SPA ERP\node_modules\jest-circus\build\jestAdapterInit.js:1011:40)
          at processTicksAndRejections (node:internal/process/task_queues:104:5)
          at _runTest (D:\Antigravity\Projects\BELLA SPA ERP\node_modules\jest-circus\build\jestAdapterInit.js:951:3)
          at D:\Antigravity\Projects\BELLA SPA ERP\node_modules\jest-circus\build\jestAdapterInit.js:853:7
          at _runTestsForDescribeBlock (D:\Antigravity\Projects\BELLA SPA ERP\node_modules\jest-circus\build\jestAdapterInit.js:866:11)
          at _runTestsForDescribeBlock (D:\Antigravity\Projects\BELLA SPA ERP\node_modules\jest-circus\build\jestAdapterInit.js:861:11)
          at run (D:\Antigravity\Projects\BELLA SPA ERP\node_modules\jest-circus\build\jestAdapterInit.js:765:3)
          at runAndTransformResultsToJestFormat (D:\Antigravity\Projects\BELLA SPA ERP\node_modules\jest-circus\build\jestAdapterInit.js:1993:21)
          at jestAdapter (D:\Antigravity\Projects\BELLA SPA ERP\node_modules\jest-circus\build\runner.js:111:19)
          at runTestInternal (D:\Antigravity\Projects\BELLA SPA ERP\node_modules\jest-runner\build\testWorker.js:276:16)
          at runTest (D:\Antigravity\Projects\BELLA SPA ERP\node_modules\jest-runner\build\testWorker.js:344:7)
          at Object.worker (D:\Antigravity\Projects\BELLA SPA ERP\node_modules\jest-runner\build\testWorker.js:498:12)

      104 |       return await handler(requestWithContext);
      105 |     } catch (error) {
    > 106 |       console.error('[withTenantContext] Unexpected error:', error);
          |               ^
      107 |       const errorMessage = error instanceof Error ? error.message : 'Unknown error';
      108 |       return NextResponse.json(
      109 |         { error: `Internal server error: ${errorMessage}` },

      at error (src/core/middleware/tenantContext.ts:106:15)
      at Object.<anonymous> (src/core/middleware/tenantContext.test.ts:455:22)

PASS src/app/dashboard/sessions/components/__tests__/LeaveApprovalModal.simple.test.tsx
  ΓùÅ Console

    console.log
      Γùç injected env (9) from .env.local // tip: Γîÿ override existing { override: true }

      at _log (node_modules/dotenv/lib/main.js:131:11)

    console.log
      [Jest Setup] SUPABASE_SERVICE_ROLE_KEY loaded: sb_secret_Dm... (41 chars)

      at Object.log (jest.setup.ts:10:9)

PASS src/__tests__/finance.lockMonth.test.ts
  ΓùÅ Console

    console.log
      Γùç injected env (9) from .env.local // tip: Γîÿ suppress logs { quiet: true }

      at _log (node_modules/dotenv/lib/main.js:131:11)

    console.log
      [Jest Setup] SUPABASE_SERVICE_ROLE_KEY loaded: sb_secret_Dm... (41 chars)

      at Object.log (jest.setup.ts:10:9)

    console.error
      [lockMonth] RPC error: { message: 'DB timeout' }

      455 |
      456 |     if (error) {
    > 457 |       console.error('[lockMonth] RPC error:', error);
          |               ^
      458 |       return { success: false, error: 'Lß╗ùi kh├│a sß╗ò: ' + error.message };
      459 |     }
      460 |

      at error (src/core/services/finance/lock-month-action.ts:457:15)
      at Object.<anonymous> (src/__tests__/finance.lockMonth.test.ts:359:20)

    console.error
      [lockMonth] Side-effect error after lock RPC: Error: [lockMonth] Failed to retrieve tenant config for royalty calculations: tenant unavailable
          at syncFranchiseRoyalty (D:\Antigravity\Projects\BELLA SPA ERP\src\core\services\finance\lock-month-action.ts:211:11)
          at processTicksAndRejections (node:internal/process/task_queues:104:5)
          at lockMonth (D:\Antigravity\Projects\BELLA SPA ERP\src\core\services\finance\lock-month-action.ts:462:7)
          at Object.<anonymous> (D:\Antigravity\Projects\BELLA SPA ERP\src\__tests__\finance.lockMonth.test.ts:390:20)

      463 |       await syncInterBranchClearing(supabase, user.tenant_id, month, scope);
      464 |     } catch (sideEffectError) {
    > 465 |       console.error('[lockMonth] Side-effect error after lock RPC:', sideEffectError);
          |               ^
      466 |       const restoreFailures = await restorePreLockState(supabase, user.tenant_id, scope, snapshot);
      467 |       revalidatePath('/dashboard/finance');
      468 |       revalidatePath('/dashboard/accounting/health');

      at error (src/core/services/finance/lock-month-action.ts:465:15)
      at Object.<anonymous> (src/__tests__/finance.lockMonth.test.ts:390:20)

    console.error
      [lockMonth] Side-effect error after lock RPC: Error: [lockMonth] Failed to create royalty invoice: invoice insert failed
          at syncFranchiseRoyalty (D:\Antigravity\Projects\BELLA SPA ERP\src\core\services\finance\lock-month-action.ts:288:11)
          at processTicksAndRejections (node:internal/process/task_queues:104:5)
          at lockMonth (D:\Antigravity\Projects\BELLA SPA ERP\src\core\services\finance\lock-month-action.ts:462:7)
          at Object.<anonymous> (D:\Antigravity\Projects\BELLA SPA ERP\src\__tests__\finance.lockMonth.test.ts:402:20)

      463 |       await syncInterBranchClearing(supabase, user.tenant_id, month, scope);
      464 |     } catch (sideEffectError) {
    > 465 |       console.error('[lockMonth] Side-effect error after lock RPC:', sideEffectError);
          |               ^
      466 |       const restoreFailures = await restorePreLockState(supabase, user.tenant_id, scope, snapshot);
      467 |       revalidatePath('/dashboard/finance');
      468 |       revalidatePath('/dashboard/accounting/health');

      at error (src/core/services/finance/lock-month-action.ts:465:15)
      at Object.<anonymous> (src/__tests__/finance.lockMonth.test.ts:402:20)

    console.error
      [lockMonth] Side-effect error after lock RPC: Error: [lockMonth] Failed to create inter-branch clearing record: clearing insert failed
          at syncInterBranchClearing (D:\Antigravity\Projects\BELLA SPA ERP\src\core\services\finance\lock-month-action.ts:422:13)
          at processTicksAndRejections (node:internal/process/task_queues:104:5)
          at lockMonth (D:\Antigravity\Projects\BELLA SPA ERP\src\core\services\finance\lock-month-action.ts:463:7)
          at Object.<anonymous> (D:\Antigravity\Projects\BELLA SPA ERP\src\__tests__\finance.lockMonth.test.ts:432:20)

      463 |       await syncInterBranchClearing(supabase, user.tenant_id, month, scope);
      464 |     } catch (sideEffectError) {
    > 465 |       console.error('[lockMonth] Side-effect error after lock RPC:', sideEffectError);
          |               ^
      466 |       const restoreFailures = await restorePreLockState(supabase, user.tenant_id, scope, snapshot);
      467 |       revalidatePath('/dashboard/finance');
      468 |       revalidatePath('/dashboard/accounting/health');

      at error (src/core/services/finance/lock-month-action.ts:465:15)
      at Object.<anonymous> (src/__tests__/finance.lockMonth.test.ts:432:20)

    console.error
      [lockMonth] Side-effect error after lock RPC: Error: [lockMonth] Failed to create royalty invoice: invoice insert failed
          at syncFranchiseRoyalty (D:\Antigravity\Projects\BELLA SPA ERP\src\core\services\finance\lock-month-action.ts:288:11)
          at processTicksAndRejections (node:internal/process/task_queues:104:5)
          at lockMonth (D:\Antigravity\Projects\BELLA SPA ERP\src\core\services\finance\lock-month-action.ts:462:7)
          at Object.<anonymous> (D:\Antigravity\Projects\BELLA SPA ERP\src\__tests__\finance.lockMonth.test.ts:453:20)

      463 |       await syncInterBranchClearing(supabase, user.tenant_id, month, scope);
      464 |     } catch (sideEffectError) {
    > 465 |       console.error('[lockMonth] Side-effect error after lock RPC:', sideEffectError);
          |               ^
      466 |       const restoreFailures = await restorePreLockState(supabase, user.tenant_id, scope, snapshot);
      467 |       revalidatePath('/dashboard/finance');
      468 |       revalidatePath('/dashboard/accounting/health');

      at error (src/core/services/finance/lock-month-action.ts:465:15)
      at Object.<anonymous> (src/__tests__/finance.lockMonth.test.ts:453:20)

PASS src/__tests__/inventory-transfer.test.ts
  ΓùÅ Console

    console.log
      Γùç injected env (9) from .env.local // tip: Γîü auth for agents [www.vestauth.com]

      at _log (node_modules/dotenv/lib/main.js:131:11)

    console.log
      [Jest Setup] SUPABASE_SERVICE_ROLE_KEY loaded: sb_secret_Dm... (41 chars)

      at Object.log (jest.setup.ts:10:9)

    console.log
      [Alert] ─É├ú gß╗¡i th├┤ng b├ío Email tß╗¢i chi nh├ính Bella Spa Branch A (undefined) vß╗ü vß║¡n ─æ╞ín VTP987654

      at log (src/services/inventory-transfer-actions.ts:558:15)

    console.log
      [Alert] ─É├ú gß╗¡i th├┤ng b├ío Zalo ZNS tß╗¢i chi nh├ính (Phone: undefined) vß╗ü lß╗çnh TRF-202605-1001

      at log (src/services/inventory-transfer-actions.ts:559:15)

    console.error
      [approveAndShipTransfer] update error: { message: 'order update failed' }

      514 |
      515 |     if (updateErr) {
    > 516 |       console.error('[approveAndShipTransfer] update error:', updateErr);
          |               ^
      517 |       const rollbackErr = await rollbackTransferInventoryMutations(supabase, shipmentMutations);
      518 |       return {
      519 |         success: false,

      at error (src/services/inventory-transfer-actions.ts:516:15)
      at Object.<anonymous> (src/__tests__/inventory-transfer.test.ts:546:22)

    console.error
      [confirmTransferReceipt] update error: { message: 'receipt status update failed' }

      729 |
      730 |     if (updateErr) {
    > 731 |       console.error('[confirmTransferReceipt] update error:', updateErr);
          |               ^
      732 |       const rollbackErr = await rollbackTransferInventoryMutations(supabase, receiptMutations);
      733 |       return {
      734 |         success: false,

      at error (src/services/inventory-transfer-actions.ts:731:15)
      at Object.<anonymous> (src/__tests__/inventory-transfer.test.ts:754:22)

PASS src/lib/business-rules/__tests__/commission.test.ts
  ΓùÅ Console

    console.log
      Γùç injected env (9) from .env.local // tip: Γîü auth for agents [www.vestauth.com]

      at _log (node_modules/dotenv/lib/main.js:131:11)

    console.log
      [Jest Setup] SUPABASE_SERVICE_ROLE_KEY loaded: sb_secret_Dm... (41 chars)

      at Object.log (jest.setup.ts:10:9)

PASS src/__tests__/api-tenant-context.test.ts
  ΓùÅ Console

    console.log
      Γùç injected env (9) from .env.local // tip: Γîÿ custom filepath { path: '/custom/path/.env' }

      at _log (node_modules/dotenv/lib/main.js:131:11)

    console.log
      [Jest Setup] SUPABASE_SERVICE_ROLE_KEY loaded: sb_secret_Dm... (41 chars)

      at Object.log (jest.setup.ts:10:9)

    console.error
      [GET /api/tenant/context] Authentication failed: null

      46 |
      47 |     if (authError || !user) {
    > 48 |       console.error('[GET /api/tenant/context] Authentication failed:', authError);
         |               ^
      49 |       return NextResponse.json(
      50 |         { error: 'Unauthorized: Please log in to access tenant configuration' },
      51 |         { status: 401 }

      at error (src/app/api/tenant/context/route.ts:48:15)
      at Object.<anonymous> (src/__tests__/api-tenant-context.test.ts:78:22)

    console.error
      [GET /api/tenant/context] User has no tenant assigned: user-123

      83 |
      84 |     if (!userProfile?.tenant_id) {
    > 85 |       console.error('[GET /api/tenant/context] User has no tenant assigned:', user.id);
         |               ^
      86 |       return NextResponse.json(
      87 |         { error: 'Forbidden: User has no tenant assigned. Please contact administrator.' },
      88 |         { status: 403 }

      at error (src/app/api/tenant/context/route.ts:85:15)
      at Object.<anonymous> (src/__tests__/api-tenant-context.test.ts:93:22)

    console.error
      [GET /api/tenant/context] Failed to fetch user profile: { message: 'Database error' }

      61 |
      62 |     if (userError) {
    > 63 |       console.error('[GET /api/tenant/context] Failed to fetch user profile:', userError);
         |               ^
      64 |       console.error('[GET /api/tenant/context] User ID:', user.id);
      65 |       console.error('[GET /api/tenant/context] Error details:', JSON.stringify(userError));
      66 |       

      at error (src/app/api/tenant/context/route.ts:63:15)
      at Object.<anonymous> (src/__tests__/api-tenant-context.test.ts:107:22)

    console.error
      [GET /api/tenant/context] User ID: user-123

      62 |     if (userError) {
      63 |       console.error('[GET /api/tenant/context] Failed to fetch user profile:', userError);
    > 64 |       console.error('[GET /api/tenant/context] User ID:', user.id);
         |               ^
      65 |       console.error('[GET /api/tenant/context] Error details:', JSON.stringify(userError));
      66 |       
      67 |       // If user record not found (PGRST116), provide more helpful error

      at error (src/app/api/tenant/context/route.ts:64:15)
      at Object.<anonymous> (src/__tests__/api-tenant-context.test.ts:107:22)

    console.error
      [GET /api/tenant/context] Error details: {"message":"Database error"}

      63 |       console.error('[GET /api/tenant/context] Failed to fetch user profile:', userError);
      64 |       console.error('[GET /api/tenant/context] User ID:', user.id);
    > 65 |       console.error('[GET /api/tenant/context] Error details:', JSON.stringify(userError));
         |               ^
      66 |       
      67 |       // If user record not found (PGRST116), provide more helpful error
      68 |       if (userError.code === 'PGRST116') {

      at error (src/app/api/tenant/context/route.ts:65:15)
      at Object.<anonymous> (src/__tests__/api-tenant-context.test.ts:107:22)

    console.error
      [GET /api/tenant/context] Failed to fetch tenant: { message: 'Database error' }

      100 |
      101 |     if (tenantError) {
    > 102 |       console.error('[GET /api/tenant/context] Failed to fetch tenant:', tenantError);
          |               ^
      103 |       return NextResponse.json(
      104 |         { error: 'Failed to fetch tenant configuration' },
      105 |         { status: 500 }

      at error (src/app/api/tenant/context/route.ts:102:15)
      at Object.<anonymous> (src/__tests__/api-tenant-context.test.ts:128:22)

    console.error
      [GET /api/tenant/context] Tenant not found: tenant-123

      108 |
      109 |     if (!tenant) {
    > 110 |       console.error('[GET /api/tenant/context] Tenant not found:', tenantId);
          |               ^
      111 |       return NextResponse.json(
      112 |         { error: 'Not Found: Tenant configuration not found' },
      113 |         { status: 404 }

      at error (src/app/api/tenant/context/route.ts:110:15)
      at Object.<anonymous> (src/__tests__/api-tenant-context.test.ts:149:22)

PASS src/__tests__/state-machine.test.ts
  ΓùÅ Console

    console.log
      Γùç injected env (9) from .env.local // tip: Γîÿ enable debugging { debug: true }

      at _log (node_modules/dotenv/lib/main.js:131:11)

    console.log
      [Jest Setup] SUPABASE_SERVICE_ROLE_KEY loaded: sb_secret_Dm... (41 chars)

      at Object.log (jest.setup.ts:10:9)

PASS src/__tests__/period-closing.test.ts
  ΓùÅ Console

    console.log
      Γùç injected env (9) from .env.local // tip: Γîÿ custom filepath { path: '/custom/path/.env' }

      at _log (node_modules/dotenv/lib/main.js:131:11)

    console.log
      [Jest Setup] SUPABASE_SERVICE_ROLE_KEY loaded: sb_secret_Dm... (41 chars)

      at Object.log (jest.setup.ts:10:9)

PASS src/__tests__/scope.middleware.test.ts
  ΓùÅ Console

    console.log
      Γùç injected env (9) from .env.local // tip: Γùê secrets for agents [www.dotenvx.com]

      at _log (node_modules/dotenv/lib/main.js:131:11)

    console.log
      [Jest Setup] SUPABASE_SERVICE_ROLE_KEY loaded: sb_secret_Dm... (41 chars)

      at Object.log (jest.setup.ts:10:9)

    console.warn
      [Scope Middleware] Access denied {
        partner_id: 'partner-123',
        required_scope: 'payment:write',
        partner_scopes: [ 'order:read' ]
      }

      140 |   // Check if partner has the required scope
      141 |   if (!hasScope(partnerScopes, requiredScope)) {
    > 142 |     console.warn(
          |             ^
      143 |       '[Scope Middleware] Access denied',
      144 |       {
      145 |         partner_id: req.partner.partner_id,

      at warn (src/lib/middleware/scope.middleware.ts:142:13)
      at Object.<anonymous> (src/__tests__/scope.middleware.test.ts:63:31)

    console.error
      [Scope Middleware] Partner context missing. Did you call apiKeyMiddleware first?

      123 |   // Check if partner context exists (should be set by apiKeyMiddleware)
      124 |   if (!req.partner) {
    > 125 |     console.error('[Scope Middleware] Partner context missing. Did you call apiKeyMiddleware first?');
          |             ^
      126 |     return NextResponse.json(
      127 |       {
      128 |         success: false,

      at error (src/lib/middleware/scope.middleware.ts:125:13)
      at Object.<anonymous> (src/__tests__/scope.middleware.test.ts:72:31)

    console.warn
      [Scope Middleware] Access denied (all scopes) {
        partner_id: 'partner-123',
        required_scopes: [ 'order:read', 'payment:read' ],
        partner_scopes: [ 'order:read', 'order:write' ]
      }

      233 |   
      234 |   if (!hasAllScopes(partnerScopes, requiredScopes)) {
    > 235 |     console.warn(
          |             ^
      236 |       '[Scope Middleware] Access denied (all scopes)',
      237 |       {
      238 |         partner_id: req.partner.partner_id,

      at warn (src/lib/middleware/scope.middleware.ts:235:13)
      at Object.<anonymous> (src/__tests__/scope.middleware.test.ts:96:35)

    console.warn
      [Scope Middleware] Access denied (all scopes) {
        partner_id: 'partner-123',
        required_scopes: [ 'payment:read', 'invoice:write' ],
        partner_scopes: [ 'order:read' ]
      }

      233 |   
      234 |   if (!hasAllScopes(partnerScopes, requiredScopes)) {
    > 235 |     console.warn(
          |             ^
      236 |       '[Scope Middleware] Access denied (all scopes)',
      237 |       {
      238 |         partner_id: req.partner.partner_id,

      at warn (src/lib/middleware/scope.middleware.ts:235:13)
      at Object.<anonymous> (src/__tests__/scope.middleware.test.ts:105:35)

    console.warn
      [Scope Middleware] Access denied (any scope) {
        partner_id: 'partner-123',
        required_scopes: [ 'payment:read', 'invoice:write' ],
        partner_scopes: [ 'order:read' ]
      }

      187 |   
      188 |   if (!hasAnyScope(partnerScopes, requiredScopes)) {
    > 189 |     console.warn(
          |             ^
      190 |       '[Scope Middleware] Access denied (any scope)',
      191 |       {
      192 |         partner_id: req.partner.partner_id,

      at warn (src/lib/middleware/scope.middleware.ts:189:13)
      at Object.<anonymous> (src/__tests__/scope.middleware.test.ts:148:34)

    console.warn
      [Scope Middleware] Access denied (any scope) {
        partner_id: 'partner-123',
        required_scopes: [],
        partner_scopes: [ 'order:read' ]
      }

      187 |   
      188 |   if (!hasAnyScope(partnerScopes, requiredScopes)) {
    > 189 |     console.warn(
          |             ^
      190 |       '[Scope Middleware] Access denied (any scope)',
      191 |       {
      192 |         partner_id: req.partner.partner_id,

      at warn (src/lib/middleware/scope.middleware.ts:189:13)
      at Object.<anonymous> (src/__tests__/scope.middleware.test.ts:157:34)

    console.warn
      [Scope Middleware] Access denied {
        partner_id: 'partner-123',
        required_scope: 'payment:read',
        partner_scopes: [ 'order:*' ]
      }

      140 |   // Check if partner has the required scope
      141 |   if (!hasScope(partnerScopes, requiredScope)) {
    > 142 |     console.warn(
          |             ^
      143 |       '[Scope Middleware] Access denied',
      144 |       {
      145 |         partner_id: req.partner.partner_id,

      at warn (src/lib/middleware/scope.middleware.ts:142:13)
      at Object.<anonymous> (src/__tests__/scope.middleware.test.ts:191:31)

    console.warn
      [Scope Middleware] Access denied {
        partner_id: 'partner-123',
        required_scope: 'invoice:read',
        partner_scopes: [ 'order:*', 'payment:*' ]
      }

      140 |   // Check if partner has the required scope
      141 |   if (!hasScope(partnerScopes, requiredScope)) {
    > 142 |     console.warn(
          |             ^
      143 |       '[Scope Middleware] Access denied',
      144 |       {
      145 |         partner_id: req.partner.partner_id,

      at warn (src/lib/middleware/scope.middleware.ts:142:13)
      at Object.<anonymous> (src/__tests__/scope.middleware.test.ts:207:24)

    console.warn
      [Scope Middleware] Access denied {
        partner_id: 'partner-123',
        required_scope: 'ORDER:READ',
        partner_scopes: [ 'order:read' ]
      }

      140 |   // Check if partner has the required scope
      141 |   if (!hasScope(partnerScopes, requiredScope)) {
    > 142 |     console.warn(
          |             ^
      143 |       '[Scope Middleware] Access denied',
      144 |       {
      145 |         partner_id: req.partner.partner_id,

      at warn (src/lib/middleware/scope.middleware.ts:142:13)
      at Object.<anonymous> (src/__tests__/scope.middleware.test.ts:236:31)

    console.warn
      [Scope Middleware] Access denied {
        partner_id: 'partner-123',
        required_scope: 'order:read',
        partner_scopes: []
      }

      140 |   // Check if partner has the required scope
      141 |   if (!hasScope(partnerScopes, requiredScope)) {
    > 142 |     console.warn(
          |             ^
      143 |       '[Scope Middleware] Access denied',
      144 |       {
      145 |         partner_id: req.partner.partner_id,

      at warn (src/lib/middleware/scope.middleware.ts:142:13)
      at Object.<anonymous> (src/__tests__/scope.middleware.test.ts:245:31)

PASS src/__tests__/business-rule-engines.test.ts
  ΓùÅ Console

    console.log
      Γùç injected env (9) from .env.local // tip: Γîÿ enable debugging { debug: true }

      at _log (node_modules/dotenv/lib/main.js:131:11)

    console.log
      [Jest Setup] SUPABASE_SERVICE_ROLE_KEY loaded: sb_secret_Dm... (41 chars)

      at Object.log (jest.setup.ts:10:9)

PASS src/__tests__/accounting-engine.test.ts
  ΓùÅ Console

    console.log
      Γùç injected env (9) from .env.local // tip: Γîü auth for agents [www.vestauth.com]

      at _log (node_modules/dotenv/lib/main.js:131:11)

    console.log
      [Jest Setup] SUPABASE_SERVICE_ROLE_KEY loaded: sb_secret_Dm... (41 chars)

      at Object.log (jest.setup.ts:10:9)

PASS src/__tests__/inventory-actions.test.ts
  ΓùÅ Console

    console.log
      Γùç injected env (9) from .env.local // tip: Γùê secrets for agents [www.dotenvx.com]

      at _log (node_modules/dotenv/lib/main.js:131:11)

    console.log
      [Jest Setup] SUPABASE_SERVICE_ROLE_KEY loaded: sb_secret_Dm... (41 chars)

      at Object.log (jest.setup.ts:10:9)

PASS src/__tests__/idempotency.test.ts
  ΓùÅ Console

    console.log
      Γùç injected env (9) from .env.local // tip: Γîÿ multiple files { path: ['.env.local', '.env'] }

      at _log (node_modules/dotenv/lib/main.js:131:11)

    console.log
      [Jest Setup] SUPABASE_SERVICE_ROLE_KEY loaded: sb_secret_Dm... (41 chars)

      at Object.log (jest.setup.ts:10:9)

    console.log
      [createBooking] Level1 resolved tenant: tenant-a

      at log (src/core/services/order/create-booking-helpers.ts:190:15)

    console.log
      [createBooking] Final tenantId: tenant-a | user: null

      at log (src/core/services/order/create-booking-helpers.ts:224:11)

    console.error
      [calculateServerDiscount] Failed to fetch customer: { message: 'Row not found' }

      65 |
      66 |     if (customerError || !customer) {
    > 67 |       console.error('[calculateServerDiscount] Failed to fetch customer:', customerError);
         |               ^
      68 |       return 0; // Fallback: no discount
      69 |     }
      70 |

      at error (src/core/services/order/discount-integration.ts:67:15)
      at buildBookingPayload (src/core/services/order/create-booking-helpers.ts:293:32)
      at createBooking (src/core/services/order/create-booking-action.ts:216:26)
      at Object.<anonymous> (src/__tests__/idempotency.test.ts:229:20)

    console.log
      [buildBookingPayload] Discount: client=undefined%, server=0% (enforced)

      at log (src/core/services/order/create-booking-helpers.ts:301:13)

    console.log
      [invokeAdapterValidation] No adapter found for module 'spa', skipping validation

      at log (src/core/services/order/create-booking-helpers.ts:739:13)

PASS src/__tests__/validations.test.ts
  ΓùÅ Console

    console.log
      Γùç injected env (9) from .env.local // tip: Γîÿ override existing { override: true }

      at _log (node_modules/dotenv/lib/main.js:131:11)

    console.log
      [Jest Setup] SUPABASE_SERVICE_ROLE_KEY loaded: sb_secret_Dm... (41 chars)

      at Object.log (jest.setup.ts:10:9)

PASS src/adapters/__tests__/commission-provider-adapter.test.ts
  ΓùÅ Console

    console.log
      Γùç injected env (9) from .env.local // tip: Γîÿ multiple files { path: ['.env.local', '.env'] }

      at _log (node_modules/dotenv/lib/main.js:131:11)

    console.log
      [Jest Setup] SUPABASE_SERVICE_ROLE_KEY loaded: sb_secret_Dm... (41 chars)

      at Object.log (jest.setup.ts:10:9)

PASS src/__tests__/form-validators.test.ts
  ΓùÅ Console

    console.log
      Γùç injected env (9) from .env.local // tip: Γîÿ multiple files { path: ['.env.local', '.env'] }

      at _log (node_modules/dotenv/lib/main.js:131:11)

    console.log
      [Jest Setup] SUPABASE_SERVICE_ROLE_KEY loaded: sb_secret_Dm... (41 chars)

      at Object.log (jest.setup.ts:10:9)

PASS src/__tests__/landing-data.test.ts
  ΓùÅ Console

    console.log
      Γùç injected env (9) from .env.local // tip: Γîÿ custom filepath { path: '/custom/path/.env' }

      at _log (node_modules/dotenv/lib/main.js:131:11)

    console.log
      [Jest Setup] SUPABASE_SERVICE_ROLE_KEY loaded: sb_secret_Dm... (41 chars)

      at Object.log (jest.setup.ts:10:9)

PASS src/services/intelligence/hr/__tests__/service.test.ts
  ΓùÅ Console

    console.log
      Γùç injected env (9) from .env.local // tip: Γîÿ override existing { override: true }

      at _log (node_modules/dotenv/lib/main.js:131:11)

    console.log
      [Jest Setup] SUPABASE_SERVICE_ROLE_KEY loaded: sb_secret_Dm... (41 chars)

      at Object.log (jest.setup.ts:10:9)

    console.error
      [HRIntelligence.getWorkforceAnalytics] Error: Error: Database connection failed
          at Object.<anonymous> (D:\Antigravity\Projects\BELLA SPA ERP\src\services\intelligence\hr\__tests__\service.test.ts:230:9)
          at Promise.finally.completed (D:\Antigravity\Projects\BELLA SPA ERP\node_modules\jest-circus\build\jestAdapterInit.js:1561:28)
          at new Promise (<anonymous>)
          at callAsyncCircusFn (D:\Antigravity\Projects\BELLA SPA ERP\node_modules\jest-circus\build\jestAdapterInit.js:1501:10)
          at _callCircusTest (D:\Antigravity\Projects\BELLA SPA ERP\node_modules\jest-circus\build\jestAdapterInit.js:1011:40)
          at processTicksAndRejections (node:internal/process/task_queues:104:5)
          at _runTest (D:\Antigravity\Projects\BELLA SPA ERP\node_modules\jest-circus\build\jestAdapterInit.js:951:3)
          at D:\Antigravity\Projects\BELLA SPA ERP\node_modules\jest-circus\build\jestAdapterInit.js:853:7
          at _runTestsForDescribeBlock (D:\Antigravity\Projects\BELLA SPA ERP\node_modules\jest-circus\build\jestAdapterInit.js:866:11)
          at _runTestsForDescribeBlock (D:\Antigravity\Projects\BELLA SPA ERP\node_modules\jest-circus\build\jestAdapterInit.js:861:11)
          at _runTestsForDescribeBlock (D:\Antigravity\Projects\BELLA SPA ERP\node_modules\jest-circus\build\jestAdapterInit.js:861:11)
          at run (D:\Antigravity\Projects\BELLA SPA ERP\node_modules\jest-circus\build\jestAdapterInit.js:765:3)
          at runAndTransformResultsToJestFormat (D:\Antigravity\Projects\BELLA SPA ERP\node_modules\jest-circus\build\jestAdapterInit.js:1993:21)
          at jestAdapter (D:\Antigravity\Projects\BELLA SPA ERP\node_modules\jest-circus\build\runner.js:111:19)
          at runTestInternal (D:\Antigravity\Projects\BELLA SPA ERP\node_modules\jest-runner\build\testWorker.js:276:16)
          at runTest (D:\Antigravity\Projects\BELLA SPA ERP\node_modules\jest-runner\build\testWorker.js:344:7)
          at Object.worker (D:\Antigravity\Projects\BELLA SPA ERP\node_modules\jest-runner\build\testWorker.js:498:12)

      810 |
      811 |     const message = error instanceof Error ? error.message : String(error);
    > 812 |     console.error(`[HRIntelligence.${method}] Error:`, error);
          |             ^
      813 |
      814 |     return new IntelligenceError(
      815 |       `HR intelligence operation failed: ${message}`,

      at HRIntelligenceService.error [as handleError] (src/services/intelligence/hr/service.ts:812:13)
      at HRIntelligenceService.handleError [as getWorkforceAnalytics] (src/services/intelligence/hr/service.ts:150:18)
      at Object.<anonymous> (src/services/intelligence/hr/__tests__/service.test.ts:233:7)

    console.warn
      [HRIntelligence.getWorkforceAnalytics] Cache write error (non-critical): Error: Redis write failed
          at Object.<anonymous> (D:\Antigravity\Projects\BELLA SPA ERP\src\services\intelligence\hr\__tests__\service.test.ts:240:38)
          at Promise.finally.completed (D:\Antigravity\Projects\BELLA SPA ERP\node_modules\jest-circus\build\jestAdapterInit.js:1561:28)
          at new Promise (<anonymous>)
          at callAsyncCircusFn (D:\Antigravity\Projects\BELLA SPA ERP\node_modules\jest-circus\build\jestAdapterInit.js:1501:10)
          at _callCircusTest (D:\Antigravity\Projects\BELLA SPA ERP\node_modules\jest-circus\build\jestAdapterInit.js:1011:40)
          at processTicksAndRejections (node:internal/process/task_queues:104:5)
          at _runTest (D:\Antigravity\Projects\BELLA SPA ERP\node_modules\jest-circus\build\jestAdapterInit.js:951:3)
          at D:\Antigravity\Projects\BELLA SPA ERP\node_modules\jest-circus\build\jestAdapterInit.js:853:7
          at _runTestsForDescribeBlock (D:\Antigravity\Projects\BELLA SPA ERP\node_modules\jest-circus\build\jestAdapterInit.js:866:11)
          at _runTestsForDescribeBlock (D:\Antigravity\Projects\BELLA SPA ERP\node_modules\jest-circus\build\jestAdapterInit.js:861:11)
          at _runTestsForDescribeBlock (D:\Antigravity\Projects\BELLA SPA ERP\node_modules\jest-circus\build\jestAdapterInit.js:861:11)
          at run (D:\Antigravity\Projects\BELLA SPA ERP\node_modules\jest-circus\build\jestAdapterInit.js:765:3)
          at runAndTransformResultsToJestFormat (D:\Antigravity\Projects\BELLA SPA ERP\node_modules\jest-circus\build\jestAdapterInit.js:1993:21)
          at jestAdapter (D:\Antigravity\Projects\BELLA SPA ERP\node_modules\jest-circus\build\runner.js:111:19)
          at runTestInternal (D:\Antigravity\Projects\BELLA SPA ERP\node_modules\jest-runner\build\testWorker.js:276:16)
          at runTest (D:\Antigravity\Projects\BELLA SPA ERP\node_modules\jest-runner\build\testWorker.js:344:7)
          at Object.worker (D:\Antigravity\Projects\BELLA SPA ERP\node_modules\jest-runner\build\testWorker.js:498:12)

      134 |         });
      135 |       } catch (cacheError) {
    > 136 |         console.warn('[HRIntelligence.getWorkforceAnalytics] Cache write error (non-critical):', cacheError);
          |                 ^
      137 |         // Continue - data is already fetched
      138 |       }
      139 |

      at HRIntelligenceService.warn [as getWorkforceAnalytics] (src/services/intelligence/hr/service.ts:136:17)
      at Object.<anonymous> (src/services/intelligence/hr/__tests__/service.test.ts:244:22)

    console.warn
      [HRIntelligence.getAttendanceReport] Cache write error (non-critical): Error: Redis write failed
          at Object.<anonymous> (D:\Antigravity\Projects\BELLA SPA ERP\src\services\intelligence\hr\__tests__\service.test.ts:240:38)
          at Promise.finally.completed (D:\Antigravity\Projects\BELLA SPA ERP\node_modules\jest-circus\build\jestAdapterInit.js:1561:28)
          at new Promise (<anonymous>)
          at callAsyncCircusFn (D:\Antigravity\Projects\BELLA SPA ERP\node_modules\jest-circus\build\jestAdapterInit.js:1501:10)
          at _callCircusTest (D:\Antigravity\Projects\BELLA SPA ERP\node_modules\jest-circus\build\jestAdapterInit.js:1011:40)
          at processTicksAndRejections (node:internal/process/task_queues:104:5)
          at _runTest (D:\Antigravity\Projects\BELLA SPA ERP\node_modules\jest-circus\build\jestAdapterInit.js:951:3)
          at D:\Antigravity\Projects\BELLA SPA ERP\node_modules\jest-circus\build\jestAdapterInit.js:853:7
          at _runTestsForDescribeBlock (D:\Antigravity\Projects\BELLA SPA ERP\node_modules\jest-circus\build\jestAdapterInit.js:866:11)
          at _runTestsForDescribeBlock (D:\Antigravity\Projects\BELLA SPA ERP\node_modules\jest-circus\build\jestAdapterInit.js:861:11)
          at _runTestsForDescribeBlock (D:\Antigravity\Projects\BELLA SPA ERP\node_modules\jest-circus\build\jestAdapterInit.js:861:11)
          at run (D:\Antigravity\Projects\BELLA SPA ERP\node_modules\jest-circus\build\jestAdapterInit.js:765:3)
          at runAndTransformResultsToJestFormat (D:\Antigravity\Projects\BELLA SPA ERP\node_modules\jest-circus\build\jestAdapterInit.js:1993:21)
          at jestAdapter (D:\Antigravity\Projects\BELLA SPA ERP\node_modules\jest-circus\build\runner.js:111:19)
          at runTestInternal (D:\Antigravity\Projects\BELLA SPA ERP\node_modules\jest-runner\build\testWorker.js:276:16)
          at runTest (D:\Antigravity\Projects\BELLA SPA ERP\node_modules\jest-runner\build\testWorker.js:344:7)
          at Object.worker (D:\Antigravity\Projects\BELLA SPA ERP\node_modules\jest-runner\build\testWorker.js:498:12)

      224 |         });
      225 |       } catch (cacheError) {
    > 226 |         console.warn('[HRIntelligence.getAttendanceReport] Cache write error (non-critical):', cacheError);
          |                 ^
      227 |         // Continue - data is already fetched
      228 |       }
      229 |

      at HRIntelligenceService.warn [as getAttendanceReport] (src/services/intelligence/hr/service.ts:226:17)
      at Object.<anonymous> (src/services/intelligence/hr/__tests__/service.test.ts:260:22)

    console.warn
      [HRIntelligence.getAttendanceReport] Cache write error (non-critical): Error: Redis write failed
          at Object.<anonymous> (D:\Antigravity\Projects\BELLA SPA ERP\src\services\intelligence\hr\__tests__\service.test.ts:240:38)
          at Promise.finally.completed (D:\Antigravity\Projects\BELLA SPA ERP\node_modules\jest-circus\build\jestAdapterInit.js:1561:28)
          at new Promise (<anonymous>)
          at callAsyncCircusFn (D:\Antigravity\Projects\BELLA SPA ERP\node_modules\jest-circus\build\jestAdapterInit.js:1501:10)
          at _callCircusTest (D:\Antigravity\Projects\BELLA SPA ERP\node_modules\jest-circus\build\jestAdapterInit.js:1011:40)
          at processTicksAndRejections (node:internal/process/task_queues:104:5)
          at _runTest (D:\Antigravity\Projects\BELLA SPA ERP\node_modules\jest-circus\build\jestAdapterInit.js:951:3)
          at D:\Antigravity\Projects\BELLA SPA ERP\node_modules\jest-circus\build\jestAdapterInit.js:853:7
          at _runTestsForDescribeBlock (D:\Antigravity\Projects\BELLA SPA ERP\node_modules\jest-circus\build\jestAdapterInit.js:866:11)
          at _runTestsForDescribeBlock (D:\Antigravity\Projects\BELLA SPA ERP\node_modules\jest-circus\build\jestAdapterInit.js:861:11)
          at _runTestsForDescribeBlock (D:\Antigravity\Projects\BELLA SPA ERP\node_modules\jest-circus\build\jestAdapterInit.js:861:11)
          at run (D:\Antigravity\Projects\BELLA SPA ERP\node_modules\jest-circus\build\jestAdapterInit.js:765:3)
          at runAndTransformResultsToJestFormat (D:\Antigravity\Projects\BELLA SPA ERP\node_modules\jest-circus\build\jestAdapterInit.js:1993:21)
          at jestAdapter (D:\Antigravity\Projects\BELLA SPA ERP\node_modules\jest-circus\build\runner.js:111:19)
          at runTestInternal (D:\Antigravity\Projects\BELLA SPA ERP\node_modules\jest-runner\build\testWorker.js:276:16)
          at runTest (D:\Antigravity\Projects\BELLA SPA ERP\node_modules\jest-runner\build\testWorker.js:344:7)
          at Object.worker (D:\Antigravity\Projects\BELLA SPA ERP\node_modules\jest-runner\build\testWorker.js:498:12)

      224 |         });
      225 |       } catch (cacheError) {
    > 226 |         console.warn('[HRIntelligence.getAttendanceReport] Cache write error (non-critical):', cacheError);
          |                 ^
      227 |         // Continue - data is already fetched
      228 |       }
      229 |

      at HRIntelligenceService.warn [as getAttendanceReport] (src/services/intelligence/hr/service.ts:226:17)
      at Object.<anonymous> (src/services/intelligence/hr/__tests__/service.test.ts:270:22)

    console.warn
      [HRIntelligence.getPayrollSummary] Cache write error (non-critical): Error: Redis write failed
          at Object.<anonymous> (D:\Antigravity\Projects\BELLA SPA ERP\src\services\intelligence\hr\__tests__\service.test.ts:240:38)
          at Promise.finally.completed (D:\Antigravity\Projects\BELLA SPA ERP\node_modules\jest-circus\build\jestAdapterInit.js:1561:28)
          at new Promise (<anonymous>)
          at callAsyncCircusFn (D:\Antigravity\Projects\BELLA SPA ERP\node_modules\jest-circus\build\jestAdapterInit.js:1501:10)
          at _callCircusTest (D:\Antigravity\Projects\BELLA SPA ERP\node_modules\jest-circus\build\jestAdapterInit.js:1011:40)
          at processTicksAndRejections (node:internal/process/task_queues:104:5)
          at _runTest (D:\Antigravity\Projects\BELLA SPA ERP\node_modules\jest-circus\build\jestAdapterInit.js:951:3)
          at D:\Antigravity\Projects\BELLA SPA ERP\node_modules\jest-circus\build\jestAdapterInit.js:853:7
          at _runTestsForDescribeBlock (D:\Antigravity\Projects\BELLA SPA ERP\node_modules\jest-circus\build\jestAdapterInit.js:866:11)
          at _runTestsForDescribeBlock (D:\Antigravity\Projects\BELLA SPA ERP\node_modules\jest-circus\build\jestAdapterInit.js:861:11)
          at _runTestsForDescribeBlock (D:\Antigravity\Projects\BELLA SPA ERP\node_modules\jest-circus\build\jestAdapterInit.js:861:11)
          at run (D:\Antigravity\Projects\BELLA SPA ERP\node_modules\jest-circus\build\jestAdapterInit.js:765:3)
          at runAndTransformResultsToJestFormat (D:\Antigravity\Projects\BELLA SPA ERP\node_modules\jest-circus\build\jestAdapterInit.js:1993:21)
          at jestAdapter (D:\Antigravity\Projects\BELLA SPA ERP\node_modules\jest-circus\build\runner.js:111:19)
          at runTestInternal (D:\Antigravity\Projects\BELLA SPA ERP\node_modules\jest-runner\build\testWorker.js:276:16)
          at runTest (D:\Antigravity\Projects\BELLA SPA ERP\node_modules\jest-runner\build\testWorker.js:344:7)
          at Object.worker (D:\Antigravity\Projects\BELLA SPA ERP\node_modules\jest-runner\build\testWorker.js:498:12)

      307 |         });
      308 |       } catch (cacheError) {
    > 309 |         console.warn('[HRIntelligence.getPayrollSummary] Cache write error (non-critical):', cacheError);
          |                 ^
      310 |         // Continue - data is already fetched
      311 |       }
      312 |

      at HRIntelligenceService.warn [as getPayrollSummary] (src/services/intelligence/hr/service.ts:309:17)
      at Object.<anonymous> (src/services/intelligence/hr/__tests__/service.test.ts:286:22)

    console.warn
      [HRIntelligence.getEmployeePerformance] Cache write error (non-critical): Error: Redis write failed
          at Object.<anonymous> (D:\Antigravity\Projects\BELLA SPA ERP\src\services\intelligence\hr\__tests__\service.test.ts:240:38)
          at Promise.finally.completed (D:\Antigravity\Projects\BELLA SPA ERP\node_modules\jest-circus\build\jestAdapterInit.js:1561:28)
          at new Promise (<anonymous>)
          at callAsyncCircusFn (D:\Antigravity\Projects\BELLA SPA ERP\node_modules\jest-circus\build\jestAdapterInit.js:1501:10)
          at _callCircusTest (D:\Antigravity\Projects\BELLA SPA ERP\node_modules\jest-circus\build\jestAdapterInit.js:1011:40)
          at processTicksAndRejections (node:internal/process/task_queues:104:5)
          at _runTest (D:\Antigravity\Projects\BELLA SPA ERP\node_modules\jest-circus\build\jestAdapterInit.js:951:3)
          at D:\Antigravity\Projects\BELLA SPA ERP\node_modules\jest-circus\build\jestAdapterInit.js:853:7
          at _runTestsForDescribeBlock (D:\Antigravity\Projects\BELLA SPA ERP\node_modules\jest-circus\build\jestAdapterInit.js:866:11)
          at _runTestsForDescribeBlock (D:\Antigravity\Projects\BELLA SPA ERP\node_modules\jest-circus\build\jestAdapterInit.js:861:11)
          at _runTestsForDescribeBlock (D:\Antigravity\Projects\BELLA SPA ERP\node_modules\jest-circus\build\jestAdapterInit.js:861:11)
          at run (D:\Antigravity\Projects\BELLA SPA ERP\node_modules\jest-circus\build\jestAdapterInit.js:765:3)
          at runAndTransformResultsToJestFormat (D:\Antigravity\Projects\BELLA SPA ERP\node_modules\jest-circus\build\jestAdapterInit.js:1993:21)
          at jestAdapter (D:\Antigravity\Projects\BELLA SPA ERP\node_modules\jest-circus\build\runner.js:111:19)
          at runTestInternal (D:\Antigravity\Projects\BELLA SPA ERP\node_modules\jest-runner\build\testWorker.js:276:16)
          at runTest (D:\Antigravity\Projects\BELLA SPA ERP\node_modules\jest-runner\build\testWorker.js:344:7)
          at Object.worker (D:\Antigravity\Projects\BELLA SPA ERP\node_modules\jest-runner\build\testWorker.js:498:12)

      397 |         });
      398 |       } catch (cacheError) {
    > 399 |         console.warn('[HRIntelligence.getEmployeePerformance] Cache write error (non-critical):', cacheError);
          |                 ^
      400 |         // Continue - data is already fetched
      401 |       }
      402 |

      at HRIntelligenceService.warn [as getEmployeePerformance] (src/services/intelligence/hr/service.ts:399:17)
      at Object.<anonymous> (src/services/intelligence/hr/__tests__/service.test.ts:302:22)

    console.error
      [HRIntelligence] Health check failed: Error: Redis connection failed
          at Object.<anonymous> (D:\Antigravity\Projects\BELLA SPA ERP\src\services\intelligence\hr\__tests__\service.test.ts:327:38)
          at Promise.finally.completed (D:\Antigravity\Projects\BELLA SPA ERP\node_modules\jest-circus\build\jestAdapterInit.js:1561:28)
          at new Promise (<anonymous>)
          at callAsyncCircusFn (D:\Antigravity\Projects\BELLA SPA ERP\node_modules\jest-circus\build\jestAdapterInit.js:1501:10)
          at _callCircusTest (D:\Antigravity\Projects\BELLA SPA ERP\node_modules\jest-circus\build\jestAdapterInit.js:1011:40)
          at processTicksAndRejections (node:internal/process/task_queues:104:5)
          at _runTest (D:\Antigravity\Projects\BELLA SPA ERP\node_modules\jest-circus\build\jestAdapterInit.js:951:3)
          at D:\Antigravity\Projects\BELLA SPA ERP\node_modules\jest-circus\build\jestAdapterInit.js:853:7
          at _runTestsForDescribeBlock (D:\Antigravity\Projects\BELLA SPA ERP\node_modules\jest-circus\build\jestAdapterInit.js:866:11)
          at _runTestsForDescribeBlock (D:\Antigravity\Projects\BELLA SPA ERP\node_modules\jest-circus\build\jestAdapterInit.js:861:11)
          at _runTestsForDescribeBlock (D:\Antigravity\Projects\BELLA SPA ERP\node_modules\jest-circus\build\jestAdapterInit.js:861:11)
          at run (D:\Antigravity\Projects\BELLA SPA ERP\node_modules\jest-circus\build\jestAdapterInit.js:765:3)
          at runAndTransformResultsToJestFormat (D:\Antigravity\Projects\BELLA SPA ERP\node_modules\jest-circus\build\jestAdapterInit.js:1993:21)
          at jestAdapter (D:\Antigravity\Projects\BELLA SPA ERP\node_modules\jest-circus\build\runner.js:111:19)
          at runTestInternal (D:\Antigravity\Projects\BELLA SPA ERP\node_modules\jest-runner\build\testWorker.js:276:16)
          at runTest (D:\Antigravity\Projects\BELLA SPA ERP\node_modules\jest-runner\build\testWorker.js:344:7)
          at Object.worker (D:\Antigravity\Projects\BELLA SPA ERP\node_modules\jest-runner\build\testWorker.js:498:12)

      768 |       return true;
      769 |     } catch (error) {
    > 770 |       console.error('[HRIntelligence] Health check failed:', error);
          |               ^
      771 |       return false;
      772 |     }
      773 |   }

      at HRIntelligenceService.error [as healthCheck] (src/services/intelligence/hr/service.ts:770:15)
      at Object.<anonymous> (src/services/intelligence/hr/__tests__/service.test.ts:329:22)

    console.log
      [HRIntelligence] Cache cleared for tenant: 123e4567-e89b-12d3-a456-426614174000

      at HRIntelligenceService.log [as clearCache] (src/services/intelligence/hr/service.ts:786:17)

    console.error
      [HRIntelligence] Failed to clear cache: Error: Redis deletePattern failed
          at Object.<anonymous> (D:\Antigravity\Projects\BELLA SPA ERP\src\services\intelligence\hr\__tests__\service.test.ts:349:48)
          at Promise.finally.completed (D:\Antigravity\Projects\BELLA SPA ERP\node_modules\jest-circus\build\jestAdapterInit.js:1561:28)
          at new Promise (<anonymous>)
          at callAsyncCircusFn (D:\Antigravity\Projects\BELLA SPA ERP\node_modules\jest-circus\build\jestAdapterInit.js:1501:10)
          at _callCircusTest (D:\Antigravity\Projects\BELLA SPA ERP\node_modules\jest-circus\build\jestAdapterInit.js:1011:40)
          at processTicksAndRejections (node:internal/process/task_queues:104:5)
          at _runTest (D:\Antigravity\Projects\BELLA SPA ERP\node_modules\jest-circus\build\jestAdapterInit.js:951:3)
          at D:\Antigravity\Projects\BELLA SPA ERP\node_modules\jest-circus\build\jestAdapterInit.js:853:7
          at _runTestsForDescribeBlock (D:\Antigravity\Projects\BELLA SPA ERP\node_modules\jest-circus\build\jestAdapterInit.js:866:11)
          at _runTestsForDescribeBlock (D:\Antigravity\Projects\BELLA SPA ERP\node_modules\jest-circus\build\jestAdapterInit.js:861:11)
          at _runTestsForDescribeBlock (D:\Antigravity\Projects\BELLA SPA ERP\node_modules\jest-circus\build\jestAdapterInit.js:861:11)
          at run (D:\Antigravity\Projects\BELLA SPA ERP\node_modules\jest-circus\build\jestAdapterInit.js:765:3)
          at runAndTransformResultsToJestFormat (D:\Antigravity\Projects\BELLA SPA ERP\node_modules\jest-circus\build\jestAdapterInit.js:1993:21)
          at jestAdapter (D:\Antigravity\Projects\BELLA SPA ERP\node_modules\jest-circus\build\runner.js:111:19)
          at runTestInternal (D:\Antigravity\Projects\BELLA SPA ERP\node_modules\jest-runner\build\testWorker.js:276:16)
          at runTest (D:\Antigravity\Projects\BELLA SPA ERP\node_modules\jest-runner\build\testWorker.js:344:7)
          at Object.worker (D:\Antigravity\Projects\BELLA SPA ERP\node_modules\jest-runner\build\testWorker.js:498:12)

      791 |       }
      792 |     } catch (error) {
    > 793 |       console.error('[HRIntelligence] Failed to clear cache:', error);
          |               ^
      794 |       throw new IntelligenceError(
      795 |         'Failed to clear HR intelligence cache',
      796 |         'CACHE_CLEAR_ERROR',

      at HRIntelligenceService.error [as clearCache] (src/services/intelligence/hr/service.ts:793:15)
      at Object.<anonymous> (src/services/intelligence/hr/__tests__/service.test.ts:351:7)

    console.warn
      [HRIntelligence.getWorkforceAnalytics] Cache read error, falling back to database: SyntaxError: Unexpected token i in JSON at position 0
          at Object.<anonymous> (D:\Antigravity\Projects\BELLA SPA ERP\src\services\intelligence\hr\__tests__\service.test.ts:362:38)
          at Promise.finally.completed (D:\Antigravity\Projects\BELLA SPA ERP\node_modules\jest-circus\build\jestAdapterInit.js:1561:28)
          at new Promise (<anonymous>)
          at callAsyncCircusFn (D:\Antigravity\Projects\BELLA SPA ERP\node_modules\jest-circus\build\jestAdapterInit.js:1501:10)
          at _callCircusTest (D:\Antigravity\Projects\BELLA SPA ERP\node_modules\jest-circus\build\jestAdapterInit.js:1011:40)
          at processTicksAndRejections (node:internal/process/task_queues:104:5)
          at _runTest (D:\Antigravity\Projects\BELLA SPA ERP\node_modules\jest-circus\build\jestAdapterInit.js:951:3)
          at D:\Antigravity\Projects\BELLA SPA ERP\node_modules\jest-circus\build\jestAdapterInit.js:853:7
          at _runTestsForDescribeBlock (D:\Antigravity\Projects\BELLA SPA ERP\node_modules\jest-circus\build\jestAdapterInit.js:866:11)
          at _runTestsForDescribeBlock (D:\Antigravity\Projects\BELLA SPA ERP\node_modules\jest-circus\build\jestAdapterInit.js:861:11)
          at _runTestsForDescribeBlock (D:\Antigravity\Projects\BELLA SPA ERP\node_modules\jest-circus\build\jestAdapterInit.js:861:11)
          at run (D:\Antigravity\Projects\BELLA SPA ERP\node_modules\jest-circus\build\jestAdapterInit.js:765:3)
          at runAndTransformResultsToJestFormat (D:\Antigravity\Projects\BELLA SPA ERP\node_modules\jest-circus\build\jestAdapterInit.js:1993:21)
          at jestAdapter (D:\Antigravity\Projects\BELLA SPA ERP\node_modules\jest-circus\build\runner.js:111:19)
          at runTestInternal (D:\Antigravity\Projects\BELLA SPA ERP\node_modules\jest-runner\build\testWorker.js:276:16)
          at runTest (D:\Antigravity\Projects\BELLA SPA ERP\node_modules\jest-runner\build\testWorker.js:344:7)
          at Object.worker (D:\Antigravity\Projects\BELLA SPA ERP\node_modules\jest-runner\build\testWorker.js:498:12)

      108 |         cached = await this.cache.get<WorkforceAnalytics>(cacheKey);
      109 |       } catch (cacheError) {
    > 110 |         console.warn('[HRIntelligence.getWorkforceAnalytics] Cache read error, falling back to database:', cacheError);
          |                 ^
      111 |         // Continue to database query
      112 |       }
      113 |

      at HRIntelligenceService.warn [as getWorkforceAnalytics] (src/services/intelligence/hr/service.ts:110:17)
      at Object.<anonymous> (src/services/intelligence/hr/__tests__/service.test.ts:365:22)

PASS src/__tests__/booking-tenant-scope.test.ts
  ΓùÅ Console

    console.log
      Γùç injected env (9) from .env.local // tip: Γîÿ suppress logs { quiet: true }

      at _log (node_modules/dotenv/lib/main.js:131:11)

    console.log
      [Jest Setup] SUPABASE_SERVICE_ROLE_KEY loaded: sb_secret_Dm... (41 chars)

      at Object.log (jest.setup.ts:10:9)

PASS src/__tests__/policy-registry/auto-register.test.ts
  ΓùÅ Console

    console.log
      Γùç injected env (9) from .env.local // tip: Γîÿ suppress logs { quiet: true }

      at _log (node_modules/dotenv/lib/main.js:131:11)

    console.log
      [Jest Setup] SUPABASE_SERVICE_ROLE_KEY loaded: sb_secret_Dm... (41 chars)

      at Object.log (jest.setup.ts:10:9)

    console.log
      [PolicyRegistry] Auto-registering existing policies...

      at log (src/lib/policy-registry/auto-register.ts:42:11)

    console.log
      [PolicyRegistry] Successfully registered 8 policies

      at log (src/lib/policy-registry/auto-register.ts:193:13)

    console.log
      [PolicyRegistry] Total policies: 8

      at log (src/lib/policy-registry/auto-register.ts:197:13)

    console.log
      [PolicyRegistry] By domain: { payroll: 2, booking: 3, procurement: 3 }

      at log (src/lib/policy-registry/auto-register.ts:198:13)

    console.log
      [PolicyRegistry] By category: {
        reward: 2,
        eligibility: 1,
        recommendation: 1,
        approval: 2,
        validation: 1,
        escalation: 1
      }

      at log (src/lib/policy-registry/auto-register.ts:199:13)

    console.log
      [PolicyRegistry] Auto-registering existing policies...

      at log (src/lib/policy-registry/auto-register.ts:42:11)

    console.log
      [PolicyRegistry] Successfully registered 8 policies

      at log (src/lib/policy-registry/auto-register.ts:193:13)

    console.log
      [PolicyRegistry] Total policies: 8

      at log (src/lib/policy-registry/auto-register.ts:197:13)

    console.log
      [PolicyRegistry] By domain: { payroll: 2, booking: 3, procurement: 3 }

      at log (src/lib/policy-registry/auto-register.ts:198:13)

    console.log
      [PolicyRegistry] By category: {
        reward: 2,
        eligibility: 1,
        recommendation: 1,
        approval: 2,
        validation: 1,
        escalation: 1
      }

      at log (src/lib/policy-registry/auto-register.ts:199:13)

    console.log
      [PolicyRegistry] Auto-registering existing policies...

      at log (src/lib/policy-registry/auto-register.ts:42:11)

    console.log
      [PolicyRegistry] Successfully registered 8 policies

      at log (src/lib/policy-registry/auto-register.ts:193:13)

    console.log
      [PolicyRegistry] Total policies: 8

      at log (src/lib/policy-registry/auto-register.ts:197:13)

    console.log
      [PolicyRegistry] By domain: { payroll: 2, booking: 3, procurement: 3 }

      at log (src/lib/policy-registry/auto-register.ts:198:13)

    console.log
      [PolicyRegistry] By category: {
        reward: 2,
        eligibility: 1,
        recommendation: 1,
        approval: 2,
        validation: 1,
        escalation: 1
      }

      at log (src/lib/policy-registry/auto-register.ts:199:13)

    console.log
      [PolicyRegistry] Auto-registering existing policies...

      at log (src/lib/policy-registry/auto-register.ts:42:11)

    console.log
      [PolicyRegistry] Successfully registered 8 policies

      at log (src/lib/policy-registry/auto-register.ts:193:13)

    console.log
      [PolicyRegistry] Total policies: 8

      at log (src/lib/policy-registry/auto-register.ts:197:13)

    console.log
      [PolicyRegistry] By domain: { payroll: 2, booking: 3, procurement: 3 }

      at log (src/lib/policy-registry/auto-register.ts:198:13)

    console.log
      [PolicyRegistry] By category: {
        reward: 2,
        eligibility: 1,
        recommendation: 1,
        approval: 2,
        validation: 1,
        escalation: 1
      }

      at log (src/lib/policy-registry/auto-register.ts:199:13)

    console.log
      [PolicyRegistry] Auto-registering existing policies...

      at log (src/lib/policy-registry/auto-register.ts:42:11)

    console.log
      [PolicyRegistry] Successfully registered 8 policies

      at log (src/lib/policy-registry/auto-register.ts:193:13)

    console.log
      [PolicyRegistry] Total policies: 8

      at log (src/lib/policy-registry/auto-register.ts:197:13)

    console.log
      [PolicyRegistry] By domain: { payroll: 2, booking: 3, procurement: 3 }

      at log (src/lib/policy-registry/auto-register.ts:198:13)

    console.log
      [PolicyRegistry] By category: {
        reward: 2,
        eligibility: 1,
        recommendation: 1,
        approval: 2,
        validation: 1,
        escalation: 1
      }

      at log (src/lib/policy-registry/auto-register.ts:199:13)

    console.log
      [PolicyRegistry] Auto-registering existing policies...

      at log (src/lib/policy-registry/auto-register.ts:42:11)

    console.log
      [PolicyRegistry] Successfully registered 8 policies

      at log (src/lib/policy-registry/auto-register.ts:193:13)

    console.log
      [PolicyRegistry] Total policies: 8

      at log (src/lib/policy-registry/auto-register.ts:197:13)

    console.log
      [PolicyRegistry] By domain: { payroll: 2, booking: 3, procurement: 3 }

      at log (src/lib/policy-registry/auto-register.ts:198:13)

    console.log
      [PolicyRegistry] By category: {
        reward: 2,
        eligibility: 1,
        recommendation: 1,
        approval: 2,
        validation: 1,
        escalation: 1
      }

      at log (src/lib/policy-registry/auto-register.ts:199:13)

    console.log
      [PolicyRegistry] Auto-registering existing policies...

      at log (src/lib/policy-registry/auto-register.ts:42:11)

    console.log
      [PolicyRegistry] Successfully registered 8 policies

      at log (src/lib/policy-registry/auto-register.ts:193:13)

    console.log
      [PolicyRegistry] Total policies: 8

      at log (src/lib/policy-registry/auto-register.ts:197:13)

    console.log
      [PolicyRegistry] By domain: { payroll: 2, booking: 3, procurement: 3 }

      at log (src/lib/policy-registry/auto-register.ts:198:13)

    console.log
      [PolicyRegistry] By category: {
        reward: 2,
        eligibility: 1,
        recommendation: 1,
        approval: 2,
        validation: 1,
        escalation: 1
      }

      at log (src/lib/policy-registry/auto-register.ts:199:13)

    console.log
      [PolicyRegistry] Auto-registering existing policies...

      at log (src/lib/policy-registry/auto-register.ts:42:11)

    console.log
      [PolicyRegistry] Successfully registered 8 policies

      at log (src/lib/policy-registry/auto-register.ts:193:13)

    console.log
      [PolicyRegistry] Total policies: 8

      at log (src/lib/policy-registry/auto-register.ts:197:13)

    console.log
      [PolicyRegistry] By domain: { payroll: 2, booking: 3, procurement: 3 }

      at log (src/lib/policy-registry/auto-register.ts:198:13)

    console.log
      [PolicyRegistry] By category: {
        reward: 2,
        eligibility: 1,
        recommendation: 1,
        approval: 2,
        validation: 1,
        escalation: 1
      }

      at log (src/lib/policy-registry/auto-register.ts:199:13)

    console.log
      [PolicyRegistry] Already initialized, skipping auto-registration

      at log (src/lib/policy-registry/auto-register.ts:218:13)

    console.log
      [PolicyRegistry] Auto-registering existing policies...

      at log (src/lib/policy-registry/auto-register.ts:42:11)

    console.log
      [PolicyRegistry] Successfully registered 8 policies

      at log (src/lib/policy-registry/auto-register.ts:193:13)

    console.log
      [PolicyRegistry] Total policies: 8

      at log (src/lib/policy-registry/auto-register.ts:197:13)

    console.log
      [PolicyRegistry] By domain: { payroll: 2, booking: 3, procurement: 3 }

      at log (src/lib/policy-registry/auto-register.ts:198:13)

    console.log
      [PolicyRegistry] By category: {
        reward: 2,
        eligibility: 1,
        recommendation: 1,
        approval: 2,
        validation: 1,
        escalation: 1
      }

      at log (src/lib/policy-registry/auto-register.ts:199:13)

    console.log
      [PolicyRegistry] Auto-registering existing policies...

      at log (src/lib/policy-registry/auto-register.ts:42:11)

    console.log
      [PolicyRegistry] Successfully registered 8 policies

      at log (src/lib/policy-registry/auto-register.ts:193:13)

    console.log
      [PolicyRegistry] Total policies: 8

      at log (src/lib/policy-registry/auto-register.ts:197:13)

    console.log
      [PolicyRegistry] By domain: { payroll: 2, booking: 3, procurement: 3 }

      at log (src/lib/policy-registry/auto-register.ts:198:13)

    console.log
      [PolicyRegistry] By category: {
        reward: 2,
        eligibility: 1,
        recommendation: 1,
        approval: 2,
        validation: 1,
        escalation: 1
      }

      at log (src/lib/policy-registry/auto-register.ts:199:13)

    console.log
      [PolicyRegistry] Auto-registering existing policies...

      at log (src/lib/policy-registry/auto-register.ts:42:11)

    console.log
      [PolicyRegistry] Successfully registered 8 policies

      at log (src/lib/policy-registry/auto-register.ts:193:13)

    console.log
      [PolicyRegistry] Total policies: 8

      at log (src/lib/policy-registry/auto-register.ts:197:13)

    console.log
      [PolicyRegistry] By domain: { payroll: 2, booking: 3, procurement: 3 }

      at log (src/lib/policy-registry/auto-register.ts:198:13)

    console.log
      [PolicyRegistry] By category: {
        reward: 2,
        eligibility: 1,
        recommendation: 1,
        approval: 2,
        validation: 1,
        escalation: 1
      }

      at log (src/lib/policy-registry/auto-register.ts:199:13)

    console.log
      [PolicyRegistry] Auto-registering existing policies...

      at log (src/lib/policy-registry/auto-register.ts:42:11)

    console.log
      [PolicyRegistry] Successfully registered 8 policies

      at log (src/lib/policy-registry/auto-register.ts:193:13)

    console.log
      [PolicyRegistry] Total policies: 8

      at log (src/lib/policy-registry/auto-register.ts:197:13)

    console.log
      [PolicyRegistry] By domain: { payroll: 2, booking: 3, procurement: 3 }

      at log (src/lib/policy-registry/auto-register.ts:198:13)

    console.log
      [PolicyRegistry] By category: {
        reward: 2,
        eligibility: 1,
        recommendation: 1,
        approval: 2,
        validation: 1,
        escalation: 1
      }

      at log (src/lib/policy-registry/auto-register.ts:199:13)

    console.log
      [PolicyRegistry] Auto-registering existing policies...

      at log (src/lib/policy-registry/auto-register.ts:42:11)

    console.log
      [PolicyRegistry] Successfully registered 8 policies

      at log (src/lib/policy-registry/auto-register.ts:193:13)

    console.log
      [PolicyRegistry] Total policies: 8

      at log (src/lib/policy-registry/auto-register.ts:197:13)

    console.log
      [PolicyRegistry] By domain: { payroll: 2, booking: 3, procurement: 3 }

      at log (src/lib/policy-registry/auto-register.ts:198:13)

    console.log
      [PolicyRegistry] By category: {
        reward: 2,
        eligibility: 1,
        recommendation: 1,
        approval: 2,
        validation: 1,
        escalation: 1
      }

      at log (src/lib/policy-registry/auto-register.ts:199:13)

    console.log
      [PolicyRegistry] Auto-registering existing policies...

      at log (src/lib/policy-registry/auto-register.ts:42:11)

    console.log
      [PolicyRegistry] Successfully registered 8 policies

      at log (src/lib/policy-registry/auto-register.ts:193:13)

    console.log
      [PolicyRegistry] Total policies: 8

      at log (src/lib/policy-registry/auto-register.ts:197:13)

    console.log
      [PolicyRegistry] By domain: { payroll: 2, booking: 3, procurement: 3 }

      at log (src/lib/policy-registry/auto-register.ts:198:13)

    console.log
      [PolicyRegistry] By category: {
        reward: 2,
        eligibility: 1,
        recommendation: 1,
        approval: 2,
        validation: 1,
        escalation: 1
      }

      at log (src/lib/policy-registry/auto-register.ts:199:13)

    console.log
      [PolicyRegistry] Auto-registering existing policies...

      at log (src/lib/policy-registry/auto-register.ts:42:11)

    console.log
      [PolicyRegistry] Successfully registered 8 policies

      at log (src/lib/policy-registry/auto-register.ts:193:13)

    console.log
      [PolicyRegistry] Total policies: 8

      at log (src/lib/policy-registry/auto-register.ts:197:13)

    console.log
      [PolicyRegistry] By domain: { payroll: 2, booking: 3, procurement: 3 }

      at log (src/lib/policy-registry/auto-register.ts:198:13)

    console.log
      [PolicyRegistry] By category: {
        reward: 2,
        eligibility: 1,
        recommendation: 1,
        approval: 2,
        validation: 1,
        escalation: 1
      }

      at log (src/lib/policy-registry/auto-register.ts:199:13)

PASS src/__tests__/api-key-middleware.test.ts
  ΓùÅ Console

    console.log
      Γùç injected env (9) from .env.local // tip: Γùê encrypted .env [www.dotenvx.com]

      at _log (node_modules/dotenv/lib/main.js:131:11)

    console.log
      [Jest Setup] SUPABASE_SERVICE_ROLE_KEY loaded: sb_secret_Dm... (41 chars)

      at Object.log (jest.setup.ts:10:9)

    console.warn
      [SECURITY] Blocked request from unauthorized IP: 203.0.113.195 for partner: Partner A

      391 |
      392 |     if (whitelist.length > 0 && !whitelist.includes(clientIp)) {
    > 393 |       console.warn(
          |               ^
      394 |         '[SECURITY] Blocked request from unauthorized IP: %s for partner: %s',
      395 |         clientIp,
      396 |         partnerInfo.partner_name

      at warn (src/lib/middleware/api-key.middleware.ts:393:15)
      at Object.<anonymous> (src/__tests__/api-key-middleware.test.ts:176:24)

    console.warn
      [SECURITY] Blocked request from unauthorized IP: 203.0.113.195 for partner: Partner A

      391 |
      392 |     if (whitelist.length > 0 && !whitelist.includes(clientIp)) {
    > 393 |       console.warn(
          |               ^
      394 |         '[SECURITY] Blocked request from unauthorized IP: %s for partner: %s',
      395 |         clientIp,
      396 |         partnerInfo.partner_name

      at warn (src/lib/middleware/api-key.middleware.ts:393:15)
      at Object.<anonymous> (src/__tests__/api-key-middleware.test.ts:219:7)

    console.error
      [SECURITY ALERT] Tenant injection attempt detected {
        partner_id: 'test_partner_a',
        partner_tenant_id: 'tenant_a_uuid',
        provided_tenant_id: 'tenant_b_uuid',
        endpoint: '/api/v1/orders',
        ip_address: 'unknown'
      }

      451 |       const tenantId = (body as Record<string, unknown>).tenant_id;
      452 |       if (tenantId && tenantId !== partnerInfo.tenant_id) {
    > 453 |         console.error('[SECURITY ALERT] Tenant injection attempt detected', {
          |                 ^
      454 |           partner_id: partnerInfo.partner_id,
      455 |           partner_tenant_id: partnerInfo.tenant_id,
      456 |           provided_tenant_id: tenantId,

      at error (src/lib/middleware/api-key.middleware.ts:453:17)
      at Object.<anonymous> (src/__tests__/api-key-middleware.test.ts:286:24)

PASS src/__tests__/complete-session-action.test.ts
  ΓùÅ Console

    console.log
      Γùç injected env (9) from .env.local // tip: Γîÿ enable debugging { debug: true }

      at _log (node_modules/dotenv/lib/main.js:131:11)

    console.log
      [Jest Setup] SUPABASE_SERVICE_ROLE_KEY loaded: sb_secret_Dm... (41 chars)

      at Object.log (jest.setup.ts:10:9)

    console.error
      [completeSession] Failed to process session completion, rolling back status: engine failed

      129 |
      130 |   if (result.error) {
    > 131 |     console.error('[completeSession] Failed to process session completion, rolling back status:', result.error);
          |             ^
      132 |     // Rollback session status
      133 |     const { error: rollbackError } = await supabase.from('session_logs').update({
      134 |       status: existingLog?.status || 'scheduled',

      at error (src/core/services/order/complete-session-action.ts:131:13)
      at Object.<anonymous> (src/__tests__/complete-session-action.test.ts:159:20)

    console.error
      [completeSession] Failed to process session completion, rolling back status: engine failed

      129 |
      130 |   if (result.error) {
    > 131 |     console.error('[completeSession] Failed to process session completion, rolling back status:', result.error);
          |             ^
      132 |     // Rollback session status
      133 |     const { error: rollbackError } = await supabase.from('session_logs').update({
      134 |       status: existingLog?.status || 'scheduled',

      at error (src/core/services/order/complete-session-action.ts:131:13)
      at Object.<anonymous> (src/__tests__/complete-session-action.test.ts:235:20)

    console.error
      [completeSession] Failed to process session completion, rolling back status: engine failed

      129 |
      130 |   if (result.error) {
    > 131 |     console.error('[completeSession] Failed to process session completion, rolling back status:', result.error);
          |             ^
      132 |     // Rollback session status
      133 |     const { error: rollbackError } = await supabase.from('session_logs').update({
      134 |       status: existingLog?.status || 'scheduled',

      at error (src/core/services/order/complete-session-action.ts:131:13)
      at Object.<anonymous> (src/__tests__/complete-session-action.test.ts:250:20)

PASS src/lib/decision-engine/providers/booking/__tests__/capacity-management-provider.test.ts
  ΓùÅ Console

    console.log
      Γùç injected env (9) from .env.local // tip: Γîÿ enable debugging { debug: true }

      at _log (node_modules/dotenv/lib/main.js:131:11)

    console.log
      [Jest Setup] SUPABASE_SERVICE_ROLE_KEY loaded: sb_secret_Dm... (41 chars)

      at Object.log (jest.setup.ts:10:9)

PASS src/__tests__/package-actions.test.ts
  ΓùÅ Console

    console.log
      Γùç injected env (9) from .env.local // tip: Γùê secrets for agents [www.dotenvx.com]

      at _log (node_modules/dotenv/lib/main.js:131:11)

    console.log
      [Jest Setup] SUPABASE_SERVICE_ROLE_KEY loaded: sb_secret_Dm... (41 chars)

      at Object.log (jest.setup.ts:10:9)

PASS src/__tests__/providers/compensation-provider.test.ts
  ΓùÅ Console

    console.log
      Γùç injected env (9) from .env.local // tip: Γîÿ multiple files { path: ['.env.local', '.env'] }

      at _log (node_modules/dotenv/lib/main.js:131:11)

    console.log
      [Jest Setup] SUPABASE_SERVICE_ROLE_KEY loaded: sb_secret_Dm... (41 chars)

      at Object.log (jest.setup.ts:10:9)

PASS src/__tests__/brand-service-master.test.ts
  ΓùÅ Console

    console.log
      Γùç injected env (9) from .env.local // tip: Γîÿ override existing { override: true }

      at _log (node_modules/dotenv/lib/main.js:131:11)

    console.log
      [Jest Setup] SUPABASE_SERVICE_ROLE_KEY loaded: sb_secret_Dm... (41 chars)

      at Object.log (jest.setup.ts:10:9)

    console.error
      Failed to check template distribution for tenant branch-1: { message: 'distribution lookup failed' }

      332 |
      333 |       if (existingPkgError) {
    > 334 |         console.error('Failed to check template distribution for tenant %s:', tenantId, existingPkgError);
          |                 ^
      335 |         results.push({ tenantId, success: false, error: existingPkgError.message });
      336 |         continue;
      337 |       }

      at error (src/services/brand-service-actions.ts:334:17)
      at Object.<anonymous> (src/__tests__/brand-service-master.test.ts:320:22)

PASS src/services/intelligence/executive/__tests__/service.test.ts
  ΓùÅ Console

    console.log
      Γùç injected env (9) from .env.local // tip: Γîü auth for agents [www.vestauth.com]

      at _log (node_modules/dotenv/lib/main.js:131:11)

    console.log
      [Jest Setup] SUPABASE_SERVICE_ROLE_KEY loaded: sb_secret_Dm... (41 chars)

      at Object.log (jest.setup.ts:10:9)

    console.error
      [ExecutiveIntelligence] Health check failed: Error: Cache connection failed
          at Object.<anonymous> (D:\Antigravity\Projects\BELLA SPA ERP\src\services\intelligence\executive\__tests__\service.test.ts:338:39)
          at Promise.finally.completed (D:\Antigravity\Projects\BELLA SPA ERP\node_modules\jest-circus\build\jestAdapterInit.js:1561:28)
          at new Promise (<anonymous>)
          at callAsyncCircusFn (D:\Antigravity\Projects\BELLA SPA ERP\node_modules\jest-circus\build\jestAdapterInit.js:1501:10)
          at _callCircusTest (D:\Antigravity\Projects\BELLA SPA ERP\node_modules\jest-circus\build\jestAdapterInit.js:1011:40)
          at processTicksAndRejections (node:internal/process/task_queues:104:5)
          at _runTest (D:\Antigravity\Projects\BELLA SPA ERP\node_modules\jest-circus\build\jestAdapterInit.js:951:3)
          at D:\Antigravity\Projects\BELLA SPA ERP\node_modules\jest-circus\build\jestAdapterInit.js:853:7
          at _runTestsForDescribeBlock (D:\Antigravity\Projects\BELLA SPA ERP\node_modules\jest-circus\build\jestAdapterInit.js:866:11)
          at _runTestsForDescribeBlock (D:\Antigravity\Projects\BELLA SPA ERP\node_modules\jest-circus\build\jestAdapterInit.js:861:11)
          at _runTestsForDescribeBlock (D:\Antigravity\Projects\BELLA SPA ERP\node_modules\jest-circus\build\jestAdapterInit.js:861:11)
          at run (D:\Antigravity\Projects\BELLA SPA ERP\node_modules\jest-circus\build\jestAdapterInit.js:765:3)
          at runAndTransformResultsToJestFormat (D:\Antigravity\Projects\BELLA SPA ERP\node_modules\jest-circus\build\jestAdapterInit.js:1993:21)
          at jestAdapter (D:\Antigravity\Projects\BELLA SPA ERP\node_modules\jest-circus\build\runner.js:111:19)
          at runTestInternal (D:\Antigravity\Projects\BELLA SPA ERP\node_modules\jest-runner\build\testWorker.js:276:16)
          at runTest (D:\Antigravity\Projects\BELLA SPA ERP\node_modules\jest-runner\build\testWorker.js:344:7)
          at Object.worker (D:\Antigravity\Projects\BELLA SPA ERP\node_modules\jest-runner\build\testWorker.js:498:12)

      383 |       return result !== null;
      384 |     } catch (error) {
    > 385 |       console.error('[ExecutiveIntelligence] Health check failed:', error);
          |               ^
      386 |       return false;
      387 |     }
      388 |   }

      at ExecutiveIntelligenceService.error [as healthCheck] (src/services/intelligence/executive/service.ts:385:15)
      at Object.<anonymous> (src/services/intelligence/executive/__tests__/service.test.ts:340:22)

    console.info
      [ExecutiveIntelligence] Cache cleared successfully

      at ExecutiveIntelligenceService.info [as clearCache] (src/services/intelligence/executive/service.ts:397:15)

PASS src/services/waitlist/__tests__/waitlist-service.test.ts
  ΓùÅ Console

    console.log
      Γùç injected env (9) from .env.local // tip: Γîÿ override existing { override: true }

      at _log (node_modules/dotenv/lib/main.js:131:11)

    console.log
      [Jest Setup] SUPABASE_SERVICE_ROLE_KEY loaded: sb_secret_Dm... (41 chars)

      at Object.log (jest.setup.ts:10:9)

    console.error
      [waitlist-service] Error fetching customer: { message: 'Customer not found' }

      109 |
      110 |     if (customerError || !customer) {
    > 111 |       console.error('[waitlist-service] Error fetching customer:', customerError);
          |               ^
      112 |       return {
      113 |         success: false,
      114 |         error: 'Customer not found',

      at error (src/services/waitlist/waitlist-service.ts:111:15)
      at Object.<anonymous> (src/services/waitlist/__tests__/waitlist-service.test.ts:144:20)

    console.log
      [waitlist-service] Expired 1 entries for tenant tenant-bella-spa

      at log (src/services/waitlist/waitlist-service.ts:797:13)

    console.error
      [waitlist-service] Error checking duplicate: { message: 'Database connection failed' }

      85 |
      86 |     if (checkError) {
    > 87 |       console.error('[waitlist-service] Error checking duplicate:', checkError);
         |               ^
      88 |       return {
      89 |         success: false,
      90 |         error: 'Database error while checking duplicate',

      at error (src/services/waitlist/waitlist-service.ts:87:15)
      at Object.<anonymous> (src/services/waitlist/__tests__/waitlist-service.test.ts:315:20)

PASS src/__tests__/franchise-royalty.test.ts
  ΓùÅ Console

    console.log
      Γùç injected env (9) from .env.local // tip: Γîÿ override existing { override: true }

      at _log (node_modules/dotenv/lib/main.js:131:11)

    console.log
      [Jest Setup] SUPABASE_SERVICE_ROLE_KEY loaded: sb_secret_Dm... (41 chars)

      at Object.log (jest.setup.ts:10:9)

PASS src/__tests__/tenant-isolation-source-guards.test.ts
  ΓùÅ Console

    console.log
      Γùç injected env (9) from .env.local // tip: Γîü auth for agents [www.vestauth.com]

      at _log (node_modules/dotenv/lib/main.js:131:11)

    console.log
      [Jest Setup] SUPABASE_SERVICE_ROLE_KEY loaded: sb_secret_Dm... (41 chars)

      at Object.log (jest.setup.ts:10:9)

PASS src/__tests__/session-read-actions.test.ts
  ΓùÅ Console

    console.log
      Γùç injected env (9) from .env.local // tip: Γùê secrets for agents [www.dotenvx.com]

      at _log (node_modules/dotenv/lib/main.js:131:11)

    console.log
      [Jest Setup] SUPABASE_SERVICE_ROLE_KEY loaded: sb_secret_Dm... (41 chars)

      at Object.log (jest.setup.ts:10:9)

PASS src/__tests__/security/tenant-isolation.test.ts
  ΓùÅ Console

    console.log
      Γùç injected env (9) from .env.local // tip: Γîÿ override existing { override: true }

      at _log (node_modules/dotenv/lib/main.js:131:11)

    console.log
      [Jest Setup] SUPABASE_SERVICE_ROLE_KEY loaded: sb_secret_Dm... (41 chars)

      at Object.log (jest.setup.ts:10:9)

PASS src/__tests__/manual-payment-idempotency.test.ts
  ΓùÅ Console

    console.log
      Γùç injected env (9) from .env.local // tip: Γùê secrets for agents [www.dotenvx.com]

      at _log (node_modules/dotenv/lib/main.js:131:11)

    console.log
      [Jest Setup] SUPABASE_SERVICE_ROLE_KEY loaded: sb_secret_Dm... (41 chars)

      at Object.log (jest.setup.ts:10:9)

PASS src/services/intelligence/__tests__/multi-tier-cache.test.ts
  ΓùÅ Console

    console.log
      Γùç injected env (9) from .env.local // tip: Γîÿ multiple files { path: ['.env.local', '.env'] }

      at _log (node_modules/dotenv/lib/main.js:131:11)

    console.log
      [Jest Setup] SUPABASE_SERVICE_ROLE_KEY loaded: sb_secret_Dm... (41 chars)

      at Object.log (jest.setup.ts:10:9)

PASS src/__tests__/meta-ads-actions.test.ts
  ΓùÅ Console

    console.log
      Γùç injected env (9) from .env.local // tip: Γùê encrypted .env [www.dotenvx.com]

      at _log (node_modules/dotenv/lib/main.js:131:11)

    console.log
      [Jest Setup] SUPABASE_SERVICE_ROLE_KEY loaded: sb_secret_Dm... (41 chars)

      at Object.log (jest.setup.ts:10:9)

PASS src/__tests__/consolidated-pnl-service-role.test.ts
  ΓùÅ Console

    console.log
      Γùç injected env (9) from .env.local // tip: Γîÿ multiple files { path: ['.env.local', '.env'] }

      at _log (node_modules/dotenv/lib/main.js:131:11)

    console.log
      [Jest Setup] SUPABASE_SERVICE_ROLE_KEY loaded: sb_secret_Dm... (41 chars)

      at Object.log (jest.setup.ts:10:9)

PASS src/__tests__/ai-autopilot-cron.test.ts
  ΓùÅ Console

    console.log
      Γùç injected env (9) from .env.local // tip: Γùê encrypted .env [www.dotenvx.com]

      at _log (node_modules/dotenv/lib/main.js:131:11)

    console.log
      [Jest Setup] SUPABASE_SERVICE_ROLE_KEY loaded: sb_secret_Dm... (41 chars)

      at Object.log (jest.setup.ts:10:9)

    console.log
      [AI Autopilot Cron] Bß║»t ─æß║ºu qu├⌐t vß║¡n h├ánh tß╗▒ ─æß╗Öng h├áng ng├áy...

      at log (src/app/api/cron/ai-autopilot/route.ts:53:11)

    console.error
      [AI Autopilot Cron] Lß╗ùi xß╗¡ l├╜ tenant Bella A: Failed to fetch Telegram config: config db down

      184 |       } catch (innerErr: unknown) {
      185 |         appendTenantError(tenantErrors, tenant, innerErr);
    > 186 |         console.error('[AI Autopilot Cron] Lß╗ùi xß╗¡ l├╜ tenant %s:', tenant.name, getErrorMessage(innerErr));
          |                 ^
      187 |       }
      188 |     }
      189 |

      at error (src/app/api/cron/ai-autopilot/route.ts:186:17)
      at Object.<anonymous> (src/__tests__/ai-autopilot-cron.test.ts:142:22)

    console.log
      [AI Autopilot Cron] Ho├án th├ánh: {"success":false,"status":"partial_failure","date":"2026-07-14","tenants_checked":0,"alerts_sent":0,"alerts_failed":0,"tenant_errors":[{"tenant_id":"tenant-1","tenant_name":"Bella A","error":"Failed to fetch Telegram config: config db down"}]}

      at log (src/app/api/cron/ai-autopilot/route.ts:200:13)

    console.log
      [AI Autopilot Cron] Bß║»t ─æß║ºu qu├⌐t vß║¡n h├ánh tß╗▒ ─æß╗Öng h├áng ng├áy...

      at log (src/app/api/cron/ai-autopilot/route.ts:53:11)

    console.error
      [AI Autopilot Cron] Lß╗ùi xß╗¡ l├╜ tenant Bella A: Telegram delivery failed: telegram rate limited

      184 |       } catch (innerErr: unknown) {
      185 |         appendTenantError(tenantErrors, tenant, innerErr);
    > 186 |         console.error('[AI Autopilot Cron] Lß╗ùi xß╗¡ l├╜ tenant %s:', tenant.name, getErrorMessage(innerErr));
          |                 ^
      187 |       }
      188 |     }
      189 |

      at error (src/app/api/cron/ai-autopilot/route.ts:186:17)
      at Object.<anonymous> (src/__tests__/ai-autopilot-cron.test.ts:169:22)

    console.log
      [AI Autopilot Cron] Ho├án th├ánh: {"success":false,"status":"partial_failure","date":"2026-07-14","tenants_checked":1,"alerts_sent":0,"alerts_failed":1,"tenant_errors":[{"tenant_id":"tenant-1","tenant_name":"Bella A","error":"Telegram delivery failed: telegram rate limited"}]}

      at log (src/app/api/cron/ai-autopilot/route.ts:200:13)

    console.log
      [AI Autopilot Cron] Bß║»t ─æß║ºu qu├⌐t vß║¡n h├ánh tß╗▒ ─æß╗Öng h├áng ng├áy...

      at log (src/app/api/cron/ai-autopilot/route.ts:53:11)

    console.log
      [AI Autopilot Cron] Ho├án th├ánh: {"success":true,"status":"success","date":"2026-07-14","tenants_checked":1,"alerts_sent":1,"alerts_failed":0}

      at log (src/app/api/cron/ai-autopilot/route.ts:200:13)

    console.log
      [AI Autopilot Cron] Bß║»t ─æß║ºu qu├⌐t vß║¡n h├ánh tß╗▒ ─æß╗Öng h├áng ng├áy...

      at log (src/app/api/cron/ai-autopilot/route.ts:53:11)

    console.error
      [AI Autopilot Cron] Lß╗ùi xß╗¡ l├╜ tenant Bella A: Telegram delivery failed: bot blocked

      184 |       } catch (innerErr: unknown) {
      185 |         appendTenantError(tenantErrors, tenant, innerErr);
    > 186 |         console.error('[AI Autopilot Cron] Lß╗ùi xß╗¡ l├╜ tenant %s:', tenant.name, getErrorMessage(innerErr));
          |                 ^
      187 |       }
      188 |     }
      189 |

      at error (src/app/api/cron/ai-autopilot/route.ts:186:17)
      at Object.<anonymous> (src/__tests__/ai-autopilot-cron.test.ts:227:22)

    console.log
      [AI Autopilot Cron] Ho├án th├ánh: {"success":false,"status":"partial_failure","date":"2026-07-14","tenants_checked":2,"alerts_sent":1,"alerts_failed":1,"tenant_errors":[{"tenant_id":"tenant-1","tenant_name":"Bella A","error":"Telegram delivery failed: bot blocked"}]}

      at log (src/app/api/cron/ai-autopilot/route.ts:200:13)

PASS src/__tests__/promotions.test.ts
  ΓùÅ Console

    console.log
      Γùç injected env (9) from .env.local // tip: Γîÿ custom filepath { path: '/custom/path/.env' }

      at _log (node_modules/dotenv/lib/main.js:131:11)

    console.log
      [Jest Setup] SUPABASE_SERVICE_ROLE_KEY loaded: sb_secret_Dm... (41 chars)

      at Object.log (jest.setup.ts:10:9)

    console.error
      [getPromotions] Lß╗ùi lß║Ñy danh s├ích khuyß║┐n m├úi: { message: 'Database crash' }

      150 |
      151 |   if (error) {
    > 152 |     console.error('[getPromotions] Lß╗ùi lß║Ñy danh s├ích khuyß║┐n m├úi:', error);
          |             ^
      153 |     throw new Error(`Lß╗ùi truy vß║Ñn c╞í sß╗ƒ dß╗» liß╗çu: ${error.message}`);
      154 |   }
      155 |

      at error (src/services/promotions-actions.ts:152:13)
      at Object.<anonymous> (src/__tests__/promotions.test.ts:197:7)

    console.error
      [createPromotion] Lß╗ùi th├¬m khuyß║┐n m├úi: { message: 'Insert constraint violation' }

      199 |
      200 |   if (error) {
    > 201 |     console.error('[createPromotion] Lß╗ùi th├¬m khuyß║┐n m├úi:', error);
          |             ^
      202 |     return { success: false, error: error.message };
      203 |   }
      204 |

      at error (src/services/promotions-actions.ts:201:13)
      at Object.<anonymous> (src/__tests__/promotions.test.ts:309:19)

    console.error
      [togglePromotionActive] Lß╗ùi cß║¡p nhß║¡t trß║íng th├íi khuyß║┐n m├úi: { message: 'Update failed' }

      272 |
      273 |   if (error) {
    > 274 |     console.error('[togglePromotionActive] Lß╗ùi cß║¡p nhß║¡t trß║íng th├íi khuyß║┐n m├úi:', error);
          |             ^
      275 |     return { success: false, error: error.message };
      276 |   }
      277 |

      at error (src/services/promotions-actions.ts:274:13)
      at Object.<anonymous> (src/__tests__/promotions.test.ts:415:19)

    console.error
      [deletePromotion] Lß╗ùi x├│a khuyß║┐n m├úi: { message: 'Delete restricted' }

      339 |
      340 |   if (error) {
    > 341 |     console.error('[deletePromotion] Lß╗ùi x├│a khuyß║┐n m├úi:', error);
          |             ^
      342 |     return { success: false, error: error.message };
      343 |   }
      344 |

      at error (src/services/promotions-actions.ts:341:13)
      at Object.<anonymous> (src/__tests__/promotions.test.ts:488:19)

PASS src/__tests__/hq-subscription-actions.test.ts
  ΓùÅ Console

    console.log
      Γùç injected env (9) from .env.local // tip: Γùê encrypted .env [www.dotenvx.com]

      at _log (node_modules/dotenv/lib/main.js:131:11)

    console.log
      [Jest Setup] SUPABASE_SERVICE_ROLE_KEY loaded: sb_secret_Dm... (41 chars)

      at Object.log (jest.setup.ts:10:9)

PASS src/core/lib/errors.test.ts
  ΓùÅ Console

    console.log
      Γùç injected env (9) from .env.local // tip: Γîÿ custom filepath { path: '/custom/path/.env' }

      at _log (node_modules/dotenv/lib/main.js:131:11)

    console.log
      [Jest Setup] SUPABASE_SERVICE_ROLE_KEY loaded: sb_secret_Dm... (41 chars)

      at Object.log (jest.setup.ts:10:9)

PASS src/__tests__/accounting-reports.test.ts
  ΓùÅ Console

    console.log
      Γùç injected env (9) from .env.local // tip: Γùê encrypted .env [www.dotenvx.com]

      at _log (node_modules/dotenv/lib/main.js:131:11)

    console.log
      [Jest Setup] SUPABASE_SERVICE_ROLE_KEY loaded: sb_secret_Dm... (41 chars)

      at Object.log (jest.setup.ts:10:9)

PASS src/lib/decision-engine/providers/booking/__tests__/conflict-detection-provider.test.ts
  ΓùÅ Console

    console.log
      Γùç injected env (9) from .env.local // tip: Γîÿ suppress logs { quiet: true }

      at _log (node_modules/dotenv/lib/main.js:131:11)

    console.log
      [Jest Setup] SUPABASE_SERVICE_ROLE_KEY loaded: sb_secret_Dm... (41 chars)

      at Object.log (jest.setup.ts:10:9)

PASS src/__tests__/finance-transaction-mutations.test.ts
  ΓùÅ Console

    console.log
      Γùç injected env (9) from .env.local // tip: Γîÿ multiple files { path: ['.env.local', '.env'] }

      at _log (node_modules/dotenv/lib/main.js:131:11)

    console.log
      [Jest Setup] SUPABASE_SERVICE_ROLE_KEY loaded: sb_secret_Dm... (41 chars)

      at Object.log (jest.setup.ts:10:9)

PASS src/__tests__/session-completion-accounting.test.ts
  ΓùÅ Console

    console.log
      Γùç injected env (9) from .env.local // tip: Γîÿ override existing { override: true }

      at _log (node_modules/dotenv/lib/main.js:131:11)

    console.log
      [Jest Setup] SUPABASE_SERVICE_ROLE_KEY loaded: sb_secret_Dm... (41 chars)

      at Object.log (jest.setup.ts:10:9)

    console.error
      [processSessionCompletion] Error enqueuing accounting outbox event, rolling back... BookingError: Failed to enqueue SESSION_DONE accounting event
          at enqueueSessionDoneAccountingOutbox (D:\Antigravity\Projects\BELLA SPA ERP\src\core\services\order\session-completion-helpers.ts:581:13)
          at processTicksAndRejections (node:internal/process/task_queues:104:5)
          at Object.<anonymous> (D:\Antigravity\Projects\BELLA SPA ERP\src\__tests__\session-completion-accounting.test.ts:149:20) {
        code: 'BOOKING_ACCOUNTING_ENQUEUE_ERROR',
        details: { sessionLogId: 'session-1', bookingId: 'booking-1' }
      }

      585 |   } catch (outboxError) {
      586 |     const error = outboxError instanceof Error ? outboxError : new Error(String(outboxError));
    > 587 |     console.error('[processSessionCompletion] Error enqueuing accounting outbox event, rolling back...', error);
          |             ^
      588 |
      589 |     const rollbackResult = await rollbackCompletionSideEffects({
      590 |       supabase,

      at error (src/core/services/order/session-completion-helpers.ts:587:13)
      at Object.<anonymous> (src/__tests__/session-completion-accounting.test.ts:149:20)

    console.error
      [processSessionCompletion] Error enqueuing accounting outbox event, rolling back... BookingError: Failed to enqueue SESSION_DONE accounting event
          at enqueueSessionDoneAccountingOutbox (D:\Antigravity\Projects\BELLA SPA ERP\src\core\services\order\session-completion-helpers.ts:581:13)
          at processTicksAndRejections (node:internal/process/task_queues:104:5)
          at Object.<anonymous> (D:\Antigravity\Projects\BELLA SPA ERP\src\__tests__\session-completion-accounting.test.ts:203:20) {
        code: 'BOOKING_ACCOUNTING_ENQUEUE_ERROR',
        details: { sessionLogId: 'session-1', bookingId: 'booking-1' }
      }

      585 |   } catch (outboxError) {
      586 |     const error = outboxError instanceof Error ? outboxError : new Error(String(outboxError));
    > 587 |     console.error('[processSessionCompletion] Error enqueuing accounting outbox event, rolling back...', error);
          |             ^
      588 |
      589 |     const rollbackResult = await rollbackCompletionSideEffects({
      590 |       supabase,

      at error (src/core/services/order/session-completion-helpers.ts:587:13)
      at Object.<anonymous> (src/__tests__/session-completion-accounting.test.ts:203:20)

    console.error
      [invokeAdapterOnCompletion] Failed to construct tenant context: Kh├┤ng thß╗â tß║úi cß║Ñu h├¼nh chi nh├ính: Kh├┤ng t├¼m thß║Ñy

      629 |
      630 |   if ('error' in contextResult) {
    > 631 |     console.error('[invokeAdapterOnCompletion] Failed to construct tenant context:', contextResult.error);
          |             ^
      632 |     return { error: contextResult.error };
      633 |   }
      634 |

      at error (src/core/services/order/session-completion-helpers.ts:631:13)
      at processSessionCompletion (src/core/services/order/session-completion-engine.ts:238:25)
      at Object.<anonymous> (src/__tests__/session-completion-accounting.test.ts:463:20)

    console.error
      [processSessionCompletion] Adapter onBookingCompleted failed: Kh├┤ng thß╗â tß║úi cß║Ñu h├¼nh chi nh├ính: Kh├┤ng t├¼m thß║Ñy

      244 |   if ('error' in adapterResult) {
      245 |     // Log error but don't fail the completion (adapter side effects are non-critical)
    > 246 |     console.error('[processSessionCompletion] Adapter onBookingCompleted failed:', adapterResult.error);
          |             ^
      247 |   }
      248 |
      249 |   return { success: true };

      at error (src/core/services/order/session-completion-engine.ts:246:13)
      at Object.<anonymous> (src/__tests__/session-completion-accounting.test.ts:463:20)

PASS src/__tests__/attendance-actions.test.ts
  ΓùÅ Console

    console.log
      Γùç injected env (9) from .env.local // tip: Γîü auth for agents [www.vestauth.com]

      at _log (node_modules/dotenv/lib/main.js:131:11)

    console.log
      [Jest Setup] SUPABASE_SERVICE_ROLE_KEY loaded: sb_secret_Dm... (41 chars)

      at Object.log (jest.setup.ts:10:9)

PASS src/__tests__/inter-branch-clearing.test.ts
  ΓùÅ Console

    console.log
      Γùç injected env (9) from .env.local // tip: Γùê secrets for agents [www.dotenvx.com]

      at _log (node_modules/dotenv/lib/main.js:131:11)

    console.log
      [Jest Setup] SUPABASE_SERVICE_ROLE_KEY loaded: sb_secret_Dm... (41 chars)

      at Object.log (jest.setup.ts:10:9)

    console.error
      [getInterBranchClearingRecords] error: { message: 'clearing query failed' }

      138 |     
      139 |     if (error) {
    > 140 |       console.error('[getInterBranchClearingRecords] error:', error);
          |               ^
      141 |       throw error;
      142 |     }
      143 |

      at error (src/services/clearing-actions.ts:140:15)
      at getInterBranchClearingRecordsResult (src/services/clearing-actions.ts:156:18)
      at Object.<anonymous> (src/__tests__/inter-branch-clearing.test.ts:203:22)

    console.error
      [getInterBranchClearingRecords] Exception: { message: 'clearing query failed' }

      144 |     return (data || []) as unknown as InterBranchClearingRecord[];
      145 |   } catch (e) {
    > 146 |     console.error('[getInterBranchClearingRecords] Exception:', e);
          |             ^
      147 |     throw e;
      148 |   }
      149 | }

      at error (src/services/clearing-actions.ts:146:13)
      at getInterBranchClearingRecordsResult (src/services/clearing-actions.ts:156:18)
      at Object.<anonymous> (src/__tests__/inter-branch-clearing.test.ts:203:22)

    console.error
      [getInterBranchClearingRecordsResult] Exception: { message: 'clearing query failed' }

      157 |     return { success: true, data };
      158 |   } catch (e) {
    > 159 |     console.error('[getInterBranchClearingRecordsResult] Exception:', e);
          |             ^
      160 |     return {
      161 |       success: false,
      162 |       data: [],

      at error (src/services/clearing-actions.ts:159:13)
      at Object.<anonymous> (src/__tests__/inter-branch-clearing.test.ts:203:22)

    console.error
      [clearInterBranchRecord] error: { message: 'guarded update failed' }

      232 |
      233 |     if (updateErr) {
    > 234 |       console.error('[clearInterBranchRecord] error:', updateErr);
          |               ^
      235 |       return { success: false, error: 'Lß╗ùi gß║ích nß╗ú ─æß╗æi so├ít: ' + getErrorMessage(updateErr) };
      236 |     }
      237 |

      at error (src/services/clearing-actions.ts:234:15)
      at Object.<anonymous> (src/__tests__/inter-branch-clearing.test.ts:349:22)

    console.error
      [clearInterBranchRecord] accounting outbox failure: kh├┤ng tß║ío ─æ╞░ß╗úc sß╗▒ kiß╗çn kß║┐ to├ín cho chi nh├ính nhß║¡n

      284 |       ].filter(Boolean);
      285 |
    > 286 |       console.error('[clearInterBranchRecord] accounting outbox failure:', failureDetails.join(' | '));
          |               ^
      287 |       return {
      288 |         success: false,
      289 |         error: `Kh├┤ng thß╗â tß║ío ─æß╗º b├║t to├ín kß║┐ to├ín b├╣ trß╗½. ${failureDetails.join(' | ')}`,

      at error (src/services/clearing-actions.ts:286:15)
      at Object.<anonymous> (src/__tests__/inter-branch-clearing.test.ts:386:22)

PASS src/__tests__/utils.test.ts
  ΓùÅ Console

    console.log
      Γùç injected env (9) from .env.local // tip: Γîÿ suppress logs { quiet: true }

      at _log (node_modules/dotenv/lib/main.js:131:11)

    console.log
      [Jest Setup] SUPABASE_SERVICE_ROLE_KEY loaded: sb_secret_Dm... (41 chars)

      at Object.log (jest.setup.ts:10:9)

PASS src/__tests__/system-monitor-actions.test.ts
  ΓùÅ Console

    console.log
      Γùç injected env (9) from .env.local // tip: Γîÿ custom filepath { path: '/custom/path/.env' }

      at _log (node_modules/dotenv/lib/main.js:131:11)

    console.log
      [Jest Setup] SUPABASE_SERVICE_ROLE_KEY loaded: sb_secret_Dm... (41 chars)

      at Object.log (jest.setup.ts:10:9)

PASS src/lib/decision-engine/registry/__tests__/audit.test.ts
  ΓùÅ Console

    console.log
      Γùç injected env (9) from .env.local // tip: Γîÿ suppress logs { quiet: true }

      at _log (node_modules/dotenv/lib/main.js:131:11)

    console.log
      [Jest Setup] SUPABASE_SERVICE_ROLE_KEY loaded: sb_secret_Dm... (41 chars)

      at Object.log (jest.setup.ts:10:9)

    console.error
      Failed to write audit log: Error: Database error
          at Object.<anonymous> (D:\Antigravity\Projects\BELLA SPA ERP\src\lib\decision-engine\registry\__tests__\audit.test.ts:110:18)
          at Promise.finally.completed (D:\Antigravity\Projects\BELLA SPA ERP\node_modules\jest-circus\build\jestAdapterInit.js:1561:28)
          at new Promise (<anonymous>)
          at callAsyncCircusFn (D:\Antigravity\Projects\BELLA SPA ERP\node_modules\jest-circus\build\jestAdapterInit.js:1501:10)
          at _callCircusTest (D:\Antigravity\Projects\BELLA SPA ERP\node_modules\jest-circus\build\jestAdapterInit.js:1011:40)
          at processTicksAndRejections (node:internal/process/task_queues:104:5)
          at _runTest (D:\Antigravity\Projects\BELLA SPA ERP\node_modules\jest-circus\build\jestAdapterInit.js:951:3)
          at D:\Antigravity\Projects\BELLA SPA ERP\node_modules\jest-circus\build\jestAdapterInit.js:853:7
          at _runTestsForDescribeBlock (D:\Antigravity\Projects\BELLA SPA ERP\node_modules\jest-circus\build\jestAdapterInit.js:866:11)
          at _runTestsForDescribeBlock (D:\Antigravity\Projects\BELLA SPA ERP\node_modules\jest-circus\build\jestAdapterInit.js:861:11)
          at _runTestsForDescribeBlock (D:\Antigravity\Projects\BELLA SPA ERP\node_modules\jest-circus\build\jestAdapterInit.js:861:11)
          at run (D:\Antigravity\Projects\BELLA SPA ERP\node_modules\jest-circus\build\jestAdapterInit.js:765:3)
          at runAndTransformResultsToJestFormat (D:\Antigravity\Projects\BELLA SPA ERP\node_modules\jest-circus\build\jestAdapterInit.js:1993:21)
          at jestAdapter (D:\Antigravity\Projects\BELLA SPA ERP\node_modules\jest-circus\build\runner.js:111:19)
          at runTestInternal (D:\Antigravity\Projects\BELLA SPA ERP\node_modules\jest-runner\build\testWorker.js:276:16)
          at runTest (D:\Antigravity\Projects\BELLA SPA ERP\node_modules\jest-runner\build\testWorker.js:344:7)
          at Object.worker (D:\Antigravity\Projects\BELLA SPA ERP\node_modules\jest-runner\build\testWorker.js:498:12)

      71 |
      72 |   if (error) {
    > 73 |     console.error('Failed to write audit log:', error);
         |             ^
      74 |     throw error;
      75 |   }
      76 | }

      at error (src/lib/decision-engine/registry/audit.ts:73:13)
      at Object.<anonymous> (src/lib/decision-engine/registry/__tests__/audit.test.ts:114:7)

PASS src/__tests__/crm-zalo-config.test.ts
  ΓùÅ Console

    console.log
      Γùç injected env (9) from .env.local // tip: Γùê secrets for agents [www.dotenvx.com]

      at _log (node_modules/dotenv/lib/main.js:131:11)

    console.log
      [Jest Setup] SUPABASE_SERVICE_ROLE_KEY loaded: sb_secret_Dm... (41 chars)

      at Object.log (jest.setup.ts:10:9)

    console.warn
      [getZaloZnsLogs] Kh├┤ng t├¼m thß║Ñy tenantId cho ng╞░ß╗¥i d├╣ng hiß╗çn tß║íi

      221 |
      222 |   if (!tenantId) {
    > 223 |     console.warn('[getZaloZnsLogs] Kh├┤ng t├¼m thß║Ñy tenantId cho ng╞░ß╗¥i d├╣ng hiß╗çn tß║íi');
          |             ^
      224 |     return [];
      225 |   }
      226 |

      at warn (src/services/crm/zalo-config.ts:223:13)
      at Object.<anonymous> (src/__tests__/crm-zalo-config.test.ts:370:5)

    console.log
      Zalo credential expired for tenant tenant-1. Refreshing...

      at log (src/services/crm/zalo-config.ts:165:11)

    console.log
      Zalo credential expired for tenant tenant-1. Refreshing...

      at log (src/services/crm/zalo-config.ts:165:11)

    console.log
      Zalo credential expired for tenant tenant-1. Refreshing...

      at log (src/services/crm/zalo-config.ts:165:11)

    console.log
      Zalo credential expired for tenant tenant-1. Refreshing...

      at log (src/services/crm/zalo-config.ts:165:11)

    console.log
      Successfully refreshed Zalo credential for tenant tenant-1. Expires at: 2026-06-03T02:00:00.000Z

      at log (src/services/crm/zalo-config.ts:213:11)

PASS src/__tests__/promotions-ui.test.ts
  ΓùÅ Console

    console.log
      Γùç injected env (9) from .env.local // tip: Γîü auth for agents [www.vestauth.com]

      at _log (node_modules/dotenv/lib/main.js:131:11)

    console.log
      [Jest Setup] SUPABASE_SERVICE_ROLE_KEY loaded: sb_secret_Dm... (41 chars)

      at Object.log (jest.setup.ts:10:9)

PASS src/__tests__/test-upcoming-route.test.ts
  ΓùÅ Console

    console.log
      Γùç injected env (9) from .env.local // tip: Γùê secrets for agents [www.dotenvx.com]

      at _log (node_modules/dotenv/lib/main.js:131:11)

    console.log
      [Jest Setup] SUPABASE_SERVICE_ROLE_KEY loaded: sb_secret_Dm... (41 chars)

      at Object.log (jest.setup.ts:10:9)

PASS src/lib/decision-engine/providers/booking/__tests__/auto-assignment-provider.test.ts
  ΓùÅ Console

    console.log
      Γùç injected env (9) from .env.local // tip: Γùê encrypted .env [www.dotenvx.com]

      at _log (node_modules/dotenv/lib/main.js:131:11)

    console.log
      [Jest Setup] SUPABASE_SERVICE_ROLE_KEY loaded: sb_secret_Dm... (41 chars)

      at Object.log (jest.setup.ts:10:9)

PASS src/__tests__/providers/base-salary-provider.test.ts
  ΓùÅ Console

    console.log
      Γùç injected env (9) from .env.local // tip: Γùê encrypted .env [www.dotenvx.com]

      at _log (node_modules/dotenv/lib/main.js:131:11)

    console.log
      [Jest Setup] SUPABASE_SERVICE_ROLE_KEY loaded: sb_secret_Dm... (41 chars)

      at Object.log (jest.setup.ts:10:9)

PASS src/core/services/order/pricing-actions.test.ts
  ΓùÅ Console

    console.log
      Γùç injected env (9) from .env.local // tip: Γîÿ enable debugging { debug: true }

      at _log (node_modules/dotenv/lib/main.js:131:11)

    console.log
      [Jest Setup] SUPABASE_SERVICE_ROLE_KEY loaded: sb_secret_Dm... (41 chars)

      at Object.log (jest.setup.ts:10:9)

PASS src/__tests__/salary-reconciliation.test.ts
  ΓùÅ Console

    console.log
      Γùç injected env (9) from .env.local // tip: Γîÿ suppress logs { quiet: true }

      at _log (node_modules/dotenv/lib/main.js:131:11)

    console.log
      [Jest Setup] SUPABASE_SERVICE_ROLE_KEY loaded: sb_secret_Dm... (41 chars)

      at Object.log (jest.setup.ts:10:9)

    console.log
      [getSalaryReconciliationReport] BEFORE set_session_tenant - tenant_id: tenant-uuid-1

      at log (src/core/services/accounting/reports.ts:690:11)

    console.log
      [getSalaryReconciliationReport] AFTER set_session_tenant - error: null

      at log (src/core/services/accounting/reports.ts:696:11)

    console.log
      [getSalaryReconciliationReport] BEFORE set_session_tenant - tenant_id: tenant-uuid-1

      at log (src/core/services/accounting/reports.ts:690:11)

    console.log
      [getSalaryReconciliationReport] AFTER set_session_tenant - error: null

      at log (src/core/services/accounting/reports.ts:696:11)

    console.log
      [getSalaryReconciliationReport] BEFORE set_session_tenant - tenant_id: tenant-uuid-1

      at log (src/core/services/accounting/reports.ts:690:11)

    console.log
      [getSalaryReconciliationReport] AFTER set_session_tenant - error: null

      at log (src/core/services/accounting/reports.ts:696:11)

    console.error
      [getSalaryReconciliationReport] RPC error: {
        "message": "Function does not exist"
      }

      707 |
      708 |   if (error) {
    > 709 |     console.error('[getSalaryReconciliationReport] RPC error:', JSON.stringify({
          |             ^
      710 |       message: error.message, code: error.code, details: error.details, hint: error.hint,
      711 |     }, null, 2));
      712 |     throw error; // Zero Silent Database Failures

      at error (src/core/services/accounting/reports.ts:709:13)
      at Object.<anonymous> (src/__tests__/salary-reconciliation.test.ts:142:5)

    console.log
      [getSalaryReconciliationReport] BEFORE set_session_tenant - tenant_id: tenant-uuid-1

      at log (src/core/services/accounting/reports.ts:690:11)

    console.log
      [getSalaryReconciliationReport] AFTER set_session_tenant - error: null

      at log (src/core/services/accounting/reports.ts:696:11)

    console.log
      [getSalaryReconciliationReport] BEFORE set_session_tenant - tenant_id: tenant-uuid-1

      at log (src/core/services/accounting/reports.ts:690:11)

    console.log
      [getSalaryReconciliationReport] AFTER set_session_tenant - error: null

      at log (src/core/services/accounting/reports.ts:696:11)

PASS src/__tests__/chat-actions.test.ts
  ΓùÅ Console

    console.log
      Γùç injected env (9) from .env.local // tip: Γîü auth for agents [www.vestauth.com]

      at _log (node_modules/dotenv/lib/main.js:131:11)

    console.log
      [Jest Setup] SUPABASE_SERVICE_ROLE_KEY loaded: sb_secret_Dm... (41 chars)

      at Object.log (jest.setup.ts:10:9)

    console.error
      Error fetching latest chat previews: { message: 'preview query failed' }

      84 |
      85 |   if (error) {
    > 86 |     console.error('Error fetching latest chat previews:', error);
         |             ^
      87 |     throw error;
      88 |   }
      89 |

      at error (src/services/chat-actions.ts:86:13)
      at getChatCustomers (src/services/chat-actions.ts:113:28)
      at Object.<anonymous> (src/__tests__/chat-actions.test.ts:232:5)

    console.error
      Error marking messages as read: { message: 'update denied' }

      198 |
      199 |   if (error) {
    > 200 |     console.error('Error marking messages as read:', error);
          |             ^
      201 |     throw error;
      202 |   }
      203 | }

      at error (src/services/chat-actions.ts:200:13)
      at Object.<anonymous> (src/__tests__/chat-actions.test.ts:360:5)

PASS src/__tests__/customer-actions.test.ts
  ΓùÅ Console

    console.log
      Γùç injected env (9) from .env.local // tip: Γîÿ custom filepath { path: '/custom/path/.env' }

      at _log (node_modules/dotenv/lib/main.js:131:11)

    console.log
      [Jest Setup] SUPABASE_SERVICE_ROLE_KEY loaded: sb_secret_Dm... (41 chars)

      at Object.log (jest.setup.ts:10:9)

PASS src/__tests__/crm-zalo-quota.test.ts
  ΓùÅ Console

    console.log
      Γùç injected env (9) from .env.local // tip: Γîÿ suppress logs { quiet: true }

      at _log (node_modules/dotenv/lib/main.js:131:11)

    console.log
      [Jest Setup] SUPABASE_SERVICE_ROLE_KEY loaded: sb_secret_Dm... (41 chars)

      at Object.log (jest.setup.ts:10:9)

    console.error
      Error fetching birthday customers: { message: 'customers unavailable' }

      28 |
      29 |     if (error) {
    > 30 |       console.error('Error fetching birthday customers:', error);
         |               ^
      31 |       throw new Error(`Failed to fetch birthday customers: ${error.message}`);
      32 |     }
      33 |

      at error (src/services/crm/campaigns.ts:30:15)
      at Object.<anonymous> (src/__tests__/crm-zalo-quota.test.ts:136:5)

    console.error
      Error in getBirthdayCustomers: Error: Failed to fetch birthday customers: customers unavailable
          at getBirthdayCustomers (D:\Antigravity\Projects\BELLA SPA ERP\src\services\crm\campaigns.ts:31:13)
          at processTicksAndRejections (node:internal/process/task_queues:104:5)
          at Object.<anonymous> (D:\Antigravity\Projects\BELLA SPA ERP\src\__tests__\crm-zalo-quota.test.ts:136:5)

      63 |
      64 |   } catch (error) {
    > 65 |     console.error('Error in getBirthdayCustomers:', error);
         |             ^
      66 |     throw error instanceof Error
      67 |       ? error
      68 |       : new Error('Failed to fetch birthday customers');

      at error (src/services/crm/campaigns.ts:65:13)
      at Object.<anonymous> (src/__tests__/crm-zalo-quota.test.ts:136:5)

    console.error
      Error sending birthday greeting: Error: quota counter unavailable
          at D:\Antigravity\Projects\BELLA SPA ERP\src\__tests__\crm-zalo-quota.test.ts:144:13
          at D:\Antigravity\Projects\BELLA SPA ERP\node_modules\jest-mock\build\index.js:305:39
          at D:\Antigravity\Projects\BELLA SPA ERP\node_modules\jest-mock\build\index.js:312:13
          at mockConstructor (D:\Antigravity\Projects\BELLA SPA ERP\node_modules\jest-mock\build\index.js:102:19)
          at mockIncrementSmsCount (D:\Antigravity\Projects\BELLA SPA ERP\src\__tests__\crm-zalo-quota.test.ts:25:46)
          at incrementSmsCount (D:\Antigravity\Projects\BELLA SPA ERP\src\services\crm\campaigns.ts:141:11)
          at processTicksAndRejections (node:internal/process/task_queues:104:5)
          at Object.<anonymous> (D:\Antigravity\Projects\BELLA SPA ERP\src\__tests__\crm-zalo-quota.test.ts:158:20)

      203 |     return { success: true, message: logMessage };
      204 |   } catch (error: unknown) {
    > 205 |     console.error('Error sending birthday greeting:', error);
          |             ^
      206 |     return { error: error instanceof Error ? error.message : 'Lß╗ùi hß╗ç thß╗æng khi gß╗¡i lß╗¥i ch├║c.' };
      207 |   }
      208 | }

      at error (src/services/crm/campaigns.ts:205:13)
      at Object.<anonymous> (src/__tests__/crm-zalo-quota.test.ts:158:20)

    console.log
      Sending Zalo ZNS template message to 84909123456 using template tpl-birthday...

      at log (src/services/crm/zalo-messaging.ts:38:13)

    console.log
      Zalo ZNS successfully sent to 84909123456. Message ID: zns-1

      at log (src/services/crm/zalo-messaging.ts:59:13)

    console.error
      Error triggering Zalo reminder: Error: quota counter unavailable
          at D:\Antigravity\Projects\BELLA SPA ERP\src\__tests__\crm-zalo-quota.test.ts:201:13
          at D:\Antigravity\Projects\BELLA SPA ERP\node_modules\jest-mock\build\index.js:305:39
          at D:\Antigravity\Projects\BELLA SPA ERP\node_modules\jest-mock\build\index.js:312:13
          at mockConstructor (D:\Antigravity\Projects\BELLA SPA ERP\node_modules\jest-mock\build\index.js:102:19)
          at mockIncrementSmsCount (D:\Antigravity\Projects\BELLA SPA ERP\src\__tests__\crm-zalo-quota.test.ts:25:46)
          at incrementSmsCount (D:\Antigravity\Projects\BELLA SPA ERP\src\services\crm\zalo-messaging.ts:173:11)
          at processTicksAndRejections (node:internal/process/task_queues:104:5)
          at Object.<anonymous> (D:\Antigravity\Projects\BELLA SPA ERP\src\__tests__\crm-zalo-quota.test.ts:227:20)

      246 |     return { success: true, message: logMessage };
      247 |   } catch (error: unknown) {
    > 248 |     console.error('Error triggering Zalo reminder:', error);
          |             ^
      249 |     return { error: error instanceof Error ? error.message : 'Lß╗ùi hß╗ç thß╗æng khi gß╗¡i Zalo reminder.' };
      250 |   }
      251 | }

      at error (src/services/crm/zalo-messaging.ts:248:13)
      at Object.<anonymous> (src/__tests__/crm-zalo-quota.test.ts:227:20)

    console.log
      Sending Zalo ZNS template message to 84909123456 using template tpl-reminder...

      at log (src/services/crm/zalo-messaging.ts:38:13)

    console.log
      Zalo ZNS successfully sent to 84909123456. Message ID: zns-1

      at log (src/services/crm/zalo-messaging.ts:59:13)

PASS src/__tests__/reconciliation.test.ts
  ΓùÅ Console

    console.log
      Γùç injected env (9) from .env.local // tip: Γîÿ enable debugging { debug: true }

      at _log (node_modules/dotenv/lib/main.js:131:11)

    console.log
      [Jest Setup] SUPABASE_SERVICE_ROLE_KEY loaded: sb_secret_Dm... (41 chars)

      at Object.log (jest.setup.ts:10:9)

    console.error
      [getReconciliationReport] RPC error: {
        "message": "Function get_reconciliation_report does not exist"
      }

      579 |
      580 |   if (error) {
    > 581 |     console.error('[getReconciliationReport] RPC error:', JSON.stringify({
          |             ^
      582 |       message: error.message, code: error.code, details: error.details, hint: error.hint,
      583 |     }, null, 2));
      584 |     throw error; // Zero Silent Database Failures

      at error (src/core/services/accounting/reports.ts:581:13)
      at Object.<anonymous> (src/__tests__/reconciliation.test.ts:155:5)

PASS src/lib/decision-engine/providers/payroll/__tests__/payroll-provider.unit.test.ts
  ΓùÅ Console

    console.log
      Γùç injected env (9) from .env.local // tip: Γîü auth for agents [www.vestauth.com]

      at _log (node_modules/dotenv/lib/main.js:131:11)

    console.log
      [Jest Setup] SUPABASE_SERVICE_ROLE_KEY loaded: sb_secret_Dm... (41 chars)

      at Object.log (jest.setup.ts:10:9)

PASS src/__tests__/module-registry.test.ts
  ΓùÅ Console

    console.log
      Γùç injected env (9) from .env.local // tip: Γîÿ suppress logs { quiet: true }

      at _log (node_modules/dotenv/lib/main.js:131:11)

    console.log
      [Jest Setup] SUPABASE_SERVICE_ROLE_KEY loaded: sb_secret_Dm... (41 chars)

      at Object.log (jest.setup.ts:10:9)

PASS src/services/intelligence/customer/__tests__/churn-risk.test.ts
  ΓùÅ Console

    console.log
      Γùç injected env (9) from .env.local // tip: Γùê encrypted .env [www.dotenvx.com]

      at _log (node_modules/dotenv/lib/main.js:131:11)

    console.log
      [Jest Setup] SUPABASE_SERVICE_ROLE_KEY loaded: sb_secret_Dm... (41 chars)

      at Object.log (jest.setup.ts:10:9)

PASS src/__tests__/security-hardening.test.ts
  ΓùÅ Console

    console.log
      Γùç injected env (9) from .env.local // tip: Γîü auth for agents [www.vestauth.com]

      at _log (node_modules/dotenv/lib/main.js:131:11)

    console.log
      [Jest Setup] SUPABASE_SERVICE_ROLE_KEY loaded: sb_secret_Dm... (41 chars)

      at Object.log (jest.setup.ts:10:9)

PASS src/__tests__/policy-registry/policy-registry.test.ts
  ΓùÅ Console

    console.log
      Γùç injected env (9) from .env.local // tip: Γîü auth for agents [www.vestauth.com]

      at _log (node_modules/dotenv/lib/main.js:131:11)

    console.log
      [Jest Setup] SUPABASE_SERVICE_ROLE_KEY loaded: sb_secret_Dm... (41 chars)

      at Object.log (jest.setup.ts:10:9)

PASS src/__tests__/integration/product-sales-flow.test.ts
  ΓùÅ Console

    console.log
      Γùç injected env (9) from .env.local // tip: Γîÿ enable debugging { debug: true }

      at _log (node_modules/dotenv/lib/main.js:131:11)

    console.log
      [Jest Setup] SUPABASE_SERVICE_ROLE_KEY loaded: sb_secret_Dm... (41 chars)

      at Object.log (jest.setup.ts:10:9)

PASS src/__tests__/consolidated-pnl.test.ts
  ΓùÅ Console

    console.log
      Γùç injected env (9) from .env.local // tip: Γùê secrets for agents [www.dotenvx.com]

      at _log (node_modules/dotenv/lib/main.js:131:11)

    console.log
      [Jest Setup] SUPABASE_SERVICE_ROLE_KEY loaded: sb_secret_Dm... (41 chars)

      at Object.log (jest.setup.ts:10:9)

PASS src/__tests__/training-actions.test.ts
  ΓùÅ Console

    console.log
      Γùç injected env (9) from .env.local // tip: Γîÿ multiple files { path: ['.env.local', '.env'] }

      at _log (node_modules/dotenv/lib/main.js:131:11)

    console.log
      [Jest Setup] SUPABASE_SERVICE_ROLE_KEY loaded: sb_secret_Dm... (41 chars)

      at Object.log (jest.setup.ts:10:9)

PASS src/__tests__/finance-reconciliation-actions.test.ts
  ΓùÅ Console

    console.log
      Γùç injected env (9) from .env.local // tip: Γîÿ suppress logs { quiet: true }

      at _log (node_modules/dotenv/lib/main.js:131:11)

    console.log
      [Jest Setup] SUPABASE_SERVICE_ROLE_KEY loaded: sb_secret_Dm... (41 chars)

      at Object.log (jest.setup.ts:10:9)

PASS src/lib/decision-engine/providers/booking/__tests__/waitlist-management-provider.test.ts
  ΓùÅ Console

    console.log
      Γùç injected env (9) from .env.local // tip: Γîÿ custom filepath { path: '/custom/path/.env' }

      at _log (node_modules/dotenv/lib/main.js:131:11)

    console.log
      [Jest Setup] SUPABASE_SERVICE_ROLE_KEY loaded: sb_secret_Dm... (41 chars)

      at Object.log (jest.setup.ts:10:9)

    console.error
      [WaitlistManagementProvider] Error adding to waitlist: tenantId is required

      137 |     } catch (error) {
      138 |       const errorMessage = error instanceof Error ? error.message : 'Unknown error';
    > 139 |       console.error('[WaitlistManagementProvider] Error adding to waitlist:', errorMessage);
          |               ^
      140 |
      141 |       return {
      142 |         success: false,

      at WaitlistManagementProvider.error [as addToWaitlist] (src/lib/decision-engine/providers/booking/waitlist-management-provider.ts:139:15)
      at Object.addToWaitlist (src/lib/decision-engine/providers/booking/__tests__/waitlist-management-provider.test.ts:568:37)

PASS src/__tests__/policy-registry/plugin-demo.test.ts
  ΓùÅ Console

    console.log
      Γùç injected env (9) from .env.local // tip: Γîÿ custom filepath { path: '/custom/path/.env' }

      at _log (node_modules/dotenv/lib/main.js:131:11)

    console.log
      [Jest Setup] SUPABASE_SERVICE_ROLE_KEY loaded: sb_secret_Dm... (41 chars)

      at Object.log (jest.setup.ts:10:9)

    console.log
      Γ£à New Hospital domain added WITHOUT touching core engine!

      at Object.log (src/__tests__/policy-registry/plugin-demo.test.ts:292:15)

    console.log
      Γ£à Hospital Admission Process executed successfully!

      at Object.log (src/__tests__/policy-registry/plugin-demo.test.ts:332:15)

    console.log
         Patient: {
        executedAt: '2026-07-14T13:00:49.105Z',
        policyVersion: '1.0.0',
        insuranceCovered: true
      }

      at Object.log (src/__tests__/policy-registry/plugin-demo.test.ts:333:15)

    console.log
      Γ£à New Retail domain added WITHOUT touching core engine!

      at Object.log (src/__tests__/policy-registry/plugin-demo.test.ts:366:15)

    console.log
      Γ£à Retail Checkout Process executed successfully!

      at Object.log (src/__tests__/policy-registry/plugin-demo.test.ts:407:15)

    console.log
         Original: 1200000

      at Object.log (src/__tests__/policy-registry/plugin-demo.test.ts:408:15)

    console.log
         Final: 970000

      at Object.log (src/__tests__/policy-registry/plugin-demo.test.ts:409:15)

    console.log
         Saved: 230000

      at Object.log (src/__tests__/policy-registry/plugin-demo.test.ts:410:15)

    console.log
      Γ£à Multiple domains coexist WITHOUT interference!

      at Object.log (src/__tests__/policy-registry/plugin-demo.test.ts:468:15)

    console.log
         Hospital policies: 1

      at Object.log (src/__tests__/policy-registry/plugin-demo.test.ts:469:15)

    console.log
         Retail policies: 1

      at Object.log (src/__tests__/policy-registry/plugin-demo.test.ts:470:15)

    console.log
         Total policies: 2

      at Object.log (src/__tests__/policy-registry/plugin-demo.test.ts:471:15)

    console.log
      
      ΓòÉΓòÉΓòÉΓòÉΓòÉΓòÉΓòÉΓòÉΓòÉΓòÉΓòÉΓòÉΓòÉΓòÉΓòÉΓòÉΓòÉΓòÉΓòÉΓòÉΓòÉΓòÉΓòÉΓòÉΓòÉΓòÉΓòÉΓòÉΓòÉΓòÉΓòÉΓòÉΓòÉΓòÉΓòÉΓòÉΓòÉΓòÉΓòÉΓòÉΓòÉΓòÉΓòÉΓòÉΓòÉΓòÉΓòÉΓòÉΓòÉΓòÉΓòÉΓòÉΓòÉΓòÉΓòÉΓòÉΓòÉΓòÉΓòÉΓòÉ

      at Object.log (src/__tests__/policy-registry/plugin-demo.test.ts:481:15)

    console.log
      PLATFORM CAPABILITY DEMONSTRATION

      at Object.log (src/__tests__/policy-registry/plugin-demo.test.ts:482:15)

    console.log
      ΓòÉΓòÉΓòÉΓòÉΓòÉΓòÉΓòÉΓòÉΓòÉΓòÉΓòÉΓòÉΓòÉΓòÉΓòÉΓòÉΓòÉΓòÉΓòÉΓòÉΓòÉΓòÉΓòÉΓòÉΓòÉΓòÉΓòÉΓòÉΓòÉΓòÉΓòÉΓòÉΓòÉΓòÉΓòÉΓòÉΓòÉΓòÉΓòÉΓòÉΓòÉΓòÉΓòÉΓòÉΓòÉΓòÉΓòÉΓòÉΓòÉΓòÉΓòÉΓòÉΓòÉΓòÉΓòÉΓòÉΓòÉΓòÉΓòÉΓòÉ

      at Object.log (src/__tests__/policy-registry/plugin-demo.test.ts:483:15)

    console.log
      
      Γ£à Decision Engine: UNCHANGED

      at Object.log (src/__tests__/policy-registry/plugin-demo.test.ts:514:15)

    console.log
      Γ£à Business Process Engine: UNCHANGED

      at Object.log (src/__tests__/policy-registry/plugin-demo.test.ts:515:15)

    console.log
      Γ£à Rule Engine: UNCHANGED

      at Object.log (src/__tests__/policy-registry/plugin-demo.test.ts:516:15)

    console.log
      Γ£à Hospital Domain: WORKING

      at Object.log (src/__tests__/policy-registry/plugin-demo.test.ts:517:15)

    console.log
      Γ£à Retail Domain: WORKING

      at Object.log (src/__tests__/policy-registry/plugin-demo.test.ts:518:15)

    console.log
      
      ≡ƒÆí THIS IS PLUGIN ARCHITECTURE

      at Object.log (src/__tests__/policy-registry/plugin-demo.test.ts:520:15)

    console.log
         ΓåÆ register() new policy

      at Object.log (src/__tests__/policy-registry/plugin-demo.test.ts:521:15)

    console.log
         ΓåÆ Engine executes it immediately

      at Object.log (src/__tests__/policy-registry/plugin-demo.test.ts:522:15)

    console.log
         ΓåÆ NO core modification needed

      at Object.log (src/__tests__/policy-registry/plugin-demo.test.ts:523:15)

    console.log
      
      ≡ƒôè Registry Statistics:

      at Object.log (src/__tests__/policy-registry/plugin-demo.test.ts:525:15)

    console.log
         Total Policies: 2

      at Object.log (src/__tests__/policy-registry/plugin-demo.test.ts:527:15)

    console.log
         Domains: hospital, retail

      at Object.log (src/__tests__/policy-registry/plugin-demo.test.ts:528:15)

    console.log
      =============================================================

      at Object.log (src/__tests__/policy-registry/plugin-demo.test.ts:529:15)

PASS src/lib/decision-engine/providers/commission/__tests__/commission-provider.integration.test.ts
  ΓùÅ Console

    console.log
      Γùç injected env (9) from .env.local // tip: Γîÿ custom filepath { path: '/custom/path/.env' }

      at _log (node_modules/dotenv/lib/main.js:131:11)

    console.log
      [Jest Setup] SUPABASE_SERVICE_ROLE_KEY loaded: sb_secret_Dm... (41 chars)

      at Object.log (jest.setup.ts:10:9)

PASS src/__tests__/crm-stats.test.ts
  ΓùÅ Console

    console.log
      Γùç injected env (9) from .env.local // tip: Γîÿ override existing { override: true }

      at _log (node_modules/dotenv/lib/main.js:131:11)

    console.log
      [Jest Setup] SUPABASE_SERVICE_ROLE_KEY loaded: sb_secret_Dm... (41 chars)

      at Object.log (jest.setup.ts:10:9)

    console.warn
      [getCRMStats] Missing tenantId for current user

      18 |   const tenantId = currentUser?.tenant_id;
      19 |   if (!tenantId) {
    > 20 |     console.warn('[getCRMStats] Missing tenantId for current user');
         |             ^
      21 |     return EMPTY_CRM_STATS;
      22 |   }
      23 |   const todayStr = getLocalDateString(new Date());

      at warn (src/services/crm/stats.ts:20:13)
      at Object.<anonymous> (src/__tests__/crm-stats.test.ts:146:5)

    console.warn
      [getUpcomingSessions] Missing tenantId for current user

      91 |   const tenantId = currentUser?.tenant_id;
      92 |   if (!tenantId) {
    > 93 |     console.warn('[getUpcomingSessions] Missing tenantId for current user');
         |             ^
      94 |     return [];
      95 |   }
      96 |   const todayStr = getLocalDateString(new Date());

      at warn (src/services/crm/stats.ts:93:13)
      at Object.<anonymous> (src/__tests__/crm-stats.test.ts:226:5)

PASS src/__tests__/decision-engine/booking-capacity.test.ts
  ΓùÅ Console

    console.log
      Γùç injected env (9) from .env.local // tip: Γîÿ override existing { override: true }

      at _log (node_modules/dotenv/lib/main.js:131:11)

    console.log
      [Jest Setup] SUPABASE_SERVICE_ROLE_KEY loaded: sb_secret_Dm... (41 chars)

      at Object.log (jest.setup.ts:10:9)

PASS src/__tests__/business-process/booking-process.test.ts
  ΓùÅ Console

    console.log
      Γùç injected env (9) from .env.local // tip: Γîÿ custom filepath { path: '/custom/path/.env' }

      at _log (node_modules/dotenv/lib/main.js:131:11)

    console.log
      [Jest Setup] SUPABASE_SERVICE_ROLE_KEY loaded: sb_secret_Dm... (41 chars)

      at Object.log (jest.setup.ts:10:9)

PASS src/__tests__/rate-limit.test.ts
  ΓùÅ Console

    console.log
      Γùç injected env (9) from .env.local // tip: Γîÿ suppress logs { quiet: true }

      at _log (node_modules/dotenv/lib/main.js:131:11)

    console.log
      [Jest Setup] SUPABASE_SERVICE_ROLE_KEY loaded: sb_secret_Dm... (41 chars)

      at Object.log (jest.setup.ts:10:9)

    console.warn
      [rate-limit] Supabase RPC error, falling back to memory: db down

      78 |     if (error) {
      79 |       // DB unavailable: fall back to in-memory so we don't hard-block traffic.
    > 80 |       console.warn('[rate-limit] Supabase RPC error, falling back to memory:', error.message);
         |               ^
      81 |       return rateLimitMemory(identifier, capacity, refillRatePerSecond);
      82 |     }
      83 |

      at warn (src/lib/rate-limit.ts:80:15)
      at Object.<anonymous> (src/__tests__/rate-limit.test.ts:131:12)

    console.warn
      [rate-limit] Supabase RPC error, falling back to memory: db down

      78 |     if (error) {
      79 |       // DB unavailable: fall back to in-memory so we don't hard-block traffic.
    > 80 |       console.warn('[rate-limit] Supabase RPC error, falling back to memory:', error.message);
         |               ^
      81 |       return rateLimitMemory(identifier, capacity, refillRatePerSecond);
      82 |     }
      83 |

      at warn (src/lib/rate-limit.ts:80:15)
      at Object.<anonymous> (src/__tests__/rate-limit.test.ts:132:12)

    console.warn
      [rate-limit] Supabase RPC error, falling back to memory: db down

      78 |     if (error) {
      79 |       // DB unavailable: fall back to in-memory so we don't hard-block traffic.
    > 80 |       console.warn('[rate-limit] Supabase RPC error, falling back to memory:', error.message);
         |               ^
      81 |       return rateLimitMemory(identifier, capacity, refillRatePerSecond);
      82 |     }
      83 |

      at warn (src/lib/rate-limit.ts:80:15)
      at Object.<anonymous> (src/__tests__/rate-limit.test.ts:133:12)

PASS src/__tests__/onboarding.test.ts
  ΓùÅ Console

    console.log
      Γùç injected env (9) from .env.local // tip: Γùê encrypted .env [www.dotenvx.com]

      at _log (node_modules/dotenv/lib/main.js:131:11)

    console.log
      [Jest Setup] SUPABASE_SERVICE_ROLE_KEY loaded: sb_secret_Dm... (41 chars)

      at Object.log (jest.setup.ts:10:9)

    console.log
      [registerNewTenant] Creating confirmed user via admin client to bypass email rate limits

      at log (src/services/onboarding-actions.ts:112:15)

    console.log
      [registerNewTenant] Creating confirmed user via admin client to bypass email rate limits

      at log (src/services/onboarding-actions.ts:112:15)

    console.log
      [registerNewTenant] Creating confirmed user via admin client to bypass email rate limits

      at log (src/services/onboarding-actions.ts:112:15)

    console.log
      [registerNewTenant] Creating confirmed user via admin client to bypass email rate limits

      at log (src/services/onboarding-actions.ts:112:15)

    console.error
      [registerNewTenant] Post-onboarding tenant setup update failed: Database constraint violation

      246 |
      247 |       if (updateError) {
    > 248 |         console.error('[registerNewTenant] Post-onboarding tenant setup update failed:', updateError.message);
          |                 ^
      249 |         const setupLabel = input.branchType === 'franchise'
      250 |           ? 'cß║Ñu h├¼nh nh╞░ß╗úng quyß╗ün'
      251 |           : 'module ng├ánh Beauty Spa';

      at error (src/services/onboarding-actions.ts:248:17)
      at Object.<anonymous> (src/__tests__/onboarding.test.ts:273:20)

    console.log
      [registerNewTenant] Creating confirmed user via admin client to bypass email rate limits

      at log (src/services/onboarding-actions.ts:112:15)

    console.error
      [registerNewTenant] Database onboarding RPC failed: onboard tenant failed

      206 |  
      207 |     if (rpcError) {
    > 208 |       console.error('[registerNewTenant] Database onboarding RPC failed:', rpcError.message);
          |               ^
      209 |       const authRollbackError = await rollbackCreatedAuthUser(supabaseAdminForAuthRollback, authUser.id);
      210 |       const rollbackNote = formatCleanupNote('auth cleanup', authRollbackError);
      211 |       return { success: false, error: `${rpcError.message}${rollbackNote}` };

      at error (src/services/onboarding-actions.ts:208:15)
      at Object.<anonymous> (src/__tests__/onboarding.test.ts:290:20)

    console.log
      [registerNewTenant] Creating confirmed user via admin client to bypass email rate limits

      at log (src/services/onboarding-actions.ts:112:15)

    console.error
      [registerNewTenant] Database onboarding RPC failed: onboard tenant failed

      206 |  
      207 |     if (rpcError) {
    > 208 |       console.error('[registerNewTenant] Database onboarding RPC failed:', rpcError.message);
          |               ^
      209 |       const authRollbackError = await rollbackCreatedAuthUser(supabaseAdminForAuthRollback, authUser.id);
      210 |       const rollbackNote = formatCleanupNote('auth cleanup', authRollbackError);
      211 |       return { success: false, error: `${rpcError.message}${rollbackNote}` };

      at error (src/services/onboarding-actions.ts:208:15)
      at Object.<anonymous> (src/__tests__/onboarding.test.ts:317:20)

    console.log
      [registerNewTenant] Creating confirmed user via admin client to bypass email rate limits

      at log (src/services/onboarding-actions.ts:112:15)

PASS src/lib/decision-engine/providers/inventory/__tests__/inventory-provider.unit.test.ts
  ΓùÅ Console

    console.log
      Γùç injected env (9) from .env.local // tip: Γîÿ enable debugging { debug: true }

      at _log (node_modules/dotenv/lib/main.js:131:11)

    console.log
      [Jest Setup] SUPABASE_SERVICE_ROLE_KEY loaded: sb_secret_Dm... (41 chars)

      at Object.log (jest.setup.ts:10:9)

    console.error
      [InventoryProvider] Evaluation error: {
        type: 'allocation',
        error: 'allocationRequest required for allocation decision',
        executionTime: '0.07ms'
      }

      212 |     } catch (error) {
      213 |       const executionTime = performance.now() - startTime;
    > 214 |       console.error('[InventoryProvider] Evaluation error:', {
          |               ^
      215 |         type: input.decisionType,
      216 |         error: error instanceof Error ? error.message : String(error),
      217 |         executionTime: `${executionTime.toFixed(2)}ms`,

      at InventoryProvider.error [as evaluate] (src/lib/decision-engine/providers/inventory/inventory-provider.ts:214:15)
      at Object.<anonymous> (src/lib/decision-engine/providers/inventory/__tests__/inventory-provider.unit.test.ts:589:23)

PASS src/__tests__/helpers/mock-query-builder.test.ts
  ΓùÅ Console

    console.log
      Γùç injected env (9) from .env.local // tip: Γùê encrypted .env [www.dotenvx.com]

      at _log (node_modules/dotenv/lib/main.js:131:11)

    console.log
      [Jest Setup] SUPABASE_SERVICE_ROLE_KEY loaded: sb_secret_Dm... (41 chars)

      at Object.log (jest.setup.ts:10:9)

PASS src/lib/decision-engine/providers/inventory/__tests__/inventory-provider.integration.test.ts
  ΓùÅ Console

    console.log
      Γùç injected env (9) from .env.local // tip: Γîÿ override existing { override: true }

      at _log (node_modules/dotenv/lib/main.js:131:11)

    console.log
      [Jest Setup] SUPABASE_SERVICE_ROLE_KEY loaded: sb_secret_Dm... (41 chars)

      at Object.log (jest.setup.ts:10:9)

PASS src/lib/decision-engine/providers/payroll/__tests__/payroll-provider.integration.test.ts
  ΓùÅ Console

    console.log
      Γùç injected env (9) from .env.local // tip: Γùê encrypted .env [www.dotenvx.com]

      at _log (node_modules/dotenv/lib/main.js:131:11)

    console.log
      [Jest Setup] SUPABASE_SERVICE_ROLE_KEY loaded: sb_secret_Dm... (41 chars)

      at Object.log (jest.setup.ts:10:9)

PASS src/__tests__/subscription-actions.test.ts
  ΓùÅ Console

    console.log
      Γùç injected env (9) from .env.local // tip: Γîÿ multiple files { path: ['.env.local', '.env'] }

      at _log (node_modules/dotenv/lib/main.js:131:11)

    console.log
      [Jest Setup] SUPABASE_SERVICE_ROLE_KEY loaded: sb_secret_Dm... (41 chars)

      at Object.log (jest.setup.ts:10:9)

    console.log
      [simulateInvoicePayment] Tenant subscription after RPC: null

      at log (src/services/subscription-actions.ts:224:13)

PASS src/__tests__/tenant-actions.test.ts
  ΓùÅ Console

    console.log
      Γùç injected env (9) from .env.local // tip: Γùê encrypted .env [www.dotenvx.com]

      at _log (node_modules/dotenv/lib/main.js:131:11)

    console.log
      [Jest Setup] SUPABASE_SERVICE_ROLE_KEY loaded: sb_secret_Dm... (41 chars)

      at Object.log (jest.setup.ts:10:9)

    console.log
      [getTenantSettings] getCurrentUser took 0ms

      at log (src/services/tenant-actions.ts:120:11)

    console.warn
      [getTenantSettings] Kh├┤ng c├│ tenantId cho ng╞░ß╗¥i d├╣ng hiß╗çn tß║íi

      123 |
      124 |   if (!tenantId) {
    > 125 |     console.warn('[getTenantSettings] Kh├┤ng c├│ tenantId cho ng╞░ß╗¥i d├╣ng hiß╗çn tß║íi');
          |             ^
      126 |     return null;
      127 |   }
      128 |

      at warn (src/services/tenant-actions.ts:125:13)
      at Object.<anonymous> (src/__tests__/tenant-actions.test.ts:194:5)

    console.log
      [getTenantSettings] getCurrentUser took 0ms

      at log (src/services/tenant-actions.ts:120:11)

    console.log
      [getTenantSettings] Redis cache check took 1ms

      at log (src/services/tenant-actions.ts:133:11)

    console.log
      [getTenantSettings] Cache MISS - fetching from DB

      at log (src/services/tenant-actions.ts:139:11)

    console.log
      [getTenantSettings] fetchTenantSnapshot took 1ms

      at log (src/services/tenant-actions.ts:143:11)

    console.log
      [getTenantSettings] TOTAL TIME: 2ms

      at log (src/services/tenant-actions.ts:152:11)

    console.log
      [getTenantSettings] getCurrentUser took 0ms

      at log (src/services/tenant-actions.ts:120:11)

    console.log
      [getTenantSettings] Redis cache check took 0ms

      at log (src/services/tenant-actions.ts:133:11)

    console.log
      [getTenantSettings] Cache MISS - fetching from DB

      at log (src/services/tenant-actions.ts:139:11)

    console.log
      [getTenantSettings] fetchTenantSnapshot took 0ms

      at log (src/services/tenant-actions.ts:143:11)

    console.log
      [getTenantSettings] getCurrentUser took 0ms

      at log (src/services/tenant-actions.ts:120:11)

    console.log
      [getTenantSettings] Redis cache check took 0ms

      at log (src/services/tenant-actions.ts:133:11)

    console.log
      [getTenantSettings] Cache MISS - fetching from DB

      at log (src/services/tenant-actions.ts:139:11)

    console.log
      [getTenantSettings] fetchTenantSnapshot took 0ms

      at log (src/services/tenant-actions.ts:143:11)

    console.log
      [getTenantSettings] TOTAL TIME: 1ms

      at log (src/services/tenant-actions.ts:152:11)

    console.log
      [getTenantSettings] getCurrentUser took 0ms

      at log (src/services/tenant-actions.ts:120:11)

    console.log
      [getTenantSettings] Redis cache check took 0ms

      at log (src/services/tenant-actions.ts:133:11)

    console.log
      [getTenantSettings] Cache MISS - fetching from DB

      at log (src/services/tenant-actions.ts:139:11)

    console.log
      [getTenantSettings] fetchTenantSnapshot took 0ms

      at log (src/services/tenant-actions.ts:143:11)

    console.error
      Error updating tenant settings: { message: 'update denied' }

      239 |
      240 |     if (error) {
    > 241 |       console.error('Error updating tenant settings:', error);
          |               ^
      242 |       return { success: false, error: error.message };
      243 |     }
      244 |

      at error (src/services/tenant-actions.ts:241:15)
      at Object.<anonymous> (src/__tests__/tenant-actions.test.ts:459:20)

PASS src/__tests__/partner-api-lifecycle.test.ts
  ΓùÅ Console

    console.log
      Γùç injected env (9) from .env.local // tip: Γîÿ multiple files { path: ['.env.local', '.env'] }

      at _log (node_modules/dotenv/lib/main.js:131:11)

    console.log
      [Jest Setup] SUPABASE_SERVICE_ROLE_KEY loaded: sb_secret_Dm... (41 chars)

      at Object.log (jest.setup.ts:10:9)

PASS src/modules/spa/adapters/SpaModuleAdapter.test.ts
  ΓùÅ Console

    console.log
      Γùç injected env (9) from .env.local // tip: Γîÿ custom filepath { path: '/custom/path/.env' }

      at _log (node_modules/dotenv/lib/main.js:131:11)

    console.log
      [Jest Setup] SUPABASE_SERVICE_ROLE_KEY loaded: sb_secret_Dm... (41 chars)

      at Object.log (jest.setup.ts:10:9)

PASS src/__tests__/scope-presets.test.ts
  ΓùÅ Console

    console.log
      Γùç injected env (9) from .env.local // tip: Γîÿ multiple files { path: ['.env.local', '.env'] }

      at _log (node_modules/dotenv/lib/main.js:131:11)

    console.log
      [Jest Setup] SUPABASE_SERVICE_ROLE_KEY loaded: sb_secret_Dm... (41 chars)

      at Object.log (jest.setup.ts:10:9)

PASS src/__tests__/supabase-env.test.ts
  ΓùÅ Console

    console.log
      Γùç injected env (9) from .env.local // tip: Γùê secrets for agents [www.dotenvx.com]

      at _log (node_modules/dotenv/lib/main.js:131:11)

    console.log
      [Jest Setup] SUPABASE_SERVICE_ROLE_KEY loaded: sb_secret_Dm... (41 chars)

      at Object.log (jest.setup.ts:10:9)

PASS src/services/intelligence/__tests__/helpers.test.ts
  ΓùÅ Console

    console.log
      Γùç injected env (9) from .env.local // tip: Γîÿ override existing { override: true }

      at _log (node_modules/dotenv/lib/main.js:131:11)

    console.log
      [Jest Setup] SUPABASE_SERVICE_ROLE_KEY loaded: sb_secret_Dm... (41 chars)

      at Object.log (jest.setup.ts:10:9)

PASS src/__tests__/sentry-instrumentation.test.ts
  ΓùÅ Console

    console.log
      Γùç injected env (9) from .env.local // tip: Γîü auth for agents [www.vestauth.com]

      at _log (node_modules/dotenv/lib/main.js:131:11)

    console.log
      [Jest Setup] SUPABASE_SERVICE_ROLE_KEY loaded: sb_secret_Dm... (41 chars)

      at Object.log (jest.setup.ts:10:9)

PASS src/__tests__/public-promotions-ui.test.ts
  ΓùÅ Console

    console.log
      Γùç injected env (9) from .env.local // tip: Γîÿ override existing { override: true }

      at _log (node_modules/dotenv/lib/main.js:131:11)

    console.log
      [Jest Setup] SUPABASE_SERVICE_ROLE_KEY loaded: sb_secret_Dm... (41 chars)

      at Object.log (jest.setup.ts:10:9)

PASS src/__tests__/customer-list-rules.test.ts
  ΓùÅ Console

    console.log
      Γùç injected env (9) from .env.local // tip: Γùê encrypted .env [www.dotenvx.com]

      at _log (node_modules/dotenv/lib/main.js:131:11)

    console.log
      [Jest Setup] SUPABASE_SERVICE_ROLE_KEY loaded: sb_secret_Dm... (41 chars)

      at Object.log (jest.setup.ts:10:9)

PASS src/__tests__/cfo-agent.test.ts
  ΓùÅ Console

    console.log
      Γùç injected env (9) from .env.local // tip: Γîÿ enable debugging { debug: true }

      at _log (node_modules/dotenv/lib/main.js:131:11)

    console.log
      [Jest Setup] SUPABASE_SERVICE_ROLE_KEY loaded: sb_secret_Dm... (41 chars)

      at Object.log (jest.setup.ts:10:9)

PASS src/__tests__/hq-audit-explorer.test.ts
  ΓùÅ Console

    console.log
      Γùç injected env (9) from .env.local // tip: Γîü auth for agents [www.vestauth.com]

      at _log (node_modules/dotenv/lib/main.js:131:11)

    console.log
      [Jest Setup] SUPABASE_SERVICE_ROLE_KEY loaded: sb_secret_Dm... (41 chars)

      at Object.log (jest.setup.ts:10:9)

PASS src/__tests__/subscription-quota-schema.test.ts
  ΓùÅ Console

    console.log
      Γùç injected env (9) from .env.local // tip: Γîÿ multiple files { path: ['.env.local', '.env'] }

      at _log (node_modules/dotenv/lib/main.js:131:11)

    console.log
      [Jest Setup] SUPABASE_SERVICE_ROLE_KEY loaded: sb_secret_Dm... (41 chars)

      at Object.log (jest.setup.ts:10:9)

PASS src/__tests__/platform-rule-engines.test.ts
  ΓùÅ Console

    console.log
      Γùç injected env (9) from .env.local // tip: Γùê secrets for agents [www.dotenvx.com]

      at _log (node_modules/dotenv/lib/main.js:131:11)

    console.log
      [Jest Setup] SUPABASE_SERVICE_ROLE_KEY loaded: sb_secret_Dm... (41 chars)

      at Object.log (jest.setup.ts:10:9)

PASS src/__tests__/log-redactor.test.ts
  ΓùÅ Console

    console.log
      Γùç injected env (9) from .env.local // tip: Γùê encrypted .env [www.dotenvx.com]

      at _log (node_modules/dotenv/lib/main.js:131:11)

    console.log
      [Jest Setup] SUPABASE_SERVICE_ROLE_KEY loaded: sb_secret_Dm... (41 chars)

      at Object.log (jest.setup.ts:10:9)

PASS src/__tests__/integration/service-commission-flow.test.ts
  ΓùÅ Console

    console.log
      Γùç injected env (9) from .env.local // tip: Γùê encrypted .env [www.dotenvx.com]

      at _log (node_modules/dotenv/lib/main.js:131:11)

    console.log
      [Jest Setup] SUPABASE_SERVICE_ROLE_KEY loaded: sb_secret_Dm... (41 chars)

      at Object.log (jest.setup.ts:10:9)

PASS src/__tests__/accounting-worker-cron-smoke.test.ts
  ΓùÅ Console

    console.log
      Γùç injected env (9) from .env.local // tip: Γùê encrypted .env [www.dotenvx.com]

      at _log (node_modules/dotenv/lib/main.js:131:11)

    console.log
      [Jest Setup] SUPABASE_SERVICE_ROLE_KEY loaded: sb_secret_Dm... (41 chars)

      at Object.log (jest.setup.ts:10:9)

PASS src/__tests__/ktv-rating.test.ts
  ΓùÅ Console

    console.log
      Γùç injected env (9) from .env.local // tip: Γîÿ suppress logs { quiet: true }

      at _log (node_modules/dotenv/lib/main.js:131:11)

    console.log
      [Jest Setup] SUPABASE_SERVICE_ROLE_KEY loaded: sb_secret_Dm... (41 chars)

      at Object.log (jest.setup.ts:10:9)

PASS src/__tests__/zero-downtime-migrations.test.ts
  ΓùÅ Console

    console.log
      Γùç injected env (9) from .env.local // tip: Γîü auth for agents [www.vestauth.com]

      at _log (node_modules/dotenv/lib/main.js:131:11)

    console.log
      [Jest Setup] SUPABASE_SERVICE_ROLE_KEY loaded: sb_secret_Dm... (41 chars)

      at Object.log (jest.setup.ts:10:9)

PASS src/__tests__/portal-chat-utils.test.ts
  ΓùÅ Console

    console.log
      Γùç injected env (9) from .env.local // tip: Γùê encrypted .env [www.dotenvx.com]

      at _log (node_modules/dotenv/lib/main.js:131:11)

    console.log
      [Jest Setup] SUPABASE_SERVICE_ROLE_KEY loaded: sb_secret_Dm... (41 chars)

      at Object.log (jest.setup.ts:10:9)

PASS src/__tests__/geo.test.ts
  ΓùÅ Console

    console.log
      Γùç injected env (9) from .env.local // tip: Γîÿ custom filepath { path: '/custom/path/.env' }

      at _log (node_modules/dotenv/lib/main.js:131:11)

    console.log
      [Jest Setup] SUPABASE_SERVICE_ROLE_KEY loaded: sb_secret_Dm... (41 chars)

      at Object.log (jest.setup.ts:10:9)

PASS src/lib/decision-engine/providers/commission/__tests__/commission-provider.unit.test.ts
  ΓùÅ Console

    console.log
      Γùç injected env (9) from .env.local // tip: Γîÿ enable debugging { debug: true }

      at _log (node_modules/dotenv/lib/main.js:131:11)

    console.log
      [Jest Setup] SUPABASE_SERVICE_ROLE_KEY loaded: sb_secret_Dm... (41 chars)

      at Object.log (jest.setup.ts:10:9)

PASS src/__tests__/portal-chat.test.ts
  ΓùÅ Console

    console.log
      Γùç injected env (9) from .env.local // tip: Γîÿ custom filepath { path: '/custom/path/.env' }

      at _log (node_modules/dotenv/lib/main.js:131:11)

    console.log
      [Jest Setup] SUPABASE_SERVICE_ROLE_KEY loaded: sb_secret_Dm... (41 chars)

      at Object.log (jest.setup.ts:10:9)

    console.error
      [validateToken] Lß╗ùi truy vß║Ñn database: { message: 'Database connection failed' }

      39 |
      40 |   if (error) {
    > 41 |     console.error('[validateToken] Lß╗ùi truy vß║Ñn database:', error);
         |             ^
      42 |     throw new Error(`Lß╗ùi kß║┐t nß╗æi c╞í sß╗ƒ dß╗» liß╗çu khi x├íc thß╗▒c token: ${error.message}`);
      43 |   }
      44 |   if (!booking || !booking.customer_id || !booking.tenant_id) {

      at error (src/services/portal-chat-actions.ts:41:13)
      at getPortalChatMessages (src/services/portal-chat-actions.ts:59:28)
      at Object.<anonymous> (src/__tests__/portal-chat.test.ts:107:22)

    console.error
      [getPortalChatMessages] Lß╗ùi lß║Ñy tin nhß║»n: { message: 'Query timeout' }

      67 |
      68 |     if (error) {
    > 69 |       console.error('[getPortalChatMessages] Lß╗ùi lß║Ñy tin nhß║»n:', error);
         |               ^
      70 |       throw error; // Re-throw to propagate or handle in client (Zero Silent Database Failures)
      71 |     }
      72 |

      at error (src/services/portal-chat-actions.ts:69:15)
      at Object.<anonymous> (src/__tests__/portal-chat.test.ts:150:22)

    console.error
      [sendPortalChatMessage] Lß╗ùi gß╗¡i tin nhß║»n: { message: 'Unique constraint violation on chat_messages' }

      111 |
      112 |     if (error) {
    > 113 |       console.error('[sendPortalChatMessage] Lß╗ùi gß╗¡i tin nhß║»n:', error);
          |               ^
      114 |       throw error; // Propagate error (Zero Silent Database Failures)
      115 |     }
      116 |

      at error (src/services/portal-chat-actions.ts:113:15)
      at Object.<anonymous> (src/__tests__/portal-chat.test.ts:213:22)

    console.error
      [markPortalMessagesAsRead] Lß╗ùi ─æ├ính dß║Ñu ─æ├ú ─æß╗ìc: { message: 'Database write error' }

      144 |
      145 |     if (error) {
    > 146 |       console.error('[markPortalMessagesAsRead] Lß╗ùi ─æ├ính dß║Ñu ─æ├ú ─æß╗ìc:', error);
          |               ^
      147 |       throw error; // Propagate error (Zero Silent Database Failures)
      148 |     }
      149 |

      at error (src/services/portal-chat-actions.ts:146:15)
      at Object.<anonymous> (src/__tests__/portal-chat.test.ts:255:22)

PASS src/__tests__/hq-actions.test.ts
  ΓùÅ Console

    console.log
      Γùç injected env (9) from .env.local // tip: Γùê secrets for agents [www.dotenvx.com]

      at _log (node_modules/dotenv/lib/main.js:131:11)

    console.log
      [Jest Setup] SUPABASE_SERVICE_ROLE_KEY loaded: sb_secret_Dm... (41 chars)

      at Object.log (jest.setup.ts:10:9)

PASS src/__tests__/user-manuals.test.ts
  ΓùÅ Console

    console.log
      Γùç injected env (9) from .env.local // tip: Γîÿ override existing { override: true }

      at _log (node_modules/dotenv/lib/main.js:131:11)

    console.log
      [Jest Setup] SUPABASE_SERVICE_ROLE_KEY loaded: sb_secret_Dm... (41 chars)

      at Object.log (jest.setup.ts:10:9)

PASS src/__tests__/notification-actions.test.ts
  ΓùÅ Console

    console.log
      Γùç injected env (9) from .env.local // tip: Γîÿ custom filepath { path: '/custom/path/.env' }

      at _log (node_modules/dotenv/lib/main.js:131:11)

    console.log
      [Jest Setup] SUPABASE_SERVICE_ROLE_KEY loaded: sb_secret_Dm... (41 chars)

      at Object.log (jest.setup.ts:10:9)

PASS src/__tests__/supabase-rpc-smoke-check.test.ts
  ΓùÅ Console

    console.log
      Γùç injected env (9) from .env.local // tip: Γîÿ multiple files { path: ['.env.local', '.env'] }

      at _log (node_modules/dotenv/lib/main.js:131:11)

    console.log
      [Jest Setup] SUPABASE_SERVICE_ROLE_KEY loaded: sb_secret_Dm... (41 chars)

      at Object.log (jest.setup.ts:10:9)

PASS src/lib/decision-engine/registry/__tests__/validation.test.ts
  ΓùÅ Console

    console.log
      Γùç injected env (9) from .env.local // tip: Γîü auth for agents [www.vestauth.com]

      at _log (node_modules/dotenv/lib/main.js:131:11)

    console.log
      [Jest Setup] SUPABASE_SERVICE_ROLE_KEY loaded: sb_secret_Dm... (41 chars)

      at Object.log (jest.setup.ts:10:9)

PASS src/__tests__/providers/provider-contract.test.ts
  ΓùÅ Console

    console.log
      Γùç injected env (9) from .env.local // tip: Γîü auth for agents [www.vestauth.com]

      at _log (node_modules/dotenv/lib/main.js:131:11)

    console.log
      [Jest Setup] SUPABASE_SERVICE_ROLE_KEY loaded: sb_secret_Dm... (41 chars)

      at Object.log (jest.setup.ts:10:9)

PASS src/__tests__/crm-ui.test.ts
  ΓùÅ Console

    console.log
      Γùç injected env (9) from .env.local // tip: Γùê secrets for agents [www.dotenvx.com]

      at _log (node_modules/dotenv/lib/main.js:131:11)

    console.log
      [Jest Setup] SUPABASE_SERVICE_ROLE_KEY loaded: sb_secret_Dm... (41 chars)

      at Object.log (jest.setup.ts:10:9)

PASS src/__tests__/booking-resource-schedule-guard.test.ts
  ΓùÅ Console

    console.log
      Γùç injected env (9) from .env.local // tip: Γùê secrets for agents [www.dotenvx.com]

      at _log (node_modules/dotenv/lib/main.js:131:11)

    console.log
      [Jest Setup] SUPABASE_SERVICE_ROLE_KEY loaded: sb_secret_Dm... (41 chars)

      at Object.log (jest.setup.ts:10:9)

PASS src/__tests__/accounting-outbox-idempotency.test.ts
  ΓùÅ Console

    console.log
      Γùç injected env (9) from .env.local // tip: Γùê encrypted .env [www.dotenvx.com]

      at _log (node_modules/dotenv/lib/main.js:131:11)

    console.log
      [Jest Setup] SUPABASE_SERVICE_ROLE_KEY loaded: sb_secret_Dm... (41 chars)

      at Object.log (jest.setup.ts:10:9)

PASS src/__tests__/accounting-outbox-helper.test.ts
  ΓùÅ Console

    console.log
      Γùç injected env (9) from .env.local // tip: Γîÿ suppress logs { quiet: true }

      at _log (node_modules/dotenv/lib/main.js:131:11)

    console.log
      [Jest Setup] SUPABASE_SERVICE_ROLE_KEY loaded: sb_secret_Dm... (41 chars)

      at Object.log (jest.setup.ts:10:9)

    console.log
      [accounting-outbox] Enqueued/reused PACKAGE_SALE for REVENUE:revenue-1

      at log (src/lib/accounting-outbox.ts:166:13)

    console.error
      [accounting-outbox] Failed to enqueue PACKAGE_SALE for REVENUE:revenue-1: outbox unavailable

      155 |
      156 |     if (error) {
    > 157 |       console.error('%s Failed to enqueue %s for %s:%s:', logPrefix, params.eventType, params.referenceType, params.referenceId, error.message);
          |               ^
      158 |       return false;
      159 |     }
      160 |

      at error (src/lib/accounting-outbox.ts:157:15)
      at Object.<anonymous> (src/__tests__/accounting-outbox-helper.test.ts:41:5)

    console.error
      [accounting-outbox] Failed to enqueue PACKAGE_SALE for REVENUE:revenue-1: missing outbox id

      160 |
      161 |     if (!outboxId) {
    > 162 |       console.error(`${logPrefix} Failed to enqueue ${params.eventType} for ${params.referenceType}:${params.referenceId}: missing outbox id`);
          |               ^
      163 |       return false;
      164 |     }
      165 |

      at error (src/lib/accounting-outbox.ts:162:15)
      at Object.<anonymous> (src/__tests__/accounting-outbox-helper.test.ts:49:5)

    console.warn
      [accounting-outbox] Exception enqueuing PACKAGE_SALE:revenue-1: connection dropped

      168 |   } catch (err: unknown) {
      169 |     const msg = err instanceof Error ? err.message : String(err);
    > 170 |     console.warn('%s Exception enqueuing %s:%s:', logPrefix, params.eventType, params.referenceId, msg);
          |             ^
      171 |     return false;
      172 |   }
      173 | }

      at warn (src/lib/accounting-outbox.ts:170:13)
      at Object.<anonymous> (src/__tests__/accounting-outbox-helper.test.ts:57:5)

PASS src/services/intelligence/__tests__/recommendation/service-recommendation.test.ts
  ΓùÅ Console

    console.log
      Γùç injected env (9) from .env.local // tip: Γîÿ enable debugging { debug: true }

      at _log (node_modules/dotenv/lib/main.js:131:11)

    console.log
      [Jest Setup] SUPABASE_SERVICE_ROLE_KEY loaded: sb_secret_Dm... (41 chars)

      at Object.log (jest.setup.ts:10:9)

PASS src/__tests__/decision-engine/payroll-salary.test.ts
  ΓùÅ Console

    console.log
      Γùç injected env (9) from .env.local // tip: Γîÿ enable debugging { debug: true }

      at _log (node_modules/dotenv/lib/main.js:131:11)

    console.log
      [Jest Setup] SUPABASE_SERVICE_ROLE_KEY loaded: sb_secret_Dm... (41 chars)

      at Object.log (jest.setup.ts:10:9)

PASS src/__tests__/accounting-template-rules.test.ts
  ΓùÅ Console

    console.log
      Γùç injected env (9) from .env.local // tip: Γùê secrets for agents [www.dotenvx.com]

      at _log (node_modules/dotenv/lib/main.js:131:11)

    console.log
      [Jest Setup] SUPABASE_SERVICE_ROLE_KEY loaded: sb_secret_Dm... (41 chars)

      at Object.log (jest.setup.ts:10:9)

PASS src/__tests__/hq-ui-layout-guards.test.ts
  ΓùÅ Console

    console.log
      Γùç injected env (9) from .env.local // tip: Γùê encrypted .env [www.dotenvx.com]

      at _log (node_modules/dotenv/lib/main.js:131:11)

    console.log
      [Jest Setup] SUPABASE_SERVICE_ROLE_KEY loaded: sb_secret_Dm... (41 chars)

      at Object.log (jest.setup.ts:10:9)

PASS src/__tests__/service-package-rules.test.ts
  ΓùÅ Console

    console.log
      Γùç injected env (9) from .env.local // tip: Γîÿ multiple files { path: ['.env.local', '.env'] }

      at _log (node_modules/dotenv/lib/main.js:131:11)

    console.log
      [Jest Setup] SUPABASE_SERVICE_ROLE_KEY loaded: sb_secret_Dm... (41 chars)

      at Object.log (jest.setup.ts:10:9)

PASS src/__tests__/supabase-data-access-check.test.ts
  ΓùÅ Console

    console.log
      Γùç injected env (9) from .env.local // tip: Γîÿ multiple files { path: ['.env.local', '.env'] }

      at _log (node_modules/dotenv/lib/main.js:131:11)

    console.log
      [Jest Setup] SUPABASE_SERVICE_ROLE_KEY loaded: sb_secret_Dm... (41 chars)

      at Object.log (jest.setup.ts:10:9)

PASS src/__tests__/booking-invoice-print-actions.test.ts
  ΓùÅ Console

    console.log
      Γùç injected env (9) from .env.local // tip: Γîü auth for agents [www.vestauth.com]

      at _log (node_modules/dotenv/lib/main.js:131:11)

    console.log
      [Jest Setup] SUPABASE_SERVICE_ROLE_KEY loaded: sb_secret_Dm... (41 chars)

      at Object.log (jest.setup.ts:10:9)

PASS src/__tests__/supabase-rpc-grants-check.test.ts
  ΓùÅ Console

    console.log
      Γùç injected env (9) from .env.local // tip: Γîÿ suppress logs { quiet: true }

      at _log (node_modules/dotenv/lib/main.js:131:11)

    console.log
      [Jest Setup] SUPABASE_SERVICE_ROLE_KEY loaded: sb_secret_Dm... (41 chars)

      at Object.log (jest.setup.ts:10:9)

PASS src/__tests__/accounting-ledger-boundary.test.ts
  ΓùÅ Console

    console.log
      Γùç injected env (9) from .env.local // tip: Γùê secrets for agents [www.dotenvx.com]

      at _log (node_modules/dotenv/lib/main.js:131:11)

    console.log
      [Jest Setup] SUPABASE_SERVICE_ROLE_KEY loaded: sb_secret_Dm... (41 chars)

      at Object.log (jest.setup.ts:10:9)

PASS src/__tests__/salary-reconciliation-summary.test.ts
  ΓùÅ Console

    console.log
      Γùç injected env (9) from .env.local // tip: Γùê encrypted .env [www.dotenvx.com]

      at _log (node_modules/dotenv/lib/main.js:131:11)

    console.log
      [Jest Setup] SUPABASE_SERVICE_ROLE_KEY loaded: sb_secret_Dm... (41 chars)

      at Object.log (jest.setup.ts:10:9)

PASS src/__tests__/business-invariants-check.test.ts
  ΓùÅ Console

    console.log
      Γùç injected env (9) from .env.local // tip: Γîÿ enable debugging { debug: true }

      at _log (node_modules/dotenv/lib/main.js:131:11)

    console.log
      [Jest Setup] SUPABASE_SERVICE_ROLE_KEY loaded: sb_secret_Dm... (41 chars)

      at Object.log (jest.setup.ts:10:9)

PASS src/__tests__/portal-payment-utils.test.ts
  ΓùÅ Console

    console.log
      Γùç injected env (9) from .env.local // tip: Γîÿ enable debugging { debug: true }

      at _log (node_modules/dotenv/lib/main.js:131:11)

    console.log
      [Jest Setup] SUPABASE_SERVICE_ROLE_KEY loaded: sb_secret_Dm... (41 chars)

      at Object.log (jest.setup.ts:10:9)

PASS src/__tests__/auth-guards.test.ts
  ΓùÅ Console

    console.log
      Γùç injected env (9) from .env.local // tip: Γîÿ custom filepath { path: '/custom/path/.env' }

      at _log (node_modules/dotenv/lib/main.js:131:11)

    console.log
      [Jest Setup] SUPABASE_SERVICE_ROLE_KEY loaded: sb_secret_Dm... (41 chars)

      at Object.log (jest.setup.ts:10:9)

PASS src/__tests__/meta-ads-ui.test.ts
  ΓùÅ Console

    console.log
      Γùç injected env (9) from .env.local // tip: Γîÿ multiple files { path: ['.env.local', '.env'] }

      at _log (node_modules/dotenv/lib/main.js:131:11)

    console.log
      [Jest Setup] SUPABASE_SERVICE_ROLE_KEY loaded: sb_secret_Dm... (41 chars)

      at Object.log (jest.setup.ts:10:9)

PASS src/services/intelligence/__tests__/integration/forecast-api.test.ts (21.205 s)
  ΓùÅ Console

    console.log
      Γùç injected env (9) from .env.local // tip: Γîÿ override existing { override: true }

      at _log (node_modules/dotenv/lib/main.js:131:11)

    console.log
      [Jest Setup] SUPABASE_SERVICE_ROLE_KEY loaded: sb_secret_Dm... (41 chars)

      at Object.log (jest.setup.ts:10:9)

    console.error
      Failed to save forecast results: {
        code: 'PGRST205',
        details: null,
        hint: "Perhaps you meant the table 'public.rule_test_results'",
        message: "Could not find the table 'public.forecast_results' in the schema cache"
      }

      477 |   
      478 |   if (error) {
    > 479 |     console.error('Failed to save forecast results:', error);
          |             ^
      480 |     // Non-critical error, don't throw
      481 |   }
      482 | }

      at error (src/services/intelligence/forecast/revenue-forecast.ts:479:13)
      at forecastRevenue (src/services/intelligence/forecast/revenue-forecast.ts:100:3)
      at ForecastService.getRevenueForecast (src/services/intelligence/forecast/service.ts:82:22)
      at GET (src/app/api/intelligence/forecast/revenue/route.ts:62:20)
      at src/services/intelligence/__tests__/integration/forecast-api.test.ts:75:12
      at Object.<anonymous> (src/services/intelligence/__tests__/integration/forecast-api.test.ts:133:24)

    console.error
      Failed to save forecast results: {
        code: 'PGRST205',
        details: null,
        hint: "Perhaps you meant the table 'public.rule_test_results'",
        message: "Could not find the table 'public.forecast_results' in the schema cache"
      }

      477 |   
      478 |   if (error) {
    > 479 |     console.error('Failed to save forecast results:', error);
          |             ^
      480 |     // Non-critical error, don't throw
      481 |   }
      482 | }

      at error (src/services/intelligence/forecast/revenue-forecast.ts:479:13)
      at forecastRevenue (src/services/intelligence/forecast/revenue-forecast.ts:100:3)
      at ForecastService.getRevenueForecast (src/services/intelligence/forecast/service.ts:82:22)
      at GET (src/app/api/intelligence/forecast/revenue/route.ts:62:20)
      at src/services/intelligence/__tests__/integration/forecast-api.test.ts:75:12
      at Object.<anonymous> (src/services/intelligence/__tests__/integration/forecast-api.test.ts:144:24)

    console.error
      Failed to save forecast results: {
        code: 'PGRST205',
        details: null,
        hint: "Perhaps you meant the table 'public.rule_test_results'",
        message: "Could not find the table 'public.forecast_results' in the schema cache"
      }

      477 |   
      478 |   if (error) {
    > 479 |     console.error('Failed to save forecast results:', error);
          |             ^
      480 |     // Non-critical error, don't throw
      481 |   }
      482 | }

      at error (src/services/intelligence/forecast/revenue-forecast.ts:479:13)
      at forecastRevenue (src/services/intelligence/forecast/revenue-forecast.ts:100:3)
      at ForecastService.getRevenueForecast (src/services/intelligence/forecast/service.ts:82:22)
      at GET (src/app/api/intelligence/forecast/revenue/route.ts:62:20)
      at src/services/intelligence/__tests__/integration/forecast-api.test.ts:75:12
      at Object.<anonymous> (src/services/intelligence/__tests__/integration/forecast-api.test.ts:167:25)

    console.error
      Failed to save forecast results: {
        code: 'PGRST205',
        details: null,
        hint: "Perhaps you meant the table 'public.rule_test_results'",
        message: "Could not find the table 'public.forecast_results' in the schema cache"
      }

      477 |   
      478 |   if (error) {
    > 479 |     console.error('Failed to save forecast results:', error);
          |             ^
      480 |     // Non-critical error, don't throw
      481 |   }
      482 | }

      at error (src/services/intelligence/forecast/revenue-forecast.ts:479:13)
      at forecastRevenue (src/services/intelligence/forecast/revenue-forecast.ts:100:3)
      at ForecastService.getRevenueForecast (src/services/intelligence/forecast/service.ts:82:22)
      at GET (src/app/api/intelligence/forecast/revenue/route.ts:62:20)
      at src/services/intelligence/__tests__/integration/forecast-api.test.ts:75:12
      at Object.<anonymous> (src/services/intelligence/__tests__/integration/forecast-api.test.ts:206:24)

    console.error
      Failed to save forecast results: {
        code: 'PGRST205',
        details: null,
        hint: "Perhaps you meant the table 'public.rule_test_results'",
        message: "Could not find the table 'public.forecast_results' in the schema cache"
      }

      477 |   
      478 |   if (error) {
    > 479 |     console.error('Failed to save forecast results:', error);
          |             ^
      480 |     // Non-critical error, don't throw
      481 |   }
      482 | }

      at error (src/services/intelligence/forecast/revenue-forecast.ts:479:13)
      at forecastRevenue (src/services/intelligence/forecast/revenue-forecast.ts:100:3)
      at ForecastService.getRevenueForecast (src/services/intelligence/forecast/service.ts:82:22)
      at GET (src/app/api/intelligence/forecast/revenue/route.ts:62:20)
      at src/services/intelligence/__tests__/integration/forecast-api.test.ts:75:12
          at async Promise.all (index 0)
      at Object.<anonymous> (src/services/intelligence/__tests__/integration/forecast-api.test.ts:219:25)

    console.error
      Failed to save forecast results: {
        code: 'PGRST205',
        details: null,
        hint: "Perhaps you meant the table 'public.rule_test_results'",
        message: "Could not find the table 'public.forecast_results' in the schema cache"
      }

      477 |   
      478 |   if (error) {
    > 479 |     console.error('Failed to save forecast results:', error);
          |             ^
      480 |     // Non-critical error, don't throw
      481 |   }
      482 | }

      at error (src/services/intelligence/forecast/revenue-forecast.ts:479:13)
      at forecastRevenue (src/services/intelligence/forecast/revenue-forecast.ts:100:3)
      at ForecastService.getRevenueForecast (src/services/intelligence/forecast/service.ts:82:22)
      at GET (src/app/api/intelligence/forecast/revenue/route.ts:62:20)
      at src/services/intelligence/__tests__/integration/forecast-api.test.ts:75:12
          at async Promise.all (index 1)
      at Object.<anonymous> (src/services/intelligence/__tests__/integration/forecast-api.test.ts:219:25)

    console.error
      Failed to save forecast results: {
        code: 'PGRST205',
        details: null,
        hint: "Perhaps you meant the table 'public.rule_test_results'",
        message: "Could not find the table 'public.forecast_results' in the schema cache"
      }

      477 |   
      478 |   if (error) {
    > 479 |     console.error('Failed to save forecast results:', error);
          |             ^
      480 |     // Non-critical error, don't throw
      481 |   }
      482 | }

      at error (src/services/intelligence/forecast/revenue-forecast.ts:479:13)
      at forecastRevenue (src/services/intelligence/forecast/revenue-forecast.ts:100:3)
      at ForecastService.getRevenueForecast (src/services/intelligence/forecast/service.ts:82:22)
      at GET (src/app/api/intelligence/forecast/revenue/route.ts:62:20)
      at src/services/intelligence/__tests__/integration/forecast-api.test.ts:75:12
          at async Promise.all (index 3)
      at Object.<anonymous> (src/services/intelligence/__tests__/integration/forecast-api.test.ts:219:25)

    console.error
      Failed to save forecast results: {
        code: 'PGRST205',
        details: null,
        hint: "Perhaps you meant the table 'public.rule_test_results'",
        message: "Could not find the table 'public.forecast_results' in the schema cache"
      }

      477 |   
      478 |   if (error) {
    > 479 |     console.error('Failed to save forecast results:', error);
          |             ^
      480 |     // Non-critical error, don't throw
      481 |   }
      482 | }

      at error (src/services/intelligence/forecast/revenue-forecast.ts:479:13)
      at forecastRevenue (src/services/intelligence/forecast/revenue-forecast.ts:100:3)
      at ForecastService.getRevenueForecast (src/services/intelligence/forecast/service.ts:82:22)
      at GET (src/app/api/intelligence/forecast/revenue/route.ts:62:20)
      at src/services/intelligence/__tests__/integration/forecast-api.test.ts:75:12
          at async Promise.all (index 40)
      at Object.<anonymous> (src/services/intelligence/__tests__/integration/forecast-api.test.ts:219:25)

    console.error
      Failed to save forecast results: {
        code: 'PGRST205',
        details: null,
        hint: "Perhaps you meant the table 'public.rule_test_results'",
        message: "Could not find the table 'public.forecast_results' in the schema cache"
      }

      477 |   
      478 |   if (error) {
    > 479 |     console.error('Failed to save forecast results:', error);
          |             ^
      480 |     // Non-critical error, don't throw
      481 |   }
      482 | }

      at error (src/services/intelligence/forecast/revenue-forecast.ts:479:13)
      at forecastRevenue (src/services/intelligence/forecast/revenue-forecast.ts:100:3)
      at ForecastService.getRevenueForecast (src/services/intelligence/forecast/service.ts:82:22)
      at GET (src/app/api/intelligence/forecast/revenue/route.ts:62:20)
      at src/services/intelligence/__tests__/integration/forecast-api.test.ts:75:12
          at async Promise.all (index 6)
      at Object.<anonymous> (src/services/intelligence/__tests__/integration/forecast-api.test.ts:219:25)

    console.error
      Failed to save forecast results: {
        code: 'PGRST205',
        details: null,
        hint: "Perhaps you meant the table 'public.rule_test_results'",
        message: "Could not find the table 'public.forecast_results' in the schema cache"
      }

      477 |   
      478 |   if (error) {
    > 479 |     console.error('Failed to save forecast results:', error);
          |             ^
      480 |     // Non-critical error, don't throw
      481 |   }
      482 | }

      at error (src/services/intelligence/forecast/revenue-forecast.ts:479:13)
      at forecastRevenue (src/services/intelligence/forecast/revenue-forecast.ts:100:3)
      at ForecastService.getRevenueForecast (src/services/intelligence/forecast/service.ts:82:22)
      at GET (src/app/api/intelligence/forecast/revenue/route.ts:62:20)
      at src/services/intelligence/__tests__/integration/forecast-api.test.ts:75:12
          at async Promise.all (index 10)
      at Object.<anonymous> (src/services/intelligence/__tests__/integration/forecast-api.test.ts:219:25)

    console.error
      Failed to save forecast results: {
        code: 'PGRST205',
        details: null,
        hint: "Perhaps you meant the table 'public.rule_test_results'",
        message: "Could not find the table 'public.forecast_results' in the schema cache"
      }

      477 |   
      478 |   if (error) {
    > 479 |     console.error('Failed to save forecast results:', error);
          |             ^
      480 |     // Non-critical error, don't throw
      481 |   }
      482 | }

      at error (src/services/intelligence/forecast/revenue-forecast.ts:479:13)
      at forecastRevenue (src/services/intelligence/forecast/revenue-forecast.ts:100:3)
      at ForecastService.getRevenueForecast (src/services/intelligence/forecast/service.ts:82:22)
      at GET (src/app/api/intelligence/forecast/revenue/route.ts:62:20)
      at src/services/intelligence/__tests__/integration/forecast-api.test.ts:75:12
          at async Promise.all (index 2)
      at Object.<anonymous> (src/services/intelligence/__tests__/integration/forecast-api.test.ts:219:25)

    console.error
      Failed to save forecast results: {
        code: 'PGRST205',
        details: null,
        hint: "Perhaps you meant the table 'public.rule_test_results'",
        message: "Could not find the table 'public.forecast_results' in the schema cache"
      }

      477 |   
      478 |   if (error) {
    > 479 |     console.error('Failed to save forecast results:', error);
          |             ^
      480 |     // Non-critical error, don't throw
      481 |   }
      482 | }

      at error (src/services/intelligence/forecast/revenue-forecast.ts:479:13)
      at forecastRevenue (src/services/intelligence/forecast/revenue-forecast.ts:100:3)
      at ForecastService.getRevenueForecast (src/services/intelligence/forecast/service.ts:82:22)
      at GET (src/app/api/intelligence/forecast/revenue/route.ts:62:20)
      at src/services/intelligence/__tests__/integration/forecast-api.test.ts:75:12
          at async Promise.all (index 13)
      at Object.<anonymous> (src/services/intelligence/__tests__/integration/forecast-api.test.ts:219:25)

    console.error
      Failed to save forecast results: {
        code: 'PGRST205',
        details: null,
        hint: "Perhaps you meant the table 'public.rule_test_results'",
        message: "Could not find the table 'public.forecast_results' in the schema cache"
      }

      477 |   
      478 |   if (error) {
    > 479 |     console.error('Failed to save forecast results:', error);
          |             ^
      480 |     // Non-critical error, don't throw
      481 |   }
      482 | }

      at error (src/services/intelligence/forecast/revenue-forecast.ts:479:13)
      at forecastRevenue (src/services/intelligence/forecast/revenue-forecast.ts:100:3)
      at ForecastService.getRevenueForecast (src/services/intelligence/forecast/service.ts:82:22)
      at GET (src/app/api/intelligence/forecast/revenue/route.ts:62:20)
      at src/services/intelligence/__tests__/integration/forecast-api.test.ts:75:12
          at async Promise.all (index 18)
      at Object.<anonymous> (src/services/intelligence/__tests__/integration/forecast-api.test.ts:219:25)

    console.error
      Failed to save forecast results: {
        code: 'PGRST205',
        details: null,
        hint: "Perhaps you meant the table 'public.rule_test_results'",
        message: "Could not find the table 'public.forecast_results' in the schema cache"
      }

      477 |   
      478 |   if (error) {
    > 479 |     console.error('Failed to save forecast results:', error);
          |             ^
      480 |     // Non-critical error, don't throw
      481 |   }
      482 | }

      at error (src/services/intelligence/forecast/revenue-forecast.ts:479:13)
      at forecastRevenue (src/services/intelligence/forecast/revenue-forecast.ts:100:3)
      at ForecastService.getRevenueForecast (src/services/intelligence/forecast/service.ts:82:22)
      at GET (src/app/api/intelligence/forecast/revenue/route.ts:62:20)
      at src/services/intelligence/__tests__/integration/forecast-api.test.ts:75:12
          at async Promise.all (index 42)
      at Object.<anonymous> (src/services/intelligence/__tests__/integration/forecast-api.test.ts:219:25)

    console.error
      Failed to save forecast results: {
        code: 'PGRST205',
        details: null,
        hint: "Perhaps you meant the table 'public.rule_test_results'",
        message: "Could not find the table 'public.forecast_results' in the schema cache"
      }

      477 |   
      478 |   if (error) {
    > 479 |     console.error('Failed to save forecast results:', error);
          |             ^
      480 |     // Non-critical error, don't throw
      481 |   }
      482 | }

      at error (src/services/intelligence/forecast/revenue-forecast.ts:479:13)
      at forecastRevenue (src/services/intelligence/forecast/revenue-forecast.ts:100:3)
      at ForecastService.getRevenueForecast (src/services/intelligence/forecast/service.ts:82:22)
      at GET (src/app/api/intelligence/forecast/revenue/route.ts:62:20)
      at src/services/intelligence/__tests__/integration/forecast-api.test.ts:75:12
          at async Promise.all (index 23)
      at Object.<anonymous> (src/services/intelligence/__tests__/integration/forecast-api.test.ts:219:25)

    console.error
      Failed to save forecast results: {
        code: 'PGRST205',
        details: null,
        hint: "Perhaps you meant the table 'public.rule_test_results'",
        message: "Could not find the table 'public.forecast_results' in the schema cache"
      }

      477 |   
      478 |   if (error) {
    > 479 |     console.error('Failed to save forecast results:', error);
          |             ^
      480 |     // Non-critical error, don't throw
      481 |   }
      482 | }

      at error (src/services/intelligence/forecast/revenue-forecast.ts:479:13)
      at forecastRevenue (src/services/intelligence/forecast/revenue-forecast.ts:100:3)
      at ForecastService.getRevenueForecast (src/services/intelligence/forecast/service.ts:82:22)
      at GET (src/app/api/intelligence/forecast/revenue/route.ts:62:20)
      at src/services/intelligence/__tests__/integration/forecast-api.test.ts:75:12
          at async Promise.all (index 20)
      at Object.<anonymous> (src/services/intelligence/__tests__/integration/forecast-api.test.ts:219:25)

    console.error
      Failed to save forecast results: {
        code: 'PGRST205',
        details: null,
        hint: "Perhaps you meant the table 'public.rule_test_results'",
        message: "Could not find the table 'public.forecast_results' in the schema cache"
      }

      477 |   
      478 |   if (error) {
    > 479 |     console.error('Failed to save forecast results:', error);
          |             ^
      480 |     // Non-critical error, don't throw
      481 |   }
      482 | }

      at error (src/services/intelligence/forecast/revenue-forecast.ts:479:13)
      at forecastRevenue (src/services/intelligence/forecast/revenue-forecast.ts:100:3)
      at ForecastService.getRevenueForecast (src/services/intelligence/forecast/service.ts:82:22)
      at GET (src/app/api/intelligence/forecast/revenue/route.ts:62:20)
      at src/services/intelligence/__tests__/integration/forecast-api.test.ts:75:12
          at async Promise.all (index 12)
      at Object.<anonymous> (src/services/intelligence/__tests__/integration/forecast-api.test.ts:219:25)

    console.error
      Failed to save forecast results: {
        code: 'PGRST205',
        details: null,
        hint: "Perhaps you meant the table 'public.rule_test_results'",
        message: "Could not find the table 'public.forecast_results' in the schema cache"
      }

      477 |   
      478 |   if (error) {
    > 479 |     console.error('Failed to save forecast results:', error);
          |             ^
      480 |     // Non-critical error, don't throw
      481 |   }
      482 | }

      at error (src/services/intelligence/forecast/revenue-forecast.ts:479:13)
      at forecastRevenue (src/services/intelligence/forecast/revenue-forecast.ts:100:3)
      at ForecastService.getRevenueForecast (src/services/intelligence/forecast/service.ts:82:22)
      at GET (src/app/api/intelligence/forecast/revenue/route.ts:62:20)
      at src/services/intelligence/__tests__/integration/forecast-api.test.ts:75:12
          at async Promise.all (index 11)
      at Object.<anonymous> (src/services/intelligence/__tests__/integration/forecast-api.test.ts:219:25)

    console.error
      Failed to save forecast results: {
        code: 'PGRST205',
        details: null,
        hint: "Perhaps you meant the table 'public.rule_test_results'",
        message: "Could not find the table 'public.forecast_results' in the schema cache"
      }

      477 |   
      478 |   if (error) {
    > 479 |     console.error('Failed to save forecast results:', error);
          |             ^
      480 |     // Non-critical error, don't throw
      481 |   }
      482 | }

      at error (src/services/intelligence/forecast/revenue-forecast.ts:479:13)
      at forecastRevenue (src/services/intelligence/forecast/revenue-forecast.ts:100:3)
      at ForecastService.getRevenueForecast (src/services/intelligence/forecast/service.ts:82:22)
      at GET (src/app/api/intelligence/forecast/revenue/route.ts:62:20)
      at src/services/intelligence/__tests__/integration/forecast-api.test.ts:75:12
          at async Promise.all (index 30)
      at Object.<anonymous> (src/services/intelligence/__tests__/integration/forecast-api.test.ts:219:25)

    console.error
      Failed to save forecast results: {
        code: 'PGRST205',
        details: null,
        hint: "Perhaps you meant the table 'public.rule_test_results'",
        message: "Could not find the table 'public.forecast_results' in the schema cache"
      }

      477 |   
      478 |   if (error) {
    > 479 |     console.error('Failed to save forecast results:', error);
          |             ^
      480 |     // Non-critical error, don't throw
      481 |   }
      482 | }

      at error (src/services/intelligence/forecast/revenue-forecast.ts:479:13)
      at forecastRevenue (src/services/intelligence/forecast/revenue-forecast.ts:100:3)
      at ForecastService.getRevenueForecast (src/services/intelligence/forecast/service.ts:82:22)
      at GET (src/app/api/intelligence/forecast/revenue/route.ts:62:20)
      at src/services/intelligence/__tests__/integration/forecast-api.test.ts:75:12
          at async Promise.all (index 22)
      at Object.<anonymous> (src/services/intelligence/__tests__/integration/forecast-api.test.ts:219:25)

    console.error
      Failed to save forecast results: {
        code: 'PGRST205',
        details: null,
        hint: "Perhaps you meant the table 'public.rule_test_results'",
        message: "Could not find the table 'public.forecast_results' in the schema cache"
      }

      477 |   
      478 |   if (error) {
    > 479 |     console.error('Failed to save forecast results:', error);
          |             ^
      480 |     // Non-critical error, don't throw
      481 |   }
      482 | }

      at error (src/services/intelligence/forecast/revenue-forecast.ts:479:13)
      at forecastRevenue (src/services/intelligence/forecast/revenue-forecast.ts:100:3)
      at ForecastService.getRevenueForecast (src/services/intelligence/forecast/service.ts:82:22)
      at GET (src/app/api/intelligence/forecast/revenue/route.ts:62:20)
      at src/services/intelligence/__tests__/integration/forecast-api.test.ts:75:12
          at async Promise.all (index 44)
      at Object.<anonymous> (src/services/intelligence/__tests__/integration/forecast-api.test.ts:219:25)

    console.error
      Failed to save forecast results: {
        code: 'PGRST205',
        details: null,
        hint: "Perhaps you meant the table 'public.rule_test_results'",
        message: "Could not find the table 'public.forecast_results' in the schema cache"
      }

      477 |   
      478 |   if (error) {
    > 479 |     console.error('Failed to save forecast results:', error);
          |             ^
      480 |     // Non-critical error, don't throw
      481 |   }
      482 | }

      at error (src/services/intelligence/forecast/revenue-forecast.ts:479:13)
      at forecastRevenue (src/services/intelligence/forecast/revenue-forecast.ts:100:3)
      at ForecastService.getRevenueForecast (src/services/intelligence/forecast/service.ts:82:22)
      at GET (src/app/api/intelligence/forecast/revenue/route.ts:62:20)
      at src/services/intelligence/__tests__/integration/forecast-api.test.ts:75:12
          at async Promise.all (index 7)
      at Object.<anonymous> (src/services/intelligence/__tests__/integration/forecast-api.test.ts:219:25)

    console.error
      Failed to save forecast results: {
        code: 'PGRST205',
        details: null,
        hint: "Perhaps you meant the table 'public.rule_test_results'",
        message: "Could not find the table 'public.forecast_results' in the schema cache"
      }

      477 |   
      478 |   if (error) {
    > 479 |     console.error('Failed to save forecast results:', error);
          |             ^
      480 |     // Non-critical error, don't throw
      481 |   }
      482 | }

      at error (src/services/intelligence/forecast/revenue-forecast.ts:479:13)
      at forecastRevenue (src/services/intelligence/forecast/revenue-forecast.ts:100:3)
      at ForecastService.getRevenueForecast (src/services/intelligence/forecast/service.ts:82:22)
      at GET (src/app/api/intelligence/forecast/revenue/route.ts:62:20)
      at src/services/intelligence/__tests__/integration/forecast-api.test.ts:75:12
          at async Promise.all (index 47)
      at Object.<anonymous> (src/services/intelligence/__tests__/integration/forecast-api.test.ts:219:25)

    console.error
      Failed to save forecast results: {
        code: 'PGRST205',
        details: null,
        hint: "Perhaps you meant the table 'public.rule_test_results'",
        message: "Could not find the table 'public.forecast_results' in the schema cache"
      }

      477 |   
      478 |   if (error) {
    > 479 |     console.error('Failed to save forecast results:', error);
          |             ^
      480 |     // Non-critical error, don't throw
      481 |   }
      482 | }

      at error (src/services/intelligence/forecast/revenue-forecast.ts:479:13)
      at forecastRevenue (src/services/intelligence/forecast/revenue-forecast.ts:100:3)
      at ForecastService.getRevenueForecast (src/services/intelligence/forecast/service.ts:82:22)
      at GET (src/app/api/intelligence/forecast/revenue/route.ts:62:20)
      at src/services/intelligence/__tests__/integration/forecast-api.test.ts:75:12
          at async Promise.all (index 5)
      at Object.<anonymous> (src/services/intelligence/__tests__/integration/forecast-api.test.ts:219:25)

    console.error
      Failed to save forecast results: {
        code: 'PGRST205',
        details: null,
        hint: "Perhaps you meant the table 'public.rule_test_results'",
        message: "Could not find the table 'public.forecast_results' in the schema cache"
      }

      477 |   
      478 |   if (error) {
    > 479 |     console.error('Failed to save forecast results:', error);
          |             ^
      480 |     // Non-critical error, don't throw
      481 |   }
      482 | }

      at error (src/services/intelligence/forecast/revenue-forecast.ts:479:13)
      at forecastRevenue (src/services/intelligence/forecast/revenue-forecast.ts:100:3)
      at ForecastService.getRevenueForecast (src/services/intelligence/forecast/service.ts:82:22)
      at GET (src/app/api/intelligence/forecast/revenue/route.ts:62:20)
      at src/services/intelligence/__tests__/integration/forecast-api.test.ts:75:12
          at async Promise.all (index 33)
      at Object.<anonymous> (src/services/intelligence/__tests__/integration/forecast-api.test.ts:219:25)

    console.error
      Failed to save forecast results: {
        code: 'PGRST205',
        details: null,
        hint: "Perhaps you meant the table 'public.rule_test_results'",
        message: "Could not find the table 'public.forecast_results' in the schema cache"
      }

      477 |   
      478 |   if (error) {
    > 479 |     console.error('Failed to save forecast results:', error);
          |             ^
      480 |     // Non-critical error, don't throw
      481 |   }
      482 | }

      at error (src/services/intelligence/forecast/revenue-forecast.ts:479:13)
      at forecastRevenue (src/services/intelligence/forecast/revenue-forecast.ts:100:3)
      at ForecastService.getRevenueForecast (src/services/intelligence/forecast/service.ts:82:22)
      at GET (src/app/api/intelligence/forecast/revenue/route.ts:62:20)
      at src/services/intelligence/__tests__/integration/forecast-api.test.ts:75:12
          at async Promise.all (index 24)
      at Object.<anonymous> (src/services/intelligence/__tests__/integration/forecast-api.test.ts:219:25)

    console.error
      Failed to save forecast results: {
        code: 'PGRST205',
        details: null,
        hint: "Perhaps you meant the table 'public.rule_test_results'",
        message: "Could not find the table 'public.forecast_results' in the schema cache"
      }

      477 |   
      478 |   if (error) {
    > 479 |     console.error('Failed to save forecast results:', error);
          |             ^
      480 |     // Non-critical error, don't throw
      481 |   }
      482 | }

      at error (src/services/intelligence/forecast/revenue-forecast.ts:479:13)
      at forecastRevenue (src/services/intelligence/forecast/revenue-forecast.ts:100:3)
      at ForecastService.getRevenueForecast (src/services/intelligence/forecast/service.ts:82:22)
      at GET (src/app/api/intelligence/forecast/revenue/route.ts:62:20)
      at src/services/intelligence/__tests__/integration/forecast-api.test.ts:75:12
          at async Promise.all (index 4)
      at Object.<anonymous> (src/services/intelligence/__tests__/integration/forecast-api.test.ts:219:25)

    console.error
      Failed to save forecast results: {
        code: 'PGRST205',
        details: null,
        hint: "Perhaps you meant the table 'public.rule_test_results'",
        message: "Could not find the table 'public.forecast_results' in the schema cache"
      }

      477 |   
      478 |   if (error) {
    > 479 |     console.error('Failed to save forecast results:', error);
          |             ^
      480 |     // Non-critical error, don't throw
      481 |   }
      482 | }

      at error (src/services/intelligence/forecast/revenue-forecast.ts:479:13)
      at forecastRevenue (src/services/intelligence/forecast/revenue-forecast.ts:100:3)
      at ForecastService.getRevenueForecast (src/services/intelligence/forecast/service.ts:82:22)
      at GET (src/app/api/intelligence/forecast/revenue/route.ts:62:20)
      at src/services/intelligence/__tests__/integration/forecast-api.test.ts:75:12
          at async Promise.all (index 41)
      at Object.<anonymous> (src/services/intelligence/__tests__/integration/forecast-api.test.ts:219:25)

    console.error
      Failed to save forecast results: {
        code: 'PGRST205',
        details: null,
        hint: "Perhaps you meant the table 'public.rule_test_results'",
        message: "Could not find the table 'public.forecast_results' in the schema cache"
      }

      477 |   
      478 |   if (error) {
    > 479 |     console.error('Failed to save forecast results:', error);
          |             ^
      480 |     // Non-critical error, don't throw
      481 |   }
      482 | }

      at error (src/services/intelligence/forecast/revenue-forecast.ts:479:13)
      at forecastRevenue (src/services/intelligence/forecast/revenue-forecast.ts:100:3)
      at ForecastService.getRevenueForecast (src/services/intelligence/forecast/service.ts:82:22)
      at GET (src/app/api/intelligence/forecast/revenue/route.ts:62:20)
      at src/services/intelligence/__tests__/integration/forecast-api.test.ts:75:12
          at async Promise.all (index 15)
      at Object.<anonymous> (src/services/intelligence/__tests__/integration/forecast-api.test.ts:219:25)

    console.error
      Failed to save forecast results: {
        code: 'PGRST205',
        details: null,
        hint: "Perhaps you meant the table 'public.rule_test_results'",
        message: "Could not find the table 'public.forecast_results' in the schema cache"
      }

      477 |   
      478 |   if (error) {
    > 479 |     console.error('Failed to save forecast results:', error);
          |             ^
      480 |     // Non-critical error, don't throw
      481 |   }
      482 | }

      at error (src/services/intelligence/forecast/revenue-forecast.ts:479:13)
      at forecastRevenue (src/services/intelligence/forecast/revenue-forecast.ts:100:3)
      at ForecastService.getRevenueForecast (src/services/intelligence/forecast/service.ts:82:22)
      at GET (src/app/api/intelligence/forecast/revenue/route.ts:62:20)
      at src/services/intelligence/__tests__/integration/forecast-api.test.ts:75:12
          at async Promise.all (index 38)
      at Object.<anonymous> (src/services/intelligence/__tests__/integration/forecast-api.test.ts:219:25)

    console.error
      Failed to save forecast results: {
        code: 'PGRST205',
        details: null,
        hint: "Perhaps you meant the table 'public.rule_test_results'",
        message: "Could not find the table 'public.forecast_results' in the schema cache"
      }

      477 |   
      478 |   if (error) {
    > 479 |     console.error('Failed to save forecast results:', error);
          |             ^
      480 |     // Non-critical error, don't throw
      481 |   }
      482 | }

      at error (src/services/intelligence/forecast/revenue-forecast.ts:479:13)
      at forecastRevenue (src/services/intelligence/forecast/revenue-forecast.ts:100:3)
      at ForecastService.getRevenueForecast (src/services/intelligence/forecast/service.ts:82:22)
      at GET (src/app/api/intelligence/forecast/revenue/route.ts:62:20)
      at src/services/intelligence/__tests__/integration/forecast-api.test.ts:75:12
          at async Promise.all (index 37)
      at Object.<anonymous> (src/services/intelligence/__tests__/integration/forecast-api.test.ts:219:25)

    console.error
      Failed to save forecast results: {
        code: 'PGRST205',
        details: null,
        hint: "Perhaps you meant the table 'public.rule_test_results'",
        message: "Could not find the table 'public.forecast_results' in the schema cache"
      }

      477 |   
      478 |   if (error) {
    > 479 |     console.error('Failed to save forecast results:', error);
          |             ^
      480 |     // Non-critical error, don't throw
      481 |   }
      482 | }

      at error (src/services/intelligence/forecast/revenue-forecast.ts:479:13)
      at forecastRevenue (src/services/intelligence/forecast/revenue-forecast.ts:100:3)
      at ForecastService.getRevenueForecast (src/services/intelligence/forecast/service.ts:82:22)
      at GET (src/app/api/intelligence/forecast/revenue/route.ts:62:20)
      at src/services/intelligence/__tests__/integration/forecast-api.test.ts:75:12
          at async Promise.all (index 25)
      at Object.<anonymous> (src/services/intelligence/__tests__/integration/forecast-api.test.ts:219:25)

    console.error
      Failed to save forecast results: {
        code: 'PGRST205',
        details: null,
        hint: "Perhaps you meant the table 'public.rule_test_results'",
        message: "Could not find the table 'public.forecast_results' in the schema cache"
      }

      477 |   
      478 |   if (error) {
    > 479 |     console.error('Failed to save forecast results:', error);
          |             ^
      480 |     // Non-critical error, don't throw
      481 |   }
      482 | }

      at error (src/services/intelligence/forecast/revenue-forecast.ts:479:13)
      at forecastRevenue (src/services/intelligence/forecast/revenue-forecast.ts:100:3)
      at ForecastService.getRevenueForecast (src/services/intelligence/forecast/service.ts:82:22)
      at GET (src/app/api/intelligence/forecast/revenue/route.ts:62:20)
      at src/services/intelligence/__tests__/integration/forecast-api.test.ts:75:12
          at async Promise.all (index 45)
      at Object.<anonymous> (src/services/intelligence/__tests__/integration/forecast-api.test.ts:219:25)

    console.error
      Failed to save forecast results: {
        code: 'PGRST205',
        details: null,
        hint: "Perhaps you meant the table 'public.rule_test_results'",
        message: "Could not find the table 'public.forecast_results' in the schema cache"
      }

      477 |   
      478 |   if (error) {
    > 479 |     console.error('Failed to save forecast results:', error);
          |             ^
      480 |     // Non-critical error, don't throw
      481 |   }
      482 | }

      at error (src/services/intelligence/forecast/revenue-forecast.ts:479:13)
      at forecastRevenue (src/services/intelligence/forecast/revenue-forecast.ts:100:3)
      at ForecastService.getRevenueForecast (src/services/intelligence/forecast/service.ts:82:22)
      at GET (src/app/api/intelligence/forecast/revenue/route.ts:62:20)
      at src/services/intelligence/__tests__/integration/forecast-api.test.ts:75:12
          at async Promise.all (index 26)
      at Object.<anonymous> (src/services/intelligence/__tests__/integration/forecast-api.test.ts:219:25)

    console.error
      Failed to save forecast results: {
        code: 'PGRST205',
        details: null,
        hint: "Perhaps you meant the table 'public.rule_test_results'",
        message: "Could not find the table 'public.forecast_results' in the schema cache"
      }

      477 |   
      478 |   if (error) {
    > 479 |     console.error('Failed to save forecast results:', error);
          |             ^
      480 |     // Non-critical error, don't throw
      481 |   }
      482 | }

      at error (src/services/intelligence/forecast/revenue-forecast.ts:479:13)
      at forecastRevenue (src/services/intelligence/forecast/revenue-forecast.ts:100:3)
      at ForecastService.getRevenueForecast (src/services/intelligence/forecast/service.ts:82:22)
      at GET (src/app/api/intelligence/forecast/revenue/route.ts:62:20)
      at src/services/intelligence/__tests__/integration/forecast-api.test.ts:75:12
          at async Promise.all (index 8)
      at Object.<anonymous> (src/services/intelligence/__tests__/integration/forecast-api.test.ts:219:25)

    console.error
      Failed to save forecast results: {
        code: 'PGRST205',
        details: null,
        hint: "Perhaps you meant the table 'public.rule_test_results'",
        message: "Could not find the table 'public.forecast_results' in the schema cache"
      }

      477 |   
      478 |   if (error) {
    > 479 |     console.error('Failed to save forecast results:', error);
          |             ^
      480 |     // Non-critical error, don't throw
      481 |   }
      482 | }

      at error (src/services/intelligence/forecast/revenue-forecast.ts:479:13)
      at forecastRevenue (src/services/intelligence/forecast/revenue-forecast.ts:100:3)
      at ForecastService.getRevenueForecast (src/services/intelligence/forecast/service.ts:82:22)
      at GET (src/app/api/intelligence/forecast/revenue/route.ts:62:20)
      at src/services/intelligence/__tests__/integration/forecast-api.test.ts:75:12
          at async Promise.all (index 14)
      at Object.<anonymous> (src/services/intelligence/__tests__/integration/forecast-api.test.ts:219:25)

    console.error
      Failed to save forecast results: {
        code: 'PGRST205',
        details: null,
        hint: "Perhaps you meant the table 'public.rule_test_results'",
        message: "Could not find the table 'public.forecast_results' in the schema cache"
      }

      477 |   
      478 |   if (error) {
    > 479 |     console.error('Failed to save forecast results:', error);
          |             ^
      480 |     // Non-critical error, don't throw
      481 |   }
      482 | }

      at error (src/services/intelligence/forecast/revenue-forecast.ts:479:13)
      at forecastRevenue (src/services/intelligence/forecast/revenue-forecast.ts:100:3)
      at ForecastService.getRevenueForecast (src/services/intelligence/forecast/service.ts:82:22)
      at GET (src/app/api/intelligence/forecast/revenue/route.ts:62:20)
      at src/services/intelligence/__tests__/integration/forecast-api.test.ts:75:12
          at async Promise.all (index 16)
      at Object.<anonymous> (src/services/intelligence/__tests__/integration/forecast-api.test.ts:219:25)

    console.error
      Failed to save forecast results: {
        code: 'PGRST205',
        details: null,
        hint: "Perhaps you meant the table 'public.rule_test_results'",
        message: "Could not find the table 'public.forecast_results' in the schema cache"
      }

      477 |   
      478 |   if (error) {
    > 479 |     console.error('Failed to save forecast results:', error);
          |             ^
      480 |     // Non-critical error, don't throw
      481 |   }
      482 | }

      at error (src/services/intelligence/forecast/revenue-forecast.ts:479:13)
      at forecastRevenue (src/services/intelligence/forecast/revenue-forecast.ts:100:3)
      at ForecastService.getRevenueForecast (src/services/intelligence/forecast/service.ts:82:22)
      at GET (src/app/api/intelligence/forecast/revenue/route.ts:62:20)
      at src/services/intelligence/__tests__/integration/forecast-api.test.ts:75:12
          at async Promise.all (index 31)
      at Object.<anonymous> (src/services/intelligence/__tests__/integration/forecast-api.test.ts:219:25)

    console.error
      Failed to save forecast results: {
        code: 'PGRST205',
        details: null,
        hint: "Perhaps you meant the table 'public.rule_test_results'",
        message: "Could not find the table 'public.forecast_results' in the schema cache"
      }

      477 |   
      478 |   if (error) {
    > 479 |     console.error('Failed to save forecast results:', error);
          |             ^
      480 |     // Non-critical error, don't throw
      481 |   }
      482 | }

      at error (src/services/intelligence/forecast/revenue-forecast.ts:479:13)
      at forecastRevenue (src/services/intelligence/forecast/revenue-forecast.ts:100:3)
      at ForecastService.getRevenueForecast (src/services/intelligence/forecast/service.ts:82:22)
      at GET (src/app/api/intelligence/forecast/revenue/route.ts:62:20)
      at src/services/intelligence/__tests__/integration/forecast-api.test.ts:75:12
          at async Promise.all (index 27)
      at Object.<anonymous> (src/services/intelligence/__tests__/integration/forecast-api.test.ts:219:25)

    console.error
      Failed to save forecast results: {
        code: 'PGRST205',
        details: null,
        hint: "Perhaps you meant the table 'public.rule_test_results'",
        message: "Could not find the table 'public.forecast_results' in the schema cache"
      }

      477 |   
      478 |   if (error) {
    > 479 |     console.error('Failed to save forecast results:', error);
          |             ^
      480 |     // Non-critical error, don't throw
      481 |   }
      482 | }

      at error (src/services/intelligence/forecast/revenue-forecast.ts:479:13)
      at forecastRevenue (src/services/intelligence/forecast/revenue-forecast.ts:100:3)
      at ForecastService.getRevenueForecast (src/services/intelligence/forecast/service.ts:82:22)
      at GET (src/app/api/intelligence/forecast/revenue/route.ts:62:20)
      at src/services/intelligence/__tests__/integration/forecast-api.test.ts:75:12
          at async Promise.all (index 35)
      at Object.<anonymous> (src/services/intelligence/__tests__/integration/forecast-api.test.ts:219:25)

    console.error
      Failed to save forecast results: {
        code: 'PGRST205',
        details: null,
        hint: "Perhaps you meant the table 'public.rule_test_results'",
        message: "Could not find the table 'public.forecast_results' in the schema cache"
      }

      477 |   
      478 |   if (error) {
    > 479 |     console.error('Failed to save forecast results:', error);
          |             ^
      480 |     // Non-critical error, don't throw
      481 |   }
      482 | }

      at error (src/services/intelligence/forecast/revenue-forecast.ts:479:13)
      at forecastRevenue (src/services/intelligence/forecast/revenue-forecast.ts:100:3)
      at ForecastService.getRevenueForecast (src/services/intelligence/forecast/service.ts:82:22)
      at GET (src/app/api/intelligence/forecast/revenue/route.ts:62:20)
      at src/services/intelligence/__tests__/integration/forecast-api.test.ts:75:12
          at async Promise.all (index 9)
      at Object.<anonymous> (src/services/intelligence/__tests__/integration/forecast-api.test.ts:219:25)

    console.error
      Failed to save forecast results: {
        code: 'PGRST205',
        details: null,
        hint: "Perhaps you meant the table 'public.rule_test_results'",
        message: "Could not find the table 'public.forecast_results' in the schema cache"
      }

      477 |   
      478 |   if (error) {
    > 479 |     console.error('Failed to save forecast results:', error);
          |             ^
      480 |     // Non-critical error, don't throw
      481 |   }
      482 | }

      at error (src/services/intelligence/forecast/revenue-forecast.ts:479:13)
      at forecastRevenue (src/services/intelligence/forecast/revenue-forecast.ts:100:3)
      at ForecastService.getRevenueForecast (src/services/intelligence/forecast/service.ts:82:22)
      at GET (src/app/api/intelligence/forecast/revenue/route.ts:62:20)
      at src/services/intelligence/__tests__/integration/forecast-api.test.ts:75:12
          at async Promise.all (index 17)
      at Object.<anonymous> (src/services/intelligence/__tests__/integration/forecast-api.test.ts:219:25)

    console.error
      Failed to save forecast results: {
        code: 'PGRST205',
        details: null,
        hint: "Perhaps you meant the table 'public.rule_test_results'",
        message: "Could not find the table 'public.forecast_results' in the schema cache"
      }

      477 |   
      478 |   if (error) {
    > 479 |     console.error('Failed to save forecast results:', error);
          |             ^
      480 |     // Non-critical error, don't throw
      481 |   }
      482 | }

      at error (src/services/intelligence/forecast/revenue-forecast.ts:479:13)
      at forecastRevenue (src/services/intelligence/forecast/revenue-forecast.ts:100:3)
      at ForecastService.getRevenueForecast (src/services/intelligence/forecast/service.ts:82:22)
      at GET (src/app/api/intelligence/forecast/revenue/route.ts:62:20)
      at src/services/intelligence/__tests__/integration/forecast-api.test.ts:75:12
          at async Promise.all (index 43)
      at Object.<anonymous> (src/services/intelligence/__tests__/integration/forecast-api.test.ts:219:25)

    console.error
      Failed to save forecast results: {
        code: 'PGRST205',
        details: null,
        hint: "Perhaps you meant the table 'public.rule_test_results'",
        message: "Could not find the table 'public.forecast_results' in the schema cache"
      }

      477 |   
      478 |   if (error) {
    > 479 |     console.error('Failed to save forecast results:', error);
          |             ^
      480 |     // Non-critical error, don't throw
      481 |   }
      482 | }

      at error (src/services/intelligence/forecast/revenue-forecast.ts:479:13)
      at forecastRevenue (src/services/intelligence/forecast/revenue-forecast.ts:100:3)
      at ForecastService.getRevenueForecast (src/services/intelligence/forecast/service.ts:82:22)
      at GET (src/app/api/intelligence/forecast/revenue/route.ts:62:20)
      at src/services/intelligence/__tests__/integration/forecast-api.test.ts:75:12
          at async Promise.all (index 29)
      at Object.<anonymous> (src/services/intelligence/__tests__/integration/forecast-api.test.ts:219:25)

    console.error
      Failed to save forecast results: {
        code: 'PGRST205',
        details: null,
        hint: "Perhaps you meant the table 'public.rule_test_results'",
        message: "Could not find the table 'public.forecast_results' in the schema cache"
      }

      477 |   
      478 |   if (error) {
    > 479 |     console.error('Failed to save forecast results:', error);
          |             ^
      480 |     // Non-critical error, don't throw
      481 |   }
      482 | }

      at error (src/services/intelligence/forecast/revenue-forecast.ts:479:13)
      at forecastRevenue (src/services/intelligence/forecast/revenue-forecast.ts:100:3)
      at ForecastService.getRevenueForecast (src/services/intelligence/forecast/service.ts:82:22)
      at GET (src/app/api/intelligence/forecast/revenue/route.ts:62:20)
      at src/services/intelligence/__tests__/integration/forecast-api.test.ts:75:12
          at async Promise.all (index 28)
      at Object.<anonymous> (src/services/intelligence/__tests__/integration/forecast-api.test.ts:219:25)

    console.error
      Failed to save forecast results: {
        code: 'PGRST205',
        details: null,
        hint: "Perhaps you meant the table 'public.rule_test_results'",
        message: "Could not find the table 'public.forecast_results' in the schema cache"
      }

      477 |   
      478 |   if (error) {
    > 479 |     console.error('Failed to save forecast results:', error);
          |             ^
      480 |     // Non-critical error, don't throw
      481 |   }
      482 | }

      at error (src/services/intelligence/forecast/revenue-forecast.ts:479:13)
      at forecastRevenue (src/services/intelligence/forecast/revenue-forecast.ts:100:3)
      at ForecastService.getRevenueForecast (src/services/intelligence/forecast/service.ts:82:22)
      at GET (src/app/api/intelligence/forecast/revenue/route.ts:62:20)
      at src/services/intelligence/__tests__/integration/forecast-api.test.ts:75:12
          at async Promise.all (index 46)
      at Object.<anonymous> (src/services/intelligence/__tests__/integration/forecast-api.test.ts:219:25)

    console.error
      Failed to save forecast results: {
        code: 'PGRST205',
        details: null,
        hint: "Perhaps you meant the table 'public.rule_test_results'",
        message: "Could not find the table 'public.forecast_results' in the schema cache"
      }

      477 |   
      478 |   if (error) {
    > 479 |     console.error('Failed to save forecast results:', error);
          |             ^
      480 |     // Non-critical error, don't throw
      481 |   }
      482 | }

      at error (src/services/intelligence/forecast/revenue-forecast.ts:479:13)
      at forecastRevenue (src/services/intelligence/forecast/revenue-forecast.ts:100:3)
      at ForecastService.getRevenueForecast (src/services/intelligence/forecast/service.ts:82:22)
      at GET (src/app/api/intelligence/forecast/revenue/route.ts:62:20)
      at src/services/intelligence/__tests__/integration/forecast-api.test.ts:75:12
          at async Promise.all (index 32)
      at Object.<anonymous> (src/services/intelligence/__tests__/integration/forecast-api.test.ts:219:25)

    console.error
      Failed to save forecast results: {
        code: 'PGRST205',
        details: null,
        hint: "Perhaps you meant the table 'public.rule_test_results'",
        message: "Could not find the table 'public.forecast_results' in the schema cache"
      }

      477 |   
      478 |   if (error) {
    > 479 |     console.error('Failed to save forecast results:', error);
          |             ^
      480 |     // Non-critical error, don't throw
      481 |   }
      482 | }

      at error (src/services/intelligence/forecast/revenue-forecast.ts:479:13)
      at forecastRevenue (src/services/intelligence/forecast/revenue-forecast.ts:100:3)
      at ForecastService.getRevenueForecast (src/services/intelligence/forecast/service.ts:82:22)
      at GET (src/app/api/intelligence/forecast/revenue/route.ts:62:20)
      at src/services/intelligence/__tests__/integration/forecast-api.test.ts:75:12
          at async Promise.all (index 49)
      at Object.<anonymous> (src/services/intelligence/__tests__/integration/forecast-api.test.ts:219:25)

    console.error
      Failed to save forecast results: {
        code: 'PGRST205',
        details: null,
        hint: "Perhaps you meant the table 'public.rule_test_results'",
        message: "Could not find the table 'public.forecast_results' in the schema cache"
      }

      477 |   
      478 |   if (error) {
    > 479 |     console.error('Failed to save forecast results:', error);
          |             ^
      480 |     // Non-critical error, don't throw
      481 |   }
      482 | }

      at error (src/services/intelligence/forecast/revenue-forecast.ts:479:13)
      at forecastRevenue (src/services/intelligence/forecast/revenue-forecast.ts:100:3)
      at ForecastService.getRevenueForecast (src/services/intelligence/forecast/service.ts:82:22)
      at GET (src/app/api/intelligence/forecast/revenue/route.ts:62:20)
      at src/services/intelligence/__tests__/integration/forecast-api.test.ts:75:12
          at async Promise.all (index 36)
      at Object.<anonymous> (src/services/intelligence/__tests__/integration/forecast-api.test.ts:219:25)

    console.error
      Failed to save forecast results: {
        code: 'PGRST205',
        details: null,
        hint: "Perhaps you meant the table 'public.rule_test_results'",
        message: "Could not find the table 'public.forecast_results' in the schema cache"
      }

      477 |   
      478 |   if (error) {
    > 479 |     console.error('Failed to save forecast results:', error);
          |             ^
      480 |     // Non-critical error, don't throw
      481 |   }
      482 | }

      at error (src/services/intelligence/forecast/revenue-forecast.ts:479:13)
      at forecastRevenue (src/services/intelligence/forecast/revenue-forecast.ts:100:3)
      at ForecastService.getRevenueForecast (src/services/intelligence/forecast/service.ts:82:22)
      at GET (src/app/api/intelligence/forecast/revenue/route.ts:62:20)
      at src/services/intelligence/__tests__/integration/forecast-api.test.ts:75:12
          at async Promise.all (index 39)
      at Object.<anonymous> (src/services/intelligence/__tests__/integration/forecast-api.test.ts:219:25)

    console.error
      Failed to save forecast results: {
        code: 'PGRST205',
        details: null,
        hint: "Perhaps you meant the table 'public.rule_test_results'",
        message: "Could not find the table 'public.forecast_results' in the schema cache"
      }

      477 |   
      478 |   if (error) {
    > 479 |     console.error('Failed to save forecast results:', error);
          |             ^
      480 |     // Non-critical error, don't throw
      481 |   }
      482 | }

      at error (src/services/intelligence/forecast/revenue-forecast.ts:479:13)
      at forecastRevenue (src/services/intelligence/forecast/revenue-forecast.ts:100:3)
      at ForecastService.getRevenueForecast (src/services/intelligence/forecast/service.ts:82:22)
      at GET (src/app/api/intelligence/forecast/revenue/route.ts:62:20)
      at src/services/intelligence/__tests__/integration/forecast-api.test.ts:75:12
          at async Promise.all (index 19)
      at Object.<anonymous> (src/services/intelligence/__tests__/integration/forecast-api.test.ts:219:25)

    console.error
      Failed to save forecast results: {
        code: 'PGRST205',
        details: null,
        hint: "Perhaps you meant the table 'public.rule_test_results'",
        message: "Could not find the table 'public.forecast_results' in the schema cache"
      }

      477 |   
      478 |   if (error) {
    > 479 |     console.error('Failed to save forecast results:', error);
          |             ^
      480 |     // Non-critical error, don't throw
      481 |   }
      482 | }

      at error (src/services/intelligence/forecast/revenue-forecast.ts:479:13)
      at forecastRevenue (src/services/intelligence/forecast/revenue-forecast.ts:100:3)
      at ForecastService.getRevenueForecast (src/services/intelligence/forecast/service.ts:82:22)
      at GET (src/app/api/intelligence/forecast/revenue/route.ts:62:20)
      at src/services/intelligence/__tests__/integration/forecast-api.test.ts:75:12
          at async Promise.all (index 21)
      at Object.<anonymous> (src/services/intelligence/__tests__/integration/forecast-api.test.ts:219:25)

    console.error
      Failed to save forecast results: {
        code: 'PGRST205',
        details: null,
        hint: "Perhaps you meant the table 'public.rule_test_results'",
        message: "Could not find the table 'public.forecast_results' in the schema cache"
      }

      477 |   
      478 |   if (error) {
    > 479 |     console.error('Failed to save forecast results:', error);
          |             ^
      480 |     // Non-critical error, don't throw
      481 |   }
      482 | }

      at error (src/services/intelligence/forecast/revenue-forecast.ts:479:13)
      at forecastRevenue (src/services/intelligence/forecast/revenue-forecast.ts:100:3)
      at ForecastService.getRevenueForecast (src/services/intelligence/forecast/service.ts:82:22)
      at GET (src/app/api/intelligence/forecast/revenue/route.ts:62:20)
      at src/services/intelligence/__tests__/integration/forecast-api.test.ts:75:12
          at async Promise.all (index 34)
      at Object.<anonymous> (src/services/intelligence/__tests__/integration/forecast-api.test.ts:219:25)

    console.error
      Failed to save forecast results: {
        code: 'PGRST205',
        details: null,
        hint: "Perhaps you meant the table 'public.rule_test_results'",
        message: "Could not find the table 'public.forecast_results' in the schema cache"
      }

      477 |   
      478 |   if (error) {
    > 479 |     console.error('Failed to save forecast results:', error);
          |             ^
      480 |     // Non-critical error, don't throw
      481 |   }
      482 | }

      at error (src/services/intelligence/forecast/revenue-forecast.ts:479:13)
      at forecastRevenue (src/services/intelligence/forecast/revenue-forecast.ts:100:3)
      at ForecastService.getRevenueForecast (src/services/intelligence/forecast/service.ts:82:22)
      at GET (src/app/api/intelligence/forecast/revenue/route.ts:62:20)
      at src/services/intelligence/__tests__/integration/forecast-api.test.ts:75:12
          at async Promise.all (index 48)
      at Object.<anonymous> (src/services/intelligence/__tests__/integration/forecast-api.test.ts:219:25)

    console.warn
      [Churn Forecast] mv_customer_segments not available, falling back to base tables: {
        code: 'PGRST205',
        details: null,
        hint: "Perhaps you meant the table 'public.customers'",
        message: "Could not find the table 'public.mv_customer_segments' in the schema cache"
      }

      169 |     }));
      170 |   } catch (viewError) {
    > 171 |     console.warn('[Churn Forecast] mv_customer_segments not available, falling back to base tables:', viewError);
          |             ^
      172 |     
      173 |     // Fallback: query customers and bookings tables
      174 |     const { data: customers, error: custError } = await supabase

      at warn (src/services/intelligence/forecast/churn-forecast.ts:171:13)
      at forecastChurn (src/services/intelligence/forecast/churn-forecast.ts:74:24)
      at ForecastService.getChurnForecast (src/services/intelligence/forecast/service.ts:160:22)
      at GET (src/app/api/intelligence/forecast/churn/route.ts:67:20)
      at src/services/intelligence/__tests__/integration/forecast-api.test.ts:78:12
      at Object.<anonymous> (src/services/intelligence/__tests__/integration/forecast-api.test.ts:279:24)

    console.error
      Failed to save churn predictions: {
        code: 'PGRST205',
        details: null,
        hint: "Perhaps you meant the table 'public.rule_test_results'",
        message: "Could not find the table 'public.forecast_results' in the schema cache"
      }

      488 |   
      489 |   if (error) {
    > 490 |     console.error('Failed to save churn predictions:', error);
          |             ^
      491 |     // Non-critical error, don't throw
      492 |   }
      493 | }

      at error (src/services/intelligence/forecast/churn-forecast.ts:490:13)
      at forecastChurn (src/services/intelligence/forecast/churn-forecast.ts:112:3)
      at ForecastService.getChurnForecast (src/services/intelligence/forecast/service.ts:160:22)
      at GET (src/app/api/intelligence/forecast/churn/route.ts:67:20)
      at src/services/intelligence/__tests__/integration/forecast-api.test.ts:78:12
      at Object.<anonymous> (src/services/intelligence/__tests__/integration/forecast-api.test.ts:279:24)

    console.warn
      [Churn Forecast] mv_customer_segments not available, falling back to base tables: {
        code: 'PGRST205',
        details: null,
        hint: "Perhaps you meant the table 'public.customers'",
        message: "Could not find the table 'public.mv_customer_segments' in the schema cache"
      }

      169 |     }));
      170 |   } catch (viewError) {
    > 171 |     console.warn('[Churn Forecast] mv_customer_segments not available, falling back to base tables:', viewError);
          |             ^
      172 |     
      173 |     // Fallback: query customers and bookings tables
      174 |     const { data: customers, error: custError } = await supabase

      at warn (src/services/intelligence/forecast/churn-forecast.ts:171:13)
      at forecastChurn (src/services/intelligence/forecast/churn-forecast.ts:74:24)
      at ForecastService.getChurnForecast (src/services/intelligence/forecast/service.ts:160:22)
      at GET (src/app/api/intelligence/forecast/churn/route.ts:67:20)
      at src/services/intelligence/__tests__/integration/forecast-api.test.ts:78:12
      at Object.<anonymous> (src/services/intelligence/__tests__/integration/forecast-api.test.ts:289:24)

    console.error
      Failed to save churn predictions: {
        code: 'PGRST205',
        details: null,
        hint: "Perhaps you meant the table 'public.rule_test_results'",
        message: "Could not find the table 'public.forecast_results' in the schema cache"
      }

      488 |   
      489 |   if (error) {
    > 490 |     console.error('Failed to save churn predictions:', error);
          |             ^
      491 |     // Non-critical error, don't throw
      492 |   }
      493 | }

      at error (src/services/intelligence/forecast/churn-forecast.ts:490:13)
      at forecastChurn (src/services/intelligence/forecast/churn-forecast.ts:112:3)
      at ForecastService.getChurnForecast (src/services/intelligence/forecast/service.ts:160:22)
      at GET (src/app/api/intelligence/forecast/churn/route.ts:67:20)
      at src/services/intelligence/__tests__/integration/forecast-api.test.ts:78:12
      at Object.<anonymous> (src/services/intelligence/__tests__/integration/forecast-api.test.ts:289:24)

    console.warn
      [Demand Forecast] RPC not available, falling back to base table query: {
        code: 'PGRST202',
        details: 'Searched for the function public.get_service_demand_history with parameters p_end_date, p_start_date, p_tenant_id or with a single unnamed json/jsonb parameter, but no matches were found in the schema cache.',
        hint: 'Perhaps you meant to call the function public.get_rule_with_history',
        message: 'Could not find the function public.get_service_demand_history(p_end_date, p_start_date, p_tenant_id) in the schema cache'
      }

      195 |     }
      196 |   } catch (rpcError) {
    > 197 |     console.warn('[Demand Forecast] RPC not available, falling back to base table query:', rpcError);
          |             ^
      198 |     // Fallback: Query base table
      199 |     if (itemType === 'service') {
      200 |       // Query session_logs

      at warn (src/services/intelligence/forecast/demand-forecast.ts:197:13)
      at forecastDemand (src/services/intelligence/forecast/demand-forecast.ts:60:26)
      at ForecastService.getDemandForecast (src/services/intelligence/forecast/service.ts:239:22)
      at GET (src/app/api/intelligence/forecast/demand/route.ts:66:20)
      at src/services/intelligence/__tests__/integration/forecast-api.test.ts:81:12
      at Object.<anonymous> (src/services/intelligence/__tests__/integration/forecast-api.test.ts:338:24)

    console.warn
      [Demand Forecast] RPC not available, falling back to base table query: {
        code: 'PGRST202',
        details: 'Searched for the function public.get_service_demand_history with parameters p_end_date, p_start_date, p_tenant_id or with a single unnamed json/jsonb parameter, but no matches were found in the schema cache.',
        hint: 'Perhaps you meant to call the function public.get_rule_with_history',
        message: 'Could not find the function public.get_service_demand_history(p_end_date, p_start_date, p_tenant_id) in the schema cache'
      }

      195 |     }
      196 |   } catch (rpcError) {
    > 197 |     console.warn('[Demand Forecast] RPC not available, falling back to base table query:', rpcError);
          |             ^
      198 |     // Fallback: Query base table
      199 |     if (itemType === 'service') {
      200 |       // Query session_logs

      at warn (src/services/intelligence/forecast/demand-forecast.ts:197:13)
      at forecastDemand (src/services/intelligence/forecast/demand-forecast.ts:60:26)
      at ForecastService.getDemandForecast (src/services/intelligence/forecast/service.ts:239:22)
      at GET (src/app/api/intelligence/forecast/demand/route.ts:66:20)
      at src/services/intelligence/__tests__/integration/forecast-api.test.ts:81:12
      at Object.<anonymous> (src/services/intelligence/__tests__/integration/forecast-api.test.ts:347:24)

    console.warn
      [Churn Forecast] mv_customer_segments not available, falling back to base tables: {
        code: 'PGRST205',
        details: null,
        hint: "Perhaps you meant the table 'public.customers'",
        message: "Could not find the table 'public.mv_customer_segments' in the schema cache"
      }

      169 |     }));
      170 |   } catch (viewError) {
    > 171 |     console.warn('[Churn Forecast] mv_customer_segments not available, falling back to base tables:', viewError);
          |             ^
      172 |     
      173 |     // Fallback: query customers and bookings tables
      174 |     const { data: customers, error: custError } = await supabase

      at warn (src/services/intelligence/forecast/churn-forecast.ts:171:13)
      at forecastChurn (src/services/intelligence/forecast/churn-forecast.ts:74:24)
      at ForecastService.getChurnForecast (src/services/intelligence/forecast/service.ts:160:22)
          at async Promise.all (index 1)
      at ForecastService.getAllForecasts (src/services/intelligence/forecast/service.ts:300:92)
      at GET (src/app/api/intelligence/forecast/all/route.ts:45:20)
      at src/services/intelligence/__tests__/integration/forecast-api.test.ts:84:12
      at Object.<anonymous> (src/services/intelligence/__tests__/integration/forecast-api.test.ts:374:24)

    console.warn
      [Demand Forecast] RPC not available, falling back to base table query: {
        code: 'PGRST202',
        details: 'Searched for the function public.get_service_demand_history with parameters p_end_date, p_start_date, p_tenant_id or with a single unnamed json/jsonb parameter, but no matches were found in the schema cache.',
        hint: 'Perhaps you meant to call the function public.get_rule_with_history',
        message: 'Could not find the function public.get_service_demand_history(p_end_date, p_start_date, p_tenant_id) in the schema cache'
      }

      195 |     }
      196 |   } catch (rpcError) {
    > 197 |     console.warn('[Demand Forecast] RPC not available, falling back to base table query:', rpcError);
          |             ^
      198 |     // Fallback: Query base table
      199 |     if (itemType === 'service') {
      200 |       // Query session_logs

      at warn (src/services/intelligence/forecast/demand-forecast.ts:197:13)
      at forecastDemand (src/services/intelligence/forecast/demand-forecast.ts:60:26)
      at ForecastService.getDemandForecast (src/services/intelligence/forecast/service.ts:239:22)
          at async Promise.all (index 2)
      at ForecastService.getAllForecasts (src/services/intelligence/forecast/service.ts:300:92)
      at GET (src/app/api/intelligence/forecast/all/route.ts:45:20)
      at src/services/intelligence/__tests__/integration/forecast-api.test.ts:84:12
      at Object.<anonymous> (src/services/intelligence/__tests__/integration/forecast-api.test.ts:374:24)

    console.warn
      [Demand Forecast] RPC not available, falling back to base table query: {
        code: 'PGRST202',
        details: 'Searched for the function public.get_package_demand_history with parameters p_end_date, p_start_date, p_tenant_id or with a single unnamed json/jsonb parameter, but no matches were found in the schema cache.',
        hint: 'Perhaps you meant to call the function public.get_rule_with_history',
        message: 'Could not find the function public.get_package_demand_history(p_end_date, p_start_date, p_tenant_id) in the schema cache'
      }

      195 |     }
      196 |   } catch (rpcError) {
    > 197 |     console.warn('[Demand Forecast] RPC not available, falling back to base table query:', rpcError);
          |             ^
      198 |     // Fallback: Query base table
      199 |     if (itemType === 'service') {
      200 |       // Query session_logs

      at warn (src/services/intelligence/forecast/demand-forecast.ts:197:13)
      at forecastDemand (src/services/intelligence/forecast/demand-forecast.ts:60:26)
      at ForecastService.getDemandForecast (src/services/intelligence/forecast/service.ts:239:22)
          at async Promise.all (index 3)
      at ForecastService.getAllForecasts (src/services/intelligence/forecast/service.ts:300:92)
      at GET (src/app/api/intelligence/forecast/all/route.ts:45:20)
      at src/services/intelligence/__tests__/integration/forecast-api.test.ts:84:12
      at Object.<anonymous> (src/services/intelligence/__tests__/integration/forecast-api.test.ts:374:24)

    console.error
      Failed to save forecast results: {
        code: 'PGRST205',
        details: null,
        hint: "Perhaps you meant the table 'public.rule_test_results'",
        message: "Could not find the table 'public.forecast_results' in the schema cache"
      }

      477 |   
      478 |   if (error) {
    > 479 |     console.error('Failed to save forecast results:', error);
          |             ^
      480 |     // Non-critical error, don't throw
      481 |   }
      482 | }

      at error (src/services/intelligence/forecast/revenue-forecast.ts:479:13)
      at forecastRevenue (src/services/intelligence/forecast/revenue-forecast.ts:100:3)
      at ForecastService.getRevenueForecast (src/services/intelligence/forecast/service.ts:82:22)
          at async Promise.all (index 0)
      at ForecastService.getAllForecasts (src/services/intelligence/forecast/service.ts:300:92)
      at GET (src/app/api/intelligence/forecast/all/route.ts:45:20)
      at src/services/intelligence/__tests__/integration/forecast-api.test.ts:84:12
      at Object.<anonymous> (src/services/intelligence/__tests__/integration/forecast-api.test.ts:374:24)

    console.warn
      [Churn Forecast] mv_customer_segments not available, falling back to base tables: {
        code: 'PGRST205',
        details: null,
        hint: "Perhaps you meant the table 'public.customers'",
        message: "Could not find the table 'public.mv_customer_segments' in the schema cache"
      }

      169 |     }));
      170 |   } catch (viewError) {
    > 171 |     console.warn('[Churn Forecast] mv_customer_segments not available, falling back to base tables:', viewError);
          |             ^
      172 |     
      173 |     // Fallback: query customers and bookings tables
      174 |     const { data: customers, error: custError } = await supabase

      at warn (src/services/intelligence/forecast/churn-forecast.ts:171:13)
      at forecastChurn (src/services/intelligence/forecast/churn-forecast.ts:74:24)
      at ForecastService.getChurnForecast (src/services/intelligence/forecast/service.ts:160:22)
          at async Promise.all (index 1)
      at ForecastService.getAllForecasts (src/services/intelligence/forecast/service.ts:300:92)
      at GET (src/app/api/intelligence/forecast/all/route.ts:45:20)
      at src/services/intelligence/__tests__/integration/forecast-api.test.ts:84:12
      at Object.<anonymous> (src/services/intelligence/__tests__/integration/forecast-api.test.ts:392:24)

    console.warn
      [Demand Forecast] RPC not available, falling back to base table query: {
        code: 'PGRST202',
        details: 'Searched for the function public.get_service_demand_history with parameters p_end_date, p_start_date, p_tenant_id or with a single unnamed json/jsonb parameter, but no matches were found in the schema cache.',
        hint: 'Perhaps you meant to call the function public.get_rule_with_history',
        message: 'Could not find the function public.get_service_demand_history(p_end_date, p_start_date, p_tenant_id) in the schema cache'
      }

      195 |     }
      196 |   } catch (rpcError) {
    > 197 |     console.warn('[Demand Forecast] RPC not available, falling back to base table query:', rpcError);
          |             ^
      198 |     // Fallback: Query base table
      199 |     if (itemType === 'service') {
      200 |       // Query session_logs

      at warn (src/services/intelligence/forecast/demand-forecast.ts:197:13)
      at forecastDemand (src/services/intelligence/forecast/demand-forecast.ts:60:26)
      at ForecastService.getDemandForecast (src/services/intelligence/forecast/service.ts:239:22)
          at async Promise.all (index 2)
      at ForecastService.getAllForecasts (src/services/intelligence/forecast/service.ts:300:92)
      at GET (src/app/api/intelligence/forecast/all/route.ts:45:20)
      at src/services/intelligence/__tests__/integration/forecast-api.test.ts:84:12
      at Object.<anonymous> (src/services/intelligence/__tests__/integration/forecast-api.test.ts:392:24)

    console.warn
      [Demand Forecast] RPC not available, falling back to base table query: {
        code: 'PGRST202',
        details: 'Searched for the function public.get_package_demand_history with parameters p_end_date, p_start_date, p_tenant_id or with a single unnamed json/jsonb parameter, but no matches were found in the schema cache.',
        hint: 'Perhaps you meant to call the function public.get_rule_with_history',
        message: 'Could not find the function public.get_package_demand_history(p_end_date, p_start_date, p_tenant_id) in the schema cache'
      }

      195 |     }
      196 |   } catch (rpcError) {
    > 197 |     console.warn('[Demand Forecast] RPC not available, falling back to base table query:', rpcError);
          |             ^
      198 |     // Fallback: Query base table
      199 |     if (itemType === 'service') {
      200 |       // Query session_logs

      at warn (src/services/intelligence/forecast/demand-forecast.ts:197:13)
      at forecastDemand (src/services/intelligence/forecast/demand-forecast.ts:60:26)
      at ForecastService.getDemandForecast (src/services/intelligence/forecast/service.ts:239:22)
          at async Promise.all (index 3)
      at ForecastService.getAllForecasts (src/services/intelligence/forecast/service.ts:300:92)
      at GET (src/app/api/intelligence/forecast/all/route.ts:45:20)
      at src/services/intelligence/__tests__/integration/forecast-api.test.ts:84:12
      at Object.<anonymous> (src/services/intelligence/__tests__/integration/forecast-api.test.ts:392:24)

    console.error
      Failed to save forecast results: {
        code: 'PGRST205',
        details: null,
        hint: "Perhaps you meant the table 'public.rule_test_results'",
        message: "Could not find the table 'public.forecast_results' in the schema cache"
      }

      477 |   
      478 |   if (error) {
    > 479 |     console.error('Failed to save forecast results:', error);
          |             ^
      480 |     // Non-critical error, don't throw
      481 |   }
      482 | }

      at error (src/services/intelligence/forecast/revenue-forecast.ts:479:13)
      at forecastRevenue (src/services/intelligence/forecast/revenue-forecast.ts:100:3)
      at ForecastService.getRevenueForecast (src/services/intelligence/forecast/service.ts:82:22)
          at async Promise.all (index 0)
      at ForecastService.getAllForecasts (src/services/intelligence/forecast/service.ts:300:92)
      at GET (src/app/api/intelligence/forecast/all/route.ts:45:20)
      at src/services/intelligence/__tests__/integration/forecast-api.test.ts:84:12
      at Object.<anonymous> (src/services/intelligence/__tests__/integration/forecast-api.test.ts:392:24)

    console.warn
      [ForecastService] mv_forecast_accuracy not available: {
        code: 'PGRST205',
        details: null,
        hint: "Perhaps you meant the table 'public.mv_ktv_performance_summary'",
        message: "Could not find the table 'public.mv_forecast_accuracy' in the schema cache"
      }

      359 |     } catch (viewError) {
      360 |       // mv_forecast_accuracy view not yet created ΓÇö return empty array gracefully
    > 361 |       console.warn('[ForecastService] mv_forecast_accuracy not available:', viewError);
          |               ^
      362 |       return [];
      363 |     }
      364 |   }

      at ForecastService.warn [as getForecastAccuracy] (src/services/intelligence/forecast/service.ts:361:15)
      at GET (src/app/api/intelligence/forecast/accuracy/route.ts:50:20)
      at src/services/intelligence/__tests__/integration/forecast-api.test.ts:87:12
      at Object.<anonymous> (src/services/intelligence/__tests__/integration/forecast-api.test.ts:404:24)

    console.error
      Failed to save forecast results: {
        code: 'PGRST205',
        details: null,
        hint: "Perhaps you meant the table 'public.rule_test_results'",
        message: "Could not find the table 'public.forecast_results' in the schema cache"
      }

      477 |   
      478 |   if (error) {
    > 479 |     console.error('Failed to save forecast results:', error);
          |             ^
      480 |     // Non-critical error, don't throw
      481 |   }
      482 | }

      at error (src/services/intelligence/forecast/revenue-forecast.ts:479:13)
      at forecastRevenue (src/services/intelligence/forecast/revenue-forecast.ts:100:3)
      at ForecastService.getRevenueForecast (src/services/intelligence/forecast/service.ts:82:22)
      at GET (src/app/api/intelligence/forecast/revenue/route.ts:62:20)
      at src/services/intelligence/__tests__/integration/forecast-api.test.ts:75:12
      at Object.<anonymous> (src/services/intelligence/__tests__/integration/forecast-api.test.ts:451:7)

    console.error
      Failed to save forecast results: {
        code: 'PGRST205',
        details: null,
        hint: "Perhaps you meant the table 'public.rule_test_results'",
        message: "Could not find the table 'public.forecast_results' in the schema cache"
      }

      477 |   
      478 |   if (error) {
    > 479 |     console.error('Failed to save forecast results:', error);
          |             ^
      480 |     // Non-critical error, don't throw
      481 |   }
      482 | }

      at error (src/services/intelligence/forecast/revenue-forecast.ts:479:13)
      at forecastRevenue (src/services/intelligence/forecast/revenue-forecast.ts:100:3)
      at ForecastService.getRevenueForecast (src/services/intelligence/forecast/service.ts:82:22)
      at GET (src/app/api/intelligence/forecast/revenue/route.ts:62:20)
      at src/services/intelligence/__tests__/integration/forecast-api.test.ts:75:12
      at Object.<anonymous> (src/services/intelligence/__tests__/integration/forecast-api.test.ts:471:24)

A worker process has failed to exit gracefully and has been force exited. This is likely caused by tests leaking due to improper teardown. Try running with --detectOpenHandles to find leaks. Active timers can also cause this, ensure that .unref() was called on them.

Summary of all failing tests
FAIL src/__tests__/booking-engine/booking-engine-schema.test.ts
  ΓùÅ Booking Engine Schema - Functions ΓÇ║ FUNCTION: calculate_waitlist_priority ΓÇ║ should calculate priority for customer

    TypeError: Cannot read properties of null (reading 'id')

      528 |       .limit(1)
      529 |       .single();
    > 530 |     testCustomerId = customer!.id;
          |                                ^
      531 |     
      532 |     // Also get package for expire test
      533 |     const { data: pkg } = await supabase

      at Object.id (src/__tests__/booking-engine/booking-engine-schema.test.ts:530:32)

  ΓùÅ Booking Engine Schema - Functions ΓÇ║ FUNCTION: calculate_waitlist_priority ΓÇ║ should return 0 for non-existent customer

    TypeError: Cannot read properties of null (reading 'id')

      528 |       .limit(1)
      529 |       .single();
    > 530 |     testCustomerId = customer!.id;
          |                                ^
      531 |     
      532 |     // Also get package for expire test
      533 |     const { data: pkg } = await supabase

      at Object.id (src/__tests__/booking-engine/booking-engine-schema.test.ts:530:32)

  ΓùÅ Booking Engine Schema - Functions ΓÇ║ FUNCTION: get_available_capacity ΓÇ║ should get capacity for time slot

    TypeError: Cannot read properties of null (reading 'id')

      528 |       .limit(1)
      529 |       .single();
    > 530 |     testCustomerId = customer!.id;
          |                                ^
      531 |     
      532 |     // Also get package for expire test
      533 |     const { data: pkg } = await supabase

      at Object.id (src/__tests__/booking-engine/booking-engine-schema.test.ts:530:32)

  ΓùÅ Booking Engine Schema - Functions ΓÇ║ FUNCTION: get_available_capacity ΓÇ║ should work for all time slots

    TypeError: Cannot read properties of null (reading 'id')

      528 |       .limit(1)
      529 |       .single();
    > 530 |     testCustomerId = customer!.id;
          |                                ^
      531 |     
      532 |     // Also get package for expire test
      533 |     const { data: pkg } = await supabase

      at Object.id (src/__tests__/booking-engine/booking-engine-schema.test.ts:530:32)

  ΓùÅ Booking Engine Schema - Functions ΓÇ║ FUNCTION: expire_old_waitlist_entries ΓÇ║ should expire old waitlist entries

    TypeError: Cannot read properties of null (reading 'id')

      528 |       .limit(1)
      529 |       .single();
    > 530 |     testCustomerId = customer!.id;
          |                                ^
      531 |     
      532 |     // Also get package for expire test
      533 |     const { data: pkg } = await supabase

      at Object.id (src/__tests__/booking-engine/booking-engine-schema.test.ts:530:32)

FAIL src/__tests__/e2e-accounting-manual-reversal.test.ts
  ΓùÅ E2E Manual Journal Reversal ΓÇ║ should create reversing journal entry with opposite debits/credits

    TypeError: Cannot read properties of null (reading 'id')

      36 |
      37 |     await supabase.from('journal_lines').insert([
    > 38 |       { entry_id: originalEntry!.id, account_id: 'expense-account-id', debit_amount: 500000, credit_amount: 0 },
         |                                  ^
      39 |       { entry_id: originalEntry!.id, account_id: 'cash-account-id', debit_amount: 0, credit_amount: 500000 },
      40 |     ]);
      41 |

      at Object.id (src/__tests__/e2e-accounting-manual-reversal.test.ts:38:34)

FAIL src/__tests__/e2e-partner-api-create-booking.test.ts
  ΓùÅ E2E Partner API Create Booking ΓÇ║ should allow partner to create booking via API key

    TypeError: Cannot read properties of null (reading 'api_key')

      34 |       status: 'active',
      35 |     }).select('api_key').single();
    > 36 |     partnerApiKey = apiKey!.api_key;
         |                             ^
      37 |
      38 |     console.log('Γ£à Partner API key created');
      39 |   });

      at Object.api_key (src/__tests__/e2e-partner-api-create-booking.test.ts:36:29)

FAIL src/__tests__/e2e-payment-split.test.ts
  ΓùÅ E2E Split Payment (Multiple Payers Test) ΓÇ║ should accept split payments from multiple family members

    Failed to create test package: new row for relation "packages" violates check constraint "packages_module_key_check"

      60 |         service_kind: 'treatment_package', default_duration_minutes: 60, requires_resource: false, before_after_required: false,
      61 |       }).select('id').single();
    > 62 |       if (error) throw new Error(`Failed to create test package: ${error.message}`);
         |                        ^
      63 |       testPackageId = newPkg!.id;
      64 |     }
      65 |

      at Object.<anonymous> (src/__tests__/e2e-payment-split.test.ts:62:24)

FAIL src/__tests__/e2e-payment-gateway-timeout.test.ts
  ΓùÅ E2E Payment Gateway Timeout (Idempotency Test) ΓÇ║ should prevent duplicate payment when webhook arrives late

    Failed to create test package: new row for relation "packages" violates check constraint "packages_module_key_check"

      61 |         service_kind: 'treatment_package', default_duration_minutes: 60, requires_resource: false, before_after_required: false,
      62 |       }).select('id').single();
    > 63 |       if (error) throw new Error(`Failed to create test package: ${error.message}`);
         |                        ^
      64 |       testPackageId = newPkg!.id;
      65 |     }
      66 |

      at Object.<anonymous> (src/__tests__/e2e-payment-gateway-timeout.test.ts:63:24)

FAIL src/__tests__/e2e-negative-concurrent-completion.test.ts
  ΓùÅ E2E Concurrent Session Completion (Race Condition Test) ΓÇ║ should prevent double completion via optimistic locking

    TypeError: Cannot read properties of null (reading 'id')

      47 |       tenant_id: testTenantId,
      48 |     }).select('id').single();
    > 49 |     sessionId = session!.id;
         |                          ^
      50 |   });
      51 |
      52 |   it('should prevent double completion via optimistic locking', async () => {

      at Object.id (src/__tests__/e2e-negative-concurrent-completion.test.ts:49:26)

FAIL src/__tests__/e2e-payroll-mid-month-join.test.ts
  ΓùÅ E2E Mid-Month Join (Pro-Rata Salary Test) ΓÇ║ should calculate pro-rated salary for mid-month join

    TypeError: Cannot read properties of null (reading 'id')

      54 |       role: 'ktv', phone: '0900000021', base_salary: 6000000, join_date: joinDate,
      55 |     }).select('id').single();
    > 56 |     testKtvId = newKtv!.id;
         |                         ^
      57 |   });
      58 |
      59 |   afterAll(async () => {

      at Object.id (src/__tests__/e2e-payroll-mid-month-join.test.ts:56:25)

FAIL src/__tests__/e2e-payment-multi-method.test.ts
  ΓùÅ E2E Multi-Payment Method (Payment Flow Test) ΓÇ║ should accept multiple payment methods for single booking

    Failed to create test package: new row for relation "packages" violates check constraint "packages_module_key_check"

      73 |         service_kind: 'treatment_package', default_duration_minutes: 60, requires_resource: false, before_after_required: false,
      74 |       }).select('id').single();
    > 75 |       if (error) throw new Error(`Failed to create test package: ${error.message}`);
         |                        ^
      76 |       testPackageId = newPkg!.id;
      77 |     }
      78 |

      at Object.<anonymous> (src/__tests__/e2e-payment-multi-method.test.ts:75:24)

FAIL src/modules/bookings/actions/__tests__/service-items-actions.test.ts
  ΓùÅ Service Items Actions ΓÇ║ createServiceItem ΓÇ║ should create service item with FIXED commission type

    expect(received).toBe(expected) // Object.is equality

    Expected: true
    Received: false

      62 |
      63 |       // Assert: Operation succeeded
    > 64 |       expect(result.success).toBe(true);
         |                              ^
      65 |       expect(result.error).toBeUndefined();
      66 |
      67 |       // Assert: Data structure is correct

      at Object.toBe (src/modules/bookings/actions/__tests__/service-items-actions.test.ts:64:30)

  ΓùÅ Service Items Actions ΓÇ║ createServiceItem ΓÇ║ should create service item with PERCENTAGE commission type

    expect(received).toBe(expected) // Object.is equality

    Expected: true
    Received: false

      103 |       const result = await createServiceItem(input);
      104 |
    > 105 |       expect(result.success).toBe(true);
          |                              ^
      106 |
      107 |       // Assert: Commission calculation is correct (percentage type)
      108 |       // 300,000 * 15% = 45,000

      at Object.toBe (src/modules/bookings/actions/__tests__/service-items-actions.test.ts:105:30)

  ΓùÅ Service Items Actions ΓÇ║ createServiceItem ΓÇ║ should use DEFAULT commission when no override specified

    expect(received).toBe(expected) // Object.is equality

    Expected: true
    Received: false

      131 |       const result = await createServiceItem(input);
      132 |
    > 133 |       expect(result.success).toBe(true);
          |                              ^
      134 |
      135 |       // Assert: Should use tenant default commission (from migration: 150,000 fixed)
      136 |       // OR fallback to system default if tenant config not set

      at Object.toBe (src/modules/bookings/actions/__tests__/service-items-actions.test.ts:133:30)

  ΓùÅ Service Items Actions ΓÇ║ createServiceItem ΓÇ║ should FAIL with invalid input (negative quantity)

    expect(received).toContain(expected) // indexOf

    Expected substring: "kh├┤ng hß╗úp lß╗ç"
    Received string:    "Unauthorized"

      162 |       expect(result.success).toBe(false);
      163 |       expect(result.error).toBeDefined();
    > 164 |       expect(result.error).toContain('kh├┤ng hß╗úp lß╗ç');
          |                            ^
      165 |     });
      166 |
      167 |     it('should calculate subtotal correctly with quantity > 1', async () => {

      at Object.toContain (src/modules/bookings/actions/__tests__/service-items-actions.test.ts:164:28)

  ΓùÅ Service Items Actions ΓÇ║ createServiceItem ΓÇ║ should calculate subtotal correctly with quantity > 1

    expect(received).toBe(expected) // Object.is equality

    Expected: true
    Received: false

      180 |       const result = await createServiceItem(input);
      181 |
    > 182 |       expect(result.success).toBe(true);
          |                              ^
      183 |
      184 |       // Assert: Subtotal = quantity * unit_price
      185 |       expect(result.data?.subtotal).toBe(450000); // 3 * 150,000

      at Object.toBe (src/modules/bookings/actions/__tests__/service-items-actions.test.ts:182:30)

  ΓùÅ Service Items Actions ΓÇ║ updateServiceItem ΓÇ║ should update service item and recalculate commission

    expect(received).toBe(expected) // Object.is equality

    Expected: true
    Received: false

      210 |
      211 |       const createResult = await createServiceItem(createInput);
    > 212 |       expect(createResult.success).toBe(true);
          |                                    ^
      213 |       
      214 |       const serviceItemId = createResult.data?.id!;
      215 |       createdServiceItemIds.push(serviceItemId);

      at Object.toBe (src/modules/bookings/actions/__tests__/service-items-actions.test.ts:212:36)

  ΓùÅ Service Items Actions ΓÇ║ updateServiceItem ΓÇ║ should update commission override and recalculate

    expect(received).toBe(expected) // Object.is equality

    Expected: true
    Received: false

      254 |       });
      255 |
    > 256 |       expect(updateResult.success).toBe(true);
          |                                    ^
      257 |
      258 |       // Assert: Commission recalculated
      259 |       expect(updateResult.data?.calculated_commission).toBe(60000); // 300,000 * 20%

      at Object.toBe (src/modules/bookings/actions/__tests__/service-items-actions.test.ts:256:36)

  ΓùÅ Service Items Actions ΓÇ║ deleteServiceItem ΓÇ║ should soft-delete service item (set status to cancelled)

    expect(received).toBe(expected) // Object.is equality

    Expected: true
    Received: false

      283 |       const deleteResult = await deleteServiceItem(serviceItemId, testTenantId);
      284 |
    > 285 |       expect(deleteResult.success).toBe(true);
          |                                    ^
      286 |
      287 |       // CRITICAL: Verify side-effect in database (AGENTS.md Rule #2)
      288 |       // In real test, query database to verify status = 'cancelled'

      at Object.toBe (src/modules/bookings/actions/__tests__/service-items-actions.test.ts:285:36)

FAIL src/__tests__/e2e-refund-commission-clawback.test.ts
  ΓùÅ E2E Refund with Commission Clawback (Edge Case Test) ΓÇ║ should NOT claw back commission for completed sessions when refund issued

    Failed to create test package: new row for relation "packages" violates check constraint "packages_module_key_check"

      73 |         service_kind: 'treatment_package', default_duration_minutes: 60, requires_resource: false, before_after_required: false,
      74 |       }).select('id').single();
    > 75 |       if (error) throw new Error(`Failed to create test package: ${error.message}`);
         |                        ^
      76 |       testPackageId = newPkg!.id;
      77 |     }
      78 |

      at Object.<anonymous> (src/__tests__/e2e-refund-commission-clawback.test.ts:75:24)

FAIL src/__tests__/e2e-refund-partial.test.ts
  ΓùÅ E2E Partial Refund Flow (Critical Revenue Test) ΓÇ║ should complete partial refund flow with commission retention

    Failed to create test package: new row for relation "packages" violates check constraint "packages_module_key_check"

      75 |         service_kind: 'treatment_package', default_duration_minutes: 60, requires_resource: false, before_after_required: false,
      76 |       }).select('id').single();
    > 77 |       if (error) throw new Error(`Failed to create test package: ${error.message}`);
         |                        ^
      78 |       testPackageId = newPkg!.id;
      79 |     }
      80 |   });

      at Object.<anonymous> (src/__tests__/e2e-refund-partial.test.ts:77:24)

FAIL src/components/rules/__tests__/RuleEditor.test.tsx
  ΓùÅ RuleEditor ΓÇ║ Rendering ΓÇ║ should render all sections (metadata, conditions, actions, buttons)

    invariant expected app router to be mounted

      21 |
      22 | export default function RuleEditor({ mode, ruleId, initialData }: RuleEditorProps) {
    > 23 |   const router = useRouter();
         |                           ^
      24 |   const { toast } = useToast();
      25 |   const [isSaving, setIsSaving] = useState(false);
      26 |   const [validationErrors, setValidationErrors] = useState<Record<string, string>>({});

      at useRouter (node_modules/next/src/client/components/navigation.ts:179:11)
      at RuleEditor (src/components/rules/RuleEditor.tsx:23:27)
      at Object.react_stack_bottom_frame (node_modules/react-dom/cjs/react-dom-client.development.js:25904:20)
      at renderWithHooks (node_modules/react-dom/cjs/react-dom-client.development.js:7662:22)
      at updateFunctionComponent (node_modules/react-dom/cjs/react-dom-client.development.js:10166:19)
      at beginWork (node_modules/react-dom/cjs/react-dom-client.development.js:11778:18)
      at runWithFiberInDEV (node_modules/react-dom/cjs/react-dom-client.development.js:874:13)
      at performUnitOfWork (node_modules/react-dom/cjs/react-dom-client.development.js:17641:22)
      at workLoopSync (node_modules/react-dom/cjs/react-dom-client.development.js:17469:41)
      at renderRootSync (node_modules/react-dom/cjs/react-dom-client.development.js:17450:11)
      at performWorkOnRoot (node_modules/react-dom/cjs/react-dom-client.development.js:16583:35)
      at performWorkOnRootViaSchedulerTask (node_modules/react-dom/cjs/react-dom-client.development.js:18957:7)
      at flushActQueue (node_modules/react/cjs/react.development.js:590:34)
      at process.env.NODE_ENV.exports.act (node_modules/react/cjs/react.development.js:884:10)
      at node_modules/@testing-library/react/dist/act-compat.js:46:25
      at renderRoot (node_modules/@testing-library/react/dist/pure.js:189:26)
      at render (node_modules/@testing-library/react/dist/pure.js:291:10)
      at Object.<anonymous> (src/components/rules/__tests__/RuleEditor.test.tsx:130:13)

  ΓùÅ RuleEditor ΓÇ║ Rendering ΓÇ║ should populate form with existing rule data

    invariant expected app router to be mounted

      21 |
      22 | export default function RuleEditor({ mode, ruleId, initialData }: RuleEditorProps) {
    > 23 |   const router = useRouter();
         |                           ^
      24 |   const { toast } = useToast();
      25 |   const [isSaving, setIsSaving] = useState(false);
      26 |   const [validationErrors, setValidationErrors] = useState<Record<string, string>>({});

      at useRouter (node_modules/next/src/client/components/navigation.ts:179:11)
      at RuleEditor (src/components/rules/RuleEditor.tsx:23:27)
      at Object.react_stack_bottom_frame (node_modules/react-dom/cjs/react-dom-client.development.js:25904:20)
      at renderWithHooks (node_modules/react-dom/cjs/react-dom-client.development.js:7662:22)
      at updateFunctionComponent (node_modules/react-dom/cjs/react-dom-client.development.js:10166:19)
      at beginWork (node_modules/react-dom/cjs/react-dom-client.development.js:11778:18)
      at runWithFiberInDEV (node_modules/react-dom/cjs/react-dom-client.development.js:874:13)
      at performUnitOfWork (node_modules/react-dom/cjs/react-dom-client.development.js:17641:22)
      at workLoopSync (node_modules/react-dom/cjs/react-dom-client.development.js:17469:41)
      at renderRootSync (node_modules/react-dom/cjs/react-dom-client.development.js:17450:11)
      at performWorkOnRoot (node_modules/react-dom/cjs/react-dom-client.development.js:16583:35)
      at performWorkOnRootViaSchedulerTask (node_modules/react-dom/cjs/react-dom-client.development.js:18957:7)
      at flushActQueue (node_modules/react/cjs/react.development.js:590:34)
      at process.env.NODE_ENV.exports.act (node_modules/react/cjs/react.development.js:884:10)
      at node_modules/@testing-library/react/dist/act-compat.js:46:25
      at renderRoot (node_modules/@testing-library/react/dist/pure.js:189:26)
      at render (node_modules/@testing-library/react/dist/pure.js:291:10)
      at Object.<anonymous> (src/components/rules/__tests__/RuleEditor.test.tsx:140:13)

  ΓùÅ RuleEditor ΓÇ║ Rendering ΓÇ║ should render empty form for new rule

    invariant expected app router to be mounted

      21 |
      22 | export default function RuleEditor({ mode, ruleId, initialData }: RuleEditorProps) {
    > 23 |   const router = useRouter();
         |                           ^
      24 |   const { toast } = useToast();
      25 |   const [isSaving, setIsSaving] = useState(false);
      26 |   const [validationErrors, setValidationErrors] = useState<Record<string, string>>({});

      at useRouter (node_modules/next/src/client/components/navigation.ts:179:11)
      at RuleEditor (src/components/rules/RuleEditor.tsx:23:27)
      at Object.react_stack_bottom_frame (node_modules/react-dom/cjs/react-dom-client.development.js:25904:20)
      at renderWithHooks (node_modules/react-dom/cjs/react-dom-client.development.js:7662:22)
      at updateFunctionComponent (node_modules/react-dom/cjs/react-dom-client.development.js:10166:19)
      at beginWork (node_modules/react-dom/cjs/react-dom-client.development.js:11778:18)
      at runWithFiberInDEV (node_modules/react-dom/cjs/react-dom-client.development.js:874:13)
      at performUnitOfWork (node_modules/react-dom/cjs/react-dom-client.development.js:17641:22)
      at workLoopSync (node_modules/react-dom/cjs/react-dom-client.development.js:17469:41)
      at renderRootSync (node_modules/react-dom/cjs/react-dom-client.development.js:17450:11)
      at performWorkOnRoot (node_modules/react-dom/cjs/react-dom-client.development.js:16583:35)
      at performWorkOnRootViaSchedulerTask (node_modules/react-dom/cjs/react-dom-client.development.js:18957:7)
      at flushActQueue (node_modules/react/cjs/react.development.js:590:34)
      at process.env.NODE_ENV.exports.act (node_modules/react/cjs/react.development.js:884:10)
      at node_modules/@testing-library/react/dist/act-compat.js:46:25
      at renderRoot (node_modules/@testing-library/react/dist/pure.js:189:26)
      at render (node_modules/@testing-library/react/dist/pure.js:291:10)
      at Object.<anonymous> (src/components/rules/__tests__/RuleEditor.test.tsx:150:13)

  ΓùÅ RuleEditor ΓÇ║ Form Interactions ΓÇ║ should update name when metadata changes

    invariant expected app router to be mounted

      21 |
      22 | export default function RuleEditor({ mode, ruleId, initialData }: RuleEditorProps) {
    > 23 |   const router = useRouter();
         |                           ^
      24 |   const { toast } = useToast();
      25 |   const [isSaving, setIsSaving] = useState(false);
      26 |   const [validationErrors, setValidationErrors] = useState<Record<string, string>>({});

      at useRouter (node_modules/next/src/client/components/navigation.ts:179:11)
      at RuleEditor (src/components/rules/RuleEditor.tsx:23:27)
      at Object.react_stack_bottom_frame (node_modules/react-dom/cjs/react-dom-client.development.js:25904:20)
      at renderWithHooks (node_modules/react-dom/cjs/react-dom-client.development.js:7662:22)
      at updateFunctionComponent (node_modules/react-dom/cjs/react-dom-client.development.js:10166:19)
      at beginWork (node_modules/react-dom/cjs/react-dom-client.development.js:11778:18)
      at runWithFiberInDEV (node_modules/react-dom/cjs/react-dom-client.development.js:874:13)
      at performUnitOfWork (node_modules/react-dom/cjs/react-dom-client.development.js:17641:22)
      at workLoopSync (node_modules/react-dom/cjs/react-dom-client.development.js:17469:41)
      at renderRootSync (node_modules/react-dom/cjs/react-dom-client.development.js:17450:11)
      at performWorkOnRoot (node_modules/react-dom/cjs/react-dom-client.development.js:16583:35)
      at performWorkOnRootViaSchedulerTask (node_modules/react-dom/cjs/react-dom-client.development.js:18957:7)
      at flushActQueue (node_modules/react/cjs/react.development.js:590:34)
      at process.env.NODE_ENV.exports.act (node_modules/react/cjs/react.development.js:884:10)
      at node_modules/@testing-library/react/dist/act-compat.js:46:25
      at renderRoot (node_modules/@testing-library/react/dist/pure.js:189:26)
      at render (node_modules/@testing-library/react/dist/pure.js:291:10)
      at Object.<anonymous> (src/components/rules/__tests__/RuleEditor.test.tsx:160:13)

  ΓùÅ RuleEditor ΓÇ║ Form Interactions ΓÇ║ should update provider when changed

    invariant expected app router to be mounted

      21 |
      22 | export default function RuleEditor({ mode, ruleId, initialData }: RuleEditorProps) {
    > 23 |   const router = useRouter();
         |                           ^
      24 |   const { toast } = useToast();
      25 |   const [isSaving, setIsSaving] = useState(false);
      26 |   const [validationErrors, setValidationErrors] = useState<Record<string, string>>({});

      at useRouter (node_modules/next/src/client/components/navigation.ts:179:11)
      at RuleEditor (src/components/rules/RuleEditor.tsx:23:27)
      at Object.react_stack_bottom_frame (node_modules/react-dom/cjs/react-dom-client.development.js:25904:20)
      at renderWithHooks (node_modules/react-dom/cjs/react-dom-client.development.js:7662:22)
      at updateFunctionComponent (node_modules/react-dom/cjs/react-dom-client.development.js:10166:19)
      at beginWork (node_modules/react-dom/cjs/react-dom-client.development.js:11778:18)
      at runWithFiberInDEV (node_modules/react-dom/cjs/react-dom-client.development.js:874:13)
      at performUnitOfWork (node_modules/react-dom/cjs/react-dom-client.development.js:17641:22)
      at workLoopSync (node_modules/react-dom/cjs/react-dom-client.development.js:17469:41)
      at renderRootSync (node_modules/react-dom/cjs/react-dom-client.development.js:17450:11)
      at performWorkOnRoot (node_modules/react-dom/cjs/react-dom-client.development.js:16583:35)
      at performWorkOnRootViaSchedulerTask (node_modules/react-dom/cjs/react-dom-client.development.js:18957:7)
      at flushActQueue (node_modules/react/cjs/react.development.js:590:34)
      at process.env.NODE_ENV.exports.act (node_modules/react/cjs/react.development.js:884:10)
      at node_modules/@testing-library/react/dist/act-compat.js:46:25
      at renderRoot (node_modules/@testing-library/react/dist/pure.js:189:26)
      at render (node_modules/@testing-library/react/dist/pure.js:291:10)
      at Object.<anonymous> (src/components/rules/__tests__/RuleEditor.test.tsx:169:13)

  ΓùÅ RuleEditor ΓÇ║ Form Interactions ΓÇ║ should add condition when button clicked

    invariant expected app router to be mounted

      21 |
      22 | export default function RuleEditor({ mode, ruleId, initialData }: RuleEditorProps) {
    > 23 |   const router = useRouter();
         |                           ^
      24 |   const { toast } = useToast();
      25 |   const [isSaving, setIsSaving] = useState(false);
      26 |   const [validationErrors, setValidationErrors] = useState<Record<string, string>>({});

      at useRouter (node_modules/next/src/client/components/navigation.ts:179:11)
      at RuleEditor (src/components/rules/RuleEditor.tsx:23:27)
      at Object.react_stack_bottom_frame (node_modules/react-dom/cjs/react-dom-client.development.js:25904:20)
      at renderWithHooks (node_modules/react-dom/cjs/react-dom-client.development.js:7662:22)
      at updateFunctionComponent (node_modules/react-dom/cjs/react-dom-client.development.js:10166:19)
      at beginWork (node_modules/react-dom/cjs/react-dom-client.development.js:11778:18)
      at runWithFiberInDEV (node_modules/react-dom/cjs/react-dom-client.development.js:874:13)
      at performUnitOfWork (node_modules/react-dom/cjs/react-dom-client.development.js:17641:22)
      at workLoopSync (node_modules/react-dom/cjs/react-dom-client.development.js:17469:41)
      at renderRootSync (node_modules/react-dom/cjs/react-dom-client.development.js:17450:11)
      at performWorkOnRoot (node_modules/react-dom/cjs/react-dom-client.development.js:16583:35)
      at performWorkOnRootViaSchedulerTask (node_modules/react-dom/cjs/react-dom-client.development.js:18957:7)
      at flushActQueue (node_modules/react/cjs/react.development.js:590:34)
      at process.env.NODE_ENV.exports.act (node_modules/react/cjs/react.development.js:884:10)
      at node_modules/@testing-library/react/dist/act-compat.js:46:25
      at renderRoot (node_modules/@testing-library/react/dist/pure.js:189:26)
      at render (node_modules/@testing-library/react/dist/pure.js:291:10)
      at Object.<anonymous> (src/components/rules/__tests__/RuleEditor.test.tsx:178:13)

  ΓùÅ RuleEditor ΓÇ║ Form Interactions ΓÇ║ should add action when button clicked

    invariant expected app router to be mounted

      21 |
      22 | export default function RuleEditor({ mode, ruleId, initialData }: RuleEditorProps) {
    > 23 |   const router = useRouter();
         |                           ^
      24 |   const { toast } = useToast();
      25 |   const [isSaving, setIsSaving] = useState(false);
      26 |   const [validationErrors, setValidationErrors] = useState<Record<string, string>>({});

      at useRouter (node_modules/next/src/client/components/navigation.ts:179:11)
      at RuleEditor (src/components/rules/RuleEditor.tsx:23:27)
      at Object.react_stack_bottom_frame (node_modules/react-dom/cjs/react-dom-client.development.js:25904:20)
      at renderWithHooks (node_modules/react-dom/cjs/react-dom-client.development.js:7662:22)
      at updateFunctionComponent (node_modules/react-dom/cjs/react-dom-client.development.js:10166:19)
      at beginWork (node_modules/react-dom/cjs/react-dom-client.development.js:11778:18)
      at runWithFiberInDEV (node_modules/react-dom/cjs/react-dom-client.development.js:874:13)
      at performUnitOfWork (node_modules/react-dom/cjs/react-dom-client.development.js:17641:22)
      at workLoopSync (node_modules/react-dom/cjs/react-dom-client.development.js:17469:41)
      at renderRootSync (node_modules/react-dom/cjs/react-dom-client.development.js:17450:11)
      at performWorkOnRoot (node_modules/react-dom/cjs/react-dom-client.development.js:16583:35)
      at performWorkOnRootViaSchedulerTask (node_modules/react-dom/cjs/react-dom-client.development.js:18957:7)
      at flushActQueue (node_modules/react/cjs/react.development.js:590:34)
      at process.env.NODE_ENV.exports.act (node_modules/react/cjs/react.development.js:884:10)
      at node_modules/@testing-library/react/dist/act-compat.js:46:25
      at renderRoot (node_modules/@testing-library/react/dist/pure.js:189:26)
      at render (node_modules/@testing-library/react/dist/pure.js:291:10)
      at Object.<anonymous> (src/components/rules/__tests__/RuleEditor.test.tsx:187:13)

  ΓùÅ RuleEditor ΓÇ║ Form Validation ΓÇ║ should disable save button when name is empty

    invariant expected app router to be mounted

      21 |
      22 | export default function RuleEditor({ mode, ruleId, initialData }: RuleEditorProps) {
    > 23 |   const router = useRouter();
         |                           ^
      24 |   const { toast } = useToast();
      25 |   const [isSaving, setIsSaving] = useState(false);
      26 |   const [validationErrors, setValidationErrors] = useState<Record<string, string>>({});

      at useRouter (node_modules/next/src/client/components/navigation.ts:179:11)
      at RuleEditor (src/components/rules/RuleEditor.tsx:23:27)
      at Object.react_stack_bottom_frame (node_modules/react-dom/cjs/react-dom-client.development.js:25904:20)
      at renderWithHooks (node_modules/react-dom/cjs/react-dom-client.development.js:7662:22)
      at updateFunctionComponent (node_modules/react-dom/cjs/react-dom-client.development.js:10166:19)
      at beginWork (node_modules/react-dom/cjs/react-dom-client.development.js:11778:18)
      at runWithFiberInDEV (node_modules/react-dom/cjs/react-dom-client.development.js:874:13)
      at performUnitOfWork (node_modules/react-dom/cjs/react-dom-client.development.js:17641:22)
      at workLoopSync (node_modules/react-dom/cjs/react-dom-client.development.js:17469:41)
      at renderRootSync (node_modules/react-dom/cjs/react-dom-client.development.js:17450:11)
      at performWorkOnRoot (node_modules/react-dom/cjs/react-dom-client.development.js:16583:35)
      at performWorkOnRootViaSchedulerTask (node_modules/react-dom/cjs/react-dom-client.development.js:18957:7)
      at flushActQueue (node_modules/react/cjs/react.development.js:590:34)
      at process.env.NODE_ENV.exports.act (node_modules/react/cjs/react.development.js:884:10)
      at node_modules/@testing-library/react/dist/act-compat.js:46:25
      at renderRoot (node_modules/@testing-library/react/dist/pure.js:189:26)
      at render (node_modules/@testing-library/react/dist/pure.js:291:10)
      at Object.<anonymous> (src/components/rules/__tests__/RuleEditor.test.tsx:198:13)

  ΓùÅ RuleEditor ΓÇ║ Form Validation ΓÇ║ should enable save button when all required fields filled

    invariant expected app router to be mounted

      21 |
      22 | export default function RuleEditor({ mode, ruleId, initialData }: RuleEditorProps) {
    > 23 |   const router = useRouter();
         |                           ^
      24 |   const { toast } = useToast();
      25 |   const [isSaving, setIsSaving] = useState(false);
      26 |   const [validationErrors, setValidationErrors] = useState<Record<string, string>>({});

      at useRouter (node_modules/next/src/client/components/navigation.ts:179:11)
      at RuleEditor (src/components/rules/RuleEditor.tsx:23:27)
      at Object.react_stack_bottom_frame (node_modules/react-dom/cjs/react-dom-client.development.js:25904:20)
      at renderWithHooks (node_modules/react-dom/cjs/react-dom-client.development.js:7662:22)
      at updateFunctionComponent (node_modules/react-dom/cjs/react-dom-client.development.js:10166:19)
      at beginWork (node_modules/react-dom/cjs/react-dom-client.development.js:11778:18)
      at runWithFiberInDEV (node_modules/react-dom/cjs/react-dom-client.development.js:874:13)
      at performUnitOfWork (node_modules/react-dom/cjs/react-dom-client.development.js:17641:22)
      at workLoopSync (node_modules/react-dom/cjs/react-dom-client.development.js:17469:41)
      at renderRootSync (node_modules/react-dom/cjs/react-dom-client.development.js:17450:11)
      at performWorkOnRoot (node_modules/react-dom/cjs/react-dom-client.development.js:16583:35)
      at performWorkOnRootViaSchedulerTask (node_modules/react-dom/cjs/react-dom-client.development.js:18957:7)
      at flushActQueue (node_modules/react/cjs/react.development.js:590:34)
      at process.env.NODE_ENV.exports.act (node_modules/react/cjs/react.development.js:884:10)
      at node_modules/@testing-library/react/dist/act-compat.js:46:25
      at renderRoot (node_modules/@testing-library/react/dist/pure.js:189:26)
      at render (node_modules/@testing-library/react/dist/pure.js:291:10)
      at Object.<anonymous> (src/components/rules/__tests__/RuleEditor.test.tsx:205:13)

  ΓùÅ RuleEditor ΓÇ║ Save & Cancel ΓÇ║ should call onSave with form data when save clicked

    invariant expected app router to be mounted

      21 |
      22 | export default function RuleEditor({ mode, ruleId, initialData }: RuleEditorProps) {
    > 23 |   const router = useRouter();
         |                           ^
      24 |   const { toast } = useToast();
      25 |   const [isSaving, setIsSaving] = useState(false);
      26 |   const [validationErrors, setValidationErrors] = useState<Record<string, string>>({});

      at useRouter (node_modules/next/src/client/components/navigation.ts:179:11)
      at RuleEditor (src/components/rules/RuleEditor.tsx:23:27)
      at Object.react_stack_bottom_frame (node_modules/react-dom/cjs/react-dom-client.development.js:25904:20)
      at renderWithHooks (node_modules/react-dom/cjs/react-dom-client.development.js:7662:22)
      at updateFunctionComponent (node_modules/react-dom/cjs/react-dom-client.development.js:10166:19)
      at beginWork (node_modules/react-dom/cjs/react-dom-client.development.js:11778:18)
      at runWithFiberInDEV (node_modules/react-dom/cjs/react-dom-client.development.js:874:13)
      at performUnitOfWork (node_modules/react-dom/cjs/react-dom-client.development.js:17641:22)
      at workLoopSync (node_modules/react-dom/cjs/react-dom-client.development.js:17469:41)
      at renderRootSync (node_modules/react-dom/cjs/react-dom-client.development.js:17450:11)
      at performWorkOnRoot (node_modules/react-dom/cjs/react-dom-client.development.js:16583:35)
      at performWorkOnRootViaSchedulerTask (node_modules/react-dom/cjs/react-dom-client.development.js:18957:7)
      at flushActQueue (node_modules/react/cjs/react.development.js:590:34)
      at process.env.NODE_ENV.exports.act (node_modules/react/cjs/react.development.js:884:10)
      at node_modules/@testing-library/react/dist/act-compat.js:46:25
      at renderRoot (node_modules/@testing-library/react/dist/pure.js:189:26)
      at render (node_modules/@testing-library/react/dist/pure.js:291:10)
      at Object.<anonymous> (src/components/rules/__tests__/RuleEditor.test.tsx:222:13)

  ΓùÅ RuleEditor ΓÇ║ Save & Cancel ΓÇ║ should call onCancel when cancel clicked

    invariant expected app router to be mounted

      21 |
      22 | export default function RuleEditor({ mode, ruleId, initialData }: RuleEditorProps) {
    > 23 |   const router = useRouter();
         |                           ^
      24 |   const { toast } = useToast();
      25 |   const [isSaving, setIsSaving] = useState(false);
      26 |   const [validationErrors, setValidationErrors] = useState<Record<string, string>>({});

      at useRouter (node_modules/next/src/client/components/navigation.ts:179:11)
      at RuleEditor (src/components/rules/RuleEditor.tsx:23:27)
      at Object.react_stack_bottom_frame (node_modules/react-dom/cjs/react-dom-client.development.js:25904:20)
      at renderWithHooks (node_modules/react-dom/cjs/react-dom-client.development.js:7662:22)
      at updateFunctionComponent (node_modules/react-dom/cjs/react-dom-client.development.js:10166:19)
      at beginWork (node_modules/react-dom/cjs/react-dom-client.development.js:11778:18)
      at runWithFiberInDEV (node_modules/react-dom/cjs/react-dom-client.development.js:874:13)
      at performUnitOfWork (node_modules/react-dom/cjs/react-dom-client.development.js:17641:22)
      at workLoopSync (node_modules/react-dom/cjs/react-dom-client.development.js:17469:41)
      at renderRootSync (node_modules/react-dom/cjs/react-dom-client.development.js:17450:11)
      at performWorkOnRoot (node_modules/react-dom/cjs/react-dom-client.development.js:16583:35)
      at performWorkOnRootViaSchedulerTask (node_modules/react-dom/cjs/react-dom-client.development.js:18957:7)
      at flushActQueue (node_modules/react/cjs/react.development.js:590:34)
      at process.env.NODE_ENV.exports.act (node_modules/react/cjs/react.development.js:884:10)
      at node_modules/@testing-library/react/dist/act-compat.js:46:25
      at renderRoot (node_modules/@testing-library/react/dist/pure.js:189:26)
      at render (node_modules/@testing-library/react/dist/pure.js:291:10)
      at Object.<anonymous> (src/components/rules/__tests__/RuleEditor.test.tsx:255:13)

FAIL src/services/intelligence/executive/__tests__/queries.test.ts
  ΓùÅ Executive Intelligence Queries ΓÇ║ getMonthlyRevenueSummary ΓÇ║ should return revenue summary

    expect(received).toBe(expected) // Object.is equality

    Expected: 8000000
    Received: 0

      80 |       const result = await getMonthlyRevenueSummary(mockTenantId, mockDateRange);
      81 |
    > 82 |       expect(result.totalRevenue).toBe(8000000);
         |                                   ^
      83 |       expect(result.topRevenueSources.length).toBeGreaterThan(0);
      84 |     });
      85 |   });

      at Object.toBe (src/services/intelligence/executive/__tests__/queries.test.ts:82:35)

  ΓùÅ Executive Intelligence Queries ΓÇ║ getCustomerMetrics ΓÇ║ should return customer metrics

    expect(received).toBeGreaterThan(expected)

    Expected: > 0
    Received:   0

      129 |
      130 |       expect(result.period).toBe('2026-06-01');
    > 131 |       expect(result.averageBookingValue).toBeGreaterThan(0);
          |                                          ^
      132 |     });
      133 |   });
      134 |

      at Object.toBeGreaterThan (src/services/intelligence/executive/__tests__/queries.test.ts:131:42)

  ΓùÅ Executive Intelligence Queries ΓÇ║ getFinancialHealth ΓÇ║ should return financial health metrics

    expect(received).toBeGreaterThan(expected)

    Expected: > 0
    Received:   0

      151 |
      152 |       expect(result.period).toBe('2026-06-01');
    > 153 |       expect(result.profitMargin).toBeGreaterThan(0);
          |                                   ^
      154 |     });
      155 |   });
      156 |

      at Object.toBeGreaterThan (src/services/intelligence/executive/__tests__/queries.test.ts:153:35)

FAIL src/__tests__/e2e-partner-api-webhook-delivery.test.ts
  ΓùÅ E2E Partner Webhook Delivery ΓÇ║ should queue webhook delivery when booking status changes

    TypeError: Cannot read properties of null (reading 'id')

      57 |       .eq('tenant_id', testTenantId)
      58 |       .eq('event_type', 'booking.created')
    > 59 |       .eq('reference_id', booking!.id)
         |                                    ^
      60 |       .single();
      61 |
      62 |     if (webhookQueue) {

      at Object.id (src/__tests__/e2e-partner-api-webhook-delivery.test.ts:59:36)

FAIL src/components/bookings/__tests__/ServiceItemRow.test.tsx
  ΓùÅ ServiceItemRow ΓÇ║ should render service item with all fields

    TestingLibraryElementError: Found a label with the text of: /dß╗ïch vß╗Ñ/i, however no form control was found associated to that label. Make sure you're using the "for" attribute or "aria-labelledby" attribute correctly.

    Ignored nodes: comments, script, style
    <body>
      <div>
        <div
          aria-label="Service item: Service A"
          class="space-y-4 rounded-lg border p-4 transition-colors"
          role="group"
        >
          <div
            class="flex items-center justify-between"
          >
            <h4
              class="text-sm font-semibold text-foreground"
            >
              Service A
            </h4>
            <button
              aria-label="Remove Service A"
              class="rounded-lg p-1.5 text-muted-foreground transition-colors hover:bg-destructive/10 hover:text-destructive disabled:cursor-not-allowed disabled:opacity-50"
              type="button"
            >
              <svg
                aria-hidden="true"
                class="lucide lucide-x h-4 w-4"
                fill="none"
                height="24"
                stroke="currentColor"
                stroke-linecap="round"
                stroke-linejoin="round"
                stroke-width="2"
                viewBox="0 0 24 24"
                width="24"
                xmlns="http://www.w3.org/2000/svg"
              >
                <path
                  d="M18 6 6 18"
                />
                <path
                  d="m6 6 12 12"
                />
              </svg>
            </button>
          </div>
          <div
            class="grid gap-4 md:grid-cols-4"
          >
            <div
              class="space-y-2"
            >
              <label
                class="text-sm font-medium"
                for="service-1"
              >
                Dß╗ïch vß╗Ñ *
              </label>
              <div
                class="relative w-full min-w-0 max-w-full space-y-1.5"
              >
                <button
                  class="w-full min-w-0 max-w-full overflow-hidden flex items-center justify-between px-4 py-2.5 rounded-lg border transition-all duration-200 bg-white hover:bg-slate-50 border-slate-200 hover:border-emerald-200"
                  type="button"
                >
                  <div
                    class="flex items-center gap-2 min-w-0"
                  >
                    <span
                      class="text-sm truncate text-slate-800 font-medium"
                    >
                      Service A (200.000─æ)
                    </span>
                  </div>
                  <svg
                    aria-hidden="true"
                    class="lucide lucide-chevron-down w-4 h-4 text-slate-400 transition-transform duration-200 shrink-0"
                    fill="none"
                    height="24"
                    stroke="currentColor"
                    stroke-linecap="round"
                    stroke-linejoin="round"
                    stroke-width="2"
                    viewBox="0 0 24 24"
                    width="24"
                    xmlns="http://www.w3.org/2000/svg"
                  >
                    <path
                      d="m6 9 6 6 6-6"
                    />
                  </svg>
                </button>
              </div>
            </div>
            <div
              class="space-y-2"
            >
              <label
                class="text-sm font-medium"
                for="quantity-1"
              >
                Sß╗æ l╞░ß╗úng *
              </label>
              <input
                aria-required="true"
                class="w-full rounded-lg border bg-background px-3 py-2 disabled:cursor-not-allowed disabled:opacity-50"
                id="quantity-1"
                min="1"
                required=""
                type="number"
                value="1"
              />
            </div>
            <div
              class="space-y-2"
            >
              <label
                class="text-sm font-medium"
                for="unitPrice-1"
              >
                ─É╞ín gi├í *
              </label>
              <input
                aria-required="true"
                class="w-full rounded-lg border bg-background px-3 py-2 disabled:cursor-not-allowed disabled:opacity-50"
                id="unitPrice-1"
                placeholder="0"
                required=""
                type="text"
                value="200.000"
              />
            </div>
            <div
              class="space-y-2"
            >
              <label
                class="text-sm font-medium"
                for="subtotal-1"
              >
                Th├ánh tiß╗ün
              </label>
              <input
                aria-readonly="true"
                class="w-full rounded-lg border bg-muted px-3 py-2 text-muted-foreground"
                id="subtotal-1"
                readonly=""
                tabindex="-1"
                type="text"
                value="200.000─æ"
              />
            </div>
          </div>
          <div
            class="flex items-center gap-2"
          >
            <span
              class="text-sm text-muted-foreground"
            >
              Hoa hß╗ông dß╗▒ kiß║┐n:
            </span>
            <span
              class="rounded-full bg-primary/10 px-3 py-1 text-sm font-bold text-primary"
            >
              150.000
              ─æ
            </span>
          </div>
          <div
            aria-label="Commission override settings"
            class="space-y-4 rounded-2xl border border-slate-100 bg-slate-50/30 p-5 dark:border-[#3E3A35]/30 dark:bg-[#1C1B19]/20 transition-all duration-300 overflow-visible"
            role="group"
          >
            <div
              class="flex items-center gap-2"
            >
              <input
                aria-label="Enable commission override"
                class="h-4 w-4 rounded border-gray-300 text-primary focus:ring-2 focus:ring-primary focus:ring-offset-2 disabled:cursor-not-allowed disabled:opacity-50"
                id="commission-override-toggle"
                type="checkbox"
              />
              <label
                class="text-sm font-medium"
                for="commission-override-toggle"
              >
                T├╣y chß╗ënh hoa hß╗ông (override)
              </label>
            </div>
          </div>
        </div>
      </div>
    </body>

      47 |     );
      48 |
    > 49 |     expect(screen.getByLabelText(/dß╗ïch vß╗Ñ/i)).toBeInTheDocument();
         |                   ^
      50 |     expect(screen.getByLabelText(/sß╗æ l╞░ß╗úng/i)).toBeInTheDocument();
      51 |     expect(screen.getByLabelText(/─æ╞ín gi├í/i)).toBeInTheDocument();
      52 |     expect(screen.getByLabelText(/th├ánh tiß╗ün/i)).toBeInTheDocument();

      at Object.getElementError (node_modules/@testing-library/dom/dist/config.js:37:19)
      at getAllByLabelText (node_modules/@testing-library/dom/dist/queries/label-text.js:108:40)
      at node_modules/@testing-library/dom/dist/query-helpers.js:52:17
      at node_modules/@testing-library/dom/dist/query-helpers.js:95:19
      at Object.getByLabelText (src/components/bookings/__tests__/ServiceItemRow.test.tsx:49:19)

  ΓùÅ ServiceItemRow ΓÇ║ should show override badge when override is active

    TestingLibraryElementError: Found multiple elements with the text: /t├╣y chß╗ënh/i

    Here are the matching elements:

    Ignored nodes: comments, script, style
    <span
      class="rounded-full bg-amber-100 px-2 py-0.5 text-xs font-medium text-amber-700"
    >
      T├╣y chß╗ënh
    </span>

    Ignored nodes: comments, script, style
    <label
      class="text-sm font-medium"
      for="commission-override-toggle"
    >
      T├╣y chß╗ënh hoa hß╗ông (override)
    </label>

    (If this is intentional, then use the `*AllBy*` variant of the query (like `queryAllByText`, `getAllByText`, or `findAllByText`)).

    Ignored nodes: comments, script, style
    <body>
      <div>
        <div
          aria-label="Service item: Service A"
          class="space-y-4 rounded-lg border p-4 transition-colors"
          role="group"
        >
          <div
            class="flex items-center justify-between"
          >
            <h4
              class="text-sm font-semibold text-foreground"
            >
              Service A
            </h4>
            <button
              aria-label="Remove Service A"
              class="rounded-lg p-1.5 text-muted-foreground transition-colors hover:bg-destructive/10 hover:text-destructive disabled:cursor-not-allowed disabled:opacity-50"
              type="button"
            >
              <svg
                aria-hidden="true"
                class="lucide lucide-x h-4 w-4"
                fill="none"
                height="24"
                stroke="currentColor"
                stroke-linecap="round"
                stroke-linejoin="round"
                stroke-width="2"
                viewBox="0 0 24 24"
                width="24"
                xmlns="http://www.w3.org/2000/svg"
              >
                <path
                  d="M18 6 6 18"
                />
                <path
                  d="m6 6 12 12"
                />
              </svg>
            </button>
          </div>
          <div
            class="grid gap-4 md:grid-cols-4"
          >
            <div
              class="space-y-2"
            >
              <label
                class="text-sm font-medium"
                for="service-1"
              >
                Dß╗ïch vß╗Ñ *
              </label>
              <div
                class="relative w-full min-w-0 max-w-full space-y-1.5"
              >
                <button
                  class="w-full min-w-0 max-w-full overflow-hidden flex items-center justify-between px-4 py-2.5 rounded-lg border transition-all duration-200 bg-white hover:bg-slate-50 border-slate-200 hover:border-emerald-200"
                  type="button"
                >
                  <div
                    class="flex items-center gap-2 min-w-0"
                  >
                    <span
                      class="text-sm truncate text-slate-800 font-medium"
                    >
                      Service A (200.000─æ)
                    </span>
                  </div>
                  <svg
                    aria-hidden="true"
                    class="lucide lucide-chevron-down w-4 h-4 text-slate-400 transition-transform duration-200 shrink-0"
                    fill="none"
                    height="24"
                    stroke="currentColor"
                    stroke-linecap="round"
                    stroke-linejoin="round"
                    stroke-width="2"
                    viewBox="0 0 24 24"
                    width="24"
                    xmlns="http://www.w3.org/2000/svg"
                  >
                    <path
                      d="m6 9 6 6 6-6"
                    />
                  </svg>
                </button>
              </div>
            </div>
            <div
              class="space-y-2"
            >
              <label
                class="text-sm font-medium"
                for="quantity-1"
              >
                Sß╗æ l╞░ß╗úng *
              </label>
              <input
                aria-required="true"
                class="w-full rounded-lg border bg-background px-3 py-2 disabled:cursor-not-allowed disabled:opacity-50"
                id="quantity-1"
                min="1"
                required=""
                type="number"
                value="1"
              />
            </div>
            <div
              class="space-y-2"
            >
              <label
                class="text-sm font-medium"
                for="unitPrice-1"
              >
                ─É╞ín gi├í *
              </label>
              <input
                aria-required="true"
                class="w-full rounded-lg border bg-background px-3 py-2 disabled:cursor-not-allowed disabled:opacity-50"
                id="unitPrice-1"
                placeholder="0"
                required=""
                type="text"
                value="200.000"
              />
            </div>
            <div
              class="space-y-2"
            >
              <label
                class="text-sm font-medium"
                for="subtotal-1"
              >
                Th├ánh tiß╗ün
              </label>
              <input
                aria-readonly="true"
                class="w-full rounded-lg border bg-muted px-3 py-2 text-muted-foreground"
                id="subtotal-1"
                readonly=""
                tabindex="-1"
                type="text"
                value="200.000─æ"
              />
            </div>
          </div>
          <div
            class="flex items-center gap-2"
          >
            <span
              class="text-sm text-muted-foreground"
            >
              Hoa hß╗ông dß╗▒ kiß║┐n:
            </span>
            <span
              class="rounded-full bg-primary/10 px-3 py-1 text-sm font-bold text-primary"
            >
              40.000
              ─æ
            </span>
            <span
              class="rounded-full bg-amber-100 px-2 py-0.5 text-xs font-medium text-amber-700"
            >
              T├╣y chß╗ënh
            </span>
          </div>
          <div
            aria-label="Commission override settings"
            class="space-y-4 rounded-2xl border border-slate-100 bg-slate-50/30 p-5 dark:border-[#3E3A35]/30 dark:bg-[#1C1B19]/20 transition-all duration-300 overflow-visible"
            role="group"
          >
            <div
              class="flex items-center gap-2"
            >
              <input
                aria-label="Enable commission override"
                checked=""
                class="h-4 w-4 rounded border-gray-300 text-primary focus:ring-2 focus:ring-primary focus:ring-offset-2 disabled:cursor-not-allowed disabled:opacity-50"
                id="commission-override-toggle"
                type="checkbox"
              />
              <label
                class="text-sm font-medium"
                for="commission-override-toggle"
              >
                T├╣y chß╗ënh hoa hß╗ông (override)
              </label>
            </div>
            <div
              class="overflow-visible relative z-10"
              style="height: 0px; opacity: 0;"
            >
              <div
                class="grid gap-4 pt-2 md:grid-cols-2"
              >
                <div
                  class="space-y-2"
                >
                  <label
                    class="text-sm font-medium"
                    for="override-type"
                  >
                    Loß║íi hoa hß╗ông
                  </label>
                  <div
                    class="relative w-full min-w-0 max-w-full space-y-1.5"
                  >
                    <button
                      class="w-full min-w-0 max-w-full overflow-hidden flex items-center justify-between px-5 py-3.5 rounded-2xl border transition-all duration-300 bg-white shadow-sm hover:shadow-md active:scale-[0.98] border-slate-100 hover:border-primary/20"
                      type="button"
                    >
                      <div
                        class="flex items-center gap-3 min-w-0"
                      >
                        <span
                          class="text-sm font-semibold truncate text-slate-800"
                        >
                          Phß║ºn tr─âm (%)
                        </span>
                      </div>
                      <svg
                        aria-hidden="true"
                        class="lucide lucide-chevron-down w-4 h-4 text-slate-400 transition-transform duration-300 shrink-0"
                        fill="none"
                        height="24"
                        stroke="currentColor"
                        stroke-linecap="round"
                        stroke-linejoin="round"
                        stroke-width="2"
                        viewBox="0 0 24 24"
                        width="24"
                        xmlns="http://www.w3.org/2000/svg"
                      >
                        <path
                          d="m6 9 6 6 6-6"
                        />
                      </svg>
                    </button>
                  </div>
                </div>
                <div
                  class="space-y-2"
                >
                  <label
                    class="text-sm font-medium"
                    for="override-value"
                  >
                    Tß╗╖ lß╗ç (%)
                  </label>
                  <div
                    class="relative"
                  >
                    <input
                      aria-label="Commission override value in percentage"
                      class="w-full rounded-2xl border border-slate-200 bg-white px-4 py-3.5 pr-10 font-bold text-slate-800 focus:border-primary/50 focus:ring-4 focus:ring-primary/10 focus:outline-none transition-all duration-300 disabled:cursor-not-allowed disabled:opacity-50"
                      id="override-value"
                      placeholder="0"
                      type="text"
                      value="20"
                    />
                    <span
                      class="pointer-events-none absolute right-4 top-1/2 -translate-y-1/2 text-sm font-bold text-slate-500"
                    >
                      %
                    </span>
                  </div>
                </div>
              </div>
              <div
                class="mt-3 rounded-lg bg-muted/50 p-3"
              >
                <p
                  class="text-xs text-muted-foreground"
                >
                  <strong>
                    Hoa hß╗ông phß║ºn tr─âm:
                  </strong>
                   Nh├ón vi├¬n nhß║¡n % cß╗ºa tß╗òng gi├í trß╗ï dß╗ïch vß╗Ñ. VD: 20% cß╗ºa 500,000─æ = 100,000─æ.
                </p>
              </div>
            </div>
          </div>
        </div>
      </div>
    </body>

      152 |     );
      153 |
    > 154 |     expect(screen.getByText(/t├╣y chß╗ënh/i)).toBeInTheDocument();
          |                   ^
      155 |   });
      156 |
      157 |   it('should disable all inputs when disabled prop is true', () => {

      at Object.getElementError (node_modules/@testing-library/dom/dist/config.js:37:19)
      at getElementError (node_modules/@testing-library/dom/dist/query-helpers.js:20:35)
      at getMultipleElementsFoundError (node_modules/@testing-library/dom/dist/query-helpers.js:23:10)
      at node_modules/@testing-library/dom/dist/query-helpers.js:55:13
      at node_modules/@testing-library/dom/dist/query-helpers.js:95:19
      at Object.getByText (src/components/bookings/__tests__/ServiceItemRow.test.tsx:154:19)

FAIL src/__tests__/finance-intelligence-service.test.ts
  ΓùÅ FinanceIntelligenceService ΓÇ║ getMonthlyPnL ΓÇ║ should return P&L data on first call (cache miss)

    expect(received).toEqual(expected) // deep equality

    - Expected  -  0
    + Received  + 10

      Object {
    +   "data": Object {
          "netProfit": 4000000,
          "profitMargin": 40,
          "totalExpenses": 6000000,
          "totalRevenue": 10000000,
    +   },
    +   "metadata": Object {
    +     "cacheHit": false,
    +     "dataSourcesUsed": Array [
    +       "mv_monthly_pnl",
    +     ],
    +     "generatedAt": 2026-07-14T13:00:37.373Z,
    +     "queryTimeMs": 1,
    +   },
      }

       97 |       const result = await service.getMonthlyPnL(tenantId, period);
       98 |       
    >  99 |       expect(result).toEqual(mockQueryResults.monthlyPnL);
          |                      ^
      100 |     });
      101 |
      102 |     it('should return cached data on second call (cache hit)', async () => {

      at Object.toEqual (src/__tests__/finance-intelligence-service.test.ts:99:22)

  ΓùÅ FinanceIntelligenceService ΓÇ║ getMonthlyPnL ΓÇ║ should return cached data on second call (cache hit)

    expect(jest.fn()).toHaveBeenCalledTimes(expected)

    Expected number of calls: 1
    Received number of calls: 0

      105 |       // First call - cache miss
      106 |       await service.getMonthlyPnL(tenantId, period);
    > 107 |       expect(queries.getMonthlyPnL).toHaveBeenCalledTimes(1);
          |                                     ^
      108 |
      109 |       // Second call - cache hit
      110 |       const result = await service.getMonthlyPnL(tenantId, period);

      at Object.toHaveBeenCalledTimes (src/__tests__/finance-intelligence-service.test.ts:107:37)

  ΓùÅ FinanceIntelligenceService ΓÇ║ getMonthlyPnL ΓÇ║ should handle different periods correctly

    expect(jest.fn()).toHaveBeenCalledTimes(expected)

    Expected number of calls: 2
    Received number of calls: 0

      118 |       
      119 |       const queries = require('@/services/intelligence/finance/queries');
    > 120 |       expect(queries.getMonthlyPnL).toHaveBeenCalledTimes(2);
          |                                     ^
      121 |     });
      122 |
      123 |     it('should handle custom date range', async () => {

      at Object.toHaveBeenCalledTimes (src/__tests__/finance-intelligence-service.test.ts:120:37)

  ΓùÅ FinanceIntelligenceService ΓÇ║ getMonthlyPnL ΓÇ║ should handle custom date range

    expect(jest.fn()).toHaveBeenCalledWith(...expected)

    Expected: "test-tenant-123", "custom", "2026-05-01", "2026-05-31"

    Number of calls: 0

      128 |       
      129 |       const queries = require('@/services/intelligence/finance/queries');
    > 130 |       expect(queries.getMonthlyPnL).toHaveBeenCalledWith(tenantId, 'custom', startDate, endDate);
          |                                     ^
      131 |     });
      132 |   });
      133 |

      at Object.toHaveBeenCalledWith (src/__tests__/finance-intelligence-service.test.ts:130:37)

  ΓùÅ FinanceIntelligenceService ΓÇ║ getCashFlowAnalysis ΓÇ║ should return cash flow data

    expect(received).toEqual(expected) // deep equality

    - Expected  -  0
    + Received  + 10

      Object {
    +   "data": Object {
          "cumulativeCash": 20000000,
          "netCashFlow": 4000000,
          "totalInflows": 10000000,
          "totalOutflows": 6000000,
    +   },
    +   "metadata": Object {
    +     "cacheHit": false,
    +     "dataSourcesUsed": Array [
    +       "mv_cash_flow",
    +     ],
    +     "generatedAt": 2026-07-14T13:00:37.391Z,
    +     "queryTimeMs": 0,
    +   },
      }

      139 |       const result = await service.getCashFlowAnalysis(tenantId, period);
      140 |       
    > 141 |       expect(result).toEqual(mockQueryResults.cashFlowAnalysis);
          |                      ^
      142 |       expect(result.totalInflows).toBe(10000000);
      143 |       expect(result.netCashFlow).toBe(4000000);
      144 |     });

      at Object.toEqual (src/__tests__/finance-intelligence-service.test.ts:141:22)

  ΓùÅ FinanceIntelligenceService ΓÇ║ getCashFlowAnalysis ΓÇ║ should cache results by tenant and period

    expect(jest.fn()).toHaveBeenCalledTimes(expected)

    Expected number of calls: 1
    Received number of calls: 0

      150 |       await service.getCashFlowAnalysis(tenantId, period);
      151 |       
    > 152 |       expect(queries.getCashFlowAnalysis).toHaveBeenCalledTimes(1);
          |                                           ^
      153 |     });
      154 |   });
      155 |

      at Object.toHaveBeenCalledTimes (src/__tests__/finance-intelligence-service.test.ts:152:43)

  ΓùÅ FinanceIntelligenceService ΓÇ║ getBudgetVariance ΓÇ║ should return budget variance data

    expect(received).toEqual(expected) // deep equality

    - Expected  -  0
    + Received  + 10

      Object {
    +   "data": Object {
          "totalActual": 9500000,
          "totalBudget": 10000000,
          "variance": -500000,
          "variancePercent": -5,
    +   },
    +   "metadata": Object {
    +     "cacheHit": false,
    +     "dataSourcesUsed": Array [
    +       "mv_budget_variance",
    +     ],
    +     "generatedAt": 2026-07-14T13:00:37.395Z,
    +     "queryTimeMs": 0,
    +   },
      }

      161 |       const result = await service.getBudgetVariance(tenantId, month);
      162 |       
    > 163 |       expect(result).toEqual(mockQueryResults.budgetVariance);
          |                      ^
      164 |       expect(result.variance).toBe(-500000);
      165 |       expect(result.variancePercent).toBe(-5);
      166 |     });

      at Object.toEqual (src/__tests__/finance-intelligence-service.test.ts:163:22)

  ΓùÅ FinanceIntelligenceService ΓÇ║ getBudgetVariance ΓÇ║ should cache results by tenant and month

    expect(jest.fn()).toHaveBeenCalledTimes(expected)

    Expected number of calls: 1
    Received number of calls: 0

      172 |       await service.getBudgetVariance(tenantId, month);
      173 |       
    > 174 |       expect(queries.getBudgetVariance).toHaveBeenCalledTimes(1);
          |                                         ^
      175 |     });
      176 |
      177 |     it('should handle different months separately', async () => {

      at Object.toHaveBeenCalledTimes (src/__tests__/finance-intelligence-service.test.ts:174:41)

  ΓùÅ FinanceIntelligenceService ΓÇ║ getBudgetVariance ΓÇ║ should handle different months separately

    expect(jest.fn()).toHaveBeenCalledTimes(expected)

    Expected number of calls: 2
    Received number of calls: 1

      181 |       await service.getBudgetVariance(tenantId, '2026-06');
      182 |       
    > 183 |       expect(queries.getBudgetVariance).toHaveBeenCalledTimes(2);
          |                                         ^
      184 |     });
      185 |   });
      186 |

      at Object.toHaveBeenCalledTimes (src/__tests__/finance-intelligence-service.test.ts:183:41)

  ΓùÅ FinanceIntelligenceService ΓÇ║ getCashFlowForecast ΓÇ║ should return forecast data with specified months

    expect(received).toHaveProperty(path)

    Expected path: "projections"
    Received path: []

    Received value: {"data": {"confidence": 85, "projections": []}, "metadata": {"cacheHit": false, "dataSourcesUsed": ["mv_cash_flow"], "generatedAt": 2026-07-14T13:00:37.400Z, "queryTimeMs": 1}}

      192 |       const result = await service.getCashFlowForecast(tenantId, forecastMonths);
      193 |       
    > 194 |       expect(result).toHaveProperty('projections');
          |                      ^
      195 |       expect(result).toHaveProperty('confidence');
      196 |       expect(result.confidence).toBe(85);
      197 |     });

      at Object.toHaveProperty (src/__tests__/finance-intelligence-service.test.ts:194:22)

  ΓùÅ FinanceIntelligenceService ΓÇ║ getCashFlowForecast ΓÇ║ should cache forecast results

    expect(jest.fn()).toHaveBeenCalledTimes(expected)

    Expected number of calls: 1
    Received number of calls: 0

      203 |       await service.getCashFlowForecast(tenantId, forecastMonths);
      204 |       
    > 205 |       expect(queries.getCashFlowForecast).toHaveBeenCalledTimes(1);
          |                                           ^
      206 |     });
      207 |
      208 |     it('should handle different forecast periods', async () => {

      at Object.toHaveBeenCalledTimes (src/__tests__/finance-intelligence-service.test.ts:205:43)

  ΓùÅ FinanceIntelligenceService ΓÇ║ Error Handling ΓÇ║ should handle cache write failures gracefully

    Configuration error:

    Could not locate module @/lib/redis mapped as:
    D:\Antigravity\Projects\BELLA SPA ERP\src\$1.

    Please check your configuration for these entries:
    {
      "moduleNameMapper": {
        "/^@\/(.*)$/": "D:\Antigravity\Projects\BELLA SPA ERP\src\$1"
      },
      "resolver": undefined
    }

      227 |
      228 |     it('should handle cache write failures gracefully', async () => {
    > 229 |       const redis = require('@/lib/redis');
          |                     ^
      230 |       redis.getCacheClient().setex.mockRejectedValueOnce(new Error('Redis error'));
      231 |
      232 |       // Should still return data even if cache write fails

      at createNoMappedModuleFoundError (node_modules/jest-resolve/build/index.js:1149:17)
      at Object.require (src/__tests__/finance-intelligence-service.test.ts:229:21)

  ΓùÅ FinanceIntelligenceService ΓÇ║ Health Check ΓÇ║ should return healthy status

    expect(received).toBe(expected) // Object.is equality

    Expected: "finance-intelligence"
    Received: "FinanceIntelligence"

      265 |       expect(health).toHaveProperty('timestamp');
      266 |       expect(health).toHaveProperty('service');
    > 267 |       expect(health.service).toBe('finance-intelligence');
          |                              ^
      268 |     });
      269 |   });
      270 |

      at Object.toBe (src/__tests__/finance-intelligence-service.test.ts:267:30)

  ΓùÅ FinanceIntelligenceService ΓÇ║ Tenant Isolation ΓÇ║ should isolate cache by tenant ID

    expect(jest.fn()).toHaveBeenNthCalledWith(n, ...expected)

    n: 1
    Expected: "tenant-1", "current_month", undefined, undefined
    Received
    ->     1: "tenant-1", "current_month"
           2: "tenant-2", "current_month"

    Number of calls: 2

      278 |       // Should call queries twice (once per tenant)
      279 |       expect(queries.getMonthlyPnL).toHaveBeenCalledTimes(2);
    > 280 |       expect(queries.getMonthlyPnL).toHaveBeenNthCalledWith(1, 'tenant-1', 'current_month', undefined, undefined);
          |                                     ^
      281 |       expect(queries.getMonthlyPnL).toHaveBeenNthCalledWith(2, 'tenant-2', 'current_month', undefined, undefined);
      282 |     });
      283 |   });

      at Object.toHaveBeenNthCalledWith (src/__tests__/finance-intelligence-service.test.ts:280:37)

  ΓùÅ FinanceIntelligenceService ΓÇ║ Cache TTL ΓÇ║ should expire cache after TTL (3600 seconds)

    expect(jest.fn()).toHaveBeenCalledTimes(expected)

    Expected number of calls: 1
    Received number of calls: 0

      290 |       // First call
      291 |       await service.getMonthlyPnL(tenantId, 'current_month');
    > 292 |       expect(queries.getMonthlyPnL).toHaveBeenCalledTimes(1);
          |                                     ^
      293 |
      294 |       // Simulate cache expiry by manually clearing
      295 |       mockCache.clear();

      at Object.toHaveBeenCalledTimes (src/__tests__/finance-intelligence-service.test.ts:292:37)

  ΓùÅ FinanceIntelligenceService ΓÇ║ Data Transformation ΓÇ║ should return data in consistent format

    expect(received).toHaveProperty(path)

    Expected path: "totalRevenue"
    Received path: []

    Received value: {"data": {"netProfit": 4000000, "profitMargin": 40, "totalExpenses": 6000000, "totalRevenue": 10000000}, "metadata": {"cacheHit": false, "dataSourcesUsed": ["mv_monthly_pnl"], "generatedAt": 2026-07-14T13:00:37.435Z, "queryTimeMs": 0}}

      305 |       const result = await service.getMonthlyPnL('test-tenant', 'current_month');
      306 |       
    > 307 |       expect(result).toHaveProperty('totalRevenue');
          |                      ^
      308 |       expect(result).toHaveProperty('totalExpenses');
      309 |       expect(result).toHaveProperty('netProfit');
      310 |       expect(result).toHaveProperty('profitMargin');

      at Object.toHaveProperty (src/__tests__/finance-intelligence-service.test.ts:307:22)

  ΓùÅ FinanceIntelligenceService ΓÇ║ Data Transformation ΓÇ║ should handle null/undefined gracefully

    expect(received).toBeNull()

    Received: {"data": {"netProfit": 4000000, "profitMargin": 40, "totalExpenses": 6000000, "totalRevenue": 10000000}, "metadata": {"cacheHit": true, "dataSourcesUsed": ["cache"], "generatedAt": 2026-07-14T13:00:37.436Z, "queryTimeMs": 0}}

      319 |
      320 |       const result = await service.getMonthlyPnL('test-tenant', 'current_month');
    > 321 |       expect(result).toBeNull();
          |                      ^
      322 |     });
      323 |   });
      324 | });

      at Object.toBeNull (src/__tests__/finance-intelligence-service.test.ts:321:22)

FAIL src/__tests__/e2e-permission-cross-tenant-leak.test.ts
  ΓùÅ E2E Cross-Tenant Leak (Security Test) ΓÇ║ should prevent Tenant A user from accessing Tenant B booking

    TypeError: Cannot read properties of null (reading 'id')

      36 |       start_date: '2026-06-01', full_price: 5000000, status: 'booked',
      37 |     }).select('id').single();
    > 38 |     bookingAId = bookingA!.id;
         |                            ^
      39 |
      40 |     const { data: bookingB } = await supabase.from('bookings').insert({
      41 |       tenant_id: tenantBId, booking_number: `TB-${Date.now()}`,

      at Object.id (src/__tests__/e2e-permission-cross-tenant-leak.test.ts:38:28)

FAIL src/__tests__/industrial-cleaning-module-isolation.test.ts
  ΓùÅ Industrial Cleaning Module Isolation ΓÇ║ Test 2: Package Isolation by Module ΓÇ║ should have cleaning-specific packages in database

    expect(received).toBeNull()

    Received: {"hint": "Double check your Supabase `anon` or `service_role` API key.", "message": "Invalid API key"}

      61 |         .eq('module_key', 'industrial_cleaning');
      62 |
    > 63 |       expect(error).toBeNull();
         |                     ^
      64 |       expect(cleaningPackages).toBeDefined();
      65 |       expect(cleaningPackages!.length).toBeGreaterThan(0);
      66 |

      at Object.toBeNull (src/__tests__/industrial-cleaning-module-isolation.test.ts:63:21)

  ΓùÅ Industrial Cleaning Module Isolation ΓÇ║ Test 2: Package Isolation by Module ΓÇ║ should have session_multiplier metadata for cleaning packages

    TypeError: Cannot read properties of null (reading 'length')

      110 |
      111 |       expect(cleaningPackages).toBeDefined();
    > 112 |       expect(cleaningPackages!.length).toBeGreaterThan(0);
          |                                ^
      113 |
      114 |       // All cleaning packages should have session_multiplier
      115 |       cleaningPackages!.forEach(pkg => {

      at Object.length (src/__tests__/industrial-cleaning-module-isolation.test.ts:112:32)

  ΓùÅ Industrial Cleaning Module Isolation ΓÇ║ Test 5: Data Scoping and Isolation ΓÇ║ should enforce RLS on packages table by module_key

    TypeError: Cannot read properties of null (reading 'reduce')

      250 |
      251 |       // Count packages by module
    > 252 |       const moduleCount = allPackages!.reduce((acc, pkg) => {
          |                                        ^
      253 |         acc[pkg.module_key] = (acc[pkg.module_key] || 0) + 1;
      254 |         return acc;
      255 |       }, {} as Record<string, number>);

      at Object.reduce (src/__tests__/industrial-cleaning-module-isolation.test.ts:252:40)

FAIL src/__tests__/e2e-accounting-inter-branch-clearing.test.ts
  ΓùÅ E2E Inter-Branch Clearing (Accounting Test) ΓÇ║ should create reciprocal clearing entries for inter-branch service

    TypeError: Cannot read properties of null (reading 'id')

      32 |       tenant_id: testTenantId, name: 'Branch A', code: 'BRA', status: 'active',
      33 |     }).select('id').single();
    > 34 |     branchAId = branchA!.id;
         |                          ^
      35 |
      36 |     const { data: branchB } = await supabase.from('branches').insert({
      37 |       tenant_id: testTenantId, name: 'Branch B', code: 'BRB', status: 'active',

      at Object.id (src/__tests__/e2e-accounting-inter-branch-clearing.test.ts:34:26)

FAIL src/services/intelligence/customer/__tests__/service.test.ts
  ΓùÅ CustomerIntelligenceService ΓÇ║ getCustomerSegmentation ΓÇ║ should return cached data when cache hit

    expect(received).toEqual(expected) // deep equality

    Expected: [{"avgBookingAmount": 2083333, "avgSessionsPerBooking": 4, "churnRiskLevel": "Low Risk", "computedAt": "2026-07-14T13:00:37.429Z", "customerId": "123e4567-e89b-12d3-a456-426614174001", "customerLifetimeDays": 180, "customerName": "Nguyß╗àn Thß╗ï Lan", "customerPhone": "0901234567", "customerSince": "2025-01-15T00:00:00.000Z", "daysSinceLastBooking": 15, "frequencyScore": 4, "lastBookingDate": "2026-05-28T00:00:00.000Z", "monetaryScore": 4, "recencyScore": 4, "recommendedAction": "Reward & Retain", "retentionPriority": 5, "rfmScore": 4, "segment": "Champions", "tenantId": "123e4567-e89b-12d3-a456-426614174000", "totalBookings": 12, "totalRevenue": 25000000, "totalSessionsCompleted": 48}, {"avgBookingAmount": 1875000, "avgSessionsPerBooking": 3, "churnRiskLevel": "High Risk", "computedAt": "2026-07-14T13:00:37.429Z", "customerId": "123e4567-e89b-12d3-a456-426614174002", "customerLifetimeDays": 400, "customerName": "Trß║ºn Thß╗ï Mai", "customerPhone": "0902345678", "customerSince": "2024-06-10T00:00:00.000Z", "daysSinceLastBooking": 200, "frequencyScore": 3, "lastBookingDate": "2025-11-20T00:00:00.000Z", "monetaryScore": 3, "recencyScore": 1, "recommendedAction": "Re-engage Urgently", "retentionPriority": 2, "rfmScore": 2.33, "segment": "About To Sleep", "tenantId": "123e4567-e89b-12d3-a456-426614174000", "totalBookings": 8, "totalRevenue": 15000000, "totalSessionsCompleted": 24}]
    Received: "{\"data\":[{\"tenantId\":\"123e4567-e89b-12d3-a456-426614174000\",\"customerId\":\"123e4567-e89b-12d3-a456-426614174001\",\"customerName\":\"Nguyß╗àn Thß╗ï Lan\",\"customerPhone\":\"0901234567\",\"customerSince\":\"2025-01-15T00:00:00.000Z\",\"customerLifetimeDays\":180,\"daysSinceLastBooking\":15,\"totalBookings\":12,\"totalRevenue\":25000000,\"avgBookingAmount\":2083333,\"totalSessionsCompleted\":48,\"avgSessionsPerBooking\":4,\"lastBookingDate\":\"2026-05-28T00:00:00.000Z\",\"recencyScore\":4,\"frequencyScore\":4,\"monetaryScore\":4,\"rfmScore\":4,\"segment\":\"Champions\",\"retentionPriority\":5,\"churnRiskLevel\":\"Low Risk\",\"recommendedAction\":\"Reward & Retain\",\"computedAt\":\"2026-07-14T13:00:37.429Z\"},{\"tenantId\":\"123e4567-e89b-12d3-a456-426614174000\",\"customerId\":\"123e4567-e89b-12d3-a456-426614174002\",\"customerName\":\"Trß║ºn Thß╗ï Mai\",\"customerPhone\":\"0902345678\",\"customerSince\":\"2024-06-10T00:00:00.000Z\",\"customerLifetimeDays\":400,\"daysSinceLastBooking\":200,\"totalBookings\":8,\"totalRevenue\":15000000,\"avgBookingAmount\":1875000,\"totalSessionsCompleted\":24,\"avgSessionsPerBooking\":3,\"lastBookingDate\":\"2025-11-20T00:00:00.000Z\",\"recencyScore\":1,\"frequencyScore\":3,\"monetaryScore\":3,\"rfmScore\":2.33,\"segment\":\"About To Sleep\",\"retentionPriority\":2,\"churnRiskLevel\":\"High Risk\",\"recommendedAction\":\"Re-engage Urgently\",\"computedAt\":\"2026-07-14T13:00:37.429Z\"}],\"metadata\":{\"generatedAt\":\"2026-07-14T13:00:37.434Z\",\"cacheHit\":true,\"queryTimeMs\":0,\"dataSourcesUsed\":[\"redis\"]}}"

      312 |
      313 |       expect(result.metadata.cacheHit).toBe(true);
    > 314 |       expect(result.data).toEqual(mockSegmentData);
          |                           ^
      315 |       expect(mockCacheGet).toHaveBeenCalledTimes(1);
      316 |       expect(queries.getCustomerSegmentation).not.toHaveBeenCalled();
      317 |     });

      at Object.toEqual (src/services/intelligence/customer/__tests__/service.test.ts:314:27)

  ΓùÅ CustomerIntelligenceService ΓÇ║ getCustomerSegmentation ΓÇ║ should fetch from database on cache miss

    TypeError: _queries.getCustomerSegmentation.mockResolvedValue is not a function

      322 |
      323 |       // Setup query response
    > 324 |       (queries.getCustomerSegmentation as jest.Mock).mockResolvedValue(mockSegmentData);
          |                                                      ^
      325 |
      326 |       const result = await service.getCustomerSegmentation(TEST_TENANT_ID);
      327 |

      at Object.mockResolvedValue (src/services/intelligence/customer/__tests__/service.test.ts:324:54)

  ΓùÅ CustomerIntelligenceService ΓÇ║ getCustomerSegmentation ΓÇ║ should filter by segment when provided

    TypeError: _queries.getCustomerSegmentation.mockResolvedValue is not a function

      336 |       mockCacheGet.mockResolvedValue(null);
      337 |       const championsOnly = mockSegmentData.filter(c => c.segment === 'Champions');
    > 338 |       (queries.getCustomerSegmentation as jest.Mock).mockResolvedValue(championsOnly);
          |                                                      ^
      339 |
      340 |       const result = await service.getCustomerSegmentation(TEST_TENANT_ID, 'Champions');
      341 |

      at Object.mockResolvedValue (src/services/intelligence/customer/__tests__/service.test.ts:338:54)

  ΓùÅ CustomerIntelligenceService ΓÇ║ getCustomerSegmentation ΓÇ║ should handle database errors gracefully

    TypeError: _queries.getCustomerSegmentation.mockRejectedValue is not a function

      350 |     it('should handle database errors gracefully', async () => {
      351 |       mockCacheGet.mockResolvedValue(null);
    > 352 |       (queries.getCustomerSegmentation as jest.Mock).mockRejectedValue(
          |                                                      ^
      353 |         new Error('Database connection failed')
      354 |       );
      355 |

      at Object.mockRejectedValue (src/services/intelligence/customer/__tests__/service.test.ts:352:54)

  ΓùÅ CustomerIntelligenceService ΓÇ║ getCustomerSegmentation ΓÇ║ should handle cache write failures silently

    TypeError: _queries.getCustomerSegmentation.mockResolvedValue is not a function

      362 |       mockCacheGet.mockResolvedValue(null);
      363 |       mockCacheSet.mockRejectedValue(new Error('Redis write failed'));
    > 364 |       (queries.getCustomerSegmentation as jest.Mock).mockResolvedValue(mockSegmentData);
          |                                                      ^
      365 |
      366 |       // Should not throw despite cache write failure
      367 |       const result = await service.getCustomerSegmentation(TEST_TENANT_ID);

      at Object.mockResolvedValue (src/services/intelligence/customer/__tests__/service.test.ts:364:54)

  ΓùÅ CustomerIntelligenceService ΓÇ║ getCustomerLTV ΓÇ║ should return LTV data

    TypeError: _queries.getCustomerLTV.mockResolvedValue is not a function

      379 |     it('should return LTV data', async () => {
      380 |       mockCacheGet.mockResolvedValue(null);
    > 381 |       (queries.getCustomerLTV as jest.Mock).mockResolvedValue(mockLTVData);
          |                                             ^
      382 |
      383 |       const result = await service.getCustomerLTV(TEST_TENANT_ID);
      384 |

      at Object.mockResolvedValue (src/services/intelligence/customer/__tests__/service.test.ts:381:45)

  ΓùÅ CustomerIntelligenceService ΓÇ║ getCustomerLTV ΓÇ║ should filter by cohort month when provided

    TypeError: _queries.getCustomerLTV.mockResolvedValue is not a function

      389 |     it('should filter by cohort month when provided', async () => {
      390 |       mockCacheGet.mockResolvedValue(null);
    > 391 |       (queries.getCustomerLTV as jest.Mock).mockResolvedValue(mockLTVData);
          |                                             ^
      392 |
      393 |       const result = await service.getCustomerLTV(TEST_TENANT_ID, TEST_COHORT_MONTH);
      394 |

      at Object.mockResolvedValue (src/services/intelligence/customer/__tests__/service.test.ts:391:45)

  ΓùÅ CustomerIntelligenceService ΓÇ║ getCustomerLTV ΓÇ║ should filter by value tier when provided

    TypeError: _queries.getCustomerLTV.mockResolvedValue is not a function

      403 |     it('should filter by value tier when provided', async () => {
      404 |       mockCacheGet.mockResolvedValue(null);
    > 405 |       (queries.getCustomerLTV as jest.Mock).mockResolvedValue(mockLTVData);
          |                                             ^
      406 |
      407 |       const result = await service.getCustomerLTV(TEST_TENANT_ID, undefined, 'VIP');
      408 |

      at Object.mockResolvedValue (src/services/intelligence/customer/__tests__/service.test.ts:405:45)

  ΓùÅ CustomerIntelligenceService ΓÇ║ getCustomerLTV ΓÇ║ should return empty array when no data found

    TypeError: _queries.getCustomerLTV.mockResolvedValue is not a function

      417 |     it('should return empty array when no data found', async () => {
      418 |       mockCacheGet.mockResolvedValue(null);
    > 419 |       (queries.getCustomerLTV as jest.Mock).mockResolvedValue([]);
          |                                             ^
      420 |
      421 |       const result = await service.getCustomerLTV(TEST_TENANT_ID);
      422 |

      at Object.mockResolvedValue (src/services/intelligence/customer/__tests__/service.test.ts:419:45)

  ΓùÅ CustomerIntelligenceService ΓÇ║ getChurnRiskAnalysis ΓÇ║ should return churn risk data with correct scores

    TypeError: _queries.getChurnRiskAnalysis.mockResolvedValue is not a function

      433 |     it('should return churn risk data with correct scores', async () => {
      434 |       mockCacheGet.mockResolvedValue(null);
    > 435 |       (queries.getChurnRiskAnalysis as jest.Mock).mockResolvedValue(mockChurnRiskData);
          |                                                   ^
      436 |
      437 |       const result = await service.getChurnRiskAnalysis(TEST_TENANT_ID);
      438 |

      at Object.mockResolvedValue (src/services/intelligence/customer/__tests__/service.test.ts:435:51)

  ΓùÅ CustomerIntelligenceService ΓÇ║ getChurnRiskAnalysis ΓÇ║ should filter by risk level when provided

    TypeError: _queries.getChurnRiskAnalysis.mockResolvedValue is not a function

      445 |       mockCacheGet.mockResolvedValue(null);
      446 |       const highRiskOnly = mockChurnRiskData.filter(c => c.churnRiskLevel === 'High');
    > 447 |       (queries.getChurnRiskAnalysis as jest.Mock).mockResolvedValue(highRiskOnly);
          |                                                   ^
      448 |
      449 |       const result = await service.getChurnRiskAnalysis(TEST_TENANT_ID, 'High');
      450 |

      at Object.mockResolvedValue (src/services/intelligence/customer/__tests__/service.test.ts:447:51)

  ΓùÅ CustomerIntelligenceService ΓÇ║ getChurnRiskAnalysis ΓÇ║ should include recommended retention actions

    TypeError: _queries.getChurnRiskAnalysis.mockResolvedValue is not a function

      459 |     it('should include recommended retention actions', async () => {
      460 |       mockCacheGet.mockResolvedValue(null);
    > 461 |       (queries.getChurnRiskAnalysis as jest.Mock).mockResolvedValue(mockChurnRiskData);
          |                                                   ^
      462 |
      463 |       const result = await service.getChurnRiskAnalysis(TEST_TENANT_ID);
      464 |

      at Object.mockResolvedValue (src/services/intelligence/customer/__tests__/service.test.ts:461:51)

  ΓùÅ CustomerIntelligenceService ΓÇ║ getRFMAnalysis ΓÇ║ should be an alias for getCustomerSegmentation

    TypeError: _queries.getRFMAnalysis.mockResolvedValue is not a function

      476 |     it('should be an alias for getCustomerSegmentation', async () => {
      477 |       mockCacheGet.mockResolvedValue(null);
    > 478 |       (queries.getRFMAnalysis as jest.Mock).mockResolvedValue(mockSegmentData);
          |                                             ^
      479 |
      480 |       const result = await service.getRFMAnalysis(TEST_TENANT_ID);
      481 |

      at Object.mockResolvedValue (src/services/intelligence/customer/__tests__/service.test.ts:478:45)

  ΓùÅ CustomerIntelligenceService ΓÇ║ getSegmentDistribution ΓÇ║ should return aggregated segment metrics

    TypeError: _queries.getSegmentDistribution.mockResolvedValue is not a function

      492 |     it('should return aggregated segment metrics', async () => {
      493 |       mockCacheGet.mockResolvedValue(null);
    > 494 |       (queries.getSegmentDistribution as jest.Mock).mockResolvedValue(mockSegmentDistribution);
          |                                                     ^
      495 |
      496 |       const result = await service.getSegmentDistribution(TEST_TENANT_ID);
      497 |

      at Object.mockResolvedValue (src/services/intelligence/customer/__tests__/service.test.ts:494:53)

  ΓùÅ CustomerIntelligenceService ΓÇ║ getSegmentDistribution ΓÇ║ should handle empty segments

    TypeError: _queries.getSegmentDistribution.mockResolvedValue is not a function

      504 |     it('should handle empty segments', async () => {
      505 |       mockCacheGet.mockResolvedValue(null);
    > 506 |       (queries.getSegmentDistribution as jest.Mock).mockResolvedValue([]);
          |                                                     ^
      507 |
      508 |       const result = await service.getSegmentDistribution(TEST_TENANT_ID);
      509 |

      at Object.mockResolvedValue (src/services/intelligence/customer/__tests__/service.test.ts:506:53)

  ΓùÅ CustomerIntelligenceService ΓÇ║ getCohortAnalysis ΓÇ║ should return cohort retention data

    TypeError: _queries.getCohortAnalysis.mockResolvedValue is not a function

      519 |     it('should return cohort retention data', async () => {
      520 |       mockCacheGet.mockResolvedValue(null);
    > 521 |       (queries.getCohortAnalysis as jest.Mock).mockResolvedValue(mockCohortAnalysis);
          |                                                ^
      522 |
      523 |       const result = await service.getCohortAnalysis(TEST_TENANT_ID);
      524 |

      at Object.mockResolvedValue (src/services/intelligence/customer/__tests__/service.test.ts:521:48)

  ΓùÅ CustomerIntelligenceService ΓÇ║ getCohortAnalysis ΓÇ║ should respect limit parameter

    TypeError: _queries.getCohortAnalysis.mockResolvedValue is not a function

      531 |     it('should respect limit parameter', async () => {
      532 |       mockCacheGet.mockResolvedValue(null);
    > 533 |       (queries.getCohortAnalysis as jest.Mock).mockResolvedValue(mockCohortAnalysis);
          |                                                ^
      534 |
      535 |       const result = await service.getCohortAnalysis(TEST_TENANT_ID, 6);
      536 |

      at Object.mockResolvedValue (src/services/intelligence/customer/__tests__/service.test.ts:533:48)

  ΓùÅ CustomerIntelligenceService ΓÇ║ healthCheck ΓÇ║ should return healthy status when cache is accessible

    expect(received).toBe(expected) // Object.is equality

    Expected: true
    Received: undefined

      549 |       const result = await service.healthCheck();
      550 |
    > 551 |       expect(result.healthy).toBe(true);
          |                              ^
      552 |     });
      553 |
      554 |     it('should return unhealthy when cache fails', async () => {

      at Object.toBe (src/services/intelligence/customer/__tests__/service.test.ts:551:30)

  ΓùÅ CustomerIntelligenceService ΓÇ║ healthCheck ΓÇ║ should return unhealthy when cache fails

    expect(received).toBe(expected) // Object.is equality

    Expected: false
    Received: undefined

      560 |       const result = await service.healthCheck();
      561 |
    > 562 |       expect(result.healthy).toBe(false);
          |                              ^
      563 |       expect(result.error).toContain('Redis connection failed');
      564 |     });
      565 |   });

      at Object.toBe (src/services/intelligence/customer/__tests__/service.test.ts:562:30)

  ΓùÅ CustomerIntelligenceService ΓÇ║ clearCache ΓÇ║ should clear tenant-specific cache when tenantId provided

    IntelligenceError: Failed to clear customer intelligence cache

      549 |     } catch (error) {
      550 |       console.error('[CustomerIntelligence] Failed to clear cache:', error);
    > 551 |       throw new IntelligenceError(
          |             ^
      552 |         'Failed to clear customer intelligence cache',
      553 |         'CACHE_CLEAR_ERROR',
      554 |         error instanceof Error ? error : undefined

      at CustomerIntelligenceService.clearCache (src/services/intelligence/customer/service.ts:551:13)
      at Object.clearCache (src/services/intelligence/customer/__tests__/service.test.ts:575:21)

    Cause:
    TypeError: this.cache.deleteByTag is not a function

      540 |       if (tenantId) {
      541 |         // Clear cache for specific tenant
    > 542 |         await this.cache.deleteByTag(`tenant:${tenantId}`);
          |                          ^
      543 |         console.log(`[CustomerIntelligence] Cache cleared for tenant: ${tenantId}`);
      544 |       } else {
      545 |         // Clear all Customer cache

      at CustomerIntelligenceService.deleteByTag [as clearCache] (src/services/intelligence/customer/service.ts:542:26)
      at Object.clearCache (src/services/intelligence/customer/__tests__/service.test.ts:575:21)

  ΓùÅ CustomerIntelligenceService ΓÇ║ clearCache ΓÇ║ should clear all customer cache when no tenantId

    IntelligenceError: Failed to clear customer intelligence cache

      549 |     } catch (error) {
      550 |       console.error('[CustomerIntelligence] Failed to clear cache:', error);
    > 551 |       throw new IntelligenceError(
          |             ^
      552 |         'Failed to clear customer intelligence cache',
      553 |         'CACHE_CLEAR_ERROR',
      554 |         error instanceof Error ? error : undefined

      at CustomerIntelligenceService.clearCache (src/services/intelligence/customer/service.ts:551:13)
      at Object.clearCache (src/services/intelligence/customer/__tests__/service.test.ts:583:21)

    Cause:
    TypeError: this.cache.deletePattern is not a function

      544 |       } else {
      545 |         // Clear all Customer cache
    > 546 |         await this.cache.deletePattern(`${CACHE_KEY_PREFIX.CUSTOMER}:*`);
          |                          ^
      547 |         console.log('[CustomerIntelligence] Cache cleared successfully');
      548 |       }
      549 |     } catch (error) {

      at CustomerIntelligenceService.deletePattern [as clearCache] (src/services/intelligence/customer/service.ts:546:26)
      at Object.clearCache (src/services/intelligence/customer/__tests__/service.test.ts:583:21)

  ΓùÅ CustomerIntelligenceService ΓÇ║ clearCache ΓÇ║ should not throw on cache clear failure

    expect(received).resolves.not.toThrow()

    Received promise rejected instead of resolved
    Rejected to value: [IntelligenceError: Failed to clear customer intelligence cache]

      589 |       mockCacheDel.mockRejectedValue(new Error('Redis del failed'));
      590 |
    > 591 |       await expect(service.clearCache()).resolves.not.toThrow();
          |                   ^
      592 |     });
      593 |   });
      594 |

      at expect (node_modules/expect/build/index.js:2116:15)
      at Object.<anonymous> (src/services/intelligence/customer/__tests__/service.test.ts:591:19)

  ΓùÅ CustomerIntelligenceService ΓÇ║ edge cases ΓÇ║ should handle malformed cached data

    TypeError: _queries.getCustomerSegmentation.mockResolvedValue is not a function

      601 |       // Cache contains invalid JSON
      602 |       mockCacheGet.mockResolvedValue('invalid-json{{{');
    > 603 |       (queries.getCustomerSegmentation as jest.Mock).mockResolvedValue(mockSegmentData);
          |                                                      ^
      604 |
      605 |       const result = await service.getCustomerSegmentation(TEST_TENANT_ID);
      606 |

      at Object.mockResolvedValue (src/services/intelligence/customer/__tests__/service.test.ts:603:54)

  ΓùÅ CustomerIntelligenceService ΓÇ║ edge cases ΓÇ║ should include query timing in metadata

    TypeError: _queries.getCustomerSegmentation.mockResolvedValue is not a function

      612 |     it('should include query timing in metadata', async () => {
      613 |       mockCacheGet.mockResolvedValue(null);
    > 614 |       (queries.getCustomerSegmentation as jest.Mock).mockResolvedValue(mockSegmentData);
          |                                                      ^
      615 |
      616 |       const result = await service.getCustomerSegmentation(TEST_TENANT_ID);
      617 |

      at Object.mockResolvedValue (src/services/intelligence/customer/__tests__/service.test.ts:614:54)

  ΓùÅ CustomerIntelligenceService ΓÇ║ edge cases ΓÇ║ should handle RFM scores at boundaries

    TypeError: _queries.getCustomerSegmentation.mockResolvedValue is not a function

      630 |
      631 |       mockCacheGet.mockResolvedValue(null);
    > 632 |       (queries.getCustomerSegmentation as jest.Mock).mockResolvedValue(boundaryData);
          |                                                      ^
      633 |
      634 |       const result = await service.getCustomerSegmentation(TEST_TENANT_ID);
      635 |

      at Object.mockResolvedValue (src/services/intelligence/customer/__tests__/service.test.ts:632:54)

  ΓùÅ CustomerIntelligenceService ΓÇ║ edge cases ΓÇ║ should handle customers with no bookings

    TypeError: _queries.getCustomerSegmentation.mockResolvedValue is not a function

      648 |
      649 |       mockCacheGet.mockResolvedValue(null);
    > 650 |       (queries.getCustomerSegmentation as jest.Mock).mockResolvedValue(newCustomer);
          |                                                      ^
      651 |
      652 |       const result = await service.getCustomerSegmentation(TEST_TENANT_ID);
      653 |

      at Object.mockResolvedValue (src/services/intelligence/customer/__tests__/service.test.ts:650:54)

FAIL src/app/api/rules/__tests__/rules-api.test.ts
  ΓùÅ Rule Management API ΓÇ║ POST /api/rules ΓÇ║ should create a new rule successfully

    Failed to create test user: duplicate key value violates unique constraint "users_email_key"

      60 |
      61 |     if (userError) {
    > 62 |       throw new Error(`Failed to create test user: ${userError.message}`);
         |             ^
      63 |     }
      64 |     testUserId = user.id;
      65 |   }, 30000); // Increase timeout to 30 seconds

      at Object.<anonymous> (src/app/api/rules/__tests__/rules-api.test.ts:62:13)

  ΓùÅ Rule Management API ΓÇ║ POST /api/rules ΓÇ║ should validate required fields

    Failed to create test user: duplicate key value violates unique constraint "users_email_key"

      60 |
      61 |     if (userError) {
    > 62 |       throw new Error(`Failed to create test user: ${userError.message}`);
         |             ^
      63 |     }
      64 |     testUserId = user.id;
      65 |   }, 30000); // Increase timeout to 30 seconds

      at Object.<anonymous> (src/app/api/rules/__tests__/rules-api.test.ts:62:13)

  ΓùÅ Rule Management API ΓÇ║ POST /api/rules ΓÇ║ should validate provider enum

    Failed to create test user: duplicate key value violates unique constraint "users_email_key"

      60 |
      61 |     if (userError) {
    > 62 |       throw new Error(`Failed to create test user: ${userError.message}`);
         |             ^
      63 |     }
      64 |     testUserId = user.id;
      65 |   }, 30000); // Increase timeout to 30 seconds

      at Object.<anonymous> (src/app/api/rules/__tests__/rules-api.test.ts:62:13)

  ΓùÅ Rule Management API ΓÇ║ GET /api/rules ΓÇ║ should list all rules for tenant

    Failed to create test user: duplicate key value violates unique constraint "users_email_key"

      60 |
      61 |     if (userError) {
    > 62 |       throw new Error(`Failed to create test user: ${userError.message}`);
         |             ^
      63 |     }
      64 |     testUserId = user.id;
      65 |   }, 30000); // Increase timeout to 30 seconds

      at Object.<anonymous> (src/app/api/rules/__tests__/rules-api.test.ts:62:13)

  ΓùÅ Rule Management API ΓÇ║ GET /api/rules ΓÇ║ should filter by provider

    Failed to create test user: duplicate key value violates unique constraint "users_email_key"

      60 |
      61 |     if (userError) {
    > 62 |       throw new Error(`Failed to create test user: ${userError.message}`);
         |             ^
      63 |     }
      64 |     testUserId = user.id;
      65 |   }, 30000); // Increase timeout to 30 seconds

      at Object.<anonymous> (src/app/api/rules/__tests__/rules-api.test.ts:62:13)

  ΓùÅ Rule Management API ΓÇ║ GET /api/rules ΓÇ║ should filter by status

    Failed to create test user: duplicate key value violates unique constraint "users_email_key"

      60 |
      61 |     if (userError) {
    > 62 |       throw new Error(`Failed to create test user: ${userError.message}`);
         |             ^
      63 |     }
      64 |     testUserId = user.id;
      65 |   }, 30000); // Increase timeout to 30 seconds

      at Object.<anonymous> (src/app/api/rules/__tests__/rules-api.test.ts:62:13)

  ΓùÅ Rule Management API ΓÇ║ GET /api/rules/[ruleId] ΓÇ║ should get rule by ID

    Failed to create test user: duplicate key value violates unique constraint "users_email_key"

      60 |
      61 |     if (userError) {
    > 62 |       throw new Error(`Failed to create test user: ${userError.message}`);
         |             ^
      63 |     }
      64 |     testUserId = user.id;
      65 |   }, 30000); // Increase timeout to 30 seconds

      at Object.<anonymous> (src/app/api/rules/__tests__/rules-api.test.ts:62:13)

  ΓùÅ Rule Management API ΓÇ║ GET /api/rules/[ruleId] ΓÇ║ should get rule with version history via RPC

    Failed to create test user: duplicate key value violates unique constraint "users_email_key"

      60 |
      61 |     if (userError) {
    > 62 |       throw new Error(`Failed to create test user: ${userError.message}`);
         |             ^
      63 |     }
      64 |     testUserId = user.id;
      65 |   }, 30000); // Increase timeout to 30 seconds

      at Object.<anonymous> (src/app/api/rules/__tests__/rules-api.test.ts:62:13)

  ΓùÅ Rule Management API ΓÇ║ GET /api/rules/[ruleId] ΓÇ║ should return 404 for non-existent rule

    Failed to create test user: duplicate key value violates unique constraint "users_email_key"

      60 |
      61 |     if (userError) {
    > 62 |       throw new Error(`Failed to create test user: ${userError.message}`);
         |             ^
      63 |     }
      64 |     testUserId = user.id;
      65 |   }, 30000); // Increase timeout to 30 seconds

      at Object.<anonymous> (src/app/api/rules/__tests__/rules-api.test.ts:62:13)

  ΓùÅ Rule Management API ΓÇ║ PATCH /api/rules/[ruleId] ΓÇ║ should update rule metadata (no version increment)

    Failed to create test user: duplicate key value violates unique constraint "users_email_key"

      60 |
      61 |     if (userError) {
    > 62 |       throw new Error(`Failed to create test user: ${userError.message}`);
         |             ^
      63 |     }
      64 |     testUserId = user.id;
      65 |   }, 30000); // Increase timeout to 30 seconds

      at Object.<anonymous> (src/app/api/rules/__tests__/rules-api.test.ts:62:13)

  ΓùÅ Rule Management API ΓÇ║ PATCH /api/rules/[ruleId] ΓÇ║ should increment version when conditions change

    Failed to create test user: duplicate key value violates unique constraint "users_email_key"

      60 |
      61 |     if (userError) {
    > 62 |       throw new Error(`Failed to create test user: ${userError.message}`);
         |             ^
      63 |     }
      64 |     testUserId = user.id;
      65 |   }, 30000); // Increase timeout to 30 seconds

      at Object.<anonymous> (src/app/api/rules/__tests__/rules-api.test.ts:62:13)

  ΓùÅ Rule Management API ΓÇ║ PATCH /api/rules/[ruleId] ΓÇ║ should create version snapshot when rule changes

    Failed to create test user: duplicate key value violates unique constraint "users_email_key"

      60 |
      61 |     if (userError) {
    > 62 |       throw new Error(`Failed to create test user: ${userError.message}`);
         |             ^
      63 |     }
      64 |     testUserId = user.id;
      65 |   }, 30000); // Increase timeout to 30 seconds

      at Object.<anonymous> (src/app/api/rules/__tests__/rules-api.test.ts:62:13)

  ΓùÅ Rule Management API ΓÇ║ POST /api/rules/[ruleId]/test ΓÇ║ should test rule and save result

    Failed to create test user: duplicate key value violates unique constraint "users_email_key"

      60 |
      61 |     if (userError) {
    > 62 |       throw new Error(`Failed to create test user: ${userError.message}`);
         |             ^
      63 |     }
      64 |     testUserId = user.id;
      65 |   }, 30000); // Increase timeout to 30 seconds

      at Object.<anonymous> (src/app/api/rules/__tests__/rules-api.test.ts:62:13)

  ΓùÅ Rule Management API ΓÇ║ POST /api/rules/[ruleId]/test ΓÇ║ should calculate test statistics via RPC

    Failed to create test user: duplicate key value violates unique constraint "users_email_key"

      60 |
      61 |     if (userError) {
    > 62 |       throw new Error(`Failed to create test user: ${userError.message}`);
         |             ^
      63 |     }
      64 |     testUserId = user.id;
      65 |   }, 30000); // Increase timeout to 30 seconds

      at Object.<anonymous> (src/app/api/rules/__tests__/rules-api.test.ts:62:13)

  ΓùÅ Rule Management API ΓÇ║ GET /api/rules/[ruleId]/versions ΓÇ║ should get version history

    Failed to create test user: duplicate key value violates unique constraint "users_email_key"

      60 |
      61 |     if (userError) {
    > 62 |       throw new Error(`Failed to create test user: ${userError.message}`);
         |             ^
      63 |     }
      64 |     testUserId = user.id;
      65 |   }, 30000); // Increase timeout to 30 seconds

      at Object.<anonymous> (src/app/api/rules/__tests__/rules-api.test.ts:62:13)

  ΓùÅ Rule Management API ΓÇ║ GET /api/rules/[ruleId]/versions ΓÇ║ should order versions descending

    Failed to create test user: duplicate key value violates unique constraint "users_email_key"

      60 |
      61 |     if (userError) {
    > 62 |       throw new Error(`Failed to create test user: ${userError.message}`);
         |             ^
      63 |     }
      64 |     testUserId = user.id;
      65 |   }, 30000); // Increase timeout to 30 seconds

      at Object.<anonymous> (src/app/api/rules/__tests__/rules-api.test.ts:62:13)

  ΓùÅ Rule Management API ΓÇ║ POST /api/rules/[ruleId]/rollback ΓÇ║ should rollback to previous version

    Failed to create test user: duplicate key value violates unique constraint "users_email_key"

      60 |
      61 |     if (userError) {
    > 62 |       throw new Error(`Failed to create test user: ${userError.message}`);
         |             ^
      63 |     }
      64 |     testUserId = user.id;
      65 |   }, 30000); // Increase timeout to 30 seconds

      at Object.<anonymous> (src/app/api/rules/__tests__/rules-api.test.ts:62:13)

  ΓùÅ Rule Management API ΓÇ║ POST /api/rules/[ruleId]/rollback ΓÇ║ should not rollback to invalid version

    Failed to create test user: duplicate key value violates unique constraint "users_email_key"

      60 |
      61 |     if (userError) {
    > 62 |       throw new Error(`Failed to create test user: ${userError.message}`);
         |             ^
      63 |     }
      64 |     testUserId = user.id;
      65 |   }, 30000); // Increase timeout to 30 seconds

      at Object.<anonymous> (src/app/api/rules/__tests__/rules-api.test.ts:62:13)

  ΓùÅ Rule Management API ΓÇ║ POST /api/rules/approvals ΓÇ║ should submit rule for approval

    Failed to create test user: duplicate key value violates unique constraint "users_email_key"

      60 |
      61 |     if (userError) {
    > 62 |       throw new Error(`Failed to create test user: ${userError.message}`);
         |             ^
      63 |     }
      64 |     testUserId = user.id;
      65 |   }, 30000); // Increase timeout to 30 seconds

      at Object.<anonymous> (src/app/api/rules/__tests__/rules-api.test.ts:62:13)

  ΓùÅ Rule Management API ΓÇ║ POST /api/rules/approvals ΓÇ║ should list pending approvals via RPC

    Failed to create test user: duplicate key value violates unique constraint "users_email_key"

      60 |
      61 |     if (userError) {
    > 62 |       throw new Error(`Failed to create test user: ${userError.message}`);
         |             ^
      63 |     }
      64 |     testUserId = user.id;
      65 |   }, 30000); // Increase timeout to 30 seconds

      at Object.<anonymous> (src/app/api/rules/__tests__/rules-api.test.ts:62:13)

  ΓùÅ Rule Management API ΓÇ║ DELETE /api/rules/[ruleId] ΓÇ║ should archive rule (soft delete)

    Failed to create test user: duplicate key value violates unique constraint "users_email_key"

      60 |
      61 |     if (userError) {
    > 62 |       throw new Error(`Failed to create test user: ${userError.message}`);
         |             ^
      63 |     }
      64 |     testUserId = user.id;
      65 |   }, 30000); // Increase timeout to 30 seconds

      at Object.<anonymous> (src/app/api/rules/__tests__/rules-api.test.ts:62:13)

  ΓùÅ Rule Management API ΓÇ║ DELETE /api/rules/[ruleId] ΓÇ║ should not appear in active rules list

    Failed to create test user: duplicate key value violates unique constraint "users_email_key"

      60 |
      61 |     if (userError) {
    > 62 |       throw new Error(`Failed to create test user: ${userError.message}`);
         |             ^
      63 |     }
      64 |     testUserId = user.id;
      65 |   }, 30000); // Increase timeout to 30 seconds

      at Object.<anonymous> (src/app/api/rules/__tests__/rules-api.test.ts:62:13)

  ΓùÅ Rule Management API ΓÇ║ Tenant Isolation ΓÇ║ should not access rules from other tenants

    Failed to create test user: duplicate key value violates unique constraint "users_email_key"

      60 |
      61 |     if (userError) {
    > 62 |       throw new Error(`Failed to create test user: ${userError.message}`);
         |             ^
      63 |     }
      64 |     testUserId = user.id;
      65 |   }, 30000); // Increase timeout to 30 seconds

      at Object.<anonymous> (src/app/api/rules/__tests__/rules-api.test.ts:62:13)

FAIL src/__tests__/business-process/universal-demo.test.ts
  ΓùÅ Γ¡É Universal Business Process Demo ΓÇ║ Platform Capability Proof ΓÇ║ should process PROCUREMENT using policy composition

    expect(received).toBe(expected) // Object.is equality

    Expected: true
    Received: false

      206 |       // Assertions
      207 |       expect(['success', 'partial_success']).toContain(procurementResult.status);
    > 208 |       expect(procurementResult.result.valid).toBe(true);
          |                                              ^
      209 |       expect(procurementResult.result.requiredApprovers.length).toBeGreaterThan(0);
      210 |       expect(procurementResult.metadata.policyComposition.length).toBeGreaterThan(0);
      211 |       expect(procurementResult.totalExecutionTime).toBeLessThan(100);

      at Object.toBe (src/__tests__/business-process/universal-demo.test.ts:208:46)

  ΓùÅ Γ¡É Universal Business Process Demo ΓÇ║ Platform Capability Proof ΓÇ║ should prove SAME ENGINE runs DIFFERENT PROCESSES

    expect(received).toContain(expected) // indexOf

    Expected value: "BaseSalaryProvider:base-salary-eligibility"
    Received array: ["BaseSalaryProvider:base-salary", "CompensationProvider:session-commission"]

      338 |       const bookingPolicies = bookingResult.metadata.policyComposition;
      339 |       
    > 340 |       expect(payrollPolicies).toContain('BaseSalaryProvider:base-salary-eligibility');
          |                               ^
      341 |       expect(bookingPolicies).toContain('EligibilityPolicy:booking-eligibility');
      342 |       
      343 |       // NO OVERLAP = Different domains using same engine Γ£à

      at Object.toContain (src/__tests__/business-process/universal-demo.test.ts:340:31)

FAIL src/__tests__/e2e-partner-api-rate-limit.test.ts
  ΓùÅ E2E Partner API Rate Limit ΓÇ║ should enforce rate limiting for partner API

    TypeError: Cannot read properties of null (reading 'api_key')

      33 |       status: 'active',
      34 |     }).select('api_key').single();
    > 35 |     partnerApiKey = apiKey!.api_key;
         |                             ^
      36 |   });
      37 |
      38 |   it('should enforce rate limiting for partner API', async () => {

      at Object.api_key (src/__tests__/e2e-partner-api-rate-limit.test.ts:35:29)

FAIL src/__tests__/query-salary-actions.test.ts
  ΓùÅ getSalaryData query errors ΓÇ║ returns computed salary rows when all salary queries succeed

    TypeError: supabase.from(...).select(...).eq(...).eq(...).maybeSingle is not a function

      196 |       .eq('provider_key', 'kpi')
      197 |       .eq('tenant_id', tenantId)
    > 198 |       .maybeSingle();
          |        ^
      199 |
      200 |     let dynamicKpiTargetSessions = salaryConfig.kpi_target_sessions;
      201 |     if (kpiConfigData?.enabled && kpiConfigData.config) {

      at maybeSingle (src/modules/hr-salary/actions/query-salary-actions.ts:198:8)
      at Object.<anonymous> (src/__tests__/query-salary-actions.test.ts:169:20)

  ΓùÅ getSalaryData query errors ΓÇ║ does not default draft salary rows to full-month attendance when no attendance logs exist

    TypeError: supabase.from(...).select(...).eq(...).eq(...).maybeSingle is not a function

      196 |       .eq('provider_key', 'kpi')
      197 |       .eq('tenant_id', tenantId)
    > 198 |       .maybeSingle();
          |        ^
      199 |
      200 |     let dynamicKpiTargetSessions = salaryConfig.kpi_target_sessions;
      201 |     if (kpiConfigData?.enabled && kpiConfigData.config) {

      at maybeSingle (src/modules/hr-salary/actions/query-salary-actions.ts:198:8)
      at Object.<anonymous> (src/__tests__/query-salary-actions.test.ts:218:20)

  ΓùÅ getSalaryData query errors ΓÇ║ preserves saved non-draft salary amounts while showing live attendance days

    TypeError: supabase.from(...).select(...).eq(...).eq(...).maybeSingle is not a function

      196 |       .eq('provider_key', 'kpi')
      197 |       .eq('tenant_id', tenantId)
    > 198 |       .maybeSingle();
          |        ^
      199 |
      200 |     let dynamicKpiTargetSessions = salaryConfig.kpi_target_sessions;
      201 |     if (kpiConfigData?.enabled && kpiConfigData.config) {

      at maybeSingle (src/modules/hr-salary/actions/query-salary-actions.ts:198:8)
      at Object.<anonymous> (src/__tests__/query-salary-actions.test.ts:268:20)

  ΓùÅ getSalaryData query errors ΓÇ║ throws instead of returning an empty salary list when a required query fails

    expect(received).rejects.toThrow(expected)

    Expected substring: "[getSalaryData] users query failed: users query failed"
    Received message:   "supabase.from(...).select(...).eq(...).eq(...).maybeSingle is not a function"

          196 |       .eq('provider_key', 'kpi')
          197 |       .eq('tenant_id', tenantId)
        > 198 |       .maybeSingle();
              |        ^
          199 |
          200 |     let dynamicKpiTargetSessions = salaryConfig.kpi_target_sessions;
          201 |     if (kpiConfigData?.enabled && kpiConfigData.config) {

      at maybeSingle (src/modules/hr-salary/actions/query-salary-actions.ts:198:8)
      at Object.<anonymous> (src/__tests__/query-salary-actions.test.ts:287:5)
      at Object.toThrow (node_modules/expect/build/index.js:2155:20)
      at Object.toThrow (src/__tests__/query-salary-actions.test.ts:287:43)

FAIL src/__tests__/e2e-permission-branch-manager-scope.test.ts
  ΓùÅ E2E Branch Manager Scope (Permission Test) ΓÇ║ should restrict branch manager to their branch data only

    TypeError: Cannot read properties of null (reading 'id')

      31 |       tenant_id: testTenantId, name: 'Branch A', code: 'BRA', status: 'active',
      32 |     }).select('id').single();
    > 33 |     branchAId = branchA!.id;
         |                          ^
      34 |
      35 |     const { data: branchB } = await supabase.from('branches').insert({
      36 |       tenant_id: testTenantId, name: 'Branch B', code: 'BRB', status: 'active',

      at Object.id (src/__tests__/e2e-permission-branch-manager-scope.test.ts:33:26)

FAIL src/__tests__/e2e-negative-orphaned-data.test.ts
  ΓùÅ E2E Orphaned Data (Referential Integrity Test) ΓÇ║ should cascade delete session logs when booking is deleted

    TypeError: Cannot read properties of null (reading 'id')

      34 |       start_date: '2026-06-20', full_price: 5000000, status: 'booked',
      35 |     }).select('id').single();
    > 36 |     bookingId = booking!.id;
         |                          ^
      37 |
      38 |     await supabase.from('session_logs').insert([
      39 |       { booking_id: bookingId, session_number: 1, assigned_date: '2026-06-21', status: 'scheduled', tenant_id: testTenantId },

      at Object.id (src/__tests__/e2e-negative-orphaned-data.test.ts:36:26)

FAIL src/services/intelligence/operational/__tests__/service.test.ts
  ΓùÅ OperationalIntelligenceService ΓÇ║ Cache Hit Scenarios ΓÇ║ should return cached data on cache hit for getKtvPerformance

    TypeError: Cannot use 'in' operator to search for 'period' in undefined

      116 |   }
      117 |
    > 118 |   if ('period' in range && range.period) {
          |       ^
      119 |     return periodToDateRange(range.period);
      120 |   }
      121 |

      at parseDateRange (src/services/intelligence/shared/helpers.ts:118:7)
      at OperationalIntelligenceService.getKtvPerformance (src/services/intelligence/operational/service.ts:83:39)
      at Object.getKtvPerformance (src/services/intelligence/operational/__tests__/service.test.ts:160:36)

  ΓùÅ OperationalIntelligenceService ΓÇ║ Cache Key Construction ΓÇ║ should build correct cache key for KTV performance queries

    TypeError: Cannot use 'in' operator to search for 'period' in undefined

      116 |   }
      117 |
    > 118 |   if ('period' in range && range.period) {
          |       ^
      119 |     return periodToDateRange(range.period);
      120 |   }
      121 |

      at parseDateRange (src/services/intelligence/shared/helpers.ts:118:7)
      at OperationalIntelligenceService.getKtvPerformance (src/services/intelligence/operational/service.ts:83:39)
      at Object.getKtvPerformance (src/services/intelligence/operational/__tests__/service.test.ts:206:21)

  ΓùÅ OperationalIntelligenceService ΓÇ║ Cache Error Resilience ΓÇ║ should handle cache read errors gracefully (log warning, continue)

    expect(jest.fn()).toHaveBeenCalled()

    Expected number of calls: >= 1
    Received number of calls:    0

      305 |
      306 |       // Verify cache was attempted
    > 307 |       expect(mockCache.get).toHaveBeenCalled();
          |                             ^
      308 |     });
      309 |   });
      310 | });

      at Object.toHaveBeenCalled (src/services/intelligence/operational/__tests__/service.test.ts:307:29)

FAIL src/__tests__/payment-business-rule-audit.test.ts
  ΓùÅ payment business rule audit ΓÇ║ keeps high-risk percent and integer inputs routed through shared numeric helpers

    expect(received).not.toMatch(expected)

    Expected pattern: not /parseInt\(/
    Received string:      "'use client';

    import VietQRPaymentModal from '@/components/features/VietQRPaymentModal';
    import { PremiumSelect } from '@/components/ui/PremiumSelect';
    import { useTenantModuleKey } from '@/hooks/useTenantModuleKey';
    import {
      calculateBookingPaymentState,
      calculatePaymentRequest,
      normalizeDiscountPercent,
      type PaymentRevenueLike,
    } from '@/lib/business-rules/payment';
    import { getTenantModulePresentationOrNeutral } from '@/lib/business-rules/tenant-module-presentation';
    import { formatMoneyInput, getLocalDateString, parseMoneyInput } from '@bella/shared';
    import { cn, formatNumberWithSeparator, parseIntegerInput } from '@/lib/utils';;
    import { createBooking,getBookingDetailsWithPayment,getDraftBooking,getPackages as getScopedPackages } from '@/core/services/order';
    import { getCustomers as getScopedCustomers } from '@/services/customer-actions';
    import { getUsers } from '@/services/user-actions';
    import type { Database } from '@/types/database.types';
    import { AnimatePresence,motion } from 'framer-motion';
    import {
    ArrowLeft,
    Calendar,
    CheckCircle2,
    ChevronRight,
    CreditCard,
    Loader2,
    Package,
    Phone,
    Plus,
    Search,
    Tag,
    User,
    X
    } from 'lucide-react';
    import { useEffect,useState } from 'react';
    import { toast } from 'sonner';

    type CustomerRow = Database['public']['Tables']['customers']['Row'];
    type PackageRow = Database['public']['Tables']['packages']['Row'];
    type UserRow = Database['public']['Tables']['users']['Row'];
    type TenantBankInfo = Pick<
      Database['public']['Tables']['tenants']['Row'],
      'qr_bank_code' | 'qr_account_number' | 'qr_account_name' | 'name'
    >;
    type DraftBooking = Awaited<ReturnType<typeof getDraftBooking>>;
    type BookingSubmitPayload = Parameters<typeof createBooking>[0];

    function getErrorMessage(error: unknown, fallback = 'Kh├┤ng r├╡ nguy├¬n nh├ón. Kiß╗âm tra console ─æß╗â biß║┐t th├¬m.') {
      return error instanceof Error ? error.message : fallback;
    }

    interface BookingModalProps {
      isOpen: boolean;
      onClose: () => void;
      onSuccess?: () => void;
      preselectedCustomer?: CustomerRow | null;
    }

    export function BookingModal({ isOpen, onClose, onSuccess, preselectedCustomer }: BookingModalProps) {
      const [step, setStep] = useState(1);
      const [mode, setMode] = useState<'search' | 'new'>('search');
      const [searchQuery, setSearchQuery] = useState('');
      const [customers, setCustomers] = useState<CustomerRow[]>([]);
      const [filteredCustomers, setFilteredCustomers] = useState<CustomerRow[]>([]);
      const [selectedCustomer, setSelectedCustomer] = useState<CustomerRow | null>(null);
      const [isLoading, setIsLoading] = useState(false);
      const [isSubmitting, setIsSubmitting] = useState(false);
      const { tenantModuleKey, refreshTenantModuleKey } = useTenantModuleKey();
      const customerLabels = getTenantModulePresentationOrNeutral(tenantModuleKey);

      // VietQR deposit states
      const [showQrModal, setShowQrModal] = useState(false);
      const [qrModalData, setQrModalData] = useState<{ bookingNumber: string; amount: number; tenantInfo: TenantBankInfo | null } | null>(null);

      const handleCloseQrModal = () => {
        setShowQrModal(false);
        if (onSuccess) {
          onSuccess();
        } else {
          onClose();
        }
      };

      const [newCustomer, setNewCustomer] = useState({
        name_mother: '',
        phone: '',
        address: '',
      });

      const [ktvs, setKtvs] = useState<Pick<UserRow, 'id' | 'full_name'>[]>([]);
      const [packages, setPackages] = useState<PackageRow[]>([]);
      const [draftBooking, setDraftBooking] = useState<DraftBooking>(null);
      const [discountPercent, setDiscountPercent] = useState<string>('');

      const [formData, setFormData] = useState({
        package_id: '',
        package_name: '',
        full_price: 0,
        deposit_amount: 0,
        total_sessions: 21,
        start_date: getLocalDateString(),
        preferred_time: '08:00',
        assigned_ktv_id: '',
      });

      async function fetchPackages() {
        try {
          const data = await getScopedPackages();
          setPackages(data || []);
        } catch (error) {
          console.error('Error fetching packages:', error);
          toast.error('Kh├┤ng thß╗â tß║úi g├│i dß╗ïch vß╗Ñ theo ph├ón hß╗ç');
        }
      }

      async function fetchKtvs() {
        try {
          const data = await getUsers();
          setKtvs(
            data
              .filter((user) => user.role === 'ktv' && user.status === 'active')
              .map((user) => ({ id: user.id, full_name: user.full_name }))
              .sort((a, b) => a.full_name.localeCompare(b.full_name))
          );
        } catch (error) {
          console.error('Error fetching KTVs:', error);
        }
      }

      async function fetchCustomers() {
        setIsLoading(true);
        try {
          const data = await getScopedCustomers();
          const activeCustomers = (data || [])
            .filter((customer) => customer.status === 'active')
            .sort((a, b) => (a.name_mother || '').localeCompare(b.name_mother || ''));
          setCustomers(activeCustomers);
          setFilteredCustomers(activeCustomers);
        } catch (error) {
          console.error('Error fetching customers:', error);
          toast.error('Kh├┤ng thß╗â tß║úi danh s├ích kh├ích h├áng');
        } finally {
          setIsLoading(false);
        }
      }

      useEffect(() => {
        if (isOpen) {
          if (preselectedCustomer) {
            setSelectedCustomer(preselectedCustomer);
            setStep(2);
            setMode('search');
          } else {
            setStep(1);
            setMode('search');
            setSelectedCustomer(null);
          }
          setSearchQuery('');
          setNewCustomer({ name_mother: '', phone: '', address: '' });
          setDiscountPercent('');
          void refreshTenantModuleKey();
          fetchCustomers();
          fetchKtvs();
          fetchPackages();
        }
      }, [isOpen, preselectedCustomer, refreshTenantModuleKey]);

      // Load draft booking when customer is selected
      useEffect(() => {
        if (selectedCustomer?.id) {
          const loadDraft = async () => {
            let draft: DraftBooking = null;
            try {
              draft = await getDraftBooking(selectedCustomer.id);
            } catch (error) {
              console.error('Error loading draft booking:', error);
              toast.error('Khong the tai booking nhap cua khach hang');
              setDraftBooking(null);
              return;
            }

            if (draft) {
              const draftPaymentState = calculateBookingPaymentState({
                fullPrice: draft.full_price || 0,
                discountPercent: draft.discount_percent || 0,
                depositAmount: draft.deposit_amount || 0,
                bookingStatus: draft.status,
                revenues: draft.revenue,
              });
              const draftDepositAmount = draftPaymentState.totalPaid;
              setDraftBooking(draft);
              // Pre-fill form data if draft exists
              setFormData(prev => ({
                ...prev,
                package_name: draft.package_name || '',
                full_price: draft.full_price || 0,
                deposit_amount: 0,
                total_sessions: draft.total_sessions || 21,
                start_date: draft.start_date || prev.start_date,
                preferred_time: draft.preferred_time || prev.preferred_time,
                assigned_ktv_id: draft.assigned_ktv_id || '',
              }));
              setDiscountPercent(draft.discount_percent ? String(draft.discount_percent) : '');
              
              if (draft.package_name) {
                toast.success(`─É├ú tß╗▒ ─æß╗Öng nß║íp th├┤ng tin g├│i \"${draft.package_name}\" v├á sß╗æ tiß╗ün cß╗ìc c┼⌐.`);
              } else if (draftDepositAmount > 0) {
                toast.info(`Kh├ích h├áng c├│ sß╗æ tiß╗ün cß╗ìc chß╗¥: ${formatNumberWithSeparator(draftDepositAmount)}─æ. Vui l├▓ng chß╗ìn g├│i dß╗ïch vß╗Ñ.`);
              }
            } else {
              setDraftBooking(null);
              // Clear if no draft (unless it was already set by user selection)
              if (step === 1) {
                setFormData({
                  package_id: '',
                  package_name: '',
                  full_price: 0,
                  deposit_amount: 0,
                  total_sessions: 21,
                  start_date: getLocalDateString(),
                  preferred_time: '08:00',
                  assigned_ktv_id: '',
                });
                setDiscountPercent('');
              }
            }
          };
          loadDraft();
        }
      }, [selectedCustomer, step]);


      useEffect(() => {
        if (searchQuery.trim() === '') {
          setFilteredCustomers(customers);
        } else {
          const query = searchQuery.toLowerCase();
          setFilteredCustomers(
            customers.filter(c => 
              c.name_mother?.toLowerCase().includes(query) || 
              c.phone?.includes(query)
            )
          );
        }
      }, [searchQuery, customers]);

      const handleSelectService = (pkg: PackageRow) => {
        const pkgPrice = Number(pkg.price || pkg.full_price || 0);

        setFormData({
          ...formData,
          package_id: pkg.id,
          package_name: pkg.name,
          full_price: pkgPrice,
          total_sessions: parseIntegerInput(pkg.total_sessions, { min: 1, max: 100, fallback: 10 })
        });
      };

      const handleDiscountChange = (e: React.ChangeEvent<HTMLInputElement>) => {
        const val = e.target.value.trim();
        if (val === '') {
          setDiscountPercent('');
          return;
        }

        const numericValue = Number(val);
        if (Number.isFinite(numericValue)) {
          setDiscountPercent(String(normalizeDiscountPercent(numericValue)));
        }
      };

      const handleSubmit = async () => {
        if (isSubmitting) return;

        const isCustomerSelected = mode === 'new' 
          ? (newCustomer.name_mother && newCustomer.phone)
          : selectedCustomer;

        if (!isCustomerSelected) {
          toast.error('Vui l├▓ng chß╗ìn kh├ích h├áng');
          return;
        }

        if (!formData.package_name) {
          toast.error('Vui l├▓ng chß╗ìn g├│i dß╗ïch vß╗Ñ');
          return;
        }

        setIsSubmitting(true);
        try {
          const payload: BookingSubmitPayload = {
            ...formData,
            discount_percent: normalizeDiscountPercent(discountPercent),
            customer_id: mode === 'new' ? 'new' : selectedCustomer?.id || '',
          };

          if (mode === 'new') {
            payload.newCustomer = {
              ...newCustomer,
              address: newCustomer.address || 'Ch╞░a cß║¡p nhß║¡t'
            };
          }

          // Create the booking (atomic customer + booking if mode === 'new')
          const result = await createBooking(payload);

          console.log('[BookingModal] createBooking result:', result);

          if (result?.error) {
            toast.error('Lß╗ùi tß║ío lß╗ïch hß║╣n: ' + result.error);
          } else {
            const booking = result?.data;
            if (booking && booking.status === 'deposit_pending' && Number(booking.deposit_amount || 0) > 0) {
              toast.success('Tß║ío lß╗ïch hß║╣n th├ánh c├┤ng! ─Éang tß║úi m├ú QR ─æß║╖t cß╗ìc...');
              try {
                const payDetails = await getBookingDetailsWithPayment(booking.id);
                if (payDetails.data) {
                  const paymentRequest = calculatePaymentRequest({
                    fullPrice: payDetails.data.full_price,
                    discountPercent: payDetails.data.discount_percent,
                    depositAmount: payDetails.data.deposit_amount,
                    bookingStatus: payDetails.data.status,
                    revenues: payDetails.data.revenue,
                    selectedTab: 'deposit',
                  });
                  if (paymentRequest.amountToPay > 0) {
                    setQrModalData({
                      bookingNumber: payDetails.data.booking_number,
                      amount: paymentRequest.amountToPay,
                      tenantInfo: payDetails.data.tenants || null
                    });
                    setShowQrModal(true);
                    return; // Dß╗½ng ß╗ƒ ─æ├óy ─æß╗â hiß╗ân thß╗ï modal QR, kh├┤ng ─æ├│ng BookingModal hay gß╗ìi onSuccess ngay lß║¡p tß╗⌐c
                  }
                }
              } catch (err) {
                console.error(\"Error loading deposit QR:\", err);
              }
            }

            toast.success('Tß║ío lß╗ïch hß║╣n th├ánh c├┤ng!');
            if (onSuccess) {
              await onSuccess();
            } else {
              onClose();
            }
          }
        } catch (error: unknown) {
          console.error('[BookingModal] Exception in handleSubmit:', error);
          toast.error('Lß╗ùi: ' + getErrorMessage(error));
        } finally {
          setIsSubmitting(false);
        }
      };

      const selectedDiscountPercent = normalizeDiscountPercent(discountPercent);
      const existingConfirmedPaidAmount = draftBooking
        ? calculateBookingPaymentState({
            fullPrice: draftBooking.full_price || 0,
            discountPercent: selectedDiscountPercent,
            depositAmount: draftBooking.deposit_amount || 0,
            bookingStatus: draftBooking.status,
            revenues: draftBooking.revenue,
          }).totalPaid
        : 0;
      const previewPaymentState = calculateBookingPaymentState({
        fullPrice: formData.full_price,
        discountPercent: selectedDiscountPercent,
        depositAmount: 0,
        bookingStatus: draftBooking?.status,
        revenues: [
          ...((draftBooking?.revenue || []) as PaymentRevenueLike[]),
          ...(formData.deposit_amount > 0
            ? [{ amount: formData.deposit_amount, status: 'confirmed', revenue_type: 'deposit' }]
            : []),
        ],
      });
      const previewDiscountAmount = Math.max(0, formData.full_price - previewPaymentState.priceAfterDiscount);

      if (!isOpen) return null;

      return (
        <>
          <AnimatePresence>
          <div className=\"fixed inset-0 z-[100] flex items-center justify-center p-4\">
            <motion.div 
              initial={{ opacity: 0 }}
              animate={{ opacity: 1 }}
              exit={{ opacity: 0 }}
              onClick={onClose}
              className=\"absolute inset-0 bg-[#1A0A0E]/70 backdrop-blur-sm\"
            />
            
            <motion.div 
              initial={{ scale: 0.9, opacity: 0, y: 20 }}
              animate={{ scale: 1, opacity: 1, y: 0 }}
              exit={{ scale: 0.9, opacity: 0, y: 20 }}
              className=\"relative w-full max-w-2xl bg-white rounded-[2.5rem] shadow-2xl overflow-hidden border border-white\"
            >
              {/* Header */}
              <div className=\"p-8 border-b border-slate-100 flex items-center justify-between bg-white\">
                <div className=\"flex items-center gap-4\">
                  {step === 2 && (
                    <button 
                      onClick={() => setStep(1)}
                      className=\"p-2 hover:bg-slate-50 rounded-xl transition-colors text-slate-400 hover:text-primary\"
                    >
                      <ArrowLeft className=\"w-5 h-5\" />
                    </button>
                  )}
                  <div>
                    <h2 className=\"text-2xl font-black text-slate-900 uppercase tracking-tight\">
                      {step === 1 ? 'Chß╗ìn kh├ích h├áng' : 'Th├┤ng tin lß╗ïch hß║╣n'}
                    </h2>
                    <p className=\"text-sm text-slate-500 font-bold\">B╞░ß╗¢c {step} / 2</p>
                  </div>
                </div>
                <button 
                  onClick={onClose}
                  className=\"p-3 hover:bg-rose-50 rounded-2xl transition-all text-slate-400 hover:text-rose-500 group\"
                >
                  <X className=\"w-6 h-6 group-hover:rotate-90 transition-transform\" />
                </button>
              </div>

              <div className=\"p-8 max-h-[70vh] overflow-y-auto\">
                {step === 1 ? (
                  <div className=\"space-y-6\">
                    {/* Mode Toggle */}
                    <div className=\"flex p-1.5 bg-slate-100 rounded-2xl\">
                      <button 
                        onClick={() => setMode('search')}
                        className={cn(
                          \"flex-1 py-3 rounded-xl font-black text-sm transition-all flex items-center justify-center gap-2\",
                          mode === 'search' ? \"bg-white text-primary shadow-sm\" : \"text-slate-500 hover:text-slate-700\"
                        )}
                      >
                        <Search className=\"w-4 h-4\" /> Kh├ích c┼⌐
                      </button>
                      <button 
                        onClick={() => setMode('new')}
                        className={cn(
                          \"flex-1 py-3 rounded-xl font-black text-sm transition-all flex items-center justify-center gap-2\",
                          mode === 'new' ? \"bg-white text-primary shadow-sm\" : \"text-slate-500 hover:text-slate-700\"
                        )}
                      >
                        <Plus className=\"w-4 h-4\" /> Kh├ích mß╗¢i
                      </button>
                    </div>

                    {mode === 'search' ? (
                      <>
                        {/* Search */}
                        <div className=\"relative group\">
                          <Search className=\"absolute left-4 top-1/2 -translate-y-1/2 text-slate-400 group-focus-within:text-primary transition-colors w-5 h-5\" />
                          <input 
                            type=\"text\" 
                            placeholder={`T├¼m theo ${customerLabels.primaryNameLabel.toLowerCase()} hoß║╖c sß╗æ ─æiß╗çn thoß║íi...`}
                            value={searchQuery}
                            onChange={(e) => setSearchQuery(e.target.value)}
                            className=\"w-full pl-12 pr-6 py-4 bg-slate-50 border border-slate-100 rounded-2xl focus:ring-4 focus:ring-primary/10 focus:border-primary outline-none transition-all font-bold\"
                            autoFocus
                          />
                        </div>

                        {/* Customer List */}
                        <div className=\"space-y-3\">
                          {isLoading ? (
                            <div className=\"py-20 text-center\">
                              <Loader2 className=\"w-10 h-10 text-primary animate-spin mx-auto mb-4\" />
                              <p className=\"text-slate-500 font-bold\">─Éang tß║úi danh s├ích...</p>
                            </div>
                          ) : filteredCustomers.length > 0 ? (
                            filteredCustomers.map((customer) => (
                              <button
                                key={customer.id}
                                onClick={() => {
                                  setSelectedCustomer(customer);
                                  setStep(2);
                                }}
                                className=\"w-full flex items-center justify-between p-5 rounded-[1.5rem] border border-slate-100 hover:border-primary hover:bg-primary/5 transition-all group text-left\"
                              >
                                <div className=\"flex items-center gap-4\">
                                  <div className=\"w-12 h-12 bg-slate-100 rounded-xl flex items-center justify-center text-slate-500 group-hover:bg-primary/20 group-hover:text-primary transition-colors\">
                                    <User className=\"w-6 h-6\" />
                                  </div>
                                  <div>
                                    <h4 className=\"font-black text-slate-900 group-hover:text-primary transition-colors\">{customer.name_mother}</h4>
                                    <p className=\"text-sm text-slate-500 font-bold flex items-center gap-2\">
                                      <Phone className=\"w-4 h-4\" /> {customer.phone}
                                    </p>
                                  </div>
                                </div>
                                <ChevronRight className=\"w-5 h-5 text-slate-300 group-hover:text-primary group-hover:translate-x-1 transition-all\" />
                              </button>
                            ))
                          ) : (
                            <div className=\"py-12 text-center bg-slate-50 rounded-3xl border border-dashed border-slate-200\">
                              <p className=\"text-slate-400 font-bold italic mb-4\">Kh├┤ng t├¼m thß║Ñy kh├ích h├áng</p>
                              <button 
                                onClick={() => setMode('new')}
                                className=\"px-6 py-3 bg-white border border-primary text-primary rounded-xl font-black hover:bg-primary hover:text-white transition-all flex items-center gap-2 mx-auto\"
                              >
                                <Plus className=\"w-5 h-5\" /> Th├¬m kh├ích h├áng mß╗¢i
                              </button>
                            </div>
                          )}
                        </div>
                      </>
                    ) : (
                      <div className=\"space-y-5 animate-in fade-in slide-in-from-bottom-2 duration-300\">
                        <div className=\"space-y-2\">
                          <label className=\"text-xs font-black text-slate-400 uppercase tracking-widest flex items-center gap-2\">
                            <User className=\"w-4 h-4\" /> {customerLabels.primaryNameLabel}
                          </label>
                          <input 
                            type=\"text\" 
                            placeholder={customerLabels.primaryNamePlaceholder}
                            value={newCustomer.name_mother}
                            onChange={(e) => setNewCustomer({...newCustomer, name_mother: e.target.value})}
                            className=\"w-full px-5 py-4 bg-slate-50 border border-slate-100 rounded-2xl focus:border-primary outline-none font-bold\"
                          />
                        </div>
                        <div className=\"space-y-2\">
                          <label className=\"text-xs font-black text-slate-400 uppercase tracking-widest flex items-center gap-2\">
                            <Phone className=\"w-4 h-4\" /> Sß╗æ ─æiß╗çn thoß║íi
                          </label>
                          <input 
                            type=\"text\" 
                            placeholder=\"Nhß║¡p sß╗æ ─æiß╗çn thoß║íi...\" 
                            value={newCustomer.phone}
                            onChange={(e) => setNewCustomer({...newCustomer, phone: e.target.value})}
                            className=\"w-full px-5 py-4 bg-slate-50 border border-slate-100 rounded-2xl focus:border-primary outline-none font-bold\"
                          />
                        </div>
                        <div className=\"space-y-2\">
                          <label className=\"text-xs font-black text-slate-400 uppercase tracking-widest flex items-center gap-2\">
                            <Search className=\"w-4 h-4\" /> ─Éß╗ïa chß╗ë
                          </label>
                          <input 
                            type=\"text\" 
                            placeholder=\"Nhß║¡p ─æß╗ïa chß╗ë...\" 
                            value={newCustomer.address}
                            onChange={(e) => setNewCustomer({...newCustomer, address: e.target.value})}
                            className=\"w-full px-5 py-4 bg-slate-50 border border-slate-100 rounded-2xl focus:border-primary outline-none font-bold\"
                          />
                        </div>
                      </div>
                    )}
                  </div>
                ) : (
                  <div className=\"space-y-8\">
                    {/* Selected Customer Summary */}
                    <div className=\"flex items-center gap-4 p-5 bg-primary/5 rounded-3xl border border-primary/10\">
                      <div className=\"w-12 h-12 bg-primary/20 rounded-xl flex items-center justify-center text-primary\">
                        <User className=\"w-6 h-6\" />
                      </div>
                      <div>
                        <h4 className=\"font-black text-slate-900\">
                          {mode === 'new' ? newCustomer.name_mother : selectedCustomer?.name_mother}
                        </h4>
                        <p className=\"text-sm text-slate-500 font-bold\">
                          {mode === 'new' ? newCustomer.phone : selectedCustomer?.phone}
                        </p>
                      </div>
                      {mode === 'new' && (
                        <span className=\"ml-auto bg-primary/10 text-primary text-[10px] px-2 py-1 rounded-full font-black uppercase\">Mß╗¢i</span>
                      )}
                    </div>

                    {/* Service Selection */}
                    <div className=\"space-y-4\">
                      <label className=\"text-xs font-black text-slate-400 uppercase tracking-widest flex items-center gap-2\">
                        <Package className=\"w-4 h-4\" /> Chß╗ìn g├│i dß╗ïch vß╗Ñ
                      </label>
                      <div className=\"grid grid-cols-1 md:grid-cols-2 gap-3\">
                        {packages.map((pkg) => (
                          <button
                            key={pkg.id}
                            onClick={() => handleSelectService(pkg)}
                            className={cn(
                              \"p-4 rounded-2xl border text-left transition-all relative group\",
                              formData.package_id === pkg.id 
                                ? \"border-primary bg-primary/5 shadow-lg shadow-primary/5\" 
                                : \"border-slate-100 hover:border-primary/50\"
                            )}
                          >
                            {(formData.package_id === pkg.id || formData.package_name === pkg.name) && (
                              <CheckCircle2 className=\"absolute top-3 right-3 w-5 h-5 text-primary\" />
                            )}
                            <h5 className=\"font-black text-slate-900 group-hover:text-primary transition-colors\">{pkg.name}</h5>
                            <p className=\"text-xs text-slate-500 font-bold mt-1\">{pkg.total_sessions} buß╗òi - {formatNumberWithSeparator(pkg.price || pkg.full_price || 0)}─æ</p>
                          </button>
                        ))}
                        {packages.length === 0 && !isLoading && (
                          <p className=\"col-span-2 text-center py-4 text-slate-400 italic font-bold\">
                            Ch╞░a c├│ dß╗» liß╗çu g├│i dß╗ïch vß╗Ñ trong hß╗ç thß╗æng.
                          </p>
                        )}
                      </div>
                    </div>

                    {/* KTV & Date Form */}
                    <div className=\"grid grid-cols-1 md:grid-cols-2 gap-6\">
                      <div className=\"space-y-2\">
                        <label className=\"text-xs font-black text-slate-400 uppercase tracking-widest flex items-center gap-2\">
                          <User className=\"w-4 h-4\" /> Kß╗╣ thuß║¡t vi├¬n phß╗Ñ tr├ích
                        </label>
                        <div className=\"relative\">
                          <PremiumSelect 
                            value={formData.assigned_ktv_id}
                            options={[
                              { value: '', label: 'Ch╞░a ph├ón c├┤ng' },
                              ...ktvs.map(k => ({ value: k.id, label: k.full_name }))
                            ]}
                            onChange={(val) => setFormData({...formData, assigned_ktv_id: val})}
                            className=\"w-full\"
                          />
                        </div>
                      </div>
                      <div className=\"space-y-2\">
                        <label className=\"text-xs font-black text-slate-400 uppercase tracking-widest flex items-center gap-2\">
                          <Calendar className=\"w-4 h-4\" /> Ng├áy bß║»t ─æß║ºu
                        </label>
                        <input 
                          type=\"date\" 
                          value={formData.start_date}
                          min={getLocalDateString()}
                          onChange={(e) => setFormData({...formData, start_date: e.target.value})}
                          className=\"w-full px-5 py-4 bg-slate-50 border border-slate-100 rounded-2xl focus:border-primary outline-none font-bold text-sm\"
                        />
                      </div>
                      <div className=\"space-y-2\">
                        <label className=\"text-xs font-black text-slate-400 uppercase tracking-widest flex items-center gap-2\">
                          <Calendar className=\"w-4 h-4\" /> Giß╗¥ l├ám mß║╖c ─æß╗ïnh
                        </label>
                        <input 
                          type=\"time\" 
                          value={formData.preferred_time}
                          onChange={(e) => setFormData({...formData, preferred_time: e.target.value})}
                          className=\"w-full px-5 py-4 bg-slate-50 border border-slate-100 rounded-2xl focus:border-primary outline-none font-bold text-sm\"
                        />
                      </div>
                    </div>

                    <div className=\"grid grid-cols-1 md:grid-cols-2 gap-6\">
                      <div className=\"space-y-2\">
                        <label className=\"text-xs font-black text-slate-400 uppercase tracking-widest flex items-center gap-2\">
                          <Package className=\"w-4 h-4\" /> Sß╗æ buß╗òi liß╗çu tr├¼nh
                        </label>
                        <div className=\"relative\">
                          <input 
                            type=\"number\" 
                            min=\"1\"
                            max=\"100\"
                            value={formData.total_sessions}
                            onChange={(e) => setFormData({...formData, total_sessions: parseIntegerInput(e.target.value, { min: 1, max: 100, fallback: 1 })})}
                            className=\"w-full px-5 py-4 bg-slate-50 border border-slate-100 rounded-2xl focus:border-primary outline-none font-bold text-sm\"
                          />
                        </div>
                      </div>

                    <div className=\"space-y-2\">
                      <label className=\"text-xs font-black text-slate-400 uppercase tracking-widest flex items-center gap-2\">
                        <CreditCard className=\"w-4 h-4\" /> Tiß╗ün ─æß║╖t cß╗ìc bß╗ò sung (VN─É) {existingConfirmedPaidAmount > 0 && <span className=\"text-primary normal-case\">(─É├ú cß╗ìc tr╞░ß╗¢c: {formatNumberWithSeparator(existingConfirmedPaidAmount)}─æ)</span>}
                      </label>
                      <div className=\"relative\">
                        <input 
                          type=\"text\" 
                          placeholder=\"0\"
                          value={formatMoneyInput(formData.deposit_amount)}
                          onChange={(e) => {
                            setFormData({...formData, deposit_amount: parseMoneyInput(e.target.value)});
                          }}
                          className=\"w-full pl-5 pr-12 py-4 bg-slate-50 border border-slate-100 rounded-2xl focus:border-primary outline-none font-bold\"
                        />
                        <span className=\"absolute right-5 top-1/2 -translate-y-1/2 text-slate-400 font-bold\">─æ</span>
                      </div>
                      </div>
                    </div>

                    <div className=\"space-y-2 mb-6\">
                      <label className=\"text-xs font-black text-slate-400 uppercase tracking-widest flex items-center gap-2\">
                        <Tag className=\"w-4 h-4\" /> ╞»u ─æ├úi giß║úm gi├í (%)
                      </label>
                      <div className=\"relative\">
                        <input 
                          type=\"number\" 
                          placeholder=\"0\"
                          min=\"0\"
                          max=\"100\"
                          value={discountPercent}
                          onChange={handleDiscountChange}
                          className=\"w-full pl-5 pr-12 py-4 bg-slate-50 border border-slate-100 rounded-2xl focus:border-primary outline-none font-bold\"
                        />
                        <span className=\"absolute right-5 top-1/2 -translate-y-1/2 text-slate-400 font-bold\">%</span>
                      </div>
                    </div>

                    {/* Pricing Summary */}
                    <div className=\"p-6 luxury-card-pink rounded-[2rem]\">
                      <div className=\"flex justify-between items-center mb-4 opacity-70\">
                        <span className=\"font-bold\">Tß╗òng tiß╗ün g├│i</span>
                        <span className=\"font-bold\">{formatNumberWithSeparator(formData.full_price)}─æ</span>
                      </div>
                      {selectedDiscountPercent > 0 && (
                        <div className=\"flex justify-between items-center mb-4 opacity-70\">
                          <span className=\"font-bold\">Khuyß║┐n m├úi giß║úm gi├í ({discountPercent}%)</span>
                          <span className=\"font-bold text-rose-300\">-{formatNumberWithSeparator(previewDiscountAmount)}─æ</span>
                        </div>
                      )}
                      <div className=\"flex justify-between items-center mb-4 opacity-70\">
                        <span className=\"font-bold\">Tiß╗ün ─æ├ú ─æß║╖t cß╗ìc (Tß╗òng)</span>
                        <span className=\"font-bold\">-{formatNumberWithSeparator(previewPaymentState.totalPaid)}─æ</span>
                      </div>
                      <div className=\"flex justify-between items-center pt-4 border-t border-white/10\">
                        <span className=\"font-bold\">Cß║ºn thanh to├ín th├¬m</span>
                        <span className=\"text-2xl font-bold text-primary\">
                          {formatNumberWithSeparator(previewPaymentState.remainingDebt)}─æ
                        </span>
                      </div>
                    </div>
                  </div>
                )}
              </div>

              {/* Footer */}
              <div className=\"p-8 border-t border-slate-100 bg-slate-50/50 flex gap-4\">
                <button 
                  onClick={onClose}
                  className=\"flex-1 px-8 py-4 bg-white border border-slate-200 text-slate-600 rounded-2xl font-black hover:bg-slate-50 transition-all uppercase tracking-widest active:scale-95\"
                >
                  Hß╗ºy
                </button>
                <button 
                  disabled={
                    (step === 1 && mode === 'search') || 
                    (step === 1 && mode === 'new' && (!newCustomer.name_mother || !newCustomer.phone)) ||
                    (step === 2 && (!formData.package_name || isSubmitting))
                  }
                  onClick={() => {
                    if (step === 1) setStep(2);
                    else handleSubmit();
                  }}
                  className={cn(
                    \"flex-1 px-8 py-4 bg-primary text-white rounded-2xl font-black transition-all shadow-xl shadow-primary/20 uppercase tracking-widest active:scale-95 flex items-center justify-center gap-3\",
                    ((step === 1 && mode === 'search') || 
                     (step === 1 && mode === 'new' && (!newCustomer.name_mother || !newCustomer.phone)) ||
                     (step === 2 && (!formData.package_name || isSubmitting))) && \"opacity-50 cursor-not-allowed grayscale\"
                  )}
                >
                  {isSubmitting ? (
                    <Loader2 className=\"w-5 h-5 animate-spin\" />
                  ) : step === 1 ? (
                    <ChevronRight className=\"w-5 h-5\" />
                  ) : (
                    <CheckCircle2 className=\"w-5 h-5\" />
                  )}
                  {isSubmitting ? '─Éang l╞░u...' : step === 1 ? 'Tiß║┐p tß╗Ñc' : 'X├íc nhß║¡n tß║ío'}
                </button>
              </div>
            </motion.div>
          </div>
        </AnimatePresence>

        {/* VietQR Payment Modal for Deposit */}
        {qrModalData && (
          <VietQRPaymentModal
            isOpen={showQrModal}
            onClose={handleCloseQrModal}
            bookingNumber={qrModalData.bookingNumber}
            amount={qrModalData.amount}
            tenantInfo={qrModalData.tenantInfo}
          />
        )}
      </>
      );
    }

    'use client';

    import { formatMoneyInput, parseMoneyInput } from '@bella/shared';
    import { cn, parseIntegerInput, parsePercentInput } from '@/lib/utils';;
    import {
      getTenantModulePresentationOrNeutral,
    } from '@/lib/business-rules/tenant-module-presentation';
    import type { TenantModuleKey } from '@/lib/business-rules/tenant-modules';
    import { geocodeAddress } from '@/services/customer-actions';
    import { motion } from 'framer-motion';
    import { AlertCircle, Camera, CheckCircle2, CreditCard as CreditCardIcon, DollarSign as DollarIcon, FileText, Image as ImageIcon, Loader2, PlusCircle, Sparkles, User } from 'lucide-react';
    import Image from 'next/image';
    import { useEffect, useMemo, useState } from 'react';
    import { toast } from 'sonner';
    import type { EditBookingData, EditCustomerData, ModalStateSetter, PaymentData } from '../types';

    export function EditCustomerModal({
      isOpen,
      onClose,
      onConfirm,
      isSubmitting,
      data,
      setData,
      tenantModuleKey,
    }: {
      isOpen: boolean;
      onClose: () => void;
      onConfirm: () => void;
      isSubmitting: boolean;
      data: EditCustomerData;
      setData: ModalStateSetter<EditCustomerData>;
      tenantModuleKey: TenantModuleKey | null;
    }) {
      const [isGeocoding, setIsGeocoding] = useState(false);
      const customerLabels = getTenantModulePresentationOrNeutral(tenantModuleKey);

      if (!isOpen) return null;

      const handleAutoGeocode = async () => {
        if (!data.address) {
          toast.error('Vui l├▓ng nhß║¡p ─æß╗ïa chß╗ë tr╞░ß╗¢c khi lß║Ñy tß╗ìa ─æß╗Ö');
          return;
        }
        setIsGeocoding(true);
        try {
          const coords = await geocodeAddress(data.address);
          if (coords) {
            setData({
              ...data,
              latitude: coords.latitude,
              longitude: coords.longitude
            });
            toast.success(`─É├ú t├¼m thß║Ñy tß╗ìa ─æß╗Ö: ${coords.latitude}, ${coords.longitude}`);
          } else {
            toast.error('Kh├┤ng t├¼m thß║Ñy tß╗ìa ─æß╗Ö cho ─æß╗ïa chß╗ë n├áy. Vui l├▓ng nhß║¡p thß╗º c├┤ng.');
          }
        } catch {
          toast.error('Lß╗ùi khi ─æß╗ïnh vß╗ï ─æß╗ïa chß╗ë');
        } finally {
          setIsGeocoding(false);
        }
      };

      return (
        <div className=\"fixed inset-0 z-[150] flex items-center justify-center p-4\">
          <motion.div
            initial={{ opacity: 0 }}
            animate={{ opacity: 1 }}
            exit={{ opacity: 0 }}
            onClick={onClose}
            className=\"absolute inset-0 bg-[#1A0A0E]/80 backdrop-blur-md\"
          />

          <motion.div
            initial={{ scale: 0.9, opacity: 0, y: 20 }}
            animate={{ scale: 1, opacity: 1, y: 0 }}
            className=\"relative w-full max-w-2xl bg-white rounded-[2.5rem] shadow-2xl overflow-hidden\"
          >
            <div className=\"p-8 border-b border-slate-100 flex items-center justify-between bg-slate-50/50\">
              <div className=\"flex items-center gap-4\">
                <div className=\"w-12 h-12 bg-rose-500 rounded-2xl flex items-center justify-center text-white shadow-lg shadow-rose-200 dark:shadow-none\">
                  <User className=\"w-6 h-6\" />
                </div>
                <div>
                  <h2 className=\"text-xl font-black text-slate-900 uppercase tracking-tight\">Cß║¡p nhß║¡t th├┤ng tin</h2>
                  <p className=\"text-xs text-slate-500 font-bold italic\">{customerLabels.editDescription}</p>
                </div>
              </div>
              <button onClick={onClose} className=\"p-3 hover:bg-rose-50 rounded-2xl text-slate-400 hover:text-rose-500 transition-all\">
                <PlusCircle className=\"w-6 h-6 rotate-45\" />
              </button>
            </div>

            <div className=\"p-8 space-y-6 max-h-[70vh] overflow-y-auto custom-scrollbar\">
              <div className=\"grid grid-cols-2 gap-6\">
                <div className=\"space-y-2\">
                  <label className=\"text-[10px] font-black text-slate-400 uppercase tracking-widest ml-1\">{customerLabels.primaryNameLabel}</label>
                  <input
                    type=\"text\"
                    value={data.name_mother}
                    onChange={(e) => setData({ ...data, name_mother: e.target.value })}
                    className=\"w-full px-6 py-4 bg-slate-50 border border-slate-100 rounded-2xl focus:border-primary outline-none font-bold text-slate-700\"
                  />
                </div>
                <div className=\"space-y-2\">
                  <label className=\"text-[10px] font-black text-slate-400 uppercase tracking-widest ml-1\">Sß╗æ ─æiß╗çn thoß║íi</label>
                  <input
                    type=\"text\"
                    value={data.phone}
                    onChange={(e) => setData({ ...data, phone: e.target.value })}
                    className=\"w-full px-6 py-4 bg-slate-50 border border-slate-100 rounded-2xl focus:border-primary outline-none font-bold text-slate-700\"
                  />
                </div>
                <div className=\"space-y-2\">
                  <label className=\"text-[10px] font-black text-slate-400 uppercase tracking-widest ml-1\">{customerLabels.secondaryNameLabel}</label>
                  <input
                    type=\"text\"
                    value={data.name_baby}
                    onChange={(e) => setData({ ...data, name_baby: e.target.value })}
                    className=\"w-full px-6 py-4 bg-slate-50 border border-slate-100 rounded-2xl focus:border-primary outline-none font-bold text-slate-700\"
                  />
                </div>
                <div className=\"space-y-2\">
                  <label className=\"text-[10px] font-black text-slate-400 uppercase tracking-widest ml-1\">{customerLabels.secondaryDateLabel}</label>
                  <input
                    type=\"date\"
                    value={data.dob_baby || data.dob_expected || ''}
                    onChange={(e) => setData({ ...data, dob_baby: e.target.value, dob_expected: e.target.value })}
                    className=\"w-full px-6 py-4 bg-slate-50 border border-slate-100 rounded-2xl focus:border-primary outline-none font-bold text-slate-700\"
                  />
                </div>
              </div>

              <div className=\"space-y-3\">
                <label className=\"text-[10px] font-black text-slate-400 uppercase tracking-widest ml-1\">{customerLabels.secondaryGenderLabel}</label>
                <div className=\"grid grid-cols-3 gap-4\">
                  {customerLabels.genderOptions.map(g => (
                    <button
                      key={g.id}
                      type=\"button\"
                      onClick={() => setData({ ...data, gender_baby: g.id })}
                      className={cn(
                        \"py-2.5 rounded-2xl font-black text-[10px] uppercase tracking-widest transition-all border\",
                        data.gender_baby === g.id
                          ? \"bg-primary text-white border-primary shadow-xl shadow-primary/20 scale-[1.02]\"
                          : \"bg-slate-50 text-slate-400 border-slate-100 hover:border-primary/30\"
                      )}
                    >
                      {g.label}
                    </button>
                  ))}
                </div>
              </div>

              <div className=\"space-y-2\">
                <div className=\"flex justify-between items-center\">
                  <label className=\"text-[10px] font-black text-slate-400 uppercase tracking-widest ml-1\">─Éß╗ïa chß╗ë</label>
                  <button
                    type=\"button\"
                    onClick={handleAutoGeocode}
                    disabled={isGeocoding}
                    className=\"text-[9px] font-black text-primary hover:text-rose-600 uppercase tracking-widest flex items-center gap-1 transition-colors disabled:opacity-50\"
                  >
                    {isGeocoding ? (
                      <>
                        <Loader2 className=\"w-3 h-3 animate-spin\" />
                        ─Éang t├¼m...
                      </>
                    ) : (
                      <>
                        <Sparkles className=\"w-3 h-3\" />
                        Tß╗▒ ─æß╗Öng lß║Ñy tß╗ìa ─æß╗Ö
                      </>
                    )}
                  </button>
                </div>
                <textarea
                  value={data.address}
                  onChange={(e) => setData({ ...data, address: e.target.value })}
                  className=\"w-full px-6 py-4 bg-slate-50 border border-slate-100 rounded-2xl focus:border-primary outline-none font-bold text-slate-700 h-20 resize-none\"
                />
              </div>

              <div className=\"grid grid-cols-2 gap-6\">
                <div className=\"space-y-2\">
                  <label className=\"text-[10px] font-black text-slate-400 uppercase tracking-widest ml-1\">{customerLabels.locationLatitudeLabel}</label>
                  <input
                    type=\"number\"
                    step=\"any\"
                    placeholder=\"V├¡ dß╗Ñ: 10.7756\"
                    value={data.latitude === null || data.latitude === undefined ? '' : data.latitude}
                    onChange={(e) => setData({ ...data, latitude: e.target.value ? parseFloat(e.target.value) : null })}
                    className=\"w-full px-6 py-4 bg-slate-50 border border-slate-100 rounded-2xl focus:border-primary outline-none font-bold text-slate-700\"
                  />
                </div>
                <div className=\"space-y-2\">
                  <label className=\"text-[10px] font-black text-slate-400 uppercase tracking-widest ml-1\">{customerLabels.locationLongitudeLabel}</label>
                  <input
                    type=\"number\"
                    step=\"any\"
                    placeholder=\"V├¡ dß╗Ñ: 106.7019\"
                    value={data.longitude === null || data.longitude === undefined ? '' : data.longitude}
                    onChange={(e) => setData({ ...data, longitude: e.target.value ? parseFloat(e.target.value) : null })}
                    className=\"w-full px-6 py-4 bg-slate-50 border border-slate-100 rounded-2xl focus:border-primary outline-none font-bold text-slate-700\"
                  />
                </div>
              </div>
            </div>

            <div className=\"p-8 bg-slate-50/50 border-t border-slate-100 flex gap-4\">
              <button onClick={onClose} className=\"flex-1 py-4 bg-white border border-slate-200 text-slate-600 rounded-2xl font-black uppercase tracking-widest text-xs hover:bg-slate-50 transition-all\">Hß╗ºy</button>
              <button
                disabled={isSubmitting}
                onClick={onConfirm}
                className=\"flex-1 py-4 bg-primary text-white rounded-2xl font-black uppercase tracking-widest text-xs shadow-xl shadow-primary/20 hover:scale-[1.02] active:scale-95 transition-all flex items-center justify-center gap-2\"
              >
                {isSubmitting ? <Loader2 className=\"w-4 h-4 animate-spin\" /> : <CheckCircle2 className=\"w-4 h-4\" />}
                L╞░u thay ─æß╗òi
              </button>
            </div>
          </motion.div>
        </div>
      );
    }

    export function BookingPaymentModal({
      isOpen,
      onClose,
      onConfirm,
      isSubmitting,
      data,
      setData,
      file,
      setFile,
      customerName,
    }: {
      isOpen: boolean;
      onClose: () => void;
      onConfirm: () => void;
      isSubmitting: boolean;
      data: PaymentData;
      setData: ModalStateSetter<PaymentData>;
      file: File | null;
      setFile: ModalStateSetter<File | null>;
      customerName: string;
    }) {
      const previewUrl = useMemo(() => (file ? URL.createObjectURL(file) : null), [file]);

      useEffect(() => {
        return () => {
          if (previewUrl) URL.revokeObjectURL(previewUrl);
        };
      }, [previewUrl]);

      if (!isOpen) return null;

      return (
        <div className=\"fixed inset-0 z-[150] flex items-center justify-center p-4\">
          <motion.div
            initial={{ opacity: 0 }}
            animate={{ opacity: 1 }}
            exit={{ opacity: 0 }}
            onClick={onClose}
            className=\"absolute inset-0 bg-[#1A0A0E]/80 backdrop-blur-md\"
          />

          <motion.div
            initial={{ scale: 0.9, opacity: 0, y: 20 }}
            animate={{ scale: 1, opacity: 1, y: 0 }}
            className=\"relative w-full max-w-lg bg-white rounded-[2.5rem] shadow-2xl overflow-hidden\"
          >
            <div className=\"p-8 border-b border-slate-100 flex items-center justify-between bg-slate-50/50\">
              <div>
                <h2 className=\"text-2xl font-black text-slate-900 uppercase tracking-tight\">X├íc nhß║¡n thanh to├ín</h2>
                <p className=\"text-sm font-bold text-primary flex items-center gap-2\">
                  <User className=\"w-4 h-4\" />
                  Kh├ích h├áng: {customerName}
                </p>
              </div>
              <button onClick={onClose} className=\"p-3 hover:bg-rose-50 rounded-2xl text-slate-400 hover:text-rose-500 transition-all\">
                <PlusCircle className=\"w-6 h-6 rotate-45\" />
              </button>
            </div>

            <div className=\"p-8 space-y-6 max-h-[60vh] overflow-y-auto custom-scrollbar\">
              <div className=\"space-y-2\">
                <label className=\"text-[10px] font-black text-slate-400 uppercase tracking-widest flex items-center gap-2\">
                  <DollarIcon className=\"w-3.5 h-3.5\" /> Sß╗æ tiß╗ün thanh to├ín
                </label>
                <div className=\"relative\">
                  <input
                    type=\"text\"
                    value={formatMoneyInput(data.amount)}
                    onChange={(e) => {
                      setData({ ...data, amount: parseMoneyInput(e.target.value) });
                    }}
                    className=\"w-full px-6 py-4 bg-slate-50 border border-slate-100 rounded-2xl focus:border-primary outline-none font-black text-lg text-primary\"
                  />
                  <span className=\"absolute right-6 top-1/2 -translate-y-1/2 font-black text-slate-300\">VN─É</span>
                </div>
              </div>

              <div className=\"space-y-2\">
                <label className=\"text-[10px] font-black text-slate-400 uppercase tracking-widest flex items-center gap-2\">
                  <CreditCardIcon className=\"w-3.5 h-3.5\" /> Ph╞░╞íng thß╗⌐c
                </label>
                <div className=\"grid grid-cols-2 gap-3\">
                  {[
                    { id: 'bank_transfer', label: 'Chuyß╗ân khoß║ún' },
                    { id: 'cash', label: 'Tiß╗ün mß║╖t' }
                  ].map(m => (
                    <button
                      key={m.id}
                      onClick={() => setData({ ...data, method: m.id })}
                      className={cn(
                        \"py-3 px-4 rounded-xl font-bold text-sm transition-all border\",
                        data.method === m.id
                          ? \"bg-primary text-white border-primary shadow-lg shadow-primary/20\"
                          : \"bg-slate-50 text-slate-500 border-slate-100 hover:border-primary/30\"
                      )}
                    >
                      {m.label}
                    </button>
                  ))}
                </div>
              </div>

              <div className=\"space-y-2\">
                <label className=\"text-[10px] font-black text-slate-400 uppercase tracking-widest flex items-center gap-2\">
                  <Camera className=\"w-3.5 h-3.5\" /> Minh chß╗⌐ng thanh to├ín (Bill)
                </label>

                <div className=\"relative group\">
                  {file ? (
                    <div className=\"relative w-full aspect-video rounded-2xl overflow-hidden border border-slate-200 group\">
                      {previewUrl && (
                        <Image
                          src={previewUrl}
                          alt=\"Preview\"
                          fill
                          sizes=\"(max-width: 768px) 100vw, 480px\"
                          className=\"object-cover\"
                          unoptimized
                        />
                      )}
                      <div className=\"absolute inset-0 bg-black/40 opacity-0 group-hover:opacity-100 transition-opacity flex items-center justify-center\">
                        <button
                          onClick={() => setFile(null)}
                          className=\"bg-white text-rose-500 p-2 rounded-xl font-black text-xs uppercase\"
                        >
                          Thay ─æß╗òi ß║únh
                        </button>
                      </div>
                    </div>
                  ) : (
                    <label className=\"w-full h-32 border-2 border-dashed border-slate-200 rounded-[2rem] flex flex-col items-center justify-center gap-2 cursor-pointer hover:bg-slate-50 hover:border-primary/30 transition-all\">
                      <div className=\"w-12 h-12 bg-rose-50 rounded-2xl flex items-center justify-center text-primary\">
                        <ImageIcon className=\"w-6 h-6\" />
                      </div>
                      <span className=\"text-xs font-black text-slate-400 uppercase tracking-widest\">Tß║úi l├¬n ß║únh Bill</span>
                      <input
                        type=\"file\"
                        accept=\"image/*\"
                        onChange={(e) => setFile(e.target.files?.[0] || null)}
                        className=\"hidden\"
                      />
                    </label>
                  )}
                </div>
                {!file && (
                  <div className=\"relative group mt-3\">
                    <ImageIcon className=\"absolute left-4 top-1/2 -translate-y-1/2 text-slate-300 w-5 h-5\" />
                    <input
                      type=\"text\"
                      placeholder=\"Hoß║╖c d├ín link ß║únh trß╗▒c tiß║┐p...\"
                      value={data.receipt_url}
                      onChange={(e) => setData({ ...data, receipt_url: e.target.value })}
                      className=\"w-full pl-12 pr-6 py-4 bg-slate-50 border border-slate-100 rounded-2xl focus:border-primary outline-none font-bold text-xs\"
                    />
                  </div>
                )}
              </div>

              <div className=\"space-y-2\">
                <label className=\"text-[10px] font-black text-slate-400 uppercase tracking-widest flex items-center gap-2\">
                  <FileText className=\"w-3.5 h-3.5\" /> Ghi ch├║
                </label>
                <textarea
                  placeholder=\"Nhß║¡p ghi ch├║ thanh to├ín...\"
                  value={data.notes}
                  onChange={(e) => setData({ ...data, notes: e.target.value })}
                  className=\"w-full px-6 py-4 bg-slate-50 border border-slate-100 rounded-2xl focus:border-primary outline-none font-bold text-sm h-24 resize-none\"
                />
              </div>

              <div className=\"space-y-3\">
                <label className=\"text-[10px] font-black text-slate-400 uppercase tracking-widest\">Ghi nhß║¡n t├ái ch├¡nh</label>
                <div
                  onClick={() => setData({ ...data, status: data.status === 'confirmed' ? 'pending' : 'confirmed' })}
                  className={cn(
                    \"flex items-center justify-between p-4 rounded-2xl border-2 cursor-pointer transition-all\",
                    data.status === 'confirmed'
                      ? \"bg-emerald-50 border-emerald-200 text-emerald-700\"
                      : \"bg-slate-50 border-transparent text-slate-500\"
                  )}
                >
                  <div className=\"flex items-center gap-2\">
                    {data.status === 'confirmed' ? <CheckCircle2 className=\"w-4 h-4\" /> : <AlertCircle className=\"w-4 h-4\" />}
                    <span className=\"text-[10px] font-black uppercase tracking-wider\">{data.status === 'confirmed' ? 'X├íc nhß║¡n ngay (V├áo b├ío c├ío)' : 'Chß╗¥ ph├¬ duyß╗çt'}</span>
                  </div>
                  <div className={cn(
                    \"w-10 h-5 rounded-full relative transition-all\",
                    data.status === 'confirmed' ? \"bg-emerald-500\" : \"bg-slate-300\"
                  )}>
                    <div className={cn(
                      \"absolute top-1 w-3 h-3 bg-white rounded-full transition-all\",
                      data.status === 'confirmed' ? \"left-6\" : \"left-1\"
                    )} />
                  </div>
                </div>
              </div>
            </div>

            <div className=\"p-8 bg-slate-50/50 border-t border-slate-100 flex gap-4\">
              <button onClick={onClose} className=\"flex-1 py-4 bg-white border border-slate-200 text-slate-600 rounded-2xl font-black uppercase tracking-widest text-xs hover:bg-slate-50 transition-all\">Hß╗ºy</button>
              <button
                disabled={isSubmitting || data.amount <= 0}
                onClick={onConfirm}
                className=\"flex-1 py-4 bg-primary text-white rounded-2xl font-black uppercase tracking-widest text-xs shadow-xl shadow-primary/20 hover:scale-[1.02] active:scale-95 transition-all flex items-center justify-center gap-2\"
              >
                {isSubmitting ? <Loader2 className=\"w-4 h-4 animate-spin\" /> : <CheckCircle2 className=\"w-4 h-4\" />}
                X├íc nhß║¡n thu tiß╗ün
              </button>
            </div>
          </motion.div>
        </div>
      );
    }

    export function EditBookingModal({
      isOpen,
      onClose,
      onConfirm,
      isSubmitting,
      data,
      setData,
    }: {
      isOpen: boolean;
      onClose: () => void;
      onConfirm: () => void;
      isSubmitting: boolean;
      data: EditBookingData;
      setData: ModalStateSetter<EditBookingData>;
    }) {
      if (!isOpen) return null;

      return (
        <div className=\"fixed inset-0 z-[150] flex items-center justify-center p-4\">
          <motion.div
            initial={{ opacity: 0 }}
            animate={{ opacity: 1 }}
            exit={{ opacity: 0 }}
            onClick={onClose}
            className=\"absolute inset-0 bg-[#1A0A0E]/80 backdrop-blur-md\"
          />

          <motion.div
            initial={{ scale: 0.9, opacity: 0, y: 20 }}
            animate={{ scale: 1, opacity: 1, y: 0 }}
            className=\"relative w-full max-w-2xl bg-white rounded-[2.5rem] shadow-2xl overflow-hidden\"
          >
            <div className=\"p-8 border-b border-slate-100 flex items-center justify-between bg-slate-50/50\">
              <div className=\"flex items-center gap-4\">
                <div className=\"w-12 h-12 bg-amber-500 rounded-2xl flex items-center justify-center text-white shadow-lg shadow-amber-200\">
                  <Sparkles className=\"w-6 h-6\" />
                </div>
                <div>
                  <h2 className=\"text-xl font-black text-slate-900 uppercase tracking-tight\">Sß╗¡a g├│i dß╗ïch vß╗Ñ</h2>
                  <p className=\"text-xs text-slate-500 font-bold italic\">─Éiß╗üu chß╗ënh chi tiß║┐t g├│i liß╗çu tr├¼nh cß╗ºa kh├ích</p>
                </div>
              </div>
              <button onClick={onClose} className=\"p-3 hover:bg-rose-50 rounded-2xl text-slate-400 hover:text-rose-500 transition-all\">
                <PlusCircle className=\"w-6 h-6 rotate-45\" />
              </button>
            </div>

            <div className=\"p-8 space-y-6 max-h-[70vh] overflow-y-auto custom-scrollbar\">
              <div className=\"space-y-2\">
                <label className=\"text-[10px] font-black text-slate-400 uppercase tracking-widest ml-1\">T├¬n g├│i dß╗ïch vß╗Ñ</label>
                <input
                  type=\"text\"
                  value={data.package_name}
                  onChange={(e) => setData({ ...data, package_name: e.target.value })}
                  className=\"w-full px-6 py-4 bg-slate-50 border border-slate-100 rounded-2xl focus:border-primary outline-none font-bold text-slate-700\"
                  placeholder=\"Nhß║¡p t├¬n g├│i dß╗ïch vß╗Ñ...\"
                />
              </div>

              <div className=\"grid grid-cols-2 gap-6\">
                <div className=\"space-y-2\">
                  <label className=\"text-[10px] font-black text-slate-400 uppercase tracking-widest ml-1\">Tß╗òng cß╗Öng (Gi├í gß╗æc)</label>
                  <div className=\"relative\">
                    <input
                      type=\"text\"
                      value={formatMoneyInput(data.full_price)}
                      onChange={(e) => {
                        setData({ ...data, full_price: parseMoneyInput(e.target.value) });
                      }}
                      className=\"w-full px-6 py-4 bg-slate-50 border border-slate-100 rounded-2xl focus:border-primary outline-none font-bold text-slate-700\"
                    />
                    <span className=\"absolute right-6 top-1/2 -translate-y-1/2 font-bold text-slate-400 text-xs\">VN─É</span>
                  </div>
                </div>

                <div className=\"space-y-2\">
                  <label className=\"text-[10px] font-black text-slate-400 uppercase tracking-widest ml-1\">Chiß║┐t khß║Ñu (%)</label>
                  <div className=\"relative\">
                    <input
                      type=\"number\"
                      min=\"0\"
                      max=\"100\"
                      value={data.discount_percent.toString()}
                      onChange={(e) => setData({ ...data, discount_percent: parsePercentInput(e.target.value) })}
                      className=\"w-full px-6 py-4 bg-slate-50 border border-slate-100 rounded-2xl focus:border-primary outline-none font-bold text-slate-700\"
                    />
                    <span className=\"absolute right-6 top-1/2 -translate-y-1/2 font-bold text-slate-400 text-xs\">%</span>
                  </div>
                </div>

                <div className=\"space-y-2\">
                  <label className=\"text-[10px] font-black text-slate-400 uppercase tracking-widest ml-1\">─É├ú thanh to├ín / Cß╗ìc</label>
                  <div className=\"relative\">
                    <input
                      type=\"text\"
                      value={formatMoneyInput(data.deposit_amount)}
                      onChange={(e) => {
                        setData({ ...data, deposit_amount: parseMoneyInput(e.target.value) });
                      }}
                      className=\"w-full px-6 py-4 bg-slate-50 border border-slate-100 rounded-2xl focus:border-primary outline-none font-bold text-slate-700\"
                    />
                    <span className=\"absolute right-6 top-1/2 -translate-y-1/2 font-bold text-slate-400 text-xs\">VN─É</span>
                  </div>
                </div>

                <div className=\"space-y-2\">
                  <label className=\"text-[10px] font-black text-slate-400 uppercase tracking-widest ml-1\">Tß╗òng sß╗æ buß╗òi</label>
                  <input
                    type=\"number\"
                    value={data.total_sessions.toString()}
                    onChange={(e) => setData({ ...data, total_sessions: parseIntegerInput(e.target.value, { min: 0, max: 100 }) })}
                    className=\"w-full px-6 py-4 bg-slate-50 border border-slate-100 rounded-2xl focus:border-primary outline-none font-bold text-slate-700\"
                  />
                </div>

                <div className=\"space-y-2\">
                  <label className=\"text-[10px] font-black text-slate-400 uppercase tracking-widest ml-1\">Buß╗òi ─æ├ú ho├án th├ánh</label>
                  <input
                    type=\"number\"
                    value={data.completed_sessions.toString()}
                    onChange={(e) => setData({ ...data, completed_sessions: parseIntegerInput(e.target.value, { min: 0, max: 100 }) })}
                    className=\"w-full px-6 py-4 bg-slate-50 border border-slate-100 rounded-2xl focus:border-primary outline-none font-bold text-slate-700\"
                  />
                </div>

                <div className=\"space-y-2\">
                  <label className=\"text-[10px] font-black text-slate-400 uppercase tracking-widest ml-1\">Giß╗¥ ch─âm s├│c mß║╖c ─æß╗ïnh</label>
                  <input
                    type=\"time\"
                    value={data.preferred_time}
                    onChange={(e) => setData({ ...data, preferred_time: e.target.value })}
                    className=\"w-full px-6 py-4 bg-slate-50 border border-slate-100 rounded-2xl focus:border-primary outline-none font-bold text-slate-700\"
                  />
                </div>

                <div className=\"space-y-2\">
                  <label className=\"text-[10px] font-black text-slate-400 uppercase tracking-widest ml-1\">Ng├áy bß║»t ─æß║ºu liß╗çu tr├¼nh</label>
                  <input
                    type=\"date\"
                    value={data.start_date}
                    onChange={(e) => setData({ ...data, start_date: e.target.value })}
                    className=\"w-full px-6 py-4 bg-slate-50 border border-slate-100 rounded-2xl focus:border-primary outline-none font-bold text-slate-700\"
                  />
                </div>

                <div className=\"space-y-2\">
                  <label className=\"text-[10px] font-black text-slate-400 uppercase tracking-widest ml-1\">Trß║íng th├íi g├│i</label>
                  <select
                    value={data.status}
                    onChange={(e) => setData({ ...data, status: e.target.value })}
                    className=\"w-full px-6 py-4 bg-slate-50 border border-slate-100 rounded-2xl focus:border-primary outline-none font-bold text-slate-700 appearance-none\"
                  >
                    <option value=\"in_progress\">─Éang thß╗▒c hiß╗çn</option>
                    <option value=\"completed\">─É├ú ho├án th├ánh</option>
                    <option value=\"cancelled\">─É├ú hß╗ºy</option>
                    <option value=\"deposit_pending\">Chß╗¥ ─æß║╖t cß╗ìc / Phiß║┐u cß╗ìc</option>
                  </select>
                </div>
              </div>
            </div>

            <div className=\"p-8 bg-slate-50/50 border-t border-slate-100 flex gap-4\">
              <button onClick={onClose} className=\"flex-1 py-4 bg-white border border-slate-200 text-slate-600 rounded-2xl font-black uppercase tracking-widest text-xs hover:bg-slate-50 transition-all\">Hß╗ºy</button>
              <button
                disabled={isSubmitting}
                onClick={onConfirm}
                className=\"flex-1 py-4 bg-amber-500 text-white rounded-2xl font-black uppercase tracking-widest text-xs shadow-xl shadow-amber-500/20 hover:scale-[1.02] active:scale-95 transition-all flex items-center justify-center gap-2\"
              >
                {isSubmitting ? <Loader2 className=\"w-4 h-4 animate-spin\" /> : <CheckCircle2 className=\"w-4 h-4\" />}
                L╞░u thay ─æß╗òi
              </button>
            </div>
          </motion.div>
        </div>
      );
    }

    'use client';

    import type { ReceiptData } from '@/components/common/PaymentReceiptTemplate';
    import { usePageRefresh } from '@/hooks/usePageRefresh';
    import { calculateBookingPaymentState, normalizeDiscountPercent } from '@/lib/business-rules/payment';
    import {
      getCustomerGenderPresentation,
      getTenantModulePresentationOrNeutral,
    } from '@/lib/business-rules/tenant-module-presentation';
    import {
      getDefaultTenantModuleKey,
      resolveTenantBrandIdentity,
      type ResolvedTenantBrandIdentity,
      type TenantModuleKey,
    } from '@/lib/business-rules/tenant-modules';
    import { createClient } from '@/lib/supabase-client';
    import { parseMoneyInput } from '@bella/shared';
    import { parseIntegerInput } from '@/lib/utils';;
    import { generateShareToken, getBookingsByCustomerId, recordRemainingPayment, reusePackage, updateBooking } from '@/core/services/order';
    import { getCustomerById, updateCustomer } from '@/services/customer-actions';
    import { getTenantSettings } from '@/services/tenant-actions';
    import { getCurrentUser, getUsers } from '@/services/user-actions';
    import { toPng } from 'html-to-image';
    import { useParams, useRouter, useSearchParams } from 'next/navigation';
    import { useCallback, useEffect, useMemo, useRef, useState } from 'react';
    import { toast } from 'sonner';
    import type { CustomerDetailBooking, CustomerDetailRecord, EditBookingData, EditCustomerData, KtvOption, PaymentData } from './types';

    function getErrorMessage(error: unknown, fallback = 'Lß╗ùi kh├┤ng x├íc ─æß╗ïnh') {
      return error instanceof Error ? error.message : fallback;
    }

    function toCustomerDetailRecord(
      data: Awaited<ReturnType<typeof getCustomerById>>,
      bookings: CustomerDetailBooking[],
      moduleKey: TenantModuleKey | null,
    ): CustomerDetailRecord | null {
      if (!data) return null;
      const labels = getTenantModulePresentationOrNeutral(moduleKey);
      const gender = getCustomerGenderPresentation(data.gender_baby, moduleKey);

      return {
        ...data,
        baby: {
          name: data.name_baby || labels.secondaryFallback,
          dob: data.dob_baby || data.dob_expected || 'Ch╞░a cß║¡p nhß║¡t',
          gender: gender.label,
        },
        sessions: (data as { sessions?: unknown[] }).sessions || [],
        allBookings: bookings || [],
      };
    }

    function pickDefaultBooking(bookings: CustomerDetailBooking[], targetBookingId: string | null) {
      if (targetBookingId) {
        const found = bookings.find((booking) => booking.id === targetBookingId);
        if (found) return found;
      }

      const priority = (status: string) => {
        if (status === 'active' || status === 'in_progress') return 0;
        if (status === 'booked') return 1;
        if (status === 'deposit_pending') return 2;
        if (status === 'completed') return 3;
        return 4;
      };

      return [...bookings].sort((a, b) => {
        const pA = priority(a.status || '');
        const pB = priority(b.status || '');

        if (pA !== pB) return pA - pB;
        return new Date(b.created_at || 0).getTime() - new Date(a.created_at || 0).getTime();
      })[0];
    }

    export function useCustomerDetailController() {
      const params = useParams();
      const router = useRouter();
      const searchParams = useSearchParams();
      const id = params.id as string;
      const targetBookingId = searchParams.get('bookingId');

      const [customer, setCustomer] = useState<CustomerDetailRecord | null>(null);
      const [loading, setLoading] = useState(true);
      const [isBookingModalOpen, setIsBookingModalOpen] = useState(false);
      const [activeBooking, setActiveBooking] = useState<CustomerDetailBooking | null>(null);
      const [ktvs, setKtvs] = useState<KtvOption[]>([]);
      const [isUpdatingKTV, setIsUpdatingKTV] = useState(false);
      const [isPaymentModalOpen, setIsPaymentModalOpen] = useState(false);
      const [isRecordingPayment, setIsRecordingPayment] = useState(false);
      const [paymentFile, setPaymentFile] = useState<File | null>(null);
      const [paymentData, setPaymentData] = useState<PaymentData>({
        amount: 0,
        method: 'bank_transfer',
        notes: '',
        receipt_url: '',
        status: 'confirmed',
      });
      const [userRole, setUserRole] = useState<'admin' | 'ktv'>('ktv');
      const [tenantModuleKey, setTenantModuleKey] = useState<TenantModuleKey | null>(null);
      const [tenantBrand, setTenantBrand] = useState<ResolvedTenantBrandIdentity | null>(null);
      const [isExportingQuotation, setIsExportingQuotation] = useState(false);
      const [isEditModalOpen, setIsEditModalOpen] = useState(false);
      const [isUpdatingCustomer, setIsUpdatingCustomer] = useState(false);
      const [editData, setEditData] = useState<EditCustomerData>({
        name_mother: '',
        phone: '',
        name_baby: '',
        dob_expected: '',
        dob_baby: '',
        address: '',
        notes: '',
        gender_baby: 'unknown',
        latitude: null,
        longitude: null,
      });
      const [isEditBookingModalOpen, setIsEditBookingModalOpen] = useState(false);
      const [isSavingBooking, setIsSavingBooking] = useState(false);
      const [editBookingData, setEditBookingData] = useState<EditBookingData>({
        package_name: '',
        full_price: 0,
        deposit_amount: 0,
        discount_percent: 0,
        total_sessions: 0,
        completed_sessions: 0,
        preferred_time: '08:00',
        start_date: '',
        status: 'in_progress',
      });
      const [isReusing, setIsReusing] = useState(false);
      const quotationRef = useRef<HTMLDivElement>(null);
      const customerBookingIdsRef = useRef<Set<string>>(new Set());
      const reloadTimerRef = useRef<ReturnType<typeof setTimeout> | null>(null);
      const activeBookingIdRef = useRef<string | null>(null); // Track user-selected booking
      
      // Wrapper to update both state and ref when user manually changes booking
      const setActiveBookingWithTracking = useCallback((booking: CustomerDetailBooking | null) => {
        console.log('[setActiveBooking] User selected:', booking?.id, booking?.package_name);
        setActiveBooking(booking);
        activeBookingIdRef.current = booking?.id || null;
      }, []);

      const loadData = useCallback(async (options?: { preserveSelection?: boolean }) => {
        if (!id) return;

        console.log('[loadData] Starting, preserveSelection:', options?.preserveSelection, 'activeBookingIdRef:', activeBookingIdRef.current);

        try {
          const [tenant, data, bookings] = await Promise.all([
            getTenantSettings(),
            getCustomerById(id),
            getBookingsByCustomerId(id) as Promise<CustomerDetailBooking[]>,
          ]);
          const nextTenantModuleKey = getDefaultTenantModuleKey(tenant?.enabled_modules);
          setTenantModuleKey(nextTenantModuleKey);
          setTenantBrand(resolveTenantBrandIdentity({
            enabledModules: tenant?.enabled_modules,
            brandTheme: tenant?.brand_theme,
            logoUrl: tenant?.logo_url,
            tenantName: tenant?.name,
            surface: 'invoice',
          }));
          customerBookingIdsRef.current = new Set(bookings.map((booking) => booking.id));
          const customerRecord = toCustomerDetailRecord(data, bookings, nextTenantModuleKey);

          if (customerRecord) {
            setCustomer(customerRecord);
            
            // Preserve selection only during background reload
            if (options?.preserveSelection && activeBookingIdRef.current) {
              const currentBookingStillExists = bookings.some(b => b.id === activeBookingIdRef.current);
              
              console.log('[loadData] Preserve mode - currentBooking exists?', currentBookingStillExists);
              
              if (currentBookingStillExists) {
                const updatedActiveBooking = bookings.find(b => b.id === activeBookingIdRef.current) || null;
                console.log('[loadData] Keeping current booking:', updatedActiveBooking?.id, updatedActiveBooking?.package_name);
                setActiveBooking(updatedActiveBooking);
              } else {
                // Current booking deleted, pick default
                const defaultBooking = bookings.length > 0 ? pickDefaultBooking(bookings, targetBookingId) : null;
                console.log('[loadData] Current booking deleted, fallback to default:', defaultBooking?.id, defaultBooking?.package_name);
                setActiveBooking(defaultBooking);
                activeBookingIdRef.current = defaultBooking?.id || null;
              }
            } else {
              // Initial load or user action - pick default
              const defaultBooking = bookings.length > 0 ? pickDefaultBooking(bookings, targetBookingId) : null;
              console.log('[loadData] Initial load, pick default:', defaultBooking?.id, defaultBooking?.package_name);
              setActiveBooking(defaultBooking);
              activeBookingIdRef.current = defaultBooking?.id || null;
            }
          }
        } catch (error) {
          console.error('Error loading customer:', error);
          toast.error('Lß╗ùi khi tß║úi dß╗» liß╗çu');
        } finally {
          setLoading(false);
        }
      }, [id, targetBookingId]);

      const fetchKtvs = useCallback(async () => {
        try {
          const allUsers = await getUsers();
          const allKtvs = allUsers.filter((user) => user.role?.toLowerCase() === 'ktv');
          
          // Filter out KTVs already assigned to other active bookings
          if (customer?.allBookings) {
            const otherActiveBookings = customer.allBookings.filter((booking) => 
              booking.id !== activeBooking?.id && 
              (booking.status === 'in_progress' || booking.status === 'booked')
            );
            
            const assignedKtvIds = new Set(
              otherActiveBookings
                .map(b => b.assigned_ktv_id)
                .filter((id): id is string => Boolean(id))
            );
            
            // Only filter if there are assigned KTVs in other active bookings
            if (assignedKtvIds.size > 0) {
              const availableKtvs = allKtvs.filter(ktv => !assignedKtvIds.has(ktv.id));
              setKtvs(availableKtvs);
            } else {
              setKtvs(allKtvs);
            }
          } else {
            setKtvs(allKtvs);
          }
        } catch (error) {
          console.error('Error fetching KTVs:', error);
        }
      }, [customer?.allBookings, activeBooking?.id]);

      const scheduleDataReload = useCallback(() => {
        if (reloadTimerRef.current) {
          clearTimeout(reloadTimerRef.current);
        }

        reloadTimerRef.current = setTimeout(() => {
          void loadData({ preserveSelection: true }); // Preserve selection during background reload
        }, 400);
      }, [loadData]);

      useEffect(() => {
        async function checkRole() {
          const user = await getCurrentUser();
          if (user?.role) {
            const role = user.role.toLowerCase();
            setUserRole(role === 'admin' ? 'admin' : 'ktv');
          }
        }

        void checkRole();
      }, []);

      useEffect(() => {
        void loadData(); // Initial load only
        void fetchKtvs();

        const supabase = createClient();
        const channel = supabase
          .channel(`customer-detail-${id}`)
          .on('postgres_changes', { event: '*', schema: 'public', table: 'bookings', filter: `customer_id=eq.${id}` }, () => {
            scheduleDataReload();
          })
          .on('postgres_changes', { event: '*', schema: 'public', table: 'session_logs' }, (payload) => {
            const record = (payload.new || payload.old || {}) as { booking_id?: string | null };

            if (!record.booking_id || customerBookingIdsRef.current.has(record.booking_id)) {
              scheduleDataReload();
            }
          })
          .subscribe();

        return () => {
          if (reloadTimerRef.current) {
            clearTimeout(reloadTimerRef.current);
          }
          void supabase.removeChannel(channel);
        };
        // eslint-disable-next-line react-hooks/exhaustive-deps
      }, [id]); // Only re-run when customer ID changes, not when callbacks change

      // Separate effect to refresh KTV list when active booking or customer bookings change
      useEffect(() => {
        if (customer) {
          void fetchKtvs();
        }
        // eslint-disable-next-line react-hooks/exhaustive-deps
      }, [activeBooking?.id, customer?.allBookings?.length]);

      const refreshPageData = useCallback(async () => {
        await Promise.all([loadData(), fetchKtvs()]);
      }, [fetchKtvs, loadData]);

      usePageRefresh(refreshPageData);

      const handleBack = useCallback(() => {
        router.back();
      }, [router]);

      const handleOpenSessions = useCallback(() => {
        if (!customer) return;
        router.push(`/dashboard/sessions?search=${encodeURIComponent(customer.name_mother)}`);
      }, [customer, router]);

      const handleOpenBookingSessions = useCallback(() => {
        if (!customer) return;
        router.push(`/dashboard/sessions?search=${encodeURIComponent(customer.name_mother)}&bookingId=${activeBooking?.id || ''}`);
      }, [activeBooking?.id, customer, router]);

      const handleOpenEditCustomer = useCallback(() => {
        if (!customer) return;

        setEditData({
          name_mother: customer.name_mother,
          phone: customer.phone,
          name_baby: customer.name_baby || '',
          dob_expected: customer.dob_expected || '',
          dob_baby: customer.dob_baby || '',
          address: customer.address || '',
          notes: customer.notes || '',
          gender_baby: customer.gender_baby || 'unknown',
          latitude: customer.latitude || null,
          longitude: customer.longitude || null,
        });
        setIsEditModalOpen(true);
      }, [customer]);

      const handleUpdateKTV = useCallback(async (ktvId: string) => {
        if (!activeBooking) return;

        setIsUpdatingKTV(true);
        try {
          const result = await updateBooking(activeBooking.id, { assigned_ktv_id: ktvId });
          if (result.error) throw new Error(result.error);
          toast.success('─É├ú cß║¡p nhß║¡t KTV phß╗Ñ tr├ích');
          await loadData();
        } catch (error: unknown) {
          toast.error('Lß╗ùi: ' + getErrorMessage(error));
        } finally {
          setIsUpdatingKTV(false);
        }
      }, [activeBooking, loadData]);

      const handleUpdateCustomer = useCallback(async () => {
        setIsUpdatingCustomer(true);
        try {
          const result = await updateCustomer(id, editData);
          if (result.error) throw new Error(result.error);

          if (result.warning) {
            toast.success('Cß║¡p nhß║¡t th├ánh c├┤ng c├íc th├┤ng tin kh├íc!');
            toast.warning(result.warning, { duration: 10000 });
          } else {
            toast.success('Cß║¡p nhß║¡t hß╗ô s╞í th├ánh c├┤ng!');
          }

          setIsEditModalOpen(false);
          await loadData();
        } catch (error: unknown) {
          toast.error('Lß╗ùi: ' + getErrorMessage(error));
        } finally {
          setIsUpdatingCustomer(false);
        }
      }, [editData, id, loadData]);

      const handleSaveBooking = useCallback(async () => {
        if (isSavingBooking) return;
        if (!activeBooking) return;

        setIsSavingBooking(true);
        try {
          const result = await updateBooking(activeBooking.id, {
            package_name: editBookingData.package_name || null,
            full_price: parseMoneyInput(editBookingData.full_price),
            deposit_amount: parseMoneyInput(editBookingData.deposit_amount),
            discount_percent: normalizeDiscountPercent(editBookingData.discount_percent),
            total_sessions: parseIntegerInput(editBookingData.total_sessions, { min: 0, max: 100 }),
            completed_sessions: parseIntegerInput(editBookingData.completed_sessions, { min: 0, max: 100 }),
            preferred_time: editBookingData.preferred_time || '08:00',
            start_date: editBookingData.start_date || null,
            status: editBookingData.status,
          });

          if (result.error) throw new Error(result.error);

          toast.success('Cß║¡p nhß║¡t g├│i dß╗ïch vß╗Ñ th├ánh c├┤ng!');
          setIsEditBookingModalOpen(false);
          await loadData();
        } catch (error: unknown) {
          toast.error('Lß╗ùi cß║¡p nhß║¡t g├│i: ' + getErrorMessage(error));
        } finally {
          setIsSavingBooking(false);
        }
      }, [activeBooking, editBookingData, isSavingBooking, loadData]);

      const handleReusePackage = useCallback(async (bookingId: string) => {
        if (isReusing) return;
        if (!bookingId || !customer) return;
        const confirmed = window.confirm(`Bß║ín c├│ chß║»c chß║»n muß╗æn t├íi sß╗¡ dß╗Ñng g├│i dß╗ïch vß╗Ñ nhanh cho kh├ích h├áng ${customer.name_mother}?`);
        if (!confirmed) return;

        setIsReusing(true);
        try {
          const result = await reusePackage(bookingId);
          if ('error' in result && result.error) {
            toast.error(result.error);
          } else if ('data' in result && result.data) {
            toast.success('─É├ú t├íi sß╗¡ dß╗Ñng g├│i dß╗ïch vß╗Ñ th├ánh c├┤ng!');
            await loadData();
          }
        } catch (error) {
          console.error('Reuse failed:', error);
          toast.error('C├│ lß╗ùi xß║úy ra khi xß╗¡ l├╜');
        } finally {
          setIsReusing(false);
        }
      }, [customer, isReusing, loadData]);

      const handleReuseActivePackage = useCallback(() => {
        if (!activeBooking) return;
        void handleReusePackage(activeBooking.id);
      }, [activeBooking, handleReusePackage]);

      const handleRecordPayment = useCallback(async () => {
        if (isRecordingPayment) return;
        if (!activeBooking) return;
        if (paymentData.amount <= 0) {
          toast.error('Vui l├▓ng nhß║¡p sß╗æ tiß╗ün hß╗úp lß╗ç');
          return;
        }

        setIsRecordingPayment(true);
        try {
          let finalReceiptUrl = paymentData.receipt_url;

          if (paymentFile) {
            const supabase = createClient();
            const fileExt = paymentFile.name.split('.').pop();
            const fileName = `${activeBooking.id}-${Date.now()}.${fileExt}`;
            const filePath = `receipts/${fileName}`;

            const { error: uploadError } = await supabase.storage.from('receipts').upload(filePath, paymentFile);

            if (uploadError) {
              console.error('Upload error:', uploadError);
              if (uploadError.message.includes('bucket not found')) {
                toast.error('Hß╗ç thß╗æng Storage ch╞░a ─æ╞░ß╗úc cß║Ñu h├¼nh. Vui l├▓ng tß║ío bucket \"receipts\".');
              }
            } else {
              const {
                data: { publicUrl },
              } = supabase.storage.from('receipts').getPublicUrl(filePath);
              finalReceiptUrl = publicUrl;
            }
          }

          const result = await recordRemainingPayment({
            booking_id: activeBooking.id,
            customer_id: id,
            amount: paymentData.amount,
            payment_method: paymentData.method,
            notes: paymentData.notes,
            receipt_url: finalReceiptUrl,
            status: paymentData.status,
          });

          if (result.error) throw new Error(result.error);

          toast.success('─É├ú ghi nhß║¡n thanh to├ín th├ánh c├┤ng!');
          await loadData();
          setIsPaymentModalOpen(false);
          setPaymentFile(null);
        } catch (error: unknown) {
          toast.error('Lß╗ùi: ' + getErrorMessage(error));
        } finally {
          setIsRecordingPayment(false);
        }
      }, [activeBooking, id, isRecordingPayment, loadData, paymentData, paymentFile]);

      const receiptData = useMemo<ReceiptData | null>(() => {
        if (!customer || !activeBooking || !tenantBrand) return null;
        const paymentState = calculateBookingPaymentState({
          fullPrice: activeBooking.full_price,
          discountPercent: activeBooking.discount_percent,
          depositAmount: activeBooking.deposit_amount,
          bookingStatus: activeBooking.status,
          revenues: activeBooking.revenue,
        });

        return {
          customerName: customer.name_mother || 'Ch╞░a cß║¡p nhß║¡t',
          phone: customer.phone || 'Ch╞░a cß║¡p nhß║¡t',
          address: customer.address || 'Ch╞░a cß║¡p nhß║¡t',
          serviceNote: `${activeBooking.package_name || activeBooking.packages?.name || 'G├│i dß╗ïch vß╗Ñ'} (Bß║»t ─æß║ºu g├│i tß╗½ ${activeBooking.start_date || 'Ch╞░a cß║¡p nhß║¡t'})`,
          brand: {
            displayName: tenantBrand.invoiceDisplayName || tenantBrand.displayName,
            logoUrl: tenantBrand.logoUrl,
            primaryColor: tenantBrand.primaryColor,
            accentColor: tenantBrand.accentColor,
            monogram: tenantBrand.monogram,
          },
          items: [
            {
              id: 1,
              name: activeBooking.package_name || activeBooking.packages?.name || 'G├│i dß╗ïch vß╗Ñ',
              sessions: activeBooking.total_sessions || 15,
              unitPrice: Math.round((activeBooking.full_price || 0) / Math.max(1, activeBooking.total_sessions || 15)),
              total: activeBooking.full_price || 0,
              discountNote: activeBooking.discount_percent ? `Giß║úm ${activeBooking.discount_percent}%` : 'Kh├┤ng c├│',
              prepaid: paymentState.totalPaid,
              finalPayment: paymentState.remainingDebt,
            },
          ],
          totalAmount: Math.round(paymentState.priceAfterDiscount),
          bankInfo: {
            ownerName: 'Cao Thß╗ï Th├║y V├ón',
            accountNumber: '8832041471',
            bankName: 'Ng├ón h├áng BIDV',
          },
        };
      }, [activeBooking, customer, tenantBrand]);

      const handleExportQuotation = useCallback(async () => {
        if (!quotationRef.current || !customer) return;

        setIsExportingQuotation(true);
        toast.loading('─Éang khß╗ƒi tß║ío ß║únh b├ío gi├í...', { id: 'quotation-export' });

        try {
          const dataUrl = await toPng(quotationRef.current, {
            quality: 1,
            pixelRatio: 2,
          });

          const link = document.createElement('a');
          link.download = `Bao_Gia_${(customer.name_mother || 'Khach').replace(/\\s+/g, '_')}.png`;
          link.href = dataUrl;
          link.click();

          toast.success('─É├ú xuß║Ñt ß║únh b├ío gi├í th├ánh c├┤ng!', { id: 'quotation-export' });
        } catch (error) {
          console.error('Failed to export image', error);
          toast.error('Lß╗ùi khi xuß║Ñt ß║únh. Vui l├▓ng thß╗¡ lß║íi!', { id: 'quotation-export' });
        } finally {
          setIsExportingQuotation(false);
        }
      }, [customer]);

      const handleBookingSuccess = useCallback(async () => {
        await loadData();
        setIsBookingModalOpen(false);
      }, [loadData]);

      const handlePayRemaining = useCallback((amount: number) => {
        if (isRecordingPayment) return;
        setPaymentData((prev) => ({
          ...prev,
          amount,
        }));
        setIsPaymentModalOpen(true);
      }, [isRecordingPayment]);

      const handleOpenZalo = useCallback(() => {
        if (!customer) return;
        const cleanPhone = customer.phone.replace(/[^\\d]/g, '');
        window.open(`https://zalo.me/${cleanPhone}`, '_blank');
      }, [customer]);

      const handleSharePortal = useCallback(async () => {
        if (!activeBooking) return;
        let token = activeBooking.share_token;

        if (!token) {
          toast.loading('─Éang khß╗ƒi tß║ío link...', { id: 'portal-link' });
          const result = await generateShareToken(activeBooking.id);
          if (result.error || !result.data) {
            toast.error('Lß╗ùi khß╗ƒi tß║ío link: ' + (result.error || 'Unknown error'), { id: 'portal-link' });
            return;
          }
          token = result.data.share_token;
          setActiveBooking({ ...activeBooking, share_token: token });
          toast.dismiss('portal-link');
        }

        const url = `${window.location.origin}/portal/${token}`;
        void navigator.clipboard.writeText(url);
        toast.success('─É├ú sao ch├⌐p link Cß╗òng th├┤ng tin kh├ích h├áng');
      }, [activeBooking]);

      const handleExportContract = useCallback(() => {
        toast.success('─Éang khß╗ƒi tß║ío tß╗çp hß╗úp ─æß╗ông...');
      }, []);

      const handleOpenEditBooking = useCallback(() => {
        if (!activeBooking) return;

        setEditBookingData({
          package_name: activeBooking.package_name || activeBooking.packages?.name || '',
          full_price: activeBooking.full_price || 0,
          deposit_amount: activeBooking.deposit_amount || 0,
          discount_percent: activeBooking.discount_percent || 0,
          total_sessions: activeBooking.total_sessions || 0,
          completed_sessions: activeBooking.completed_sessions || 0,
          preferred_time: activeBooking.preferred_time || '08:00',
          start_date: activeBooking.start_date || '',
          status: activeBooking.status || 'in_progress',
        });
        setIsEditBookingModalOpen(true);
      }, [activeBooking]);

      const isDepositOnly = Boolean(activeBooking && activeBooking.status === 'deposit_pending' && !activeBooking.package_id);
      const sortedSessions = useMemo(
        () => (activeBooking?.session_logs ? [...activeBooking.session_logs].sort((a, b) => (a.session_number || 0) - (b.session_number || 0)) : []),
        [activeBooking]
      );
      const nextSession = sortedSessions.find((session) => session.status === 'scheduled');
      const activePaymentState = activeBooking
        ? calculateBookingPaymentState({
            fullPrice: activeBooking.full_price,
            discountPercent: activeBooking.discount_percent,
            depositAmount: activeBooking.deposit_amount,
            bookingStatus: activeBooking.status,
            revenues: activeBooking.revenue,
          })
        : null;
      const activeDepositAmount = activePaymentState?.totalPaid || 0;
      const activeNetPrice = Math.round(activePaymentState?.priceAfterDiscount || 0);
      const isCompleted = Boolean(activeBooking && (activeBooking.completed_sessions || 0) >= (activeBooking.total_sessions || 15));

      return {
        activeBooking,
        activeDepositAmount,
        activeNetPrice,
        customer,
        editBookingData,
        editData,
        handleBack,
        handleBookingSuccess,
        handleExportContract,
        handleExportQuotation,
        handleOpenBookingSessions,
        handleOpenEditBooking,
        handleOpenEditCustomer,
        handleOpenSessions,
        handleOpenZalo,
        handlePayRemaining,
        handleRecordPayment,
        handleReuseActivePackage,
        handleSaveBooking,
        handleSharePortal,
        handleUpdateCustomer,
        handleUpdateKTV,
        isBookingModalOpen,
        isCompleted,
        isDepositOnly,
        isEditBookingModalOpen,
        isEditModalOpen,
        isExportingQuotation,
        isPaymentModalOpen,
        isRecordingPayment,
        isReusing,
        isSavingBooking,
        isUpdatingCustomer,
        isUpdatingKTV,
        ktvs,
        loading,
        nextSession,
        paymentData,
        paymentFile,
        quotationRef,
        receiptData,
        setActiveBooking: setActiveBookingWithTracking, // Export wrapper instead of direct setter
        setEditBookingData,
        setEditData,
        setIsBookingModalOpen,
        setIsEditBookingModalOpen,
        setIsEditModalOpen,
        setIsPaymentModalOpen,
        setPaymentData,
        setPaymentFile,
        sortedSessions,
        tenantModuleKey,
        userRole,
      };
    }

    'use client';
    // Version: 2.0.0 - Configuration-Driven Payroll System

    import { useState, useEffect } from 'react';
    import { toast } from 'sonner';
    import { Coins, Award, Calendar, Star, Save, Loader2, Target, TrendingUp, BarChart3 } from 'lucide-react';
    import { PremiumSelect } from '@/components/ui/PremiumSelect';
    import {
      loadKPIConfig,
      saveKPIConfig,
      loadAttendanceConfig,
      saveAttendanceConfig,
      loadRatingConfig,
      saveRatingConfig,
      loadCommissionConfig,
      saveCommissionConfig,
    } from '@/services/payroll-config-actions';
    import type { TenantGeneralSettings } from '@/types/domain';
    import type {
      KPIThresholdConfig,
      AttendanceConfig,
      RatingThresholdConfig,
    } from '@/types/payroll-config';

    interface SalaryConfigTabProps {
      generalSettings: TenantGeneralSettings;
      setGeneralSettings: (settings: TenantGeneralSettings) => void;
    }

    export default function SalaryConfigTab({
      generalSettings,
      setGeneralSettings,
    }: SalaryConfigTabProps) {
      // Loading states
      const [isLoading, setIsLoading] = useState(true);
      const [isSaving, setIsSaving] = useState(false);

      // KPI Config
      const [kpiEnabled, setKpiEnabled] = useState(false);
      const [kpiStrategy, setKpiStrategy] = useState<'threshold' | 'linear' | 'tier'>('threshold');
      const [kpiTarget, setKpiTarget] = useState(30);
      const [kpiBonus, setKpiBonus] = useState(1000000);
      // For linear strategy
      const [kpiRatePerSession, setKpiRatePerSession] = useState(50000);
      // For tier strategy
      const [kpiTiers, setKpiTiers] = useState<Array<{ min: number; max: number; bonus: number }>>([
        { min: 0, max: 29, bonus: 0 },
        { min: 30, max: 49, bonus: 1000000 },
        { min: 50, max: 999, bonus: 2000000 }
      ]);

      // Attendance Config
      const [attendanceEnabled, setAttendanceEnabled] = useState(true);
      const [attendanceStrategy, setAttendanceStrategy] = useState<'late_deduction' | 'absent_deduction' | 'combined'>('combined');
      const [latePenalty, setLatePenalty] = useState(50000);
      const [absentPenalty, setAbsentPenalty] = useState(200000);
      const [lateGracePeriod, setLateGracePeriod] = useState(15);

      // Rating Config
      const [ratingEnabled, setRatingEnabled] = useState(false);
      const [ratingStrategy, setRatingStrategy] = useState<'threshold' | 'linear' | 'tier'>('threshold');
      const [minRating, setMinRating] = useState(4.5);
      const [ratingBonus, setRatingBonus] = useState(50000);
      // For linear strategy
      const [ratingRatePerStar, setRatingRatePerStar] = useState(10000);
      // For tier strategy
      const [ratingTiers, setRatingTiers] = useState<Array<{ min: number; max: number; bonus: number }>>([
        { min: 4.0, max: 4.4, bonus: 30000 },
        { min: 4.5, max: 4.9, bonus: 50000 },
        { min: 5.0, max: 5.0, bonus: 100000 }
      ]);

      // Commission Config
      const [commissionEnabled, setCommissionEnabled] = useState(true);
      const [commissionStrategy, setCommissionStrategy] = useState<'fixed' | 'tier' | 'percentage' | 'service' | 'product_sales' | 'total_revenue'>('fixed');
      // For fixed strategy
      const [commissionRate, setCommissionRate] = useState(120000);
      const [commissionMinSessions, setCommissionMinSessions] = useState(0);
      // For tier strategy
      const [commissionTiers, setCommissionTiers] = useState<Array<{ min: number; max: number; rate: number }>>([
        { min: 0, max: 10, rate: 100000 },
        { min: 11, max: 20, rate: 120000 },
        { min: 21, max: 999, rate: 150000 }
      ]);
      // For percentage strategy
      const [commissionPercentage, setCommissionPercentage] = useState(15);
      const [commissionMinRevenue, setCommissionMinRevenue] = useState(0);
      // For service strategy
      const [commissionServiceRates, setCommissionServiceRates] = useState<Record<string, number>>({
        'massage': 150000,
        'facial': 100000,
        'waxing': 80000
      });
      // For product_sales strategy
      const [productSalesPercentage, setProductSalesPercentage] = useState(15);
      const [productSalesMinSales, setProductSalesMinSales] = useState(0);
      // For total_revenue strategy
      const [totalRevenuePercentage, setTotalRevenuePercentage] = useState(10);
      const [totalRevenueMinRevenue, setTotalRevenueMinRevenue] = useState(0);
      const [serviceWeight, setServiceWeight] = useState(1.0);
      const [productWeight, setProductWeight] = useState(1.0);

      // Legacy fallback: Load from generalSettings.salary_config if new config not available
      const [tenantId, setTenantId] = useState<string | null>(null);

      // Get tenantId from session/context
      useEffect(() => {
        async function fetchTenantId() {
          try {
            const { createClient } = await import('@/lib/supabase-client');
            const supabase = createClient();
            const { data: { user } } = await supabase.auth.getUser();
            
            if (user) {
              const { data: profile } = await supabase
                .from('users')
                .select('tenant_id')
                .eq('id', user.id)
                .single();
              
              if (profile?.tenant_id) {
                setTenantId(profile.tenant_id);
              }
            }
          } catch (error) {
            console.error('[SalaryConfigTab] Error fetching tenantId:', error);
          }
        }
        fetchTenantId();
      }, []);

      // Load configurations
      useEffect(() => {
        if (!tenantId) return;

        async function loadConfigs() {
          setIsLoading(true);
          try {
            // Load KPI
            const kpiResult = await loadKPIConfig(tenantId!);
            if (kpiResult.success && kpiResult.data) {
              setKpiEnabled(kpiResult.data.enabled);
              setKpiStrategy(kpiResult.data.strategy as any || 'threshold');
              const config = kpiResult.data.config as any;
              
              if (kpiResult.data.strategy === 'threshold') {
                setKpiTarget(config.target || 30);
                setKpiBonus(config.bonus || 1000000);
              } else if (kpiResult.data.strategy === 'linear') {
                setKpiRatePerSession(config.ratePerSession || 50000);
              } else if (kpiResult.data.strategy === 'tier') {
                setKpiTiers(config.tiers || kpiTiers);
              }
            } else {
              // Fallback to legacy generalSettings
              setKpiTarget(generalSettings.salary_config?.kpi_target_sessions || 30);
              setKpiBonus(generalSettings.salary_config?.kpi_bonus_amount || 1000000);
            }

            // Load Attendance
            const attendanceResult = await loadAttendanceConfig(tenantId!);
            if (attendanceResult.success && attendanceResult.data) {
              setAttendanceEnabled(attendanceResult.data.enabled);
              const config = attendanceResult.data.config as AttendanceConfig;
              setLatePenalty(config.latePenalty || 50000);
              setAbsentPenalty(config.absentPenalty || 200000);
              setLateGracePeriod(config.lateGracePeriod || 15);
            } else {
              // Fallback to legacy generalSettings
              setLatePenalty(generalSettings.salary_config?.penalty_late_per_day || 50000);
              setAbsentPenalty(generalSettings.salary_config?.penalty_absent_per_day || 200000);
            }

            // Load Rating
            const ratingResult = await loadRatingConfig(tenantId!);
            if (ratingResult.success && ratingResult.data) {
              setRatingEnabled(ratingResult.data.enabled);
              const config = ratingResult.data.config as RatingThresholdConfig;
              setMinRating(config.minRating || 4.5);
              setRatingBonus(config.bonus || 50000);
            } else {
              // Fallback to legacy generalSettings
              setRatingBonus(generalSettings.salary_config?.bonus_5_star || 50000);
            }

            // Load Commission
            const commissionResult = await loadCommissionConfig(tenantId!);
            if (commissionResult.success && commissionResult.data) {
              setCommissionEnabled(commissionResult.data.enabled);
              setCommissionStrategy(commissionResult.data.strategy as any || 'fixed');
              const config = commissionResult.data.config as any;
              
              if (commissionResult.data.strategy === 'fixed') {
                setCommissionRate(config.rate || 120000);
                setCommissionMinSessions(config.minSessions || 0);
              } else if (commissionResult.data.strategy === 'tier') {
                setCommissionTiers(config.tiers || commissionTiers);
              } else if (commissionResult.data.strategy === 'percentage') {
                setCommissionPercentage(config.percentage || 15);
                setCommissionMinRevenue(config.minRevenue || 0);
              } else if (commissionResult.data.strategy === 'service') {
                setCommissionServiceRates(config.rates || commissionServiceRates);
              } else if (commissionResult.data.strategy === 'product_sales') {
                setProductSalesPercentage(config.percentage || 15);
                setProductSalesMinSales(config.minSales || 0);
              } else if (commissionResult.data.strategy === 'total_revenue') {
                setTotalRevenuePercentage(config.percentage || 10);
                setTotalRevenueMinRevenue(config.minRevenue || 0);
                setServiceWeight(config.serviceWeight || 1.0);
                setProductWeight(config.productWeight || 1.0);
              }
            } else {
              // Default to fixed strategy if no config
              setCommissionEnabled(true);
              setCommissionRate(120000);
            }
          } catch (error) {
            console.error('[SalaryConfigTab] Error loading configs:', error);
            toast.error('Kh├┤ng thß╗â tß║úi cß║Ñu h├¼nh l╞░╞íng');
          } finally {
            setIsLoading(false);
          }
        }

        loadConfigs();
      }, [tenantId]); // Removed generalSettings.salary_config to prevent re-load after save

      // Save configurations
      const handleSave = async () => {
        if (!tenantId) {
          toast.error('Kh├┤ng t├¼m thß║Ñy tenant ID');
          return;
        }

        setIsSaving(true);
        try {
          // Save KPI
          let kpiConfig: any;
          if (kpiStrategy === 'threshold') {
            kpiConfig = { target: kpiTarget, bonus: kpiBonus, metric: 'sessions' };
          } else if (kpiStrategy === 'linear') {
            kpiConfig = { ratePerSession: kpiRatePerSession, metric: 'sessions' };
          } else if (kpiStrategy === 'tier') {
            kpiConfig = { tiers: kpiTiers, metric: 'sessions' };
          }
          
          const kpiResult = await saveKPIConfig(
            tenantId,
            kpiEnabled,
            kpiStrategy,
            kpiConfig
          );
          if (!kpiResult.success) {
            throw new Error(`KPI: ${kpiResult.error}`);
          }

          // Save Attendance
          const attendanceResult = await saveAttendanceConfig(
            tenantId,
            attendanceEnabled,
            attendanceStrategy,
            {
              latePenalty,
              absentPenalty,
              lateGracePeriod,
            }
          );
          if (!attendanceResult.success) {
            throw new Error(`Attendance: ${attendanceResult.error}`);
          }

          // Save Rating
          let ratingConfig: any;
          if (ratingStrategy === 'threshold') {
            ratingConfig = { minRating, bonus: ratingBonus };
          } else if (ratingStrategy === 'linear') {
            ratingConfig = { ratePerStar: ratingRatePerStar };
          } else if (ratingStrategy === 'tier') {
            ratingConfig = { tiers: ratingTiers };
          }
          
          const ratingResult = await saveRatingConfig(
            tenantId,
            ratingEnabled,
            ratingStrategy,
            ratingConfig
          );
          if (!ratingResult.success) {
            throw new Error(`Rating: ${ratingResult.error}`);
          }

          // Save Commission
          let commissionConfig: any;
          if (commissionStrategy === 'fixed') {
            commissionConfig = { rate: commissionRate, minSessions: commissionMinSessions };
          } else if (commissionStrategy === 'tier') {
            commissionConfig = { tiers: commissionTiers };
          } else if (commissionStrategy === 'percentage') {
            commissionConfig = { percentage: commissionPercentage, minRevenue: commissionMinRevenue };
          } else if (commissionStrategy === 'service') {
            commissionConfig = { rates: commissionServiceRates };
          } else if (commissionStrategy === 'product_sales') {
            commissionConfig = { percentage: productSalesPercentage, minSales: productSalesMinSales };
          } else if (commissionStrategy === 'total_revenue') {
            commissionConfig = { 
              percentage: totalRevenuePercentage, 
              minRevenue: totalRevenueMinRevenue,
              serviceWeight,
              productWeight
            };
          }
          
          const commissionResult = await saveCommissionConfig(
            tenantId,
            commissionEnabled,
            commissionStrategy,
            commissionConfig
          );
          if (!commissionResult.success) {
            throw new Error(`Commission: ${commissionResult.error}`);
          }

          // Also update legacy generalSettings for backward compatibility
          setGeneralSettings({
            ...generalSettings,
            salary_config: {
              ...generalSettings.salary_config,
              kpi_target_sessions: kpiTarget,
              kpi_bonus_amount: kpiBonus,
              penalty_late_per_day: latePenalty,
              penalty_absent_per_day: absentPenalty,
              bonus_5_star: ratingBonus,
              bonus_4_5_star: Math.round(ratingBonus * 0.6),
              bonus_4_star: Math.round(ratingBonus * 0.2),
            },
          });

          toast.success('─É├ú l╞░u cß║Ñu h├¼nh l╞░╞íng th├ánh c├┤ng!');
        } catch (error: any) {
          console.error('[SalaryConfigTab] Save error:', error);
          toast.error(error.message || 'Kh├┤ng thß╗â l╞░u cß║Ñu h├¼nh');
        } finally {
          setIsSaving(false);
        }
      };

      // Input helpers
      const parseIntegerInput = (value: string, { min = 0, max = 1000000000 } = {}) => {
        const num = parseInt(value.replace(/\\D/g, ''), 10);
        if (isNaN(num)) return min;
        return Math.min(Math.max(num, min), max);
      };

      const parseFloatInput = (value: string, { min = 0, max = 5, decimals = 1 } = {}) => {
        const num = parseFloat(value);
        if (isNaN(num)) return min;
        return Math.min(Math.max(Number(num.toFixed(decimals)), min), max);
      };

      if (isLoading && !tenantId) {
        return (
          <div className=\"flex items-center justify-center py-12\">
            <Loader2 className=\"w-8 h-8 animate-spin text-primary\" />
          </div>
        );
      }

      return (
        <div className=\"space-y-8\">
          {/* Header */}
          <div>
            <h2 className=\"text-2xl font-black text-slate-900 dark:text-[#EFE9E1] tracking-tight uppercase\">
              L╞░╞íng & Th╞░ß╗ƒng
            </h2>
            <p className=\"text-sm text-slate-500 dark:text-[#CDBCAB] mt-2 font-medium\">
              Cß║Ñu h├¼nh c├íc ch├¡nh s├ích t├¡nh l╞░╞íng, th╞░ß╗ƒng KPI, phß║ít kß╗╖ luß║¡t v├á th╞░ß╗ƒng chß║Ñt l╞░ß╗úng dß╗ïch vß╗Ñ.
            </p>
          </div>

          {/* KPI Bonus Section */}
          <section className=\"bg-white dark:bg-[#1C1B19] rounded-3xl border border-slate-100 dark:border-[#3E3A35] p-8 space-y-6\">
            <div className=\"flex items-center justify-between\">
              <div className=\"flex items-center gap-4\">
                <div className=\"w-12 h-12 bg-primary/10 dark:bg-[#5D1C34]/30 rounded-2xl flex items-center justify-center\">
                  <Award className=\"w-6 h-6 text-primary dark:text-[#A67D44]\" />
                </div>
                <div>
                  <h3 className=\"text-lg font-black text-slate-900 dark:text-[#EFE9E1] uppercase\">
                    Th╞░ß╗ƒng KPI
                  </h3>
                  <p className=\"text-xs text-slate-500 dark:text-[#CDBCAB] font-medium\">
                    ─Éß║ít mß╗Ñc ti├¬u ca l├ám viß╗çc ΓåÆ Nhß║¡n th╞░ß╗ƒng
                  </p>
                </div>
              </div>
              <label className=\"relative inline-flex items-center cursor-pointer\">
                <input
                  type=\"checkbox\"
                  checked={kpiEnabled}
                  onChange={(e) => setKpiEnabled(e.target.checked)}
                  className=\"sr-only peer\"
                />
                <div className=\"w-14 h-7 bg-slate-300 border border-slate-400/20 dark:bg-[#3E3A35] peer-focus:outline-none rounded-full peer peer-checked:after:translate-x-full peer-checked:after:border-white after:content-[''] after:absolute after:top-[2px] after:left-[2px] after:bg-white after:border-slate-300 dark:after:border-[#2E2B27] after:border after:rounded-full after:h-6 after:w-6 after:transition-all peer-checked:bg-primary dark:peer-checked:bg-[#A67D44]\"></div>
              </label>
            </div>

            {/* Strategy Selector */}
            <div>
              <PremiumSelect
                label=\"Chiß║┐n l╞░ß╗úc t├¡nh th╞░ß╗ƒng\"
                value={kpiStrategy}
                onChange={(value) => setKpiStrategy(value as any)}
                disabled={!kpiEnabled}
                options={[
                  { 
                    value: 'threshold', 
                    label: 'Ng╞░ß╗íng ─æ╞ín (─æß║ít X ca ΓåÆ nhß║¡n Y th╞░ß╗ƒng)',
                    icon: <Target className=\"w-4 h-4\" />
                  },
                  { 
                    value: 'linear', 
                    label: 'Tuyß║┐n t├¡nh (mß╗ùi ca th├¬m ΓåÆ +Z ─æß╗ông)',
                    icon: <TrendingUp className=\"w-4 h-4\" />
                  },
                  { 
                    value: 'tier', 
                    label: 'Bß║¡c thang (nhiß╗üu mß╗⌐c 20/30/40 ca)',
                    icon: <BarChart3 className=\"w-4 h-4\" />
                  }
                ]}
                placeholder=\"Chß╗ìn chiß║┐n l╞░ß╗úc...\"
              />
            </div>

            {/* Conditional forms based on strategy */}
            {kpiStrategy === 'threshold' && (
              <div className=\"grid grid-cols-1 md:grid-cols-2 gap-6\">
                <div>
                  <label className=\"text-xs font-black text-slate-600 dark:text-[#CDBCAB] uppercase tracking-wider mb-3 block\">
                    Mß╗Ñc ti├¬u (sß╗æ ca)
                  </label>
                  <input
                    type=\"number\"
                    value={kpiTarget}
                    onChange={(e) => setKpiTarget(parseIntegerInput(e.target.value, { min: 1, max: 500 }))}
                    disabled={!kpiEnabled}
                    className=\"w-full h-14 rounded-2xl border-2 border-slate-100 dark:border-[#3E3A35] bg-slate-50 dark:bg-[#11100F] px-5 text-base font-bold text-slate-900 dark:text-[#EFE9E1] focus:outline-none focus:border-primary dark:focus:border-[#A67D44] transition-colors disabled:opacity-50 disabled:cursor-not-allowed\"
                  />
                </div>
                <div>
                  <label className=\"text-xs font-black text-slate-600 dark:text-[#CDBCAB] uppercase tracking-wider mb-3 block\">
                    Th╞░ß╗ƒng (VN─É)
                  </label>
                  <input
                    type=\"number\"
                    value={kpiBonus}
                    onChange={(e) => setKpiBonus(parseIntegerInput(e.target.value, { min: 0 }))}
                    disabled={!kpiEnabled}
                    className=\"w-full h-14 rounded-2xl border-2 border-slate-100 dark:border-[#3E3A35] bg-slate-50 dark:bg-[#11100F] px-5 text-base font-bold text-slate-900 dark:text-[#EFE9E1] focus:outline-none focus:border-primary dark:focus:border-[#A67D44] transition-colors disabled:opacity-50 disabled:cursor-not-allowed\"
                  />
                </div>
              </div>
            )}

            {kpiStrategy === 'linear' && (
              <div>
                <label className=\"text-xs font-black text-slate-600 dark:text-[#CDBCAB] uppercase tracking-wider mb-3 block\">
                  Th╞░ß╗ƒng mß╗ùi ca (VN─É)
                </label>
                <input
                  type=\"number\"
                  value={kpiRatePerSession}
                  onChange={(e) => setKpiRatePerSession(parseIntegerInput(e.target.value, { min: 0 }))}
                  disabled={!kpiEnabled}
                  className=\"w-full h-14 rounded-2xl border-2 border-slate-100 dark:border-[#3E3A35] bg-slate-50 dark:bg-[#11100F] px-5 text-base font-bold text-slate-900 dark:text-[#EFE9E1] focus:outline-none focus:border-primary dark:focus:border-[#A67D44] transition-colors disabled:opacity-50 disabled:cursor-not-allowed\"
                  placeholder=\"V├¡ dß╗Ñ: 50000 (50k mß╗ùi ca)\"
                />
              </div>
            )}

            {kpiStrategy === 'tier' && (
              <div className=\"space-y-4\">
                <label className=\"text-xs font-black text-slate-600 dark:text-[#CDBCAB] uppercase tracking-wider mb-3 block\">
                  C├íc mß╗⌐c th╞░ß╗ƒng theo bß║¡c
                </label>
                {kpiTiers.map((tier, index) => (
                  <div key={index} className=\"grid grid-cols-4 gap-4 items-end\">
                    <div>
                      <label className=\"text-xs text-slate-500 dark:text-[#CDBCAB] mb-2 block\">Tß╗½ ca</label>
                      <input
                        type=\"number\"
                        value={tier.min}
                        onChange={(e) => {
                          const newTiers = [...kpiTiers];
                          newTiers[index].min = parseIntegerInput(e.target.value, { min: 0, max: 999 });
                          setKpiTiers(newTiers);
                        }}
                        disabled={!kpiEnabled}
                        className=\"w-full h-12 rounded-xl border-2 border-slate-100 dark:border-[#3E3A35] bg-slate-50 dark:bg-[#11100F] px-4 text-sm font-bold text-slate-900 dark:text-[#EFE9E1] focus:outline-none focus:border-primary dark:focus:border-[#A67D44] transition-colors disabled:opacity-50\"
                      />
                    </div>
                    <div>
                      <label className=\"text-xs text-slate-500 dark:text-[#CDBCAB] mb-2 block\">─Éß║┐n ca</label>
                      <input
                        type=\"number\"
                        value={tier.max}
                        onChange={(e) => {
                          const newTiers = [...kpiTiers];
                          newTiers[index].max = parseIntegerInput(e.target.value, { min: 0, max: 999 });
                          setKpiTiers(newTiers);
                        }}
                        disabled={!kpiEnabled}
                        className=\"w-full h-12 rounded-xl border-2 border-slate-100 dark:border-[#3E3A35] bg-slate-50 dark:bg-[#11100F] px-4 text-sm font-bold text-slate-900 dark:text-[#EFE9E1] focus:outline-none focus:border-primary dark:focus:border-[#A67D44] transition-colors disabled:opacity-50\"
                      />
                    </div>
                    <div>
                      <label className=\"text-xs text-slate-500 dark:text-[#CDBCAB] mb-2 block\">Th╞░ß╗ƒng (VN─É)</label>
                      <input
                        type=\"number\"
                        value={tier.bonus}
                        onChange={(e) => {
                          const newTiers = [...kpiTiers];
                          newTiers[index].bonus = parseIntegerInput(e.target.value, { min: 0 });
                          setKpiTiers(newTiers);
                        }}
                        disabled={!kpiEnabled}
                        className=\"w-full h-12 rounded-xl border-2 border-slate-100 dark:border-[#3E3A35] bg-slate-50 dark:bg-[#11100F] px-4 text-sm font-bold text-slate-900 dark:text-[#EFE9E1] focus:outline-none focus:border-primary dark:focus:border-[#A67D44] transition-colors disabled:opacity-50\"
                      />
                    </div>
                    <button
                      onClick={() => {
                        const newTiers = kpiTiers.filter((_, i) => i !== index);
                        setKpiTiers(newTiers);
                      }}
                      disabled={!kpiEnabled || kpiTiers.length <= 1}
                      className=\"h-12 px-4 rounded-xl bg-rose-50 dark:bg-[#5D1C34]/20 text-rose-600 dark:text-[#EFE9E1] font-bold hover:bg-rose-100 dark:hover:bg-[#5D1C34]/40 transition-colors disabled:opacity-30 disabled:cursor-not-allowed\"
                    >
                      X├│a
                    </button>
                  </div>
                ))}
                <button
                  onClick={() => {
                    const lastTier = kpiTiers[kpiTiers.length - 1];
                    const newMin = lastTier.max + 1;
                    setKpiTiers([...kpiTiers, { min: newMin, max: newMin + 9, bonus: 0 }]);
                  }}
                  disabled={!kpiEnabled}
                  className=\"w-full h-12 rounded-xl border-2 border-dashed border-slate-300 dark:border-[#3E3A35] text-slate-600 dark:text-[#CDBCAB] font-bold hover:border-primary dark:hover:border-[#A67D44] hover:text-primary dark:hover:text-[#A67D44] transition-colors disabled:opacity-50 disabled:cursor-not-allowed\"
                >
                  + Th├¬m mß╗⌐c th╞░ß╗ƒng
                </button>
              </div>
            )}

            {!kpiEnabled && (
              <div className=\"bg-slate-50 dark:bg-[#11100F] border border-slate-100 dark:border-[#3E3A35] rounded-xl px-4 py-3 text-xs text-slate-500 dark:text-[#CDBCAB] font-medium\">
                ΓÜá∩╕Å Th╞░ß╗ƒng KPI hiß╗çn ─æang <strong>tß║»t</strong>. KTV sß║╜ kh├┤ng nhß║¡n th╞░ß╗ƒng khi ─æß║ít mß╗Ñc ti├¬u.
              </div>
            )}
          </section>

          {/* Attendance Penalties Section */}
          <section className=\"bg-white dark:bg-[#1C1B19] rounded-3xl border border-slate-100 dark:border-[#3E3A35] p-8 space-y-6\">
            <div className=\"flex items-center justify-between\">
              <div className=\"flex items-center gap-4\">
                <div className=\"w-12 h-12 bg-rose-50 dark:bg-[#5D1C34]/30 rounded-2xl flex items-center justify-center\">
                  <Calendar className=\"w-6 h-6 text-rose-500 dark:text-[#A67D44]\" />
                </div>
                <div>
                  <h3 className=\"text-lg font-black text-slate-900 dark:text-[#EFE9E1] uppercase\">
                    Phß║ít Kß╗╖ Luß║¡t
                  </h3>
                  <p className=\"text-xs text-slate-500 dark:text-[#CDBCAB] font-medium\">
                    ─Éi trß╗à, Vß║»ng mß║╖t ΓåÆ Trß╗½ l╞░╞íng
                  </p>
                </div>
              </div>
              <label className=\"relative inline-flex items-center cursor-pointer\">
                <input
                  type=\"checkbox\"
                  checked={attendanceEnabled}
                  onChange={(e) => setAttendanceEnabled(e.target.checked)}
                  className=\"sr-only peer\"
                />
                <div className=\"w-14 h-7 bg-slate-300 border border-slate-400/20 dark:bg-[#3E3A35] peer-focus:outline-none rounded-full peer peer-checked:after:translate-x-full peer-checked:after:border-white after:content-[''] after:absolute after:top-[2px] after:left-[2px] after:bg-white after:border-slate-300 dark:after:border-[#2E2B27] after:border after:rounded-full after:h-6 after:w-6 after:transition-all peer-checked:bg-rose-500 dark:peer-checked:bg-[#5D1C34]\"></div>
              </label>
            </div>

            <div className=\"grid grid-cols-1 md:grid-cols-3 gap-6\">
              <div>
                <label className=\"text-xs font-black text-slate-600 dark:text-[#CDBCAB] uppercase tracking-wider mb-3 block\">
                  Phß║ít ─æi trß╗à (VN─É)
                </label>
                <input
                  type=\"number\"
                  value={latePenalty}
                  onChange={(e) => setLatePenalty(parseIntegerInput(e.target.value, { min: 0 }))}
                  disabled={!attendanceEnabled}
                  className=\"w-full h-14 rounded-2xl border-2 border-slate-100 dark:border-[#3E3A35] bg-slate-50 dark:bg-[#11100F] px-5 text-base font-bold text-slate-900 dark:text-[#EFE9E1] focus:outline-none focus:border-rose-500 dark:focus:border-[#5D1C34] transition-colors disabled:opacity-50 disabled:cursor-not-allowed\"
                />
              </div>
              <div>
                <label className=\"text-xs font-black text-slate-600 dark:text-[#CDBCAB] uppercase tracking-wider mb-3 block\">
                  Phß║ít vß║»ng (VN─É)
                </label>
                <input
                  type=\"number\"
                  value={absentPenalty}
                  onChange={(e) => setAbsentPenalty(parseIntegerInput(e.target.value, { min: 0 }))}
                  disabled={!attendanceEnabled}
                  className=\"w-full h-14 rounded-2xl border-2 border-slate-100 dark:border-[#3E3A35] bg-slate-50 dark:bg-[#11100F] px-5 text-base font-bold text-slate-900 dark:text-[#EFE9E1] focus:outline-none focus:border-rose-500 dark:focus:border-[#5D1C34] transition-colors disabled:opacity-50 disabled:cursor-not-allowed\"
                />
              </div>
              <div>
                <label className=\"text-xs font-black text-slate-600 dark:text-[#CDBCAB] uppercase tracking-wider mb-3 block\">
                  Dung sai (ph├║t)
                </label>
                <input
                  type=\"number\"
                  value={lateGracePeriod}
                  onChange={(e) => setLateGracePeriod(parseIntegerInput(e.target.value, { min: 0, max: 60 }))}
                  disabled={!attendanceEnabled}
                  className=\"w-full h-14 rounded-2xl border-2 border-slate-100 dark:border-[#3E3A35] bg-slate-50 dark:bg-[#11100F] px-5 text-base font-bold text-slate-900 dark:text-[#EFE9E1] focus:outline-none focus:border-rose-500 dark:focus:border-[#5D1C34] transition-colors disabled:opacity-50 disabled:cursor-not-allowed\"
                />
              </div>
            </div>

            {!attendanceEnabled && (
              <div className=\"bg-rose-50 dark:bg-[#5D1C34]/20 border border-rose-100 dark:border-[#5D1C34] rounded-xl px-4 py-3 text-xs text-rose-600 dark:text-[#EFE9E1] font-medium\">
                ΓÜá∩╕Å Phß║ít kß╗╖ luß║¡t hiß╗çn ─æang <strong>tß║»t</strong>. Hß╗ç thß╗æng sß║╜ kh├┤ng tß╗▒ ─æß╗Öng trß╗½ l╞░╞íng khi KTV ─æi trß╗à hoß║╖c vß║»ng mß║╖t.
              </div>
            )}
          </section>

          {/* Rating Bonus Section */}
          <section className=\"bg-white dark:bg-[#1C1B19] rounded-3xl border border-slate-100 dark:border-[#3E3A35] p-8 space-y-6\">
            <div className=\"flex items-center justify-between\">
              <div className=\"flex items-center gap-4\">
                <div className=\"w-12 h-12 bg-amber-50 dark:bg-[#A67D44]/20 rounded-2xl flex items-center justify-center\">
                  <Star className=\"w-6 h-6 text-amber-500 dark:text-[#A67D44]\" />
                </div>
                <div>
                  <h3 className=\"text-lg font-black text-slate-900 dark:text-[#EFE9E1] uppercase\">
                    Th╞░ß╗ƒng Chß║Ñt L╞░ß╗úng
                  </h3>
                  <p className=\"text-xs text-slate-500 dark:text-[#CDBCAB] font-medium\">
                    ─É├ính gi├í kh├ích h├áng cao ΓåÆ Nhß║¡n th╞░ß╗ƒng
                  </p>
                </div>
              </div>
              <label className=\"relative inline-flex items-center cursor-pointer\">
                <input
                  type=\"checkbox\"
                  checked={ratingEnabled}
                  onChange={(e) => setRatingEnabled(e.target.checked)}
                  className=\"sr-only peer\"
                />
                <div className=\"w-14 h-7 bg-slate-300 border border-slate-400/20 dark:bg-[#3E3A35] peer-focus:outline-none rounded-full peer peer-checked:after:translate-x-full peer-checked:after:border-white after:content-[''] after:absolute after:top-[2px] after:left-[2px] after:bg-white after:border-slate-300 dark:after:border-[#2E2B27] after:border after:rounded-full after:h-6 after:w-6 after:transition-all peer-checked:bg-amber-500 dark:peer-checked:bg-[#A67D44]\"></div>
              </label>
            </div>

            {/* Strategy Selector */}
            <div>
              <PremiumSelect
                label=\"Chiß║┐n l╞░ß╗úc t├¡nh th╞░ß╗ƒng\"
                value={ratingStrategy}
                onChange={(value) => setRatingStrategy(value as any)}
                disabled={!ratingEnabled}
                options={[
                  { 
                    value: 'threshold', 
                    label: 'Ng╞░ß╗íng ─æ╞ín (ΓëÑ X sao ΓåÆ nhß║¡n Y th╞░ß╗ƒng)',
                    icon: <Target className=\"w-4 h-4\" />
                  },
                  { 
                    value: 'linear', 
                    label: 'Tuyß║┐n t├¡nh (mß╗ùi 0.1 sao th├¬m ΓåÆ +Z ─æß╗ông)',
                    icon: <TrendingUp className=\"w-4 h-4\" />
                  },
                  { 
                    value: 'tier', 
                    label: 'Bß║¡c thang (4.0-4.4 / 4.5-4.9 / 5.0)',
                    icon: <BarChart3 className=\"w-4 h-4\" />
                  }
                ]}
                placeholder=\"Chß╗ìn chiß║┐n l╞░ß╗úc...\"
              />
            </div>

            {/* Conditional forms based on strategy */}
            {ratingStrategy === 'threshold' && (
              <div className=\"grid grid-cols-1 md:grid-cols-2 gap-6\">
                <div>
                  <label className=\"text-xs font-black text-slate-600 dark:text-[#CDBCAB] uppercase tracking-wider mb-3 block\">
                    ─É├ính gi├í tß╗æi thiß╗âu (Γ¡É)
                  </label>
                  <input
                    type=\"number\"
                    step=\"0.1\"
                    value={minRating}
                    onChange={(e) => setMinRating(parseFloatInput(e.target.value, { min: 0, max: 5 }))}
                    disabled={!ratingEnabled}
                    className=\"w-full h-14 rounded-2xl border-2 border-slate-100 dark:border-[#3E3A35] bg-slate-50 dark:bg-[#11100F] px-5 text-base font-bold text-slate-900 dark:text-[#EFE9E1] focus:outline-none focus:border-amber-500 dark:focus:border-[#A67D44] transition-colors disabled:opacity-50 disabled:cursor-not-allowed\"
                  />
                </div>
                <div>
                  <label className=\"text-xs font-black text-slate-600 dark:text-[#CDBCAB] uppercase tracking-wider mb-3 block\">
                    Th╞░ß╗ƒng (VN─É)
                  </label>
                  <input
                    type=\"number\"
                    value={ratingBonus}
                    onChange={(e) => setRatingBonus(parseIntegerInput(e.target.value, { min: 0 }))}
                    disabled={!ratingEnabled}
                    className=\"w-full h-14 rounded-2xl border-2 border-slate-100 dark:border-[#3E3A35] bg-slate-50 dark:bg-[#11100F] px-5 text-base font-bold text-slate-900 dark:text-[#EFE9E1] focus:outline-none focus:border-amber-500 dark:focus:border-[#A67D44] transition-colors disabled:opacity-50 disabled:cursor-not-allowed\"
                  />
                </div>
              </div>
            )}

            {ratingStrategy === 'linear' && (
              <div>
                <label className=\"text-xs font-black text-slate-600 dark:text-[#CDBCAB] uppercase tracking-wider mb-3 block\">
                  Th╞░ß╗ƒng mß╗ùi 0.1 sao (VN─É)
                </label>
                <input
                  type=\"number\"
                  value={ratingRatePerStar}
                  onChange={(e) => setRatingRatePerStar(parseIntegerInput(e.target.value, { min: 0 }))}
                  disabled={!ratingEnabled}
                  className=\"w-full h-14 rounded-2xl border-2 border-slate-100 dark:border-[#3E3A35] bg-slate-50 dark:bg-[#11100F] px-5 text-base font-bold text-slate-900 dark:text-[#EFE9E1] focus:outline-none focus:border-amber-500 dark:focus:border-[#A67D44] transition-colors disabled:opacity-50 disabled:cursor-not-allowed\"
                  placeholder=\"V├¡ dß╗Ñ: 10000 (10k mß╗ùi 0.1 sao)\"
                />
              </div>
            )}

            {ratingStrategy === 'tier' && (
              <div className=\"space-y-4\">
                <label className=\"text-xs font-black text-slate-600 dark:text-[#CDBCAB] uppercase tracking-wider mb-3 block\">
                  C├íc mß╗⌐c th╞░ß╗ƒng theo ─æ├ính gi├í
                </label>
                {ratingTiers.map((tier, index) => (
                  <div key={index} className=\"grid grid-cols-4 gap-4 items-end\">
                    <div>
                      <label className=\"text-xs text-slate-500 dark:text-[#CDBCAB] mb-2 block\">Tß╗½ (Γ¡É)</label>
                      <input
                        type=\"number\"
                        step=\"0.1\"
                        value={tier.min}
                        onChange={(e) => {
                          const newTiers = [...ratingTiers];
                          newTiers[index].min = parseFloatInput(e.target.value, { min: 0, max: 5 });
                          setRatingTiers(newTiers);
                        }}
                        disabled={!ratingEnabled}
                        className=\"w-full h-12 rounded-xl border-2 border-slate-100 dark:border-[#3E3A35] bg-slate-50 dark:bg-[#11100F] px-4 text-sm font-bold text-slate-900 dark:text-[#EFE9E1] focus:outline-none focus:border-amber-500 dark:focus:border-[#A67D44] transition-colors disabled:opacity-50\"
                      />
                    </div>
                    <div>
                      <label className=\"text-xs text-slate-500 dark:text-[#CDBCAB] mb-2 block\">─Éß║┐n (Γ¡É)</label>
                      <input
                        type=\"number\"
                        step=\"0.1\"
                        value={tier.max}
                        onChange={(e) => {
                          const newTiers = [...ratingTiers];
                          newTiers[index].max = parseFloatInput(e.target.value, { min: 0, max: 5 });
                          setRatingTiers(newTiers);
                        }}
                        disabled={!ratingEnabled}
                        className=\"w-full h-12 rounded-xl border-2 border-slate-100 dark:border-[#3E3A35] bg-slate-50 dark:bg-[#11100F] px-4 text-sm font-bold text-slate-900 dark:text-[#EFE9E1] focus:outline-none focus:border-amber-500 dark:focus:border-[#A67D44] transition-colors disabled:opacity-50\"
                      />
                    </div>
                    <div>
                      <label className=\"text-xs text-slate-500 dark:text-[#CDBCAB] mb-2 block\">Th╞░ß╗ƒng (VN─É)</label>
                      <input
                        type=\"number\"
                        value={tier.bonus}
                        onChange={(e) => {
                          const newTiers = [...ratingTiers];
                          newTiers[index].bonus = parseIntegerInput(e.target.value, { min: 0 });
                          setRatingTiers(newTiers);
                        }}
                        disabled={!ratingEnabled}
                        className=\"w-full h-12 rounded-xl border-2 border-slate-100 dark:border-[#3E3A35] bg-slate-50 dark:bg-[#11100F] px-4 text-sm font-bold text-slate-900 dark:text-[#EFE9E1] focus:outline-none focus:border-amber-500 dark:focus:border-[#A67D44] transition-colors disabled:opacity-50\"
                      />
                    </div>
                    <button
                      onClick={() => {
                        const newTiers = ratingTiers.filter((_, i) => i !== index);
                        setRatingTiers(newTiers);
                      }}
                      disabled={!ratingEnabled || ratingTiers.length <= 1}
                      className=\"h-12 px-4 rounded-xl bg-rose-50 dark:bg-[#5D1C34]/20 text-rose-600 dark:text-[#EFE9E1] font-bold hover:bg-rose-100 dark:hover:bg-[#5D1C34]/40 transition-colors disabled:opacity-30 disabled:cursor-not-allowed\"
                    >
                      X├│a
                    </button>
                  </div>
                ))}
                <button
                  onClick={() => {
                    const lastTier = ratingTiers[ratingTiers.length - 1];
                    const newMin = Math.min(lastTier.max + 0.1, 5);
                    setRatingTiers([...ratingTiers, { min: newMin, max: 5.0, bonus: 0 }]);
                  }}
                  disabled={!ratingEnabled}
                  className=\"w-full h-12 rounded-xl border-2 border-dashed border-slate-300 dark:border-[#3E3A35] text-slate-600 dark:text-[#CDBCAB] font-bold hover:border-amber-500 dark:hover:border-[#A67D44] hover:text-amber-500 dark:hover:text-[#A67D44] transition-colors disabled:opacity-50 disabled:cursor-not-allowed\"
                >
                  + Th├¬m mß╗⌐c ─æ├ính gi├í
                </button>
              </div>
            )}

            {!ratingEnabled && (
              <div className=\"bg-amber-50 dark:bg-[#A67D44]/20 border border-amber-100 dark:border-[#A67D44] rounded-xl px-4 py-3 text-xs text-amber-700 dark:text-[#EFE9E1] font-medium\">
                ΓÜá∩╕Å Th╞░ß╗ƒng chß║Ñt l╞░ß╗úng hiß╗çn ─æang <strong>tß║»t</strong>. KTV sß║╜ kh├┤ng nhß║¡n th╞░ß╗ƒng khi c├│ ─æ├ính gi├í cao.
              </div>
            )}
          </section>

          {/* Commission Section */}
          <section className=\"bg-white dark:bg-[#1C1B19] rounded-3xl border border-slate-100 dark:border-[#3E3A35] p-8 space-y-6\">
            <div className=\"flex items-center justify-between\">
              <div className=\"flex items-center gap-4\">
                <div className=\"w-12 h-12 bg-emerald-50 dark:bg-[#2E5D3E]/30 rounded-2xl flex items-center justify-center\">
                  <Coins className=\"w-6 h-6 text-emerald-600 dark:text-[#A67D44]\" />
                </div>
                <div>
                  <h3 className=\"text-lg font-black text-slate-900 dark:text-[#EFE9E1] uppercase\">
                    Hoa Hß╗ông Ca
                  </h3>
                  <p className=\"text-xs text-slate-500 dark:text-[#CDBCAB] font-medium\">
                    L├ám ca ΓåÆ Nhß║¡n hoa hß╗ông theo chiß║┐n l╞░ß╗úc
                  </p>
                </div>
              </div>
              <label className=\"relative inline-flex items-center cursor-pointer\">
                <input
                  type=\"checkbox\"
                  checked={commissionEnabled}
                  onChange={(e) => setCommissionEnabled(e.target.checked)}
                  className=\"sr-only peer\"
                />
                <div className=\"w-14 h-7 bg-slate-300 border border-slate-400/20 dark:bg-[#3E3A35] peer-focus:outline-none rounded-full peer peer-checked:after:translate-x-full peer-checked:after:border-white after:content-[''] after:absolute after:top-[2px] after:left-[2px] after:bg-white after:border-slate-300 dark:after:border-[#2E2B27] after:border after:rounded-full after:h-6 after:w-6 after:transition-all peer-checked:bg-emerald-600 dark:peer-checked:bg-[#2E5D3E]\"></div>
              </label>
            </div>

            {/* Strategy Selector */}
            <div>
              <PremiumSelect
                label=\"Chiß║┐n l╞░ß╗úc t├¡nh hoa hß╗ông\"
                value={commissionStrategy}
                onChange={(value) => setCommissionStrategy(value as any)}
                disabled={!commissionEnabled}
                options={[
                  { 
                    value: 'fixed', 
                    label: 'Cß╗æ ─æß╗ïnh (mß╗ùi ca cß╗æ ─æß╗ïnh X ─æß╗ông)',
                    icon: <Coins className=\"w-4 h-4\" />
                  },
                  { 
                    value: 'tier', 
                    label: 'Bß║¡c thang (0-10caΓåÆ100k, 11-20caΓåÆ120k)',
                    icon: <BarChart3 className=\"w-4 h-4\" />
                  },
                  { 
                    value: 'percentage', 
                    label: 'Phß║ºn tr─âm doanh thu (% gi├í trß╗ï booking)',
                    icon: <TrendingUp className=\"w-4 h-4\" />
                  },
                  { 
                    value: 'service', 
                    label: 'Theo dß╗ïch vß╗Ñ (massageΓåÆ150k, facialΓåÆ100k)',
                    icon: <Target className=\"w-4 h-4\" />
                  },
                  { 
                    value: 'product_sales', 
                    label: 'Phß║ºn tr─âm b├ín h├áng (% doanh sß╗æ mß╗╣ phß║⌐m)',
                    icon: <Coins className=\"w-4 h-4\" />
                  },
                  { 
                    value: 'total_revenue', 
                    label: 'Tß╗òng doanh thu (% dß╗ïch vß╗Ñ + b├ín h├áng)',
                    icon: <TrendingUp className=\"w-4 h-4\" />
                  }
                ]}
                placeholder=\"Chß╗ìn chiß║┐n l╞░ß╗úc...\"
              />
            </div>

            {/* Conditional forms based on strategy */}
            {commissionStrategy === 'fixed' && (
              <div className=\"grid grid-cols-1 md:grid-cols-2 gap-6\">
                <div>
                  <label className=\"text-xs font-black text-slate-600 dark:text-[#CDBCAB] uppercase tracking-wider mb-3 block\">
                    Hoa hß╗ông mß╗ùi ca (VN─É)
                  </label>
                  <input
                    type=\"number\"
                    value={commissionRate}
                    onChange={(e) => setCommissionRate(parseIntegerInput(e.target.value, { min: 0 }))}
                    disabled={!commissionEnabled}
                    className=\"w-full h-14 rounded-2xl border-2 border-slate-100 dark:border-[#3E3A35] bg-slate-50 dark:bg-[#11100F] px-5 text-base font-bold text-slate-900 dark:text-[#EFE9E1] focus:outline-none focus:border-emerald-600 dark:focus:border-[#2E5D3E] transition-colors disabled:opacity-50 disabled:cursor-not-allowed\"
                    placeholder=\"V├¡ dß╗Ñ: 120000\"
                  />
                </div>
                <div>
                  <label className=\"text-xs font-black text-slate-600 dark:text-[#CDBCAB] uppercase tracking-wider mb-3 block\">
                    Sß╗æ ca tß╗æi thiß╗âu (kh├┤ng bß║»t buß╗Öc)
                  </label>
                  <input
                    type=\"number\"
                    value={commissionMinSessions}
                    onChange={(e) => setCommissionMinSessions(parseIntegerInput(e.target.value, { min: 0, max: 100 }))}
                    disabled={!commissionEnabled}
                    className=\"w-full h-14 rounded-2xl border-2 border-slate-100 dark:border-[#3E3A35] bg-slate-50 dark:bg-[#11100F] px-5 text-base font-bold text-slate-900 dark:text-[#EFE9E1] focus:outline-none focus:border-emerald-600 dark:focus:border-[#2E5D3E] transition-colors disabled:opacity-50 disabled:cursor-not-allowed\"
                    placeholder=\"V├¡ dß╗Ñ: 0 (kh├┤ng giß╗¢i hß║ín)\"
                  />
                </div>
              </div>
            )}

            {commissionStrategy === 'tier' && (
              <div className=\"space-y-4\">
                <label className=\"text-xs font-black text-slate-600 dark:text-[#CDBCAB] uppercase tracking-wider mb-3 block\">
                  C├íc mß╗⌐c hoa hß╗ông theo sß╗æ ca
                </label>
                {commissionTiers.map((tier, index) => (
                  <div key={index} className=\"grid grid-cols-4 gap-4 items-end\">
                    <div>
                      <label className=\"text-xs text-slate-500 dark:text-[#CDBCAB] mb-2 block\">Tß╗½ ca</label>
                      <input
                        type=\"number\"
                        value={tier.min}
                        onChange={(e) => {
                          const newTiers = [...commissionTiers];
                          newTiers[index].min = parseIntegerInput(e.target.value, { min: 0, max: 999 });
                          setCommissionTiers(newTiers);
                        }}
                        disabled={!commissionEnabled}
                        className=\"w-full h-12 rounded-xl border-2 border-slate-100 dark:border-[#3E3A35] bg-slate-50 dark:bg-[#11100F] px-4 text-sm font-bold text-slate-900 dark:text-[#EFE9E1] focus:outline-none focus:border-emerald-600 dark:focus:border-[#2E5D3E] transition-colors disabled:opacity-50\"
                      />
                    </div>
                    <div>
                      <label className=\"text-xs text-slate-500 dark:text-[#CDBCAB] mb-2 block\">─Éß║┐n ca</label>
                      <input
                        type=\"number\"
                        value={tier.max}
                        onChange={(e) => {
                          const newTiers = [...commissionTiers];
                          newTiers[index].max = parseIntegerInput(e.target.value, { min: 0, max: 999 });
                          setCommissionTiers(newTiers);
                        }}
                        disabled={!commissionEnabled}
                        className=\"w-full h-12 rounded-xl border-2 border-slate-100 dark:border-[#3E3A35] bg-slate-50 dark:bg-[#11100F] px-4 text-sm font-bold text-slate-900 dark:text-[#EFE9E1] focus:outline-none focus:border-emerald-600 dark:focus:border-[#2E5D3E] transition-colors disabled:opacity-50\"
                      />
                    </div>
                    <div>
                      <label className=\"text-xs text-slate-500 dark:text-[#CDBCAB] mb-2 block\">Hoa hß╗ông (VN─É)</label>
                      <input
                        type=\"number\"
                        value={tier.rate}
                        onChange={(e) => {
                          const newTiers = [...commissionTiers];
                          newTiers[index].rate = parseIntegerInput(e.target.value, { min: 0 });
                          setCommissionTiers(newTiers);
                        }}
                        disabled={!commissionEnabled}
                        className=\"w-full h-12 rounded-xl border-2 border-slate-100 dark:border-[#3E3A35] bg-slate-50 dark:bg-[#11100F] px-4 text-sm font-bold text-slate-900 dark:text-[#EFE9E1] focus:outline-none focus:border-emerald-600 dark:focus:border-[#2E5D3E] transition-colors disabled:opacity-50\"
                      />
                    </div>
                    <button
                      onClick={() => {
                        const newTiers = commissionTiers.filter((_, i) => i !== index);
                        setCommissionTiers(newTiers);
                      }}
                      disabled={!commissionEnabled || commissionTiers.length <= 1}
                      className=\"h-12 px-4 rounded-xl bg-rose-50 dark:bg-[#5D1C34]/20 text-rose-600 dark:text-[#EFE9E1] font-bold hover:bg-rose-100 dark:hover:bg-[#5D1C34]/40 transition-colors disabled:opacity-30 disabled:cursor-not-allowed\"
                    >
                      X├│a
                    </button>
                  </div>
                ))}
                <button
                  onClick={() => {
                    const lastTier = commissionTiers[commissionTiers.length - 1];
                    const newMin = lastTier.max + 1;
                    setCommissionTiers([...commissionTiers, { min: newMin, max: newMin + 9, rate: 0 }]);
                  }}
                  disabled={!commissionEnabled}
                  className=\"w-full h-12 rounded-xl border-2 border-dashed border-slate-300 dark:border-[#3E3A35] text-slate-600 dark:text-[#CDBCAB] font-bold hover:border-emerald-600 dark:hover:border-[#2E5D3E] hover:text-emerald-600 dark:hover:text-[#A67D44] transition-colors disabled:opacity-50 disabled:cursor-not-allowed\"
                >
                  + Th├¬m mß╗⌐c hoa hß╗ông
                </button>
              </div>
            )}

            {commissionStrategy === 'percentage' && (
              <div className=\"grid grid-cols-1 md:grid-cols-2 gap-6\">
                <div>
                  <label className=\"text-xs font-black text-slate-600 dark:text-[#CDBCAB] uppercase tracking-wider mb-3 block\">
                    Phß║ºn tr─âm doanh thu (%)
                  </label>
                  <input
                    type=\"number\"
                    step=\"0.1\"
                    value={commissionPercentage}
                    onChange={(e) => setCommissionPercentage(parseFloatInput(e.target.value, { min: 0, max: 100, decimals: 1 }))}
                    disabled={!commissionEnabled}
                    className=\"w-full h-14 rounded-2xl border-2 border-slate-100 dark:border-[#3E3A35] bg-slate-50 dark:bg-[#11100F] px-5 text-base font-bold text-slate-900 dark:text-[#EFE9E1] focus:outline-none focus:border-emerald-600 dark:focus:border-[#2E5D3E] transition-colors disabled:opacity-50 disabled:cursor-not-allowed\"
                    placeholder=\"V├¡ dß╗Ñ: 15 (15% doanh thu)\"
                  />
                </div>
                <div>
                  <label className=\"text-xs font-black text-slate-600 dark:text-[#CDBCAB] uppercase tracking-wider mb-3 block\">
                    Doanh thu tß╗æi thiß╗âu (VN─É, kh├┤ng bß║»t buß╗Öc)
                  </label>
                  <input
                    type=\"number\"
                    value={commissionMinRevenue}
                    onChange={(e) => setCommissionMinRevenue(parseIntegerInput(e.target.value, { min: 0 }))}
                    disabled={!commissionEnabled}
                    className=\"w-full h-14 rounded-2xl border-2 border-slate-100 dark:border-[#3E3A35] bg-slate-50 dark:bg-[#11100F] px-5 text-base font-bold text-slate-900 dark:text-[#EFE9E1] focus:outline-none focus:border-emerald-600 dark:focus:border-[#2E5D3E] transition-colors disabled:opacity-50 disabled:cursor-not-allowed\"
                    placeholder=\"V├¡ dß╗Ñ: 0 (kh├┤ng giß╗¢i hß║ín)\"
                  />
                </div>
              </div>
            )}

            {commissionStrategy === 'service' && (
              <div className=\"space-y-4\">
                <label className=\"text-xs font-black text-slate-600 dark:text-[#CDBCAB] uppercase tracking-wider mb-3 block\">
                  Hoa hß╗ông theo loß║íi dß╗ïch vß╗Ñ
                </label>
                {Object.entries(commissionServiceRates).map(([serviceKey, rate]) => (
                  <div key={serviceKey} className=\"grid grid-cols-3 gap-4 items-end\">
                    <div className=\"col-span-1\">
                      <label className=\"text-xs text-slate-500 dark:text-[#CDBCAB] mb-2 block\">Loß║íi dß╗ïch vß╗Ñ</label>
                      <input
                        type=\"text\"
                        value={serviceKey}
                        onChange={(e) => {
                          const newRates = { ...commissionServiceRates };
                          delete newRates[serviceKey];
                          newRates[e.target.value] = rate;
                          setCommissionServiceRates(newRates);
                        }}
                        disabled={!commissionEnabled}
                        className=\"w-full h-12 rounded-xl border-2 border-slate-100 dark:border-[#3E3A35] bg-slate-50 dark:bg-[#11100F] px-4 text-sm font-bold text-slate-900 dark:text-[#EFE9E1] focus:outline-none focus:border-emerald-600 dark:focus:border-[#2E5D3E] transition-colors disabled:opacity-50\"
                        placeholder=\"massage, facial...\"
                      />
                    </div>
                    <div className=\"col-span-1\">
                      <label className=\"text-xs text-slate-500 dark:text-[#CDBCAB] mb-2 block\">Hoa hß╗ông (VN─É)</label>
                      <input
                        type=\"number\"
                        value={rate}
                        onChange={(e) => {
                          const newRates = { ...commissionServiceRates };
                          newRates[serviceKey] = parseIntegerInput(e.target.value, { min: 0 });
                          setCommissionServiceRates(newRates);
                        }}
                        disabled={!commissionEnabled}
                        className=\"w-full h-12 rounded-xl border-2 border-slate-100 dark:border-[#3E3A35] bg-slate-50 dark:bg-[#11100F] px-4 text-sm font-bold text-slate-900 dark:text-[#EFE9E1] focus:outline-none focus:border-emerald-600 dark:focus:border-[#2E5D3E] transition-colors disabled:opacity-50\"
                      />
                    </div>
                    <button
                      onClick={() => {
                        const newRates = { ...commissionServiceRates };
                        delete newRates[serviceKey];
                        setCommissionServiceRates(newRates);
                      }}
                      disabled={!commissionEnabled || Object.keys(commissionServiceRates).length <= 1}
                      className=\"h-12 px-4 rounded-xl bg-rose-50 dark:bg-[#5D1C34]/20 text-rose-600 dark:text-[#EFE9E1] font-bold hover:bg-rose-100 dark:hover:bg-[#5D1C34]/40 transition-colors disabled:opacity-30 disabled:cursor-not-allowed\"
                    >
                      X├│a
                    </button>
                  </div>
                ))}
                <button
                  onClick={() => {
                    const newKey = `service_${Object.keys(commissionServiceRates).length + 1}`;
                    setCommissionServiceRates({ ...commissionServiceRates, [newKey]: 100000 });
                  }}
                  disabled={!commissionEnabled}
                  className=\"w-full h-12 rounded-xl border-2 border-dashed border-slate-300 dark:border-[#3E3A35] text-slate-600 dark:text-[#CDBCAB] font-bold hover:border-emerald-600 dark:hover:border-[#2E5D3E] hover:text-emerald-600 dark:hover:text-[#A67D44] transition-colors disabled:opacity-50 disabled:cursor-not-allowed\"
                >
                  + Th├¬m dß╗ïch vß╗Ñ
                </button>
              </div>
            )}

            {commissionStrategy === 'product_sales' && (
              <div className=\"grid grid-cols-1 md:grid-cols-2 gap-6\">
                <div>
                  <label className=\"text-xs font-black text-slate-600 dark:text-[#CDBCAB] uppercase tracking-wider mb-3 block\">
                    Phß║ºn tr─âm doanh sß╗æ b├ín mß╗╣ phß║⌐m (%)
                  </label>
                  <input
                    type=\"number\"
                    step=\"0.1\"
                    value={productSalesPercentage}
                    onChange={(e) => setProductSalesPercentage(parseFloatInput(e.target.value, { min: 0, max: 100, decimals: 1 }))}
                    disabled={!commissionEnabled}
                    className=\"w-full h-14 rounded-2xl border-2 border-slate-100 dark:border-[#3E3A35] bg-slate-50 dark:bg-[#11100F] px-5 text-base font-bold text-slate-900 dark:text-[#EFE9E1] focus:outline-none focus:border-emerald-600 dark:focus:border-[#2E5D3E] transition-colors disabled:opacity-50 disabled:cursor-not-allowed\"
                    placeholder=\"V├¡ dß╗Ñ: 10 (10% doanh sß╗æ b├ín h├áng)\"
                  />
                </div>
                <div>
                  <label className=\"text-xs font-black text-slate-600 dark:text-[#CDBCAB] uppercase tracking-wider mb-3 block\">
                    Doanh sß╗æ tß╗æi thiß╗âu (VN─É, kh├┤ng bß║»t buß╗Öc)
                  </label>
                  <input
                    type=\"number\"
                    value={productSalesMinSales}
                    onChange={(e) => setProductSalesMinSales(parseIntegerInput(e.target.value, { min: 0 }))}
                    disabled={!commissionEnabled}
                    className=\"w-full h-14 rounded-2xl border-2 border-slate-100 dark:border-[#3E3A35] bg-slate-50 dark:bg-[#11100F] px-5 text-base font-bold text-slate-900 dark:text-[#EFE9E1] focus:outline-none focus:border-emerald-600 dark:focus:border-[#2E5D3E] transition-colors disabled:opacity-50 disabled:cursor-not-allowed\"
                    placeholder=\"V├¡ dß╗Ñ: 0 (kh├┤ng giß╗¢i hß║ín)\"
                  />
                </div>
              </div>
            )}

            {commissionStrategy === 'total_revenue' && (
              <div className=\"space-y-6\">
                <div className=\"grid grid-cols-1 md:grid-cols-2 gap-6\">
                  <div>
                    <label className=\"text-xs font-black text-slate-600 dark:text-[#CDBCAB] uppercase tracking-wider mb-3 block\">
                      Phß║ºn tr─âm tß╗òng doanh thu (%)
                    </label>
                    <input
                      type=\"number\"
                      step=\"0.1\"
                      value={totalRevenuePercentage}
                      onChange={(e) => setTotalRevenuePercentage(parseFloatInput(e.target.value, { min: 0, max: 100, decimals: 1 }))}
                      disabled={!commissionEnabled}
                      className=\"w-full h-14 rounded-2xl border-2 border-slate-100 dark:border-[#3E3A35] bg-slate-50 dark:bg-[#11100F] px-5 text-base font-bold text-slate-900 dark:text-[#EFE9E1] focus:outline-none focus:border-emerald-600 dark:focus:border-[#2E5D3E] transition-colors disabled:opacity-50 disabled:cursor-not-allowed\"
                      placeholder=\"V├¡ dß╗Ñ: 12 (12% tß╗òng doanh thu)\"
                    />
                  </div>
                  <div>
                    <label className=\"text-xs font-black text-slate-600 dark:text-[#CDBCAB] uppercase tracking-wider mb-3 block\">
                      Doanh thu tß╗æi thiß╗âu (VN─É, kh├┤ng bß║»t buß╗Öc)
                    </label>
                    <input
                      type=\"number\"
                      value={totalRevenueMinRevenue}
                      onChange={(e) => setTotalRevenueMinRevenue(parseIntegerInput(e.target.value, { min: 0 }))}
                      disabled={!commissionEnabled}
                      className=\"w-full h-14 rounded-2xl border-2 border-slate-100 dark:border-[#3E3A35] bg-slate-50 dark:bg-[#11100F] px-5 text-base font-bold text-slate-900 dark:text-[#EFE9E1] focus:outline-none focus:border-emerald-600 dark:focus:border-[#2E5D3E] transition-colors disabled:opacity-50 disabled:cursor-not-allowed\"
                      placeholder=\"V├¡ dß╗Ñ: 0 (kh├┤ng giß╗¢i hß║ín)\"
                    />
                  </div>
                </div>

                {/* Weight configuration (optional advanced feature) */}
                <div className=\"bg-blue-50 dark:bg-[#11100F] border-2 border-blue-100 dark:border-[#3E3A35] rounded-2xl p-5\">
                  <div className=\"flex items-start gap-3 mb-4\">
                    <div className=\"w-8 h-8 bg-blue-500 dark:bg-blue-600 rounded-xl flex items-center justify-center flex-shrink-0\">
                      <span className=\"text-white text-sm font-black\">∩┐╜∩┐╜</span>
                    </div>
                    <div>
                      <h4 className=\"text-sm font-black text-blue-800 dark:text-[#EFE9E1] mb-1\">T├╣y chß╗ënh trß╗ìng sß╗æ (n├óng cao)</h4>
                      <p className=\"text-xs text-blue-600 dark:text-[#CDBCAB] leading-relaxed\">
                        ─Éiß╗üu chß╗ënh trß╗ìng sß╗æ ─æß╗â ╞░u ti├¬n doanh thu dß╗ïch vß╗Ñ hoß║╖c b├ín h├áng. Mß║╖c ─æß╗ïnh: cß║ú hai ─æß╗ông ─æß╗üu (1.0).
                      </p>
                    </div>
                  </div>

                  <div className=\"grid grid-cols-1 md:grid-cols-2 gap-4\">
                    <div>
                      <label className=\"text-xs font-bold text-blue-700 dark:text-[#CDBCAB] mb-2 block\">
                        Trß╗ìng sß╗æ dß╗ïch vß╗Ñ
                      </label>
                      <input
                        type=\"number\"
                        step=\"0.1\"
                        value={serviceWeight}
                        onChange={(e) => setServiceWeight(parseFloatInput(e.target.value, { min: 0, max: 10, decimals: 1 }))}
                        disabled={!commissionEnabled}
                        className=\"w-full h-12 rounded-xl border-2 border-blue-200 dark:border-[#3E3A35] bg-white dark:bg-[#11100F] px-4 text-sm font-bold text-slate-900 dark:text-[#EFE9E1] focus:outline-none focus:border-blue-500 dark:focus:border-blue-600 transition-colors disabled:opacity-50\"
                        placeholder=\"1.0\"
                      />
                    </div>
                    <div>
                      <label className=\"text-xs font-bold text-blue-700 dark:text-[#CDBCAB] mb-2 block\">
                        Trß╗ìng sß╗æ b├ín h├áng
                      </label>
                      <input
                        type=\"number\"
                        step=\"0.1\"
                        value={productWeight}
                        onChange={(e) => setProductWeight(parseFloatInput(e.target.value, { min: 0, max: 10, decimals: 1 }))}
                        disabled={!commissionEnabled}
                        className=\"w-full h-12 rounded-xl border-2 border-blue-200 dark:border-[#3E3A35] bg-white dark:bg-[#11100F] px-4 text-sm font-bold text-slate-900 dark:text-[#EFE9E1] focus:outline-none focus:border-blue-500 dark:focus:border-blue-600 transition-colors disabled:opacity-50\"
                        placeholder=\"1.0\"
                      />
                    </div>
                  </div>
                </div>
              </div>
            )}

            {!commissionEnabled && (
              <div className=\"bg-emerald-50 dark:bg-[#2E5D3E]/20 border border-emerald-100 dark:border-[#2E5D3E] rounded-xl px-4 py-3 text-xs text-emerald-700 dark:text-[#EFE9E1] font-medium\">
                ΓÜá∩╕Å Hoa hß╗ông ca hiß╗çn ─æang <strong>tß║»t</strong>. KTV sß║╜ kh├┤ng nhß║¡n hoa hß╗ông khi l├ám ca.
              </div>
            )}
          </section>

          {/* Save Button (shown at bottom for convenience) */}
          <div className=\"flex justify-end\">
            <button
              onClick={handleSave}
              disabled={isSaving || !tenantId}
              className=\"flex items-center gap-3 bg-primary hover:bg-primary-hover text-white px-8 py-4 rounded-2xl font-black transition-all shadow-xl shadow-pink-200/50 dark:shadow-none active:scale-95 uppercase tracking-wider disabled:opacity-50 disabled:grayscale\"
            >
              {isSaving ? (
                <Loader2 className=\"w-5 h-5 animate-spin\" />
              ) : (
                <Save className=\"w-5 h-5\" />
              )}
              <span>{isSaving ? '─Éang l╞░u...' : 'L╞░u cß║Ñu h├¼nh'}</span>
            </button>
          </div>

          {/* Info Footer */}
          <div className=\"bg-blue-50 dark:bg-[#11100F] border border-blue-100 dark:border-[#3E3A35] rounded-2xl px-6 py-4\">
            <p className=\"text-xs text-blue-700 dark:text-[#CDBCAB] font-medium leading-relaxed\">
              ∩┐╜∩┐╜ <strong>L╞░u ├╜:</strong> C├íc thay ─æß╗òi sß║╜ ├íp dß╗Ñng cho kß╗│ l╞░╞íng hiß╗çn tß║íi v├á c├íc kß╗│ tiß║┐p theo. 
              Bß║úng l╞░╞íng ─æ├ú chß╗æt (finalized) sß║╜ kh├┤ng bß╗ï ß║únh h╞░ß╗ƒng.
            </p>
          </div>
        </div>
      );
    }

    'use client';

    import type { FormEvent } from 'react';
    import type { TenantModuleKey } from '@/lib/business-rules/tenant-modules';
    import { parsePercentInput } from '@/lib/utils';
    import type { NewVoucherCampaign } from '../types';

    interface CrmVoucherModalProps {
      newVoucher: NewVoucherCampaign;
      onChange: (voucher: NewVoucherCampaign) => void;
      onClose: () => void;
      onSubmit: (event: FormEvent) => void;
      tenantModuleKey?: TenantModuleKey | null;
    }

    const BABYCARE_TARGET_OPTIONS = [
      'B├⌐ tr├▓n 1 tuß╗òi',
      'Mß║╣ bß║ºu sß║»p sinh',
      'Trß║╗ s╞í sinh',
      'Kh├ích h├áng c┼⌐ k├¡ch hoß║ít lß║íi',
    ];

    const BEAUTY_TARGET_OPTIONS = [
      'Kh├ích ch─âm s├│c da ─æß╗ïnh kß╗│',
      'Kh├ích liß╗çu tr├¼nh body',
      'Kh├ích c├┤ng nghß╗ç cao',
      'Kh├ích h├áng c┼⌐ k├¡ch hoß║ít lß║íi',
    ];

    const NEUTRAL_TARGET_OPTIONS = [
      'Kh├ích cß║ºn ch─âm s├│c lß║íi',
      'Kh├ích h├áng th├ón thiß║┐t',
      'Kh├ích quan t├óm dß╗ïch vß╗Ñ mß╗¢i',
      'Kh├ích h├áng c┼⌐ k├¡ch hoß║ít lß║íi',
    ];

    export function CrmVoucherModal({ newVoucher, onChange, onClose, onSubmit, tenantModuleKey }: CrmVoucherModalProps) {
      const voucherTargetOptions = tenantModuleKey === 'babycare'
        ? BABYCARE_TARGET_OPTIONS
        : tenantModuleKey === 'beauty_spa'
          ? BEAUTY_TARGET_OPTIONS
          : NEUTRAL_TARGET_OPTIONS;
      const codePlaceholder = tenantModuleKey === 'babycare' ? 'V├¡ dß╗Ñ: WELCOME_BABY_15' : 'V├¡ dß╗Ñ: SKINCARE_15';

      return (
        <div className=\"fixed inset-0 bg-slate-900/60 backdrop-blur-sm flex items-center justify-center z-50 animate-in fade-in duration-300\">
          <div className=\"bg-white p-8 rounded-[2.5rem] w-full max-w-md shadow-2xl border border-slate-100 animate-in zoom-in-95 duration-300\">
            <h3 className=\"text-xl font-black text-slate-800 uppercase tracking-tight mb-2\">Tß║ío chiß║┐n dß╗ïch voucher mß╗¢i</h3>
            <p className=\"text-xs text-slate-400 font-medium mb-6\">Tß║ío m├ú qu├á tß║╖ng k├¡ch th├¡ch mua h├áng cho kh├ích h├áng th├ón thiß║┐t</p>

            <form onSubmit={onSubmit} className=\"space-y-4\">
              <div className=\"space-y-1\">
                <label className=\"text-[11px] font-black text-slate-400 uppercase tracking-widest\">M├ú voucher</label>
                <input
                  type=\"text\"
                  placeholder={codePlaceholder}
                  required
                  value={newVoucher.code}
                  onChange={(event) => onChange({ ...newVoucher, code: event.target.value.toUpperCase() })}
                  className=\"w-full px-4 py-3 bg-slate-50 rounded-xl border border-slate-100 focus:outline-none focus:border-rose-100 text-sm font-semibold\"
                />
              </div>

              <div className=\"space-y-1\">
                <label className=\"text-[11px] font-black text-slate-400 uppercase tracking-widest\">Phß║ºn tr─âm giß║úm gi├í</label>
                <input
                  type=\"number\"
                  min={1}
                  max={100}
                  required
                  value={newVoucher.discount}
                  onChange={(event) => onChange({ ...newVoucher, discount: parsePercentInput(event.target.value, { min: 1, max: 100, fallback: 10 }) })}
                  className=\"w-full px-4 py-3 bg-slate-50 rounded-xl border border-slate-100 focus:outline-none focus:border-rose-100 text-sm font-semibold\"
                />
              </div>

              <div className=\"space-y-1\">
                <label className=\"text-[11px] font-black text-slate-400 uppercase tracking-widest\">Tß╗çp kh├ích h├áng mß╗Ñc ti├¬u</label>
                <select
                  value={newVoucher.target}
                  onChange={(event) => onChange({ ...newVoucher, target: event.target.value })}
                  className=\"w-full px-4 py-3 bg-slate-50 rounded-xl border border-slate-100 focus:outline-none focus:border-rose-100 text-sm font-semibold\"
                >
                  {voucherTargetOptions.map((option) => (
                    <option key={option} value={option}>{option}</option>
                  ))}
                </select>
              </div>

              <div className=\"pt-4 flex items-center gap-3\">
                <button type=\"button\" onClick={onClose} className=\"flex-1 py-3 bg-slate-100 hover:bg-slate-200 text-slate-600 font-black text-xs uppercase tracking-widest rounded-xl transition-all\">
                  Hß╗ºy bß╗Å
                </button>
                <button type=\"submit\" className=\"flex-1 py-3 bg-primary hover:bg-primary/95 text-white font-black text-xs uppercase tracking-widest rounded-xl transition-all\">
                  Tß║ío chiß║┐n dß╗ïch
                </button>
              </div>
            </form>
          </div>
        </div>
      );
    }

    'use client';

    import type { FormEvent } from 'react';
    import { useCallback, useEffect, useState } from 'react';
    import {
      buildVoucherPromotionPayload,
      normalizePromotionDiscountPercent,
    } from '@/lib/business-rules/promotion';
    import type { TenantModuleKey } from '@/lib/business-rules/tenant-modules';
    import { createPromotion, getPromotions } from '@/services/promotions-actions';
    import type { Database } from '@/types/database.types';
    import type { NewVoucherCampaign, VoucherCampaign } from '../types';

    const BABYCARE_DEFAULT_VOUCHER_TARGET = 'B├⌐ tr├▓n 1 tuß╗òi';
    const BEAUTY_DEFAULT_VOUCHER_TARGET = 'Kh├ích ch─âm s├│c da ─æß╗ïnh kß╗│';
    const NEUTRAL_DEFAULT_VOUCHER_TARGET = 'Kh├ích cß║ºn ch─âm s├│c lß║íi';

    const MODULE_DEFAULT_TARGETS = new Set([
      BABYCARE_DEFAULT_VOUCHER_TARGET,
      BEAUTY_DEFAULT_VOUCHER_TARGET,
      NEUTRAL_DEFAULT_VOUCHER_TARGET,
    ]);

    function getDefaultVoucherTarget(moduleKey: TenantModuleKey | null | undefined) {
      if (moduleKey === 'babycare') return BABYCARE_DEFAULT_VOUCHER_TARGET;
      if (moduleKey === 'beauty_spa') return BEAUTY_DEFAULT_VOUCHER_TARGET;
      return NEUTRAL_DEFAULT_VOUCHER_TARGET;
    }

    function createDefaultNewVoucher(moduleKey: TenantModuleKey | null | undefined): NewVoucherCampaign {
      return {
        code: '',
        discount: 10,
        target: getDefaultVoucherTarget(moduleKey),
        status: 'active',
      };
    }

    type PromotionRow = Database['public']['Tables']['promotions']['Row'];

    function getErrorMessage(error: unknown) {
      return error instanceof Error ? error.message : 'Lß╗ùi kh├┤ng x├íc ─æß╗ïnh';
    }

    function promotionToVoucher(promotion: PromotionRow): VoucherCampaign {
      return {
        id: promotion.id,
        code: promotion.discount_code || promotion.title,
        discount: normalizePromotionDiscountPercent(promotion.discount_percent) ?? 0,
        target: promotion.description,
        status: promotion.is_active ? 'active' : 'paused',
        usage: 0,
      };
    }

    export function useCrmVoucherCampaigns(tenantModuleKey?: TenantModuleKey | null) {
      const [vouchers, setVouchers] = useState<VoucherCampaign[]>([]);
      const [isLoadingVouchers, setIsLoadingVouchers] = useState(true);
      const [voucherError, setVoucherError] = useState<string | null>(null);
      const [isVoucherModalOpen, setIsVoucherModalOpen] = useState(false);
      const [newVoucher, setNewVoucher] = useState<NewVoucherCampaign>(() => createDefaultNewVoucher(tenantModuleKey));

      const loadVouchers = useCallback(async () => {
        setIsLoadingVouchers(true);
        setVoucherError(null);
        try {
          const promotions = await getPromotions();
          setVouchers((promotions as PromotionRow[]).map(promotionToVoucher));
        } catch (error) {
          console.error('[useCrmVoucherCampaigns] Failed to load promotions:', error);
          setVoucherError(`Kh├┤ng thß╗â tß║úi danh s├ích voucher: ${getErrorMessage(error)}`);
        } finally {
          setIsLoadingVouchers(false);
        }
      }, []);

      useEffect(() => {
        const timeoutId = window.setTimeout(() => {
          void loadVouchers();
        }, 0);

        return () => window.clearTimeout(timeoutId);
      }, [loadVouchers]);

      useEffect(() => {
        setNewVoucher((current) => {
          if (current.code.trim() || !MODULE_DEFAULT_TARGETS.has(current.target)) {
            return current;
          }

          return { ...current, target: getDefaultVoucherTarget(tenantModuleKey) };
        });
      }, [tenantModuleKey]);

      const openVoucherModal = useCallback(() => {
        setIsVoucherModalOpen(true);
      }, []);

      const closeVoucherModal = useCallback(() => {
        setIsVoucherModalOpen(false);
      }, []);

      const handleCreateVoucher = useCallback(async (event: FormEvent) => {
        event.preventDefault();
        if (!newVoucher.code.trim()) return;

        const promotionPayload = buildVoucherPromotionPayload(newVoucher);
        if (!promotionPayload.success) {
          setVoucherError(`Kh├┤ng thß╗â tß║ío voucher: ${promotionPayload.error}`);
          return;
        }

        const result = await createPromotion(promotionPayload.payload);
        if (!result.success) {
          setVoucherError(`Kh├┤ng thß╗â tß║ío voucher: ${result.error || 'Lß╗ùi kh├┤ng x├íc ─æß╗ïnh'}`);
          return;
        }

        setIsVoucherModalOpen(false);
        setNewVoucher(createDefaultNewVoucher(tenantModuleKey));
        await loadVouchers();
      }, [loadVouchers, newVoucher, tenantModuleKey]);

      return {
        vouchers,
        isLoadingVouchers,
        voucherError,
        isVoucherModalOpen,
        newVoucher,
        setNewVoucher,
        openVoucherModal,
        closeVoucherModal,
        loadVouchers,
        handleCreateVoucher,
      };
    }

    'use client';

    import { Calendar, Percent, Plus, RefreshCw, Tag } from 'lucide-react';
    import type { FormEvent } from 'react';
    import { normalizePromotionDiscountPercent } from '@/lib/business-rules/promotion';
    import type { PromotionFormState } from './types';

    interface PromotionFormProps {
      form: PromotionFormState;
      isSubmitting: boolean;
      onChange: (patch: Partial<PromotionFormState>) => void;
      onSubmit: (event: FormEvent) => void;
    }

    export function PromotionForm({
      form,
      isSubmitting,
      onChange,
      onSubmit,
    }: PromotionFormProps) {
      return (
        <div className=\"xl:col-span-1 glass-white border border-pink-50 p-6 rounded-[2rem] space-y-6 self-start\">
          <h3 className=\"text-lg font-black text-slate-800 flex items-center gap-2\">
            <Plus className=\"w-5 h-5 text-primary\" />
            Th├¬m ╞░u ─æ├úi mß╗¢i
          </h3>

          <form onSubmit={onSubmit} className=\"space-y-4\">
            <div className=\"space-y-1.5\">
              <label className=\"text-[10px] font-black text-slate-400 uppercase tracking-widest block\">
                Ti├¬u ─æß╗ü ch╞░╞íng tr├¼nh
              </label>
              <input
                type=\"text\"
                required
                value={form.title}
                onChange={(event) => onChange({ title: event.target.value })}
                placeholder=\"VD: Mß╗½ng ng├áy cß╗ºa mß║╣\"
                className=\"w-full px-5 py-3 bg-white/50 border border-pink-100 rounded-xl focus:ring-4 focus:ring-primary/10 focus:border-primary outline-none transition-all font-bold text-sm\"
              />
            </div>

            <div className=\"space-y-1.5\">
              <label className=\"text-[10px] font-black text-slate-400 uppercase tracking-widest block\">
                M├┤ tß║ú chi tiß║┐t
              </label>
              <textarea
                required
                value={form.description}
                onChange={(event) => onChange({ description: event.target.value })}
                placeholder=\"M├┤ tß║ú quyß╗ün lß╗úi v├á ─æiß╗üu kiß╗çn ├íp dß╗Ñng...\"
                rows={3}
                className=\"w-full px-5 py-3 bg-white/50 border border-pink-100 rounded-xl focus:ring-4 focus:ring-primary/10 focus:border-primary outline-none transition-all font-bold text-sm resize-none\"
              />
            </div>

            <div className=\"grid grid-cols-2 gap-4\">
              <div className=\"space-y-1.5\">
                <label className=\"text-[10px] font-black text-slate-400 uppercase tracking-widest flex items-center gap-1\">
                  <Tag className=\"w-3 h-3 text-slate-400\" />
                  M├ú ╞░u ─æ├úi
                </label>
                <input
                  type=\"text\"
                  value={form.discountCode}
                  onChange={(event) =>
                    onChange({ discountCode: event.target.value.toUpperCase().replace(/\\s+/g, '') })
                  }
                  placeholder=\"MOTHER50\"
                  className=\"w-full px-5 py-3 bg-white/50 border border-pink-100 rounded-xl focus:ring-4 focus:ring-primary/10 focus:border-primary outline-none transition-all font-black text-sm font-mono text-rose-500\"
                />
              </div>

              <div className=\"space-y-1.5\">
                <label className=\"text-[10px] font-black text-slate-400 uppercase tracking-widest flex items-center gap-1\">
                  <Percent className=\"w-3 h-3 text-slate-400\" />
                  % giß║úm gi├í
                </label>
                <input
                  type=\"number\"
                  min=\"0\"
                  max=\"100\"
                  value={form.discountPercent}
                  onChange={(event) => onChange({
                    discountPercent: event.target.value === ''
                      ? ''
                      : String(normalizePromotionDiscountPercent(event.target.value) ?? 0),
                  })}
                  placeholder=\"10\"
                  className=\"w-full px-5 py-3 bg-white/50 border border-pink-100 rounded-xl focus:ring-4 focus:ring-primary/10 focus:border-primary outline-none transition-all font-bold text-sm\"
                />
              </div>
            </div>

            <div className=\"grid grid-cols-1 gap-4\">
              <DateField
                label=\"Ng├áy bß║»t ─æß║ºu\"
                value={form.startDate}
                onChange={(value) => onChange({ startDate: value })}
              />
              <DateField
                label=\"Ng├áy kß║┐t th├║c\"
                value={form.endDate}
                onChange={(value) => onChange({ endDate: value })}
              />
            </div>

            <button
              type=\"submit\"
              disabled={isSubmitting}
              className=\"w-full bg-primary hover:bg-primary-hover text-white py-3.5 rounded-xl font-black text-xs uppercase tracking-widest transition-all active:scale-95 shadow-md disabled:opacity-50 disabled:grayscale flex items-center justify-center gap-2 mt-4\"
            >
              {isSubmitting ? <RefreshCw className=\"w-4 h-4 animate-spin\" /> : <Plus className=\"w-4 h-4\" />}
              <span>{isSubmitting ? '─Éang th├¬m...' : 'Tß║ío khuyß║┐n m├úi'}</span>
            </button>
          </form>
        </div>
      );
    }

    function DateField({
      label,
      value,
      onChange,
    }: {
      label: string;
      value: string;
      onChange: (value: string) => void;
    }) {
      return (
        <div className=\"space-y-1.5\">
          <label className=\"text-[10px] font-black text-slate-400 uppercase tracking-widest flex items-center gap-1\">
            <Calendar className=\"w-3 h-3 text-slate-400\" />
            {label}
          </label>
          <input
            type=\"date\"
            value={value}
            onChange={(event) => onChange(event.target.value)}
            className=\"w-full px-4 py-3 bg-white/50 border border-pink-100 rounded-xl focus:ring-4 focus:ring-primary/10 focus:border-primary outline-none transition-all font-bold text-sm\"
          />
        </div>
      );
    }

    'use client';

    import type { FormEvent } from 'react';
    import { useCallback, useEffect, useState } from 'react';
    import { toast } from 'sonner';
    import { buildPromotionPayload } from '@/lib/business-rules/promotion';
    import {
      createPromotion,
      deletePromotion,
      getPromotions,
      togglePromotionActive,
    } from '@/services/promotions-actions';
    import {
      EMPTY_PROMOTION_FORM,
      type Promotion,
      type PromotionFormState,
    } from './types';

    function getErrorMessage(error: unknown) {
      return error instanceof Error ? error.message : String(error);
    }

    export function usePromotionsSettings() {
      const [promotions, setPromotions] = useState<Promotion[]>([]);
      const [form, setForm] = useState<PromotionFormState>(EMPTY_PROMOTION_FORM);
      const [isLoading, setIsLoading] = useState(true);
      const [isSubmitting, setIsSubmitting] = useState(false);
      const [actionId, setActionId] = useState<string | null>(null);

      const loadPromotions = useCallback(async () => {
        setIsLoading(true);
        try {
          const data = await getPromotions();
          setPromotions(data as Promotion[]);
        } catch (error) {
          toast.error(`Kh├┤ng thß╗â tß║úi danh s├ích khuyß║┐n m├úi: ${getErrorMessage(error)}`);
        } finally {
          setIsLoading(false);
        }
      }, []);

      useEffect(() => {
        const timeoutId = window.setTimeout(() => {
          void loadPromotions();
        }, 0);

        return () => window.clearTimeout(timeoutId);
      }, [loadPromotions]);

      const updateForm = useCallback((patch: Partial<PromotionFormState>) => {
        setForm((currentForm) => ({ ...currentForm, ...patch }));
      }, []);

      const handleSubmit = useCallback(async (event: FormEvent) => {
        event.preventDefault();

        if (!form.title.trim() || !form.description.trim()) {
          toast.error('Vui l├▓ng nhß║¡p ─æß║ºy ─æß╗º ti├¬u ─æß╗ü v├á m├┤ tß║ú.');
          return;
        }

        setIsSubmitting(true);
        try {
          const promotionPayload = buildPromotionPayload({
            title: form.title.trim(),
            description: form.description.trim(),
            discount_code: form.discountCode.trim() || null,
            discount_percent: form.discountPercent,
            start_date: form.startDate || null,
            end_date: form.endDate || null,
            is_active: true,
          });

          if (!promotionPayload.success) {
            toast.error(promotionPayload.error);
            return;
          }

          const result = await createPromotion(promotionPayload.payload);

          if (!result.success) {
            toast.error(`Lß╗ùi khi th├¬m khuyß║┐n m├úi: ${result.error}`);
            return;
          }

          toast.success('─É├ú th├¬m ch╞░╞íng tr├¼nh khuyß║┐n m├úi th├ánh c├┤ng.');
          setForm(EMPTY_PROMOTION_FORM);
          await loadPromotions();
        } catch (error) {
          toast.error(`Lß╗ùi kh├┤ng mong muß╗æn: ${getErrorMessage(error)}`);
        } finally {
          setIsSubmitting(false);
        }
      }, [form, loadPromotions]);

      const handleToggleActive = useCallback(async (promotion: Promotion) => {
        const nextStatus = !promotion.is_active;
        setActionId(promotion.id);
        try {
          const result = await togglePromotionActive(promotion.id, nextStatus);
          if (!result.success) {
            toast.error(`Kh├┤ng thß╗â cß║¡p nhß║¡t trß║íng th├íi: ${result.error}`);
            return;
          }

          setPromotions((currentPromotions) =>
            currentPromotions.map((item) =>
              item.id === promotion.id ? { ...item, is_active: nextStatus } : item
            )
          );
          toast.success(nextStatus ? '─É├ú k├¡ch hoß║ít ch╞░╞íng tr├¼nh.' : '─É├ú tß║ím ng╞░ng ch╞░╞íng tr├¼nh.');
        } catch (error) {
          toast.error(`Lß╗ùi: ${getErrorMessage(error)}`);
        } finally {
          setActionId(null);
        }
      }, []);

      const handleDelete = useCallback(async (promotion: Promotion) => {
        if (!confirm('Bß║ín c├│ chß║»c chß║»n muß╗æn x├│a ch╞░╞íng tr├¼nh khuyß║┐n m├úi n├áy kh├┤ng?')) return;

        setActionId(promotion.id);
        try {
          const result = await deletePromotion(promotion.id);
          if (!result.success) {
            toast.error(`Lß╗ùi khi x├│a khuyß║┐n m├úi: ${result.error}`);
            return;
          }

          setPromotions((currentPromotions) =>
            currentPromotions.filter((item) => item.id !== promotion.id)
          );
          toast.success('─É├ú x├│a ch╞░╞íng tr├¼nh khuyß║┐n m├úi th├ánh c├┤ng.');
        } catch (error) {
          toast.error(`Lß╗ùi: ${getErrorMessage(error)}`);
        } finally {
          setActionId(null);
        }
      }, []);

      return {
        promotions,
        form,
        isLoading,
        isSubmitting,
        actionId,
        updateForm,
        handleSubmit,
        handleToggleActive,
        handleDelete,
      };
    }
    "

      173 |     expect(auditedNumericInputSources).toContain('parsePercentInput');
      174 |     expect(auditedNumericInputSources).toContain('parseIntegerInput');
    > 175 |     expect(auditedNumericInputSources).not.toMatch(/parseInt\(/);
          |                                            ^
      176 |     expect(auditedNumericInputSources).not.toMatch(/Number\([^\n]*\)\s*\|\|\s*0/);
      177 |   });
      178 |

      at Object.toMatch (src/__tests__/payment-business-rule-audit.test.ts:175:44)

FAIL src/__tests__/user-actions.test.ts
  ΓùÅ user update audit rollback ΓÇ║ deletes user and records old audit data on success

    Expected tenants.select, got staff_leaves.select

      112 |     }
      113 |     if (next.table !== this.table || next.op !== this.op) {
    > 114 |       throw new Error(`Expected ${next.table}.${next.op}, got ${this.table}.${this.op}`);
          |             ^
      115 |     }
      116 |     return Promise.resolve({ data: next.data ?? null, error: next.error ?? null });
      117 |   }

      at ScriptedQueryBuilder.resolve (src/__tests__/user-actions.test.ts:114:13)
      at ScriptedQueryBuilder.resolve [as then] (src/__tests__/user-actions.test.ts:105:17)
      at deleteUser (src/services/user-actions.ts:755:77)
      at Object.<anonymous> (src/__tests__/user-actions.test.ts:414:20)

  ΓùÅ user update audit rollback ΓÇ║ does not delete user when delete snapshot fails

    Expected tenants.select, got staff_leaves.select

      112 |     }
      113 |     if (next.table !== this.table || next.op !== this.op) {
    > 114 |       throw new Error(`Expected ${next.table}.${next.op}, got ${this.table}.${this.op}`);
          |             ^
      115 |     }
      116 |     return Promise.resolve({ data: next.data ?? null, error: next.error ?? null });
      117 |   }

      at ScriptedQueryBuilder.resolve (src/__tests__/user-actions.test.ts:114:13)
      at ScriptedQueryBuilder.resolve [as then] (src/__tests__/user-actions.test.ts:105:17)
      at deleteUser (src/services/user-actions.ts:755:77)
      at Object.<anonymous> (src/__tests__/user-actions.test.ts:449:20)

  ΓùÅ user update audit rollback ΓÇ║ restores deleted user when delete audit logging fails

    Expected tenants.select, got staff_leaves.select

      112 |     }
      113 |     if (next.table !== this.table || next.op !== this.op) {
    > 114 |       throw new Error(`Expected ${next.table}.${next.op}, got ${this.table}.${this.op}`);
          |             ^
      115 |     }
      116 |     return Promise.resolve({ data: next.data ?? null, error: next.error ?? null });
      117 |   }

      at ScriptedQueryBuilder.resolve (src/__tests__/user-actions.test.ts:114:13)
      at ScriptedQueryBuilder.resolve [as then] (src/__tests__/user-actions.test.ts:105:17)
      at deleteUser (src/services/user-actions.ts:755:77)
      at Object.<anonymous> (src/__tests__/user-actions.test.ts:467:20)

  ΓùÅ user update audit rollback ΓÇ║ reports restore failure when delete audit rollback fails

    Expected tenants.select, got staff_leaves.select

      112 |     }
      113 |     if (next.table !== this.table || next.op !== this.op) {
    > 114 |       throw new Error(`Expected ${next.table}.${next.op}, got ${this.table}.${this.op}`);
          |             ^
      115 |     }
      116 |     return Promise.resolve({ data: next.data ?? null, error: next.error ?? null });
      117 |   }

      at ScriptedQueryBuilder.resolve (src/__tests__/user-actions.test.ts:114:13)
      at ScriptedQueryBuilder.resolve [as then] (src/__tests__/user-actions.test.ts:105:17)
      at deleteUser (src/services/user-actions.ts:755:77)
      at Object.<anonymous> (src/__tests__/user-actions.test.ts:489:20)

  ΓùÅ user update audit rollback ΓÇ║ reports staff leave restore failure when delete audit rollback partially fails

    Expected tenants.select, got staff_leaves.select

      112 |     }
      113 |     if (next.table !== this.table || next.op !== this.op) {
    > 114 |       throw new Error(`Expected ${next.table}.${next.op}, got ${this.table}.${this.op}`);
          |             ^
      115 |     }
      116 |     return Promise.resolve({ data: next.data ?? null, error: next.error ?? null });
      117 |   }

      at ScriptedQueryBuilder.resolve (src/__tests__/user-actions.test.ts:114:13)
      at ScriptedQueryBuilder.resolve [as then] (src/__tests__/user-actions.test.ts:105:17)
      at deleteUser (src/services/user-actions.ts:755:77)
      at Object.<anonymous> (src/__tests__/user-actions.test.ts:511:20)

  ΓùÅ user update audit rollback ΓÇ║ updates KTV base salary, recalculates salary, records audit, and revalidates

    Expected tenants.select, got users.update

      112 |     }
      113 |     if (next.table !== this.table || next.op !== this.op) {
    > 114 |       throw new Error(`Expected ${next.table}.${next.op}, got ${this.table}.${this.op}`);
          |             ^
      115 |     }
      116 |     return Promise.resolve({ data: next.data ?? null, error: next.error ?? null });
      117 |   }

      at ScriptedQueryBuilder.resolve (src/__tests__/user-actions.test.ts:114:13)
      at ScriptedQueryBuilder.resolve [as then] (src/__tests__/user-actions.test.ts:105:17)
      at updateBaseSalary (src/services/user-actions.ts:850:21)
      at Object.<anonymous> (src/__tests__/user-actions.test.ts:536:20)

  ΓùÅ user update audit rollback ΓÇ║ updates non-KTV base salary without salary recalculation

    Expected tenants.select, got users.update

      112 |     }
      113 |     if (next.table !== this.table || next.op !== this.op) {
    > 114 |       throw new Error(`Expected ${next.table}.${next.op}, got ${this.table}.${this.op}`);
          |             ^
      115 |     }
      116 |     return Promise.resolve({ data: next.data ?? null, error: next.error ?? null });
      117 |   }

      at ScriptedQueryBuilder.resolve (src/__tests__/user-actions.test.ts:114:13)
      at ScriptedQueryBuilder.resolve [as then] (src/__tests__/user-actions.test.ts:105:17)
      at updateBaseSalary (src/services/user-actions.ts:850:21)
      at Object.<anonymous> (src/__tests__/user-actions.test.ts:574:20)

  ΓùÅ user update audit rollback ΓÇ║ rolls back KTV base salary when salary recalculation fails

    Expected tenants.select, got users.update

      112 |     }
      113 |     if (next.table !== this.table || next.op !== this.op) {
    > 114 |       throw new Error(`Expected ${next.table}.${next.op}, got ${this.table}.${this.op}`);
          |             ^
      115 |     }
      116 |     return Promise.resolve({ data: next.data ?? null, error: next.error ?? null });
      117 |   }

      at ScriptedQueryBuilder.resolve (src/__tests__/user-actions.test.ts:114:13)
      at ScriptedQueryBuilder.resolve [as then] (src/__tests__/user-actions.test.ts:105:17)
      at updateBaseSalary (src/services/user-actions.ts:850:21)
      at Object.<anonymous> (src/__tests__/user-actions.test.ts:607:20)

  ΓùÅ user update audit rollback ΓÇ║ rolls back KTV base salary and recalculates old salary when audit logging fails

    Expected tenants.select, got users.update

      112 |     }
      113 |     if (next.table !== this.table || next.op !== this.op) {
    > 114 |       throw new Error(`Expected ${next.table}.${next.op}, got ${this.table}.${this.op}`);
          |             ^
      115 |     }
      116 |     return Promise.resolve({ data: next.data ?? null, error: next.error ?? null });
      117 |   }

      at ScriptedQueryBuilder.resolve (src/__tests__/user-actions.test.ts:114:13)
      at ScriptedQueryBuilder.resolve [as then] (src/__tests__/user-actions.test.ts:105:17)
      at updateBaseSalary (src/services/user-actions.ts:850:21)
      at Object.<anonymous> (src/__tests__/user-actions.test.ts:647:20)

  ΓùÅ user update audit rollback ΓÇ║ updates user status and records old/new audit data on success

    Expected tenants.select, got users.update

      112 |     }
      113 |     if (next.table !== this.table || next.op !== this.op) {
    > 114 |       throw new Error(`Expected ${next.table}.${next.op}, got ${this.table}.${this.op}`);
          |             ^
      115 |     }
      116 |     return Promise.resolve({ data: next.data ?? null, error: next.error ?? null });
      117 |   }

      at ScriptedQueryBuilder.resolve (src/__tests__/user-actions.test.ts:114:13)
      at ScriptedQueryBuilder.resolve [as then] (src/__tests__/user-actions.test.ts:105:17)
      at updateUserStatus (src/services/user-actions.ts:586:21)
      at Object.<anonymous> (src/__tests__/user-actions.test.ts:664:20)

  ΓùÅ user update audit rollback ΓÇ║ rolls back user status when audit logging fails

    Expected tenants.select, got users.update

      112 |     }
      113 |     if (next.table !== this.table || next.op !== this.op) {
    > 114 |       throw new Error(`Expected ${next.table}.${next.op}, got ${this.table}.${this.op}`);
          |             ^
      115 |     }
      116 |     return Promise.resolve({ data: next.data ?? null, error: next.error ?? null });
      117 |   }

      at ScriptedQueryBuilder.resolve (src/__tests__/user-actions.test.ts:114:13)
      at ScriptedQueryBuilder.resolve [as then] (src/__tests__/user-actions.test.ts:105:17)
      at updateUserStatus (src/services/user-actions.ts:586:21)
      at Object.<anonymous> (src/__tests__/user-actions.test.ts:692:20)

  ΓùÅ user update audit rollback ΓÇ║ reports rollback failure when user status audit rollback fails

    Expected tenants.select, got users.update

      112 |     }
      113 |     if (next.table !== this.table || next.op !== this.op) {
    > 114 |       throw new Error(`Expected ${next.table}.${next.op}, got ${this.table}.${this.op}`);
          |             ^
      115 |     }
      116 |     return Promise.resolve({ data: next.data ?? null, error: next.error ?? null });
      117 |   }

      at ScriptedQueryBuilder.resolve (src/__tests__/user-actions.test.ts:114:13)
      at ScriptedQueryBuilder.resolve [as then] (src/__tests__/user-actions.test.ts:105:17)
      at updateUserStatus (src/services/user-actions.ts:586:21)
      at Object.<anonymous> (src/__tests__/user-actions.test.ts:714:20)

  ΓùÅ user update audit rollback ΓÇ║ rolls back user profile fields when audit logging fails

    Expected tenants.select, got users.update

      112 |     }
      113 |     if (next.table !== this.table || next.op !== this.op) {
    > 114 |       throw new Error(`Expected ${next.table}.${next.op}, got ${this.table}.${this.op}`);
          |             ^
      115 |     }
      116 |     return Promise.resolve({ data: next.data ?? null, error: next.error ?? null });
      117 |   }

      at ScriptedQueryBuilder.resolve (src/__tests__/user-actions.test.ts:114:13)
      at ScriptedQueryBuilder.resolve [as then] (src/__tests__/user-actions.test.ts:105:17)
      at updateUser (src/services/user-actions.ts:663:21)
      at Object.<anonymous> (src/__tests__/user-actions.test.ts:732:20)

FAIL src/__tests__/e2e-accounting-vat-calculation.test.ts
  ΓùÅ E2E VAT Calculation (Tax Accounting Test) ΓÇ║ should calculate and record VAT from package price

    TypeError: Cannot read properties of null (reading 'amount')

      57 |     }).select('*').single();
      58 |
    > 59 |     expect(revenue!.amount).toBe(packagePrice);
         |                     ^
      60 |     expect(revenue!.vat_amount).toBe(vatAmount);
      61 |
      62 |     console.log('Γ£à Step 1: Revenue recorded with VAT', {

      at Object.amount (src/__tests__/e2e-accounting-vat-calculation.test.ts:59:21)

FAIL src/__tests__/e2e-partner-api-scope-restriction.test.ts
  ΓùÅ E2E Partner API Scope Restriction ΓÇ║ should block write operations for read-only partner

    TypeError: Cannot read properties of null (reading 'api_key')

      33 |       status: 'active',
      34 |     }).select('api_key').single();
    > 35 |     readOnlyApiKey = apiKey!.api_key;
         |                              ^
      36 |   });
      37 |
      38 |   it('should block write operations for read-only partner', async () => {

      at Object.api_key (src/__tests__/e2e-partner-api-scope-restriction.test.ts:35:30)

FAIL src/services/__tests__/discount-decision.service.test.ts
  ΓùÅ applyCampaignPromotion ΓÇ║ should apply referral campaign (50k VND fixed)

    expect(received).toBe(expected) // Object.is equality

    Expected: "Referral Bonus"
    Received: undefined

      297 |
      298 |     expect(result.eligible).toBe(true);
    > 299 |     expect(result.campaignName).toBe('Referral Bonus');
          |                                 ^
      300 |     expect(result.discountAmount).toBe(50000); // Fixed 50k
      301 |     expect(result.discountType).toBe('fixed_amount');
      302 |   });

      at Object.toBe (src/services/__tests__/discount-decision.service.test.ts:299:33)

  ΓùÅ applyCampaignPromotion ΓÇ║ should return not eligible when no active campaigns

    expect(received).toBe(expected) // Object.is equality

    Expected: false
    Received: true

      316 |     });
      317 |
    > 318 |     expect(result.eligible).toBe(false);
          |                             ^
      319 |     expect(result.reason).toContain('No active campaigns available');
      320 |   });
      321 |

      at Object.toBe (src/services/__tests__/discount-decision.service.test.ts:318:29)

  ΓùÅ applyCampaignPromotion ΓÇ║ should reject campaign when below minimum purchase

    expect(received).toBe(expected) // Object.is equality

    Expected: false
    Received: true

      339 |     });
      340 |
    > 341 |     expect(result.eligible).toBe(false);
          |                             ^
      342 |     expect(result.reason).toContain('No eligible campaigns');
      343 |   });
      344 |

      at Object.toBe (src/services/__tests__/discount-decision.service.test.ts:341:29)

  ΓùÅ applyCampaignPromotion ΓÇ║ should reject campaign when customer exceeded usage limit

    expect(received).toBe(expected) // Object.is equality

    Expected: false
    Received: true

      363 |     });
      364 |
    > 365 |     expect(result.eligible).toBe(false);
          |                             ^
      366 |     expect(result.reason).toContain('No eligible campaigns');
      367 |   });
      368 |

      at Object.toBe (src/services/__tests__/discount-decision.service.test.ts:365:29)

  ΓùÅ applyCampaignPromotion ΓÇ║ should select best campaign when multiple eligible

    expect(received).toBe(expected) // Object.is equality

    Expected: 20
    Received: 0

      391 |
      392 |     expect(result.eligible).toBe(true);
    > 393 |     expect(result.discountPercent).toBe(20); // Best campaign selected
          |                                    ^
      394 |   });
      395 |
      396 |   test('should handle database error gracefully', async () => {

      at Object.toBe (src/services/__tests__/discount-decision.service.test.ts:393:36)

  ΓùÅ applyCampaignPromotion ΓÇ║ should handle database error gracefully

    expect(received).toBe(expected) // Object.is equality

    Expected: false
    Received: true

      408 |     });
      409 |
    > 410 |     expect(result.eligible).toBe(false);
          |                             ^
      411 |     expect(result.reason).toContain('Failed to fetch campaigns');
      412 |   });
      413 | });

      at Object.toBe (src/services/__tests__/discount-decision.service.test.ts:410:29)

  ΓùÅ checkDiscountEligibility ΓÇ║ should handle database error gracefully

    expect(received).toBeGreaterThan(expected)

    Expected: > 0
    Received:   0

      500 |
      501 |     expect(result.eligible).toBe(false);
    > 502 |     expect(result.violations.length).toBeGreaterThan(0);
          |                                      ^
      503 |     expect(result.violations[0].rule).toBe('system_error');
      504 |   });
      505 | });

      at Object.toBeGreaterThan (src/services/__tests__/discount-decision.service.test.ts:502:38)

FAIL src/lib/decision-engine/providers/discount/__tests__/discount-provider.test.ts
  ΓùÅ DiscountProvider ΓÇ║ Campaign Discounts ΓÇ║ should apply 12% Bundle discount (3+ services)

    expect(received).toBe(expected) // Object.is equality

    Expected: 12
    Received: 0

      268 |       const result = await provider.evaluate(input);
      269 |
    > 270 |       expect(result.discountPercent).toBe(12);
          |                                      ^
      271 |       expect(result.discountType).toBe('bundle');
      272 |       expect(result.restrictions).toContain('Minimum 3 services required');
      273 |     });

      at Object.toBe (src/lib/decision-engine/providers/discount/__tests__/discount-provider.test.ts:270:38)

FAIL src/__tests__/business-process/composition.test.ts
  ΓùÅ Business Process Composition ΓÇ║ Process Metadata ΓÇ║ should include policy composition metadata

    expect(received).toContain(expected) // indexOf

    Expected value: "BaseSalaryProvider:base-salary-eligibility"
    Received array: ["BaseSalaryProvider:base-salary", "CompensationProvider:session-commission"]

      324 |       expect(result.metadata.policiesSucceeded).toBe(2);
      325 |       expect(result.metadata.policiesFailed).toBe(0);
    > 326 |       expect(result.metadata.policyComposition).toContain('BaseSalaryProvider:base-salary-eligibility');
          |                                                 ^
      327 |       expect(result.metadata.policyComposition).toContain('CompensationProvider:compensation-eligibility');
      328 |       expect(result.metadata.executionMode).toBe('parallel');
      329 |     });

      at Object.toContain (src/__tests__/business-process/composition.test.ts:326:49)

FAIL src/__tests__/ktv-salary-confirmation.test.ts
  ΓùÅ getKtvSalaryForConfirmation ΓÇ║ overlays published salary records with the central salary sheet amounts

    expect(jest.fn()).toHaveBeenCalledWith(...expected)

    Expected: "calculate_ktv_salary_sheet", {"p_month_year": "2026-06-01"}
    Received
           1
              "set_session_tenant",
              Object {
            -   "p_month_year": "2026-06-01",
            +   "p_tenant_id": "tenant-1",
              },
           2
              "calculate_ktv_salary_sheet",
              Object {
                "p_month_year": "2026-06-01",
            +   "p_tenant_id": "tenant-1",
              },

    Number of calls: 2

      144 |       p_tenant_id: 'tenant-1',
      145 |     });
    > 146 |     expect(salarySheetClient.rpc).toHaveBeenCalledWith('calculate_ktv_salary_sheet', {
          |                                   ^
      147 |       p_month_year: '2026-06-01',
      148 |     });
      149 |     expect(result?.sessions).toHaveLength(1);

      at Object.toHaveBeenCalledWith (src/__tests__/ktv-salary-confirmation.test.ts:146:35)

FAIL src/services/decision-actions/__tests__/booking-decisions.test.ts
  ΓùÅ checkBookingConflicts ΓÇ║ should APPROVE when no conflicts exist

    TypeError: mockCreateClient.mockResolvedValue is not a function

      52 |     };
      53 |
    > 54 |     mockCreateClient.mockResolvedValue(mockSupabase as any);
         |                      ^
      55 |   });
      56 |
      57 |   // ΓöÇΓöÇΓöÇΓöÇΓöÇΓöÇΓöÇΓöÇΓöÇΓöÇΓöÇΓöÇΓöÇΓöÇΓöÇΓöÇΓöÇΓöÇΓöÇΓöÇΓöÇΓöÇΓöÇΓöÇΓöÇΓöÇΓöÇΓöÇΓöÇΓöÇΓöÇΓöÇΓöÇΓöÇΓöÇΓöÇΓöÇΓöÇΓöÇΓöÇΓöÇΓöÇΓöÇΓöÇΓöÇΓöÇΓöÇΓöÇΓöÇΓöÇΓöÇΓöÇΓöÇΓöÇΓöÇΓöÇΓöÇΓöÇΓöÇΓöÇΓöÇΓöÇΓöÇΓöÇΓöÇΓöÇΓöÇΓöÇΓöÇΓöÇΓöÇΓöÇΓöÇ

      at Object.mockResolvedValue (src/services/decision-actions/__tests__/booking-decisions.test.ts:54:22)

  ΓùÅ checkBookingConflicts ΓÇ║ should REJECT when KTV has conflicting booking

    TypeError: mockCreateClient.mockResolvedValue is not a function

      52 |     };
      53 |
    > 54 |     mockCreateClient.mockResolvedValue(mockSupabase as any);
         |                      ^
      55 |   });
      56 |
      57 |   // ΓöÇΓöÇΓöÇΓöÇΓöÇΓöÇΓöÇΓöÇΓöÇΓöÇΓöÇΓöÇΓöÇΓöÇΓöÇΓöÇΓöÇΓöÇΓöÇΓöÇΓöÇΓöÇΓöÇΓöÇΓöÇΓöÇΓöÇΓöÇΓöÇΓöÇΓöÇΓöÇΓöÇΓöÇΓöÇΓöÇΓöÇΓöÇΓöÇΓöÇΓöÇΓöÇΓöÇΓöÇΓöÇΓöÇΓöÇΓöÇΓöÇΓöÇΓöÇΓöÇΓöÇΓöÇΓöÇΓöÇΓöÇΓöÇΓöÇΓöÇΓöÇΓöÇΓöÇΓöÇΓöÇΓöÇΓöÇΓöÇΓöÇΓöÇΓöÇΓöÇΓöÇ

      at Object.mockResolvedValue (src/services/decision-actions/__tests__/booking-decisions.test.ts:54:22)

  ΓùÅ checkBookingConflicts ΓÇ║ should REJECT when room has conflicting booking

    TypeError: mockCreateClient.mockResolvedValue is not a function

      52 |     };
      53 |
    > 54 |     mockCreateClient.mockResolvedValue(mockSupabase as any);
         |                      ^
      55 |   });
      56 |
      57 |   // ΓöÇΓöÇΓöÇΓöÇΓöÇΓöÇΓöÇΓöÇΓöÇΓöÇΓöÇΓöÇΓöÇΓöÇΓöÇΓöÇΓöÇΓöÇΓöÇΓöÇΓöÇΓöÇΓöÇΓöÇΓöÇΓöÇΓöÇΓöÇΓöÇΓöÇΓöÇΓöÇΓöÇΓöÇΓöÇΓöÇΓöÇΓöÇΓöÇΓöÇΓöÇΓöÇΓöÇΓöÇΓöÇΓöÇΓöÇΓöÇΓöÇΓöÇΓöÇΓöÇΓöÇΓöÇΓöÇΓöÇΓöÇΓöÇΓöÇΓöÇΓöÇΓöÇΓöÇΓöÇΓöÇΓöÇΓöÇΓöÇΓöÇΓöÇΓöÇΓöÇΓöÇ

      at Object.mockResolvedValue (src/services/decision-actions/__tests__/booking-decisions.test.ts:54:22)

  ΓùÅ checkBookingConflicts ΓÇ║ should APPROVE_WITH_WARNING when KTV has >8 sessions

    TypeError: mockCreateClient.mockResolvedValue is not a function

      52 |     };
      53 |
    > 54 |     mockCreateClient.mockResolvedValue(mockSupabase as any);
         |                      ^
      55 |   });
      56 |
      57 |   // ΓöÇΓöÇΓöÇΓöÇΓöÇΓöÇΓöÇΓöÇΓöÇΓöÇΓöÇΓöÇΓöÇΓöÇΓöÇΓöÇΓöÇΓöÇΓöÇΓöÇΓöÇΓöÇΓöÇΓöÇΓöÇΓöÇΓöÇΓöÇΓöÇΓöÇΓöÇΓöÇΓöÇΓöÇΓöÇΓöÇΓöÇΓöÇΓöÇΓöÇΓöÇΓöÇΓöÇΓöÇΓöÇΓöÇΓöÇΓöÇΓöÇΓöÇΓöÇΓöÇΓöÇΓöÇΓöÇΓöÇΓöÇΓöÇΓöÇΓöÇΓöÇΓöÇΓöÇΓöÇΓöÇΓöÇΓöÇΓöÇΓöÇΓöÇΓöÇΓöÇΓöÇ

      at Object.mockResolvedValue (src/services/decision-actions/__tests__/booking-decisions.test.ts:54:22)

  ΓùÅ checkBookingConflicts ΓÇ║ should REJECT when KTV has ΓëÑ10 sessions

    TypeError: mockCreateClient.mockResolvedValue is not a function

      52 |     };
      53 |
    > 54 |     mockCreateClient.mockResolvedValue(mockSupabase as any);
         |                      ^
      55 |   });
      56 |
      57 |   // ΓöÇΓöÇΓöÇΓöÇΓöÇΓöÇΓöÇΓöÇΓöÇΓöÇΓöÇΓöÇΓöÇΓöÇΓöÇΓöÇΓöÇΓöÇΓöÇΓöÇΓöÇΓöÇΓöÇΓöÇΓöÇΓöÇΓöÇΓöÇΓöÇΓöÇΓöÇΓöÇΓöÇΓöÇΓöÇΓöÇΓöÇΓöÇΓöÇΓöÇΓöÇΓöÇΓöÇΓöÇΓöÇΓöÇΓöÇΓöÇΓöÇΓöÇΓöÇΓöÇΓöÇΓöÇΓöÇΓöÇΓöÇΓöÇΓöÇΓöÇΓöÇΓöÇΓöÇΓöÇΓöÇΓöÇΓöÇΓöÇΓöÇΓöÇΓöÇΓöÇΓöÇ

      at Object.mockResolvedValue (src/services/decision-actions/__tests__/booking-decisions.test.ts:54:22)

  ΓùÅ checkBookingConflicts ΓÇ║ should APPROVE when no KTV is assigned

    TypeError: mockCreateClient.mockResolvedValue is not a function

      52 |     };
      53 |
    > 54 |     mockCreateClient.mockResolvedValue(mockSupabase as any);
         |                      ^
      55 |   });
      56 |
      57 |   // ΓöÇΓöÇΓöÇΓöÇΓöÇΓöÇΓöÇΓöÇΓöÇΓöÇΓöÇΓöÇΓöÇΓöÇΓöÇΓöÇΓöÇΓöÇΓöÇΓöÇΓöÇΓöÇΓöÇΓöÇΓöÇΓöÇΓöÇΓöÇΓöÇΓöÇΓöÇΓöÇΓöÇΓöÇΓöÇΓöÇΓöÇΓöÇΓöÇΓöÇΓöÇΓöÇΓöÇΓöÇΓöÇΓöÇΓöÇΓöÇΓöÇΓöÇΓöÇΓöÇΓöÇΓöÇΓöÇΓöÇΓöÇΓöÇΓöÇΓöÇΓöÇΓöÇΓöÇΓöÇΓöÇΓöÇΓöÇΓöÇΓöÇΓöÇΓöÇΓöÇΓöÇ

      at Object.mockResolvedValue (src/services/decision-actions/__tests__/booking-decisions.test.ts:54:22)

  ΓùÅ checkBookingConflicts ΓÇ║ should APPROVE when no date is assigned

    TypeError: mockCreateClient.mockResolvedValue is not a function

      52 |     };
      53 |
    > 54 |     mockCreateClient.mockResolvedValue(mockSupabase as any);
         |                      ^
      55 |   });
      56 |
      57 |   // ΓöÇΓöÇΓöÇΓöÇΓöÇΓöÇΓöÇΓöÇΓöÇΓöÇΓöÇΓöÇΓöÇΓöÇΓöÇΓöÇΓöÇΓöÇΓöÇΓöÇΓöÇΓöÇΓöÇΓöÇΓöÇΓöÇΓöÇΓöÇΓöÇΓöÇΓöÇΓöÇΓöÇΓöÇΓöÇΓöÇΓöÇΓöÇΓöÇΓöÇΓöÇΓöÇΓöÇΓöÇΓöÇΓöÇΓöÇΓöÇΓöÇΓöÇΓöÇΓöÇΓöÇΓöÇΓöÇΓöÇΓöÇΓöÇΓöÇΓöÇΓöÇΓöÇΓöÇΓöÇΓöÇΓöÇΓöÇΓöÇΓöÇΓöÇΓöÇΓöÇΓöÇ

      at Object.mockResolvedValue (src/services/decision-actions/__tests__/booking-decisions.test.ts:54:22)

  ΓùÅ checkBookingConflicts ΓÇ║ should APPROVE (fail-open) when policy throws error

    TypeError: mockCreateClient.mockResolvedValue is not a function

      52 |     };
      53 |
    > 54 |     mockCreateClient.mockResolvedValue(mockSupabase as any);
         |                      ^
      55 |   });
      56 |
      57 |   // ΓöÇΓöÇΓöÇΓöÇΓöÇΓöÇΓöÇΓöÇΓöÇΓöÇΓöÇΓöÇΓöÇΓöÇΓöÇΓöÇΓöÇΓöÇΓöÇΓöÇΓöÇΓöÇΓöÇΓöÇΓöÇΓöÇΓöÇΓöÇΓöÇΓöÇΓöÇΓöÇΓöÇΓöÇΓöÇΓöÇΓöÇΓöÇΓöÇΓöÇΓöÇΓöÇΓöÇΓöÇΓöÇΓöÇΓöÇΓöÇΓöÇΓöÇΓöÇΓöÇΓöÇΓöÇΓöÇΓöÇΓöÇΓöÇΓöÇΓöÇΓöÇΓöÇΓöÇΓöÇΓöÇΓöÇΓöÇΓöÇΓöÇΓöÇΓöÇΓöÇΓöÇ

      at Object.mockResolvedValue (src/services/decision-actions/__tests__/booking-decisions.test.ts:54:22)

  ΓùÅ checkBookingConflicts ΓÇ║ should APPROVE when no tenant context exists

    TypeError: mockCreateClient.mockResolvedValue is not a function

      52 |     };
      53 |
    > 54 |     mockCreateClient.mockResolvedValue(mockSupabase as any);
         |                      ^
      55 |   });
      56 |
      57 |   // ΓöÇΓöÇΓöÇΓöÇΓöÇΓöÇΓöÇΓöÇΓöÇΓöÇΓöÇΓöÇΓöÇΓöÇΓöÇΓöÇΓöÇΓöÇΓöÇΓöÇΓöÇΓöÇΓöÇΓöÇΓöÇΓöÇΓöÇΓöÇΓöÇΓöÇΓöÇΓöÇΓöÇΓöÇΓöÇΓöÇΓöÇΓöÇΓöÇΓöÇΓöÇΓöÇΓöÇΓöÇΓöÇΓöÇΓöÇΓöÇΓöÇΓöÇΓöÇΓöÇΓöÇΓöÇΓöÇΓöÇΓöÇΓöÇΓöÇΓöÇΓöÇΓöÇΓöÇΓöÇΓöÇΓöÇΓöÇΓöÇΓöÇΓöÇΓöÇΓöÇΓöÇ

      at Object.mockResolvedValue (src/services/decision-actions/__tests__/booking-decisions.test.ts:54:22)

  ΓùÅ checkBookingConflicts ΓÇ║ should APPROVE when time slots are adjacent (no overlap)

    TypeError: mockCreateClient.mockResolvedValue is not a function

      52 |     };
      53 |
    > 54 |     mockCreateClient.mockResolvedValue(mockSupabase as any);
         |                      ^
      55 |   });
      56 |
      57 |   // ΓöÇΓöÇΓöÇΓöÇΓöÇΓöÇΓöÇΓöÇΓöÇΓöÇΓöÇΓöÇΓöÇΓöÇΓöÇΓöÇΓöÇΓöÇΓöÇΓöÇΓöÇΓöÇΓöÇΓöÇΓöÇΓöÇΓöÇΓöÇΓöÇΓöÇΓöÇΓöÇΓöÇΓöÇΓöÇΓöÇΓöÇΓöÇΓöÇΓöÇΓöÇΓöÇΓöÇΓöÇΓöÇΓöÇΓöÇΓöÇΓöÇΓöÇΓöÇΓöÇΓöÇΓöÇΓöÇΓöÇΓöÇΓöÇΓöÇΓöÇΓöÇΓöÇΓöÇΓöÇΓöÇΓöÇΓöÇΓöÇΓöÇΓöÇΓöÇΓöÇΓöÇ

      at Object.mockResolvedValue (src/services/decision-actions/__tests__/booking-decisions.test.ts:54:22)

FAIL src/__tests__/e2e-negative-double-payment-race.test.ts
  ΓùÅ E2E Double Payment Race Condition ΓÇ║ should prevent duplicate payment via idempotency key

    TypeError: Cannot read properties of null (reading 'id')

      31 |       start_date: '2026-06-20', full_price: 5000000, status: 'deposit_pending',
      32 |     }).select('id').single();
    > 33 |     bookingId = booking!.id;
         |                          ^
      34 |   });
      35 |
      36 |   it('should prevent duplicate payment via idempotency key', async () => {

      at Object.id (src/__tests__/e2e-negative-double-payment-race.test.ts:33:26)

FAIL src/__tests__/beauty-spa-module-isolation.test.ts
  ΓùÅ beauty spa module isolation guards ΓÇ║ does not let the services page assume Babycare before tenant modules load

    expect(received).toContain(expected) // indexOf

    Expected substring: "{hasLoadedTenantModules && enabledModules.babycare && ("
    Received string:    "'use client';┬╖
    import { motion, AnimatePresence } from 'framer-motion';
    import {
      Sparkles,
      Plus,
      Search,
      Filter,
      CheckCircle2,
      Tag,
      Clock,
      DollarSign,
      X,
      Zap,
      Database,
      Trash2,
      RefreshCw
    } from 'lucide-react';
    import { formatMoneyInput } from '@bella/shared';
    import { cn, formatNumberWithSeparator, parseDecimalInput, parseIntegerInput,  } from '@/lib/utils';;┬╖
    import { PremiumSelect } from '@/components/ui/PremiumSelect';
    import { usePageRefresh } from '@/hooks/usePageRefresh';
    import { useServicesPageState } from './hooks/useServicesPageState';
    import { useModuleVocabulary } from '@/hooks/useModuleVocabulary';
    import type { ServiceModuleKey } from './types';┬╖
    export default function ServicesPage() {
      const vocab = useModuleVocabulary();
      const {
        isModalOpen,
        setIsModalOpen,
        modalMode,
        searchQuery,
        setSearchQuery,
        statusFilter,
        setStatusFilter,
        moduleFilter,
        setModuleFilter,
        name,
        setName,
        price,
        setPrice,
        duration,
        setDuration,
        sessions,
        setSessions,
        offer,
        setOffer,
        details,
        setDetails,
        ktvCommission,
        setKtvCommission,
        status,
        setStatus,
        moduleKey,
        setModuleKey,
        serviceKind,
        setServiceKind,
        serviceCategory,
        setServiceCategory,
        defaultDurationMinutes,
        setDefaultDurationMinutes,
        requiresResource,
        setRequiresResource,
        defaultResourceType,
        setDefaultResourceType,
        beforeAfterRequired,
        setBeforeAfterRequired,
        careNoteTemplate,
        setCareNoteTemplate,
        enabledModules,
        hasLoadedTenantModules,
        isBeautySpaEnabled,
        bookingResources,
        loadingResources,
        resourceForm,
        setResourceName,
        setResourceType,
        setResourceStatus,
        setResourceCapacity,
        setResourceLocationNote,
        isSavingResource,
        editBookingResource,
        saveBookingResource,
        removeBookingResource,
        resetResourceForm,
        inventoryItems,
        materialRows,
        loadingMaterials,
        filteredServices,
        paginatedServices,
        totalPages,
        startIndex,
        endIndex,
        currentPage,
        isLoading,
        openAddModal,
        openEditModal,
        addMaterialRow,
        updateMaterialRow,
        removeMaterialRow,
        handleDelete,
        toggleServiceStatus,
        syncDefaultPackages,
        handleSubmit,
        handlePageChange,
        refreshData,
      } = useServicesPageState();┬╖
      const resourceTypeLabels = {
        bed: 'Gi╞░ß╗¥ng',
        room: 'Ph├▓ng',
        machine: 'M├íy',
        chair: 'Ghß║┐',
        other: 'Kh├íc',
      };
      const resourceStatusLabels = {
        available: 'Sß║╡n s├áng',
        in_use: '─Éang d├╣ng',
        maintenance: 'Bß║úo tr├¼',
        inactive: 'Ng╞░ng d├╣ng',
      };
      const serviceKindLabels = {
        single_service: 'Dß╗ïch vß╗Ñ lß║╗',
        treatment_package: 'Liß╗çu tr├¼nh / g├│i buß╗òi',
        retail_product: 'Sß║ún phß║⌐m b├ín lß║╗',
        consultation: 'T╞░ vß║Ñn',
      };
      const enabledModuleOptions = [
        ...(enabledModules.babycare
          ? [{ value: 'babycare', label: 'Bella Mother & Baby' }]
          : []),
        ...(enabledModules.beauty_spa
          ? [{ value: 'beauty_spa', label: 'Beauty Spa' }]
          : []),
        ...(enabledModules.industrial_cleaning
          ? [{ value: 'industrial_cleaning', label: 'Industrial Cleaning' }]
          : []),
      ];
      const canManageServices = hasLoadedTenantModules && enabledModuleOptions.length > 0;
      const showModuleFilter = hasLoadedTenantModules && enabledModuleOptions.length > 1;
      const currentModuleLabel = enabledModuleOptions.find(option => option.value === moduleKey)?.label
        || enabledModuleOptions[0]?.label
        || 'Module ch╞░a cß║Ñu h├¼nh';┬╖
      usePageRefresh(refreshData);┬╖
      return (
        <div className=\"flex-1 overflow-auto bg-background/30 p-3 sm:p-6 md:p-10\">
          {/* Header */}
          <div className=\"mb-6 flex flex-col gap-4 md:mb-8 md:flex-row md:items-center md:justify-between\">
            <div className=\"min-w-0\">
              <h1 className=\"text-2xl font-bold tracking-tight text-slate-900 sm:text-3xl\">Quß║ún l├╜ dß╗ïch vß╗Ñ</h1>
              <p className=\"text-slate-500 font-medium mt-1\">Thiß║┐t lß║¡p bß║úng gi├í v├á c├íc ch╞░╞íng tr├¼nh ╞░u ─æ├úi</p>
            </div>
            <div className=\"bella-toolbar flex flex-col gap-3 sm:flex-row\">
              {hasLoadedTenantModules && (enabledModules.babycare || enabledModules.industrial_cleaning || enabledModules.beauty_spa) && (
                <button
                  onClick={syncDefaultPackages}
                  title=\"─Éß╗ông bß╗Ö c├íc g├│i dß╗ïch vß╗Ñ mß║╖c ─æß╗ïnh cß╗ºa ng├ánh kinh doanh th├ánh c├íc bß║ún nh├íp trong ERP\"
                  className=\"flex min-h-12 items-center justify-center gap-2 rounded-2xl border border-slate-200 bg-white px-4 py-3 font-bold text-slate-700 transition-all hover:bg-slate-50 active:scale-95 sm:px-6\"
                >
                  <span>─Éß╗ông bß╗Ö g├│i mß║╖c ─æß╗ïnh</span>
                </button>
              )}
              <button┬╖
                onClick={openAddModal}
                disabled={!canManageServices}
                title={canManageServices ? undefined : 'Dang tai cau hinh nganh kinh doanh'}
                className=\"flex min-h-12 items-center justify-center gap-2 rounded-2xl bg-primary px-4 py-3 font-bold text-white shadow-xl shadow-rose-200 transition-all hover:bg-rose-600 active:scale-95 disabled:cursor-not-allowed disabled:bg-slate-300 disabled:shadow-none dark:shadow-none sm:px-6\"
              >
                <Plus className=\"w-5 h-5\" />
                <span>Th├¬m dß╗ïch vß╗Ñ mß╗¢i</span>
              </button>
            </div>
          </div>┬╖
          {/* Filters & Search */}
          <div className=\"bella-toolbar mb-6 flex flex-col gap-3 rounded-3xl border border-slate-100 bg-white p-3 shadow-sm sm:p-4 md:mb-8 lg:flex-row lg:items-center\">
            <div className=\"relative flex-1 w-full group\">
              <Search className=\"absolute left-4 top-1/2 -translate-y-1/2 text-slate-400 group-focus-within:text-primary transition-colors w-5 h-5\" />
              <input┬╖
                type=\"text\"┬╖
                placeholder=\"T├¼m kiß║┐m dß╗ïch vß╗Ñ...\"┬╖
                value={searchQuery}
                onChange={(e) => setSearchQuery(e.target.value)}
                className=\"w-full pl-12 pr-4 py-3 bg-slate-50 border-none rounded-2xl focus:ring-2 focus:ring-primary/20 outline-none transition-all font-medium text-slate-700\"
              />
            </div>
            <div className=\"w-full flex-shrink-0 lg:w-64\">
              <PremiumSelect
                value={statusFilter}
                options={[
                  { value: 'all', label: 'Tß║Ñt cß║ú trß║íng th├íi', icon: <Filter className=\"w-4 h-4\" /> },
                  { value: 'active', label: '─Éang hoß║ít ─æß╗Öng', icon: <CheckCircle2 className=\"w-4 h-4 text-emerald-500\" /> },
                  { value: 'inactive', label: 'Tß║ím ng╞░ng / Nh├íp', icon: <X className=\"w-4 h-4 text-slate-400\" /> }
                ]}
                onChange={(val) => setStatusFilter(val as 'all' | 'active' | 'inactive')}
                placeholder=\"Lß╗ìc trß║íng th├íi...\"
              />
            </div>
            {showModuleFilter && (
              <div className=\"w-full flex-shrink-0 lg:w-72\">
                <PremiumSelect
                  value={moduleFilter}
                  options={[
                    { value: 'all', label: 'Tß║Ñt cß║ú module', icon: <Tag className=\"h-4 w-4 text-slate-400\" /> },
                    { value: 'babycare', label: 'Bella Mother & Baby', icon: <CheckCircle2 className=\"h-4 w-4 text-emerald-500\" /> },
                    { value: 'beauty_spa', label: 'Beauty Spa', icon: <Sparkles className=\"h-4 w-4 text-fuchsia-500\" /> },
                    { value: 'industrial_cleaning', label: 'Industrial Cleaning', icon: <Zap className=\"h-4 w-4 text-cyan-500\" /> },
                  ]}
                  onChange={(val) => setModuleFilter(val as 'all' | 'babycare' | 'beauty_spa' | 'industrial_cleaning')}
                  placeholder=\"Lß╗ìc module...\"
                />
              </div>
            )}
          </div>┬╖
          {isBeautySpaEnabled && (
            <section className=\"mb-6 rounded-[2rem] border border-rose-100 bg-white p-4 shadow-sm md:mb-8 md:p-6\">
              <div className=\"mb-5 flex flex-col gap-3 md:flex-row md:items-start md:justify-between\">
                <div className=\"flex items-start gap-3\">
                  <div className=\"flex h-11 w-11 shrink-0 items-center justify-center rounded-2xl bg-primary/10 text-primary\">
                    <Database className=\"h-5 w-5\" />
                  </div>
                  <div>
                    <h2 className=\"text-lg font-black text-slate-900\">T├ái nguy├¬n ─æß║╖t lß╗ïch Beauty Spa</h2>
                    <p className=\"text-sm font-semibold text-slate-500\">
                      Quß║ún l├╜ gi╞░ß╗¥ng, ph├▓ng, m├íy hoß║╖c ghß║┐ d├╣ng khi triß╗ân khai lß╗ïch hß║╣n Beauty Spa.
                    </p>
                  </div>
                </div>
                {loadingResources && (
                  <span className=\"inline-flex items-center gap-2 rounded-full bg-slate-50 px-4 py-2 text-xs font-black text-slate-400\">
                    <RefreshCw className=\"h-3.5 w-3.5 animate-spin\" />
                    ─Éang tß║úi
                  </span>
                )}
              </div>┬╖
              <div className=\"grid gap-4 xl:grid-cols-[0.95fr_1.05fr]\">
                <div className=\"grid gap-3 rounded-2xl border border-slate-100 bg-slate-50 p-4 md:grid-cols-2\">
                  <div className=\"space-y-2 md:col-span-2\">
                    <label className=\"ml-1 text-xs font-black uppercase tracking-widest text-slate-400\">
                      T├¬n t├ái nguy├¬n
                    </label>
                    <input
                      value={resourceForm.name}
                      onChange={(event) => setResourceName(event.target.value)}
                      className=\"w-full rounded-2xl border border-slate-100 bg-white px-5 py-3 text-sm font-bold text-slate-800 outline-none transition focus:border-rose-300 focus:ring-4 focus:ring-rose-50\"
                      placeholder=\"VD: Gi╞░ß╗¥ng Facial 01\"
                    />
                  </div>
                  <div className=\"space-y-2\">
                    <label className=\"ml-1 text-xs font-black uppercase tracking-widest text-slate-400\">
                      Loß║íi
                    </label>
                    <PremiumSelect
                      value={resourceForm.resourceType}
                      onChange={(value) => setResourceType(value as keyof typeof resourceTypeLabels)}
                      options={Object.entries(resourceTypeLabels).map(([value, label]) => ({ value, label }))}
                      placeholder=\"Chß╗ìn loß║íi\"
                    />
                  </div>
                  <div className=\"space-y-2\">
                    <label className=\"ml-1 text-xs font-black uppercase tracking-widest text-slate-400\">
                      Trß║íng th├íi
                    </label>
                    <PremiumSelect
                      value={resourceForm.status}
                      onChange={(value) => setResourceStatus(value as keyof typeof resourceStatusLabels)}
                      options={Object.entries(resourceStatusLabels).map(([value, label]) => ({ value, label }))}
                      placeholder=\"Chß╗ìn trß║íng th├íi\"
                    />
                  </div>
                  <div className=\"space-y-2\">
                    <label className=\"ml-1 text-xs font-black uppercase tracking-widest text-slate-400\">
                      Sß╗⌐c chß╗⌐a
                    </label>
                    <input
                      type=\"number\"
                      min={1}
                      max={20}
                      value={resourceForm.capacity}
                      onChange={(event) => setResourceCapacity(event.target.value)}
                      className=\"w-full rounded-2xl border border-slate-100 bg-white px-5 py-3 text-sm font-bold text-slate-800 outline-none transition focus:border-rose-300 focus:ring-4 focus:ring-rose-50\"
                    />
                  </div>
                  <div className=\"space-y-2\">
                    <label className=\"ml-1 text-xs font-black uppercase tracking-widest text-slate-400\">
                      Ghi ch├║ vß╗ï tr├¡
                    </label>
                    <input
                      value={resourceForm.locationNote}
                      onChange={(event) => setResourceLocationNote(event.target.value)}
                      className=\"w-full rounded-2xl border border-slate-100 bg-white px-5 py-3 text-sm font-bold text-slate-800 outline-none transition focus:border-rose-300 focus:ring-4 focus:ring-rose-50\"
                      placeholder=\"VD: Tß║ºng 2\"
                    />
                  </div>
                  <div className=\"flex flex-col gap-2 md:col-span-2 sm:flex-row\">
                    <button
                      type=\"button\"
                      onClick={saveBookingResource}
                      disabled={isSavingResource || !resourceForm.name.trim()}
                      className=\"inline-flex min-h-11 flex-1 items-center justify-center gap-2 rounded-2xl bg-primary px-5 py-3 text-sm font-black text-white shadow-lg shadow-rose-200 transition hover:bg-rose-600 disabled:opacity-50\"
                    >
                      {isSavingResource && <RefreshCw className=\"h-4 w-4 animate-spin\" />}
                      {resourceForm.id ? 'Cß║¡p nhß║¡t t├ái nguy├¬n' : 'Th├¬m t├ái nguy├¬n'}
                    </button>
                    {resourceForm.id && (
                      <button
                        type=\"button\"
                        onClick={resetResourceForm}
                        className=\"inline-flex min-h-11 items-center justify-center rounded-2xl border border-slate-200 bg-white px-5 py-3 text-sm font-black text-slate-500 transition hover:text-slate-800\"
                      >
                        Hß╗ºy sß╗¡a
                      </button>
                    )}
                  </div>
                </div>┬╖
                <div className=\"min-w-0 overflow-x-auto overscroll-x-contain custom-scrollbar rounded-2xl border border-slate-100 bg-white\">
                  <table className=\"bella-data-table min-w-[680px] w-full text-left\">
                    <thead className=\"bg-slate-50 text-[10px] font-black uppercase tracking-widest text-slate-400\">
                      <tr>
                        <th className=\"px-5 py-3\">T├ái nguy├¬n</th>
                        <th className=\"px-5 py-3\">Loß║íi</th>
                        <th className=\"px-5 py-3\">Trß║íng th├íi</th>
                        <th className=\"px-5 py-3\">Sß╗⌐c chß╗⌐a</th>
                        <th className=\"px-5 py-3 text-right\">Thao t├íc</th>
                      </tr>
                    </thead>
                    <tbody className=\"divide-y divide-slate-100 text-sm font-bold text-slate-700\">
                      {bookingResources.length === 0 ? (
                        <tr>
                          <td colSpan={5} className=\"px-5 py-10 text-center text-xs font-bold italic text-slate-400\">
                            Ch╞░a c├│ gi╞░ß╗¥ng/ph├▓ng/m├íy n├áo. Th├¬m t├ái nguy├¬n ─æß║ºu ti├¬n ─æß╗â chuß║⌐n bß╗ï pilot Beauty Spa.
                          </td>
                        </tr>
                      ) : bookingResources.map((resource) => (
                        <tr key={resource.id}>
                          <td className=\"px-5 py-4\">
                            <div className=\"text-slate-900\">{resource.name}</div>
                            {resource.location_note && (
                              <div className=\"mt-1 text-xs text-slate-400\">{resource.location_note}</div>
                            )}
                          </td>
                          <td className=\"px-5 py-4\">{resourceTypeLabels[resource.resource_type as keyof typeof resourceTypeLabels] || 'Kh├íc'}</td>
                          <td className=\"px-5 py-4\">
                            <span className={cn(
                              'rounded-full px-3 py-1 text-[10px] font-black uppercase',
                              resource.status === 'available'
                                ? 'bg-emerald-50 text-emerald-600'
                                : resource.status === 'maintenance'
                                  ? 'bg-amber-50 text-amber-600'
                                  : 'bg-slate-100 text-slate-500',
                            )}>
                              {resourceStatusLabels[resource.status as keyof typeof resourceStatusLabels] || resource.status}
                            </span>
                          </td>
                          <td className=\"px-5 py-4\">{resource.capacity}</td>
                          <td className=\"px-5 py-4\">
                            <div className=\"flex justify-end gap-2\">
                              <button
                                type=\"button\"
                                onClick={() => editBookingResource(resource)}
                                className=\"rounded-xl bg-slate-50 px-3 py-2 text-xs font-black text-slate-500 transition hover:text-primary\"
                              >
                                Sß╗¡a
                              </button>
                              <button
                                type=\"button\"
                                onClick={() => removeBookingResource(resource.id)}
                                className=\"rounded-xl bg-rose-50 px-3 py-2 text-xs font-black text-rose-500 transition hover:bg-rose-100\"
                              >
                                X├│a
                              </button>
                            </div>
                          </td>
                        </tr>
                      ))}
                    </tbody>
                  </table>
                </div>
              </div>
            </section>
          )}┬╖
          {/* Services Grid */}
          {isLoading ? (
            <div className=\"flex min-h-[400px] items-center justify-center\">
              <div className=\"flex flex-col items-center gap-4\">
                <RefreshCw className=\"h-12 w-12 animate-spin text-primary\" />
                <p className=\"text-sm font-bold text-slate-500\">─Éang tß║úi danh s├ích dß╗ïch vß╗Ñ...</p>
              </div>
            </div>
          ) : paginatedServices.length === 0 ? (
            <div className=\"flex min-h-[400px] items-center justify-center\">
              <div className=\"flex flex-col items-center gap-4 text-center\">
                <div className=\"flex h-20 w-20 items-center justify-center rounded-full bg-slate-100\">
                  <Sparkles className=\"h-10 w-10 text-slate-400\" />
                </div>
                <div>
                  <h3 className=\"text-lg font-black text-slate-900\">Ch╞░a c├│ dß╗ïch vß╗Ñ n├áo</h3>
                  <p className=\"mt-1 text-sm font-medium text-slate-500\">
                    Bß║Ñm \"Th├¬m dß╗ïch vß╗Ñ mß╗¢i\" ─æß╗â tß║ío g├│i dß╗ïch vß╗Ñ ─æß║ºu ti├¬n
                  </p>
                </div>
              </div>
            </div>
          ) : (
            <div className=\"grid grid-cols-1 gap-4 xl:grid-cols-2 xl:gap-6\">
              {paginatedServices.map((service, idx) => (
              <motion.div┬╖
                key={service.id}
                initial={{ opacity: 0, y: 20 }}
                animate={{ opacity: 1, y: 0 }}
                transition={{ delay: idx * 0.1 }}
                className=\"group luxury-card-white relative flex h-full flex-col overflow-hidden rounded-[2rem] transition-all lg:flex-row lg:rounded-[2.5rem]\"
              >
                {/* Visual Section */}
                <div className=\"relative flex flex-col items-center justify-center overflow-hidden bg-gradient-to-br from-rose-200 to-pink-300 p-5 dark:from-[#2D1620] dark:to-[#1A0A10] dark:border-r dark:border-[#3E3A35]/30 sm:p-8 lg:w-48\">
                  <div className=\"absolute inset-0 opacity-20 pointer-events-none\">
                    <div className=\"absolute top-0 left-0 w-full h-full bg-[radial-gradient(circle_at_center,_var(--tw-gradient-from)_0%,_transparent_70%)]\" />
                  </div>
                  <div className=\"w-16 h-16 bg-white rounded-3xl flex items-center justify-center shadow-lg shadow-rose-200 dark:shadow-none mb-4 z-10\">
                    <Sparkles className=\"text-primary w-8 h-8\" />
                  </div>
                  <div className=\"bg-primary text-white text-[10px] font-black uppercase tracking-widest px-3 py-1 rounded-full z-10\">
                    {service.total_sessions} Buß╗òi
                  </div>
                </div>┬╖
                {/* Content Section */}
                <div className=\"flex flex-1 flex-col p-5 sm:p-8\">
                  <div className=\"mb-4 flex flex-col gap-3 sm:flex-row sm:items-start sm:justify-between\">
                    <div className=\"min-w-0\">
                      <div className=\"flex flex-wrap items-center gap-2 mb-1\">
                        <h3 className=\"break-words text-lg font-black text-slate-900 sm:text-xl\">{service.name}</h3>
                        <span className={cn(
                          \"px-2 py-0.5 rounded-full text-[8px] font-black uppercase tracking-widest border\",
                          service.status === 'active'┬╖
                            ? \"bg-emerald-50 text-emerald-600 border-emerald-100\"┬╖
                            : \"bg-slate-100 text-slate-400 border-slate-200\"
                        )}>
                          {service.status === 'active' ? '─Éang hoß║ít ─æß╗Öng' : 'Tß║ím ng╞░ng / Nh├íp'}
                        </span>
                        {service.module_key === 'beauty_spa' && (
                          <span className=\"rounded-full border border-fuchsia-100 bg-fuchsia-50 px-2 py-0.5 text-[8px] font-black uppercase tracking-widest text-fuchsia-600\">
                            Beauty Spa
                          </span>
                        )}
                      </div>
                      <div className=\"flex min-w-0 items-center gap-2 text-lg font-black text-primary\">
                        <DollarSign className=\"w-4 h-4\" />
                        <span className=\"break-words\">{formatNumberWithSeparator(service.price ?? 0)}─æ</span>
                      </div>
                    </div>
                    <div className=\"flex shrink-0 items-center gap-2 sm:gap-3\">
                      {/* Status Toggle Switch */}
                      <button
                        onClick={() => toggleServiceStatus(service)}
                        title={service.status === 'active' ? 'Click ─æß╗â tß║ím ng╞░ng g├│i' : 'Click ─æß╗â k├¡ch hoß║ít g├│i'}
                        className={cn(
                          \"relative inline-flex h-5 w-9 flex-shrink-0 cursor-pointer rounded-full border-2 border-transparent transition-colors duration-200 ease-in-out focus:outline-none focus:ring-2 focus:ring-primary/20\",
                          service.status === 'active' ? \"bg-emerald-500\" : \"bg-slate-300\"
                        )}
                      >
                        <span
                          className={cn(
                            \"pointer-events-none inline-block h-4 w-4 transform rounded-full bg-white shadow ring-0 transition duration-200 ease-in-out\",
                            service.status === 'active' ? \"translate-x-4\" : \"translate-x-0\"
                          )}
                        />
                      </button>
                      <button┬╖
                        onClick={() => openEditModal(service)}
                        className=\"p-2 text-slate-400 hover:text-primary hover:bg-rose-50 rounded-xl transition-all\"
                      >
                        <Zap className=\"w-5 h-5\" />
                      </button>
                      <button┬╖
                        onClick={() => handleDelete(service.id)}
                        className=\"p-2 text-slate-400 hover:text-rose-600 hover:bg-rose-50 rounded-xl transition-all\"
                      >
                        <X className=\"w-5 h-5\" />
                      </button>
                    </div>
                  </div>┬╖
                  <div className=\"space-y-4 mb-6 flex-1\">
                    <div className=\"flex min-w-0 items-center gap-3 rounded-2xl bg-slate-50 p-3 text-sm font-bold text-slate-500\">
                      <Clock className=\"h-4 w-4 shrink-0 text-primary\" />
                      <span className=\"break-words\">Thß╗¥i l╞░ß╗úng: {service.duration}</span>
                    </div>
                    {service.module_key === 'beauty_spa' && (
                      <div className=\"flex flex-wrap gap-2 text-xs font-black\">
                        <span className=\"rounded-xl bg-fuchsia-50 px-3 py-1.5 text-fuchsia-600\">
                          {serviceKindLabels[service.service_kind as keyof typeof serviceKindLabels] || 'Liß╗çu tr├¼nh'}
                        </span>
                        {service.service_category && (
                          <span className=\"rounded-xl bg-slate-50 px-3 py-1.5 text-slate-500\">
                            {service.service_category}
                          </span>
                        )}
                        {service.requires_resource && (
                          <span className=\"rounded-xl bg-amber-50 px-3 py-1.5 text-amber-600\">
                            Cß║ºn {resourceTypeLabels[service.default_resource_type as keyof typeof resourceTypeLabels] || 't├ái nguy├¬n'}
                          </span>
                        )}
                        {service.before_after_required && (
                          <span className=\"rounded-xl bg-sky-50 px-3 py-1.5 text-sky-600\">
                            ß║ónh tr╞░ß╗¢c/sau
                          </span>
                        )}
                      </div>
                    )}
                    <div className=\"space-y-2\">
                      <p className=\"text-[10px] font-black text-slate-400 uppercase tracking-widest ml-1\">Chi tiß║┐t dß╗ïch vß╗Ñ</p>
                      <div className=\"flex flex-wrap gap-2\">
                        {Array.isArray(service.details) ? service.details.map((detail: string, i: number) => (
                          <span key={i} className=\"break-words rounded-xl border border-slate-100 bg-slate-50 px-3 py-1.5 text-xs font-bold text-slate-600\">
                            {detail}
                          </span>
                        )) : null}
                      </div>
                    </div>
                  </div>┬╖
                  {/* Offer Badge */}
                  <div className=\"bg-rose-50 border border-rose-100 rounded-2xl p-4 flex items-start gap-3\">
                    <div className=\"w-8 h-8 bg-white rounded-xl flex items-center justify-center flex-shrink-0 shadow-sm shadow-rose-100 dark:shadow-none\">
                      <Tag className=\"w-4 h-4 text-primary\" />
                    </div>
                    <div className=\"min-w-0 break-words text-xs font-bold leading-relaxed text-rose-600\">
                      <span className=\"uppercase text-[10px] block opacity-60 mb-0.5\">╞»u ─æ├úi hiß╗çn c├│</span>
                      {service.offer}
                    </div>
                  </div>
                </div>
              </motion.div>
            ))}
          </div>
          )}┬╖
          {/* Pagination Controls */}
          {totalPages > 1 && (
            <div className=\"mt-10 flex flex-col items-center justify-between gap-6 md:flex-row\">
              <p className=\"text-slate-400 font-bold text-[10px] uppercase tracking-widest\">
                Hiß╗ân thß╗ï <span className=\"text-slate-900\">{startIndex}-{endIndex}</span> tr├¬n tß╗òng sß╗æ <span className=\"text-slate-900\">{filteredServices.length}</span> g├│i dß╗ïch vß╗Ñ
              </p>┬╖┬╖┬╖┬╖┬╖┬╖┬╖┬╖┬╖┬╖┬╖
              <div className=\"bella-pagination\">
                <button┬╖
                  onClick={() => handlePageChange(Math.max(1, currentPage - 1))}
                  disabled={currentPage === 1}
                  className=\"p-3 rounded-xl bg-white border border-slate-100 text-slate-400 hover:text-primary hover:border-primary/20 disabled:opacity-30 disabled:hover:text-slate-400 disabled:hover:border-slate-100 transition-all active:scale-90 shadow-sm\"
                >
                  <svg className=\"w-5 h-5\" fill=\"none\" stroke=\"currentColor\" viewBox=\"0 0 24 24\"><path strokeLinecap=\"round\" strokeLinejoin=\"round\" strokeWidth=\"2.5\" d=\"M15 19l-7-7 7-7\" /></svg>
                </button>┬╖┬╖┬╖┬╖┬╖┬╖┬╖┬╖┬╖┬╖┬╖┬╖┬╖
                <div className=\"flex items-center gap-1\">
                  {Array.from({ length: totalPages }, (_, i) => i + 1).map(page => {
                    if (totalPages > 7) {
                      if (page > 1 && page < totalPages && (page < currentPage - 1 || page > currentPage + 1)) {
                        if (page === currentPage - 2 || page === currentPage + 2) return <span key={page} className=\"px-1 text-slate-300\">...</span>;
                        return null;
                      }
                    }┬╖┬╖┬╖┬╖┬╖┬╖┬╖┬╖┬╖┬╖┬╖┬╖┬╖┬╖┬╖┬╖┬╖
                    return (
                      <button┬╖
                        key={page}
                        onClick={() => handlePageChange(page)}
                        className={cn(
                          \"w-10 h-10 rounded-xl font-black text-sm transition-all active:scale-90\",
                          currentPage === page┬╖
                            ? \"bg-primary text-white shadow-lg shadow-rose-200 dark:shadow-none\"┬╖
                            : \"bg-white border border-slate-100 text-slate-400 hover:text-slate-600 hover:border-slate-300\"
                        )}
                      >
                        {page}
                      </button>
                    );
                  })}
                </div>┬╖┬╖┬╖┬╖┬╖┬╖┬╖┬╖┬╖┬╖┬╖┬╖┬╖
                <button┬╖
                  onClick={() => handlePageChange(Math.min(totalPages, currentPage + 1))}
                  disabled={currentPage === totalPages}
                  className=\"p-3 rounded-xl bg-white border border-slate-100 text-slate-400 hover:text-primary hover:border-primary/20 disabled:opacity-30 disabled:hover:text-slate-400 disabled:hover:border-slate-100 transition-all active:scale-90 shadow-sm\"
                >
                  <svg className=\"w-5 h-5\" fill=\"none\" stroke=\"currentColor\" viewBox=\"0 0 24 24\"><path strokeLinecap=\"round\" strokeLinejoin=\"round\" strokeWidth=\"2.5\" d=\"M9 5l7 7-7 7\" /></svg>
                </button>
              </div>
            </div>
          )}┬╖┬╖
          {/* Add/Edit Service Modal */}
          <AnimatePresence>
            {isModalOpen && (
              <div className=\"fixed inset-0 z-50 flex items-center justify-center p-3 sm:p-4\">
                <motion.div┬╖
                  initial={{ opacity: 0 }}
                  animate={{ opacity: 1 }}
                  exit={{ opacity: 0 }}
                  onClick={() => setIsModalOpen(false)}
                  className=\"absolute inset-0 bg-[#1A0A0E]/70 backdrop-blur-md\"
                />
                <motion.div┬╖
                  initial={{ opacity: 0, scale: 0.9, y: 20 }}
                  animate={{ opacity: 1, scale: 1, y: 0 }}
                  exit={{ opacity: 0, scale: 0.9, y: 20 }}
                  className=\"relative flex max-h-[92vh] w-full max-w-2xl flex-col overflow-hidden rounded-[2rem] bg-white shadow-2xl sm:rounded-[3rem]\"
                >
                  <form onSubmit={handleSubmit} className=\"flex flex-col h-full overflow-hidden\">
                    {/* Header */}
                    <div className=\"flex shrink-0 items-start justify-between gap-3 border-b border-slate-100 bg-white p-5 pb-4 sm:p-10 sm:pb-6\">
                      <div className=\"flex min-w-0 items-center gap-3 sm:gap-5\">
                        <div className=\"flex h-12 w-12 shrink-0 items-center justify-center rounded-[1.25rem] bg-primary text-white shadow-2xl shadow-rose-200 dark:shadow-none sm:h-14 sm:w-14 sm:rounded-[1.5rem]\">
                          <Zap className=\"w-7 h-7\" />
                        </div>
                        <div className=\"min-w-0\">
                          <h2 className=\"break-words text-xl font-black tracking-tight text-slate-900 sm:text-3xl\">
                            {modalMode === 'add' ? 'Th├¬m dß╗ïch vß╗Ñ' : 'Chß╗ënh sß╗¡a dß╗ïch vß╗Ñ'}
                          </h2>
                          <p className=\"text-slate-500 font-bold\">
                            {modalMode === 'add' ? `Tß║ío ${vocab.package.singular.toLowerCase()} mß╗¢i cho kh├ích h├áng` : `Cß║¡p nhß║¡t th├┤ng tin ${vocab.package.singular.toLowerCase()}`}
                          </p>
                        </div>
                      </div>
                      <button┬╖
                        type=\"button\"
                        onClick={() => setIsModalOpen(false)}
                        className=\"p-3 bg-slate-50 hover:bg-slate-100 rounded-full text-slate-400 hover:text-slate-600 transition-all\"
                      >
                        <X className=\"w-6 h-6\" />
                      </button>
                    </div>┬╖
                    {/* Content */}
                    <div className=\"flex-1 space-y-5 overflow-y-auto p-5 scrollbar-thin sm:space-y-6 sm:p-10 sm:py-6\">
                      <div className=\"grid grid-cols-1 gap-5 md:grid-cols-2 md:gap-6\">
                        <div className=\"space-y-2\">
                          <label className=\"text-sm font-black text-slate-700 ml-1\">T├¬n dß╗ïch vß╗Ñ / G├│i</label>
                          <input┬╖
                            type=\"text\"┬╖
                            required
                            value={name}
                            onChange={(e) => setName(e.target.value)}
                            className=\"w-full px-6 py-4 bg-slate-50 border-none rounded-2xl focus:ring-4 focus:ring-primary/10 outline-none font-bold text-slate-700\"┬╖
                            placeholder=\"VD: Mß║╣ Bß║ºu To├án Diß╗çn\"┬╖
                          />
                        </div>
                        <div className=\"space-y-2\">
                          <label className=\"text-sm font-black text-slate-700 ml-1\">Gi├í trß╗ìn g├│i (VN─É)</label>
                          <input┬╖
                            type=\"text\"┬╖
                            required
                            value={price}
                            onChange={(e) => setPrice(formatMoneyInput(e.target.value))}
                            className=\"w-full px-6 py-4 bg-slate-50 border-none rounded-2xl focus:ring-4 focus:ring-primary/10 outline-none font-bold text-slate-700\"┬╖
                            placeholder=\"VD: 15,500,000\"┬╖
                          />
                        </div>
                        <div className=\"space-y-2\">
                          <label className=\"text-sm font-black text-slate-700 ml-1\">Thß╗¥i l╞░ß╗úng (ph├║t)</label>
                          <input┬╖
                            type=\"text\"┬╖
                            required
                            value={duration}
                            onChange={(e) => setDuration(e.target.value)}
                            className=\"w-full px-6 py-4 bg-slate-50 border-none rounded-2xl focus:ring-4 focus:ring-primary/10 outline-none font-bold text-slate-700\"┬╖
                            placeholder=\"VD: 90\"┬╖
                          />
                        </div>
                        <div className=\"space-y-2\">
                          <label className=\"text-sm font-black text-slate-700 ml-1\">Sß╗æ {vocab.workUnit.plural.toLowerCase()} trong {vocab.package.singular.toLowerCase()}</label>
                          <input┬╖
                            type=\"number\"┬╖
                            required
                            value={sessions}
                            onChange={(e) => {
                              const value = e.target.value;
                              setSessions(value === '' ? '' : String(parseIntegerInput(value, { min: 1, max: 100, fallback: 1 })));
                            }}
                            className=\"w-full px-6 py-4 bg-slate-50 border-none rounded-2xl focus:ring-4 focus:ring-primary/10 outline-none font-bold text-slate-700\"┬╖
                            placeholder=\"VD: 15\"┬╖
                          />
                        </div>
                        <div className=\"space-y-2\">
                          <label className=\"text-sm font-black text-slate-700 ml-1\">Hoa hß╗ông {vocab.worker.short} (VN─É/{vocab.workUnit.singular.toLowerCase()})</label>
                          <input┬╖
                            type=\"text\"┬╖
                            required
                            value={formatMoneyInput(ktvCommission)}
                            onChange={(e) => setKtvCommission(formatMoneyInput(e.target.value))}
                            className=\"w-full px-6 py-4 bg-slate-50 border-none rounded-2xl focus:ring-4 focus:ring-primary/10 outline-none font-bold text-slate-700\"┬╖
                            placeholder=\"VD: 150,000\"┬╖
                          />
                        </div>
                      </div>┬╖┬╖┬╖┬╖┬╖┬╖┬╖┬╖┬╖┬╖┬╖┬╖┬╖┬╖┬╖┬╖┬╖┬╖┬╖
                      <div className=\"space-y-2\">
                        <label className=\"text-sm font-black text-slate-700 ml-1\">Chi tiß║┐t dß╗ïch vß╗Ñ (Ph├ón c├ích bß║▒ng dß║Ñu phß║⌐y)</label>
                        <input┬╖
                          type=\"text\"┬╖
                          value={details}
                          onChange={(e) => setDetails(e.target.value)}
                          className=\"w-full px-6 py-4 bg-slate-50 border-none rounded-2xl focus:ring-4 focus:ring-primary/10 outline-none font-bold text-slate-700\"┬╖
                          placeholder={
                            vocab.worker.short === 'NVS'┬╖
                              ? 'VD: Vß╗ç sinh s├án nh├á, Lau k├¡nh, Dß╗ìn toilet'┬╖
                              : 'VD: Massage body, Ch─âm s├│c da mß║╖t, X├┤ng h╞íi'
                          }┬╖
                        />
                      </div>┬╖
                      {isBeautySpaEnabled && (
                        <div className=\"space-y-4 rounded-2xl border border-fuchsia-100 bg-gradient-to-br from-fuchsia-50/60 to-rose-50/50 p-4 sm:p-6\">
                          <div className=\"flex items-start gap-3\">
                            <div className=\"flex h-10 w-10 shrink-0 items-center justify-center rounded-xl bg-white text-primary shadow-sm\">
                              <Sparkles className=\"h-5 w-5\" />
                            </div>
                            <div>
                              <h4 className=\"text-sm font-black text-slate-900\">Cß║Ñu h├¼nh Beauty Spa</h4>
                              <p className=\"mt-0.5 text-[11px] font-semibold leading-relaxed text-slate-500\">
                                Chß╗ë d├╣ng cho dß╗ïch vß╗Ñ beauty. G├│i Bella Mother & Baby giß╗» cß║Ñu h├¼nh mß║╖c ─æß╗ïnh.
                              </p>
                            </div>
                          </div>┬╖
                          <div className=\"grid grid-cols-1 gap-4 md:grid-cols-2\">
                            <div className=\"space-y-2\">
                              <label className=\"ml-1 text-xs font-black uppercase tracking-widest text-slate-400\">
                                Module
                              </label>
                              {enabledModuleOptions.length > 1 ? (
                                <PremiumSelect
                                  value={moduleKey}
                                  onChange={(value) => setModuleKey(value as ServiceModuleKey)}
                                  options={enabledModuleOptions}
                                  placeholder=\"Chß╗ìn module\"
                                />
                              ) : (
                                <div className=\"flex min-h-14 items-center rounded-2xl bg-white px-5 py-4 text-sm font-black text-slate-800 shadow-sm\">
                                  {currentModuleLabel}
                                </div>
                              )}
                            </div>┬╖
                            <div className=\"space-y-2\">
                              <label className=\"ml-1 text-xs font-black uppercase tracking-widest text-slate-400\">
                                Loß║íi dß╗ïch vß╗Ñ
                              </label>
                              <PremiumSelect
                                value={serviceKind}
                                onChange={(value) => setServiceKind(value as keyof typeof serviceKindLabels)}
                                options={Object.entries(serviceKindLabels).map(([value, label]) => ({ value, label }))}
                                placeholder=\"Chß╗ìn loß║íi dß╗ïch vß╗Ñ\"
                              />
                            </div>┬╖
                            <div className=\"space-y-2\">
                              <label className=\"ml-1 text-xs font-black uppercase tracking-widest text-slate-400\">
                                Nh├│m dß╗ïch vß╗Ñ
                              </label>
                              <input
                                value={serviceCategory}
                                onChange={(event) => setServiceCategory(event.target.value)}
                                className=\"w-full rounded-2xl border-none bg-white px-5 py-4 text-sm font-bold text-slate-700 outline-none transition focus:ring-4 focus:ring-primary/10\"
                                placeholder=\"VD: facial, body, laser\"
                              />
                            </div>┬╖
                            <div className=\"space-y-2\">
                              <label className=\"ml-1 text-xs font-black uppercase tracking-widest text-slate-400\">
                                Thß╗¥i l╞░ß╗úng chuß║⌐n (ph├║t)
                              </label>
                              <input
                                type=\"number\"
                                min={1}
                                max={1440}
                                value={defaultDurationMinutes}
                                onChange={(event) => setDefaultDurationMinutes(event.target.value)}
                                className=\"w-full rounded-2xl border-none bg-white px-5 py-4 text-sm font-bold text-slate-700 outline-none transition focus:ring-4 focus:ring-primary/10\"
                              />
                            </div>
                          </div>┬╖
                          <div className=\"grid grid-cols-1 gap-3 md:grid-cols-2\">
                            <div className=\"rounded-2xl bg-white p-4\">
                              <div className=\"flex items-center justify-between gap-4\">
                                <div>
                                  <p className=\"text-sm font-black text-slate-800\">Cß║ºn gi╞░ß╗¥ng/ph├▓ng/m├íy</p>
                                  <p className=\"mt-1 text-xs font-bold text-slate-400\">D├╣ng khi l├¬n lß╗ïch Beauty Spa sau n├áy.</p>
                                </div>
                                <button
                                  type=\"button\"
                                  onClick={() => setRequiresResource(!requiresResource)}
                                  disabled={moduleKey !== 'beauty_spa'}
                                  className={cn(
                                    'relative inline-flex h-6 w-11 shrink-0 rounded-full transition disabled:opacity-40',
                                    requiresResource && moduleKey === 'beauty_spa' ? 'bg-primary' : 'bg-slate-300',
                                  )}
                                >
                                  <span
                                    className={cn(
                                      'inline-block h-5 w-5 translate-y-0.5 rounded-full bg-white shadow transition',
                                      requiresResource && moduleKey === 'beauty_spa' ? 'translate-x-5' : 'translate-x-0.5',
                                    )}
                                  />
                                </button>
                              </div>
                              {requiresResource && moduleKey === 'beauty_spa' && (
                                <div className=\"mt-3\">
                                  <PremiumSelect
                                    value={defaultResourceType}
                                    onChange={(value) => setDefaultResourceType(value as keyof typeof resourceTypeLabels)}
                                    options={Object.entries(resourceTypeLabels).map(([value, label]) => ({ value, label }))}
                                    placeholder=\"T├ái nguy├¬n mß║╖c ─æß╗ïnh\"
                                  />
                                </div>
                              )}
                            </div>┬╖
                            <div className=\"rounded-2xl bg-white p-4\">
                              <div className=\"flex items-center justify-between gap-4\">
                                <div>
                                  <p className=\"text-sm font-black text-slate-800\">Cß║ºn ß║únh tr╞░ß╗¢c/sau</p>
                                  <p className=\"mt-1 text-xs font-bold text-slate-400\">─É├ính dß║Ñu dß╗ïch vß╗Ñ cß║ºn theo d├╡i kß║┐t quß║ú.</p>
                                </div>
                                <button
                                  type=\"button\"
                                  onClick={() => setBeforeAfterRequired(!beforeAfterRequired)}
                                  disabled={moduleKey !== 'beauty_spa'}
                                  className={cn(
                                    'relative inline-flex h-6 w-11 shrink-0 rounded-full transition disabled:opacity-40',
                                    beforeAfterRequired && moduleKey === 'beauty_spa' ? 'bg-primary' : 'bg-slate-300',
                                  )}
                                >
                                  <span
                                    className={cn(
                                      'inline-block h-5 w-5 translate-y-0.5 rounded-full bg-white shadow transition',
                                      beforeAfterRequired && moduleKey === 'beauty_spa' ? 'translate-x-5' : 'translate-x-0.5',
                                    )}
                                  />
                                </button>
                              </div>
                            </div>
                          </div>┬╖
                          <div className=\"space-y-2\">
                            <label className=\"ml-1 text-xs font-black uppercase tracking-widest text-slate-400\">
                              Mß║½u ghi ch├║ ch─âm s├│c
                            </label>
                            <textarea
                              value={careNoteTemplate}
                              onChange={(event) => setCareNoteTemplate(event.target.value)}
                              className=\"h-20 w-full resize-none rounded-2xl border-none bg-white px-5 py-4 text-sm font-bold text-slate-700 outline-none transition focus:ring-4 focus:ring-primary/10\"
                              placeholder=\"VD: T├¼nh trß║íng da, phß║ún ß╗⌐ng sau buß╗òi, l╞░u ├╜ lß║ºn hß║╣n tiß║┐p theo...\"
                            />
                          </div>
                        </div>
                      )}┬╖
                      <div className=\"flex flex-col gap-3 rounded-2xl bg-slate-50 p-4 sm:flex-row sm:items-center sm:justify-between\">
                        <div className=\"min-w-0\">
                          <span className=\"text-sm font-black text-slate-700 block\">K├¡ch hoß║ít {vocab.package.singular.toLowerCase()}</span>
                          <span className=\"text-xs text-slate-400 font-bold\">
                            {vocab.worker.short === 'NVS'┬╖
                              ? 'K├¡ch hoß║ít ─æß╗â hiß╗ân thß╗ï g├│i dß╗ïch vß╗Ñ n├áy trong danh s├ích'
                              : 'K├¡ch hoß║ít ─æß╗â g├│i hiß╗ân thß╗ï trß╗▒c tiß║┐p tr├¬n trang chß╗º Landing Page'
                            }
                          </span>
                        </div>
                        <button
                          type=\"button\"
                          onClick={() => setStatus(prev => prev === 'active' ? 'inactive' : 'active')}
                          className={cn(
                            \"relative inline-flex h-6 w-11 flex-shrink-0 cursor-pointer rounded-full border-2 border-transparent transition-colors duration-200 ease-in-out focus:outline-none focus:ring-2 focus:ring-primary/20\",
                            status === 'active' ? \"bg-emerald-500\" : \"bg-slate-300\"
                          )}
                        >
                          <span
                            className={cn(
                              \"pointer-events-none inline-block h-5 w-5 transform rounded-full bg-white shadow ring-0 transition duration-200 ease-in-out\",
                              status === 'active' ? \"translate-x-5\" : \"translate-x-0\"
                            )}
                          />
                        </button>
                      </div>┬╖
                      <div className=\"space-y-2\">
                        <label className=\"text-sm font-black text-slate-700 ml-1\">Ch╞░╞íng tr├¼nh ╞░u ─æ├úi (nß║┐u c├│)</label>
                        <textarea
                          value={offer}
                          onChange={(e) => setOffer(e.target.value)}
                          className=\"w-full px-6 py-4 bg-slate-50 border-none rounded-2xl focus:ring-4 focus:ring-primary/10 outline-none font-bold text-slate-700 resize-none h-24\"
                          placeholder=\"Nhß║¡p c├íc khuyß║┐n m├úi ─æi k├¿m...\"
                        ></textarea>
                      </div>┬╖
                      {/* ΓöÇΓöÇ ─Éß╗ïnh mß╗⌐c ti├¬u hao vß║¡t t╞░ mß╗ùi buß╗òi ΓöÇΓöÇΓöÇΓöÇΓöÇΓöÇΓöÇΓöÇΓöÇΓöÇΓöÇΓöÇΓöÇΓöÇΓöÇΓöÇΓöÇΓöÇΓöÇΓöÇΓöÇ */}
                      <div className=\"space-y-4 rounded-2xl border border-rose-100 bg-gradient-to-br from-rose-50/40 to-pink-50/40 p-4 sm:p-6\">
                        <div className=\"flex items-start justify-between gap-4\">
                          <div className=\"flex min-w-0 items-start gap-3\">
                            <div className=\"w-10 h-10 bg-white rounded-xl flex items-center justify-center text-primary shadow-sm\">
                              <Database className=\"w-5 h-5\" />
                            </div>
                            <div className=\"min-w-0\">
                              <h4 className=\"text-sm font-black text-slate-900\">─Éß╗ïnh mß╗⌐c ti├¬u hao vß║¡t t╞░ mß╗ùi {vocab.workUnit.singular.toLowerCase()}</h4>
                              <p className=\"text-[11px] text-slate-500 font-semibold leading-relaxed mt-0.5\">
                                Hß╗ç thß╗æng sß║╜ tß╗▒ trß╗½ kho theo ─æß╗ïnh mß╗⌐c n├áy khi {vocab.worker.short} ho├án th├ánh {vocab.workUnit.singular.toLowerCase()} <span className=\"text-rose-500\">(nß║┐u bß║¡t ß╗ƒ C├ái ─æß║╖t ΓåÆ Quß║ún l├╜ Ti├¬u hao Kho vß║¡n)</span>.
                              </p>
                            </div>
                          </div>
                        </div>┬╖
                        {modalMode === 'add' ? (
                          <div className=\"bg-amber-50 border border-amber-200 rounded-xl p-4 text-xs font-bold text-amber-700 leading-relaxed\">
                            ∩┐╜∩┐╜ Vui l├▓ng <span className=\"underline\">l╞░u g├│i tr╞░ß╗¢c</span>, sau ─æ├│ mß╗ƒ lß║íi ─æß╗â thiß║┐t lß║¡p ─æß╗ïnh mß╗⌐c ti├¬u hao.
                          </div>
                        ) : loadingMaterials ? (
                          <div className=\"flex items-center gap-2 text-slate-400 text-xs font-bold py-4\">
                            <RefreshCw className=\"w-4 h-4 animate-spin\" /> ─Éang tß║úi ─æß╗ïnh mß╗⌐c...
                          </div>
                        ) : (
                          <>
                            {inventoryItems.length === 0 ? (
                              <div className=\"bg-slate-100 border border-slate-200 rounded-xl p-4 text-xs font-bold text-slate-600 leading-relaxed\">
                                ΓÜá∩╕Å Ch╞░a c├│ vß║¡t t╞░ n├áo trong kho. Vui l├▓ng v├áo <span className=\"underline\">Quß║ún l├╜ Kho Vß║¡t T╞░</span> ─æß╗â th├¬m tr╞░ß╗¢c.
                              </div>
                            ) : (
                              <>
                                <div className=\"space-y-2\">
                                  {materialRows.length === 0 ? (
                                    <div className=\"text-center py-4 bg-white/60 border border-dashed border-rose-200 rounded-xl text-xs font-semibold text-slate-400 italic\">
                                      Ch╞░a c├│ vß║¡t t╞░ n├áo trong ─æß╗ïnh mß╗⌐c. Bß║Ñm &quot;+ Th├¬m vß║¡t t╞░&quot; ─æß╗â bß║»t ─æß║ºu.
                                    </div>
                                  ) : (
                                    <div className=\"space-y-2\">
                                      {/* Header */}
                                      <div className=\"hidden lg:grid grid-cols-[1fr_140px_60px_40px] gap-3 px-3 py-2 text-[9px] font-black text-slate-400 uppercase tracking-widest\">
                                        <span>Vß║¡t t╞░</span>
                                        <span>SL / {vocab.workUnit.singular.toLowerCase()}</span>
                                        <span>─É╞ín vß╗ï</span>
                                        <span></span>
                                      </div>
                                      {materialRows.map((row, idx) => {
                                        const item = inventoryItems.find(it => it.id === row.item_id);
                                        return (
                                          <div key={idx} className=\"grid grid-cols-1 items-center gap-3 rounded-xl border border-rose-100 bg-white p-3 lg:grid-cols-[1fr_140px_60px_40px]\">
                                            <PremiumSelect
                                              value={row.item_id}
                                              onChange={(val) => {
                                                const it = inventoryItems.find(x => x.id === val);
                                                updateMaterialRow(idx, {
                                                  item_id: val,
                                                  name: it?.name,
                                                  unit: it?.unit,
                                                });
                                              }}
                                              options={[
                                                { value: '', label: '-- Chß╗ìn vß║¡t t╞░ --' },
                                                ...inventoryItems.map(it => ({
                                                  value: it.id,
                                                  label: `${it.name} (Tß╗ôn: ${it.stock_level} ${it.unit})`,
                                                })),
                                              ]}
                                              placeholder=\"Chß╗ìn vß║¡t t╞░...\"
                                            />
                                            <input
                                              type=\"number\"
                                              min={0}
                                              step=\"0.01\"
                                              value={row.quantity_per_session === '' ? '' : row.quantity_per_session}
                                              onFocus={e => e.target.select()}
                                              onChange={e => updateMaterialRow(idx, {
                                                quantity_per_session: e.target.value === '' ? '' : parseDecimalInput(e.target.value, { min: 0 }),
                                              })}
                                              placeholder=\"0\"
                                              className=\"w-full bg-slate-50 px-4 py-2.5 rounded-xl text-sm font-bold text-center outline-none focus:ring-2 focus:ring-primary/20\"
                                            />
                                            <span className=\"text-xs font-black text-slate-500 text-center\">
                                              {item?.unit || row.unit || 'ΓÇö'}
                                            </span>
                                            <button
                                              type=\"button\"
                                              onClick={() => removeMaterialRow(idx)}
                                              className=\"w-9 h-9 flex items-center justify-center rounded-xl text-rose-400 hover:text-rose-600 hover:bg-rose-50 transition-all\"
                                              aria-label=\"X├│a vß║¡t t╞░\"
                                            >
                                              <Trash2 className=\"w-4 h-4\" />
                                            </button>
                                          </div>
                                        );
                                      })}
                                    </div>
                                  )}
                                </div>
                                <button
                                  type=\"button\"
                                  onClick={addMaterialRow}
                                  className=\"w-full py-3 bg-white border border-dashed border-rose-300 text-rose-500 hover:bg-rose-50 hover:border-rose-400 rounded-xl font-black text-[10px] uppercase tracking-widest transition-all flex items-center justify-center gap-2\"
                                >
                                  <Plus className=\"w-4 h-4\" /> Th├¬m vß║¡t t╞░ v├áo ─æß╗ïnh mß╗⌐c
                                </button>
                              </>
                            )}
                          </>
                        )}
                      </div>┬╖
                    </div>┬╖
                    {/* Footer */}
                    <div className=\"flex shrink-0 flex-col gap-3 border-t border-slate-100 bg-slate-50/50 p-5 sm:flex-row sm:gap-4 sm:p-10 sm:pt-6\">
                      <button type=\"button\" onClick={() => setIsModalOpen(false)} className=\"flex-1 py-5 bg-slate-100 hover:bg-slate-200 text-slate-600 font-black rounded-[2rem] transition-all uppercase tracking-widest text-xs\">
                        Hß╗ºy bß╗Å
                      </button>
                      <button type=\"submit\" className=\"flex-1 py-5 bg-primary hover:bg-rose-600 text-white font-black rounded-[2rem] shadow-2xl shadow-rose-200 dark:shadow-none transition-all uppercase tracking-widest text-xs\">
                        {modalMode === 'add' ? 'L╞░u dß╗ïch vß╗Ñ' : 'Cß║¡p nhß║¡t dß╗ïch vß╗Ñ'}
                      </button>
                    </div>
                  </form>
                </motion.div>
              </div>
            )}
          </AnimatePresence>
        </div>
      );
    }
    "

      20 |     expect(servicesPageSource).toContain('const canManageServices = hasLoadedTenantModules && enabledModuleOptions.length > 0');
      21 |     expect(servicesPageSource).toContain('const showModuleFilter = hasLoadedTenantModules && enabledModuleOptions.length > 1');
    > 22 |     expect(servicesPageSource).toContain('{hasLoadedTenantModules && enabledModules.babycare && (');
         |                                ^
      23 |     expect(servicesPageSource).toContain('disabled={!canManageServices}');
      24 |   });
      25 |

      at Object.toContain (src/__tests__/beauty-spa-module-isolation.test.ts:22:32)

FAIL src/__tests__/business-process/procurement-process.test.ts
  ΓùÅ Procurement Process (Minimal Demo) ΓÇ║ should approve small requisition automatically

    expect(received).toBe(expected) // Object.is equality

    Expected: true
    Received: false

      68 |
      69 |     expect(['success', 'partial_success']).toContain(result.status);
    > 70 |     expect(result.result.valid).toBe(true);
         |                                 ^
      71 |     expect(result.result.autoApproved).toBe(true);
      72 |     expect(result.result.status).toBe('approved');
      73 |     expect(result.totalExecutionTime).toBeLessThan(100);

      at Object.toBe (src/__tests__/business-process/procurement-process.test.ts:70:33)

  ΓùÅ Procurement Process (Minimal Demo) ΓÇ║ should require manager approval for medium requisition

    expect(received).toBe(expected) // Object.is equality

    Expected: true
    Received: false

      132 |
      133 |     expect(['success', 'partial_success']).toContain(result.status);
    > 134 |     expect(result.result.valid).toBe(true);
          |                                 ^
      135 |     expect(result.result.autoApproved).toBe(false);
      136 |     expect(result.result.requiredApprovers).toContain('Manager A');
      137 |     expect(result.result.status).toBe('pending_approval');

      at Object.toBe (src/__tests__/business-process/procurement-process.test.ts:134:33)

  ΓùÅ Procurement Process (Minimal Demo) ΓÇ║ should reject requisition with insufficient budget

    expect(received).toContain(expected) // indexOf

    Expected substring: "Insufficient budget"
    Received string:    "Amount 15,000,000─æ requires director approval"

      198 |     expect(result.result.valid).toBe(false);
      199 |     expect(result.result.status).toBe('rejected');
    > 200 |     expect(result.result.reason).toContain('Insufficient budget');
          |                                  ^
      201 |   });
      202 | });
      203 |

      at Object.toContain (src/__tests__/business-process/procurement-process.test.ts:200:34)

FAIL src/modules/bookings/actions/__tests__/session-log-actions.test.ts
  ΓùÅ Test suite failed to run

    Cannot find module 'vitest' from 'src/modules/bookings/actions/__tests__/session-log-actions.test.ts'

      17 | import { describe, it, expect, vi, beforeEach, afterEach } from 'vitest';
      18 | import {
    > 19 |   createBookingWithValidation,
         |                 ^
      20 |   updateSessionLog,
      21 |   deleteSessionLog,
      22 | } from '../session-log-actions';

      at Resolver._throwModNotFoundError (node_modules/jest-resolve/build/index.js:895:11)
      at Object.<anonymous> (src/modules/bookings/actions/__tests__/session-log-actions.test.ts:19:17)

FAIL src/lib/decision-engine/__tests__/integration.test.ts
  ΓùÅ Test suite failed to run

    Cannot find module '../bootstrap' from 'src/lib/decision-engine/__tests__/integration.test.ts'

       8 | import { bootstrapForTesting } from '../bootstrap';
       9 | import type { DecisionEngine } from '../core';
    > 10 | import type { DecisionContext } from '../types';
         |                    ^
      11 | import { RuleProvider } from '../providers/RuleProvider';
      12 |
      13 | describe('Decision Engine Platform - Integration', () => {

      at Resolver._throwModNotFoundError (node_modules/jest-resolve/build/index.js:895:11)
      at Object.<anonymous> (src/lib/decision-engine/__tests__/integration.test.ts:10:20)

FAIL src/__tests__/integration/booking-flow.integration.test.ts (6.022 s)
  ΓùÅ Booking Flow Integration Tests ΓÇ║ Scenario 1: Successful Booking Creation ΓÇ║ should create booking successfully when capacity is available

    Test tenant not found. Run seedTestDatabase() first.

      52 |
      53 |   if (tenantError || !tenant) {
    > 54 |     throw new Error('Test tenant not found. Run seedTestDatabase() first.');
         |           ^
      55 |   }
      56 |
      57 |   // 3. Verify KTVs exist

      at setupTestEnvironment (src/__tests__/integration/booking-flow-helpers.ts:54:11)
      at Object.<anonymous> (src/__tests__/integration/booking-flow.integration.test.ts:67:5)

  ΓùÅ Booking Flow Integration Tests ΓÇ║ Scenario 1: Successful Booking Creation ΓÇ║ should include correct booking details in database

    Test tenant not found. Run seedTestDatabase() first.

      52 |
      53 |   if (tenantError || !tenant) {
    > 54 |     throw new Error('Test tenant not found. Run seedTestDatabase() first.');
         |           ^
      55 |   }
      56 |
      57 |   // 3. Verify KTVs exist

      at setupTestEnvironment (src/__tests__/integration/booking-flow-helpers.ts:54:11)
      at Object.<anonymous> (src/__tests__/integration/booking-flow.integration.test.ts:67:5)

  ΓùÅ Booking Flow Integration Tests ΓÇ║ Scenario 2: Capacity Rejection with Conflicts ΓÇ║ should reject booking when KTV is fully booked

    Test tenant not found. Run seedTestDatabase() first.

      52 |
      53 |   if (tenantError || !tenant) {
    > 54 |     throw new Error('Test tenant not found. Run seedTestDatabase() first.');
         |           ^
      55 |   }
      56 |
      57 |   // 3. Verify KTVs exist

      at setupTestEnvironment (src/__tests__/integration/booking-flow-helpers.ts:54:11)
      at Object.<anonymous> (src/__tests__/integration/booking-flow.integration.test.ts:67:5)

  ΓùÅ Booking Flow Integration Tests ΓÇ║ Scenario 2: Capacity Rejection with Conflicts ΓÇ║ should reject booking creation when capacity conflicts exist

    Test tenant not found. Run seedTestDatabase() first.

      52 |
      53 |   if (tenantError || !tenant) {
    > 54 |     throw new Error('Test tenant not found. Run seedTestDatabase() first.');
         |           ^
      55 |   }
      56 |
      57 |   // 3. Verify KTVs exist

      at setupTestEnvironment (src/__tests__/integration/booking-flow-helpers.ts:54:11)
      at Object.<anonymous> (src/__tests__/integration/booking-flow.integration.test.ts:67:5)

  ΓùÅ Booking Flow Integration Tests ΓÇ║ Scenario 2: Capacity Rejection with Conflicts ΓÇ║ should detect time overlap conflicts

    Test tenant not found. Run seedTestDatabase() first.

      52 |
      53 |   if (tenantError || !tenant) {
    > 54 |     throw new Error('Test tenant not found. Run seedTestDatabase() first.');
         |           ^
      55 |   }
      56 |
      57 |   // 3. Verify KTVs exist

      at setupTestEnvironment (src/__tests__/integration/booking-flow-helpers.ts:54:11)
      at Object.<anonymous> (src/__tests__/integration/booking-flow.integration.test.ts:67:5)

  ΓùÅ Booking Flow Integration Tests ΓÇ║ Scenario 3: Alternative Time Acceptance ΓÇ║ should accept alternative time and create booking successfully

    Test tenant not found. Run seedTestDatabase() first.

      52 |
      53 |   if (tenantError || !tenant) {
    > 54 |     throw new Error('Test tenant not found. Run seedTestDatabase() first.');
         |           ^
      55 |   }
      56 |
      57 |   // 3. Verify KTVs exist

      at setupTestEnvironment (src/__tests__/integration/booking-flow-helpers.ts:54:11)
      at Object.<anonymous> (src/__tests__/integration/booking-flow.integration.test.ts:67:5)

  ΓùÅ Booking Flow Integration Tests ΓÇ║ Scenario 3: Alternative Time Acceptance ΓÇ║ should suggest multiple alternatives when conflicts exist

    Test tenant not found. Run seedTestDatabase() first.

      52 |
      53 |   if (tenantError || !tenant) {
    > 54 |     throw new Error('Test tenant not found. Run seedTestDatabase() first.');
         |           ^
      55 |   }
      56 |
      57 |   // 3. Verify KTVs exist

      at setupTestEnvironment (src/__tests__/integration/booking-flow-helpers.ts:54:11)
      at Object.<anonymous> (src/__tests__/integration/booking-flow.integration.test.ts:67:5)

  ΓùÅ Booking Flow Integration Tests ΓÇ║ Scenario 4: Auto-Assignment ΓÇ║ should auto-assign best KTV when no KTV provided

    Test tenant not found. Run seedTestDatabase() first.

      52 |
      53 |   if (tenantError || !tenant) {
    > 54 |     throw new Error('Test tenant not found. Run seedTestDatabase() first.');
         |           ^
      55 |   }
      56 |
      57 |   // 3. Verify KTVs exist

      at setupTestEnvironment (src/__tests__/integration/booking-flow-helpers.ts:54:11)
      at Object.<anonymous> (src/__tests__/integration/booking-flow.integration.test.ts:67:5)

  ΓùÅ Booking Flow Integration Tests ΓÇ║ Scenario 4: Auto-Assignment ΓÇ║ should integrate auto-assignment in booking creation flow

    Test tenant not found. Run seedTestDatabase() first.

      52 |
      53 |   if (tenantError || !tenant) {
    > 54 |     throw new Error('Test tenant not found. Run seedTestDatabase() first.');
         |           ^
      55 |   }
      56 |
      57 |   // 3. Verify KTVs exist

      at setupTestEnvironment (src/__tests__/integration/booking-flow-helpers.ts:54:11)
      at Object.<anonymous> (src/__tests__/integration/booking-flow.integration.test.ts:67:5)

  ΓùÅ Booking Flow Integration Tests ΓÇ║ Scenario 4: Auto-Assignment ΓÇ║ should prioritize high-rated KTVs for VIP customers

    Test tenant not found. Run seedTestDatabase() first.

      52 |
      53 |   if (tenantError || !tenant) {
    > 54 |     throw new Error('Test tenant not found. Run seedTestDatabase() first.');
         |           ^
      55 |   }
      56 |
      57 |   // 3. Verify KTVs exist

      at setupTestEnvironment (src/__tests__/integration/booking-flow-helpers.ts:54:11)
      at Object.<anonymous> (src/__tests__/integration/booking-flow.integration.test.ts:67:5)

  ΓùÅ Booking Flow Integration Tests ΓÇ║ Scenario 4: Auto-Assignment ΓÇ║ should handle no available KTVs gracefully

    Test tenant not found. Run seedTestDatabase() first.

      52 |
      53 |   if (tenantError || !tenant) {
    > 54 |     throw new Error('Test tenant not found. Run seedTestDatabase() first.');
         |           ^
      55 |   }
      56 |
      57 |   // 3. Verify KTVs exist

      at setupTestEnvironment (src/__tests__/integration/booking-flow-helpers.ts:54:11)
      at Object.<anonymous> (src/__tests__/integration/booking-flow.integration.test.ts:67:5)

  ΓùÅ Booking Flow Integration Tests ΓÇ║ Scenario 5: Assignment Fallback ΓÇ║ should fallback to alternative KTV when preferred KTV unavailable

    Test tenant not found. Run seedTestDatabase() first.

      52 |
      53 |   if (tenantError || !tenant) {
    > 54 |     throw new Error('Test tenant not found. Run seedTestDatabase() first.');
         |           ^
      55 |   }
      56 |
      57 |   // 3. Verify KTVs exist

      at setupTestEnvironment (src/__tests__/integration/booking-flow-helpers.ts:54:11)
      at Object.<anonymous> (src/__tests__/integration/booking-flow.integration.test.ts:67:5)

  ΓùÅ Booking Flow Integration Tests ΓÇ║ Scenario 5: Assignment Fallback ΓÇ║ should assign next best KTV when first choice has low rating

    Test tenant not found. Run seedTestDatabase() first.

      52 |
      53 |   if (tenantError || !tenant) {
    > 54 |     throw new Error('Test tenant not found. Run seedTestDatabase() first.');
         |           ^
      55 |   }
      56 |
      57 |   // 3. Verify KTVs exist

      at setupTestEnvironment (src/__tests__/integration/booking-flow-helpers.ts:54:11)
      at Object.<anonymous> (src/__tests__/integration/booking-flow.integration.test.ts:67:5)

  ΓùÅ Booking Flow Integration Tests ΓÇ║ Scenario 5: Assignment Fallback ΓÇ║ should handle customer booking history in fallback logic

    Test tenant not found. Run seedTestDatabase() first.

      52 |
      53 |   if (tenantError || !tenant) {
    > 54 |     throw new Error('Test tenant not found. Run seedTestDatabase() first.');
         |           ^
      55 |   }
      56 |
      57 |   // 3. Verify KTVs exist

      at setupTestEnvironment (src/__tests__/integration/booking-flow-helpers.ts:54:11)
      at Object.<anonymous> (src/__tests__/integration/booking-flow.integration.test.ts:67:5)

  ΓùÅ Booking Flow Integration Tests ΓÇ║ Scenario 6: Manual Override ΓÇ║ should allow manual KTV selection without auto-assignment

    Test tenant not found. Run seedTestDatabase() first.

      52 |
      53 |   if (tenantError || !tenant) {
    > 54 |     throw new Error('Test tenant not found. Run seedTestDatabase() first.');
         |           ^
      55 |   }
      56 |
      57 |   // 3. Verify KTVs exist

      at setupTestEnvironment (src/__tests__/integration/booking-flow-helpers.ts:54:11)
      at Object.<anonymous> (src/__tests__/integration/booking-flow.integration.test.ts:67:5)

  ΓùÅ Booking Flow Integration Tests ΓÇ║ Scenario 6: Manual Override ΓÇ║ should allow manager to override capacity validation

    Test tenant not found. Run seedTestDatabase() first.

      52 |
      53 |   if (tenantError || !tenant) {
    > 54 |     throw new Error('Test tenant not found. Run seedTestDatabase() first.');
         |           ^
      55 |   }
      56 |
      57 |   // 3. Verify KTVs exist

      at setupTestEnvironment (src/__tests__/integration/booking-flow-helpers.ts:54:11)
      at Object.<anonymous> (src/__tests__/integration/booking-flow.integration.test.ts:67:5)

  ΓùÅ Booking Flow Integration Tests ΓÇ║ Scenario 6: Manual Override ΓÇ║ should prioritize manual selection over auto-assignment recommendations

    Test tenant not found. Run seedTestDatabase() first.

      52 |
      53 |   if (tenantError || !tenant) {
    > 54 |     throw new Error('Test tenant not found. Run seedTestDatabase() first.');
         |           ^
      55 |   }
      56 |
      57 |   // 3. Verify KTVs exist

      at setupTestEnvironment (src/__tests__/integration/booking-flow-helpers.ts:54:11)
      at Object.<anonymous> (src/__tests__/integration/booking-flow.integration.test.ts:67:5)

  ΓùÅ Booking Flow Integration Tests ΓÇ║ Scenario 6: Manual Override ΓÇ║ should track manual override in audit logs

    Test tenant not found. Run seedTestDatabase() first.

      52 |
      53 |   if (tenantError || !tenant) {
    > 54 |     throw new Error('Test tenant not found. Run seedTestDatabase() first.');
         |           ^
      55 |   }
      56 |
      57 |   // 3. Verify KTVs exist

      at setupTestEnvironment (src/__tests__/integration/booking-flow-helpers.ts:54:11)
      at Object.<anonymous> (src/__tests__/integration/booking-flow.integration.test.ts:67:5)

  ΓùÅ Booking Flow Integration Tests ΓÇ║ Scenario 7: Manager Override (Comprehensive) ΓÇ║ should allow both capacity and assignment overrides simultaneously

    Test tenant not found. Run seedTestDatabase() first.

      52 |
      53 |   if (tenantError || !tenant) {
    > 54 |     throw new Error('Test tenant not found. Run seedTestDatabase() first.');
         |           ^
      55 |   }
      56 |
      57 |   // 3. Verify KTVs exist

      at setupTestEnvironment (src/__tests__/integration/booking-flow-helpers.ts:54:11)
      at Object.<anonymous> (src/__tests__/integration/booking-flow.integration.test.ts:67:5)

  ΓùÅ Booking Flow Integration Tests ΓÇ║ Scenario 7: Manager Override (Comprehensive) ΓÇ║ should skip validation but still perform other checks

    Test tenant not found. Run seedTestDatabase() first.

      52 |
      53 |   if (tenantError || !tenant) {
    > 54 |     throw new Error('Test tenant not found. Run seedTestDatabase() first.');
         |           ^
      55 |   }
      56 |
      57 |   // 3. Verify KTVs exist

      at setupTestEnvironment (src/__tests__/integration/booking-flow-helpers.ts:54:11)
      at Object.<anonymous> (src/__tests__/integration/booking-flow.integration.test.ts:67:5)

  ΓùÅ Booking Flow Integration Tests ΓÇ║ Scenario 7: Manager Override (Comprehensive) ΓÇ║ should handle invalid override flags gracefully

    Test tenant not found. Run seedTestDatabase() first.

      52 |
      53 |   if (tenantError || !tenant) {
    > 54 |     throw new Error('Test tenant not found. Run seedTestDatabase() first.');
         |           ^
      55 |   }
      56 |
      57 |   // 3. Verify KTVs exist

      at setupTestEnvironment (src/__tests__/integration/booking-flow-helpers.ts:54:11)
      at Object.<anonymous> (src/__tests__/integration/booking-flow.integration.test.ts:67:5)

  ΓùÅ Booking Flow Integration Tests ΓÇ║ Scenario 8: Race Condition ΓÇ║ should handle concurrent bookings for same KTV/time

    Test tenant not found. Run seedTestDatabase() first.

      52 |
      53 |   if (tenantError || !tenant) {
    > 54 |     throw new Error('Test tenant not found. Run seedTestDatabase() first.');
         |           ^
      55 |   }
      56 |
      57 |   // 3. Verify KTVs exist

      at setupTestEnvironment (src/__tests__/integration/booking-flow-helpers.ts:54:11)
      at Object.<anonymous> (src/__tests__/integration/booking-flow.integration.test.ts:67:5)

  ΓùÅ Booking Flow Integration Tests ΓÇ║ Scenario 8: Race Condition ΓÇ║ should handle concurrent auto-assignments for same time slot

    Test tenant not found. Run seedTestDatabase() first.

      52 |
      53 |   if (tenantError || !tenant) {
    > 54 |     throw new Error('Test tenant not found. Run seedTestDatabase() first.');
         |           ^
      55 |   }
      56 |
      57 |   // 3. Verify KTVs exist

      at setupTestEnvironment (src/__tests__/integration/booking-flow-helpers.ts:54:11)
      at Object.<anonymous> (src/__tests__/integration/booking-flow.integration.test.ts:67:5)

  ΓùÅ Booking Flow Integration Tests ΓÇ║ Scenario 8: Race Condition ΓÇ║ should handle concurrent capacity checks correctly

    Test tenant not found. Run seedTestDatabase() first.

      52 |
      53 |   if (tenantError || !tenant) {
    > 54 |     throw new Error('Test tenant not found. Run seedTestDatabase() first.');
         |           ^
      55 |   }
      56 |
      57 |   // 3. Verify KTVs exist

      at setupTestEnvironment (src/__tests__/integration/booking-flow-helpers.ts:54:11)
      at Object.<anonymous> (src/__tests__/integration/booking-flow.integration.test.ts:67:5)

  ΓùÅ Booking Flow Integration Tests ΓÇ║ Scenario 8: Race Condition ΓÇ║ should measure and report race condition handling performance

    Test tenant not found. Run seedTestDatabase() first.

      52 |
      53 |   if (tenantError || !tenant) {
    > 54 |     throw new Error('Test tenant not found. Run seedTestDatabase() first.');
         |           ^
      55 |   }
      56 |
      57 |   // 3. Verify KTVs exist

      at setupTestEnvironment (src/__tests__/integration/booking-flow-helpers.ts:54:11)
      at Object.<anonymous> (src/__tests__/integration/booking-flow.integration.test.ts:67:5)


Test Suites: 42 failed, 6 skipped, 202 passed, 244 of 250 total
Tests:       187 failed, 189 skipped, 2721 passed, 3097 total
Snapshots:   0 total
Time:        28.467 s
Ran all test suites.
